[2025-10-02T08:11:36.434+0000][42995.420s][5523][5530][info ] Application time: 1.0000831 seconds
[2025-10-02T08:11:36.434+0000][42995.420s][5523][5530][info ] Entering safepoint region: Cleanup
[2025-10-02T08:11:36.434+0000][42995.420s][5523][5530][info ] Leaving safepoint region
[2025-10-02T08:11:36.434+0000][42995.420s][5523][5530][info ] Total time for which application threads were stopped: 0.0001372 seconds, Stopping threads took: 0.0000245 seconds
[2025-10-02T08:11:37.434+0000][42996.420s][5523][5530][info ] Application time: 1.0001114 seconds
[2025-10-02T08:11:37.434+0000][42996.420s][5523][5530][info ] Entering safepoint region: Cleanup
[2025-10-02T08:11:37.434+0000][42996.420s][5523][5530][info ] Leaving safepoint region
[2025-10-02T08:11:37.434+0000][42996.420s][5523][5530][info ] Total time for which application threads were stopped: 0.0001337 seconds, Stopping threads took: 0.0000229 seconds
[2025-10-02T08:11:38.434+0000][42997.420s][5523][5530][info ] Application time: 1.0000877 seconds
[2025-10-02T08:11:38.434+0000][42997.421s][5523][5530][info ] Entering safepoint region: Cleanup
[2025-10-02T08:11:38.434+0000][42997.421s][5523][5530][info ] Leaving safepoint region
[2025-10-02T08:11:38.434+0000][42997.421s][5523][5530][info ] Total time for which application threads were stopped: 0.0001293 seconds, Stopping threads took: 0.0000225 seconds
[2025-10-02T08:11:39.435+0000][42998.421s][5523][5530][info ] Application time: 1.0001033 seconds
[2025-10-02T08:11:39.435+0000][42998.421s][5523][5530][info ] Entering safepoint region: Cleanup
[2025-10-02T08:11:39.435+0000][42998.421s][5523][5530][info ] Leaving safepoint region
[2025-10-02T08:11:39.435+0000][42998.421s][5523][5530][info ] Total time for which application threads were stopped: 0.0001311 seconds, Stopping threads took: 0.0000218 seconds
[2025-10-02T08:11:40.435+0000][42999.421s][5523][5530][info ] Application time: 1.0001136 seconds
[2025-10-02T08:11:40.435+0000][42999.421s][5523][5530][info ] Entering safepoint region: Cleanup
[2025-10-02T08:11:40.435+0000][42999.421s][5523][5530][info ] Leaving safepoint region
[2025-10-02T08:11:40.435+0000][42999.421s][5523][5530][info ] Total time for which application threads were stopped: 0.0002622 seconds, Stopping threads took: 0.0000228 seconds
[2025-10-02T08:11:41.435+0000][43000.421s][5523][5530][info ] Application time: 1.0001036 seconds
[2025-10-02T08:11:41.435+0000][43000.422s][5523][5530][info ] Entering safepoint region: Cleanup
[2025-10-02T08:11:41.435+0000][43000.422s][5523][5530][info ] Leaving safepoint region
[2025-10-02T08:11:41.435+0000][43000.422s][5523][5530][info ] Total time for which application threads were stopped: 0.0001299 seconds, Stopping threads took: 0.0000229 seconds
[2025-10-02T08:11:42.408+0000][43001.394s][5523][5529][trace] CMS: promo attempt is safe: available(767642064) >= av_promo(5147342), max_promo(13449952)
[2025-10-02T08:11:42.436+0000][43001.422s][5523][5530][info ] Application time: 1.0000854 seconds
[2025-10-02T08:11:42.436+0000][43001.422s][5523][5530][info ] Entering safepoint region: Cleanup
[2025-10-02T08:11:42.436+0000][43001.422s][5523][5530][info ] Leaving safepoint region
[2025-10-02T08:11:42.436+0000][43001.422s][5523][5530][info ] Total time for which application threads were stopped: 0.0001281 seconds, Stopping threads took: 0.0000227 seconds
[2025-10-02T08:11:43.436+0000][43002.422s][5523][5530][info ] Application time: 1.0001200 seconds
[2025-10-02T08:11:43.436+0000][43002.422s][5523][5530][info ] Entering safepoint region: Cleanup
[2025-10-02T08:11:43.436+0000][43002.422s][5523][5530][info ] Leaving safepoint region
[2025-10-02T08:11:43.436+0000][43002.422s][5523][5530][info ] Total time for which application threads were stopped: 0.0001338 seconds, Stopping threads took: 0.0000249 seconds
[2025-10-02T08:11:44.436+0000][43003.422s][5523][5530][info ] Application time: 1.0001054 seconds
[2025-10-02T08:11:44.436+0000][43003.422s][5523][5530][info ] Entering safepoint region: Cleanup
[2025-10-02T08:11:44.436+0000][43003.423s][5523][5530][info ] Leaving safepoint region
[2025-10-02T08:11:44.436+0000][43003.423s][5523][5530][info ] Total time for which application threads were stopped: 0.0001532 seconds, Stopping threads took: 0.0000240 seconds
[2025-10-02T08:11:45.436+0000][43004.423s][5523][5530][info ] Application time: 1.0000811 seconds
[2025-10-02T08:11:45.436+0000][43004.423s][5523][5530][info ] Entering safepoint region: Cleanup
[2025-10-02T08:11:45.437+0000][43004.423s][5523][5530][info ] Leaving safepoint region
[2025-10-02T08:11:45.437+0000][43004.423s][5523][5530][info ] Total time for which application threads were stopped: 0.0001536 seconds, Stopping threads took: 0.0000217 seconds
[2025-10-02T08:11:46.437+0000][43005.423s][5523][5530][info ] Application time: 1.0001051 seconds
[2025-10-02T08:11:46.437+0000][43005.423s][5523][5530][info ] Entering safepoint region: Cleanup
[2025-10-02T08:11:46.437+0000][43005.423s][5523][5530][info ] Leaving safepoint region
[2025-10-02T08:11:46.437+0000][43005.423s][5523][5530][info ] Total time for which application threads were stopped: 0.0001468 seconds, Stopping threads took: 0.0000369 seconds
[2025-10-02T08:11:47.437+0000][43006.423s][5523][5530][info ] Application time: 1.0001020 seconds
[2025-10-02T08:11:47.437+0000][43006.423s][5523][5530][info ] Entering safepoint region: Cleanup
[2025-10-02T08:11:47.438+0000][43006.425s][5523][5530][info ] Leaving safepoint region
[2025-10-02T08:11:47.438+0000][43006.425s][5523][5530][info ] Total time for which application threads were stopped: 0.0012377 seconds, Stopping threads took: 0.0011042 seconds
[2025-10-02T08:11:48.438+0000][43007.425s][5523][5530][info ] Application time: 1.0000804 seconds
[2025-10-02T08:11:48.438+0000][43007.425s][5523][5530][info ] Entering safepoint region: Cleanup
[2025-10-02T08:11:48.439+0000][43007.425s][5523][5530][info ] Leaving safepoint region
[2025-10-02T08:11:48.439+0000][43007.425s][5523][5530][info ] Total time for which application threads were stopped: 0.0001571 seconds, Stopping threads took: 0.0000216 seconds
[2025-10-02T08:11:49.439+0000][43008.425s][5523][5530][info ] Application time: 1.0000838 seconds
[2025-10-02T08:11:49.439+0000][43008.425s][5523][5530][info ] Entering safepoint region: Cleanup
[2025-10-02T08:11:49.439+0000][43008.425s][5523][5530][info ] Leaving safepoint region
[2025-10-02T08:11:49.439+0000][43008.425s][5523][5530][info ] Total time for which application threads were stopped: 0.0001385 seconds, Stopping threads took: 0.0000243 seconds
[2025-10-02T08:11:50.439+0000][43009.425s][5523][5530][info ] Application time: 1.0001787 seconds
[2025-10-02T08:11:50.439+0000][43009.425s][5523][5530][info ] Entering safepoint region: Cleanup
[2025-10-02T08:11:50.439+0000][43009.425s][5523][5530][info ] Leaving safepoint region
[2025-10-02T08:11:50.439+0000][43009.425s][5523][5530][info ] Total time for which application threads were stopped: 0.0001325 seconds, Stopping threads took: 0.0000216 seconds
[2025-10-02T08:11:51.439+0000][43010.426s][5523][5530][info ] Application time: 1.0001009 seconds
[2025-10-02T08:11:51.439+0000][43010.426s][5523][5530][info ] Entering safepoint region: Cleanup
[2025-10-02T08:11:51.440+0000][43010.426s][5523][5530][info ] Leaving safepoint region
[2025-10-02T08:11:51.440+0000][43010.426s][5523][5530][info ] Total time for which application threads were stopped: 0.0001655 seconds, Stopping threads took: 0.0000236 seconds
[2025-10-02T08:11:52.407+0000][43011.393s][5523][5529][trace] CMS: promo attempt is safe: available(767642064) >= av_promo(5147342), max_promo(13449952)
[2025-10-02T08:11:52.440+0000][43011.426s][5523][5530][info ] Application time: 1.0000815 seconds
[2025-10-02T08:11:52.440+0000][43011.426s][5523][5530][info ] Entering safepoint region: Cleanup
[2025-10-02T08:11:52.440+0000][43011.426s][5523][5530][info ] Leaving safepoint region
[2025-10-02T08:11:52.440+0000][43011.426s][5523][5530][info ] Total time for which application threads were stopped: 0.0001495 seconds, Stopping threads took: 0.0000242 seconds
[2025-10-02T08:11:53.440+0000][43012.426s][5523][5530][info ] Application time: 1.0000885 seconds
[2025-10-02T08:11:53.440+0000][43012.426s][5523][5530][info ] Entering safepoint region: Cleanup
[2025-10-02T08:11:53.440+0000][43012.426s][5523][5530][info ] Leaving safepoint region
[2025-10-02T08:11:53.440+0000][43012.426s][5523][5530][info ] Total time for which application threads were stopped: 0.0001329 seconds, Stopping threads took: 0.0000250 seconds
[2025-10-02T08:11:54.440+0000][43013.426s][5523][5530][info ] Application time: 1.0000811 seconds
[2025-10-02T08:11:54.440+0000][43013.427s][5523][5530][info ] Entering safepoint region: Cleanup
[2025-10-02T08:11:54.440+0000][43013.427s][5523][5530][info ] Leaving safepoint region
[2025-10-02T08:11:54.440+0000][43013.427s][5523][5530][info ] Total time for which application threads were stopped: 0.0001327 seconds, Stopping threads took: 0.0000228 seconds
[2025-10-02T08:11:55.441+0000][43014.427s][5523][5530][info ] Application time: 1.0001188 seconds
[2025-10-02T08:11:55.441+0000][43014.427s][5523][5530][info ] Entering safepoint region: Cleanup
[2025-10-02T08:11:55.441+0000][43014.427s][5523][5530][info ] Leaving safepoint region
[2025-10-02T08:11:55.441+0000][43014.427s][5523][5530][info ] Total time for which application threads were stopped: 0.0001540 seconds, Stopping threads took: 0.0000384 seconds
[2025-10-02T08:11:56.441+0000][43015.427s][5523][5530][info ] Application time: 1.0001052 seconds
[2025-10-02T08:11:56.441+0000][43015.427s][5523][5530][info ] Entering safepoint region: Cleanup
[2025-10-02T08:11:56.441+0000][43015.427s][5523][5530][info ] Leaving safepoint region
[2025-10-02T08:11:56.441+0000][43015.427s][5523][5530][info ] Total time for which application threads were stopped: 0.0001289 seconds, Stopping threads took: 0.0000225 seconds
[2025-10-02T08:11:57.441+0000][43016.427s][5523][5530][info ] Application time: 1.0001090 seconds
[2025-10-02T08:11:57.441+0000][43016.427s][5523][5530][info ] Entering safepoint region: Cleanup
[2025-10-02T08:11:57.441+0000][43016.428s][5523][5530][info ] Leaving safepoint region
[2025-10-02T08:11:57.441+0000][43016.428s][5523][5530][info ] Total time for which application threads were stopped: 0.0001548 seconds, Stopping threads took: 0.0000438 seconds
[2025-10-02T08:11:58.441+0000][43017.428s][5523][5530][info ] Application time: 1.0000992 seconds
[2025-10-02T08:11:58.442+0000][43017.428s][5523][5530][info ] Entering safepoint region: Cleanup
[2025-10-02T08:11:58.442+0000][43017.428s][5523][5530][info ] Leaving safepoint region
[2025-10-02T08:11:58.442+0000][43017.428s][5523][5530][info ] Total time for which application threads were stopped: 0.0001316 seconds, Stopping threads took: 0.0000257 seconds
[2025-10-02T08:11:59.442+0000][43018.428s][5523][5530][info ] Application time: 1.0000931 seconds
[2025-10-02T08:11:59.442+0000][43018.428s][5523][5530][info ] Entering safepoint region: Cleanup
[2025-10-02T08:11:59.442+0000][43018.428s][5523][5530][info ] Leaving safepoint region
[2025-10-02T08:11:59.442+0000][43018.428s][5523][5530][info ] Total time for which application threads were stopped: 0.0001314 seconds, Stopping threads took: 0.0000240 seconds
[2025-10-02T08:12:00.442+0000][43019.428s][5523][5530][info ] Application time: 1.0001047 seconds
[2025-10-02T08:12:00.442+0000][43019.428s][5523][5530][info ] Entering safepoint region: Cleanup
[2025-10-02T08:12:00.442+0000][43019.428s][5523][5530][info ] Leaving safepoint region
[2025-10-02T08:12:00.442+0000][43019.428s][5523][5530][info ] Total time for which application threads were stopped: 0.0001376 seconds, Stopping threads took: 0.0000295 seconds
[2025-10-02T08:12:01.442+0000][43020.429s][5523][5530][info ] Application time: 1.0000981 seconds
[2025-10-02T08:12:01.442+0000][43020.429s][5523][5530][info ] Entering safepoint region: Cleanup
[2025-10-02T08:12:01.443+0000][43020.429s][5523][5530][info ] Leaving safepoint region
[2025-10-02T08:12:01.443+0000][43020.429s][5523][5530][info ] Total time for which application threads were stopped: 0.0001771 seconds, Stopping threads took: 0.0000251 seconds
[2025-10-02T08:12:02.407+0000][43021.393s][5523][5529][trace] CMS: promo attempt is safe: available(767642064) >= av_promo(5147342), max_promo(13449952)
[2025-10-02T08:12:02.443+0000][43021.429s][5523][5530][info ] Application time: 1.0000912 seconds
[2025-10-02T08:12:02.443+0000][43021.429s][5523][5530][info ] Entering safepoint region: Cleanup
[2025-10-02T08:12:02.443+0000][43021.429s][5523][5530][info ] Leaving safepoint region
[2025-10-02T08:12:02.443+0000][43021.429s][5523][5530][info ] Total time for which application threads were stopped: 0.0001564 seconds, Stopping threads took: 0.0000227 seconds
[2025-10-02T08:12:03.443+0000][43022.429s][5523][5530][info ] Application time: 1.0000996 seconds
[2025-10-02T08:12:03.443+0000][43022.429s][5523][5530][info ] Entering safepoint region: Cleanup
[2025-10-02T08:12:03.443+0000][43022.430s][5523][5530][info ] Leaving safepoint region
[2025-10-02T08:12:03.443+0000][43022.430s][5523][5530][info ] Total time for which application threads were stopped: 0.0001782 seconds, Stopping threads took: 0.0000287 seconds
[2025-10-02T08:12:04.444+0000][43023.430s][5523][5530][info ] Application time: 1.0000989 seconds
[2025-10-02T08:12:04.444+0000][43023.430s][5523][5530][info ] Entering safepoint region: Cleanup
[2025-10-02T08:12:04.444+0000][43023.430s][5523][5530][info ] Leaving safepoint region
[2025-10-02T08:12:04.444+0000][43023.430s][5523][5530][info ] Total time for which application threads were stopped: 0.0001490 seconds, Stopping threads took: 0.0000224 seconds
[2025-10-02T08:12:05.444+0000][43024.430s][5523][5530][info ] Application time: 1.0001017 seconds
[2025-10-02T08:12:05.444+0000][43024.430s][5523][5530][info ] Entering safepoint region: Cleanup
[2025-10-02T08:12:05.444+0000][43024.430s][5523][5530][info ] Leaving safepoint region
[2025-10-02T08:12:05.444+0000][43024.430s][5523][5530][info ] Total time for which application threads were stopped: 0.0001280 seconds, Stopping threads took: 0.0000228 seconds
[2025-10-02T08:12:06.444+0000][43025.430s][5523][5530][info ] Application time: 1.0000936 seconds
[2025-10-02T08:12:06.444+0000][43025.430s][5523][5530][info ] Entering safepoint region: Cleanup
[2025-10-02T08:12:06.444+0000][43025.431s][5523][5530][info ] Leaving safepoint region
[2025-10-02T08:12:06.444+0000][43025.431s][5523][5530][info ] Total time for which application threads were stopped: 0.0001353 seconds, Stopping threads took: 0.0000243 seconds
[2025-10-02T08:12:07.444+0000][43026.431s][5523][5530][info ] Application time: 1.0000753 seconds
[2025-10-02T08:12:07.444+0000][43026.431s][5523][5530][info ] Entering safepoint region: Cleanup
[2025-10-02T08:12:07.446+0000][43026.432s][5523][5530][info ] Leaving safepoint region
[2025-10-02T08:12:07.446+0000][43026.432s][5523][5530][info ] Total time for which application threads were stopped: 0.0016797 seconds, Stopping threads took: 0.0015337 seconds
[2025-10-02T08:12:08.446+0000][43027.432s][5523][5530][info ] Application time: 1.0000965 seconds
[2025-10-02T08:12:08.446+0000][43027.433s][5523][5530][info ] Entering safepoint region: Cleanup
[2025-10-02T08:12:08.446+0000][43027.433s][5523][5530][info ] Leaving safepoint region
[2025-10-02T08:12:08.446+0000][43027.433s][5523][5530][info ] Total time for which application threads were stopped: 0.0001406 seconds, Stopping threads took: 0.0000235 seconds
[2025-10-02T08:12:09.447+0000][43028.433s][5523][5530][info ] Application time: 1.0001018 seconds
[2025-10-02T08:12:09.447+0000][43028.433s][5523][5530][info ] Entering safepoint region: Cleanup
[2025-10-02T08:12:09.447+0000][43028.433s][5523][5530][info ] Leaving safepoint region
[2025-10-02T08:12:09.447+0000][43028.433s][5523][5530][info ] Total time for which application threads were stopped: 0.0001387 seconds, Stopping threads took: 0.0000225 seconds
[2025-10-02T08:12:10.447+0000][43029.433s][5523][5530][info ] Application time: 1.0000990 seconds
[2025-10-02T08:12:10.447+0000][43029.433s][5523][5530][info ] Entering safepoint region: Cleanup
[2025-10-02T08:12:10.447+0000][43029.433s][5523][5530][info ] Leaving safepoint region
[2025-10-02T08:12:10.447+0000][43029.433s][5523][5530][info ] Total time for which application threads were stopped: 0.0002474 seconds, Stopping threads took: 0.0000224 seconds
[2025-10-02T08:12:11.447+0000][43030.433s][5523][5530][info ] Application time: 1.0000968 seconds
[2025-10-02T08:12:11.447+0000][43030.434s][5523][5530][info ] Entering safepoint region: Cleanup
[2025-10-02T08:12:11.447+0000][43030.434s][5523][5530][info ] Leaving safepoint region
[2025-10-02T08:12:11.447+0000][43030.434s][5523][5530][info ] Total time for which application threads were stopped: 0.0001354 seconds, Stopping threads took: 0.0000229 seconds
[2025-10-02T08:12:12.407+0000][43031.393s][5523][5529][trace] CMS: promo attempt is safe: available(767642064) >= av_promo(5147342), max_promo(13623200)
[2025-10-02T08:12:12.448+0000][43031.434s][5523][5530][info ] Application time: 1.0000982 seconds
[2025-10-02T08:12:12.448+0000][43031.434s][5523][5530][info ] Entering safepoint region: Cleanup
[2025-10-02T08:12:12.448+0000][43031.434s][5523][5530][info ] Leaving safepoint region
[2025-10-02T08:12:12.448+0000][43031.434s][5523][5530][info ] Total time for which application threads were stopped: 0.0001352 seconds, Stopping threads took: 0.0000230 seconds
[2025-10-02T08:12:13.448+0000][43032.434s][5523][5530][info ] Application time: 1.0001066 seconds
[2025-10-02T08:12:13.448+0000][43032.434s][5523][5530][info ] Entering safepoint region: Cleanup
[2025-10-02T08:12:13.448+0000][43032.434s][5523][5530][info ] Leaving safepoint region
[2025-10-02T08:12:13.448+0000][43032.434s][5523][5530][info ] Total time for which application threads were stopped: 0.0001300 seconds, Stopping threads took: 0.0000209 seconds
[2025-10-02T08:12:14.448+0000][43033.434s][5523][5530][info ] Application time: 1.0001371 seconds
[2025-10-02T08:12:14.448+0000][43033.434s][5523][5530][info ] Entering safepoint region: Cleanup
[2025-10-02T08:12:14.448+0000][43033.435s][5523][5530][info ] Leaving safepoint region
[2025-10-02T08:12:14.448+0000][43033.435s][5523][5530][info ] Total time for which application threads were stopped: 0.0001382 seconds, Stopping threads took: 0.0000220 seconds
[2025-10-02T08:12:15.448+0000][43034.435s][5523][5530][info ] Application time: 1.0000993 seconds
[2025-10-02T08:12:15.448+0000][43034.435s][5523][5530][info ] Entering safepoint region: Cleanup
[2025-10-02T08:12:15.449+0000][43034.435s][5523][5530][info ] Leaving safepoint region
[2025-10-02T08:12:15.449+0000][43034.435s][5523][5530][info ] Total time for which application threads were stopped: 0.0001506 seconds, Stopping threads took: 0.0000415 seconds
[2025-10-02T08:12:16.449+0000][43035.435s][5523][5530][info ] Application time: 1.0000982 seconds
[2025-10-02T08:12:16.449+0000][43035.435s][5523][5530][info ] Entering safepoint region: Cleanup
[2025-10-02T08:12:16.449+0000][43035.435s][5523][5530][info ] Leaving safepoint region
[2025-10-02T08:12:16.449+0000][43035.435s][5523][5530][info ] Total time for which application threads were stopped: 0.0001307 seconds, Stopping threads took: 0.0000236 seconds
[2025-10-02T08:12:17.449+0000][43036.435s][5523][5530][info ] Application time: 1.0001016 seconds
[2025-10-02T08:12:17.449+0000][43036.435s][5523][5530][info ] Entering safepoint region: Cleanup
[2025-10-02T08:12:17.450+0000][43036.437s][5523][5530][info ] Leaving safepoint region
[2025-10-02T08:12:17.450+0000][43036.437s][5523][5530][info ] Total time for which application threads were stopped: 0.0013386 seconds, Stopping threads took: 0.0012125 seconds
[2025-10-02T08:12:18.451+0000][43037.437s][5523][5530][info ] Application time: 1.0001164 seconds
[2025-10-02T08:12:18.451+0000][43037.437s][5523][5530][info ] Entering safepoint region: Cleanup
[2025-10-02T08:12:18.451+0000][43037.437s][5523][5530][info ] Leaving safepoint region
[2025-10-02T08:12:18.451+0000][43037.437s][5523][5530][info ] Total time for which application threads were stopped: 0.0001366 seconds, Stopping threads took: 0.0000233 seconds
[2025-10-02T08:12:19.451+0000][43038.437s][5523][5530][info ] Application time: 1.0000880 seconds
[2025-10-02T08:12:19.451+0000][43038.437s][5523][5530][info ] Entering safepoint region: Cleanup
[2025-10-02T08:12:19.451+0000][43038.437s][5523][5530][info ] Leaving safepoint region
[2025-10-02T08:12:19.451+0000][43038.437s][5523][5530][info ] Total time for which application threads were stopped: 0.0002381 seconds, Stopping threads took: 0.0000403 seconds
[2025-10-02T08:12:20.451+0000][43039.437s][5523][5530][info ] Application time: 1.0000748 seconds
[2025-10-02T08:12:20.451+0000][43039.437s][5523][5530][info ] Entering safepoint region: Cleanup
[2025-10-02T08:12:20.451+0000][43039.438s][5523][5530][info ] Leaving safepoint region
[2025-10-02T08:12:20.451+0000][43039.438s][5523][5530][info ] Total time for which application threads were stopped: 0.0001353 seconds, Stopping threads took: 0.0000215 seconds
[2025-10-02T08:12:21.451+0000][43040.438s][5523][5530][info ] Application time: 1.0001005 seconds
[2025-10-02T08:12:21.452+0000][43040.438s][5523][5530][info ] Entering safepoint region: Cleanup
[2025-10-02T08:12:21.452+0000][43040.438s][5523][5530][info ] Leaving safepoint region
[2025-10-02T08:12:21.452+0000][43040.438s][5523][5530][info ] Total time for which application threads were stopped: 0.0001422 seconds, Stopping threads took: 0.0000222 seconds
[2025-10-02T08:12:22.406+0000][43041.392s][5523][5529][trace] CMS: promo attempt is safe: available(767642064) >= av_promo(5147342), max_promo(13623200)
[2025-10-02T08:12:22.452+0000][43041.438s][5523][5530][info ] Application time: 1.0000998 seconds
[2025-10-02T08:12:22.452+0000][43041.438s][5523][5530][info ] Entering safepoint region: Cleanup
[2025-10-02T08:12:22.452+0000][43041.438s][5523][5530][info ] Leaving safepoint region
[2025-10-02T08:12:22.452+0000][43041.438s][5523][5530][info ] Total time for which application threads were stopped: 0.0001306 seconds, Stopping threads took: 0.0000222 seconds
[2025-10-02T08:12:23.452+0000][43042.438s][5523][5530][info ] Application time: 1.0000814 seconds
[2025-10-02T08:12:23.452+0000][43042.438s][5523][5530][info ] Entering safepoint region: Cleanup
[2025-10-02T08:12:23.452+0000][43042.438s][5523][5530][info ] Leaving safepoint region
[2025-10-02T08:12:23.452+0000][43042.438s][5523][5530][info ] Total time for which application threads were stopped: 0.0001336 seconds, Stopping threads took: 0.0000224 seconds
[2025-10-02T08:12:24.452+0000][43043.439s][5523][5530][info ] Application time: 1.0001031 seconds
[2025-10-02T08:12:24.452+0000][43043.439s][5523][5530][info ] Entering safepoint region: Cleanup
[2025-10-02T08:12:24.453+0000][43043.439s][5523][5530][info ] Leaving safepoint region
[2025-10-02T08:12:24.453+0000][43043.439s][5523][5530][info ] Total time for which application threads were stopped: 0.0001630 seconds, Stopping threads took: 0.0000243 seconds
[2025-10-02T08:12:25.453+0000][43044.439s][5523][5530][info ] Application time: 1.0000996 seconds
[2025-10-02T08:12:25.453+0000][43044.439s][5523][5530][info ] Entering safepoint region: Cleanup
[2025-10-02T08:12:25.453+0000][43044.439s][5523][5530][info ] Leaving safepoint region
[2025-10-02T08:12:25.453+0000][43044.439s][5523][5530][info ] Total time for which application threads were stopped: 0.0001326 seconds, Stopping threads took: 0.0000226 seconds
[2025-10-02T08:12:26.453+0000][43045.439s][5523][5530][info ] Application time: 1.0000821 seconds
[2025-10-02T08:12:26.453+0000][43045.439s][5523][5530][info ] Entering safepoint region: Cleanup
[2025-10-02T08:12:26.453+0000][43045.439s][5523][5530][info ] Leaving safepoint region
[2025-10-02T08:12:26.453+0000][43045.439s][5523][5530][info ] Total time for which application threads were stopped: 0.0001315 seconds, Stopping threads took: 0.0000225 seconds
[2025-10-02T08:12:27.453+0000][43046.439s][5523][5530][info ] Application time: 1.0001017 seconds
[2025-10-02T08:12:27.453+0000][43046.440s][5523][5530][info ] Entering safepoint region: Cleanup
[2025-10-02T08:12:27.453+0000][43046.440s][5523][5530][info ] Leaving safepoint region
[2025-10-02T08:12:27.454+0000][43046.441s][5523][5530][info ] Total time for which application threads were stopped: 0.0010232 seconds, Stopping threads took: 0.0000283 seconds
[2025-10-02T08:12:28.455+0000][43047.441s][5523][5530][info ] Application time: 1.0001098 seconds
[2025-10-02T08:12:28.455+0000][43047.441s][5523][5530][info ] Entering safepoint region: Cleanup
[2025-10-02T08:12:28.455+0000][43047.441s][5523][5530][info ] Leaving safepoint region
[2025-10-02T08:12:28.455+0000][43047.441s][5523][5530][info ] Total time for which application threads were stopped: 0.0001388 seconds, Stopping threads took: 0.0000230 seconds
[2025-10-02T08:12:29.455+0000][43048.441s][5523][5530][info ] Application time: 1.0000742 seconds
[2025-10-02T08:12:29.455+0000][43048.441s][5523][5530][info ] Entering safepoint region: Cleanup
[2025-10-02T08:12:29.455+0000][43048.441s][5523][5530][info ] Leaving safepoint region
[2025-10-02T08:12:29.455+0000][43048.441s][5523][5530][info ] Total time for which application threads were stopped: 0.0001357 seconds, Stopping threads took: 0.0000224 seconds
[2025-10-02T08:12:30.455+0000][43049.441s][5523][5530][info ] Application time: 1.0001534 seconds
[2025-10-02T08:12:30.455+0000][43049.441s][5523][5530][info ] Entering safepoint region: Cleanup
[2025-10-02T08:12:30.455+0000][43049.442s][5523][5530][info ] Leaving safepoint region
[2025-10-02T08:12:30.455+0000][43049.442s][5523][5530][info ] Total time for which application threads were stopped: 0.0001506 seconds, Stopping threads took: 0.0000261 seconds
[2025-10-02T08:12:31.455+0000][43050.442s][5523][5530][info ] Application time: 1.0001005 seconds
[2025-10-02T08:12:31.456+0000][43050.442s][5523][5530][info ] Entering safepoint region: Cleanup
[2025-10-02T08:12:31.456+0000][43050.442s][5523][5530][info ] Leaving safepoint region
[2025-10-02T08:12:31.456+0000][43050.442s][5523][5530][info ] Total time for which application threads were stopped: 0.0001576 seconds, Stopping threads took: 0.0000489 seconds
[2025-10-02T08:12:32.406+0000][43051.392s][5523][5529][trace] CMS: promo attempt is safe: available(767642064) >= av_promo(5147342), max_promo(14641424)
[2025-10-02T08:12:32.456+0000][43051.442s][5523][5530][info ] Application time: 1.0001010 seconds
[2025-10-02T08:12:32.456+0000][43051.442s][5523][5530][info ] Entering safepoint region: Cleanup
[2025-10-02T08:12:32.456+0000][43051.442s][5523][5530][info ] Leaving safepoint region
[2025-10-02T08:12:32.456+0000][43051.442s][5523][5530][info ] Total time for which application threads were stopped: 0.0001408 seconds, Stopping threads took: 0.0000223 seconds
[2025-10-02T08:12:33.456+0000][43052.442s][5523][5530][info ] Application time: 1.0000950 seconds
[2025-10-02T08:12:33.456+0000][43052.442s][5523][5530][info ] Entering safepoint region: Cleanup
[2025-10-02T08:12:33.456+0000][43052.442s][5523][5530][info ] Leaving safepoint region
[2025-10-02T08:12:33.456+0000][43052.442s][5523][5530][info ] Total time for which application threads were stopped: 0.0001451 seconds, Stopping threads took: 0.0000241 seconds
[2025-10-02T08:12:34.456+0000][43053.443s][5523][5530][info ] Application time: 1.0001024 seconds
[2025-10-02T08:12:34.456+0000][43053.443s][5523][5530][info ] Entering safepoint region: Cleanup
[2025-10-02T08:12:34.457+0000][43053.443s][5523][5530][info ] Leaving safepoint region
[2025-10-02T08:12:34.457+0000][43053.443s][5523][5530][info ] Total time for which application threads were stopped: 0.0001489 seconds, Stopping threads took: 0.0000228 seconds
[2025-10-02T08:12:35.457+0000][43054.443s][5523][5530][info ] Application time: 1.0000869 seconds
[2025-10-02T08:12:35.457+0000][43054.443s][5523][5530][info ] Entering safepoint region: Cleanup
[2025-10-02T08:12:35.457+0000][43054.443s][5523][5530][info ] Leaving safepoint region
[2025-10-02T08:12:35.457+0000][43054.443s][5523][5530][info ] Total time for which application threads were stopped: 0.0001321 seconds, Stopping threads took: 0.0000217 seconds
[2025-10-02T08:12:36.457+0000][43055.443s][5523][5530][info ] Application time: 1.0000824 seconds
[2025-10-02T08:12:36.457+0000][43055.443s][5523][5530][info ] Entering safepoint region: Cleanup
[2025-10-02T08:12:36.457+0000][43055.443s][5523][5530][info ] Leaving safepoint region
[2025-10-02T08:12:36.457+0000][43055.443s][5523][5530][info ] Total time for which application threads were stopped: 0.0001561 seconds, Stopping threads took: 0.0000251 seconds
[2025-10-02T08:12:37.457+0000][43056.443s][5523][5530][info ] Application time: 1.0000825 seconds
[2025-10-02T08:12:37.457+0000][43056.443s][5523][5530][info ] Entering safepoint region: Cleanup
[2025-10-02T08:12:37.457+0000][43056.444s][5523][5530][info ] Leaving safepoint region
[2025-10-02T08:12:37.457+0000][43056.444s][5523][5530][info ] Total time for which application threads were stopped: 0.0001497 seconds, Stopping threads took: 0.0000331 seconds
[2025-10-02T08:12:38.458+0000][43057.444s][5523][5530][info ] Application time: 1.0001208 seconds
[2025-10-02T08:12:38.458+0000][43057.444s][5523][5530][info ] Entering safepoint region: Cleanup
[2025-10-02T08:12:38.458+0000][43057.444s][5523][5530][info ] Leaving safepoint region
[2025-10-02T08:12:38.458+0000][43057.444s][5523][5530][info ] Total time for which application threads were stopped: 0.0001314 seconds, Stopping threads took: 0.0000223 seconds
[2025-10-02T08:12:39.458+0000][43058.444s][5523][5530][info ] Application time: 1.0000970 seconds
[2025-10-02T08:12:39.458+0000][43058.444s][5523][5530][info ] Entering safepoint region: Cleanup
[2025-10-02T08:12:39.458+0000][43058.444s][5523][5530][info ] Leaving safepoint region
[2025-10-02T08:12:39.458+0000][43058.444s][5523][5530][info ] Total time for which application threads were stopped: 0.0001293 seconds, Stopping threads took: 0.0000230 seconds
[2025-10-02T08:12:40.458+0000][43059.444s][5523][5530][info ] Application time: 1.0000801 seconds
[2025-10-02T08:12:40.458+0000][43059.444s][5523][5530][info ] Entering safepoint region: Cleanup
[2025-10-02T08:12:40.458+0000][43059.444s][5523][5530][info ] Leaving safepoint region
[2025-10-02T08:12:40.458+0000][43059.444s][5523][5530][info ] Total time for which application threads were stopped: 0.0001321 seconds, Stopping threads took: 0.0000235 seconds
[2025-10-02T08:12:41.458+0000][43060.445s][5523][5530][info ] Application time: 1.0001019 seconds
[2025-10-02T08:12:41.458+0000][43060.445s][5523][5530][info ] Entering safepoint region: Cleanup
[2025-10-02T08:12:41.459+0000][43060.445s][5523][5530][info ] Leaving safepoint region
[2025-10-02T08:12:41.459+0000][43060.445s][5523][5530][info ] Total time for which application threads were stopped: 0.0001658 seconds, Stopping threads took: 0.0000223 seconds
[2025-10-02T08:12:42.406+0000][43061.392s][5523][5529][trace] CMS: promo attempt is safe: available(767642064) >= av_promo(5147342), max_promo(14815664)
[2025-10-02T08:12:42.459+0000][43061.445s][5523][5530][info ] Application time: 1.0001104 seconds
[2025-10-02T08:12:42.459+0000][43061.445s][5523][5530][info ] Entering safepoint region: Cleanup
[2025-10-02T08:12:42.459+0000][43061.445s][5523][5530][info ] Leaving safepoint region
[2025-10-02T08:12:42.459+0000][43061.445s][5523][5530][info ] Total time for which application threads were stopped: 0.0001345 seconds, Stopping threads took: 0.0000245 seconds
[2025-10-02T08:12:43.459+0000][43062.445s][5523][5530][info ] Application time: 1.0001496 seconds
[2025-10-02T08:12:43.459+0000][43062.445s][5523][5530][info ] Entering safepoint region: Cleanup
[2025-10-02T08:12:43.459+0000][43062.445s][5523][5530][info ] Leaving safepoint region
[2025-10-02T08:12:43.459+0000][43062.445s][5523][5530][info ] Total time for which application threads were stopped: 0.0001351 seconds, Stopping threads took: 0.0000273 seconds
[2025-10-02T08:12:44.459+0000][43063.446s][5523][5530][info ] Application time: 1.0001093 seconds
[2025-10-02T08:12:44.459+0000][43063.446s][5523][5530][info ] Entering safepoint region: Cleanup
[2025-10-02T08:12:44.460+0000][43063.446s][5523][5530][info ] Leaving safepoint region
[2025-10-02T08:12:44.460+0000][43063.446s][5523][5530][info ] Total time for which application threads were stopped: 0.0001539 seconds, Stopping threads took: 0.0000229 seconds
[2025-10-02T08:12:45.460+0000][43064.446s][5523][5530][info ] Application time: 1.0001019 seconds
[2025-10-02T08:12:45.460+0000][43064.446s][5523][5530][info ] Entering safepoint region: Cleanup
[2025-10-02T08:12:45.460+0000][43064.446s][5523][5530][info ] Leaving safepoint region
[2025-10-02T08:12:45.460+0000][43064.446s][5523][5530][info ] Total time for which application threads were stopped: 0.0001318 seconds, Stopping threads took: 0.0000212 seconds
[2025-10-02T08:12:46.460+0000][43065.446s][5523][5530][info ] Application time: 1.0000791 seconds
[2025-10-02T08:12:46.460+0000][43065.446s][5523][5530][info ] Entering safepoint region: Cleanup
[2025-10-02T08:12:46.460+0000][43065.446s][5523][5530][info ] Leaving safepoint region
[2025-10-02T08:12:46.460+0000][43065.446s][5523][5530][info ] Total time for which application threads were stopped: 0.0001518 seconds, Stopping threads took: 0.0000349 seconds
[2025-10-02T08:12:47.460+0000][43066.446s][5523][5530][info ] Application time: 1.0001008 seconds
[2025-10-02T08:12:47.460+0000][43066.447s][5523][5530][info ] Entering safepoint region: Cleanup
[2025-10-02T08:12:47.462+0000][43066.448s][5523][5530][info ] Leaving safepoint region
[2025-10-02T08:12:47.462+0000][43066.448s][5523][5530][info ] Total time for which application threads were stopped: 0.0012820 seconds, Stopping threads took: 0.0011424 seconds
[2025-10-02T08:12:48.462+0000][43067.448s][5523][5530][info ] Application time: 1.0001138 seconds
[2025-10-02T08:12:48.462+0000][43067.448s][5523][5530][info ] Entering safepoint region: Cleanup
[2025-10-02T08:12:48.462+0000][43067.448s][5523][5530][info ] Leaving safepoint region
[2025-10-02T08:12:48.462+0000][43067.448s][5523][5530][info ] Total time for which application threads were stopped: 0.0001384 seconds, Stopping threads took: 0.0000253 seconds
[2025-10-02T08:12:49.462+0000][43068.448s][5523][5530][info ] Application time: 1.0001124 seconds
[2025-10-02T08:12:49.462+0000][43068.448s][5523][5530][info ] Entering safepoint region: Cleanup
[2025-10-02T08:12:49.462+0000][43068.448s][5523][5530][info ] Leaving safepoint region
[2025-10-02T08:12:49.462+0000][43068.448s][5523][5530][info ] Total time for which application threads were stopped: 0.0001307 seconds, Stopping threads took: 0.0000237 seconds
[2025-10-02T08:12:50.462+0000][43069.449s][5523][5530][info ] Application time: 1.0001069 seconds
[2025-10-02T08:12:50.462+0000][43069.449s][5523][5530][info ] Entering safepoint region: Cleanup
[2025-10-02T08:12:50.462+0000][43069.449s][5523][5530][info ] Leaving safepoint region
[2025-10-02T08:12:50.463+0000][43069.449s][5523][5530][info ] Total time for which application threads were stopped: 0.0001600 seconds, Stopping threads took: 0.0000229 seconds
[2025-10-02T08:12:51.463+0000][43070.449s][5523][5530][info ] Application time: 1.0000923 seconds
[2025-10-02T08:12:51.463+0000][43070.449s][5523][5530][info ] Entering safepoint region: Cleanup
[2025-10-02T08:12:51.463+0000][43070.449s][5523][5530][info ] Leaving safepoint region
[2025-10-02T08:12:51.463+0000][43070.449s][5523][5530][info ] Total time for which application threads were stopped: 0.0001334 seconds, Stopping threads took: 0.0000237 seconds
[2025-10-02T08:12:52.405+0000][43071.391s][5523][5529][trace] CMS: promo attempt is safe: available(767642064) >= av_promo(5147342), max_promo(14818320)
[2025-10-02T08:12:52.463+0000][43071.449s][5523][5530][info ] Application time: 1.0000833 seconds
[2025-10-02T08:12:52.463+0000][43071.449s][5523][5530][info ] Entering safepoint region: Cleanup
[2025-10-02T08:12:52.463+0000][43071.449s][5523][5530][info ] Leaving safepoint region
[2025-10-02T08:12:52.463+0000][43071.449s][5523][5530][info ] Total time for which application threads were stopped: 0.0001883 seconds, Stopping threads took: 0.0000230 seconds
[2025-10-02T08:12:53.463+0000][43072.449s][5523][5530][info ] Application time: 1.0001091 seconds
[2025-10-02T08:12:53.463+0000][43072.450s][5523][5530][info ] Entering safepoint region: Cleanup
[2025-10-02T08:12:53.463+0000][43072.450s][5523][5530][info ] Leaving safepoint region
[2025-10-02T08:12:53.463+0000][43072.450s][5523][5530][info ] Total time for which application threads were stopped: 0.0001424 seconds, Stopping threads took: 0.0000267 seconds
[2025-10-02T08:12:54.464+0000][43073.450s][5523][5530][info ] Application time: 1.0001102 seconds
[2025-10-02T08:12:54.464+0000][43073.450s][5523][5530][info ] Entering safepoint region: Cleanup
[2025-10-02T08:12:54.464+0000][43073.450s][5523][5530][info ] Leaving safepoint region
[2025-10-02T08:12:54.464+0000][43073.450s][5523][5530][info ] Total time for which application threads were stopped: 0.0001270 seconds, Stopping threads took: 0.0000216 seconds
[2025-10-02T08:12:55.464+0000][43074.450s][5523][5530][info ] Application time: 1.0000966 seconds
[2025-10-02T08:12:55.464+0000][43074.450s][5523][5530][info ] Entering safepoint region: Cleanup
[2025-10-02T08:12:55.464+0000][43074.450s][5523][5530][info ] Leaving safepoint region
[2025-10-02T08:12:55.464+0000][43074.450s][5523][5530][info ] Total time for which application threads were stopped: 0.0001322 seconds, Stopping threads took: 0.0000224 seconds
[2025-10-02T08:12:56.464+0000][43075.450s][5523][5530][info ] Application time: 1.0001083 seconds
[2025-10-02T08:12:56.464+0000][43075.450s][5523][5530][info ] Entering safepoint region: Cleanup
[2025-10-02T08:12:56.464+0000][43075.451s][5523][5530][info ] Leaving safepoint region
[2025-10-02T08:12:56.464+0000][43075.451s][5523][5530][info ] Total time for which application threads were stopped: 0.0001371 seconds, Stopping threads took: 0.0000213 seconds
[2025-10-02T08:12:57.464+0000][43076.451s][5523][5530][info ] Application time: 1.0000775 seconds
[2025-10-02T08:12:57.464+0000][43076.451s][5523][5530][info ] Entering safepoint region: Cleanup
[2025-10-02T08:12:57.466+0000][43076.452s][5523][5530][info ] Leaving safepoint region
[2025-10-02T08:12:57.466+0000][43076.452s][5523][5530][info ] Total time for which application threads were stopped: 0.0011257 seconds, Stopping threads took: 0.0009701 seconds
[2025-10-02T08:12:58.466+0000][43077.452s][5523][5530][info ] Application time: 1.0000947 seconds
[2025-10-02T08:12:58.466+0000][43077.452s][5523][5530][info ] Entering safepoint region: Cleanup
[2025-10-02T08:12:58.466+0000][43077.452s][5523][5530][info ] Leaving safepoint region
[2025-10-02T08:12:58.466+0000][43077.452s][5523][5530][info ] Total time for which application threads were stopped: 0.0001517 seconds, Stopping threads took: 0.0000250 seconds
[2025-10-02T08:12:59.466+0000][43078.452s][5523][5530][info ] Application time: 1.0000771 seconds
[2025-10-02T08:12:59.466+0000][43078.452s][5523][5530][info ] Entering safepoint region: Cleanup
[2025-10-02T08:12:59.466+0000][43078.452s][5523][5530][info ] Leaving safepoint region
[2025-10-02T08:12:59.466+0000][43078.452s][5523][5530][info ] Total time for which application threads were stopped: 0.0001327 seconds, Stopping threads took: 0.0000239 seconds
[2025-10-02T08:13:00.466+0000][43079.453s][5523][5530][info ] Application time: 1.0000871 seconds
[2025-10-02T08:13:00.466+0000][43079.453s][5523][5530][info ] Entering safepoint region: Cleanup
[2025-10-02T08:13:00.466+0000][43079.453s][5523][5530][info ] Leaving safepoint region
[2025-10-02T08:13:00.467+0000][43079.453s][5523][5530][info ] Total time for which application threads were stopped: 0.0001884 seconds, Stopping threads took: 0.0000334 seconds
[2025-10-02T08:13:01.467+0000][43080.453s][5523][5530][info ] Application time: 1.0001160 seconds
[2025-10-02T08:13:01.467+0000][43080.453s][5523][5530][info ] Entering safepoint region: Cleanup
[2025-10-02T08:13:01.467+0000][43080.453s][5523][5530][info ] Leaving safepoint region
[2025-10-02T08:13:01.467+0000][43080.453s][5523][5530][info ] Total time for which application threads were stopped: 0.0001435 seconds, Stopping threads took: 0.0000288 seconds
[2025-10-02T08:13:02.405+0000][43081.391s][5523][5529][trace] CMS: promo attempt is safe: available(767642064) >= av_promo(5147342), max_promo(16379400)
[2025-10-02T08:13:02.467+0000][43081.453s][5523][5530][info ] Application time: 1.0001084 seconds
[2025-10-02T08:13:02.467+0000][43081.453s][5523][5530][info ] Entering safepoint region: Cleanup
[2025-10-02T08:13:02.467+0000][43081.454s][5523][5530][info ] Leaving safepoint region
[2025-10-02T08:13:02.467+0000][43081.454s][5523][5530][info ] Total time for which application threads were stopped: 0.0001528 seconds, Stopping threads took: 0.0000410 seconds
[2025-10-02T08:13:03.467+0000][43082.454s][5523][5530][info ] Application time: 1.0001053 seconds
[2025-10-02T08:13:03.467+0000][43082.454s][5523][5530][info ] Entering safepoint region: Cleanup
[2025-10-02T08:13:03.468+0000][43082.454s][5523][5530][info ] Leaving safepoint region
[2025-10-02T08:13:03.468+0000][43082.454s][5523][5530][info ] Total time for which application threads were stopped: 0.0001554 seconds, Stopping threads took: 0.0000225 seconds
[2025-10-02T08:13:04.468+0000][43083.454s][5523][5530][info ] Application time: 1.0001269 seconds
[2025-10-02T08:13:04.468+0000][43083.454s][5523][5530][info ] Entering safepoint region: Cleanup
[2025-10-02T08:13:04.468+0000][43083.454s][5523][5530][info ] Leaving safepoint region
[2025-10-02T08:13:04.468+0000][43083.454s][5523][5530][info ] Total time for which application threads were stopped: 0.0001385 seconds, Stopping threads took: 0.0000261 seconds
[2025-10-02T08:13:05.468+0000][43084.454s][5523][5530][info ] Application time: 1.0000799 seconds
[2025-10-02T08:13:05.468+0000][43084.454s][5523][5530][info ] Entering safepoint region: Cleanup
[2025-10-02T08:13:05.468+0000][43084.454s][5523][5530][info ] Leaving safepoint region
[2025-10-02T08:13:05.468+0000][43084.454s][5523][5530][info ] Total time for which application threads were stopped: 0.0001306 seconds, Stopping threads took: 0.0000231 seconds
[2025-10-02T08:13:06.468+0000][43085.455s][5523][5530][info ] Application time: 1.0001061 seconds
[2025-10-02T08:13:06.468+0000][43085.455s][5523][5530][info ] Entering safepoint region: Cleanup
[2025-10-02T08:13:06.468+0000][43085.455s][5523][5530][info ] Leaving safepoint region
[2025-10-02T08:13:06.468+0000][43085.455s][5523][5530][info ] Total time for which application threads were stopped: 0.0001375 seconds, Stopping threads took: 0.0000294 seconds
[2025-10-02T08:13:07.469+0000][43086.455s][5523][5530][info ] Application time: 1.0001119 seconds
[2025-10-02T08:13:07.469+0000][43086.455s][5523][5530][info ] Entering safepoint region: Cleanup
[2025-10-02T08:13:07.470+0000][43086.456s][5523][5530][info ] Leaving safepoint region
[2025-10-02T08:13:07.470+0000][43086.456s][5523][5530][info ] Total time for which application threads were stopped: 0.0013098 seconds, Stopping threads took: 0.0011680 seconds
[2025-10-02T08:13:08.470+0000][43087.456s][5523][5530][info ] Application time: 1.0001112 seconds
[2025-10-02T08:13:08.470+0000][43087.456s][5523][5530][info ] Entering safepoint region: Cleanup
[2025-10-02T08:13:08.470+0000][43087.457s][5523][5530][info ] Leaving safepoint region
[2025-10-02T08:13:08.470+0000][43087.457s][5523][5530][info ] Total time for which application threads were stopped: 0.0001394 seconds, Stopping threads took: 0.0000247 seconds
[2025-10-02T08:13:09.470+0000][43088.457s][5523][5530][info ] Application time: 1.0000983 seconds
[2025-10-02T08:13:09.470+0000][43088.457s][5523][5530][info ] Entering safepoint region: Cleanup
[2025-10-02T08:13:09.471+0000][43088.457s][5523][5530][info ] Leaving safepoint region
[2025-10-02T08:13:09.471+0000][43088.457s][5523][5530][info ] Total time for which application threads were stopped: 0.0001565 seconds, Stopping threads took: 0.0000219 seconds
[2025-10-02T08:13:10.471+0000][43089.457s][5523][5530][info ] Application time: 1.0001007 seconds
[2025-10-02T08:13:10.471+0000][43089.457s][5523][5530][info ] Entering safepoint region: Cleanup
[2025-10-02T08:13:10.471+0000][43089.457s][5523][5530][info ] Leaving safepoint region
[2025-10-02T08:13:10.471+0000][43089.457s][5523][5530][info ] Total time for which application threads were stopped: 0.0001375 seconds, Stopping threads took: 0.0000229 seconds
[2025-10-02T08:13:11.471+0000][43090.457s][5523][5530][info ] Application time: 1.0002122 seconds
[2025-10-02T08:13:11.471+0000][43090.457s][5523][5530][info ] Entering safepoint region: Cleanup
[2025-10-02T08:13:11.471+0000][43090.458s][5523][5530][info ] Leaving safepoint region
[2025-10-02T08:13:11.471+0000][43090.458s][5523][5530][info ] Total time for which application threads were stopped: 0.0001307 seconds, Stopping threads took: 0.0000238 seconds
[2025-10-02T08:13:12.404+0000][43091.391s][5523][5529][trace] CMS: promo attempt is safe: available(767642064) >= av_promo(5147342), max_promo(16633304)
[2025-10-02T08:13:12.471+0000][43091.458s][5523][5530][info ] Application time: 1.0001237 seconds
[2025-10-02T08:13:12.472+0000][43091.458s][5523][5530][info ] Entering safepoint region: Cleanup
[2025-10-02T08:13:12.472+0000][43091.458s][5523][5530][info ] Leaving safepoint region
[2025-10-02T08:13:12.472+0000][43091.458s][5523][5530][info ] Total time for which application threads were stopped: 0.0002410 seconds, Stopping threads took: 0.0000261 seconds
[2025-10-02T08:13:13.472+0000][43092.458s][5523][5530][info ] Application time: 1.0001030 seconds
[2025-10-02T08:13:13.472+0000][43092.458s][5523][5530][info ] Entering safepoint region: Cleanup
[2025-10-02T08:13:13.472+0000][43092.458s][5523][5530][info ] Leaving safepoint region
[2025-10-02T08:13:13.472+0000][43092.458s][5523][5530][info ] Total time for which application threads were stopped: 0.0001304 seconds, Stopping threads took: 0.0000236 seconds
[2025-10-02T08:13:14.472+0000][43093.458s][5523][5530][info ] Application time: 1.0001054 seconds
[2025-10-02T08:13:14.472+0000][43093.458s][5523][5530][info ] Entering safepoint region: Cleanup
[2025-10-02T08:13:14.472+0000][43093.459s][5523][5530][info ] Leaving safepoint region
[2025-10-02T08:13:14.472+0000][43093.459s][5523][5530][info ] Total time for which application threads were stopped: 0.0001344 seconds, Stopping threads took: 0.0000219 seconds
[2025-10-02T08:13:15.472+0000][43094.459s][5523][5530][info ] Application time: 1.0001002 seconds
[2025-10-02T08:13:15.473+0000][43094.459s][5523][5530][info ] Entering safepoint region: Cleanup
[2025-10-02T08:13:15.473+0000][43094.459s][5523][5530][info ] Leaving safepoint region
[2025-10-02T08:13:15.473+0000][43094.459s][5523][5530][info ] Total time for which application threads were stopped: 0.0001360 seconds, Stopping threads took: 0.0000228 seconds
[2025-10-02T08:13:16.473+0000][43095.459s][5523][5530][info ] Application time: 1.0001095 seconds
[2025-10-02T08:13:16.473+0000][43095.459s][5523][5530][info ] Entering safepoint region: Cleanup
[2025-10-02T08:13:16.473+0000][43095.459s][5523][5530][info ] Leaving safepoint region
[2025-10-02T08:13:16.473+0000][43095.459s][5523][5530][info ] Total time for which application threads were stopped: 0.0001341 seconds, Stopping threads took: 0.0000242 seconds
[2025-10-02T08:13:17.473+0000][43096.459s][5523][5530][info ] Application time: 1.0001020 seconds
[2025-10-02T08:13:17.473+0000][43096.459s][5523][5530][info ] Entering safepoint region: Cleanup
[2025-10-02T08:13:17.475+0000][43096.461s][5523][5530][info ] Leaving safepoint region
[2025-10-02T08:13:17.475+0000][43096.461s][5523][5530][info ] Total time for which application threads were stopped: 0.0014645 seconds, Stopping threads took: 0.0012955 seconds
[2025-10-02T08:13:18.475+0000][43097.461s][5523][5530][info ] Application time: 1.0001184 seconds
[2025-10-02T08:13:18.475+0000][43097.461s][5523][5530][info ] Entering safepoint region: Cleanup
[2025-10-02T08:13:18.475+0000][43097.461s][5523][5530][info ] Leaving safepoint region
[2025-10-02T08:13:18.475+0000][43097.461s][5523][5530][info ] Total time for which application threads were stopped: 0.0001603 seconds, Stopping threads took: 0.0000414 seconds
[2025-10-02T08:13:19.475+0000][43098.461s][5523][5530][info ] Application time: 1.0002260 seconds
[2025-10-02T08:13:19.475+0000][43098.461s][5523][5530][info ] Entering safepoint region: Cleanup
[2025-10-02T08:13:19.475+0000][43098.462s][5523][5530][info ] Leaving safepoint region
[2025-10-02T08:13:19.475+0000][43098.462s][5523][5530][info ] Total time for which application threads were stopped: 0.0001359 seconds, Stopping threads took: 0.0000253 seconds
[2025-10-02T08:13:20.476+0000][43099.462s][5523][5530][info ] Application time: 1.0001144 seconds
[2025-10-02T08:13:20.476+0000][43099.462s][5523][5530][info ] Entering safepoint region: Cleanup
[2025-10-02T08:13:20.476+0000][43099.462s][5523][5530][info ] Leaving safepoint region
[2025-10-02T08:13:20.476+0000][43099.462s][5523][5530][info ] Total time for which application threads were stopped: 0.0001305 seconds, Stopping threads took: 0.0000220 seconds
[2025-10-02T08:13:21.476+0000][43100.462s][5523][5530][info ] Application time: 1.0001046 seconds
[2025-10-02T08:13:21.476+0000][43100.462s][5523][5530][info ] Entering safepoint region: Cleanup
[2025-10-02T08:13:21.476+0000][43100.462s][5523][5530][info ] Leaving safepoint region
[2025-10-02T08:13:21.476+0000][43100.462s][5523][5530][info ] Total time for which application threads were stopped: 0.0001303 seconds, Stopping threads took: 0.0000213 seconds
[2025-10-02T08:13:22.404+0000][43101.390s][5523][5529][trace] CMS: promo attempt is safe: available(767642064) >= av_promo(5147342), max_promo(16639992)
[2025-10-02T08:13:22.476+0000][43101.462s][5523][5530][info ] Application time: 1.0001058 seconds
[2025-10-02T08:13:22.476+0000][43101.462s][5523][5530][info ] Entering safepoint region: Cleanup
[2025-10-02T08:13:22.476+0000][43101.463s][5523][5530][info ] Leaving safepoint region
[2025-10-02T08:13:22.476+0000][43101.463s][5523][5530][info ] Total time for which application threads were stopped: 0.0001391 seconds, Stopping threads took: 0.0000241 seconds
[2025-10-02T08:13:23.476+0000][43102.463s][5523][5530][info ] Application time: 1.0001060 seconds
[2025-10-02T08:13:23.476+0000][43102.463s][5523][5530][info ] Entering safepoint region: Cleanup
[2025-10-02T08:13:23.477+0000][43102.463s][5523][5530][info ] Leaving safepoint region
[2025-10-02T08:13:23.477+0000][43102.463s][5523][5530][info ] Total time for which application threads were stopped: 0.0001801 seconds, Stopping threads took: 0.0000300 seconds
[2025-10-02T08:13:24.477+0000][43103.463s][5523][5530][info ] Application time: 1.0001079 seconds
[2025-10-02T08:13:24.477+0000][43103.463s][5523][5530][info ] Entering safepoint region: Cleanup
[2025-10-02T08:13:24.477+0000][43103.463s][5523][5530][info ] Leaving safepoint region
[2025-10-02T08:13:24.477+0000][43103.463s][5523][5530][info ] Total time for which application threads were stopped: 0.0001374 seconds, Stopping threads took: 0.0000243 seconds
[2025-10-02T08:13:25.477+0000][43104.463s][5523][5530][info ] Application time: 1.0000857 seconds
[2025-10-02T08:13:25.477+0000][43104.463s][5523][5530][info ] Entering safepoint region: Cleanup
[2025-10-02T08:13:25.477+0000][43104.463s][5523][5530][info ] Leaving safepoint region
[2025-10-02T08:13:25.477+0000][43104.463s][5523][5530][info ] Total time for which application threads were stopped: 0.0001381 seconds, Stopping threads took: 0.0000226 seconds
[2025-10-02T08:13:26.477+0000][43105.464s][5523][5530][info ] Application time: 1.0001131 seconds
[2025-10-02T08:13:26.477+0000][43105.464s][5523][5530][info ] Entering safepoint region: Cleanup
[2025-10-02T08:13:26.478+0000][43105.464s][5523][5530][info ] Leaving safepoint region
[2025-10-02T08:13:26.478+0000][43105.464s][5523][5530][info ] Total time for which application threads were stopped: 0.0001597 seconds, Stopping threads took: 0.0000222 seconds
[2025-10-02T08:13:27.478+0000][43106.464s][5523][5530][info ] Application time: 1.0001037 seconds
[2025-10-02T08:13:27.478+0000][43106.464s][5523][5530][info ] Entering safepoint region: Cleanup
[2025-10-02T08:13:27.479+0000][43106.465s][5523][5530][info ] Leaving safepoint region
[2025-10-02T08:13:27.479+0000][43106.465s][5523][5530][info ] Total time for which application threads were stopped: 0.0011215 seconds, Stopping threads took: 0.0010011 seconds
[2025-10-02T08:13:28.479+0000][43107.465s][5523][5530][info ] Application time: 1.0001076 seconds
[2025-10-02T08:13:28.479+0000][43107.465s][5523][5530][info ] Entering safepoint region: Cleanup
[2025-10-02T08:13:28.479+0000][43107.465s][5523][5530][info ] Leaving safepoint region
[2025-10-02T08:13:28.479+0000][43107.465s][5523][5530][info ] Total time for which application threads were stopped: 0.0002242 seconds, Stopping threads took: 0.0001089 seconds
[2025-10-02T08:13:29.479+0000][43108.466s][5523][5530][info ] Application time: 1.0001021 seconds
[2025-10-02T08:13:29.479+0000][43108.466s][5523][5530][info ] Entering safepoint region: Cleanup
[2025-10-02T08:13:29.480+0000][43108.466s][5523][5530][info ] Leaving safepoint region
[2025-10-02T08:13:29.480+0000][43108.466s][5523][5530][info ] Total time for which application threads were stopped: 0.0001507 seconds, Stopping threads took: 0.0000206 seconds
[2025-10-02T08:13:30.480+0000][43109.466s][5523][5530][info ] Application time: 1.0001045 seconds
[2025-10-02T08:13:30.480+0000][43109.466s][5523][5530][info ] Entering safepoint region: Cleanup
[2025-10-02T08:13:30.480+0000][43109.466s][5523][5530][info ] Leaving safepoint region
[2025-10-02T08:13:30.480+0000][43109.466s][5523][5530][info ] Total time for which application threads were stopped: 0.0001411 seconds, Stopping threads took: 0.0000238 seconds
[2025-10-02T08:13:31.480+0000][43110.466s][5523][5530][info ] Application time: 1.0000919 seconds
[2025-10-02T08:13:31.480+0000][43110.466s][5523][5530][info ] Entering safepoint region: Cleanup
[2025-10-02T08:13:31.480+0000][43110.466s][5523][5530][info ] Leaving safepoint region
[2025-10-02T08:13:31.480+0000][43110.466s][5523][5530][info ] Total time for which application threads were stopped: 0.0001327 seconds, Stopping threads took: 0.0000227 seconds
[2025-10-02T08:13:32.404+0000][43111.391s][5523][5529][trace] CMS: promo attempt is safe: available(767642064) >= av_promo(5147342), max_promo(17651496)
[2025-10-02T08:13:32.480+0000][43111.466s][5523][5530][info ] Application time: 1.0000946 seconds
[2025-10-02T08:13:32.480+0000][43111.467s][5523][5530][info ] Entering safepoint region: Cleanup
[2025-10-02T08:13:32.480+0000][43111.467s][5523][5530][info ] Leaving safepoint region
[2025-10-02T08:13:32.480+0000][43111.467s][5523][5530][info ] Total time for which application threads were stopped: 0.0001450 seconds, Stopping threads took: 0.0000361 seconds
[2025-10-02T08:13:33.481+0000][43112.467s][5523][5530][info ] Application time: 1.0001189 seconds
[2025-10-02T08:13:33.481+0000][43112.467s][5523][5530][info ] Entering safepoint region: Cleanup
[2025-10-02T08:13:33.481+0000][43112.467s][5523][5530][info ] Leaving safepoint region
[2025-10-02T08:13:33.481+0000][43112.467s][5523][5530][info ] Total time for which application threads were stopped: 0.0001279 seconds, Stopping threads took: 0.0000223 seconds
[2025-10-02T08:13:34.481+0000][43113.467s][5523][5530][info ] Application time: 1.0001012 seconds
[2025-10-02T08:13:34.481+0000][43113.467s][5523][5530][info ] Entering safepoint region: Cleanup
[2025-10-02T08:13:34.481+0000][43113.467s][5523][5530][info ] Leaving safepoint region
[2025-10-02T08:13:34.481+0000][43113.467s][5523][5530][info ] Total time for which application threads were stopped: 0.0001324 seconds, Stopping threads took: 0.0000245 seconds
[2025-10-02T08:13:35.481+0000][43114.467s][5523][5530][info ] Application time: 1.0000819 seconds
[2025-10-02T08:13:35.481+0000][43114.467s][5523][5530][info ] Entering safepoint region: Cleanup
[2025-10-02T08:13:35.481+0000][43114.467s][5523][5530][info ] Leaving safepoint region
[2025-10-02T08:13:35.481+0000][43114.467s][5523][5530][info ] Total time for which application threads were stopped: 0.0001299 seconds, Stopping threads took: 0.0000228 seconds
[2025-10-02T08:13:36.481+0000][43115.468s][5523][5530][info ] Application time: 1.0000776 seconds
[2025-10-02T08:13:36.481+0000][43115.468s][5523][5530][info ] Entering safepoint region: Cleanup
[2025-10-02T08:13:36.482+0000][43115.468s][5523][5530][info ] Leaving safepoint region
[2025-10-02T08:13:36.482+0000][43115.468s][5523][5530][info ] Total time for which application threads were stopped: 0.0001545 seconds, Stopping threads took: 0.0000234 seconds
[2025-10-02T08:13:37.482+0000][43116.468s][5523][5530][info ] Application time: 1.0000764 seconds
[2025-10-02T08:13:37.482+0000][43116.468s][5523][5530][info ] Entering safepoint region: Cleanup
[2025-10-02T08:13:37.482+0000][43116.468s][5523][5530][info ] Leaving safepoint region
[2025-10-02T08:13:37.482+0000][43116.468s][5523][5530][info ] Total time for which application threads were stopped: 0.0001324 seconds, Stopping threads took: 0.0000235 seconds
[2025-10-02T08:13:38.482+0000][43117.468s][5523][5530][info ] Application time: 1.0000847 seconds
[2025-10-02T08:13:38.482+0000][43117.468s][5523][5530][info ] Entering safepoint region: Cleanup
[2025-10-02T08:13:38.482+0000][43117.468s][5523][5530][info ] Leaving safepoint region
[2025-10-02T08:13:38.482+0000][43117.468s][5523][5530][info ] Total time for which application threads were stopped: 0.0001300 seconds, Stopping threads took: 0.0000210 seconds
[2025-10-02T08:13:39.482+0000][43118.468s][5523][5530][info ] Application time: 1.0000895 seconds
[2025-10-02T08:13:39.482+0000][43118.468s][5523][5530][info ] Entering safepoint region: Cleanup
[2025-10-02T08:13:39.482+0000][43118.469s][5523][5530][info ] Leaving safepoint region
[2025-10-02T08:13:39.482+0000][43118.469s][5523][5530][info ] Total time for which application threads were stopped: 0.0001317 seconds, Stopping threads took: 0.0000228 seconds
[2025-10-02T08:13:40.483+0000][43119.469s][5523][5530][info ] Application time: 1.0001240 seconds
[2025-10-02T08:13:40.483+0000][43119.469s][5523][5530][info ] Entering safepoint region: Cleanup
[2025-10-02T08:13:40.483+0000][43119.469s][5523][5530][info ] Leaving safepoint region
[2025-10-02T08:13:40.483+0000][43119.469s][5523][5530][info ] Total time for which application threads were stopped: 0.0001461 seconds, Stopping threads took: 0.0000236 seconds
[2025-10-02T08:13:41.483+0000][43120.469s][5523][5530][info ] Application time: 1.0001045 seconds
[2025-10-02T08:13:41.483+0000][43120.469s][5523][5530][info ] Entering safepoint region: Cleanup
[2025-10-02T08:13:41.483+0000][43120.469s][5523][5530][info ] Leaving safepoint region
[2025-10-02T08:13:41.483+0000][43120.469s][5523][5530][info ] Total time for which application threads were stopped: 0.0002525 seconds, Stopping threads took: 0.0000229 seconds
[2025-10-02T08:13:42.404+0000][43121.390s][5523][5529][trace] CMS: promo attempt is safe: available(767642064) >= av_promo(5147342), max_promo(17825736)
[2025-10-02T08:13:42.483+0000][43121.469s][5523][5530][info ] Application time: 1.0001018 seconds
[2025-10-02T08:13:42.483+0000][43121.470s][5523][5530][info ] Entering safepoint region: Cleanup
[2025-10-02T08:13:42.483+0000][43121.470s][5523][5530][info ] Leaving safepoint region
[2025-10-02T08:13:42.483+0000][43121.470s][5523][5530][info ] Total time for which application threads were stopped: 0.0001474 seconds, Stopping threads took: 0.0000227 seconds
[2025-10-02T08:13:43.484+0000][43122.470s][5523][5530][info ] Application time: 1.0000847 seconds
[2025-10-02T08:13:43.484+0000][43122.470s][5523][5530][info ] Entering safepoint region: Cleanup
[2025-10-02T08:13:43.484+0000][43122.470s][5523][5530][info ] Leaving safepoint region
[2025-10-02T08:13:43.484+0000][43122.470s][5523][5530][info ] Total time for which application threads were stopped: 0.0001383 seconds, Stopping threads took: 0.0000245 seconds
[2025-10-02T08:13:44.484+0000][43123.470s][5523][5530][info ] Application time: 1.0001043 seconds
[2025-10-02T08:13:44.484+0000][43123.470s][5523][5530][info ] Entering safepoint region: Cleanup
[2025-10-02T08:13:44.484+0000][43123.470s][5523][5530][info ] Leaving safepoint region
[2025-10-02T08:13:44.484+0000][43123.470s][5523][5530][info ] Total time for which application threads were stopped: 0.0001376 seconds, Stopping threads took: 0.0000250 seconds
[2025-10-02T08:13:45.484+0000][43124.470s][5523][5530][info ] Application time: 1.0001024 seconds
[2025-10-02T08:13:45.484+0000][43124.470s][5523][5530][info ] Entering safepoint region: Cleanup
[2025-10-02T08:13:45.484+0000][43124.471s][5523][5530][info ] Leaving safepoint region
[2025-10-02T08:13:45.484+0000][43124.471s][5523][5530][info ] Total time for which application threads were stopped: 0.0001540 seconds, Stopping threads took: 0.0000275 seconds
[2025-10-02T08:13:46.484+0000][43125.471s][5523][5530][info ] Application time: 1.0000836 seconds
[2025-10-02T08:13:46.485+0000][43125.471s][5523][5530][info ] Entering safepoint region: Cleanup
[2025-10-02T08:13:46.485+0000][43125.471s][5523][5530][info ] Leaving safepoint region
[2025-10-02T08:13:46.485+0000][43125.471s][5523][5530][info ] Total time for which application threads were stopped: 0.0001389 seconds, Stopping threads took: 0.0000257 seconds
[2025-10-02T08:13:47.485+0000][43126.471s][5523][5530][info ] Application time: 1.0000950 seconds
[2025-10-02T08:13:47.485+0000][43126.471s][5523][5530][info ] Entering safepoint region: Cleanup
[2025-10-02T08:13:47.486+0000][43126.472s][5523][5530][info ] Leaving safepoint region
[2025-10-02T08:13:47.486+0000][43126.472s][5523][5530][info ] Total time for which application threads were stopped: 0.0013100 seconds, Stopping threads took: 0.0011743 seconds
[2025-10-02T08:13:48.486+0000][43127.472s][5523][5530][info ] Application time: 1.0001097 seconds
[2025-10-02T08:13:48.486+0000][43127.473s][5523][5530][info ] Entering safepoint region: Cleanup
[2025-10-02T08:13:48.486+0000][43127.473s][5523][5530][info ] Leaving safepoint region
[2025-10-02T08:13:48.486+0000][43127.473s][5523][5530][info ] Total time for which application threads were stopped: 0.0001437 seconds, Stopping threads took: 0.0000232 seconds
[2025-10-02T08:13:49.487+0000][43128.473s][5523][5530][info ] Application time: 1.0001040 seconds
[2025-10-02T08:13:49.487+0000][43128.473s][5523][5530][info ] Entering safepoint region: Cleanup
[2025-10-02T08:13:49.487+0000][43128.473s][5523][5530][info ] Leaving safepoint region
[2025-10-02T08:13:49.487+0000][43128.473s][5523][5530][info ] Total time for which application threads were stopped: 0.0001469 seconds, Stopping threads took: 0.0000223 seconds
[2025-10-02T08:13:50.487+0000][43129.473s][5523][5530][info ] Application time: 1.0000774 seconds
[2025-10-02T08:13:50.487+0000][43129.473s][5523][5530][info ] Entering safepoint region: Cleanup
[2025-10-02T08:13:50.487+0000][43129.473s][5523][5530][info ] Leaving safepoint region
[2025-10-02T08:13:50.487+0000][43129.473s][5523][5530][info ] Total time for which application threads were stopped: 0.0002161 seconds, Stopping threads took: 0.0000227 seconds
[2025-10-02T08:13:51.487+0000][43130.473s][5523][5530][info ] Application time: 1.0001009 seconds
[2025-10-02T08:13:51.487+0000][43130.474s][5523][5530][info ] Entering safepoint region: Cleanup
[2025-10-02T08:13:51.487+0000][43130.474s][5523][5530][info ] Leaving safepoint region
[2025-10-02T08:13:51.487+0000][43130.474s][5523][5530][info ] Total time for which application threads were stopped: 0.0001328 seconds, Stopping threads took: 0.0000235 seconds
[2025-10-02T08:13:52.404+0000][43131.390s][5523][5529][trace] CMS: promo attempt is safe: available(767642064) >= av_promo(5147342), max_promo(17828392)
[2025-10-02T08:13:52.488+0000][43131.474s][5523][5530][info ] Application time: 1.0001229 seconds
[2025-10-02T08:13:52.488+0000][43131.474s][5523][5530][info ] Entering safepoint region: Cleanup
[2025-10-02T08:13:52.488+0000][43131.474s][5523][5530][info ] Leaving safepoint region
[2025-10-02T08:13:52.488+0000][43131.474s][5523][5530][info ] Total time for which application threads were stopped: 0.0001327 seconds, Stopping threads took: 0.0000229 seconds
[2025-10-02T08:13:53.488+0000][43132.474s][5523][5530][info ] Application time: 1.0000825 seconds
[2025-10-02T08:13:53.488+0000][43132.474s][5523][5530][info ] Entering safepoint region: Cleanup
[2025-10-02T08:13:53.488+0000][43132.474s][5523][5530][info ] Leaving safepoint region
[2025-10-02T08:13:53.488+0000][43132.474s][5523][5530][info ] Total time for which application threads were stopped: 0.0001306 seconds, Stopping threads took: 0.0000213 seconds
[2025-10-02T08:13:54.488+0000][43133.474s][5523][5530][info ] Application time: 1.0001027 seconds
[2025-10-02T08:13:54.488+0000][43133.474s][5523][5530][info ] Entering safepoint region: Cleanup
[2025-10-02T08:13:54.488+0000][43133.475s][5523][5530][info ] Leaving safepoint region
[2025-10-02T08:13:54.488+0000][43133.475s][5523][5530][info ] Total time for which application threads were stopped: 0.0001405 seconds, Stopping threads took: 0.0000210 seconds
[2025-10-02T08:13:55.488+0000][43134.475s][5523][5530][info ] Application time: 1.0001020 seconds
[2025-10-02T08:13:55.488+0000][43134.475s][5523][5530][info ] Entering safepoint region: Cleanup
[2025-10-02T08:13:55.489+0000][43134.475s][5523][5530][info ] Leaving safepoint region
[2025-10-02T08:13:55.489+0000][43134.475s][5523][5530][info ] Total time for which application threads were stopped: 0.0001521 seconds, Stopping threads took: 0.0000244 seconds
[2025-10-02T08:13:56.489+0000][43135.475s][5523][5530][info ] Application time: 1.0000985 seconds
[2025-10-02T08:13:56.489+0000][43135.475s][5523][5530][info ] Entering safepoint region: Cleanup
[2025-10-02T08:13:56.489+0000][43135.475s][5523][5530][info ] Leaving safepoint region
[2025-10-02T08:13:56.489+0000][43135.475s][5523][5530][info ] Total time for which application threads were stopped: 0.0001250 seconds, Stopping threads took: 0.0000200 seconds
[2025-10-02T08:13:57.489+0000][43136.475s][5523][5530][info ] Application time: 1.0000975 seconds
[2025-10-02T08:13:57.489+0000][43136.475s][5523][5530][info ] Entering safepoint region: Cleanup
[2025-10-02T08:13:57.489+0000][43136.475s][5523][5530][info ] Leaving safepoint region
[2025-10-02T08:13:57.489+0000][43136.475s][5523][5530][info ] Total time for which application threads were stopped: 0.0001484 seconds, Stopping threads took: 0.0000324 seconds
[2025-10-02T08:13:58.489+0000][43137.476s][5523][5530][info ] Application time: 1.0001016 seconds
[2025-10-02T08:13:58.489+0000][43137.476s][5523][5530][info ] Entering safepoint region: Cleanup
[2025-10-02T08:13:58.490+0000][43137.476s][5523][5530][info ] Leaving safepoint region
[2025-10-02T08:13:58.490+0000][43137.476s][5523][5530][info ] Total time for which application threads were stopped: 0.0001787 seconds, Stopping threads took: 0.0000295 seconds
[2025-10-02T08:13:59.490+0000][43138.476s][5523][5530][info ] Application time: 1.0000954 seconds
[2025-10-02T08:13:59.490+0000][43138.476s][5523][5530][info ] Entering safepoint region: Cleanup
[2025-10-02T08:13:59.490+0000][43138.476s][5523][5530][info ] Leaving safepoint region
[2025-10-02T08:13:59.490+0000][43138.476s][5523][5530][info ] Total time for which application threads were stopped: 0.0001294 seconds, Stopping threads took: 0.0000236 seconds
[2025-10-02T08:14:00.490+0000][43139.476s][5523][5530][info ] Application time: 1.0001084 seconds
[2025-10-02T08:14:00.490+0000][43139.476s][5523][5530][info ] Entering safepoint region: Cleanup
[2025-10-02T08:14:00.490+0000][43139.476s][5523][5530][info ] Leaving safepoint region
[2025-10-02T08:14:00.490+0000][43139.476s][5523][5530][info ] Total time for which application threads were stopped: 0.0001374 seconds, Stopping threads took: 0.0000269 seconds
[2025-10-02T08:14:01.490+0000][43140.476s][5523][5530][info ] Application time: 1.0001086 seconds
[2025-10-02T08:14:01.490+0000][43140.477s][5523][5530][info ] Entering safepoint region: Cleanup
[2025-10-02T08:14:01.490+0000][43140.477s][5523][5530][info ] Leaving safepoint region
[2025-10-02T08:14:01.490+0000][43140.477s][5523][5530][info ] Total time for which application threads were stopped: 0.0001471 seconds, Stopping threads took: 0.0000265 seconds
[2025-10-02T08:14:02.404+0000][43141.390s][5523][5529][trace] CMS: promo attempt is safe: available(767642064) >= av_promo(5147342), max_promo(17828392)
[2025-10-02T08:14:02.491+0000][43141.477s][5523][5530][info ] Application time: 1.0000944 seconds
[2025-10-02T08:14:02.491+0000][43141.477s][5523][5530][info ] Entering safepoint region: Cleanup
[2025-10-02T08:14:02.491+0000][43141.477s][5523][5530][info ] Leaving safepoint region
[2025-10-02T08:14:02.491+0000][43141.477s][5523][5530][info ] Total time for which application threads were stopped: 0.0001483 seconds, Stopping threads took: 0.0000251 seconds
[2025-10-02T08:14:03.491+0000][43142.477s][5523][5530][info ] Application time: 1.0001066 seconds
[2025-10-02T08:14:03.491+0000][43142.477s][5523][5530][info ] Entering safepoint region: Cleanup
[2025-10-02T08:14:03.491+0000][43142.477s][5523][5530][info ] Leaving safepoint region
[2025-10-02T08:14:03.491+0000][43142.477s][5523][5530][info ] Total time for which application threads were stopped: 0.0002334 seconds, Stopping threads took: 0.0000231 seconds
[2025-10-02T08:14:04.491+0000][43143.478s][5523][5530][info ] Application time: 1.0001108 seconds
[2025-10-02T08:14:04.491+0000][43143.478s][5523][5530][info ] Entering safepoint region: Cleanup
[2025-10-02T08:14:04.491+0000][43143.478s][5523][5530][info ] Leaving safepoint region
[2025-10-02T08:14:04.491+0000][43143.478s][5523][5530][info ] Total time for which application threads were stopped: 0.0001337 seconds, Stopping threads took: 0.0000246 seconds
[2025-10-02T08:14:05.492+0000][43144.478s][5523][5530][info ] Application time: 1.0001157 seconds
[2025-10-02T08:14:05.492+0000][43144.478s][5523][5530][info ] Entering safepoint region: Cleanup
[2025-10-02T08:14:05.492+0000][43144.478s][5523][5530][info ] Leaving safepoint region
[2025-10-02T08:14:05.492+0000][43144.478s][5523][5530][info ] Total time for which application threads were stopped: 0.0001340 seconds, Stopping threads took: 0.0000228 seconds
[2025-10-02T08:14:06.492+0000][43145.478s][5523][5530][info ] Application time: 1.0001034 seconds
[2025-10-02T08:14:06.492+0000][43145.478s][5523][5530][info ] Entering safepoint region: Cleanup
[2025-10-02T08:14:06.492+0000][43145.478s][5523][5530][info ] Leaving safepoint region
[2025-10-02T08:14:06.492+0000][43145.478s][5523][5530][info ] Total time for which application threads were stopped: 0.0001383 seconds, Stopping threads took: 0.0000249 seconds
[2025-10-02T08:14:07.492+0000][43146.478s][5523][5530][info ] Application time: 1.0000953 seconds
[2025-10-02T08:14:07.492+0000][43146.478s][5523][5530][info ] Entering safepoint region: Cleanup
[2025-10-02T08:14:07.492+0000][43146.479s][5523][5530][info ] Leaving safepoint region
[2025-10-02T08:14:07.492+0000][43146.479s][5523][5530][info ] Total time for which application threads were stopped: 0.0001441 seconds, Stopping threads took: 0.0000318 seconds
[2025-10-02T08:14:08.492+0000][43147.479s][5523][5530][info ] Application time: 1.0000879 seconds
[2025-10-02T08:14:08.493+0000][43147.479s][5523][5530][info ] Entering safepoint region: Cleanup
[2025-10-02T08:14:08.493+0000][43147.479s][5523][5530][info ] Leaving safepoint region
[2025-10-02T08:14:08.493+0000][43147.479s][5523][5530][info ] Total time for which application threads were stopped: 0.0001360 seconds, Stopping threads took: 0.0000266 seconds
[2025-10-02T08:14:09.493+0000][43148.479s][5523][5530][info ] Application time: 1.0001716 seconds
[2025-10-02T08:14:09.493+0000][43148.479s][5523][5530][info ] Entering safepoint region: Cleanup
[2025-10-02T08:14:09.493+0000][43148.479s][5523][5530][info ] Leaving safepoint region
[2025-10-02T08:14:09.493+0000][43148.479s][5523][5530][info ] Total time for which application threads were stopped: 0.0001327 seconds, Stopping threads took: 0.0000229 seconds
[2025-10-02T08:14:10.493+0000][43149.479s][5523][5530][info ] Application time: 1.0001002 seconds
[2025-10-02T08:14:10.493+0000][43149.479s][5523][5530][info ] Entering safepoint region: Cleanup
[2025-10-02T08:14:10.493+0000][43149.480s][5523][5530][info ] Leaving safepoint region
[2025-10-02T08:14:10.493+0000][43149.480s][5523][5530][info ] Total time for which application threads were stopped: 0.0001307 seconds, Stopping threads took: 0.0000235 seconds
[2025-10-02T08:14:11.493+0000][43150.480s][5523][5530][info ] Application time: 1.0000914 seconds
[2025-10-02T08:14:11.493+0000][43150.480s][5523][5530][info ] Entering safepoint region: Cleanup
[2025-10-02T08:14:11.494+0000][43150.480s][5523][5530][info ] Leaving safepoint region
[2025-10-02T08:14:11.494+0000][43150.480s][5523][5530][info ] Total time for which application threads were stopped: 0.0001612 seconds, Stopping threads took: 0.0000241 seconds
[2025-10-02T08:14:12.403+0000][43151.389s][5523][5529][trace] CMS: promo attempt is safe: available(767642064) >= av_promo(5147342), max_promo(18001616)
[2025-10-02T08:14:12.494+0000][43151.480s][5523][5530][info ] Application time: 1.0000929 seconds
[2025-10-02T08:14:12.494+0000][43151.480s][5523][5530][info ] Entering safepoint region: Cleanup
[2025-10-02T08:14:12.494+0000][43151.480s][5523][5530][info ] Leaving safepoint region
[2025-10-02T08:14:12.494+0000][43151.480s][5523][5530][info ] Total time for which application threads were stopped: 0.0001436 seconds, Stopping threads took: 0.0000268 seconds
[2025-10-02T08:14:13.494+0000][43152.480s][5523][5530][info ] Application time: 1.0001125 seconds
[2025-10-02T08:14:13.494+0000][43152.480s][5523][5530][info ] Entering safepoint region: Cleanup
[2025-10-02T08:14:13.494+0000][43152.480s][5523][5530][info ] Leaving safepoint region
[2025-10-02T08:14:13.494+0000][43152.480s][5523][5530][info ] Total time for which application threads were stopped: 0.0001357 seconds, Stopping threads took: 0.0000221 seconds
[2025-10-02T08:14:14.494+0000][43153.481s][5523][5530][info ] Application time: 1.0001068 seconds
[2025-10-02T08:14:14.494+0000][43153.481s][5523][5530][info ] Entering safepoint region: Cleanup
[2025-10-02T08:14:14.495+0000][43153.481s][5523][5530][info ] Leaving safepoint region
[2025-10-02T08:14:14.495+0000][43153.481s][5523][5530][info ] Total time for which application threads were stopped: 0.0001753 seconds, Stopping threads took: 0.0000223 seconds
[2025-10-02T08:14:15.495+0000][43154.481s][5523][5530][info ] Application time: 1.0001007 seconds
[2025-10-02T08:14:15.495+0000][43154.481s][5523][5530][info ] Entering safepoint region: Cleanup
[2025-10-02T08:14:15.495+0000][43154.481s][5523][5530][info ] Leaving safepoint region
[2025-10-02T08:14:15.495+0000][43154.481s][5523][5530][info ] Total time for which application threads were stopped: 0.0001352 seconds, Stopping threads took: 0.0000224 seconds
[2025-10-02T08:14:16.495+0000][43155.481s][5523][5530][info ] Application time: 1.0001751 seconds
[2025-10-02T08:14:16.495+0000][43155.481s][5523][5530][info ] Entering safepoint region: Cleanup
[2025-10-02T08:14:16.495+0000][43155.481s][5523][5530][info ] Leaving safepoint region
[2025-10-02T08:14:16.495+0000][43155.481s][5523][5530][info ] Total time for which application threads were stopped: 0.0001356 seconds, Stopping threads took: 0.0000241 seconds
[2025-10-02T08:14:17.495+0000][43156.482s][5523][5530][info ] Application time: 1.0000986 seconds
[2025-10-02T08:14:17.495+0000][43156.482s][5523][5530][info ] Entering safepoint region: Cleanup
[2025-10-02T08:14:17.496+0000][43156.482s][5523][5530][info ] Leaving safepoint region
[2025-10-02T08:14:17.496+0000][43156.482s][5523][5530][info ] Total time for which application threads were stopped: 0.0001761 seconds, Stopping threads took: 0.0000253 seconds
[2025-10-02T08:14:18.496+0000][43157.482s][5523][5530][info ] Application time: 1.0000775 seconds
[2025-10-02T08:14:18.496+0000][43157.482s][5523][5530][info ] Entering safepoint region: Cleanup
[2025-10-02T08:14:18.496+0000][43157.482s][5523][5530][info ] Leaving safepoint region
[2025-10-02T08:14:18.496+0000][43157.482s][5523][5530][info ] Total time for which application threads were stopped: 0.0001327 seconds, Stopping threads took: 0.0000247 seconds
[2025-10-02T08:14:19.496+0000][43158.482s][5523][5530][info ] Application time: 1.0000985 seconds
[2025-10-02T08:14:19.496+0000][43158.482s][5523][5530][info ] Entering safepoint region: Cleanup
[2025-10-02T08:14:19.496+0000][43158.482s][5523][5530][info ] Leaving safepoint region
[2025-10-02T08:14:19.496+0000][43158.482s][5523][5530][info ] Total time for which application threads were stopped: 0.0001368 seconds, Stopping threads took: 0.0000264 seconds
[2025-10-02T08:14:20.496+0000][43159.482s][5523][5530][info ] Application time: 1.0001025 seconds
[2025-10-02T08:14:20.496+0000][43159.483s][5523][5530][info ] Entering safepoint region: Cleanup
[2025-10-02T08:14:20.496+0000][43159.483s][5523][5530][info ] Leaving safepoint region
[2025-10-02T08:14:20.496+0000][43159.483s][5523][5530][info ] Total time for which application threads were stopped: 0.0001542 seconds, Stopping threads took: 0.0000403 seconds
[2025-10-02T08:14:21.497+0000][43160.483s][5523][5530][info ] Application time: 1.0000713 seconds
[2025-10-02T08:14:21.497+0000][43160.483s][5523][5530][info ] Entering safepoint region: Cleanup
[2025-10-02T08:14:21.497+0000][43160.483s][5523][5530][info ] Leaving safepoint region
[2025-10-02T08:14:21.497+0000][43160.483s][5523][5530][info ] Total time for which application threads were stopped: 0.0001311 seconds, Stopping threads took: 0.0000232 seconds
[2025-10-02T08:14:22.403+0000][43161.389s][5523][5529][trace] CMS: promo attempt is safe: available(767642064) >= av_promo(5147342), max_promo(19569464)
[2025-10-02T08:14:22.497+0000][43161.483s][5523][5530][info ] Application time: 1.0001048 seconds
[2025-10-02T08:14:22.497+0000][43161.483s][5523][5530][info ] Entering safepoint region: Cleanup
[2025-10-02T08:14:22.497+0000][43161.483s][5523][5530][info ] Leaving safepoint region
[2025-10-02T08:14:22.497+0000][43161.483s][5523][5530][info ] Total time for which application threads were stopped: 0.0001304 seconds, Stopping threads took: 0.0000234 seconds
[2025-10-02T08:14:23.497+0000][43162.483s][5523][5530][info ] Application time: 1.0000871 seconds
[2025-10-02T08:14:23.497+0000][43162.483s][5523][5530][info ] Entering safepoint region: Cleanup
[2025-10-02T08:14:23.497+0000][43162.483s][5523][5530][info ] Leaving safepoint region
[2025-10-02T08:14:23.497+0000][43162.483s][5523][5530][info ] Total time for which application threads were stopped: 0.0001306 seconds, Stopping threads took: 0.0000227 seconds
[2025-10-02T08:14:24.497+0000][43163.484s][5523][5530][info ] Application time: 1.0001056 seconds
[2025-10-02T08:14:24.497+0000][43163.484s][5523][5530][info ] Entering safepoint region: Cleanup
[2025-10-02T08:14:24.498+0000][43163.484s][5523][5530][info ] Leaving safepoint region
[2025-10-02T08:14:24.498+0000][43163.484s][5523][5530][info ] Total time for which application threads were stopped: 0.0001574 seconds, Stopping threads took: 0.0000228 seconds
[2025-10-02T08:14:25.498+0000][43164.484s][5523][5530][info ] Application time: 1.0001003 seconds
[2025-10-02T08:14:25.498+0000][43164.484s][5523][5530][info ] Entering safepoint region: Cleanup
[2025-10-02T08:14:25.498+0000][43164.484s][5523][5530][info ] Leaving safepoint region
[2025-10-02T08:14:25.498+0000][43164.484s][5523][5530][info ] Total time for which application threads were stopped: 0.0001366 seconds, Stopping threads took: 0.0000239 seconds
[2025-10-02T08:14:26.498+0000][43165.484s][5523][5530][info ] Application time: 1.0001023 seconds
[2025-10-02T08:14:26.498+0000][43165.484s][5523][5530][info ] Entering safepoint region: Cleanup
[2025-10-02T08:14:26.498+0000][43165.484s][5523][5530][info ] Leaving safepoint region
[2025-10-02T08:14:26.498+0000][43165.484s][5523][5530][info ] Total time for which application threads were stopped: 0.0001604 seconds, Stopping threads took: 0.0000275 seconds
[2025-10-02T08:14:27.498+0000][43166.485s][5523][5530][info ] Application time: 1.0001184 seconds
[2025-10-02T08:14:27.498+0000][43166.485s][5523][5530][info ] Entering safepoint region: Cleanup
[2025-10-02T08:14:27.500+0000][43166.486s][5523][5530][info ] Leaving safepoint region
[2025-10-02T08:14:27.500+0000][43166.486s][5523][5530][info ] Total time for which application threads were stopped: 0.0012869 seconds, Stopping threads took: 0.0011363 seconds
[2025-10-02T08:14:28.500+0000][43167.486s][5523][5530][info ] Application time: 1.0001140 seconds
[2025-10-02T08:14:28.500+0000][43167.486s][5523][5530][info ] Entering safepoint region: Cleanup
[2025-10-02T08:14:28.500+0000][43167.486s][5523][5530][info ] Leaving safepoint region
[2025-10-02T08:14:28.500+0000][43167.486s][5523][5530][info ] Total time for which application threads were stopped: 0.0001372 seconds, Stopping threads took: 0.0000263 seconds
[2025-10-02T08:14:29.500+0000][43168.486s][5523][5530][info ] Application time: 1.0000885 seconds
[2025-10-02T08:14:29.500+0000][43168.486s][5523][5530][info ] Entering safepoint region: Cleanup
[2025-10-02T08:14:29.500+0000][43168.486s][5523][5530][info ] Leaving safepoint region
[2025-10-02T08:14:29.500+0000][43168.487s][5523][5530][info ] Total time for which application threads were stopped: 0.0001311 seconds, Stopping threads took: 0.0000226 seconds
[2025-10-02T08:14:30.500+0000][43169.487s][5523][5530][info ] Application time: 1.0001027 seconds
[2025-10-02T08:14:30.500+0000][43169.487s][5523][5530][info ] Entering safepoint region: Cleanup
[2025-10-02T08:14:30.501+0000][43169.487s][5523][5530][info ] Leaving safepoint region
[2025-10-02T08:14:30.501+0000][43169.487s][5523][5530][info ] Total time for which application threads were stopped: 0.0001962 seconds, Stopping threads took: 0.0000242 seconds
[2025-10-02T08:14:31.501+0000][43170.487s][5523][5530][info ] Application time: 1.0001125 seconds
[2025-10-02T08:14:31.501+0000][43170.487s][5523][5530][info ] Entering safepoint region: Cleanup
[2025-10-02T08:14:31.501+0000][43170.487s][5523][5530][info ] Leaving safepoint region
[2025-10-02T08:14:31.501+0000][43170.487s][5523][5530][info ] Total time for which application threads were stopped: 0.0001366 seconds, Stopping threads took: 0.0000238 seconds
[2025-10-02T08:14:32.402+0000][43171.388s][5523][5529][trace] CMS: promo attempt is safe: available(767642064) >= av_promo(5147342), max_promo(20580984)
[2025-10-02T08:14:32.501+0000][43171.487s][5523][5530][info ] Application time: 1.0001088 seconds
[2025-10-02T08:14:32.501+0000][43171.487s][5523][5530][info ] Entering safepoint region: Cleanup
[2025-10-02T08:14:32.501+0000][43171.487s][5523][5530][info ] Leaving safepoint region
[2025-10-02T08:14:32.501+0000][43171.487s][5523][5530][info ] Total time for which application threads were stopped: 0.0001385 seconds, Stopping threads took: 0.0000232 seconds
[2025-10-02T08:14:33.501+0000][43172.488s][5523][5530][info ] Application time: 1.0001027 seconds
[2025-10-02T08:14:33.501+0000][43172.488s][5523][5530][info ] Entering safepoint region: Cleanup
[2025-10-02T08:14:33.502+0000][43172.488s][5523][5530][info ] Leaving safepoint region
[2025-10-02T08:14:33.502+0000][43172.488s][5523][5530][info ] Total time for which application threads were stopped: 0.0001554 seconds, Stopping threads took: 0.0000196 seconds
[2025-10-02T08:14:34.502+0000][43173.488s][5523][5530][info ] Application time: 1.0001061 seconds
[2025-10-02T08:14:34.502+0000][43173.488s][5523][5530][info ] Entering safepoint region: Cleanup
[2025-10-02T08:14:34.502+0000][43173.488s][5523][5530][info ] Leaving safepoint region
[2025-10-02T08:14:34.502+0000][43173.488s][5523][5530][info ] Total time for which application threads were stopped: 0.0001448 seconds, Stopping threads took: 0.0000235 seconds
[2025-10-02T08:14:35.502+0000][43174.488s][5523][5530][info ] Application time: 1.0000965 seconds
[2025-10-02T08:14:35.502+0000][43174.488s][5523][5530][info ] Entering safepoint region: Cleanup
[2025-10-02T08:14:35.502+0000][43174.488s][5523][5530][info ] Leaving safepoint region
[2025-10-02T08:14:35.502+0000][43174.488s][5523][5530][info ] Total time for which application threads were stopped: 0.0001297 seconds, Stopping threads took: 0.0000228 seconds
[2025-10-02T08:14:36.502+0000][43175.488s][5523][5530][info ] Application time: 1.0000890 seconds
[2025-10-02T08:14:36.502+0000][43175.489s][5523][5530][info ] Entering safepoint region: Cleanup
[2025-10-02T08:14:36.502+0000][43175.489s][5523][5530][info ] Leaving safepoint region
[2025-10-02T08:14:36.502+0000][43175.489s][5523][5530][info ] Total time for which application threads were stopped: 0.0001342 seconds, Stopping threads took: 0.0000252 seconds
[2025-10-02T08:14:37.503+0000][43176.489s][5523][5530][info ] Application time: 1.0000893 seconds
[2025-10-02T08:14:37.503+0000][43176.489s][5523][5530][info ] Entering safepoint region: Cleanup
[2025-10-02T08:14:37.504+0000][43176.490s][5523][5530][info ] Leaving safepoint region
[2025-10-02T08:14:37.504+0000][43176.490s][5523][5530][info ] Total time for which application threads were stopped: 0.0013185 seconds, Stopping threads took: 0.0011879 seconds
[2025-10-02T08:14:38.504+0000][43177.490s][5523][5530][info ] Application time: 1.0001044 seconds
[2025-10-02T08:14:38.504+0000][43177.490s][5523][5530][info ] Entering safepoint region: Cleanup
[2025-10-02T08:14:38.504+0000][43177.490s][5523][5530][info ] Leaving safepoint region
[2025-10-02T08:14:38.504+0000][43177.490s][5523][5530][info ] Total time for which application threads were stopped: 0.0001416 seconds, Stopping threads took: 0.0000236 seconds
[2025-10-02T08:14:39.504+0000][43178.491s][5523][5530][info ] Application time: 1.0001048 seconds
[2025-10-02T08:14:39.504+0000][43178.491s][5523][5530][info ] Entering safepoint region: Cleanup
[2025-10-02T08:14:39.504+0000][43178.491s][5523][5530][info ] Leaving safepoint region
[2025-10-02T08:14:39.504+0000][43178.491s][5523][5530][info ] Total time for which application threads were stopped: 0.0001286 seconds, Stopping threads took: 0.0000221 seconds
[2025-10-02T08:14:40.505+0000][43179.491s][5523][5530][info ] Application time: 1.0001009 seconds
[2025-10-02T08:14:40.505+0000][43179.491s][5523][5530][info ] Entering safepoint region: Cleanup
[2025-10-02T08:14:40.505+0000][43179.491s][5523][5530][info ] Leaving safepoint region
[2025-10-02T08:14:40.505+0000][43179.491s][5523][5530][info ] Total time for which application threads were stopped: 0.0001329 seconds, Stopping threads took: 0.0000228 seconds
[2025-10-02T08:14:41.505+0000][43180.491s][5523][5530][info ] Application time: 1.0001019 seconds
[2025-10-02T08:14:41.505+0000][43180.491s][5523][5530][info ] Entering safepoint region: Cleanup
[2025-10-02T08:14:41.505+0000][43180.491s][5523][5530][info ] Leaving safepoint region
[2025-10-02T08:14:41.505+0000][43180.491s][5523][5530][info ] Total time for which application threads were stopped: 0.0001275 seconds, Stopping threads took: 0.0000222 seconds
[2025-10-02T08:14:42.402+0000][43181.388s][5523][5529][trace] CMS: promo attempt is safe: available(767642064) >= av_promo(5147342), max_promo(20755256)
[2025-10-02T08:14:42.505+0000][43181.491s][5523][5530][info ] Application time: 1.0001139 seconds
[2025-10-02T08:14:42.505+0000][43181.491s][5523][5530][info ] Entering safepoint region: Cleanup
[2025-10-02T08:14:42.505+0000][43181.492s][5523][5530][info ] Leaving safepoint region
[2025-10-02T08:14:42.505+0000][43181.492s][5523][5530][info ] Total time for which application threads were stopped: 0.0001312 seconds, Stopping threads took: 0.0000223 seconds
[2025-10-02T08:14:43.505+0000][43182.492s][5523][5530][info ] Application time: 1.0001031 seconds
[2025-10-02T08:14:43.506+0000][43182.492s][5523][5530][info ] Entering safepoint region: Cleanup
[2025-10-02T08:14:43.506+0000][43182.492s][5523][5530][info ] Leaving safepoint region
[2025-10-02T08:14:43.506+0000][43182.492s][5523][5530][info ] Total time for which application threads were stopped: 0.0001335 seconds, Stopping threads took: 0.0000238 seconds
[2025-10-02T08:14:44.506+0000][43183.492s][5523][5530][info ] Application time: 1.0000894 seconds
[2025-10-02T08:14:44.506+0000][43183.492s][5523][5530][info ] Entering safepoint region: Cleanup
[2025-10-02T08:14:44.506+0000][43183.492s][5523][5530][info ] Leaving safepoint region
[2025-10-02T08:14:44.506+0000][43183.492s][5523][5530][info ] Total time for which application threads were stopped: 0.0001451 seconds, Stopping threads took: 0.0000269 seconds
[2025-10-02T08:14:45.506+0000][43184.492s][5523][5530][info ] Application time: 1.0001020 seconds
[2025-10-02T08:14:45.506+0000][43184.492s][5523][5530][info ] Entering safepoint region: Cleanup
[2025-10-02T08:14:45.506+0000][43184.492s][5523][5530][info ] Leaving safepoint region
[2025-10-02T08:14:45.506+0000][43184.492s][5523][5530][info ] Total time for which application threads were stopped: 0.0001408 seconds, Stopping threads took: 0.0000221 seconds
[2025-10-02T08:14:46.506+0000][43185.493s][5523][5530][info ] Application time: 1.0000889 seconds
[2025-10-02T08:14:46.506+0000][43185.493s][5523][5530][info ] Entering safepoint region: Cleanup
[2025-10-02T08:14:46.507+0000][43185.493s][5523][5530][info ] Leaving safepoint region
[2025-10-02T08:14:46.507+0000][43185.493s][5523][5530][info ] Total time for which application threads were stopped: 0.0001589 seconds, Stopping threads took: 0.0000263 seconds
[2025-10-02T08:14:47.507+0000][43186.493s][5523][5530][info ] Application time: 1.0001002 seconds
[2025-10-02T08:14:47.507+0000][43186.493s][5523][5530][info ] Entering safepoint region: Cleanup
[2025-10-02T08:14:47.508+0000][43186.494s][5523][5530][info ] Leaving safepoint region
[2025-10-02T08:14:47.508+0000][43186.494s][5523][5530][info ] Total time for which application threads were stopped: 0.0012827 seconds, Stopping threads took: 0.0011421 seconds
[2025-10-02T08:14:48.508+0000][43187.494s][5523][5530][info ] Application time: 1.0001020 seconds
[2025-10-02T08:14:48.508+0000][43187.494s][5523][5530][info ] Entering safepoint region: Cleanup
[2025-10-02T08:14:48.508+0000][43187.495s][5523][5530][info ] Leaving safepoint region
[2025-10-02T08:14:48.508+0000][43187.495s][5523][5530][info ] Total time for which application threads were stopped: 0.0001318 seconds, Stopping threads took: 0.0000215 seconds
[2025-10-02T08:14:49.508+0000][43188.495s][5523][5530][info ] Application time: 1.0001069 seconds
[2025-10-02T08:14:49.509+0000][43188.495s][5523][5530][info ] Entering safepoint region: Cleanup
[2025-10-02T08:14:49.509+0000][43188.495s][5523][5530][info ] Leaving safepoint region
[2025-10-02T08:14:49.509+0000][43188.495s][5523][5530][info ] Total time for which application threads were stopped: 0.0001690 seconds, Stopping threads took: 0.0000539 seconds
[2025-10-02T08:14:50.509+0000][43189.495s][5523][5530][info ] Application time: 1.0000999 seconds
[2025-10-02T08:14:50.509+0000][43189.495s][5523][5530][info ] Entering safepoint region: Cleanup
[2025-10-02T08:14:50.509+0000][43189.495s][5523][5530][info ] Leaving safepoint region
[2025-10-02T08:14:50.509+0000][43189.495s][5523][5530][info ] Total time for which application threads were stopped: 0.0001452 seconds, Stopping threads took: 0.0000318 seconds
[2025-10-02T08:14:51.509+0000][43190.495s][5523][5530][info ] Application time: 1.0001031 seconds
[2025-10-02T08:14:51.509+0000][43190.495s][5523][5530][info ] Entering safepoint region: Cleanup
[2025-10-02T08:14:51.509+0000][43190.495s][5523][5530][info ] Leaving safepoint region
[2025-10-02T08:14:51.509+0000][43190.495s][5523][5530][info ] Total time for which application threads were stopped: 0.0001408 seconds, Stopping threads took: 0.0000307 seconds
[2025-10-02T08:14:52.401+0000][43191.388s][5523][5529][trace] CMS: promo attempt is safe: available(767642064) >= av_promo(5147342), max_promo(20755256)
[2025-10-02T08:14:52.509+0000][43191.496s][5523][5530][info ] Application time: 1.0000902 seconds
[2025-10-02T08:14:52.509+0000][43191.496s][5523][5530][info ] Entering safepoint region: Cleanup
[2025-10-02T08:14:52.510+0000][43191.496s][5523][5530][info ] Leaving safepoint region
[2025-10-02T08:14:52.510+0000][43191.496s][5523][5530][info ] Total time for which application threads were stopped: 0.0001632 seconds, Stopping threads took: 0.0000222 seconds
[2025-10-02T08:14:53.510+0000][43192.496s][5523][5530][info ] Application time: 1.0001128 seconds
[2025-10-02T08:14:53.510+0000][43192.496s][5523][5530][info ] Entering safepoint region: Cleanup
[2025-10-02T08:14:53.510+0000][43192.496s][5523][5530][info ] Leaving safepoint region
[2025-10-02T08:14:53.510+0000][43192.496s][5523][5530][info ] Total time for which application threads were stopped: 0.0001366 seconds, Stopping threads took: 0.0000252 seconds
[2025-10-02T08:14:54.510+0000][43193.496s][5523][5530][info ] Application time: 1.0001027 seconds
[2025-10-02T08:14:54.510+0000][43193.496s][5523][5530][info ] Entering safepoint region: Cleanup
[2025-10-02T08:14:54.510+0000][43193.496s][5523][5530][info ] Leaving safepoint region
[2025-10-02T08:14:54.510+0000][43193.496s][5523][5530][info ] Total time for which application threads were stopped: 0.0001581 seconds, Stopping threads took: 0.0000233 seconds
[2025-10-02T08:14:55.510+0000][43194.497s][5523][5530][info ] Application time: 1.0000904 seconds
[2025-10-02T08:14:55.510+0000][43194.497s][5523][5530][info ] Entering safepoint region: Cleanup
[2025-10-02T08:14:55.510+0000][43194.497s][5523][5530][info ] Leaving safepoint region
[2025-10-02T08:14:55.510+0000][43194.497s][5523][5530][info ] Total time for which application threads were stopped: 0.0001313 seconds, Stopping threads took: 0.0000233 seconds
[2025-10-02T08:14:56.511+0000][43195.497s][5523][5530][info ] Application time: 1.0001170 seconds
[2025-10-02T08:14:56.511+0000][43195.497s][5523][5530][info ] Entering safepoint region: Cleanup
[2025-10-02T08:14:56.511+0000][43195.497s][5523][5530][info ] Leaving safepoint region
[2025-10-02T08:14:56.511+0000][43195.497s][5523][5530][info ] Total time for which application threads were stopped: 0.0001356 seconds, Stopping threads took: 0.0000220 seconds
[2025-10-02T08:14:57.511+0000][43196.497s][5523][5530][info ] Application time: 1.0000982 seconds
[2025-10-02T08:14:57.511+0000][43196.497s][5523][5530][info ] Entering safepoint region: Cleanup
[2025-10-02T08:14:57.511+0000][43196.497s][5523][5530][info ] Leaving safepoint region
[2025-10-02T08:14:57.511+0000][43196.497s][5523][5530][info ] Total time for which application threads were stopped: 0.0002272 seconds, Stopping threads took: 0.0000223 seconds
[2025-10-02T08:14:58.511+0000][43197.498s][5523][5530][info ] Application time: 1.0001137 seconds
[2025-10-02T08:14:58.511+0000][43197.498s][5523][5530][info ] Entering safepoint region: Cleanup
[2025-10-02T08:14:58.511+0000][43197.498s][5523][5530][info ] Leaving safepoint region
[2025-10-02T08:14:58.511+0000][43197.498s][5523][5530][info ] Total time for which application threads were stopped: 0.0001330 seconds, Stopping threads took: 0.0000233 seconds
[2025-10-02T08:14:59.512+0000][43198.498s][5523][5530][info ] Application time: 1.0000992 seconds
[2025-10-02T08:14:59.512+0000][43198.498s][5523][5530][info ] Entering safepoint region: Cleanup
[2025-10-02T08:14:59.512+0000][43198.498s][5523][5530][info ] Leaving safepoint region
[2025-10-02T08:14:59.512+0000][43198.498s][5523][5530][info ] Total time for which application threads were stopped: 0.0001341 seconds, Stopping threads took: 0.0000237 seconds
[2025-10-02T08:15:00.512+0000][43199.498s][5523][5530][info ] Application time: 1.0000958 seconds
[2025-10-02T08:15:00.512+0000][43199.498s][5523][5530][info ] Entering safepoint region: Cleanup
[2025-10-02T08:15:00.512+0000][43199.498s][5523][5530][info ] Leaving safepoint region
[2025-10-02T08:15:00.512+0000][43199.498s][5523][5530][info ] Total time for which application threads were stopped: 0.0001350 seconds, Stopping threads took: 0.0000225 seconds
[2025-10-02T08:15:01.522+0000][43200.508s][5523][5530][info ] Application time: 1.0095070 seconds
[2025-10-02T08:15:01.533+0000][43200.519s][5523][5530][info ] Entering safepoint region: Cleanup
[2025-10-02T08:15:01.541+0000][43200.527s][5523][5530][info ] Leaving safepoint region
[2025-10-02T08:15:01.541+0000][43200.527s][5523][5530][info ] Total time for which application threads were stopped: 0.0082585 seconds, Stopping threads took: 0.0034114 seconds
[2025-10-02T08:15:02.401+0000][43201.388s][5523][5529][trace] CMS: promo attempt is safe: available(767642064) >= av_promo(5147342), max_promo(20757912)
[2025-10-02T08:15:02.542+0000][43201.528s][5523][5530][info ] Application time: 1.0003342 seconds
[2025-10-02T08:15:02.542+0000][43201.528s][5523][5530][info ] Entering safepoint region: Cleanup
[2025-10-02T08:15:02.542+0000][43201.528s][5523][5530][info ] Leaving safepoint region
[2025-10-02T08:15:02.542+0000][43201.528s][5523][5530][info ] Total time for which application threads were stopped: 0.0001529 seconds, Stopping threads took: 0.0000246 seconds
[2025-10-02T08:15:03.542+0000][43202.528s][5523][5530][info ] Application time: 1.0000989 seconds
[2025-10-02T08:15:03.542+0000][43202.528s][5523][5530][info ] Entering safepoint region: Cleanup
[2025-10-02T08:15:03.542+0000][43202.528s][5523][5530][info ] Leaving safepoint region
[2025-10-02T08:15:03.542+0000][43202.528s][5523][5530][info ] Total time for which application threads were stopped: 0.0001416 seconds, Stopping threads took: 0.0000236 seconds
[2025-10-02T08:15:04.542+0000][43203.528s][5523][5530][info ] Application time: 1.0001310 seconds
[2025-10-02T08:15:04.542+0000][43203.529s][5523][5530][info ] Entering safepoint region: Cleanup
[2025-10-02T08:15:04.542+0000][43203.529s][5523][5530][info ] Leaving safepoint region
[2025-10-02T08:15:04.542+0000][43203.529s][5523][5530][info ] Total time for which application threads were stopped: 0.0001346 seconds, Stopping threads took: 0.0000244 seconds
[2025-10-02T08:15:05.543+0000][43204.529s][5523][5530][info ] Application time: 1.0001040 seconds
[2025-10-02T08:15:05.543+0000][43204.529s][5523][5530][info ] Entering safepoint region: Cleanup
[2025-10-02T08:15:05.543+0000][43204.529s][5523][5530][info ] Leaving safepoint region
[2025-10-02T08:15:05.543+0000][43204.529s][5523][5530][info ] Total time for which application threads were stopped: 0.0001546 seconds, Stopping threads took: 0.0000255 seconds
[2025-10-02T08:15:06.543+0000][43205.529s][5523][5530][info ] Application time: 1.0001099 seconds
[2025-10-02T08:15:06.543+0000][43205.529s][5523][5530][info ] Entering safepoint region: Cleanup
[2025-10-02T08:15:06.543+0000][43205.529s][5523][5530][info ] Leaving safepoint region
[2025-10-02T08:15:06.543+0000][43205.529s][5523][5530][info ] Total time for which application threads were stopped: 0.0002462 seconds, Stopping threads took: 0.0000222 seconds
[2025-10-02T08:15:07.543+0000][43206.530s][5523][5530][info ] Application time: 1.0001022 seconds
[2025-10-02T08:15:07.543+0000][43206.530s][5523][5530][info ] Entering safepoint region: Cleanup
[2025-10-02T08:15:07.545+0000][43206.531s][5523][5530][info ] Leaving safepoint region
[2025-10-02T08:15:07.545+0000][43206.531s][5523][5530][info ] Total time for which application threads were stopped: 0.0013295 seconds, Stopping threads took: 0.0011789 seconds
[2025-10-02T08:15:08.545+0000][43207.531s][5523][5530][info ] Application time: 1.0001035 seconds
[2025-10-02T08:15:08.545+0000][43207.531s][5523][5530][info ] Entering safepoint region: Cleanup
[2025-10-02T08:15:08.545+0000][43207.531s][5523][5530][info ] Leaving safepoint region
[2025-10-02T08:15:08.545+0000][43207.531s][5523][5530][info ] Total time for which application threads were stopped: 0.0001583 seconds, Stopping threads took: 0.0000396 seconds
[2025-10-02T08:15:09.545+0000][43208.531s][5523][5530][info ] Application time: 1.0001095 seconds
[2025-10-02T08:15:09.545+0000][43208.531s][5523][5530][info ] Entering safepoint region: Cleanup
[2025-10-02T08:15:09.545+0000][43208.531s][5523][5530][info ] Leaving safepoint region
[2025-10-02T08:15:09.545+0000][43208.532s][5523][5530][info ] Total time for which application threads were stopped: 0.0001313 seconds, Stopping threads took: 0.0000221 seconds
[2025-10-02T08:15:10.545+0000][43209.532s][5523][5530][info ] Application time: 1.0001145 seconds
[2025-10-02T08:15:10.545+0000][43209.532s][5523][5530][info ] Entering safepoint region: Cleanup
[2025-10-02T08:15:10.546+0000][43209.532s][5523][5530][info ] Leaving safepoint region
[2025-10-02T08:15:10.546+0000][43209.532s][5523][5530][info ] Total time for which application threads were stopped: 0.0001570 seconds, Stopping threads took: 0.0000243 seconds
[2025-10-02T08:15:11.546+0000][43210.532s][5523][5530][info ] Application time: 1.0000826 seconds
[2025-10-02T08:15:11.546+0000][43210.532s][5523][5530][info ] Entering safepoint region: Cleanup
[2025-10-02T08:15:11.546+0000][43210.532s][5523][5530][info ] Leaving safepoint region
[2025-10-02T08:15:11.546+0000][43210.532s][5523][5530][info ] Total time for which application threads were stopped: 0.0001300 seconds, Stopping threads took: 0.0000222 seconds
[2025-10-02T08:15:12.401+0000][43211.387s][5523][5529][trace] CMS: promo attempt is safe: available(767642064) >= av_promo(5147342), max_promo(21694456)
[2025-10-02T08:15:12.546+0000][43211.532s][5523][5530][info ] Application time: 1.0001019 seconds
[2025-10-02T08:15:12.546+0000][43211.532s][5523][5530][info ] Entering safepoint region: Cleanup
[2025-10-02T08:15:12.546+0000][43211.532s][5523][5530][info ] Leaving safepoint region
[2025-10-02T08:15:12.546+0000][43211.532s][5523][5530][info ] Total time for which application threads were stopped: 0.0001413 seconds, Stopping threads took: 0.0000313 seconds
[2025-10-02T08:15:13.546+0000][43212.533s][5523][5530][info ] Application time: 1.0000962 seconds
[2025-10-02T08:15:13.546+0000][43212.533s][5523][5530][info ] Entering safepoint region: Cleanup
[2025-10-02T08:15:13.546+0000][43212.533s][5523][5530][info ] Leaving safepoint region
[2025-10-02T08:15:13.546+0000][43212.533s][5523][5530][info ] Total time for which application threads were stopped: 0.0001322 seconds, Stopping threads took: 0.0000234 seconds
[2025-10-02T08:15:14.547+0000][43213.533s][5523][5530][info ] Application time: 1.0000580 seconds
[2025-10-02T08:15:14.547+0000][43213.533s][5523][5530][info ] Entering safepoint region: Cleanup
[2025-10-02T08:15:14.547+0000][43213.533s][5523][5530][info ] Leaving safepoint region
[2025-10-02T08:15:14.547+0000][43213.533s][5523][5530][info ] Total time for which application threads were stopped: 0.0001315 seconds, Stopping threads took: 0.0000217 seconds
[2025-10-02T08:15:15.547+0000][43214.533s][5523][5530][info ] Application time: 1.0001036 seconds
[2025-10-02T08:15:15.547+0000][43214.533s][5523][5530][info ] Entering safepoint region: Cleanup
[2025-10-02T08:15:15.547+0000][43214.533s][5523][5530][info ] Leaving safepoint region
[2025-10-02T08:15:15.547+0000][43214.533s][5523][5530][info ] Total time for which application threads were stopped: 0.0002202 seconds, Stopping threads took: 0.0000196 seconds
[2025-10-02T08:15:16.547+0000][43215.533s][5523][5530][info ] Application time: 1.0001070 seconds
[2025-10-02T08:15:16.547+0000][43215.533s][5523][5530][info ] Entering safepoint region: Cleanup
[2025-10-02T08:15:16.547+0000][43215.534s][5523][5530][info ] Leaving safepoint region
[2025-10-02T08:15:16.547+0000][43215.534s][5523][5530][info ] Total time for which application threads were stopped: 0.0001306 seconds, Stopping threads took: 0.0000225 seconds
[2025-10-02T08:15:17.548+0000][43216.534s][5523][5530][info ] Application time: 1.0001014 seconds
[2025-10-02T08:15:17.548+0000][43216.534s][5523][5530][info ] Entering safepoint region: Cleanup
[2025-10-02T08:15:17.548+0000][43216.534s][5523][5530][info ] Leaving safepoint region
[2025-10-02T08:15:17.548+0000][43216.534s][5523][5530][info ] Total time for which application threads were stopped: 0.0001474 seconds, Stopping threads took: 0.0000314 seconds
[2025-10-02T08:15:18.548+0000][43217.534s][5523][5530][info ] Application time: 1.0001193 seconds
[2025-10-02T08:15:18.548+0000][43217.534s][5523][5530][info ] Entering safepoint region: Cleanup
[2025-10-02T08:15:18.548+0000][43217.534s][5523][5530][info ] Leaving safepoint region
[2025-10-02T08:15:18.548+0000][43217.534s][5523][5530][info ] Total time for which application threads were stopped: 0.0001359 seconds, Stopping threads took: 0.0000237 seconds
[2025-10-02T08:15:19.548+0000][43218.534s][5523][5530][info ] Application time: 1.0001004 seconds
[2025-10-02T08:15:19.548+0000][43218.534s][5523][5530][info ] Entering safepoint region: Cleanup
[2025-10-02T08:15:19.548+0000][43218.535s][5523][5530][info ] Leaving safepoint region
[2025-10-02T08:15:19.548+0000][43218.535s][5523][5530][info ] Total time for which application threads were stopped: 0.0001322 seconds, Stopping threads took: 0.0000242 seconds
[2025-10-02T08:15:20.548+0000][43219.535s][5523][5530][info ] Application time: 1.0001110 seconds
[2025-10-02T08:15:20.549+0000][43219.535s][5523][5530][info ] Entering safepoint region: Cleanup
[2025-10-02T08:15:20.549+0000][43219.535s][5523][5530][info ] Leaving safepoint region
[2025-10-02T08:15:20.549+0000][43219.535s][5523][5530][info ] Total time for which application threads were stopped: 0.0001661 seconds, Stopping threads took: 0.0000541 seconds
[2025-10-02T08:15:21.549+0000][43220.535s][5523][5530][info ] Application time: 1.0000943 seconds
[2025-10-02T08:15:21.549+0000][43220.535s][5523][5530][info ] Entering safepoint region: Cleanup
[2025-10-02T08:15:21.549+0000][43220.535s][5523][5530][info ] Leaving safepoint region
[2025-10-02T08:15:21.549+0000][43220.535s][5523][5530][info ] Total time for which application threads were stopped: 0.0001392 seconds, Stopping threads took: 0.0000262 seconds
[2025-10-02T08:15:22.401+0000][43221.387s][5523][5529][trace] CMS: promo attempt is safe: available(767642064) >= av_promo(5147342), max_promo(21701144)
[2025-10-02T08:15:22.549+0000][43221.535s][5523][5530][info ] Application time: 1.0001188 seconds
[2025-10-02T08:15:22.549+0000][43221.535s][5523][5530][info ] Entering safepoint region: Cleanup
[2025-10-02T08:15:22.549+0000][43221.536s][5523][5530][info ] Leaving safepoint region
[2025-10-02T08:15:22.549+0000][43221.536s][5523][5530][info ] Total time for which application threads were stopped: 0.0001929 seconds, Stopping threads took: 0.0000829 seconds
[2025-10-02T08:15:23.549+0000][43222.536s][5523][5530][info ] Application time: 1.0000966 seconds
[2025-10-02T08:15:23.549+0000][43222.536s][5523][5530][info ] Entering safepoint region: Cleanup
[2025-10-02T08:15:23.550+0000][43222.536s][5523][5530][info ] Leaving safepoint region
[2025-10-02T08:15:23.550+0000][43222.536s][5523][5530][info ] Total time for which application threads were stopped: 0.0001504 seconds, Stopping threads took: 0.0000423 seconds
[2025-10-02T08:15:24.550+0000][43223.536s][5523][5530][info ] Application time: 1.0000801 seconds
[2025-10-02T08:15:24.550+0000][43223.536s][5523][5530][info ] Entering safepoint region: Cleanup
[2025-10-02T08:15:24.550+0000][43223.536s][5523][5530][info ] Leaving safepoint region
[2025-10-02T08:15:24.550+0000][43223.536s][5523][5530][info ] Total time for which application threads were stopped: 0.0001388 seconds, Stopping threads took: 0.0000259 seconds
[2025-10-02T08:15:25.550+0000][43224.536s][5523][5530][info ] Application time: 1.0000817 seconds
[2025-10-02T08:15:25.550+0000][43224.536s][5523][5530][info ] Entering safepoint region: Cleanup
[2025-10-02T08:15:25.550+0000][43224.536s][5523][5530][info ] Leaving safepoint region
[2025-10-02T08:15:25.550+0000][43224.536s][5523][5530][info ] Total time for which application threads were stopped: 0.0001335 seconds, Stopping threads took: 0.0000231 seconds
[2025-10-02T08:15:26.550+0000][43225.537s][5523][5530][info ] Application time: 1.0001016 seconds
[2025-10-02T08:15:26.550+0000][43225.537s][5523][5530][info ] Entering safepoint region: Cleanup
[2025-10-02T08:15:26.550+0000][43225.537s][5523][5530][info ] Leaving safepoint region
[2025-10-02T08:15:26.550+0000][43225.537s][5523][5530][info ] Total time for which application threads were stopped: 0.0001384 seconds, Stopping threads took: 0.0000234 seconds
[2025-10-02T08:15:27.551+0000][43226.537s][5523][5530][info ] Application time: 1.0000984 seconds
[2025-10-02T08:15:27.551+0000][43226.537s][5523][5530][info ] Entering safepoint region: Cleanup
[2025-10-02T08:15:27.552+0000][43226.539s][5523][5530][info ] Leaving safepoint region
[2025-10-02T08:15:27.552+0000][43226.539s][5523][5530][info ] Total time for which application threads were stopped: 0.0016810 seconds, Stopping threads took: 0.0015440 seconds
[2025-10-02T08:15:28.552+0000][43227.539s][5523][5530][info ] Application time: 1.0000991 seconds
[2025-10-02T08:15:28.553+0000][43227.539s][5523][5530][info ] Entering safepoint region: Cleanup
[2025-10-02T08:15:28.553+0000][43227.539s][5523][5530][info ] Leaving safepoint region
[2025-10-02T08:15:28.553+0000][43227.539s][5523][5530][info ] Total time for which application threads were stopped: 0.0001591 seconds, Stopping threads took: 0.0000464 seconds
[2025-10-02T08:15:29.553+0000][43228.539s][5523][5530][info ] Application time: 1.0000939 seconds
[2025-10-02T08:15:29.553+0000][43228.539s][5523][5530][info ] Entering safepoint region: Cleanup
[2025-10-02T08:15:29.553+0000][43228.539s][5523][5530][info ] Leaving safepoint region
[2025-10-02T08:15:29.553+0000][43228.539s][5523][5530][info ] Total time for which application threads were stopped: 0.0001642 seconds, Stopping threads took: 0.0000401 seconds
[2025-10-02T08:15:30.553+0000][43229.539s][5523][5530][info ] Application time: 1.0001071 seconds
[2025-10-02T08:15:30.553+0000][43229.539s][5523][5530][info ] Entering safepoint region: Cleanup
[2025-10-02T08:15:30.553+0000][43229.539s][5523][5530][info ] Leaving safepoint region
[2025-10-02T08:15:30.553+0000][43229.539s][5523][5530][info ] Total time for which application threads were stopped: 0.0001302 seconds, Stopping threads took: 0.0000234 seconds
[2025-10-02T08:15:31.553+0000][43230.540s][5523][5530][info ] Application time: 1.0000943 seconds
[2025-10-02T08:15:31.553+0000][43230.540s][5523][5530][info ] Entering safepoint region: Cleanup
[2025-10-02T08:15:31.554+0000][43230.540s][5523][5530][info ] Leaving safepoint region
[2025-10-02T08:15:31.554+0000][43230.540s][5523][5530][info ] Total time for which application threads were stopped: 0.0001502 seconds, Stopping threads took: 0.0000214 seconds
[2025-10-02T08:15:32.401+0000][43231.387s][5523][5529][trace] CMS: promo attempt is safe: available(767642064) >= av_promo(5147342), max_promo(24403672)
[2025-10-02T08:15:32.554+0000][43231.540s][5523][5530][info ] Application time: 1.0000939 seconds
[2025-10-02T08:15:32.554+0000][43231.540s][5523][5530][info ] Entering safepoint region: Cleanup
[2025-10-02T08:15:32.554+0000][43231.540s][5523][5530][info ] Leaving safepoint region
[2025-10-02T08:15:32.554+0000][43231.540s][5523][5530][info ] Total time for which application threads were stopped: 0.0001406 seconds, Stopping threads took: 0.0000260 seconds
[2025-10-02T08:15:33.554+0000][43232.540s][5523][5530][info ] Application time: 1.0000863 seconds
[2025-10-02T08:15:33.554+0000][43232.540s][5523][5530][info ] Entering safepoint region: Cleanup
[2025-10-02T08:15:33.554+0000][43232.540s][5523][5530][info ] Leaving safepoint region
[2025-10-02T08:15:33.554+0000][43232.540s][5523][5530][info ] Total time for which application threads were stopped: 0.0001324 seconds, Stopping threads took: 0.0000243 seconds
[2025-10-02T08:15:34.554+0000][43233.540s][5523][5530][info ] Application time: 1.0000950 seconds
[2025-10-02T08:15:34.554+0000][43233.541s][5523][5530][info ] Entering safepoint region: Cleanup
[2025-10-02T08:15:34.554+0000][43233.541s][5523][5530][info ] Leaving safepoint region
[2025-10-02T08:15:34.554+0000][43233.541s][5523][5530][info ] Total time for which application threads were stopped: 0.0001357 seconds, Stopping threads took: 0.0000218 seconds
[2025-10-02T08:15:35.555+0000][43234.541s][5523][5530][info ] Application time: 1.0001193 seconds
[2025-10-02T08:15:35.555+0000][43234.541s][5523][5530][info ] Entering safepoint region: Cleanup
[2025-10-02T08:15:35.555+0000][43234.541s][5523][5530][info ] Leaving safepoint region
[2025-10-02T08:15:35.555+0000][43234.541s][5523][5530][info ] Total time for which application threads were stopped: 0.0001310 seconds, Stopping threads took: 0.0000223 seconds
[2025-10-02T08:15:36.555+0000][43235.541s][5523][5530][info ] Application time: 1.0000970 seconds
[2025-10-02T08:15:36.555+0000][43235.541s][5523][5530][info ] Entering safepoint region: Cleanup
[2025-10-02T08:15:36.555+0000][43235.541s][5523][5530][info ] Leaving safepoint region
[2025-10-02T08:15:36.555+0000][43235.541s][5523][5530][info ] Total time for which application threads were stopped: 0.0002716 seconds, Stopping threads took: 0.0000282 seconds
[2025-10-02T08:15:37.555+0000][43236.541s][5523][5530][info ] Application time: 1.0001079 seconds
[2025-10-02T08:15:37.555+0000][43236.542s][5523][5530][info ] Entering safepoint region: Cleanup
[2025-10-02T08:15:37.557+0000][43236.543s][5523][5530][info ] Leaving safepoint region
[2025-10-02T08:15:37.557+0000][43236.543s][5523][5530][info ] Total time for which application threads were stopped: 0.0012897 seconds, Stopping threads took: 0.0011313 seconds
[2025-10-02T08:15:38.557+0000][43237.543s][5523][5530][info ] Application time: 1.0000876 seconds
[2025-10-02T08:15:38.557+0000][43237.543s][5523][5530][info ] Entering safepoint region: Cleanup
[2025-10-02T08:15:38.557+0000][43237.543s][5523][5530][info ] Leaving safepoint region
[2025-10-02T08:15:38.557+0000][43237.543s][5523][5530][info ] Total time for which application threads were stopped: 0.0001319 seconds, Stopping threads took: 0.0000228 seconds
[2025-10-02T08:15:39.557+0000][43238.543s][5523][5530][info ] Application time: 1.0001004 seconds
[2025-10-02T08:15:39.557+0000][43238.543s][5523][5530][info ] Entering safepoint region: Cleanup
[2025-10-02T08:15:39.557+0000][43238.543s][5523][5530][info ] Leaving safepoint region
[2025-10-02T08:15:39.557+0000][43238.543s][5523][5530][info ] Total time for which application threads were stopped: 0.0001314 seconds, Stopping threads took: 0.0000228 seconds
[2025-10-02T08:15:40.557+0000][43239.544s][5523][5530][info ] Application time: 1.0000905 seconds
[2025-10-02T08:15:40.557+0000][43239.544s][5523][5530][info ] Entering safepoint region: Cleanup
[2025-10-02T08:15:40.557+0000][43239.544s][5523][5530][info ] Leaving safepoint region
[2025-10-02T08:15:40.557+0000][43239.544s][5523][5530][info ] Total time for which application threads were stopped: 0.0001324 seconds, Stopping threads took: 0.0000229 seconds
[2025-10-02T08:15:41.558+0000][43240.544s][5523][5530][info ] Application time: 1.0001027 seconds
[2025-10-02T08:15:41.558+0000][43240.544s][5523][5530][info ] Entering safepoint region: Cleanup
[2025-10-02T08:15:41.558+0000][43240.544s][5523][5530][info ] Leaving safepoint region
[2025-10-02T08:15:41.558+0000][43240.544s][5523][5530][info ] Total time for which application threads were stopped: 0.0001377 seconds, Stopping threads took: 0.0000229 seconds
[2025-10-02T08:15:42.400+0000][43241.386s][5523][5529][trace] CMS: promo attempt is safe: available(767642064) >= av_promo(5147342), max_promo(26018672)
[2025-10-02T08:15:42.558+0000][43241.544s][5523][5530][info ] Application time: 1.0001015 seconds
[2025-10-02T08:15:42.558+0000][43241.544s][5523][5530][info ] Entering safepoint region: Cleanup
[2025-10-02T08:15:42.558+0000][43241.544s][5523][5530][info ] Leaving safepoint region
[2025-10-02T08:15:42.558+0000][43241.544s][5523][5530][info ] Total time for which application threads were stopped: 0.0001489 seconds, Stopping threads took: 0.0000231 seconds
[2025-10-02T08:15:43.558+0000][43242.544s][5523][5530][info ] Application time: 1.0001016 seconds
[2025-10-02T08:15:43.558+0000][43242.544s][5523][5530][info ] Entering safepoint region: Cleanup
[2025-10-02T08:15:43.558+0000][43242.545s][5523][5530][info ] Leaving safepoint region
[2025-10-02T08:15:43.558+0000][43242.545s][5523][5530][info ] Total time for which application threads were stopped: 0.0001363 seconds, Stopping threads took: 0.0000227 seconds
[2025-10-02T08:15:44.558+0000][43243.545s][5523][5530][info ] Application time: 1.0001070 seconds
[2025-10-02T08:15:44.559+0000][43243.545s][5523][5530][info ] Entering safepoint region: Cleanup
[2025-10-02T08:15:44.559+0000][43243.545s][5523][5530][info ] Leaving safepoint region
[2025-10-02T08:15:44.559+0000][43243.545s][5523][5530][info ] Total time for which application threads were stopped: 0.0001392 seconds, Stopping threads took: 0.0000225 seconds
[2025-10-02T08:15:45.559+0000][43244.545s][5523][5530][info ] Application time: 1.0001139 seconds
[2025-10-02T08:15:45.559+0000][43244.545s][5523][5530][info ] Entering safepoint region: Cleanup
[2025-10-02T08:15:45.559+0000][43244.545s][5523][5530][info ] Leaving safepoint region
[2025-10-02T08:15:45.559+0000][43244.545s][5523][5530][info ] Total time for which application threads were stopped: 0.0002250 seconds, Stopping threads took: 0.0000262 seconds
[2025-10-02T08:15:46.559+0000][43245.545s][5523][5530][info ] Application time: 1.0001537 seconds
[2025-10-02T08:15:46.559+0000][43245.546s][5523][5530][info ] Entering safepoint region: Cleanup
[2025-10-02T08:15:46.560+0000][43245.546s][5523][5530][info ] Leaving safepoint region
[2025-10-02T08:15:46.560+0000][43245.546s][5523][5530][info ] Total time for which application threads were stopped: 0.0002887 seconds, Stopping threads took: 0.0000249 seconds
[2025-10-02T08:15:47.560+0000][43246.546s][5523][5530][info ] Application time: 1.0000916 seconds
[2025-10-02T08:15:47.560+0000][43246.546s][5523][5530][info ] Entering safepoint region: Cleanup
[2025-10-02T08:15:47.560+0000][43246.546s][5523][5530][info ] Leaving safepoint region
[2025-10-02T08:15:47.560+0000][43246.546s][5523][5530][info ] Total time for which application threads were stopped: 0.0001427 seconds, Stopping threads took: 0.0000229 seconds
[2025-10-02T08:15:48.560+0000][43247.546s][5523][5530][info ] Application time: 1.0000963 seconds
[2025-10-02T08:15:48.560+0000][43247.546s][5523][5530][info ] Entering safepoint region: Cleanup
[2025-10-02T08:15:48.560+0000][43247.546s][5523][5530][info ] Leaving safepoint region
[2025-10-02T08:15:48.560+0000][43247.546s][5523][5530][info ] Total time for which application threads were stopped: 0.0001453 seconds, Stopping threads took: 0.0000316 seconds
[2025-10-02T08:15:49.560+0000][43248.546s][5523][5530][info ] Application time: 1.0000755 seconds
[2025-10-02T08:15:49.560+0000][43248.547s][5523][5530][info ] Entering safepoint region: Cleanup
[2025-10-02T08:15:49.560+0000][43248.547s][5523][5530][info ] Leaving safepoint region
[2025-10-02T08:15:49.560+0000][43248.547s][5523][5530][info ] Total time for which application threads were stopped: 0.0001295 seconds, Stopping threads took: 0.0000214 seconds
[2025-10-02T08:15:50.561+0000][43249.547s][5523][5530][info ] Application time: 1.0001116 seconds
[2025-10-02T08:15:50.561+0000][43249.547s][5523][5530][info ] Entering safepoint region: Cleanup
[2025-10-02T08:15:50.561+0000][43249.547s][5523][5530][info ] Leaving safepoint region
[2025-10-02T08:15:50.561+0000][43249.547s][5523][5530][info ] Total time for which application threads were stopped: 0.0001319 seconds, Stopping threads took: 0.0000223 seconds
[2025-10-02T08:15:51.561+0000][43250.547s][5523][5530][info ] Application time: 1.0001020 seconds
[2025-10-02T08:15:51.561+0000][43250.547s][5523][5530][info ] Entering safepoint region: Cleanup
[2025-10-02T08:15:51.562+0000][43250.549s][5523][5530][info ] Leaving safepoint region
[2025-10-02T08:15:51.563+0000][43250.549s][5523][5530][info ] Total time for which application threads were stopped: 0.0016397 seconds, Stopping threads took: 0.0014797 seconds
[2025-10-02T08:15:52.400+0000][43251.386s][5523][5529][trace] CMS: promo attempt is safe: available(767642064) >= av_promo(5147342), max_promo(27028944)
[2025-10-02T08:15:52.563+0000][43251.549s][5523][5530][info ] Application time: 1.0000986 seconds
[2025-10-02T08:15:52.563+0000][43251.549s][5523][5530][info ] Entering safepoint region: Cleanup
[2025-10-02T08:15:52.563+0000][43251.549s][5523][5530][info ] Leaving safepoint region
[2025-10-02T08:15:52.563+0000][43251.549s][5523][5530][info ] Total time for which application threads were stopped: 0.0001521 seconds, Stopping threads took: 0.0000249 seconds
[2025-10-02T08:15:53.563+0000][43252.549s][5523][5530][info ] Application time: 1.0000983 seconds
[2025-10-02T08:15:53.563+0000][43252.549s][5523][5530][info ] Entering safepoint region: Cleanup
[2025-10-02T08:15:53.563+0000][43252.549s][5523][5530][info ] Leaving safepoint region
[2025-10-02T08:15:53.563+0000][43252.549s][5523][5530][info ] Total time for which application threads were stopped: 0.0001398 seconds, Stopping threads took: 0.0000266 seconds
[2025-10-02T08:15:54.563+0000][43253.550s][5523][5530][info ] Application time: 1.0000979 seconds
[2025-10-02T08:15:54.563+0000][43253.550s][5523][5530][info ] Entering safepoint region: Cleanup
[2025-10-02T08:15:54.564+0000][43253.550s][5523][5530][info ] Leaving safepoint region
[2025-10-02T08:15:54.564+0000][43253.550s][5523][5530][info ] Total time for which application threads were stopped: 0.0001559 seconds, Stopping threads took: 0.0000219 seconds
[2025-10-02T08:15:55.564+0000][43254.550s][5523][5530][info ] Application time: 1.0001068 seconds
[2025-10-02T08:15:55.564+0000][43254.550s][5523][5530][info ] Entering safepoint region: Cleanup
[2025-10-02T08:15:55.564+0000][43254.550s][5523][5530][info ] Leaving safepoint region
[2025-10-02T08:15:55.564+0000][43254.550s][5523][5530][info ] Total time for which application threads were stopped: 0.0001330 seconds, Stopping threads took: 0.0000256 seconds
[2025-10-02T08:15:56.564+0000][43255.550s][5523][5530][info ] Application time: 1.0001048 seconds
[2025-10-02T08:15:56.564+0000][43255.550s][5523][5530][info ] Entering safepoint region: Cleanup
[2025-10-02T08:15:56.564+0000][43255.550s][5523][5530][info ] Leaving safepoint region
[2025-10-02T08:15:56.564+0000][43255.550s][5523][5530][info ] Total time for which application threads were stopped: 0.0001316 seconds, Stopping threads took: 0.0000225 seconds
[2025-10-02T08:15:57.564+0000][43256.551s][5523][5530][info ] Application time: 1.0001153 seconds
[2025-10-02T08:15:57.564+0000][43256.551s][5523][5530][info ] Entering safepoint region: Cleanup
[2025-10-02T08:15:57.566+0000][43256.552s][5523][5530][info ] Leaving safepoint region
[2025-10-02T08:15:57.566+0000][43256.552s][5523][5530][info ] Total time for which application threads were stopped: 0.0012509 seconds, Stopping threads took: 0.0010876 seconds
[2025-10-02T08:15:58.566+0000][43257.552s][5523][5530][info ] Application time: 1.0001024 seconds
[2025-10-02T08:15:58.566+0000][43257.552s][5523][5530][info ] Entering safepoint region: Cleanup
[2025-10-02T08:15:58.566+0000][43257.552s][5523][5530][info ] Leaving safepoint region
[2025-10-02T08:15:58.566+0000][43257.552s][5523][5530][info ] Total time for which application threads were stopped: 0.0001396 seconds, Stopping threads took: 0.0000237 seconds
[2025-10-02T08:15:59.566+0000][43258.552s][5523][5530][info ] Application time: 1.0001030 seconds
[2025-10-02T08:15:59.566+0000][43258.552s][5523][5530][info ] Entering safepoint region: Cleanup
[2025-10-02T08:15:59.566+0000][43258.552s][5523][5530][info ] Leaving safepoint region
[2025-10-02T08:15:59.566+0000][43258.552s][5523][5530][info ] Total time for which application threads were stopped: 0.0001405 seconds, Stopping threads took: 0.0000248 seconds
[2025-10-02T08:16:00.566+0000][43259.553s][5523][5530][info ] Application time: 1.0001014 seconds
[2025-10-02T08:16:00.566+0000][43259.553s][5523][5530][info ] Entering safepoint region: Cleanup
[2025-10-02T08:16:00.566+0000][43259.553s][5523][5530][info ] Leaving safepoint region
[2025-10-02T08:16:00.566+0000][43259.553s][5523][5530][info ] Total time for which application threads were stopped: 0.0001383 seconds, Stopping threads took: 0.0000258 seconds
[2025-10-02T08:16:01.567+0000][43260.553s][5523][5530][info ] Application time: 1.0001058 seconds
[2025-10-02T08:16:01.567+0000][43260.553s][5523][5530][info ] Entering safepoint region: Cleanup
[2025-10-02T08:16:01.567+0000][43260.553s][5523][5530][info ] Leaving safepoint region
[2025-10-02T08:16:01.567+0000][43260.553s][5523][5530][info ] Total time for which application threads were stopped: 0.0001696 seconds, Stopping threads took: 0.0000363 seconds
[2025-10-02T08:16:02.399+0000][43261.385s][5523][5529][trace] CMS: promo attempt is safe: available(767642064) >= av_promo(5147342), max_promo(27150888)
[2025-10-02T08:16:02.567+0000][43261.553s][5523][5530][info ] Application time: 1.0001104 seconds
[2025-10-02T08:16:02.567+0000][43261.553s][5523][5530][info ] Entering safepoint region: Cleanup
[2025-10-02T08:16:02.567+0000][43261.553s][5523][5530][info ] Leaving safepoint region
[2025-10-02T08:16:02.567+0000][43261.553s][5523][5530][info ] Total time for which application threads were stopped: 0.0001537 seconds, Stopping threads took: 0.0000282 seconds
[2025-10-02T08:16:03.567+0000][43262.554s][5523][5530][info ] Application time: 1.0000965 seconds
[2025-10-02T08:16:03.567+0000][43262.554s][5523][5530][info ] Entering safepoint region: Cleanup
[2025-10-02T08:16:03.568+0000][43262.554s][5523][5530][info ] Leaving safepoint region
[2025-10-02T08:16:03.568+0000][43262.554s][5523][5530][info ] Total time for which application threads were stopped: 0.0001536 seconds, Stopping threads took: 0.0000231 seconds
[2025-10-02T08:16:04.568+0000][43263.554s][5523][5530][info ] Application time: 1.0001003 seconds
[2025-10-02T08:16:04.568+0000][43263.554s][5523][5530][info ] Entering safepoint region: Cleanup
[2025-10-02T08:16:04.568+0000][43263.554s][5523][5530][info ] Leaving safepoint region
[2025-10-02T08:16:04.568+0000][43263.554s][5523][5530][info ] Total time for which application threads were stopped: 0.0001361 seconds, Stopping threads took: 0.0000241 seconds
[2025-10-02T08:16:05.568+0000][43264.554s][5523][5530][info ] Application time: 1.0000889 seconds
[2025-10-02T08:16:05.568+0000][43264.554s][5523][5530][info ] Entering safepoint region: Cleanup
[2025-10-02T08:16:05.568+0000][43264.554s][5523][5530][info ] Leaving safepoint region
[2025-10-02T08:16:05.568+0000][43264.554s][5523][5530][info ] Total time for which application threads were stopped: 0.0001426 seconds, Stopping threads took: 0.0000240 seconds
[2025-10-02T08:16:06.568+0000][43265.554s][5523][5530][info ] Application time: 1.0001007 seconds
[2025-10-02T08:16:06.568+0000][43265.555s][5523][5530][info ] Entering safepoint region: Cleanup
[2025-10-02T08:16:06.568+0000][43265.555s][5523][5530][info ] Leaving safepoint region
[2025-10-02T08:16:06.568+0000][43265.555s][5523][5530][info ] Total time for which application threads were stopped: 0.0001357 seconds, Stopping threads took: 0.0000233 seconds
[2025-10-02T08:16:07.569+0000][43266.555s][5523][5530][info ] Application time: 1.0001058 seconds
[2025-10-02T08:16:07.569+0000][43266.555s][5523][5530][info ] Entering safepoint region: Cleanup
[2025-10-02T08:16:07.569+0000][43266.555s][5523][5530][info ] Leaving safepoint region
[2025-10-02T08:16:07.569+0000][43266.555s][5523][5530][info ] Total time for which application threads were stopped: 0.0001332 seconds, Stopping threads took: 0.0000228 seconds
[2025-10-02T08:16:08.569+0000][43267.555s][5523][5530][info ] Application time: 1.0001121 seconds
[2025-10-02T08:16:08.569+0000][43267.555s][5523][5530][info ] Entering safepoint region: Cleanup
[2025-10-02T08:16:08.569+0000][43267.555s][5523][5530][info ] Leaving safepoint region
[2025-10-02T08:16:08.569+0000][43267.555s][5523][5530][info ] Total time for which application threads were stopped: 0.0001335 seconds, Stopping threads took: 0.0000222 seconds
[2025-10-02T08:16:09.569+0000][43268.555s][5523][5530][info ] Application time: 1.0001019 seconds
[2025-10-02T08:16:09.569+0000][43268.555s][5523][5530][info ] Entering safepoint region: Cleanup
[2025-10-02T08:16:09.569+0000][43268.556s][5523][5530][info ] Leaving safepoint region
[2025-10-02T08:16:09.569+0000][43268.556s][5523][5530][info ] Total time for which application threads were stopped: 0.0001356 seconds, Stopping threads took: 0.0000238 seconds
[2025-10-02T08:16:10.569+0000][43269.556s][5523][5530][info ] Application time: 1.0001121 seconds
[2025-10-02T08:16:10.570+0000][43269.556s][5523][5530][info ] Entering safepoint region: Cleanup
[2025-10-02T08:16:10.570+0000][43269.556s][5523][5530][info ] Leaving safepoint region
[2025-10-02T08:16:10.570+0000][43269.556s][5523][5530][info ] Total time for which application threads were stopped: 0.0001382 seconds, Stopping threads took: 0.0000227 seconds
[2025-10-02T08:16:11.570+0000][43270.556s][5523][5530][info ] Application time: 1.0000956 seconds
[2025-10-02T08:16:11.570+0000][43270.556s][5523][5530][info ] Entering safepoint region: Cleanup
[2025-10-02T08:16:11.570+0000][43270.556s][5523][5530][info ] Leaving safepoint region
[2025-10-02T08:16:11.570+0000][43270.556s][5523][5530][info ] Total time for which application threads were stopped: 0.0001533 seconds, Stopping threads took: 0.0000305 seconds
[2025-10-02T08:16:12.399+0000][43271.385s][5523][5529][trace] CMS: promo attempt is safe: available(767642064) >= av_promo(5147342), max_promo(27462320)
[2025-10-02T08:16:12.570+0000][43271.556s][5523][5530][info ] Application time: 1.0001001 seconds
[2025-10-02T08:16:12.570+0000][43271.556s][5523][5530][info ] Entering safepoint region: Cleanup
[2025-10-02T08:16:12.570+0000][43271.556s][5523][5530][info ] Leaving safepoint region
[2025-10-02T08:16:12.570+0000][43271.556s][5523][5530][info ] Total time for which application threads were stopped: 0.0001428 seconds, Stopping threads took: 0.0000388 seconds
[2025-10-02T08:16:13.570+0000][43272.557s][5523][5530][info ] Application time: 1.0000770 seconds
[2025-10-02T08:16:13.570+0000][43272.557s][5523][5530][info ] Entering safepoint region: Cleanup
[2025-10-02T08:16:13.571+0000][43272.557s][5523][5530][info ] Leaving safepoint region
[2025-10-02T08:16:13.571+0000][43272.557s][5523][5530][info ] Total time for which application threads were stopped: 0.0001545 seconds, Stopping threads took: 0.0000225 seconds
[2025-10-02T08:16:14.571+0000][43273.557s][5523][5530][info ] Application time: 1.0000848 seconds
[2025-10-02T08:16:14.571+0000][43273.557s][5523][5530][info ] Entering safepoint region: Cleanup
[2025-10-02T08:16:14.571+0000][43273.557s][5523][5530][info ] Leaving safepoint region
[2025-10-02T08:16:14.571+0000][43273.557s][5523][5530][info ] Total time for which application threads were stopped: 0.0001310 seconds, Stopping threads took: 0.0000231 seconds
[2025-10-02T08:16:15.571+0000][43274.557s][5523][5530][info ] Application time: 1.0001037 seconds
[2025-10-02T08:16:15.571+0000][43274.557s][5523][5530][info ] Entering safepoint region: Cleanup
[2025-10-02T08:16:15.571+0000][43274.557s][5523][5530][info ] Leaving safepoint region
[2025-10-02T08:16:15.571+0000][43274.557s][5523][5530][info ] Total time for which application threads were stopped: 0.0001480 seconds, Stopping threads took: 0.0000270 seconds
[2025-10-02T08:16:16.571+0000][43275.557s][5523][5530][info ] Application time: 1.0000998 seconds
[2025-10-02T08:16:16.571+0000][43275.558s][5523][5530][info ] Entering safepoint region: Cleanup
[2025-10-02T08:16:16.571+0000][43275.558s][5523][5530][info ] Leaving safepoint region
[2025-10-02T08:16:16.571+0000][43275.558s][5523][5530][info ] Total time for which application threads were stopped: 0.0001396 seconds, Stopping threads took: 0.0000237 seconds
[2025-10-02T08:16:17.572+0000][43276.558s][5523][5530][info ] Application time: 1.0001042 seconds
[2025-10-02T08:16:17.572+0000][43276.558s][5523][5530][info ] Entering safepoint region: Cleanup
[2025-10-02T08:16:17.573+0000][43276.559s][5523][5530][info ] Leaving safepoint region
[2025-10-02T08:16:17.573+0000][43276.559s][5523][5530][info ] Total time for which application threads were stopped: 0.0012868 seconds, Stopping threads took: 0.0011431 seconds
[2025-10-02T08:16:18.573+0000][43277.559s][5523][5530][info ] Application time: 1.0001060 seconds
[2025-10-02T08:16:18.573+0000][43277.559s][5523][5530][info ] Entering safepoint region: Cleanup
[2025-10-02T08:16:18.573+0000][43277.559s][5523][5530][info ] Leaving safepoint region
[2025-10-02T08:16:18.573+0000][43277.559s][5523][5530][info ] Total time for which application threads were stopped: 0.0001343 seconds, Stopping threads took: 0.0000246 seconds
[2025-10-02T08:16:19.573+0000][43278.560s][5523][5530][info ] Application time: 1.0000832 seconds
[2025-10-02T08:16:19.573+0000][43278.560s][5523][5530][info ] Entering safepoint region: Cleanup
[2025-10-02T08:16:19.573+0000][43278.560s][5523][5530][info ] Leaving safepoint region
[2025-10-02T08:16:19.573+0000][43278.560s][5523][5530][info ] Total time for which application threads were stopped: 0.0001438 seconds, Stopping threads took: 0.0000250 seconds
[2025-10-02T08:16:20.574+0000][43279.560s][5523][5530][info ] Application time: 1.0000808 seconds
[2025-10-02T08:16:20.574+0000][43279.560s][5523][5530][info ] Entering safepoint region: Cleanup
[2025-10-02T08:16:20.574+0000][43279.560s][5523][5530][info ] Leaving safepoint region
[2025-10-02T08:16:20.574+0000][43279.560s][5523][5530][info ] Total time for which application threads were stopped: 0.0001363 seconds, Stopping threads took: 0.0000246 seconds
[2025-10-02T08:16:21.574+0000][43280.560s][5523][5530][info ] Application time: 1.0000822 seconds
[2025-10-02T08:16:21.574+0000][43280.560s][5523][5530][info ] Entering safepoint region: Cleanup
[2025-10-02T08:16:21.574+0000][43280.560s][5523][5530][info ] Leaving safepoint region
[2025-10-02T08:16:21.574+0000][43280.560s][5523][5530][info ] Total time for which application threads were stopped: 0.0001326 seconds, Stopping threads took: 0.0000232 seconds
[2025-10-02T08:16:22.399+0000][43281.385s][5523][5529][trace] CMS: promo attempt is safe: available(767642064) >= av_promo(5147342), max_promo(27462320)
[2025-10-02T08:16:22.574+0000][43281.560s][5523][5530][info ] Application time: 1.0001133 seconds
[2025-10-02T08:16:22.574+0000][43281.560s][5523][5530][info ] Entering safepoint region: Cleanup
[2025-10-02T08:16:22.574+0000][43281.561s][5523][5530][info ] Leaving safepoint region
[2025-10-02T08:16:22.574+0000][43281.561s][5523][5530][info ] Total time for which application threads were stopped: 0.0001324 seconds, Stopping threads took: 0.0000221 seconds
[2025-10-02T08:16:23.574+0000][43282.561s][5523][5530][info ] Application time: 1.0001005 seconds
[2025-10-02T08:16:23.575+0000][43282.561s][5523][5530][info ] Entering safepoint region: Cleanup
[2025-10-02T08:16:23.575+0000][43282.561s][5523][5530][info ] Leaving safepoint region
[2025-10-02T08:16:23.575+0000][43282.561s][5523][5530][info ] Total time for which application threads were stopped: 0.0001808 seconds, Stopping threads took: 0.0000577 seconds
[2025-10-02T08:16:24.575+0000][43283.561s][5523][5530][info ] Application time: 1.0001021 seconds
[2025-10-02T08:16:24.575+0000][43283.561s][5523][5530][info ] Entering safepoint region: Cleanup
[2025-10-02T08:16:24.575+0000][43283.561s][5523][5530][info ] Leaving safepoint region
[2025-10-02T08:16:24.575+0000][43283.561s][5523][5530][info ] Total time for which application threads were stopped: 0.0002002 seconds, Stopping threads took: 0.0000299 seconds
[2025-10-02T08:16:25.575+0000][43284.561s][5523][5530][info ] Application time: 1.0001091 seconds
[2025-10-02T08:16:25.575+0000][43284.561s][5523][5530][info ] Entering safepoint region: Cleanup
[2025-10-02T08:16:25.575+0000][43284.562s][5523][5530][info ] Leaving safepoint region
[2025-10-02T08:16:25.575+0000][43284.562s][5523][5530][info ] Total time for which application threads were stopped: 0.0001387 seconds, Stopping threads took: 0.0000229 seconds
[2025-10-02T08:16:26.575+0000][43285.562s][5523][5530][info ] Application time: 1.0000893 seconds
[2025-10-02T08:16:26.575+0000][43285.562s][5523][5530][info ] Entering safepoint region: Cleanup
[2025-10-02T08:16:26.576+0000][43285.562s][5523][5530][info ] Leaving safepoint region
[2025-10-02T08:16:26.576+0000][43285.562s][5523][5530][info ] Total time for which application threads were stopped: 0.0001547 seconds, Stopping threads took: 0.0000242 seconds
[2025-10-02T08:16:27.576+0000][43286.562s][5523][5530][info ] Application time: 1.0001131 seconds
[2025-10-02T08:16:27.576+0000][43286.562s][5523][5530][info ] Entering safepoint region: Cleanup
[2025-10-02T08:16:27.577+0000][43286.563s][5523][5530][info ] Leaving safepoint region
[2025-10-02T08:16:27.577+0000][43286.563s][5523][5530][info ] Total time for which application threads were stopped: 0.0011994 seconds, Stopping threads took: 0.0010663 seconds
[2025-10-02T08:16:28.577+0000][43287.563s][5523][5530][info ] Application time: 1.0000949 seconds
[2025-10-02T08:16:28.577+0000][43287.563s][5523][5530][info ] Entering safepoint region: Cleanup
[2025-10-02T08:16:28.577+0000][43287.564s][5523][5530][info ] Leaving safepoint region
[2025-10-02T08:16:28.577+0000][43287.564s][5523][5530][info ] Total time for which application threads were stopped: 0.0001419 seconds, Stopping threads took: 0.0000241 seconds
[2025-10-02T08:16:29.577+0000][43288.564s][5523][5530][info ] Application time: 1.0000994 seconds
[2025-10-02T08:16:29.577+0000][43288.564s][5523][5530][info ] Entering safepoint region: Cleanup
[2025-10-02T08:16:29.578+0000][43288.564s][5523][5530][info ] Leaving safepoint region
[2025-10-02T08:16:29.578+0000][43288.564s][5523][5530][info ] Total time for which application threads were stopped: 0.0001695 seconds, Stopping threads took: 0.0000241 seconds
[2025-10-02T08:16:30.578+0000][43289.564s][5523][5530][info ] Application time: 1.0000950 seconds
[2025-10-02T08:16:30.578+0000][43289.564s][5523][5530][info ] Entering safepoint region: Cleanup
[2025-10-02T08:16:30.578+0000][43289.564s][5523][5530][info ] Leaving safepoint region
[2025-10-02T08:16:30.578+0000][43289.564s][5523][5530][info ] Total time for which application threads were stopped: 0.0002611 seconds, Stopping threads took: 0.0000232 seconds
[2025-10-02T08:16:31.578+0000][43290.564s][5523][5530][info ] Application time: 1.0001074 seconds
[2025-10-02T08:16:31.578+0000][43290.564s][5523][5530][info ] Entering safepoint region: Cleanup
[2025-10-02T08:16:31.578+0000][43290.565s][5523][5530][info ] Leaving safepoint region
[2025-10-02T08:16:31.578+0000][43290.565s][5523][5530][info ] Total time for which application threads were stopped: 0.0001315 seconds, Stopping threads took: 0.0000241 seconds
[2025-10-02T08:16:32.398+0000][43291.385s][5523][5529][trace] CMS: promo attempt is safe: available(767642064) >= av_promo(5147342), max_promo(28593152)
[2025-10-02T08:16:32.578+0000][43291.565s][5523][5530][info ] Application time: 1.0000938 seconds
[2025-10-02T08:16:32.579+0000][43291.565s][5523][5530][info ] Entering safepoint region: Cleanup
[2025-10-02T08:16:32.579+0000][43291.565s][5523][5530][info ] Leaving safepoint region
[2025-10-02T08:16:32.579+0000][43291.565s][5523][5530][info ] Total time for which application threads were stopped: 0.0001349 seconds, Stopping threads took: 0.0000249 seconds
[2025-10-02T08:16:33.579+0000][43292.565s][5523][5530][info ] Application time: 1.0000839 seconds
[2025-10-02T08:16:33.579+0000][43292.565s][5523][5530][info ] Entering safepoint region: Cleanup
[2025-10-02T08:16:33.579+0000][43292.565s][5523][5530][info ] Leaving safepoint region
[2025-10-02T08:16:33.579+0000][43292.565s][5523][5530][info ] Total time for which application threads were stopped: 0.0001431 seconds, Stopping threads took: 0.0000218 seconds
[2025-10-02T08:16:34.579+0000][43293.565s][5523][5530][info ] Application time: 1.0001881 seconds
[2025-10-02T08:16:34.579+0000][43293.565s][5523][5530][info ] Entering safepoint region: Cleanup
[2025-10-02T08:16:34.579+0000][43293.566s][5523][5530][info ] Leaving safepoint region
[2025-10-02T08:16:34.579+0000][43293.566s][5523][5530][info ] Total time for which application threads were stopped: 0.0001482 seconds, Stopping threads took: 0.0000246 seconds
[2025-10-02T08:16:35.579+0000][43294.566s][5523][5530][info ] Application time: 1.0000972 seconds
[2025-10-02T08:16:35.579+0000][43294.566s][5523][5530][info ] Entering safepoint region: Cleanup
[2025-10-02T08:16:35.580+0000][43294.566s][5523][5530][info ] Leaving safepoint region
[2025-10-02T08:16:35.580+0000][43294.566s][5523][5530][info ] Total time for which application threads were stopped: 0.0001572 seconds, Stopping threads took: 0.0000225 seconds
[2025-10-02T08:16:36.580+0000][43295.566s][5523][5530][info ] Application time: 1.0000936 seconds
[2025-10-02T08:16:36.580+0000][43295.566s][5523][5530][info ] Entering safepoint region: Cleanup
[2025-10-02T08:16:36.580+0000][43295.566s][5523][5530][info ] Leaving safepoint region
[2025-10-02T08:16:36.580+0000][43295.566s][5523][5530][info ] Total time for which application threads were stopped: 0.0001333 seconds, Stopping threads took: 0.0000244 seconds
[2025-10-02T08:16:37.580+0000][43296.566s][5523][5530][info ] Application time: 1.0000974 seconds
[2025-10-02T08:16:37.580+0000][43296.566s][5523][5530][info ] Entering safepoint region: Cleanup
[2025-10-02T08:16:37.581+0000][43296.567s][5523][5530][info ] Leaving safepoint region
[2025-10-02T08:16:37.581+0000][43296.567s][5523][5530][info ] Total time for which application threads were stopped: 0.0011363 seconds, Stopping threads took: 0.0010063 seconds
[2025-10-02T08:16:38.581+0000][43297.568s][5523][5530][info ] Application time: 1.0001057 seconds
[2025-10-02T08:16:38.581+0000][43297.568s][5523][5530][info ] Entering safepoint region: Cleanup
[2025-10-02T08:16:38.582+0000][43297.568s][5523][5530][info ] Leaving safepoint region
[2025-10-02T08:16:38.582+0000][43297.568s][5523][5530][info ] Total time for which application threads were stopped: 0.0001964 seconds, Stopping threads took: 0.0000413 seconds
[2025-10-02T08:16:39.582+0000][43298.568s][5523][5530][info ] Application time: 1.0001181 seconds
[2025-10-02T08:16:39.582+0000][43298.568s][5523][5530][info ] Entering safepoint region: Cleanup
[2025-10-02T08:16:39.582+0000][43298.568s][5523][5530][info ] Leaving safepoint region
[2025-10-02T08:16:39.582+0000][43298.568s][5523][5530][info ] Total time for which application threads were stopped: 0.0001430 seconds, Stopping threads took: 0.0000260 seconds
[2025-10-02T08:16:40.582+0000][43299.568s][5523][5530][info ] Application time: 1.0001018 seconds
[2025-10-02T08:16:40.582+0000][43299.568s][5523][5530][info ] Entering safepoint region: Cleanup
[2025-10-02T08:16:40.582+0000][43299.568s][5523][5530][info ] Leaving safepoint region
[2025-10-02T08:16:40.582+0000][43299.568s][5523][5530][info ] Total time for which application threads were stopped: 0.0001375 seconds, Stopping threads took: 0.0000267 seconds
[2025-10-02T08:16:41.582+0000][43300.569s][5523][5530][info ] Application time: 1.0001035 seconds
[2025-10-02T08:16:41.582+0000][43300.569s][5523][5530][info ] Entering safepoint region: Cleanup
[2025-10-02T08:16:41.582+0000][43300.569s][5523][5530][info ] Leaving safepoint region
[2025-10-02T08:16:41.582+0000][43300.569s][5523][5530][info ] Total time for which application threads were stopped: 0.0001325 seconds, Stopping threads took: 0.0000248 seconds
[2025-10-02T08:16:42.399+0000][43301.385s][5523][5529][trace] CMS: promo attempt is safe: available(767642064) >= av_promo(5147342), max_promo(30328496)
[2025-10-02T08:16:42.583+0000][43301.569s][5523][5530][info ] Application time: 1.0001033 seconds
[2025-10-02T08:16:42.583+0000][43301.569s][5523][5530][info ] Entering safepoint region: Cleanup
[2025-10-02T08:16:42.583+0000][43301.569s][5523][5530][info ] Leaving safepoint region
[2025-10-02T08:16:42.583+0000][43301.569s][5523][5530][info ] Total time for which application threads were stopped: 0.0001397 seconds, Stopping threads took: 0.0000251 seconds
[2025-10-02T08:16:43.583+0000][43302.569s][5523][5530][info ] Application time: 1.0001077 seconds
[2025-10-02T08:16:43.583+0000][43302.569s][5523][5530][info ] Entering safepoint region: Cleanup
[2025-10-02T08:16:43.583+0000][43302.569s][5523][5530][info ] Leaving safepoint region
[2025-10-02T08:16:43.583+0000][43302.569s][5523][5530][info ] Total time for which application threads were stopped: 0.0002297 seconds, Stopping threads took: 0.0000253 seconds
[2025-10-02T08:16:44.583+0000][43303.570s][5523][5530][info ] Application time: 1.0000958 seconds
[2025-10-02T08:16:44.583+0000][43303.570s][5523][5530][info ] Entering safepoint region: Cleanup
[2025-10-02T08:16:44.583+0000][43303.570s][5523][5530][info ] Leaving safepoint region
[2025-10-02T08:16:44.583+0000][43303.570s][5523][5530][info ] Total time for which application threads were stopped: 0.0001365 seconds, Stopping threads took: 0.0000247 seconds
[2025-10-02T08:16:45.584+0000][43304.570s][5523][5530][info ] Application time: 1.0000671 seconds
[2025-10-02T08:16:45.584+0000][43304.570s][5523][5530][info ] Entering safepoint region: Cleanup
[2025-10-02T08:16:45.584+0000][43304.570s][5523][5530][info ] Leaving safepoint region
[2025-10-02T08:16:45.584+0000][43304.570s][5523][5530][info ] Total time for which application threads were stopped: 0.0001333 seconds, Stopping threads took: 0.0000247 seconds
[2025-10-02T08:16:46.584+0000][43305.570s][5523][5530][info ] Application time: 1.0000813 seconds
[2025-10-02T08:16:46.584+0000][43305.570s][5523][5530][info ] Entering safepoint region: Cleanup
[2025-10-02T08:16:46.584+0000][43305.570s][5523][5530][info ] Leaving safepoint region
[2025-10-02T08:16:46.584+0000][43305.570s][5523][5530][info ] Total time for which application threads were stopped: 0.0001319 seconds, Stopping threads took: 0.0000223 seconds
[2025-10-02T08:16:47.584+0000][43306.570s][5523][5530][info ] Application time: 1.0000930 seconds
[2025-10-02T08:16:47.584+0000][43306.570s][5523][5530][info ] Entering safepoint region: Cleanup
[2025-10-02T08:16:47.584+0000][43306.571s][5523][5530][info ] Leaving safepoint region
[2025-10-02T08:16:47.584+0000][43306.571s][5523][5530][info ] Total time for which application threads were stopped: 0.0001411 seconds, Stopping threads took: 0.0000319 seconds
[2025-10-02T08:16:48.584+0000][43307.571s][5523][5530][info ] Application time: 1.0001077 seconds
[2025-10-02T08:16:48.584+0000][43307.571s][5523][5530][info ] Entering safepoint region: Cleanup
[2025-10-02T08:16:48.585+0000][43307.571s][5523][5530][info ] Leaving safepoint region
[2025-10-02T08:16:48.585+0000][43307.571s][5523][5530][info ] Total time for which application threads were stopped: 0.0001573 seconds, Stopping threads took: 0.0000223 seconds
[2025-10-02T08:16:49.585+0000][43308.571s][5523][5530][info ] Application time: 1.0001009 seconds
[2025-10-02T08:16:49.585+0000][43308.571s][5523][5530][info ] Entering safepoint region: Cleanup
[2025-10-02T08:16:49.585+0000][43308.571s][5523][5530][info ] Leaving safepoint region
[2025-10-02T08:16:49.585+0000][43308.571s][5523][5530][info ] Total time for which application threads were stopped: 0.0001328 seconds, Stopping threads took: 0.0000223 seconds
[2025-10-02T08:16:50.585+0000][43309.571s][5523][5530][info ] Application time: 1.0001055 seconds
[2025-10-02T08:16:50.585+0000][43309.571s][5523][5530][info ] Entering safepoint region: Cleanup
[2025-10-02T08:16:50.585+0000][43309.571s][5523][5530][info ] Leaving safepoint region
[2025-10-02T08:16:50.585+0000][43309.571s][5523][5530][info ] Total time for which application threads were stopped: 0.0001311 seconds, Stopping threads took: 0.0000225 seconds
[2025-10-02T08:16:51.585+0000][43310.572s][5523][5530][info ] Application time: 1.0000804 seconds
[2025-10-02T08:16:51.585+0000][43310.572s][5523][5530][info ] Entering safepoint region: Cleanup
[2025-10-02T08:16:51.585+0000][43310.572s][5523][5530][info ] Leaving safepoint region
[2025-10-02T08:16:51.585+0000][43310.572s][5523][5530][info ] Total time for which application threads were stopped: 0.0001498 seconds, Stopping threads took: 0.0000277 seconds
[2025-10-02T08:16:52.399+0000][43311.385s][5523][5529][trace] CMS: promo attempt is safe: available(767642064) >= av_promo(5147342), max_promo(30328496)
[2025-10-02T08:16:52.586+0000][43311.572s][5523][5530][info ] Application time: 1.0001144 seconds
[2025-10-02T08:16:52.586+0000][43311.572s][5523][5530][info ] Entering safepoint region: Cleanup
[2025-10-02T08:16:52.586+0000][43311.572s][5523][5530][info ] Leaving safepoint region
[2025-10-02T08:16:52.586+0000][43311.572s][5523][5530][info ] Total time for which application threads were stopped: 0.0001455 seconds, Stopping threads took: 0.0000264 seconds
[2025-10-02T08:16:53.586+0000][43312.572s][5523][5530][info ] Application time: 1.0001170 seconds
[2025-10-02T08:16:53.586+0000][43312.572s][5523][5530][info ] Entering safepoint region: Cleanup
[2025-10-02T08:16:53.586+0000][43312.572s][5523][5530][info ] Leaving safepoint region
[2025-10-02T08:16:53.586+0000][43312.572s][5523][5530][info ] Total time for which application threads were stopped: 0.0001334 seconds, Stopping threads took: 0.0000248 seconds
[2025-10-02T08:16:54.586+0000][43313.572s][5523][5530][info ] Application time: 1.0000979 seconds
[2025-10-02T08:16:54.586+0000][43313.573s][5523][5530][info ] Entering safepoint region: Cleanup
[2025-10-02T08:16:54.586+0000][43313.573s][5523][5530][info ] Leaving safepoint region
[2025-10-02T08:16:54.586+0000][43313.573s][5523][5530][info ] Total time for which application threads were stopped: 0.0001317 seconds, Stopping threads took: 0.0000226 seconds
[2025-10-02T08:16:55.587+0000][43314.573s][5523][5530][info ] Application time: 1.0001078 seconds
[2025-10-02T08:16:55.587+0000][43314.573s][5523][5530][info ] Entering safepoint region: Cleanup
[2025-10-02T08:16:55.587+0000][43314.573s][5523][5530][info ] Leaving safepoint region
[2025-10-02T08:16:55.587+0000][43314.573s][5523][5530][info ] Total time for which application threads were stopped: 0.0001498 seconds, Stopping threads took: 0.0000230 seconds
[2025-10-02T08:16:56.587+0000][43315.573s][5523][5530][info ] Application time: 1.0001110 seconds
[2025-10-02T08:16:56.587+0000][43315.573s][5523][5530][info ] Entering safepoint region: Cleanup
[2025-10-02T08:16:56.587+0000][43315.573s][5523][5530][info ] Leaving safepoint region
[2025-10-02T08:16:56.587+0000][43315.573s][5523][5530][info ] Total time for which application threads were stopped: 0.0002112 seconds, Stopping threads took: 0.0000253 seconds
[2025-10-02T08:16:57.587+0000][43316.573s][5523][5530][info ] Application time: 1.0000892 seconds
[2025-10-02T08:16:57.587+0000][43316.574s][5523][5530][info ] Entering safepoint region: Cleanup
[2025-10-02T08:16:57.587+0000][43316.574s][5523][5530][info ] Leaving safepoint region
[2025-10-02T08:16:57.587+0000][43316.574s][5523][5530][info ] Total time for which application threads were stopped: 0.0001451 seconds, Stopping threads took: 0.0000335 seconds
[2025-10-02T08:16:58.588+0000][43317.574s][5523][5530][info ] Application time: 1.0001080 seconds
[2025-10-02T08:16:58.588+0000][43317.574s][5523][5530][info ] Entering safepoint region: Cleanup
[2025-10-02T08:16:58.588+0000][43317.574s][5523][5530][info ] Leaving safepoint region
[2025-10-02T08:16:58.588+0000][43317.574s][5523][5530][info ] Total time for which application threads were stopped: 0.0001306 seconds, Stopping threads took: 0.0000238 seconds
[2025-10-02T08:16:59.588+0000][43318.574s][5523][5530][info ] Application time: 1.0001000 seconds
[2025-10-02T08:16:59.588+0000][43318.574s][5523][5530][info ] Entering safepoint region: Cleanup
[2025-10-02T08:16:59.588+0000][43318.574s][5523][5530][info ] Leaving safepoint region
[2025-10-02T08:16:59.588+0000][43318.574s][5523][5530][info ] Total time for which application threads were stopped: 0.0001281 seconds, Stopping threads took: 0.0000233 seconds
[2025-10-02T08:17:00.588+0000][43319.574s][5523][5530][info ] Application time: 1.0000963 seconds
[2025-10-02T08:17:00.588+0000][43319.574s][5523][5530][info ] Entering safepoint region: Cleanup
[2025-10-02T08:17:00.588+0000][43319.575s][5523][5530][info ] Leaving safepoint region
[2025-10-02T08:17:00.588+0000][43319.575s][5523][5530][info ] Total time for which application threads were stopped: 0.0001329 seconds, Stopping threads took: 0.0000239 seconds
[2025-10-02T08:17:01.588+0000][43320.575s][5523][5530][info ] Application time: 1.0001129 seconds
[2025-10-02T08:17:01.588+0000][43320.575s][5523][5530][info ] Entering safepoint region: Cleanup
[2025-10-02T08:17:01.589+0000][43320.575s][5523][5530][info ] Leaving safepoint region
[2025-10-02T08:17:01.589+0000][43320.575s][5523][5530][info ] Total time for which application threads were stopped: 0.0001771 seconds, Stopping threads took: 0.0000518 seconds
[2025-10-02T08:17:02.399+0000][43321.385s][5523][5529][trace] CMS: promo attempt is safe: available(767642064) >= av_promo(5147342), max_promo(30447800)
[2025-10-02T08:17:02.589+0000][43321.575s][5523][5530][info ] Application time: 1.0000947 seconds
[2025-10-02T08:17:02.589+0000][43321.575s][5523][5530][info ] Entering safepoint region: Cleanup
[2025-10-02T08:17:02.589+0000][43321.575s][5523][5530][info ] Leaving safepoint region
[2025-10-02T08:17:02.589+0000][43321.575s][5523][5530][info ] Total time for which application threads were stopped: 0.0001525 seconds, Stopping threads took: 0.0000241 seconds
[2025-10-02T08:17:03.589+0000][43322.575s][5523][5530][info ] Application time: 1.0001017 seconds
[2025-10-02T08:17:03.589+0000][43322.575s][5523][5530][info ] Entering safepoint region: Cleanup
[2025-10-02T08:17:03.589+0000][43322.575s][5523][5530][info ] Leaving safepoint region
[2025-10-02T08:17:03.589+0000][43322.575s][5523][5530][info ] Total time for which application threads were stopped: 0.0001352 seconds, Stopping threads took: 0.0000246 seconds
[2025-10-02T08:17:04.589+0000][43323.576s][5523][5530][info ] Application time: 1.0001104 seconds
[2025-10-02T08:17:04.589+0000][43323.576s][5523][5530][info ] Entering safepoint region: Cleanup
[2025-10-02T08:17:04.590+0000][43323.576s][5523][5530][info ] Leaving safepoint region
[2025-10-02T08:17:04.590+0000][43323.576s][5523][5530][info ] Total time for which application threads were stopped: 0.0001548 seconds, Stopping threads took: 0.0000242 seconds
[2025-10-02T08:17:05.590+0000][43324.576s][5523][5530][info ] Application time: 1.0000880 seconds
[2025-10-02T08:17:05.590+0000][43324.576s][5523][5530][info ] Entering safepoint region: Cleanup
[2025-10-02T08:17:05.590+0000][43324.576s][5523][5530][info ] Leaving safepoint region
[2025-10-02T08:17:05.590+0000][43324.576s][5523][5530][info ] Total time for which application threads were stopped: 0.0001293 seconds, Stopping threads took: 0.0000244 seconds
[2025-10-02T08:17:06.590+0000][43325.576s][5523][5530][info ] Application time: 1.0000844 seconds
[2025-10-02T08:17:06.590+0000][43325.576s][5523][5530][info ] Entering safepoint region: Cleanup
[2025-10-02T08:17:06.590+0000][43325.576s][5523][5530][info ] Leaving safepoint region
[2025-10-02T08:17:06.590+0000][43325.576s][5523][5530][info ] Total time for which application threads were stopped: 0.0001295 seconds, Stopping threads took: 0.0000234 seconds
[2025-10-02T08:17:07.590+0000][43326.576s][5523][5530][info ] Application time: 1.0000974 seconds
[2025-10-02T08:17:07.590+0000][43326.577s][5523][5530][info ] Entering safepoint region: Cleanup
[2025-10-02T08:17:07.590+0000][43326.577s][5523][5530][info ] Leaving safepoint region
[2025-10-02T08:17:07.590+0000][43326.577s][5523][5530][info ] Total time for which application threads were stopped: 0.0001357 seconds, Stopping threads took: 0.0000270 seconds
[2025-10-02T08:17:08.591+0000][43327.577s][5523][5530][info ] Application time: 1.0000999 seconds
[2025-10-02T08:17:08.591+0000][43327.577s][5523][5530][info ] Entering safepoint region: Cleanup
[2025-10-02T08:17:08.591+0000][43327.577s][5523][5530][info ] Leaving safepoint region
[2025-10-02T08:17:08.591+0000][43327.577s][5523][5530][info ] Total time for which application threads were stopped: 0.0001369 seconds, Stopping threads took: 0.0000243 seconds
[2025-10-02T08:17:09.591+0000][43328.577s][5523][5530][info ] Application time: 1.0001078 seconds
[2025-10-02T08:17:09.591+0000][43328.577s][5523][5530][info ] Entering safepoint region: Cleanup
[2025-10-02T08:17:09.591+0000][43328.577s][5523][5530][info ] Leaving safepoint region
[2025-10-02T08:17:09.591+0000][43328.577s][5523][5530][info ] Total time for which application threads were stopped: 0.0002659 seconds, Stopping threads took: 0.0000239 seconds
[2025-10-02T08:17:10.591+0000][43329.578s][5523][5530][info ] Application time: 1.0000989 seconds
[2025-10-02T08:17:10.591+0000][43329.578s][5523][5530][info ] Entering safepoint region: Cleanup
[2025-10-02T08:17:10.591+0000][43329.578s][5523][5530][info ] Leaving safepoint region
[2025-10-02T08:17:10.591+0000][43329.578s][5523][5530][info ] Total time for which application threads were stopped: 0.0001297 seconds, Stopping threads took: 0.0000237 seconds
[2025-10-02T08:17:11.592+0000][43330.578s][5523][5530][info ] Application time: 1.0001045 seconds
[2025-10-02T08:17:11.592+0000][43330.578s][5523][5530][info ] Entering safepoint region: Cleanup
[2025-10-02T08:17:11.592+0000][43330.578s][5523][5530][info ] Leaving safepoint region
[2025-10-02T08:17:11.592+0000][43330.578s][5523][5530][info ] Total time for which application threads were stopped: 0.0001338 seconds, Stopping threads took: 0.0000223 seconds
[2025-10-02T08:17:12.399+0000][43331.385s][5523][5529][trace] CMS: promo attempt is safe: available(767642064) >= av_promo(5147342), max_promo(30880944)
[2025-10-02T08:17:12.592+0000][43331.578s][5523][5530][info ] Application time: 1.0000917 seconds
[2025-10-02T08:17:12.592+0000][43331.578s][5523][5530][info ] Entering safepoint region: Cleanup
[2025-10-02T08:17:12.592+0000][43331.578s][5523][5530][info ] Leaving safepoint region
[2025-10-02T08:17:12.592+0000][43331.578s][5523][5530][info ] Total time for which application threads were stopped: 0.0001373 seconds, Stopping threads took: 0.0000222 seconds
[2025-10-02T08:17:13.592+0000][43332.578s][5523][5530][info ] Application time: 1.0000702 seconds
[2025-10-02T08:17:13.592+0000][43332.578s][5523][5530][info ] Entering safepoint region: Cleanup
[2025-10-02T08:17:13.592+0000][43332.579s][5523][5530][info ] Leaving safepoint region
[2025-10-02T08:17:13.592+0000][43332.579s][5523][5530][info ] Total time for which application threads were stopped: 0.0001346 seconds, Stopping threads took: 0.0000234 seconds
[2025-10-02T08:17:14.592+0000][43333.579s][5523][5530][info ] Application time: 1.0000983 seconds
[2025-10-02T08:17:14.592+0000][43333.579s][5523][5530][info ] Entering safepoint region: Cleanup
[2025-10-02T08:17:14.593+0000][43333.579s][5523][5530][info ] Leaving safepoint region
[2025-10-02T08:17:14.593+0000][43333.579s][5523][5530][info ] Total time for which application threads were stopped: 0.0001502 seconds, Stopping threads took: 0.0000205 seconds
[2025-10-02T08:17:15.593+0000][43334.579s][5523][5530][info ] Application time: 1.0001036 seconds
[2025-10-02T08:17:15.593+0000][43334.579s][5523][5530][info ] Entering safepoint region: Cleanup
[2025-10-02T08:17:15.593+0000][43334.579s][5523][5530][info ] Leaving safepoint region
[2025-10-02T08:17:15.593+0000][43334.579s][5523][5530][info ] Total time for which application threads were stopped: 0.0001333 seconds, Stopping threads took: 0.0000229 seconds
[2025-10-02T08:17:16.593+0000][43335.579s][5523][5530][info ] Application time: 1.0001034 seconds
[2025-10-02T08:17:16.593+0000][43335.579s][5523][5530][info ] Entering safepoint region: Cleanup
[2025-10-02T08:17:16.593+0000][43335.579s][5523][5530][info ] Leaving safepoint region
[2025-10-02T08:17:16.593+0000][43335.579s][5523][5530][info ] Total time for which application threads were stopped: 0.0001315 seconds, Stopping threads took: 0.0000197 seconds
[2025-10-02T08:17:17.593+0000][43336.580s][5523][5530][info ] Application time: 1.0001040 seconds
[2025-10-02T08:17:17.593+0000][43336.580s][5523][5530][info ] Entering safepoint region: Cleanup
[2025-10-02T08:17:17.593+0000][43336.580s][5523][5530][info ] Leaving safepoint region
[2025-10-02T08:17:17.594+0000][43336.581s][5523][5530][info ] Total time for which application threads were stopped: 0.0011272 seconds, Stopping threads took: 0.0000247 seconds
[2025-10-02T08:17:18.595+0000][43337.581s][5523][5530][info ] Application time: 1.0001050 seconds
[2025-10-02T08:17:18.595+0000][43337.581s][5523][5530][info ] Entering safepoint region: Cleanup
[2025-10-02T08:17:18.595+0000][43337.581s][5523][5530][info ] Leaving safepoint region
[2025-10-02T08:17:18.595+0000][43337.581s][5523][5530][info ] Total time for which application threads were stopped: 0.0001548 seconds, Stopping threads took: 0.0000307 seconds
[2025-10-02T08:17:19.595+0000][43338.581s][5523][5530][info ] Application time: 1.0001074 seconds
[2025-10-02T08:17:19.595+0000][43338.581s][5523][5530][info ] Entering safepoint region: Cleanup
[2025-10-02T08:17:19.595+0000][43338.581s][5523][5530][info ] Leaving safepoint region
[2025-10-02T08:17:19.595+0000][43338.581s][5523][5530][info ] Total time for which application threads were stopped: 0.0001485 seconds, Stopping threads took: 0.0000357 seconds
[2025-10-02T08:17:20.595+0000][43339.582s][5523][5530][info ] Application time: 1.0001031 seconds
[2025-10-02T08:17:20.595+0000][43339.582s][5523][5530][info ] Entering safepoint region: Cleanup
[2025-10-02T08:17:20.595+0000][43339.582s][5523][5530][info ] Leaving safepoint region
[2025-10-02T08:17:20.595+0000][43339.582s][5523][5530][info ] Total time for which application threads were stopped: 0.0001437 seconds, Stopping threads took: 0.0000239 seconds
[2025-10-02T08:17:21.596+0000][43340.582s][5523][5530][info ] Application time: 1.0000953 seconds
[2025-10-02T08:17:21.596+0000][43340.582s][5523][5530][info ] Entering safepoint region: Cleanup
[2025-10-02T08:17:21.596+0000][43340.582s][5523][5530][info ] Leaving safepoint region
[2025-10-02T08:17:21.596+0000][43340.582s][5523][5530][info ] Total time for which application threads were stopped: 0.0001367 seconds, Stopping threads took: 0.0000216 seconds
[2025-10-02T08:17:22.399+0000][43341.385s][5523][5529][trace] CMS: promo attempt is safe: available(767642064) >= av_promo(5147342), max_promo(30880944)
[2025-10-02T08:17:22.596+0000][43341.582s][5523][5530][info ] Application time: 1.0001075 seconds
[2025-10-02T08:17:22.596+0000][43341.582s][5523][5530][info ] Entering safepoint region: Cleanup
[2025-10-02T08:17:22.596+0000][43341.582s][5523][5530][info ] Leaving safepoint region
[2025-10-02T08:17:22.596+0000][43341.582s][5523][5530][info ] Total time for which application threads were stopped: 0.0001339 seconds, Stopping threads took: 0.0000243 seconds
[2025-10-02T08:17:23.596+0000][43342.582s][5523][5530][info ] Application time: 1.0001036 seconds
[2025-10-02T08:17:23.596+0000][43342.583s][5523][5530][info ] Entering safepoint region: Cleanup
[2025-10-02T08:17:23.596+0000][43342.583s][5523][5530][info ] Leaving safepoint region
[2025-10-02T08:17:23.596+0000][43342.583s][5523][5530][info ] Total time for which application threads were stopped: 0.0001405 seconds, Stopping threads took: 0.0000219 seconds
[2025-10-02T08:17:24.597+0000][43343.583s][5523][5530][info ] Application time: 1.0001022 seconds
[2025-10-02T08:17:24.597+0000][43343.583s][5523][5530][info ] Entering safepoint region: Cleanup
[2025-10-02T08:17:24.597+0000][43343.583s][5523][5530][info ] Leaving safepoint region
[2025-10-02T08:17:24.597+0000][43343.583s][5523][5530][info ] Total time for which application threads were stopped: 0.0001334 seconds, Stopping threads took: 0.0000225 seconds
[2025-10-02T08:17:25.597+0000][43344.583s][5523][5530][info ] Application time: 1.0001010 seconds
[2025-10-02T08:17:25.597+0000][43344.583s][5523][5530][info ] Entering safepoint region: Cleanup
[2025-10-02T08:17:25.597+0000][43344.583s][5523][5530][info ] Leaving safepoint region
[2025-10-02T08:17:25.597+0000][43344.583s][5523][5530][info ] Total time for which application threads were stopped: 0.0001302 seconds, Stopping threads took: 0.0000222 seconds
[2025-10-02T08:17:26.597+0000][43345.583s][5523][5530][info ] Application time: 1.0001069 seconds
[2025-10-02T08:17:26.597+0000][43345.583s][5523][5530][info ] Entering safepoint region: Cleanup
[2025-10-02T08:17:26.597+0000][43345.584s][5523][5530][info ] Leaving safepoint region
[2025-10-02T08:17:26.597+0000][43345.584s][5523][5530][info ] Total time for which application threads were stopped: 0.0001575 seconds, Stopping threads took: 0.0000212 seconds
[2025-10-02T08:17:27.597+0000][43346.584s][5523][5530][info ] Application time: 1.0000725 seconds
[2025-10-02T08:17:27.597+0000][43346.584s][5523][5530][info ] Entering safepoint region: Cleanup
[2025-10-02T08:17:27.599+0000][43346.585s][5523][5530][info ] Leaving safepoint region
[2025-10-02T08:17:27.599+0000][43346.585s][5523][5530][info ] Total time for which application threads were stopped: 0.0012417 seconds, Stopping threads took: 0.0010941 seconds
[2025-10-02T08:17:28.599+0000][43347.585s][5523][5530][info ] Application time: 1.0000801 seconds
[2025-10-02T08:17:28.599+0000][43347.585s][5523][5530][info ] Entering safepoint region: Cleanup
[2025-10-02T08:17:28.599+0000][43347.585s][5523][5530][info ] Leaving safepoint region
[2025-10-02T08:17:28.599+0000][43347.585s][5523][5530][info ] Total time for which application threads were stopped: 0.0001306 seconds, Stopping threads took: 0.0000224 seconds
[2025-10-02T08:17:29.599+0000][43348.585s][5523][5530][info ] Application time: 1.0001939 seconds
[2025-10-02T08:17:29.599+0000][43348.585s][5523][5530][info ] Entering safepoint region: Cleanup
[2025-10-02T08:17:29.599+0000][43348.586s][5523][5530][info ] Leaving safepoint region
[2025-10-02T08:17:29.599+0000][43348.586s][5523][5530][info ] Total time for which application threads were stopped: 0.0001363 seconds, Stopping threads took: 0.0000229 seconds
[2025-10-02T08:17:30.599+0000][43349.586s][5523][5530][info ] Application time: 1.0001070 seconds
[2025-10-02T08:17:30.600+0000][43349.586s][5523][5530][info ] Entering safepoint region: Cleanup
[2025-10-02T08:17:30.600+0000][43349.586s][5523][5530][info ] Leaving safepoint region
[2025-10-02T08:17:30.600+0000][43349.586s][5523][5530][info ] Total time for which application threads were stopped: 0.0001445 seconds, Stopping threads took: 0.0000238 seconds
[2025-10-02T08:17:31.600+0000][43350.586s][5523][5530][info ] Application time: 1.0001045 seconds
[2025-10-02T08:17:31.600+0000][43350.586s][5523][5530][info ] Entering safepoint region: Cleanup
[2025-10-02T08:17:31.600+0000][43350.586s][5523][5530][info ] Leaving safepoint region
[2025-10-02T08:17:31.600+0000][43350.586s][5523][5530][info ] Total time for which application threads were stopped: 0.0001383 seconds, Stopping threads took: 0.0000224 seconds
[2025-10-02T08:17:32.398+0000][43351.384s][5523][5529][trace] CMS: promo attempt is safe: available(767642064) >= av_promo(5147342), max_promo(32011800)
[2025-10-02T08:17:32.600+0000][43351.586s][5523][5530][info ] Application time: 1.0000880 seconds
[2025-10-02T08:17:32.600+0000][43351.586s][5523][5530][info ] Entering safepoint region: Cleanup
[2025-10-02T08:17:32.600+0000][43351.586s][5523][5530][info ] Leaving safepoint region
[2025-10-02T08:17:32.600+0000][43351.586s][5523][5530][info ] Total time for which application threads were stopped: 0.0001321 seconds, Stopping threads took: 0.0000217 seconds
[2025-10-02T08:17:33.600+0000][43352.587s][5523][5530][info ] Application time: 1.0000935 seconds
[2025-10-02T08:17:33.600+0000][43352.587s][5523][5530][info ] Entering safepoint region: Cleanup
[2025-10-02T08:17:33.601+0000][43352.587s][5523][5530][info ] Leaving safepoint region
[2025-10-02T08:17:33.601+0000][43352.587s][5523][5530][info ] Total time for which application threads were stopped: 0.0001669 seconds, Stopping threads took: 0.0000277 seconds
[2025-10-02T08:17:34.601+0000][43353.587s][5523][5530][info ] Application time: 1.0000958 seconds
[2025-10-02T08:17:34.601+0000][43353.587s][5523][5530][info ] Entering safepoint region: Cleanup
[2025-10-02T08:17:34.601+0000][43353.587s][5523][5530][info ] Leaving safepoint region
[2025-10-02T08:17:34.601+0000][43353.587s][5523][5530][info ] Total time for which application threads were stopped: 0.0001435 seconds, Stopping threads took: 0.0000225 seconds
[2025-10-02T08:17:35.601+0000][43354.587s][5523][5530][info ] Application time: 1.0000938 seconds
[2025-10-02T08:17:35.601+0000][43354.587s][5523][5530][info ] Entering safepoint region: Cleanup
[2025-10-02T08:17:35.601+0000][43354.587s][5523][5530][info ] Leaving safepoint region
[2025-10-02T08:17:35.601+0000][43354.587s][5523][5530][info ] Total time for which application threads were stopped: 0.0001322 seconds, Stopping threads took: 0.0000222 seconds
[2025-10-02T08:17:36.601+0000][43355.587s][5523][5530][info ] Application time: 1.0000802 seconds
[2025-10-02T08:17:36.601+0000][43355.588s][5523][5530][info ] Entering safepoint region: Cleanup
[2025-10-02T08:17:36.601+0000][43355.588s][5523][5530][info ] Leaving safepoint region
[2025-10-02T08:17:36.601+0000][43355.588s][5523][5530][info ] Total time for which application threads were stopped: 0.0001365 seconds, Stopping threads took: 0.0000230 seconds
[2025-10-02T08:17:37.602+0000][43356.588s][5523][5530][info ] Application time: 1.0001064 seconds
[2025-10-02T08:17:37.602+0000][43356.588s][5523][5530][info ] Entering safepoint region: Cleanup
[2025-10-02T08:17:37.603+0000][43356.589s][5523][5530][info ] Leaving safepoint region
[2025-10-02T08:17:37.603+0000][43356.589s][5523][5530][info ] Total time for which application threads were stopped: 0.0012608 seconds, Stopping threads took: 0.0011262 seconds
[2025-10-02T08:17:38.603+0000][43357.589s][5523][5530][info ] Application time: 1.0000898 seconds
[2025-10-02T08:17:38.603+0000][43357.589s][5523][5530][info ] Entering safepoint region: Cleanup
[2025-10-02T08:17:38.603+0000][43357.589s][5523][5530][info ] Leaving safepoint region
[2025-10-02T08:17:38.603+0000][43357.589s][5523][5530][info ] Total time for which application threads were stopped: 0.0001328 seconds, Stopping threads took: 0.0000228 seconds
[2025-10-02T08:17:39.603+0000][43358.590s][5523][5530][info ] Application time: 1.0001358 seconds
[2025-10-02T08:17:39.603+0000][43358.590s][5523][5530][info ] Entering safepoint region: Cleanup
[2025-10-02T08:17:39.604+0000][43358.590s][5523][5530][info ] Leaving safepoint region
[2025-10-02T08:17:39.604+0000][43358.590s][5523][5530][info ] Total time for which application threads were stopped: 0.0001537 seconds, Stopping threads took: 0.0000219 seconds
[2025-10-02T08:17:40.604+0000][43359.590s][5523][5530][info ] Application time: 1.0000810 seconds
[2025-10-02T08:17:40.604+0000][43359.590s][5523][5530][info ] Entering safepoint region: Cleanup
[2025-10-02T08:17:40.604+0000][43359.590s][5523][5530][info ] Leaving safepoint region
[2025-10-02T08:17:40.604+0000][43359.590s][5523][5530][info ] Total time for which application threads were stopped: 0.0001434 seconds, Stopping threads took: 0.0000218 seconds
[2025-10-02T08:17:41.604+0000][43360.590s][5523][5530][info ] Application time: 1.0000998 seconds
[2025-10-02T08:17:41.604+0000][43360.590s][5523][5530][info ] Entering safepoint region: Cleanup
[2025-10-02T08:17:41.604+0000][43360.590s][5523][5530][info ] Leaving safepoint region
[2025-10-02T08:17:41.604+0000][43360.590s][5523][5530][info ] Total time for which application threads were stopped: 0.0001343 seconds, Stopping threads took: 0.0000226 seconds
[2025-10-02T08:17:42.398+0000][43361.384s][5523][5529][trace] CMS: promo attempt is safe: available(767642064) >= av_promo(5147342), max_promo(32186128)
[2025-10-02T08:17:42.604+0000][43361.590s][5523][5530][info ] Application time: 1.0000982 seconds
[2025-10-02T08:17:42.604+0000][43361.590s][5523][5530][info ] Entering safepoint region: Cleanup
[2025-10-02T08:17:42.604+0000][43361.591s][5523][5530][info ] Leaving safepoint region
[2025-10-02T08:17:42.604+0000][43361.591s][5523][5530][info ] Total time for which application threads were stopped: 0.0001393 seconds, Stopping threads took: 0.0000232 seconds
[2025-10-02T08:17:43.604+0000][43362.591s][5523][5530][info ] Application time: 1.0000875 seconds
[2025-10-02T08:17:43.605+0000][43362.591s][5523][5530][info ] Entering safepoint region: Cleanup
[2025-10-02T08:17:43.605+0000][43362.591s][5523][5530][info ] Leaving safepoint region
[2025-10-02T08:17:43.605+0000][43362.591s][5523][5530][info ] Total time for which application threads were stopped: 0.0001352 seconds, Stopping threads took: 0.0000226 seconds
[2025-10-02T08:17:44.605+0000][43363.591s][5523][5530][info ] Application time: 1.0000972 seconds
[2025-10-02T08:17:44.605+0000][43363.591s][5523][5530][info ] Entering safepoint region: Cleanup
[2025-10-02T08:17:44.605+0000][43363.591s][5523][5530][info ] Leaving safepoint region
[2025-10-02T08:17:44.605+0000][43363.591s][5523][5530][info ] Total time for which application threads were stopped: 0.0001398 seconds, Stopping threads took: 0.0000305 seconds
[2025-10-02T08:17:45.605+0000][43364.591s][5523][5530][info ] Application time: 1.0001045 seconds
[2025-10-02T08:17:45.605+0000][43364.591s][5523][5530][info ] Entering safepoint region: Cleanup
[2025-10-02T08:17:45.605+0000][43364.591s][5523][5530][info ] Leaving safepoint region
[2025-10-02T08:17:45.605+0000][43364.591s][5523][5530][info ] Total time for which application threads were stopped: 0.0001329 seconds, Stopping threads took: 0.0000233 seconds
[2025-10-02T08:17:46.605+0000][43365.592s][5523][5530][info ] Application time: 1.0000815 seconds
[2025-10-02T08:17:46.605+0000][43365.592s][5523][5530][info ] Entering safepoint region: Cleanup
[2025-10-02T08:17:46.606+0000][43365.592s][5523][5530][info ] Leaving safepoint region
[2025-10-02T08:17:46.606+0000][43365.592s][5523][5530][info ] Total time for which application threads were stopped: 0.0001550 seconds, Stopping threads took: 0.0000233 seconds
[2025-10-02T08:17:47.606+0000][43366.592s][5523][5530][info ] Application time: 1.0000807 seconds
[2025-10-02T08:17:47.606+0000][43366.592s][5523][5530][info ] Entering safepoint region: Cleanup
[2025-10-02T08:17:47.606+0000][43366.592s][5523][5530][info ] Leaving safepoint region
[2025-10-02T08:17:47.606+0000][43366.592s][5523][5530][info ] Total time for which application threads were stopped: 0.0001509 seconds, Stopping threads took: 0.0000369 seconds
[2025-10-02T08:17:48.606+0000][43367.592s][5523][5530][info ] Application time: 1.0001097 seconds
[2025-10-02T08:17:48.606+0000][43367.592s][5523][5530][info ] Entering safepoint region: Cleanup
[2025-10-02T08:17:48.606+0000][43367.592s][5523][5530][info ] Leaving safepoint region
[2025-10-02T08:17:48.606+0000][43367.592s][5523][5530][info ] Total time for which application threads were stopped: 0.0001404 seconds, Stopping threads took: 0.0000221 seconds
[2025-10-02T08:17:49.606+0000][43368.593s][5523][5530][info ] Application time: 1.0001021 seconds
[2025-10-02T08:17:49.606+0000][43368.593s][5523][5530][info ] Entering safepoint region: Cleanup
[2025-10-02T08:17:49.606+0000][43368.593s][5523][5530][info ] Leaving safepoint region
[2025-10-02T08:17:49.606+0000][43368.593s][5523][5530][info ] Total time for which application threads were stopped: 0.0001393 seconds, Stopping threads took: 0.0000215 seconds
[2025-10-02T08:17:50.607+0000][43369.593s][5523][5530][info ] Application time: 1.0000528 seconds
[2025-10-02T08:17:50.607+0000][43369.593s][5523][5530][info ] Entering safepoint region: Cleanup
[2025-10-02T08:17:50.607+0000][43369.593s][5523][5530][info ] Leaving safepoint region
[2025-10-02T08:17:50.607+0000][43369.593s][5523][5530][info ] Total time for which application threads were stopped: 0.0001303 seconds, Stopping threads took: 0.0000204 seconds
[2025-10-02T08:17:51.607+0000][43370.593s][5523][5530][info ] Application time: 1.0001056 seconds
[2025-10-02T08:17:51.607+0000][43370.593s][5523][5530][info ] Entering safepoint region: Cleanup
[2025-10-02T08:17:51.607+0000][43370.593s][5523][5530][info ] Leaving safepoint region
[2025-10-02T08:17:51.607+0000][43370.593s][5523][5530][info ] Total time for which application threads were stopped: 0.0002297 seconds, Stopping threads took: 0.0000272 seconds
[2025-10-02T08:17:52.398+0000][43371.384s][5523][5529][trace] CMS: promo attempt is safe: available(767642064) >= av_promo(5147342), max_promo(32186128)
[2025-10-02T08:17:52.607+0000][43371.593s][5523][5530][info ] Application time: 1.0001118 seconds
[2025-10-02T08:17:52.607+0000][43371.594s][5523][5530][info ] Entering safepoint region: Cleanup
[2025-10-02T08:17:52.607+0000][43371.594s][5523][5530][info ] Leaving safepoint region
[2025-10-02T08:17:52.607+0000][43371.594s][5523][5530][info ] Total time for which application threads were stopped: 0.0001340 seconds, Stopping threads took: 0.0000227 seconds
[2025-10-02T08:17:53.608+0000][43372.594s][5523][5530][info ] Application time: 1.0000915 seconds
[2025-10-02T08:17:53.608+0000][43372.594s][5523][5530][info ] Entering safepoint region: Cleanup
[2025-10-02T08:17:53.608+0000][43372.594s][5523][5530][info ] Leaving safepoint region
[2025-10-02T08:17:53.608+0000][43372.594s][5523][5530][info ] Total time for which application threads were stopped: 0.0001353 seconds, Stopping threads took: 0.0000241 seconds
[2025-10-02T08:17:54.608+0000][43373.594s][5523][5530][info ] Application time: 1.0000998 seconds
[2025-10-02T08:17:54.608+0000][43373.594s][5523][5530][info ] Entering safepoint region: Cleanup
[2025-10-02T08:17:54.608+0000][43373.594s][5523][5530][info ] Leaving safepoint region
[2025-10-02T08:17:54.608+0000][43373.594s][5523][5530][info ] Total time for which application threads were stopped: 0.0001390 seconds, Stopping threads took: 0.0000207 seconds
[2025-10-02T08:17:55.608+0000][43374.594s][5523][5530][info ] Application time: 1.0000900 seconds
[2025-10-02T08:17:55.608+0000][43374.594s][5523][5530][info ] Entering safepoint region: Cleanup
[2025-10-02T08:17:55.608+0000][43374.594s][5523][5530][info ] Leaving safepoint region
[2025-10-02T08:17:55.608+0000][43374.594s][5523][5530][info ] Total time for which application threads were stopped: 0.0001376 seconds, Stopping threads took: 0.0000248 seconds
[2025-10-02T08:17:56.608+0000][43375.595s][5523][5530][info ] Application time: 1.0000886 seconds
[2025-10-02T08:17:56.608+0000][43375.595s][5523][5530][info ] Entering safepoint region: Cleanup
[2025-10-02T08:17:56.609+0000][43375.595s][5523][5530][info ] Leaving safepoint region
[2025-10-02T08:17:56.609+0000][43375.595s][5523][5530][info ] Total time for which application threads were stopped: 0.0001560 seconds, Stopping threads took: 0.0000220 seconds
[2025-10-02T08:17:57.609+0000][43376.595s][5523][5530][info ] Application time: 1.0001033 seconds
[2025-10-02T08:17:57.609+0000][43376.595s][5523][5530][info ] Entering safepoint region: Cleanup
[2025-10-02T08:17:57.610+0000][43376.596s][5523][5530][info ] Leaving safepoint region
[2025-10-02T08:17:57.610+0000][43376.596s][5523][5530][info ] Total time for which application threads were stopped: 0.0012990 seconds, Stopping threads took: 0.0011711 seconds
[2025-10-02T08:17:58.610+0000][43377.596s][5523][5530][info ] Application time: 1.0001028 seconds
[2025-10-02T08:17:58.610+0000][43377.596s][5523][5530][info ] Entering safepoint region: Cleanup
[2025-10-02T08:17:58.610+0000][43377.597s][5523][5530][info ] Leaving safepoint region
[2025-10-02T08:17:58.610+0000][43377.597s][5523][5530][info ] Total time for which application threads were stopped: 0.0001507 seconds, Stopping threads took: 0.0000380 seconds
[2025-10-02T08:17:59.611+0000][43378.597s][5523][5530][info ] Application time: 1.0001194 seconds
[2025-10-02T08:17:59.611+0000][43378.597s][5523][5530][info ] Entering safepoint region: Cleanup
[2025-10-02T08:17:59.611+0000][43378.597s][5523][5530][info ] Leaving safepoint region
[2025-10-02T08:17:59.611+0000][43378.597s][5523][5530][info ] Total time for which application threads were stopped: 0.0001445 seconds, Stopping threads took: 0.0000278 seconds
[2025-10-02T08:18:00.611+0000][43379.597s][5523][5530][info ] Application time: 1.0001012 seconds
[2025-10-02T08:18:00.611+0000][43379.597s][5523][5530][info ] Entering safepoint region: Cleanup
[2025-10-02T08:18:00.611+0000][43379.597s][5523][5530][info ] Leaving safepoint region
[2025-10-02T08:18:00.611+0000][43379.597s][5523][5530][info ] Total time for which application threads were stopped: 0.0001932 seconds, Stopping threads took: 0.0000222 seconds
[2025-10-02T08:18:01.611+0000][43380.598s][5523][5530][info ] Application time: 1.0002151 seconds
[2025-10-02T08:18:01.611+0000][43380.598s][5523][5530][info ] Entering safepoint region: Cleanup
[2025-10-02T08:18:01.611+0000][43380.598s][5523][5530][info ] Leaving safepoint region
[2025-10-02T08:18:01.611+0000][43380.598s][5523][5530][info ] Total time for which application threads were stopped: 0.0001507 seconds, Stopping threads took: 0.0000325 seconds
[2025-10-02T08:18:02.398+0000][43381.384s][5523][5529][trace] CMS: promo attempt is safe: available(767642064) >= av_promo(5147342), max_promo(33866520)
[2025-10-02T08:18:02.612+0000][43381.598s][5523][5530][info ] Application time: 1.0001209 seconds
[2025-10-02T08:18:02.612+0000][43381.598s][5523][5530][info ] Entering safepoint region: Cleanup
[2025-10-02T08:18:02.612+0000][43381.598s][5523][5530][info ] Leaving safepoint region
[2025-10-02T08:18:02.612+0000][43381.598s][5523][5530][info ] Total time for which application threads were stopped: 0.0001423 seconds, Stopping threads took: 0.0000248 seconds
[2025-10-02T08:18:03.612+0000][43382.598s][5523][5530][info ] Application time: 1.0001007 seconds
[2025-10-02T08:18:03.612+0000][43382.598s][5523][5530][info ] Entering safepoint region: Cleanup
[2025-10-02T08:18:03.612+0000][43382.598s][5523][5530][info ] Leaving safepoint region
[2025-10-02T08:18:03.612+0000][43382.598s][5523][5530][info ] Total time for which application threads were stopped: 0.0001353 seconds, Stopping threads took: 0.0000249 seconds
[2025-10-02T08:18:04.612+0000][43383.598s][5523][5530][info ] Application time: 1.0001137 seconds
[2025-10-02T08:18:04.612+0000][43383.599s][5523][5530][info ] Entering safepoint region: Cleanup
[2025-10-02T08:18:04.612+0000][43383.599s][5523][5530][info ] Leaving safepoint region
[2025-10-02T08:18:04.612+0000][43383.599s][5523][5530][info ] Total time for which application threads were stopped: 0.0001484 seconds, Stopping threads took: 0.0000226 seconds
[2025-10-02T08:18:05.613+0000][43384.599s][5523][5530][info ] Application time: 1.0001128 seconds
[2025-10-02T08:18:05.613+0000][43384.599s][5523][5530][info ] Entering safepoint region: Cleanup
[2025-10-02T08:18:05.613+0000][43384.599s][5523][5530][info ] Leaving safepoint region
[2025-10-02T08:18:05.613+0000][43384.599s][5523][5530][info ] Total time for which application threads were stopped: 0.0001328 seconds, Stopping threads took: 0.0000219 seconds
[2025-10-02T08:18:06.613+0000][43385.599s][5523][5530][info ] Application time: 1.0000930 seconds
[2025-10-02T08:18:06.613+0000][43385.599s][5523][5530][info ] Entering safepoint region: Cleanup
[2025-10-02T08:18:06.613+0000][43385.599s][5523][5530][info ] Leaving safepoint region
[2025-10-02T08:18:06.613+0000][43385.599s][5523][5530][info ] Total time for which application threads were stopped: 0.0001295 seconds, Stopping threads took: 0.0000228 seconds
[2025-10-02T08:18:07.613+0000][43386.599s][5523][5530][info ] Application time: 1.0001103 seconds
[2025-10-02T08:18:07.613+0000][43386.599s][5523][5530][info ] Entering safepoint region: Cleanup
[2025-10-02T08:18:07.613+0000][43386.600s][5523][5530][info ] Leaving safepoint region
[2025-10-02T08:18:07.613+0000][43386.600s][5523][5530][info ] Total time for which application threads were stopped: 0.0001292 seconds, Stopping threads took: 0.0000217 seconds
[2025-10-02T08:18:08.613+0000][43387.600s][5523][5530][info ] Application time: 1.0001031 seconds
[2025-10-02T08:18:08.613+0000][43387.600s][5523][5530][info ] Entering safepoint region: Cleanup
[2025-10-02T08:18:08.614+0000][43387.600s][5523][5530][info ] Leaving safepoint region
[2025-10-02T08:18:08.614+0000][43387.600s][5523][5530][info ] Total time for which application threads were stopped: 0.0001641 seconds, Stopping threads took: 0.0000221 seconds
[2025-10-02T08:18:09.614+0000][43388.600s][5523][5530][info ] Application time: 1.0000856 seconds
[2025-10-02T08:18:09.614+0000][43388.600s][5523][5530][info ] Entering safepoint region: Cleanup
[2025-10-02T08:18:09.614+0000][43388.600s][5523][5530][info ] Leaving safepoint region
[2025-10-02T08:18:09.614+0000][43388.600s][5523][5530][info ] Total time for which application threads were stopped: 0.0001362 seconds, Stopping threads took: 0.0000216 seconds
[2025-10-02T08:18:10.614+0000][43389.600s][5523][5530][info ] Application time: 1.0000800 seconds
[2025-10-02T08:18:10.614+0000][43389.600s][5523][5530][info ] Entering safepoint region: Cleanup
[2025-10-02T08:18:10.614+0000][43389.600s][5523][5530][info ] Leaving safepoint region
[2025-10-02T08:18:10.614+0000][43389.600s][5523][5530][info ] Total time for which application threads were stopped: 0.0001294 seconds, Stopping threads took: 0.0000218 seconds
[2025-10-02T08:18:11.614+0000][43390.601s][5523][5530][info ] Application time: 1.0000999 seconds
[2025-10-02T08:18:11.614+0000][43390.601s][5523][5530][info ] Entering safepoint region: Cleanup
[2025-10-02T08:18:11.614+0000][43390.601s][5523][5530][info ] Leaving safepoint region
[2025-10-02T08:18:11.614+0000][43390.601s][5523][5530][info ] Total time for which application threads were stopped: 0.0001472 seconds, Stopping threads took: 0.0000229 seconds
[2025-10-02T08:18:12.398+0000][43391.384s][5523][5529][trace] CMS: promo attempt is safe: available(767642064) >= av_promo(5147342), max_promo(34208896)
[2025-10-02T08:18:12.615+0000][43391.601s][5523][5530][info ] Application time: 1.0000621 seconds
[2025-10-02T08:18:12.615+0000][43391.601s][5523][5530][info ] Entering safepoint region: Cleanup
[2025-10-02T08:18:12.615+0000][43391.601s][5523][5530][info ] Leaving safepoint region
[2025-10-02T08:18:12.615+0000][43391.601s][5523][5530][info ] Total time for which application threads were stopped: 0.0001340 seconds, Stopping threads took: 0.0000219 seconds
[2025-10-02T08:18:13.615+0000][43392.601s][5523][5530][info ] Application time: 1.0000885 seconds
[2025-10-02T08:18:13.615+0000][43392.601s][5523][5530][info ] Entering safepoint region: Cleanup
[2025-10-02T08:18:13.615+0000][43392.601s][5523][5530][info ] Leaving safepoint region
[2025-10-02T08:18:13.615+0000][43392.601s][5523][5530][info ] Total time for which application threads were stopped: 0.0001957 seconds, Stopping threads took: 0.0000220 seconds
[2025-10-02T08:18:14.615+0000][43393.601s][5523][5530][info ] Application time: 1.0001163 seconds
[2025-10-02T08:18:14.615+0000][43393.601s][5523][5530][info ] Entering safepoint region: Cleanup
[2025-10-02T08:18:14.615+0000][43393.602s][5523][5530][info ] Leaving safepoint region
[2025-10-02T08:18:14.615+0000][43393.602s][5523][5530][info ] Total time for which application threads were stopped: 0.0001448 seconds, Stopping threads took: 0.0000327 seconds
[2025-10-02T08:18:15.617+0000][43394.603s][5523][5530][info ] Application time: 1.0011483 seconds
[2025-10-02T08:18:15.617+0000][43394.603s][5523][5530][info ] Entering safepoint region: Cleanup
[2025-10-02T08:18:15.617+0000][43394.603s][5523][5530][info ] Leaving safepoint region
[2025-10-02T08:18:15.617+0000][43394.603s][5523][5530][info ] Total time for which application threads were stopped: 0.0001733 seconds, Stopping threads took: 0.0000316 seconds
[2025-10-02T08:18:16.617+0000][43395.603s][5523][5530][info ] Application time: 1.0000766 seconds
[2025-10-02T08:18:16.617+0000][43395.603s][5523][5530][info ] Entering safepoint region: Cleanup
[2025-10-02T08:18:16.617+0000][43395.603s][5523][5530][info ] Leaving safepoint region
[2025-10-02T08:18:16.617+0000][43395.603s][5523][5530][info ] Total time for which application threads were stopped: 0.0001326 seconds, Stopping threads took: 0.0000217 seconds
[2025-10-02T08:18:17.617+0000][43396.603s][5523][5530][info ] Application time: 1.0000883 seconds
[2025-10-02T08:18:17.617+0000][43396.603s][5523][5530][info ] Entering safepoint region: Cleanup
[2025-10-02T08:18:17.617+0000][43396.604s][5523][5530][info ] Leaving safepoint region
[2025-10-02T08:18:17.617+0000][43396.604s][5523][5530][info ] Total time for which application threads were stopped: 0.0001676 seconds, Stopping threads took: 0.0000307 seconds
[2025-10-02T08:18:18.619+0000][43397.605s][5523][5530][info ] Application time: 1.0012515 seconds
[2025-10-02T08:18:18.619+0000][43397.605s][5523][5530][info ] Entering safepoint region: Cleanup
[2025-10-02T08:18:18.619+0000][43397.605s][5523][5530][info ] Leaving safepoint region
[2025-10-02T08:18:18.619+0000][43397.605s][5523][5530][info ] Total time for which application threads were stopped: 0.0001528 seconds, Stopping threads took: 0.0000257 seconds
[2025-10-02T08:18:19.619+0000][43398.605s][5523][5530][info ] Application time: 1.0000902 seconds
[2025-10-02T08:18:19.619+0000][43398.605s][5523][5530][info ] Entering safepoint region: Cleanup
[2025-10-02T08:18:19.619+0000][43398.605s][5523][5530][info ] Leaving safepoint region
[2025-10-02T08:18:19.619+0000][43398.605s][5523][5530][info ] Total time for which application threads were stopped: 0.0002195 seconds, Stopping threads took: 0.0000237 seconds
[2025-10-02T08:18:20.619+0000][43399.606s][5523][5530][info ] Application time: 1.0000988 seconds
[2025-10-02T08:18:20.619+0000][43399.606s][5523][5530][info ] Entering safepoint region: Cleanup
[2025-10-02T08:18:20.619+0000][43399.606s][5523][5530][info ] Leaving safepoint region
[2025-10-02T08:18:20.619+0000][43399.606s][5523][5530][info ] Total time for which application threads were stopped: 0.0001318 seconds, Stopping threads took: 0.0000216 seconds
[2025-10-02T08:18:21.620+0000][43400.606s][5523][5530][info ] Application time: 1.0001009 seconds
[2025-10-02T08:18:21.620+0000][43400.606s][5523][5530][info ] Entering safepoint region: Cleanup
[2025-10-02T08:18:21.620+0000][43400.606s][5523][5530][info ] Leaving safepoint region
[2025-10-02T08:18:21.620+0000][43400.606s][5523][5530][info ] Total time for which application threads were stopped: 0.0001349 seconds, Stopping threads took: 0.0000228 seconds
[2025-10-02T08:18:22.397+0000][43401.383s][5523][5529][trace] CMS: promo attempt is safe: available(767642064) >= av_promo(5147342), max_promo(34208896)
[2025-10-02T08:18:22.620+0000][43401.606s][5523][5530][info ] Application time: 1.0001542 seconds
[2025-10-02T08:18:22.620+0000][43401.606s][5523][5530][info ] Entering safepoint region: Cleanup
[2025-10-02T08:18:22.620+0000][43401.606s][5523][5530][info ] Leaving safepoint region
[2025-10-02T08:18:22.620+0000][43401.606s][5523][5530][info ] Total time for which application threads were stopped: 0.0001407 seconds, Stopping threads took: 0.0000218 seconds
[2025-10-02T08:18:23.620+0000][43402.606s][5523][5530][info ] Application time: 1.0000877 seconds
[2025-10-02T08:18:23.620+0000][43402.606s][5523][5530][info ] Entering safepoint region: Cleanup
[2025-10-02T08:18:23.620+0000][43402.607s][5523][5530][info ] Leaving safepoint region
[2025-10-02T08:18:23.620+0000][43402.607s][5523][5530][info ] Total time for which application threads were stopped: 0.0001310 seconds, Stopping threads took: 0.0000218 seconds
[2025-10-02T08:18:24.620+0000][43403.607s][5523][5530][info ] Application time: 1.0000765 seconds
[2025-10-02T08:18:24.621+0000][43403.607s][5523][5530][info ] Entering safepoint region: Cleanup
[2025-10-02T08:18:24.621+0000][43403.607s][5523][5530][info ] Leaving safepoint region
[2025-10-02T08:18:24.621+0000][43403.607s][5523][5530][info ] Total time for which application threads were stopped: 0.0001361 seconds, Stopping threads took: 0.0000282 seconds
[2025-10-02T08:18:25.621+0000][43404.607s][5523][5530][info ] Application time: 1.0000797 seconds
[2025-10-02T08:18:25.621+0000][43404.607s][5523][5530][info ] Entering safepoint region: Cleanup
[2025-10-02T08:18:25.621+0000][43404.607s][5523][5530][info ] Leaving safepoint region
[2025-10-02T08:18:25.621+0000][43404.607s][5523][5530][info ] Total time for which application threads were stopped: 0.0001324 seconds, Stopping threads took: 0.0000214 seconds
[2025-10-02T08:18:26.621+0000][43405.607s][5523][5530][info ] Application time: 1.0001177 seconds
[2025-10-02T08:18:26.621+0000][43405.607s][5523][5530][info ] Entering safepoint region: Cleanup
[2025-10-02T08:18:26.621+0000][43405.607s][5523][5530][info ] Leaving safepoint region
[2025-10-02T08:18:26.621+0000][43405.607s][5523][5530][info ] Total time for which application threads were stopped: 0.0001384 seconds, Stopping threads took: 0.0000206 seconds
[2025-10-02T08:18:27.621+0000][43406.608s][5523][5530][info ] Application time: 1.0000974 seconds
[2025-10-02T08:18:27.621+0000][43406.608s][5523][5530][info ] Entering safepoint region: Cleanup
[2025-10-02T08:18:27.622+0000][43406.608s][5523][5530][info ] Leaving safepoint region
[2025-10-02T08:18:27.622+0000][43406.608s][5523][5530][info ] Total time for which application threads were stopped: 0.0001732 seconds, Stopping threads took: 0.0000337 seconds
[2025-10-02T08:18:28.622+0000][43407.608s][5523][5530][info ] Application time: 1.0001066 seconds
[2025-10-02T08:18:28.622+0000][43407.608s][5523][5530][info ] Entering safepoint region: Cleanup
[2025-10-02T08:18:28.622+0000][43407.608s][5523][5530][info ] Leaving safepoint region
[2025-10-02T08:18:28.622+0000][43407.608s][5523][5530][info ] Total time for which application threads were stopped: 0.0001436 seconds, Stopping threads took: 0.0000242 seconds
[2025-10-02T08:18:29.622+0000][43408.608s][5523][5530][info ] Application time: 1.0001120 seconds
[2025-10-02T08:18:29.622+0000][43408.608s][5523][5530][info ] Entering safepoint region: Cleanup
[2025-10-02T08:18:29.622+0000][43408.608s][5523][5530][info ] Leaving safepoint region
[2025-10-02T08:18:29.622+0000][43408.608s][5523][5530][info ] Total time for which application threads were stopped: 0.0001371 seconds, Stopping threads took: 0.0000277 seconds
[2025-10-02T08:18:30.622+0000][43409.609s][5523][5530][info ] Application time: 1.0000982 seconds
[2025-10-02T08:18:30.622+0000][43409.609s][5523][5530][info ] Entering safepoint region: Cleanup
[2025-10-02T08:18:30.622+0000][43409.609s][5523][5530][info ] Leaving safepoint region
[2025-10-02T08:18:30.622+0000][43409.609s][5523][5530][info ] Total time for which application threads were stopped: 0.0001353 seconds, Stopping threads took: 0.0000211 seconds
[2025-10-02T08:18:31.623+0000][43410.609s][5523][5530][info ] Application time: 1.0001054 seconds
[2025-10-02T08:18:31.623+0000][43410.609s][5523][5530][info ] Entering safepoint region: Cleanup
[2025-10-02T08:18:31.623+0000][43410.609s][5523][5530][info ] Leaving safepoint region
[2025-10-02T08:18:31.623+0000][43410.609s][5523][5530][info ] Total time for which application threads were stopped: 0.0001377 seconds, Stopping threads took: 0.0000236 seconds
[2025-10-02T08:18:32.397+0000][43411.383s][5523][5529][trace] CMS: promo attempt is safe: available(767642064) >= av_promo(5147342), max_promo(35451688)
[2025-10-02T08:18:32.623+0000][43411.609s][5523][5530][info ] Application time: 1.0001031 seconds
[2025-10-02T08:18:32.623+0000][43411.609s][5523][5530][info ] Entering safepoint region: Cleanup
[2025-10-02T08:18:32.623+0000][43411.609s][5523][5530][info ] Leaving safepoint region
[2025-10-02T08:18:32.623+0000][43411.609s][5523][5530][info ] Total time for which application threads were stopped: 0.0001810 seconds, Stopping threads took: 0.0000637 seconds
[2025-10-02T08:18:33.623+0000][43412.610s][5523][5530][info ] Application time: 1.0001023 seconds
[2025-10-02T08:18:33.623+0000][43412.610s][5523][5530][info ] Entering safepoint region: Cleanup
[2025-10-02T08:18:33.623+0000][43412.610s][5523][5530][info ] Leaving safepoint region
[2025-10-02T08:18:33.623+0000][43412.610s][5523][5530][info ] Total time for which application threads were stopped: 0.0001371 seconds, Stopping threads took: 0.0000227 seconds
[2025-10-02T08:18:34.624+0000][43413.610s][5523][5530][info ] Application time: 1.0001070 seconds
[2025-10-02T08:18:34.624+0000][43413.610s][5523][5530][info ] Entering safepoint region: Cleanup
[2025-10-02T08:18:34.624+0000][43413.610s][5523][5530][info ] Leaving safepoint region
[2025-10-02T08:18:34.624+0000][43413.610s][5523][5530][info ] Total time for which application threads were stopped: 0.0001507 seconds, Stopping threads took: 0.0000224 seconds
[2025-10-02T08:18:35.624+0000][43414.610s][5523][5530][info ] Application time: 1.0000910 seconds
[2025-10-02T08:18:35.624+0000][43414.610s][5523][5530][info ] Entering safepoint region: Cleanup
[2025-10-02T08:18:35.624+0000][43414.610s][5523][5530][info ] Leaving safepoint region
[2025-10-02T08:18:35.624+0000][43414.610s][5523][5530][info ] Total time for which application threads were stopped: 0.0001300 seconds, Stopping threads took: 0.0000206 seconds
[2025-10-02T08:18:36.624+0000][43415.610s][5523][5530][info ] Application time: 1.0001023 seconds
[2025-10-02T08:18:36.624+0000][43415.610s][5523][5530][info ] Entering safepoint region: Cleanup
[2025-10-02T08:18:36.624+0000][43415.611s][5523][5530][info ] Leaving safepoint region
[2025-10-02T08:18:36.624+0000][43415.611s][5523][5530][info ] Total time for which application threads were stopped: 0.0001376 seconds, Stopping threads took: 0.0000212 seconds
[2025-10-02T08:18:37.624+0000][43416.611s][5523][5530][info ] Application time: 1.0001099 seconds
[2025-10-02T08:18:37.625+0000][43416.611s][5523][5530][info ] Entering safepoint region: Cleanup
[2025-10-02T08:18:37.625+0000][43416.611s][5523][5530][info ] Leaving safepoint region
[2025-10-02T08:18:37.625+0000][43416.611s][5523][5530][info ] Total time for which application threads were stopped: 0.0001364 seconds, Stopping threads took: 0.0000225 seconds
[2025-10-02T08:18:38.625+0000][43417.611s][5523][5530][info ] Application time: 1.0000941 seconds
[2025-10-02T08:18:38.625+0000][43417.611s][5523][5530][info ] Entering safepoint region: Cleanup
[2025-10-02T08:18:38.625+0000][43417.611s][5523][5530][info ] Leaving safepoint region
[2025-10-02T08:18:38.625+0000][43417.611s][5523][5530][info ] Total time for which application threads were stopped: 0.0001308 seconds, Stopping threads took: 0.0000218 seconds
[2025-10-02T08:18:39.625+0000][43418.611s][5523][5530][info ] Application time: 1.0000862 seconds
[2025-10-02T08:18:39.625+0000][43418.611s][5523][5530][info ] Entering safepoint region: Cleanup
[2025-10-02T08:18:39.625+0000][43418.611s][5523][5530][info ] Leaving safepoint region
[2025-10-02T08:18:39.625+0000][43418.611s][5523][5530][info ] Total time for which application threads were stopped: 0.0001449 seconds, Stopping threads took: 0.0000364 seconds
[2025-10-02T08:18:40.625+0000][43419.612s][5523][5530][info ] Application time: 1.0001001 seconds
[2025-10-02T08:18:40.625+0000][43419.612s][5523][5530][info ] Entering safepoint region: Cleanup
[2025-10-02T08:18:40.626+0000][43419.612s][5523][5530][info ] Leaving safepoint region
[2025-10-02T08:18:40.626+0000][43419.612s][5523][5530][info ] Total time for which application threads were stopped: 0.0001562 seconds, Stopping threads took: 0.0000222 seconds
[2025-10-02T08:18:41.626+0000][43420.612s][5523][5530][info ] Application time: 1.0000993 seconds
[2025-10-02T08:18:41.626+0000][43420.612s][5523][5530][info ] Entering safepoint region: Cleanup
[2025-10-02T08:18:41.626+0000][43420.612s][5523][5530][info ] Leaving safepoint region
[2025-10-02T08:18:41.626+0000][43420.612s][5523][5530][info ] Total time for which application threads were stopped: 0.0001380 seconds, Stopping threads took: 0.0000288 seconds
[2025-10-02T08:18:42.397+0000][43421.383s][5523][5529][trace] CMS: promo attempt is safe: available(767642064) >= av_promo(5147342), max_promo(35626000)
[2025-10-02T08:18:42.626+0000][43421.612s][5523][5530][info ] Application time: 1.0000997 seconds
[2025-10-02T08:18:42.626+0000][43421.612s][5523][5530][info ] Entering safepoint region: Cleanup
[2025-10-02T08:18:42.626+0000][43421.612s][5523][5530][info ] Leaving safepoint region
[2025-10-02T08:18:42.626+0000][43421.612s][5523][5530][info ] Total time for which application threads were stopped: 0.0001349 seconds, Stopping threads took: 0.0000222 seconds
[2025-10-02T08:18:43.626+0000][43422.612s][5523][5530][info ] Application time: 1.0000923 seconds
[2025-10-02T08:18:43.626+0000][43422.613s][5523][5530][info ] Entering safepoint region: Cleanup
[2025-10-02T08:18:43.626+0000][43422.613s][5523][5530][info ] Leaving safepoint region
[2025-10-02T08:18:43.626+0000][43422.613s][5523][5530][info ] Total time for which application threads were stopped: 0.0001355 seconds, Stopping threads took: 0.0000220 seconds
[2025-10-02T08:18:44.627+0000][43423.613s][5523][5530][info ] Application time: 1.0001205 seconds
[2025-10-02T08:18:44.627+0000][43423.613s][5523][5530][info ] Entering safepoint region: Cleanup
[2025-10-02T08:18:44.627+0000][43423.613s][5523][5530][info ] Leaving safepoint region
[2025-10-02T08:18:44.627+0000][43423.613s][5523][5530][info ] Total time for which application threads were stopped: 0.0001485 seconds, Stopping threads took: 0.0000216 seconds
[2025-10-02T08:18:45.627+0000][43424.613s][5523][5530][info ] Application time: 1.0001145 seconds
[2025-10-02T08:18:45.627+0000][43424.613s][5523][5530][info ] Entering safepoint region: Cleanup
[2025-10-02T08:18:45.627+0000][43424.613s][5523][5530][info ] Leaving safepoint region
[2025-10-02T08:18:45.627+0000][43424.613s][5523][5530][info ] Total time for which application threads were stopped: 0.0002644 seconds, Stopping threads took: 0.0000233 seconds
[2025-10-02T08:18:46.627+0000][43425.614s][5523][5530][info ] Application time: 1.0001196 seconds
[2025-10-02T08:18:46.627+0000][43425.614s][5523][5530][info ] Entering safepoint region: Cleanup
[2025-10-02T08:18:46.627+0000][43425.614s][5523][5530][info ] Leaving safepoint region
[2025-10-02T08:18:46.627+0000][43425.614s][5523][5530][info ] Total time for which application threads were stopped: 0.0001386 seconds, Stopping threads took: 0.0000216 seconds
[2025-10-02T08:18:47.628+0000][43426.614s][5523][5530][info ] Application time: 1.0001299 seconds
[2025-10-02T08:18:47.628+0000][43426.614s][5523][5530][info ] Entering safepoint region: Cleanup
[2025-10-02T08:18:47.628+0000][43426.614s][5523][5530][info ] Leaving safepoint region
[2025-10-02T08:18:47.628+0000][43426.614s][5523][5530][info ] Total time for which application threads were stopped: 0.0001316 seconds, Stopping threads took: 0.0000219 seconds
[2025-10-02T08:18:48.628+0000][43427.614s][5523][5530][info ] Application time: 1.0000771 seconds
[2025-10-02T08:18:48.628+0000][43427.614s][5523][5530][info ] Entering safepoint region: Cleanup
[2025-10-02T08:18:48.628+0000][43427.614s][5523][5530][info ] Leaving safepoint region
[2025-10-02T08:18:48.628+0000][43427.614s][5523][5530][info ] Total time for which application threads were stopped: 0.0001342 seconds, Stopping threads took: 0.0000230 seconds
[2025-10-02T08:18:49.628+0000][43428.614s][5523][5530][info ] Application time: 1.0000928 seconds
[2025-10-02T08:18:49.628+0000][43428.614s][5523][5530][info ] Entering safepoint region: Cleanup
[2025-10-02T08:18:49.628+0000][43428.615s][5523][5530][info ] Leaving safepoint region
[2025-10-02T08:18:49.628+0000][43428.615s][5523][5530][info ] Total time for which application threads were stopped: 0.0001271 seconds, Stopping threads took: 0.0000210 seconds
[2025-10-02T08:18:50.628+0000][43429.615s][5523][5530][info ] Application time: 1.0000947 seconds
[2025-10-02T08:18:50.629+0000][43429.615s][5523][5530][info ] Entering safepoint region: Cleanup
[2025-10-02T08:18:50.629+0000][43429.615s][5523][5530][info ] Leaving safepoint region
[2025-10-02T08:18:50.629+0000][43429.615s][5523][5530][info ] Total time for which application threads were stopped: 0.0001341 seconds, Stopping threads took: 0.0000249 seconds
[2025-10-02T08:18:51.629+0000][43430.615s][5523][5530][info ] Application time: 1.0000831 seconds
[2025-10-02T08:18:51.629+0000][43430.615s][5523][5530][info ] Entering safepoint region: Cleanup
[2025-10-02T08:18:51.629+0000][43430.615s][5523][5530][info ] Leaving safepoint region
[2025-10-02T08:18:51.629+0000][43430.615s][5523][5530][info ] Total time for which application threads were stopped: 0.0001270 seconds, Stopping threads took: 0.0000219 seconds
[2025-10-02T08:18:52.397+0000][43431.383s][5523][5529][trace] CMS: promo attempt is safe: available(767642064) >= av_promo(5147342), max_promo(35626000)
[2025-10-02T08:18:52.629+0000][43431.615s][5523][5530][info ] Application time: 1.0001067 seconds
[2025-10-02T08:18:52.629+0000][43431.615s][5523][5530][info ] Entering safepoint region: Cleanup
[2025-10-02T08:18:52.629+0000][43431.615s][5523][5530][info ] Leaving safepoint region
[2025-10-02T08:18:52.629+0000][43431.615s][5523][5530][info ] Total time for which application threads were stopped: 0.0001557 seconds, Stopping threads took: 0.0000276 seconds
[2025-10-02T08:18:53.629+0000][43432.616s][5523][5530][info ] Application time: 1.0000825 seconds
[2025-10-02T08:18:53.629+0000][43432.616s][5523][5530][info ] Entering safepoint region: Cleanup
[2025-10-02T08:18:53.630+0000][43432.616s][5523][5530][info ] Leaving safepoint region
[2025-10-02T08:18:53.630+0000][43432.616s][5523][5530][info ] Total time for which application threads were stopped: 0.0001551 seconds, Stopping threads took: 0.0000250 seconds
[2025-10-02T08:18:54.630+0000][43433.616s][5523][5530][info ] Application time: 1.0000760 seconds
[2025-10-02T08:18:54.630+0000][43433.616s][5523][5530][info ] Entering safepoint region: Cleanup
[2025-10-02T08:18:54.630+0000][43433.616s][5523][5530][info ] Leaving safepoint region
[2025-10-02T08:18:54.630+0000][43433.616s][5523][5530][info ] Total time for which application threads were stopped: 0.0001336 seconds, Stopping threads took: 0.0000224 seconds
[2025-10-02T08:18:55.630+0000][43434.616s][5523][5530][info ] Application time: 1.0000958 seconds
[2025-10-02T08:18:55.630+0000][43434.616s][5523][5530][info ] Entering safepoint region: Cleanup
[2025-10-02T08:18:55.630+0000][43434.616s][5523][5530][info ] Leaving safepoint region
[2025-10-02T08:18:55.630+0000][43434.616s][5523][5530][info ] Total time for which application threads were stopped: 0.0001359 seconds, Stopping threads took: 0.0000245 seconds
[2025-10-02T08:18:56.630+0000][43435.616s][5523][5530][info ] Application time: 1.0000822 seconds
[2025-10-02T08:18:56.630+0000][43435.616s][5523][5530][info ] Entering safepoint region: Cleanup
[2025-10-02T08:18:56.630+0000][43435.617s][5523][5530][info ] Leaving safepoint region
[2025-10-02T08:18:56.630+0000][43435.617s][5523][5530][info ] Total time for which application threads were stopped: 0.0001492 seconds, Stopping threads took: 0.0000225 seconds
[2025-10-02T08:18:57.630+0000][43436.617s][5523][5530][info ] Application time: 1.0000845 seconds
[2025-10-02T08:18:57.631+0000][43436.617s][5523][5530][info ] Entering safepoint region: Cleanup
[2025-10-02T08:18:57.631+0000][43436.617s][5523][5530][info ] Leaving safepoint region
[2025-10-02T08:18:57.631+0000][43436.617s][5523][5530][info ] Total time for which application threads were stopped: 0.0001435 seconds, Stopping threads took: 0.0000227 seconds
[2025-10-02T08:18:58.631+0000][43437.617s][5523][5530][info ] Application time: 1.0000982 seconds
[2025-10-02T08:18:58.631+0000][43437.617s][5523][5530][info ] Entering safepoint region: Cleanup
[2025-10-02T08:18:58.631+0000][43437.617s][5523][5530][info ] Leaving safepoint region
[2025-10-02T08:18:58.631+0000][43437.617s][5523][5530][info ] Total time for which application threads were stopped: 0.0001282 seconds, Stopping threads took: 0.0000206 seconds
[2025-10-02T08:18:59.631+0000][43438.617s][5523][5530][info ] Application time: 1.0001406 seconds
[2025-10-02T08:18:59.631+0000][43438.617s][5523][5530][info ] Entering safepoint region: Cleanup
[2025-10-02T08:18:59.631+0000][43438.618s][5523][5530][info ] Leaving safepoint region
[2025-10-02T08:18:59.631+0000][43438.618s][5523][5530][info ] Total time for which application threads were stopped: 0.0001317 seconds, Stopping threads took: 0.0000206 seconds
[2025-10-02T08:19:00.631+0000][43439.618s][5523][5530][info ] Application time: 1.0000946 seconds
[2025-10-02T08:19:00.631+0000][43439.618s][5523][5530][info ] Entering safepoint region: Cleanup
[2025-10-02T08:19:00.632+0000][43439.618s][5523][5530][info ] Leaving safepoint region
[2025-10-02T08:19:00.632+0000][43439.618s][5523][5530][info ] Total time for which application threads were stopped: 0.0001638 seconds, Stopping threads took: 0.0000240 seconds
[2025-10-02T08:19:01.632+0000][43440.618s][5523][5530][info ] Application time: 1.0001374 seconds
[2025-10-02T08:19:01.632+0000][43440.618s][5523][5530][info ] Entering safepoint region: Cleanup
[2025-10-02T08:19:01.632+0000][43440.618s][5523][5530][info ] Leaving safepoint region
[2025-10-02T08:19:01.632+0000][43440.618s][5523][5530][info ] Total time for which application threads were stopped: 0.0001341 seconds, Stopping threads took: 0.0000228 seconds
[2025-10-02T08:19:02.397+0000][43441.383s][5523][5529][trace] CMS: promo attempt is safe: available(767642064) >= av_promo(5147342), max_promo(35751984)
[2025-10-02T08:19:02.632+0000][43441.618s][5523][5530][info ] Application time: 1.0000791 seconds
[2025-10-02T08:19:02.632+0000][43441.618s][5523][5530][info ] Entering safepoint region: Cleanup
[2025-10-02T08:19:02.632+0000][43441.618s][5523][5530][info ] Leaving safepoint region
[2025-10-02T08:19:02.632+0000][43441.618s][5523][5530][info ] Total time for which application threads were stopped: 0.0001304 seconds, Stopping threads took: 0.0000209 seconds
[2025-10-02T08:19:03.632+0000][43442.619s][5523][5530][info ] Application time: 1.0000956 seconds
[2025-10-02T08:19:03.632+0000][43442.619s][5523][5530][info ] Entering safepoint region: Cleanup
[2025-10-02T08:19:03.632+0000][43442.619s][5523][5530][info ] Leaving safepoint region
[2025-10-02T08:19:03.632+0000][43442.619s][5523][5530][info ] Total time for which application threads were stopped: 0.0001316 seconds, Stopping threads took: 0.0000223 seconds
[2025-10-02T08:19:04.633+0000][43443.619s][5523][5530][info ] Application time: 1.0001068 seconds
[2025-10-02T08:19:04.633+0000][43443.619s][5523][5530][info ] Entering safepoint region: Cleanup
[2025-10-02T08:19:04.633+0000][43443.619s][5523][5530][info ] Leaving safepoint region
[2025-10-02T08:19:04.633+0000][43443.619s][5523][5530][info ] Total time for which application threads were stopped: 0.0001351 seconds, Stopping threads took: 0.0000207 seconds
[2025-10-02T08:19:05.633+0000][43444.619s][5523][5530][info ] Application time: 1.0000889 seconds
[2025-10-02T08:19:05.633+0000][43444.619s][5523][5530][info ] Entering safepoint region: Cleanup
[2025-10-02T08:19:05.633+0000][43444.619s][5523][5530][info ] Leaving safepoint region
[2025-10-02T08:19:05.633+0000][43444.619s][5523][5530][info ] Total time for which application threads were stopped: 0.0001251 seconds, Stopping threads took: 0.0000204 seconds
[2025-10-02T08:19:06.633+0000][43445.619s][5523][5530][info ] Application time: 1.0000947 seconds
[2025-10-02T08:19:06.633+0000][43445.619s][5523][5530][info ] Entering safepoint region: Cleanup
[2025-10-02T08:19:06.633+0000][43445.620s][5523][5530][info ] Leaving safepoint region
[2025-10-02T08:19:06.633+0000][43445.620s][5523][5530][info ] Total time for which application threads were stopped: 0.0001327 seconds, Stopping threads took: 0.0000206 seconds
[2025-10-02T08:19:07.633+0000][43446.620s][5523][5530][info ] Application time: 1.0000809 seconds
[2025-10-02T08:19:07.633+0000][43446.620s][5523][5530][info ] Entering safepoint region: Cleanup
[2025-10-02T08:19:07.634+0000][43446.620s][5523][5530][info ] Leaving safepoint region
[2025-10-02T08:19:07.634+0000][43446.621s][5523][5530][info ] Total time for which application threads were stopped: 0.0010235 seconds, Stopping threads took: 0.0000228 seconds
[2025-10-02T08:19:08.635+0000][43447.621s][5523][5530][info ] Application time: 1.0000967 seconds
[2025-10-02T08:19:08.635+0000][43447.621s][5523][5530][info ] Entering safepoint region: Cleanup
[2025-10-02T08:19:08.635+0000][43447.621s][5523][5530][info ] Leaving safepoint region
[2025-10-02T08:19:08.635+0000][43447.621s][5523][5530][info ] Total time for which application threads were stopped: 0.0001317 seconds, Stopping threads took: 0.0000212 seconds
[2025-10-02T08:19:09.635+0000][43448.621s][5523][5530][info ] Application time: 1.0000758 seconds
[2025-10-02T08:19:09.635+0000][43448.621s][5523][5530][info ] Entering safepoint region: Cleanup
[2025-10-02T08:19:09.635+0000][43448.621s][5523][5530][info ] Leaving safepoint region
[2025-10-02T08:19:09.635+0000][43448.621s][5523][5530][info ] Total time for which application threads were stopped: 0.0002432 seconds, Stopping threads took: 0.0000207 seconds
[2025-10-02T08:19:10.635+0000][43449.621s][5523][5530][info ] Application time: 1.0001013 seconds
[2025-10-02T08:19:10.635+0000][43449.622s][5523][5530][info ] Entering safepoint region: Cleanup
[2025-10-02T08:19:10.635+0000][43449.622s][5523][5530][info ] Leaving safepoint region
[2025-10-02T08:19:10.635+0000][43449.622s][5523][5530][info ] Total time for which application threads were stopped: 0.0001664 seconds, Stopping threads took: 0.0000231 seconds
[2025-10-02T08:19:11.636+0000][43450.622s][5523][5530][info ] Application time: 1.0001021 seconds
[2025-10-02T08:19:11.636+0000][43450.622s][5523][5530][info ] Entering safepoint region: Cleanup
[2025-10-02T08:19:11.636+0000][43450.622s][5523][5530][info ] Leaving safepoint region
[2025-10-02T08:19:11.636+0000][43450.622s][5523][5530][info ] Total time for which application threads were stopped: 0.0001317 seconds, Stopping threads took: 0.0000210 seconds
[2025-10-02T08:19:12.397+0000][43451.383s][5523][5529][trace] CMS: promo attempt is safe: available(767642064) >= av_promo(5147342), max_promo(36091600)
[2025-10-02T08:19:12.636+0000][43451.622s][5523][5530][info ] Application time: 1.0001028 seconds
[2025-10-02T08:19:12.636+0000][43451.622s][5523][5530][info ] Entering safepoint region: Cleanup
[2025-10-02T08:19:12.636+0000][43451.622s][5523][5530][info ] Leaving safepoint region
[2025-10-02T08:19:12.636+0000][43451.622s][5523][5530][info ] Total time for which application threads were stopped: 0.0001371 seconds, Stopping threads took: 0.0000220 seconds
[2025-10-02T08:19:13.636+0000][43452.622s][5523][5530][info ] Application time: 1.0001037 seconds
[2025-10-02T08:19:13.636+0000][43452.622s][5523][5530][info ] Entering safepoint region: Cleanup
[2025-10-02T08:19:13.636+0000][43452.623s][5523][5530][info ] Leaving safepoint region
[2025-10-02T08:19:13.636+0000][43452.623s][5523][5530][info ] Total time for which application threads were stopped: 0.0001321 seconds, Stopping threads took: 0.0000220 seconds
[2025-10-02T08:19:14.636+0000][43453.623s][5523][5530][info ] Application time: 1.0001039 seconds
[2025-10-02T08:19:14.637+0000][43453.623s][5523][5530][info ] Entering safepoint region: Cleanup
[2025-10-02T08:19:14.637+0000][43453.623s][5523][5530][info ] Leaving safepoint region
[2025-10-02T08:19:14.637+0000][43453.623s][5523][5530][info ] Total time for which application threads were stopped: 0.0001400 seconds, Stopping threads took: 0.0000222 seconds
[2025-10-02T08:19:15.637+0000][43454.623s][5523][5530][info ] Application time: 1.0000906 seconds
[2025-10-02T08:19:15.637+0000][43454.623s][5523][5530][info ] Entering safepoint region: Cleanup
[2025-10-02T08:19:15.637+0000][43454.623s][5523][5530][info ] Leaving safepoint region
[2025-10-02T08:19:15.637+0000][43454.623s][5523][5530][info ] Total time for which application threads were stopped: 0.0001327 seconds, Stopping threads took: 0.0000221 seconds
[2025-10-02T08:19:16.637+0000][43455.623s][5523][5530][info ] Application time: 1.0001116 seconds
[2025-10-02T08:19:16.637+0000][43455.623s][5523][5530][info ] Entering safepoint region: Cleanup
[2025-10-02T08:19:16.637+0000][43455.623s][5523][5530][info ] Leaving safepoint region
[2025-10-02T08:19:16.637+0000][43455.623s][5523][5530][info ] Total time for which application threads were stopped: 0.0001311 seconds, Stopping threads took: 0.0000230 seconds
[2025-10-02T08:19:17.637+0000][43456.624s][5523][5530][info ] Application time: 1.0000826 seconds
[2025-10-02T08:19:17.637+0000][43456.624s][5523][5530][info ] Entering safepoint region: Cleanup
[2025-10-02T08:19:17.638+0000][43456.624s][5523][5530][info ] Leaving safepoint region
[2025-10-02T08:19:17.638+0000][43456.625s][5523][5530][info ] Total time for which application threads were stopped: 0.0010530 seconds, Stopping threads took: 0.0000237 seconds
[2025-10-02T08:19:18.639+0000][43457.625s][5523][5530][info ] Application time: 1.0001005 seconds
[2025-10-02T08:19:18.639+0000][43457.625s][5523][5530][info ] Entering safepoint region: Cleanup
[2025-10-02T08:19:18.639+0000][43457.625s][5523][5530][info ] Leaving safepoint region
[2025-10-02T08:19:18.639+0000][43457.625s][5523][5530][info ] Total time for which application threads were stopped: 0.0001299 seconds, Stopping threads took: 0.0000206 seconds
[2025-10-02T08:19:19.639+0000][43458.625s][5523][5530][info ] Application time: 1.0001064 seconds
[2025-10-02T08:19:19.639+0000][43458.625s][5523][5530][info ] Entering safepoint region: Cleanup
[2025-10-02T08:19:19.639+0000][43458.625s][5523][5530][info ] Leaving safepoint region
[2025-10-02T08:19:19.639+0000][43458.625s][5523][5530][info ] Total time for which application threads were stopped: 0.0002431 seconds, Stopping threads took: 0.0000221 seconds
[2025-10-02T08:19:20.639+0000][43459.625s][5523][5530][info ] Application time: 1.0001000 seconds
[2025-10-02T08:19:20.639+0000][43459.626s][5523][5530][info ] Entering safepoint region: Cleanup
[2025-10-02T08:19:20.639+0000][43459.626s][5523][5530][info ] Leaving safepoint region
[2025-10-02T08:19:20.639+0000][43459.626s][5523][5530][info ] Total time for which application threads were stopped: 0.0001314 seconds, Stopping threads took: 0.0000219 seconds
[2025-10-02T08:19:21.640+0000][43460.626s][5523][5530][info ] Application time: 1.0001089 seconds
[2025-10-02T08:19:21.640+0000][43460.626s][5523][5530][info ] Entering safepoint region: Cleanup
[2025-10-02T08:19:21.640+0000][43460.626s][5523][5530][info ] Leaving safepoint region
[2025-10-02T08:19:21.640+0000][43460.626s][5523][5530][info ] Total time for which application threads were stopped: 0.0001342 seconds, Stopping threads took: 0.0000221 seconds
[2025-10-02T08:19:22.397+0000][43461.383s][5523][5529][trace] CMS: promo attempt is safe: available(767642064) >= av_promo(5147342), max_promo(37774648)
[2025-10-02T08:19:22.640+0000][43461.626s][5523][5530][info ] Application time: 1.0000970 seconds
[2025-10-02T08:19:22.640+0000][43461.626s][5523][5530][info ] Entering safepoint region: Cleanup
[2025-10-02T08:19:22.640+0000][43461.626s][5523][5530][info ] Leaving safepoint region
[2025-10-02T08:19:22.640+0000][43461.626s][5523][5530][info ] Total time for which application threads were stopped: 0.0001487 seconds, Stopping threads took: 0.0000385 seconds
[2025-10-02T08:19:23.640+0000][43462.626s][5523][5530][info ] Application time: 1.0001089 seconds
[2025-10-02T08:19:23.640+0000][43462.626s][5523][5530][info ] Entering safepoint region: Cleanup
[2025-10-02T08:19:23.640+0000][43462.627s][5523][5530][info ] Leaving safepoint region
[2025-10-02T08:19:23.640+0000][43462.627s][5523][5530][info ] Total time for which application threads were stopped: 0.0001519 seconds, Stopping threads took: 0.0000227 seconds
[2025-10-02T08:19:24.640+0000][43463.627s][5523][5530][info ] Application time: 1.0000938 seconds
[2025-10-02T08:19:24.641+0000][43463.627s][5523][5530][info ] Entering safepoint region: Cleanup
[2025-10-02T08:19:24.641+0000][43463.627s][5523][5530][info ] Leaving safepoint region
[2025-10-02T08:19:24.641+0000][43463.627s][5523][5530][info ] Total time for which application threads were stopped: 0.0001581 seconds, Stopping threads took: 0.0000479 seconds
[2025-10-02T08:19:25.641+0000][43464.627s][5523][5530][info ] Application time: 1.0001049 seconds
[2025-10-02T08:19:25.641+0000][43464.627s][5523][5530][info ] Entering safepoint region: Cleanup
[2025-10-02T08:19:25.641+0000][43464.627s][5523][5530][info ] Leaving safepoint region
[2025-10-02T08:19:25.641+0000][43464.627s][5523][5530][info ] Total time for which application threads were stopped: 0.0001300 seconds, Stopping threads took: 0.0000222 seconds
[2025-10-02T08:19:26.641+0000][43465.627s][5523][5530][info ] Application time: 1.0000818 seconds
[2025-10-02T08:19:26.641+0000][43465.627s][5523][5530][info ] Entering safepoint region: Cleanup
[2025-10-02T08:19:26.641+0000][43465.627s][5523][5530][info ] Leaving safepoint region
[2025-10-02T08:19:26.641+0000][43465.627s][5523][5530][info ] Total time for which application threads were stopped: 0.0001317 seconds, Stopping threads took: 0.0000217 seconds
[2025-10-02T08:19:27.641+0000][43466.628s][5523][5530][info ] Application time: 1.0000928 seconds
[2025-10-02T08:19:27.641+0000][43466.628s][5523][5530][info ] Entering safepoint region: Cleanup
[2025-10-02T08:19:27.641+0000][43466.628s][5523][5530][info ] Leaving safepoint region
[2025-10-02T08:19:27.642+0000][43466.628s][5523][5530][info ] Total time for which application threads were stopped: 0.0001605 seconds, Stopping threads took: 0.0000280 seconds
[2025-10-02T08:19:28.642+0000][43467.628s][5523][5530][info ] Application time: 1.0001033 seconds
[2025-10-02T08:19:28.642+0000][43467.628s][5523][5530][info ] Entering safepoint region: Cleanup
[2025-10-02T08:19:28.642+0000][43467.628s][5523][5530][info ] Leaving safepoint region
[2025-10-02T08:19:28.642+0000][43467.628s][5523][5530][info ] Total time for which application threads were stopped: 0.0001282 seconds, Stopping threads took: 0.0000210 seconds
[2025-10-02T08:19:29.642+0000][43468.628s][5523][5530][info ] Application time: 1.0001081 seconds
[2025-10-02T08:19:29.642+0000][43468.628s][5523][5530][info ] Entering safepoint region: Cleanup
[2025-10-02T08:19:29.642+0000][43468.628s][5523][5530][info ] Leaving safepoint region
[2025-10-02T08:19:29.642+0000][43468.628s][5523][5530][info ] Total time for which application threads were stopped: 0.0001340 seconds, Stopping threads took: 0.0000238 seconds
[2025-10-02T08:19:30.642+0000][43469.628s][5523][5530][info ] Application time: 1.0001008 seconds
[2025-10-02T08:19:30.642+0000][43469.629s][5523][5530][info ] Entering safepoint region: Cleanup
[2025-10-02T08:19:30.642+0000][43469.629s][5523][5530][info ] Leaving safepoint region
[2025-10-02T08:19:30.642+0000][43469.629s][5523][5530][info ] Total time for which application threads were stopped: 0.0001379 seconds, Stopping threads took: 0.0000232 seconds
[2025-10-02T08:19:31.643+0000][43470.629s][5523][5530][info ] Application time: 1.0001167 seconds
[2025-10-02T08:19:31.643+0000][43470.629s][5523][5530][info ] Entering safepoint region: Cleanup
[2025-10-02T08:19:31.643+0000][43470.629s][5523][5530][info ] Leaving safepoint region
[2025-10-02T08:19:31.643+0000][43470.629s][5523][5530][info ] Total time for which application threads were stopped: 0.0001350 seconds, Stopping threads took: 0.0000226 seconds
[2025-10-02T08:19:32.397+0000][43471.383s][5523][5529][trace] CMS: promo attempt is safe: available(767642064) >= av_promo(5147342), max_promo(38786200)
[2025-10-02T08:19:32.643+0000][43471.629s][5523][5530][info ] Application time: 1.0000806 seconds
[2025-10-02T08:19:32.643+0000][43471.629s][5523][5530][info ] Entering safepoint region: Cleanup
[2025-10-02T08:19:32.643+0000][43471.629s][5523][5530][info ] Leaving safepoint region
[2025-10-02T08:19:32.643+0000][43471.629s][5523][5530][info ] Total time for which application threads were stopped: 0.0001731 seconds, Stopping threads took: 0.0000218 seconds
[2025-10-02T08:19:33.643+0000][43472.629s][5523][5530][info ] Application time: 1.0001209 seconds
[2025-10-02T08:19:33.643+0000][43472.629s][5523][5530][info ] Entering safepoint region: Cleanup
[2025-10-02T08:19:33.643+0000][43472.630s][5523][5530][info ] Leaving safepoint region
[2025-10-02T08:19:33.643+0000][43472.630s][5523][5530][info ] Total time for which application threads were stopped: 0.0001326 seconds, Stopping threads took: 0.0000226 seconds
[2025-10-02T08:19:34.643+0000][43473.630s][5523][5530][info ] Application time: 1.0000929 seconds
[2025-10-02T08:19:34.644+0000][43473.630s][5523][5530][info ] Entering safepoint region: Cleanup
[2025-10-02T08:19:34.644+0000][43473.630s][5523][5530][info ] Leaving safepoint region
[2025-10-02T08:19:34.644+0000][43473.630s][5523][5530][info ] Total time for which application threads were stopped: 0.0001506 seconds, Stopping threads took: 0.0000433 seconds
[2025-10-02T08:19:35.644+0000][43474.630s][5523][5530][info ] Application time: 1.0000836 seconds
[2025-10-02T08:19:35.644+0000][43474.630s][5523][5530][info ] Entering safepoint region: Cleanup
[2025-10-02T08:19:35.644+0000][43474.630s][5523][5530][info ] Leaving safepoint region
[2025-10-02T08:19:35.644+0000][43474.630s][5523][5530][info ] Total time for which application threads were stopped: 0.0001516 seconds, Stopping threads took: 0.0000266 seconds
[2025-10-02T08:19:36.644+0000][43475.630s][5523][5530][info ] Application time: 1.0000929 seconds
[2025-10-02T08:19:36.644+0000][43475.630s][5523][5530][info ] Entering safepoint region: Cleanup
[2025-10-02T08:19:36.644+0000][43475.630s][5523][5530][info ] Leaving safepoint region
[2025-10-02T08:19:36.644+0000][43475.630s][5523][5530][info ] Total time for which application threads were stopped: 0.0001284 seconds, Stopping threads took: 0.0000221 seconds
[2025-10-02T08:19:37.644+0000][43476.631s][5523][5530][info ] Application time: 1.0000835 seconds
[2025-10-02T08:19:37.644+0000][43476.631s][5523][5530][info ] Entering safepoint region: Cleanup
[2025-10-02T08:19:37.644+0000][43476.631s][5523][5530][info ] Leaving safepoint region
[2025-10-02T08:19:37.645+0000][43476.632s][5523][5530][info ] Total time for which application threads were stopped: 0.0010128 seconds, Stopping threads took: 0.0000253 seconds
[2025-10-02T08:19:38.646+0000][43477.632s][5523][5530][info ] Application time: 1.0000932 seconds
[2025-10-02T08:19:38.646+0000][43477.632s][5523][5530][info ] Entering safepoint region: Cleanup
[2025-10-02T08:19:38.646+0000][43477.632s][5523][5530][info ] Leaving safepoint region
[2025-10-02T08:19:38.646+0000][43477.632s][5523][5530][info ] Total time for which application threads were stopped: 0.0001419 seconds, Stopping threads took: 0.0000345 seconds
[2025-10-02T08:19:39.646+0000][43478.632s][5523][5530][info ] Application time: 1.0001098 seconds
[2025-10-02T08:19:39.646+0000][43478.632s][5523][5530][info ] Entering safepoint region: Cleanup
[2025-10-02T08:19:39.646+0000][43478.632s][5523][5530][info ] Leaving safepoint region
[2025-10-02T08:19:39.646+0000][43478.632s][5523][5530][info ] Total time for which application threads were stopped: 0.0001500 seconds, Stopping threads took: 0.0000232 seconds
[2025-10-02T08:19:40.646+0000][43479.632s][5523][5530][info ] Application time: 1.0001048 seconds
[2025-10-02T08:19:40.646+0000][43479.632s][5523][5530][info ] Entering safepoint region: Cleanup
[2025-10-02T08:19:40.646+0000][43479.633s][5523][5530][info ] Leaving safepoint region
[2025-10-02T08:19:40.646+0000][43479.633s][5523][5530][info ] Total time for which application threads were stopped: 0.0001340 seconds, Stopping threads took: 0.0000228 seconds
[2025-10-02T08:19:41.646+0000][43480.633s][5523][5530][info ] Application time: 1.0001056 seconds
[2025-10-02T08:19:41.647+0000][43480.633s][5523][5530][info ] Entering safepoint region: Cleanup
[2025-10-02T08:19:41.647+0000][43480.633s][5523][5530][info ] Leaving safepoint region
[2025-10-02T08:19:41.647+0000][43480.633s][5523][5530][info ] Total time for which application threads were stopped: 0.0001553 seconds, Stopping threads took: 0.0000464 seconds
[2025-10-02T08:19:42.397+0000][43481.383s][5523][5529][trace] CMS: promo attempt is safe: available(767642064) >= av_promo(5147342), max_promo(38960512)
[2025-10-02T08:19:42.647+0000][43481.633s][5523][5530][info ] Application time: 1.0000764 seconds
[2025-10-02T08:19:42.647+0000][43481.633s][5523][5530][info ] Entering safepoint region: Cleanup
[2025-10-02T08:19:42.647+0000][43481.633s][5523][5530][info ] Leaving safepoint region
[2025-10-02T08:19:42.647+0000][43481.633s][5523][5530][info ] Total time for which application threads were stopped: 0.0001275 seconds, Stopping threads took: 0.0000210 seconds
[2025-10-02T08:19:43.647+0000][43482.633s][5523][5530][info ] Application time: 1.0001114 seconds
[2025-10-02T08:19:43.647+0000][43482.633s][5523][5530][info ] Entering safepoint region: Cleanup
[2025-10-02T08:19:43.647+0000][43482.633s][5523][5530][info ] Leaving safepoint region
[2025-10-02T08:19:43.647+0000][43482.633s][5523][5530][info ] Total time for which application threads were stopped: 0.0001310 seconds, Stopping threads took: 0.0000239 seconds
[2025-10-02T08:19:44.647+0000][43483.634s][5523][5530][info ] Application time: 1.0001238 seconds
[2025-10-02T08:19:44.647+0000][43483.634s][5523][5530][info ] Entering safepoint region: Cleanup
[2025-10-02T08:19:44.648+0000][43483.634s][5523][5530][info ] Leaving safepoint region
[2025-10-02T08:19:44.648+0000][43483.634s][5523][5530][info ] Total time for which application threads were stopped: 0.0001518 seconds, Stopping threads took: 0.0000220 seconds
[2025-10-02T08:19:45.648+0000][43484.634s][5523][5530][info ] Application time: 1.0000952 seconds
[2025-10-02T08:19:45.648+0000][43484.634s][5523][5530][info ] Entering safepoint region: Cleanup
[2025-10-02T08:19:45.648+0000][43484.634s][5523][5530][info ] Leaving safepoint region
[2025-10-02T08:19:45.648+0000][43484.634s][5523][5530][info ] Total time for which application threads were stopped: 0.0001322 seconds, Stopping threads took: 0.0000222 seconds
[2025-10-02T08:19:46.648+0000][43485.634s][5523][5530][info ] Application time: 1.0000799 seconds
[2025-10-02T08:19:46.648+0000][43485.634s][5523][5530][info ] Entering safepoint region: Cleanup
[2025-10-02T08:19:46.648+0000][43485.634s][5523][5530][info ] Leaving safepoint region
[2025-10-02T08:19:46.648+0000][43485.634s][5523][5530][info ] Total time for which application threads were stopped: 0.0001328 seconds, Stopping threads took: 0.0000215 seconds
[2025-10-02T08:19:47.648+0000][43486.634s][5523][5530][info ] Application time: 1.0000854 seconds
[2025-10-02T08:19:47.648+0000][43486.634s][5523][5530][info ] Entering safepoint region: Cleanup
[2025-10-02T08:19:47.648+0000][43486.635s][5523][5530][info ] Leaving safepoint region
[2025-10-02T08:19:47.648+0000][43486.635s][5523][5530][info ] Total time for which application threads were stopped: 0.0001502 seconds, Stopping threads took: 0.0000306 seconds
[2025-10-02T08:19:48.648+0000][43487.635s][5523][5530][info ] Application time: 1.0000889 seconds
[2025-10-02T08:19:48.649+0000][43487.635s][5523][5530][info ] Entering safepoint region: Cleanup
[2025-10-02T08:19:48.649+0000][43487.635s][5523][5530][info ] Leaving safepoint region
[2025-10-02T08:19:48.649+0000][43487.635s][5523][5530][info ] Total time for which application threads were stopped: 0.0001509 seconds, Stopping threads took: 0.0000415 seconds
[2025-10-02T08:19:49.649+0000][43488.635s][5523][5530][info ] Application time: 1.0000761 seconds
[2025-10-02T08:19:49.649+0000][43488.635s][5523][5530][info ] Entering safepoint region: Cleanup
[2025-10-02T08:19:49.649+0000][43488.635s][5523][5530][info ] Leaving safepoint region
[2025-10-02T08:19:49.649+0000][43488.635s][5523][5530][info ] Total time for which application threads were stopped: 0.0001306 seconds, Stopping threads took: 0.0000208 seconds
[2025-10-02T08:19:50.649+0000][43489.635s][5523][5530][info ] Application time: 1.0001006 seconds
[2025-10-02T08:19:50.649+0000][43489.635s][5523][5530][info ] Entering safepoint region: Cleanup
[2025-10-02T08:19:50.649+0000][43489.635s][5523][5530][info ] Leaving safepoint region
[2025-10-02T08:19:50.649+0000][43489.635s][5523][5530][info ] Total time for which application threads were stopped: 0.0001387 seconds, Stopping threads took: 0.0000227 seconds
[2025-10-02T08:19:51.649+0000][43490.636s][5523][5530][info ] Application time: 1.0001116 seconds
[2025-10-02T08:19:51.649+0000][43490.636s][5523][5530][info ] Entering safepoint region: Cleanup
[2025-10-02T08:19:51.650+0000][43490.636s][5523][5530][info ] Leaving safepoint region
[2025-10-02T08:19:51.650+0000][43490.636s][5523][5530][info ] Total time for which application threads were stopped: 0.0001563 seconds, Stopping threads took: 0.0000225 seconds
[2025-10-02T08:19:52.397+0000][43491.383s][5523][5529][trace] CMS: promo attempt is safe: available(767642064) >= av_promo(5147342), max_promo(39079808)
[2025-10-02T08:19:52.650+0000][43491.636s][5523][5530][info ] Application time: 1.0000876 seconds
[2025-10-02T08:19:52.650+0000][43491.636s][5523][5530][info ] Entering safepoint region: Cleanup
[2025-10-02T08:19:52.650+0000][43491.636s][5523][5530][info ] Leaving safepoint region
[2025-10-02T08:19:52.650+0000][43491.636s][5523][5530][info ] Total time for which application threads were stopped: 0.0001527 seconds, Stopping threads took: 0.0000316 seconds
[2025-10-02T08:19:53.650+0000][43492.636s][5523][5530][info ] Application time: 1.0000846 seconds
[2025-10-02T08:19:53.650+0000][43492.636s][5523][5530][info ] Entering safepoint region: Cleanup
[2025-10-02T08:19:53.650+0000][43492.636s][5523][5530][info ] Leaving safepoint region
[2025-10-02T08:19:53.650+0000][43492.636s][5523][5530][info ] Total time for which application threads were stopped: 0.0001510 seconds, Stopping threads took: 0.0000256 seconds
[2025-10-02T08:19:54.650+0000][43493.636s][5523][5530][info ] Application time: 1.0000800 seconds
[2025-10-02T08:19:54.650+0000][43493.637s][5523][5530][info ] Entering safepoint region: Cleanup
[2025-10-02T08:19:54.650+0000][43493.637s][5523][5530][info ] Leaving safepoint region
[2025-10-02T08:19:54.650+0000][43493.637s][5523][5530][info ] Total time for which application threads were stopped: 0.0001354 seconds, Stopping threads took: 0.0000232 seconds
[2025-10-02T08:19:55.651+0000][43494.637s][5523][5530][info ] Application time: 1.0000731 seconds
[2025-10-02T08:19:55.651+0000][43494.637s][5523][5530][info ] Entering safepoint region: Cleanup
[2025-10-02T08:19:55.651+0000][43494.637s][5523][5530][info ] Leaving safepoint region
[2025-10-02T08:19:55.651+0000][43494.637s][5523][5530][info ] Total time for which application threads were stopped: 0.0001296 seconds, Stopping threads took: 0.0000226 seconds
[2025-10-02T08:19:56.651+0000][43495.637s][5523][5530][info ] Application time: 1.0000987 seconds
[2025-10-02T08:19:56.651+0000][43495.637s][5523][5530][info ] Entering safepoint region: Cleanup
[2025-10-02T08:19:56.651+0000][43495.637s][5523][5530][info ] Leaving safepoint region
[2025-10-02T08:19:56.651+0000][43495.637s][5523][5530][info ] Total time for which application threads were stopped: 0.0002082 seconds, Stopping threads took: 0.0000278 seconds
[2025-10-02T08:19:57.651+0000][43496.637s][5523][5530][info ] Application time: 1.0000907 seconds
[2025-10-02T08:19:57.651+0000][43496.637s][5523][5530][info ] Entering safepoint region: Cleanup
[2025-10-02T08:19:57.651+0000][43496.638s][5523][5530][info ] Leaving safepoint region
[2025-10-02T08:19:57.651+0000][43496.638s][5523][5530][info ] Total time for which application threads were stopped: 0.0001327 seconds, Stopping threads took: 0.0000233 seconds
[2025-10-02T08:19:58.651+0000][43497.638s][5523][5530][info ] Application time: 1.0000816 seconds
[2025-10-02T08:19:58.652+0000][43497.638s][5523][5530][info ] Entering safepoint region: Cleanup
[2025-10-02T08:19:58.652+0000][43497.638s][5523][5530][info ] Leaving safepoint region
[2025-10-02T08:19:58.652+0000][43497.638s][5523][5530][info ] Total time for which application threads were stopped: 0.0001302 seconds, Stopping threads took: 0.0000222 seconds
[2025-10-02T08:19:59.652+0000][43498.638s][5523][5530][info ] Application time: 1.0001024 seconds
[2025-10-02T08:19:59.652+0000][43498.638s][5523][5530][info ] Entering safepoint region: Cleanup
[2025-10-02T08:19:59.652+0000][43498.638s][5523][5530][info ] Leaving safepoint region
[2025-10-02T08:19:59.652+0000][43498.638s][5523][5530][info ] Total time for which application threads were stopped: 0.0001346 seconds, Stopping threads took: 0.0000228 seconds
[2025-10-02T08:20:00.652+0000][43499.638s][5523][5530][info ] Application time: 1.0001036 seconds
[2025-10-02T08:20:00.652+0000][43499.638s][5523][5530][info ] Entering safepoint region: Cleanup
[2025-10-02T08:20:00.652+0000][43499.639s][5523][5530][info ] Leaving safepoint region
[2025-10-02T08:20:00.652+0000][43499.639s][5523][5530][info ] Total time for which application threads were stopped: 0.0001518 seconds, Stopping threads took: 0.0000223 seconds
[2025-10-02T08:20:01.652+0000][43500.639s][5523][5530][info ] Application time: 1.0001370 seconds
[2025-10-02T08:20:01.653+0000][43500.639s][5523][5530][info ] Entering safepoint region: Cleanup
[2025-10-02T08:20:01.653+0000][43500.639s][5523][5530][info ] Leaving safepoint region
[2025-10-02T08:20:01.653+0000][43500.639s][5523][5530][info ] Total time for which application threads were stopped: 0.0005698 seconds, Stopping threads took: 0.0000472 seconds
[2025-10-02T08:20:02.396+0000][43501.383s][5523][5529][trace] CMS: promo attempt is safe: available(767642064) >= av_promo(5147342), max_promo(39205840)
[2025-10-02T08:20:02.653+0000][43501.639s][5523][5530][info ] Application time: 1.0000788 seconds
[2025-10-02T08:20:02.653+0000][43501.639s][5523][5530][info ] Entering safepoint region: Cleanup
[2025-10-02T08:20:02.653+0000][43501.640s][5523][5530][info ] Leaving safepoint region
[2025-10-02T08:20:02.653+0000][43501.640s][5523][5530][info ] Total time for which application threads were stopped: 0.0001334 seconds, Stopping threads took: 0.0000224 seconds
[2025-10-02T08:20:03.653+0000][43502.640s][5523][5530][info ] Application time: 1.0000856 seconds
[2025-10-02T08:20:03.653+0000][43502.640s][5523][5530][info ] Entering safepoint region: Cleanup
[2025-10-02T08:20:03.654+0000][43502.640s][5523][5530][info ] Leaving safepoint region
[2025-10-02T08:20:03.654+0000][43502.640s][5523][5530][info ] Total time for which application threads were stopped: 0.0001506 seconds, Stopping threads took: 0.0000344 seconds
[2025-10-02T08:20:04.654+0000][43503.640s][5523][5530][info ] Application time: 1.0000882 seconds
[2025-10-02T08:20:04.654+0000][43503.640s][5523][5530][info ] Entering safepoint region: Cleanup
[2025-10-02T08:20:04.654+0000][43503.640s][5523][5530][info ] Leaving safepoint region
[2025-10-02T08:20:04.654+0000][43503.640s][5523][5530][info ] Total time for which application threads were stopped: 0.0002225 seconds, Stopping threads took: 0.0000234 seconds
[2025-10-02T08:20:05.654+0000][43504.640s][5523][5530][info ] Application time: 1.0001098 seconds
[2025-10-02T08:20:05.654+0000][43504.640s][5523][5530][info ] Entering safepoint region: Cleanup
[2025-10-02T08:20:05.654+0000][43504.641s][5523][5530][info ] Leaving safepoint region
[2025-10-02T08:20:05.654+0000][43504.641s][5523][5530][info ] Total time for which application threads were stopped: 0.0001576 seconds, Stopping threads took: 0.0000228 seconds
[2025-10-02T08:20:06.654+0000][43505.641s][5523][5530][info ] Application time: 1.0000749 seconds
[2025-10-02T08:20:06.654+0000][43505.641s][5523][5530][info ] Entering safepoint region: Cleanup
[2025-10-02T08:20:06.655+0000][43505.641s][5523][5530][info ] Leaving safepoint region
[2025-10-02T08:20:06.655+0000][43505.641s][5523][5530][info ] Total time for which application threads were stopped: 0.0001561 seconds, Stopping threads took: 0.0000212 seconds
[2025-10-02T08:20:07.655+0000][43506.641s][5523][5530][info ] Application time: 1.0001027 seconds
[2025-10-02T08:20:07.655+0000][43506.641s][5523][5530][info ] Entering safepoint region: Cleanup
[2025-10-02T08:20:07.655+0000][43506.641s][5523][5530][info ] Leaving safepoint region
[2025-10-02T08:20:07.655+0000][43506.641s][5523][5530][info ] Total time for which application threads were stopped: 0.0001394 seconds, Stopping threads took: 0.0000244 seconds
[2025-10-02T08:20:08.655+0000][43507.641s][5523][5530][info ] Application time: 1.0002190 seconds
[2025-10-02T08:20:08.655+0000][43507.641s][5523][5530][info ] Entering safepoint region: Cleanup
[2025-10-02T08:20:08.655+0000][43507.642s][5523][5530][info ] Leaving safepoint region
[2025-10-02T08:20:08.655+0000][43507.642s][5523][5530][info ] Total time for which application threads were stopped: 0.0001412 seconds, Stopping threads took: 0.0000274 seconds
[2025-10-02T08:20:09.655+0000][43508.642s][5523][5530][info ] Application time: 1.0001046 seconds
[2025-10-02T08:20:09.655+0000][43508.642s][5523][5530][info ] Entering safepoint region: Cleanup
[2025-10-02T08:20:09.656+0000][43508.642s][5523][5530][info ] Leaving safepoint region
[2025-10-02T08:20:09.656+0000][43508.642s][5523][5530][info ] Total time for which application threads were stopped: 0.0001631 seconds, Stopping threads took: 0.0000222 seconds
[2025-10-02T08:20:10.656+0000][43509.642s][5523][5530][info ] Application time: 1.0000870 seconds
[2025-10-02T08:20:10.656+0000][43509.642s][5523][5530][info ] Entering safepoint region: Cleanup
[2025-10-02T08:20:10.656+0000][43509.642s][5523][5530][info ] Leaving safepoint region
[2025-10-02T08:20:10.656+0000][43509.642s][5523][5530][info ] Total time for which application threads were stopped: 0.0001433 seconds, Stopping threads took: 0.0000240 seconds
[2025-10-02T08:20:11.656+0000][43510.642s][5523][5530][info ] Application time: 1.0000896 seconds
[2025-10-02T08:20:11.656+0000][43510.642s][5523][5530][info ] Entering safepoint region: Cleanup
[2025-10-02T08:20:11.656+0000][43510.642s][5523][5530][info ] Leaving safepoint region
[2025-10-02T08:20:11.656+0000][43510.642s][5523][5530][info ] Total time for which application threads were stopped: 0.0001336 seconds, Stopping threads took: 0.0000215 seconds
[2025-10-02T08:20:12.396+0000][43511.383s][5523][5529][trace] CMS: promo attempt is safe: available(767642064) >= av_promo(5147342), max_promo(44140792)
[2025-10-02T08:20:12.656+0000][43511.643s][5523][5530][info ] Application time: 1.0000837 seconds
[2025-10-02T08:20:12.656+0000][43511.643s][5523][5530][info ] Entering safepoint region: Cleanup
[2025-10-02T08:20:12.656+0000][43511.643s][5523][5530][info ] Leaving safepoint region
[2025-10-02T08:20:12.656+0000][43511.643s][5523][5530][info ] Total time for which application threads were stopped: 0.0001424 seconds, Stopping threads took: 0.0000228 seconds
[2025-10-02T08:20:13.657+0000][43512.643s][5523][5530][info ] Application time: 1.0001014 seconds
[2025-10-02T08:20:13.657+0000][43512.643s][5523][5530][info ] Entering safepoint region: Cleanup
[2025-10-02T08:20:13.657+0000][43512.643s][5523][5530][info ] Leaving safepoint region
[2025-10-02T08:20:13.657+0000][43512.643s][5523][5530][info ] Total time for which application threads were stopped: 0.0001392 seconds, Stopping threads took: 0.0000233 seconds
[2025-10-02T08:20:14.657+0000][43513.643s][5523][5530][info ] Application time: 1.0001108 seconds
[2025-10-02T08:20:14.657+0000][43513.643s][5523][5530][info ] Entering safepoint region: Cleanup
[2025-10-02T08:20:14.657+0000][43513.643s][5523][5530][info ] Leaving safepoint region
[2025-10-02T08:20:14.657+0000][43513.643s][5523][5530][info ] Total time for which application threads were stopped: 0.0001323 seconds, Stopping threads took: 0.0000212 seconds
[2025-10-02T08:20:15.657+0000][43514.643s][5523][5530][info ] Application time: 1.0001033 seconds
[2025-10-02T08:20:15.657+0000][43514.643s][5523][5530][info ] Entering safepoint region: Cleanup
[2025-10-02T08:20:15.657+0000][43514.644s][5523][5530][info ] Leaving safepoint region
[2025-10-02T08:20:15.657+0000][43514.644s][5523][5530][info ] Total time for which application threads were stopped: 0.0001425 seconds, Stopping threads took: 0.0000215 seconds
[2025-10-02T08:20:16.657+0000][43515.644s][5523][5530][info ] Application time: 1.0001013 seconds
[2025-10-02T08:20:16.658+0000][43515.644s][5523][5530][info ] Entering safepoint region: Cleanup
[2025-10-02T08:20:16.658+0000][43515.644s][5523][5530][info ] Leaving safepoint region
[2025-10-02T08:20:16.658+0000][43515.644s][5523][5530][info ] Total time for which application threads were stopped: 0.0001486 seconds, Stopping threads took: 0.0000227 seconds
[2025-10-02T08:20:17.658+0000][43516.644s][5523][5530][info ] Application time: 1.0000883 seconds
[2025-10-02T08:20:17.658+0000][43516.644s][5523][5530][info ] Entering safepoint region: Cleanup
[2025-10-02T08:20:17.658+0000][43516.644s][5523][5530][info ] Leaving safepoint region
[2025-10-02T08:20:17.658+0000][43516.644s][5523][5530][info ] Total time for which application threads were stopped: 0.0002511 seconds, Stopping threads took: 0.0001244 seconds
[2025-10-02T08:20:18.658+0000][43517.644s][5523][5530][info ] Application time: 1.0000759 seconds
[2025-10-02T08:20:18.658+0000][43517.644s][5523][5530][info ] Entering safepoint region: Cleanup
[2025-10-02T08:20:18.658+0000][43517.645s][5523][5530][info ] Leaving safepoint region
[2025-10-02T08:20:18.658+0000][43517.645s][5523][5530][info ] Total time for which application threads were stopped: 0.0001253 seconds, Stopping threads took: 0.0000200 seconds
[2025-10-02T08:20:19.658+0000][43518.645s][5523][5530][info ] Application time: 1.0000989 seconds
[2025-10-02T08:20:19.659+0000][43518.645s][5523][5530][info ] Entering safepoint region: Cleanup
[2025-10-02T08:20:19.659+0000][43518.645s][5523][5530][info ] Leaving safepoint region
[2025-10-02T08:20:19.659+0000][43518.645s][5523][5530][info ] Total time for which application threads were stopped: 0.0001329 seconds, Stopping threads took: 0.0000227 seconds
[2025-10-02T08:20:20.659+0000][43519.645s][5523][5530][info ] Application time: 1.0000939 seconds
[2025-10-02T08:20:20.659+0000][43519.645s][5523][5530][info ] Entering safepoint region: Cleanup
[2025-10-02T08:20:20.659+0000][43519.645s][5523][5530][info ] Leaving safepoint region
[2025-10-02T08:20:20.659+0000][43519.645s][5523][5530][info ] Total time for which application threads were stopped: 0.0001326 seconds, Stopping threads took: 0.0000228 seconds
[2025-10-02T08:20:21.659+0000][43520.645s][5523][5530][info ] Application time: 1.0000969 seconds
[2025-10-02T08:20:21.659+0000][43520.645s][5523][5530][info ] Entering safepoint region: Cleanup
[2025-10-02T08:20:21.659+0000][43520.645s][5523][5530][info ] Leaving safepoint region
[2025-10-02T08:20:21.659+0000][43520.645s][5523][5530][info ] Total time for which application threads were stopped: 0.0001444 seconds, Stopping threads took: 0.0000274 seconds
[2025-10-02T08:20:22.396+0000][43521.383s][5523][5529][trace] CMS: promo attempt is safe: available(767642064) >= av_promo(5147342), max_promo(44262800)
[2025-10-02T08:20:22.659+0000][43521.646s][5523][5530][info ] Application time: 1.0001059 seconds
[2025-10-02T08:20:22.659+0000][43521.646s][5523][5530][info ] Entering safepoint region: Cleanup
[2025-10-02T08:20:22.660+0000][43521.646s][5523][5530][info ] Leaving safepoint region
[2025-10-02T08:20:22.660+0000][43521.646s][5523][5530][info ] Total time for which application threads were stopped: 0.0001634 seconds, Stopping threads took: 0.0000222 seconds
[2025-10-02T08:20:23.660+0000][43522.646s][5523][5530][info ] Application time: 1.0000798 seconds
[2025-10-02T08:20:23.660+0000][43522.646s][5523][5530][info ] Entering safepoint region: Cleanup
[2025-10-02T08:20:23.660+0000][43522.646s][5523][5530][info ] Leaving safepoint region
[2025-10-02T08:20:23.660+0000][43522.646s][5523][5530][info ] Total time for which application threads were stopped: 0.0001448 seconds, Stopping threads took: 0.0000229 seconds
[2025-10-02T08:20:24.660+0000][43523.646s][5523][5530][info ] Application time: 1.0001049 seconds
[2025-10-02T08:20:24.660+0000][43523.646s][5523][5530][info ] Entering safepoint region: Cleanup
[2025-10-02T08:20:24.660+0000][43523.646s][5523][5530][info ] Leaving safepoint region
[2025-10-02T08:20:24.660+0000][43523.646s][5523][5530][info ] Total time for which application threads were stopped: 0.0001359 seconds, Stopping threads took: 0.0000237 seconds
[2025-10-02T08:20:25.660+0000][43524.646s][5523][5530][info ] Application time: 1.0000798 seconds
[2025-10-02T08:20:25.660+0000][43524.647s][5523][5530][info ] Entering safepoint region: Cleanup
[2025-10-02T08:20:25.660+0000][43524.647s][5523][5530][info ] Leaving safepoint region
[2025-10-02T08:20:25.660+0000][43524.647s][5523][5530][info ] Total time for which application threads were stopped: 0.0001360 seconds, Stopping threads took: 0.0000241 seconds
[2025-10-02T08:20:26.661+0000][43525.647s][5523][5530][info ] Application time: 1.0001052 seconds
[2025-10-02T08:20:26.661+0000][43525.647s][5523][5530][info ] Entering safepoint region: Cleanup
[2025-10-02T08:20:26.661+0000][43525.647s][5523][5530][info ] Leaving safepoint region
[2025-10-02T08:20:26.661+0000][43525.647s][5523][5530][info ] Total time for which application threads were stopped: 0.0001402 seconds, Stopping threads took: 0.0000235 seconds
[2025-10-02T08:20:27.661+0000][43526.647s][5523][5530][info ] Application time: 1.0001119 seconds
[2025-10-02T08:20:27.661+0000][43526.647s][5523][5530][info ] Entering safepoint region: Cleanup
[2025-10-02T08:20:27.661+0000][43526.647s][5523][5530][info ] Leaving safepoint region
[2025-10-02T08:20:27.661+0000][43526.647s][5523][5530][info ] Total time for which application threads were stopped: 0.0001442 seconds, Stopping threads took: 0.0000299 seconds
[2025-10-02T08:20:28.661+0000][43527.647s][5523][5530][info ] Application time: 1.0000997 seconds
[2025-10-02T08:20:28.661+0000][43527.647s][5523][5530][info ] Entering safepoint region: Cleanup
[2025-10-02T08:20:28.661+0000][43527.648s][5523][5530][info ] Leaving safepoint region
[2025-10-02T08:20:28.661+0000][43527.648s][5523][5530][info ] Total time for which application threads were stopped: 0.0001463 seconds, Stopping threads took: 0.0000319 seconds
[2025-10-02T08:20:29.661+0000][43528.648s][5523][5530][info ] Application time: 1.0001051 seconds
[2025-10-02T08:20:29.662+0000][43528.648s][5523][5530][info ] Entering safepoint region: Cleanup
[2025-10-02T08:20:29.662+0000][43528.648s][5523][5530][info ] Leaving safepoint region
[2025-10-02T08:20:29.662+0000][43528.648s][5523][5530][info ] Total time for which application threads were stopped: 0.0001415 seconds, Stopping threads took: 0.0000252 seconds
[2025-10-02T08:20:30.662+0000][43529.648s][5523][5530][info ] Application time: 1.0001099 seconds
[2025-10-02T08:20:30.662+0000][43529.648s][5523][5530][info ] Entering safepoint region: Cleanup
[2025-10-02T08:20:30.662+0000][43529.648s][5523][5530][info ] Leaving safepoint region
[2025-10-02T08:20:30.662+0000][43529.648s][5523][5530][info ] Total time for which application threads were stopped: 0.0001364 seconds, Stopping threads took: 0.0000233 seconds
[2025-10-02T08:20:31.663+0000][43530.649s][5523][5530][info ] Application time: 1.0005513 seconds
[2025-10-02T08:20:31.663+0000][43530.649s][5523][5530][info ] Entering safepoint region: Cleanup
[2025-10-02T08:20:31.663+0000][43530.649s][5523][5530][info ] Leaving safepoint region
[2025-10-02T08:20:31.663+0000][43530.649s][5523][5530][info ] Total time for which application threads were stopped: 0.0001855 seconds, Stopping threads took: 0.0000317 seconds
[2025-10-02T08:20:32.396+0000][43531.382s][5523][5529][trace] CMS: promo attempt is safe: available(767642064) >= av_promo(5147342), max_promo(46954696)
[2025-10-02T08:20:32.663+0000][43531.649s][5523][5530][info ] Application time: 1.0001823 seconds
[2025-10-02T08:20:32.663+0000][43531.649s][5523][5530][info ] Entering safepoint region: Cleanup
[2025-10-02T08:20:32.663+0000][43531.649s][5523][5530][info ] Leaving safepoint region
[2025-10-02T08:20:32.663+0000][43531.649s][5523][5530][info ] Total time for which application threads were stopped: 0.0001443 seconds, Stopping threads took: 0.0000277 seconds
[2025-10-02T08:20:33.663+0000][43532.650s][5523][5530][info ] Application time: 1.0001355 seconds
[2025-10-02T08:20:33.663+0000][43532.650s][5523][5530][info ] Entering safepoint region: Cleanup
[2025-10-02T08:20:33.664+0000][43532.650s][5523][5530][info ] Leaving safepoint region
[2025-10-02T08:20:33.664+0000][43532.650s][5523][5530][info ] Total time for which application threads were stopped: 0.0001562 seconds, Stopping threads took: 0.0000235 seconds
[2025-10-02T08:20:34.664+0000][43533.650s][5523][5530][info ] Application time: 1.0001117 seconds
[2025-10-02T08:20:34.664+0000][43533.650s][5523][5530][info ] Entering safepoint region: Cleanup
[2025-10-02T08:20:34.664+0000][43533.650s][5523][5530][info ] Leaving safepoint region
[2025-10-02T08:20:34.664+0000][43533.650s][5523][5530][info ] Total time for which application threads were stopped: 0.0001375 seconds, Stopping threads took: 0.0000224 seconds
[2025-10-02T08:20:35.664+0000][43534.650s][5523][5530][info ] Application time: 1.0000968 seconds
[2025-10-02T08:20:35.664+0000][43534.650s][5523][5530][info ] Entering safepoint region: Cleanup
[2025-10-02T08:20:35.664+0000][43534.650s][5523][5530][info ] Leaving safepoint region
[2025-10-02T08:20:35.664+0000][43534.650s][5523][5530][info ] Total time for which application threads were stopped: 0.0001374 seconds, Stopping threads took: 0.0000230 seconds
[2025-10-02T08:20:36.664+0000][43535.651s][5523][5530][info ] Application time: 1.0000832 seconds
[2025-10-02T08:20:36.664+0000][43535.651s][5523][5530][info ] Entering safepoint region: Cleanup
[2025-10-02T08:20:36.664+0000][43535.651s][5523][5530][info ] Leaving safepoint region
[2025-10-02T08:20:36.664+0000][43535.651s][5523][5530][info ] Total time for which application threads were stopped: 0.0001342 seconds, Stopping threads took: 0.0000216 seconds
[2025-10-02T08:20:37.665+0000][43536.651s][5523][5530][info ] Application time: 1.0000849 seconds
[2025-10-02T08:20:37.665+0000][43536.651s][5523][5530][info ] Entering safepoint region: Cleanup
[2025-10-02T08:20:37.665+0000][43536.651s][5523][5530][info ] Leaving safepoint region
[2025-10-02T08:20:37.665+0000][43536.651s][5523][5530][info ] Total time for which application threads were stopped: 0.0001366 seconds, Stopping threads took: 0.0000231 seconds
[2025-10-02T08:20:38.665+0000][43537.651s][5523][5530][info ] Application time: 1.0000868 seconds
[2025-10-02T08:20:38.665+0000][43537.651s][5523][5530][info ] Entering safepoint region: Cleanup
[2025-10-02T08:20:38.665+0000][43537.651s][5523][5530][info ] Leaving safepoint region
[2025-10-02T08:20:38.665+0000][43537.651s][5523][5530][info ] Total time for which application threads were stopped: 0.0001395 seconds, Stopping threads took: 0.0000241 seconds
[2025-10-02T08:20:39.665+0000][43538.651s][5523][5530][info ] Application time: 1.0000988 seconds
[2025-10-02T08:20:39.665+0000][43538.651s][5523][5530][info ] Entering safepoint region: Cleanup
[2025-10-02T08:20:39.665+0000][43538.652s][5523][5530][info ] Leaving safepoint region
[2025-10-02T08:20:39.665+0000][43538.652s][5523][5530][info ] Total time for which application threads were stopped: 0.0001517 seconds, Stopping threads took: 0.0000226 seconds
[2025-10-02T08:20:40.666+0000][43539.652s][5523][5530][info ] Application time: 1.0001264 seconds
[2025-10-02T08:20:40.666+0000][43539.652s][5523][5530][info ] Entering safepoint region: Cleanup
[2025-10-02T08:20:40.666+0000][43539.652s][5523][5530][info ] Leaving safepoint region
[2025-10-02T08:20:40.666+0000][43539.652s][5523][5530][info ] Total time for which application threads were stopped: 0.0001497 seconds, Stopping threads took: 0.0000258 seconds
[2025-10-02T08:20:41.666+0000][43540.652s][5523][5530][info ] Application time: 1.0000745 seconds
[2025-10-02T08:20:41.666+0000][43540.652s][5523][5530][info ] Entering safepoint region: Cleanup
[2025-10-02T08:20:41.666+0000][43540.652s][5523][5530][info ] Leaving safepoint region
[2025-10-02T08:20:41.666+0000][43540.652s][5523][5530][info ] Total time for which application threads were stopped: 0.0001335 seconds, Stopping threads took: 0.0000238 seconds
[2025-10-02T08:20:42.395+0000][43541.381s][5523][5529][trace] CMS: promo attempt is safe: available(767642064) >= av_promo(5147342), max_promo(48689144)
[2025-10-02T08:20:42.666+0000][43541.652s][5523][5530][info ] Application time: 1.0000813 seconds
[2025-10-02T08:20:42.666+0000][43541.652s][5523][5530][info ] Entering safepoint region: Cleanup
[2025-10-02T08:20:42.666+0000][43541.653s][5523][5530][info ] Leaving safepoint region
[2025-10-02T08:20:42.666+0000][43541.653s][5523][5530][info ] Total time for which application threads were stopped: 0.0001575 seconds, Stopping threads took: 0.0000224 seconds
[2025-10-02T08:20:43.666+0000][43542.653s][5523][5530][info ] Application time: 1.0000999 seconds
[2025-10-02T08:20:43.666+0000][43542.653s][5523][5530][info ] Entering safepoint region: Cleanup
[2025-10-02T08:20:43.667+0000][43542.653s][5523][5530][info ] Leaving safepoint region
[2025-10-02T08:20:43.667+0000][43542.653s][5523][5530][info ] Total time for which application threads were stopped: 0.0001595 seconds, Stopping threads took: 0.0000225 seconds
[2025-10-02T08:20:44.667+0000][43543.653s][5523][5530][info ] Application time: 1.0001052 seconds
[2025-10-02T08:20:44.667+0000][43543.653s][5523][5530][info ] Entering safepoint region: Cleanup
[2025-10-02T08:20:44.667+0000][43543.653s][5523][5530][info ] Leaving safepoint region
[2025-10-02T08:20:44.667+0000][43543.653s][5523][5530][info ] Total time for which application threads were stopped: 0.0001389 seconds, Stopping threads took: 0.0000252 seconds
[2025-10-02T08:20:45.667+0000][43544.653s][5523][5530][info ] Application time: 1.0000845 seconds
[2025-10-02T08:20:45.667+0000][43544.653s][5523][5530][info ] Entering safepoint region: Cleanup
[2025-10-02T08:20:45.667+0000][43544.653s][5523][5530][info ] Leaving safepoint region
[2025-10-02T08:20:45.667+0000][43544.653s][5523][5530][info ] Total time for which application threads were stopped: 0.0001444 seconds, Stopping threads took: 0.0000281 seconds
[2025-10-02T08:20:46.667+0000][43545.654s][5523][5530][info ] Application time: 1.0001134 seconds
[2025-10-02T08:20:46.667+0000][43545.654s][5523][5530][info ] Entering safepoint region: Cleanup
[2025-10-02T08:20:46.668+0000][43545.654s][5523][5530][info ] Leaving safepoint region
[2025-10-02T08:20:46.668+0000][43545.654s][5523][5530][info ] Total time for which application threads were stopped: 0.0001857 seconds, Stopping threads took: 0.0000286 seconds
[2025-10-02T08:20:47.668+0000][43546.654s][5523][5530][info ] Application time: 1.0001067 seconds
[2025-10-02T08:20:47.668+0000][43546.654s][5523][5530][info ] Entering safepoint region: Cleanup
[2025-10-02T08:20:47.668+0000][43546.654s][5523][5530][info ] Leaving safepoint region
[2025-10-02T08:20:47.668+0000][43546.654s][5523][5530][info ] Total time for which application threads were stopped: 0.0001382 seconds, Stopping threads took: 0.0000254 seconds
[2025-10-02T08:20:48.668+0000][43547.654s][5523][5530][info ] Application time: 1.0000994 seconds
[2025-10-02T08:20:48.668+0000][43547.654s][5523][5530][info ] Entering safepoint region: Cleanup
[2025-10-02T08:20:48.668+0000][43547.654s][5523][5530][info ] Leaving safepoint region
[2025-10-02T08:20:48.668+0000][43547.654s][5523][5530][info ] Total time for which application threads were stopped: 0.0001304 seconds, Stopping threads took: 0.0000207 seconds
[2025-10-02T08:20:49.668+0000][43548.655s][5523][5530][info ] Application time: 1.0000773 seconds
[2025-10-02T08:20:49.668+0000][43548.655s][5523][5530][info ] Entering safepoint region: Cleanup
[2025-10-02T08:20:49.668+0000][43548.655s][5523][5530][info ] Leaving safepoint region
[2025-10-02T08:20:49.668+0000][43548.655s][5523][5530][info ] Total time for which application threads were stopped: 0.0001328 seconds, Stopping threads took: 0.0000218 seconds
[2025-10-02T08:20:50.669+0000][43549.655s][5523][5530][info ] Application time: 1.0000916 seconds
[2025-10-02T08:20:50.669+0000][43549.655s][5523][5530][info ] Entering safepoint region: Cleanup
[2025-10-02T08:20:50.669+0000][43549.655s][5523][5530][info ] Leaving safepoint region
[2025-10-02T08:20:50.669+0000][43549.655s][5523][5530][info ] Total time for which application threads were stopped: 0.0001332 seconds, Stopping threads took: 0.0000219 seconds
[2025-10-02T08:20:51.669+0000][43550.655s][5523][5530][info ] Application time: 1.0000890 seconds
[2025-10-02T08:20:51.669+0000][43550.655s][5523][5530][info ] Entering safepoint region: Cleanup
[2025-10-02T08:20:51.669+0000][43550.655s][5523][5530][info ] Leaving safepoint region
[2025-10-02T08:20:51.669+0000][43550.655s][5523][5530][info ] Total time for which application threads were stopped: 0.0001453 seconds, Stopping threads took: 0.0000262 seconds
[2025-10-02T08:20:52.395+0000][43551.381s][5523][5529][trace] CMS: promo attempt is safe: available(767642064) >= av_promo(5147342), max_promo(48815216)
[2025-10-02T08:20:52.669+0000][43551.655s][5523][5530][info ] Application time: 1.0000938 seconds
[2025-10-02T08:20:52.669+0000][43551.655s][5523][5530][info ] Entering safepoint region: Cleanup
[2025-10-02T08:20:52.669+0000][43551.656s][5523][5530][info ] Leaving safepoint region
[2025-10-02T08:20:52.669+0000][43551.656s][5523][5530][info ] Total time for which application threads were stopped: 0.0001352 seconds, Stopping threads took: 0.0000239 seconds
[2025-10-02T08:20:53.669+0000][43552.656s][5523][5530][info ] Application time: 1.0001047 seconds
[2025-10-02T08:20:53.669+0000][43552.656s][5523][5530][info ] Entering safepoint region: Cleanup
[2025-10-02T08:20:53.670+0000][43552.656s][5523][5530][info ] Leaving safepoint region
[2025-10-02T08:20:53.670+0000][43552.656s][5523][5530][info ] Total time for which application threads were stopped: 0.0001559 seconds, Stopping threads took: 0.0000241 seconds
[2025-10-02T08:20:54.670+0000][43553.656s][5523][5530][info ] Application time: 1.0001024 seconds
[2025-10-02T08:20:54.670+0000][43553.656s][5523][5530][info ] Entering safepoint region: Cleanup
[2025-10-02T08:20:54.670+0000][43553.656s][5523][5530][info ] Leaving safepoint region
[2025-10-02T08:20:54.670+0000][43553.656s][5523][5530][info ] Total time for which application threads were stopped: 0.0001336 seconds, Stopping threads took: 0.0000221 seconds
[2025-10-02T08:20:55.670+0000][43554.656s][5523][5530][info ] Application time: 1.0000889 seconds
[2025-10-02T08:20:55.670+0000][43554.656s][5523][5530][info ] Entering safepoint region: Cleanup
[2025-10-02T08:20:55.670+0000][43554.656s][5523][5530][info ] Leaving safepoint region
[2025-10-02T08:20:55.670+0000][43554.656s][5523][5530][info ] Total time for which application threads were stopped: 0.0001491 seconds, Stopping threads took: 0.0000256 seconds
[2025-10-02T08:20:56.670+0000][43555.657s][5523][5530][info ] Application time: 1.0001001 seconds
[2025-10-02T08:20:56.670+0000][43555.657s][5523][5530][info ] Entering safepoint region: Cleanup
[2025-10-02T08:20:56.671+0000][43555.657s][5523][5530][info ] Leaving safepoint region
[2025-10-02T08:20:56.671+0000][43555.657s][5523][5530][info ] Total time for which application threads were stopped: 0.0001806 seconds, Stopping threads took: 0.0000233 seconds
[2025-10-02T08:20:57.671+0000][43556.657s][5523][5530][info ] Application time: 1.0000909 seconds
[2025-10-02T08:20:57.671+0000][43556.657s][5523][5530][info ] Entering safepoint region: Cleanup
[2025-10-02T08:20:57.672+0000][43556.658s][5523][5530][info ] Leaving safepoint region
[2025-10-02T08:20:57.672+0000][43556.658s][5523][5530][info ] Total time for which application threads were stopped: 0.0011568 seconds, Stopping threads took: 0.0010252 seconds
[2025-10-02T08:20:58.672+0000][43557.658s][5523][5530][info ] Application time: 1.0000991 seconds
[2025-10-02T08:20:58.672+0000][43557.658s][5523][5530][info ] Entering safepoint region: Cleanup
[2025-10-02T08:20:58.672+0000][43557.658s][5523][5530][info ] Leaving safepoint region
[2025-10-02T08:20:58.672+0000][43557.658s][5523][5530][info ] Total time for which application threads were stopped: 0.0001351 seconds, Stopping threads took: 0.0000230 seconds
[2025-10-02T08:20:59.672+0000][43558.658s][5523][5530][info ] Application time: 1.0000809 seconds
[2025-10-02T08:20:59.672+0000][43558.659s][5523][5530][info ] Entering safepoint region: Cleanup
[2025-10-02T08:20:59.672+0000][43558.659s][5523][5530][info ] Leaving safepoint region
[2025-10-02T08:20:59.672+0000][43558.659s][5523][5530][info ] Total time for which application threads were stopped: 0.0001471 seconds, Stopping threads took: 0.0000246 seconds
[2025-10-02T08:21:00.673+0000][43559.659s][5523][5530][info ] Application time: 1.0001024 seconds
[2025-10-02T08:21:00.673+0000][43559.659s][5523][5530][info ] Entering safepoint region: Cleanup
[2025-10-02T08:21:00.673+0000][43559.659s][5523][5530][info ] Leaving safepoint region
[2025-10-02T08:21:00.673+0000][43559.659s][5523][5530][info ] Total time for which application threads were stopped: 0.0001349 seconds, Stopping threads took: 0.0000224 seconds
[2025-10-02T08:21:01.673+0000][43560.659s][5523][5530][info ] Application time: 1.0000984 seconds
[2025-10-02T08:21:01.673+0000][43560.659s][5523][5530][info ] Entering safepoint region: Cleanup
[2025-10-02T08:21:01.673+0000][43560.659s][5523][5530][info ] Leaving safepoint region
[2025-10-02T08:21:01.673+0000][43560.659s][5523][5530][info ] Total time for which application threads were stopped: 0.0001546 seconds, Stopping threads took: 0.0000250 seconds
[2025-10-02T08:21:02.395+0000][43561.381s][5523][5529][trace] CMS: promo attempt is safe: available(767642064) >= av_promo(5147342), max_promo(49046456)
[2025-10-02T08:21:02.673+0000][43561.659s][5523][5530][info ] Application time: 1.0001005 seconds
[2025-10-02T08:21:02.673+0000][43561.659s][5523][5530][info ] Entering safepoint region: Cleanup
[2025-10-02T08:21:02.673+0000][43561.660s][5523][5530][info ] Leaving safepoint region
[2025-10-02T08:21:02.673+0000][43561.660s][5523][5530][info ] Total time for which application threads were stopped: 0.0001339 seconds, Stopping threads took: 0.0000244 seconds
[2025-10-02T08:21:03.673+0000][43562.660s][5523][5530][info ] Application time: 1.0000990 seconds
[2025-10-02T08:21:03.673+0000][43562.660s][5523][5530][info ] Entering safepoint region: Cleanup
[2025-10-02T08:21:03.674+0000][43562.660s][5523][5530][info ] Leaving safepoint region
[2025-10-02T08:21:03.674+0000][43562.660s][5523][5530][info ] Total time for which application threads were stopped: 0.0001599 seconds, Stopping threads took: 0.0000258 seconds
[2025-10-02T08:21:04.674+0000][43563.660s][5523][5530][info ] Application time: 1.0000988 seconds
[2025-10-02T08:21:04.674+0000][43563.660s][5523][5530][info ] Entering safepoint region: Cleanup
[2025-10-02T08:21:04.674+0000][43563.660s][5523][5530][info ] Leaving safepoint region
[2025-10-02T08:21:04.674+0000][43563.660s][5523][5530][info ] Total time for which application threads were stopped: 0.0001350 seconds, Stopping threads took: 0.0000221 seconds
[2025-10-02T08:21:05.674+0000][43564.660s][5523][5530][info ] Application time: 1.0000777 seconds
[2025-10-02T08:21:05.674+0000][43564.660s][5523][5530][info ] Entering safepoint region: Cleanup
[2025-10-02T08:21:05.674+0000][43564.660s][5523][5530][info ] Leaving safepoint region
[2025-10-02T08:21:05.674+0000][43564.660s][5523][5530][info ] Total time for which application threads were stopped: 0.0001355 seconds, Stopping threads took: 0.0000214 seconds
[2025-10-02T08:21:06.674+0000][43565.661s][5523][5530][info ] Application time: 1.0001069 seconds
[2025-10-02T08:21:06.674+0000][43565.661s][5523][5530][info ] Entering safepoint region: Cleanup
[2025-10-02T08:21:06.674+0000][43565.661s][5523][5530][info ] Leaving safepoint region
[2025-10-02T08:21:06.674+0000][43565.661s][5523][5530][info ] Total time for which application threads were stopped: 0.0001346 seconds, Stopping threads took: 0.0000226 seconds
[2025-10-02T08:21:07.675+0000][43566.661s][5523][5530][info ] Application time: 1.0000707 seconds
[2025-10-02T08:21:07.675+0000][43566.661s][5523][5530][info ] Entering safepoint region: Cleanup
[2025-10-02T08:21:07.675+0000][43566.661s][5523][5530][info ] Leaving safepoint region
[2025-10-02T08:21:07.675+0000][43566.661s][5523][5530][info ] Total time for which application threads were stopped: 0.0001516 seconds, Stopping threads took: 0.0000321 seconds
[2025-10-02T08:21:08.675+0000][43567.661s][5523][5530][info ] Application time: 1.0001042 seconds
[2025-10-02T08:21:08.675+0000][43567.661s][5523][5530][info ] Entering safepoint region: Cleanup
[2025-10-02T08:21:08.675+0000][43567.661s][5523][5530][info ] Leaving safepoint region
[2025-10-02T08:21:08.675+0000][43567.662s][5523][5530][info ] Total time for which application threads were stopped: 0.0004398 seconds, Stopping threads took: 0.0000240 seconds
[2025-10-02T08:21:09.676+0000][43568.662s][5523][5530][info ] Application time: 1.0001009 seconds
[2025-10-02T08:21:09.676+0000][43568.662s][5523][5530][info ] Entering safepoint region: Cleanup
[2025-10-02T08:21:09.676+0000][43568.662s][5523][5530][info ] Leaving safepoint region
[2025-10-02T08:21:09.676+0000][43568.662s][5523][5530][info ] Total time for which application threads were stopped: 0.0001385 seconds, Stopping threads took: 0.0000227 seconds
[2025-10-02T08:21:10.676+0000][43569.662s][5523][5530][info ] Application time: 1.0001156 seconds
[2025-10-02T08:21:10.676+0000][43569.662s][5523][5530][info ] Entering safepoint region: Cleanup
[2025-10-02T08:21:10.676+0000][43569.662s][5523][5530][info ] Leaving safepoint region
[2025-10-02T08:21:10.676+0000][43569.662s][5523][5530][info ] Total time for which application threads were stopped: 0.0001459 seconds, Stopping threads took: 0.0000239 seconds
[2025-10-02T08:21:11.676+0000][43570.662s][5523][5530][info ] Application time: 1.0001035 seconds
[2025-10-02T08:21:11.676+0000][43570.662s][5523][5530][info ] Entering safepoint region: Cleanup
[2025-10-02T08:21:11.676+0000][43570.663s][5523][5530][info ] Leaving safepoint region
[2025-10-02T08:21:11.676+0000][43570.663s][5523][5530][info ] Total time for which application threads were stopped: 0.0001370 seconds, Stopping threads took: 0.0000243 seconds
[2025-10-02T08:21:12.394+0000][43571.381s][5523][5529][trace] CMS: promo attempt is safe: available(767642064) >= av_promo(5147342), max_promo(49521040)
[2025-10-02T08:21:12.676+0000][43571.663s][5523][5530][info ] Application time: 1.0001350 seconds
[2025-10-02T08:21:12.677+0000][43571.663s][5523][5530][info ] Entering safepoint region: Cleanup
[2025-10-02T08:21:12.677+0000][43571.663s][5523][5530][info ] Leaving safepoint region
[2025-10-02T08:21:12.677+0000][43571.663s][5523][5530][info ] Total time for which application threads were stopped: 0.0001363 seconds, Stopping threads took: 0.0000225 seconds
[2025-10-02T08:21:13.677+0000][43572.663s][5523][5530][info ] Application time: 1.0001109 seconds
[2025-10-02T08:21:13.677+0000][43572.663s][5523][5530][info ] Entering safepoint region: Cleanup
[2025-10-02T08:21:13.677+0000][43572.663s][5523][5530][info ] Leaving safepoint region
[2025-10-02T08:21:13.677+0000][43572.663s][5523][5530][info ] Total time for which application threads were stopped: 0.0001452 seconds, Stopping threads took: 0.0000244 seconds
[2025-10-02T08:21:14.677+0000][43573.663s][5523][5530][info ] Application time: 1.0000981 seconds
[2025-10-02T08:21:14.677+0000][43573.663s][5523][5530][info ] Entering safepoint region: Cleanup
[2025-10-02T08:21:14.677+0000][43573.664s][5523][5530][info ] Leaving safepoint region
[2025-10-02T08:21:14.677+0000][43573.664s][5523][5530][info ] Total time for which application threads were stopped: 0.0001506 seconds, Stopping threads took: 0.0000223 seconds
[2025-10-02T08:21:15.677+0000][43574.664s][5523][5530][info ] Application time: 1.0001011 seconds
[2025-10-02T08:21:15.678+0000][43574.664s][5523][5530][info ] Entering safepoint region: Cleanup
[2025-10-02T08:21:15.678+0000][43574.664s][5523][5530][info ] Leaving safepoint region
[2025-10-02T08:21:15.678+0000][43574.664s][5523][5530][info ] Total time for which application threads were stopped: 0.0001646 seconds, Stopping threads took: 0.0000490 seconds
[2025-10-02T08:21:16.678+0000][43575.664s][5523][5530][info ] Application time: 1.0000978 seconds
[2025-10-02T08:21:16.678+0000][43575.664s][5523][5530][info ] Entering safepoint region: Cleanup
[2025-10-02T08:21:16.678+0000][43575.664s][5523][5530][info ] Leaving safepoint region
[2025-10-02T08:21:16.678+0000][43575.664s][5523][5530][info ] Total time for which application threads were stopped: 0.0001339 seconds, Stopping threads took: 0.0000256 seconds
[2025-10-02T08:21:17.678+0000][43576.664s][5523][5530][info ] Application time: 1.0000847 seconds
[2025-10-02T08:21:17.678+0000][43576.664s][5523][5530][info ] Entering safepoint region: Cleanup
[2025-10-02T08:21:17.678+0000][43576.664s][5523][5530][info ] Leaving safepoint region
[2025-10-02T08:21:17.679+0000][43576.665s][5523][5530][info ] Total time for which application threads were stopped: 0.0010845 seconds, Stopping threads took: 0.0000233 seconds
[2025-10-02T08:21:18.679+0000][43577.666s][5523][5530][info ] Application time: 1.0000860 seconds
[2025-10-02T08:21:18.679+0000][43577.666s][5523][5530][info ] Entering safepoint region: Cleanup
[2025-10-02T08:21:18.679+0000][43577.666s][5523][5530][info ] Leaving safepoint region
[2025-10-02T08:21:18.679+0000][43577.666s][5523][5530][info ] Total time for which application threads were stopped: 0.0001326 seconds, Stopping threads took: 0.0000232 seconds
[2025-10-02T08:21:19.680+0000][43578.666s][5523][5530][info ] Application time: 1.0001132 seconds
[2025-10-02T08:21:19.680+0000][43578.666s][5523][5530][info ] Entering safepoint region: Cleanup
[2025-10-02T08:21:19.680+0000][43578.666s][5523][5530][info ] Leaving safepoint region
[2025-10-02T08:21:19.680+0000][43578.666s][5523][5530][info ] Total time for which application threads were stopped: 0.0001606 seconds, Stopping threads took: 0.0000243 seconds
[2025-10-02T08:21:20.680+0000][43579.666s][5523][5530][info ] Application time: 1.0001121 seconds
[2025-10-02T08:21:20.680+0000][43579.666s][5523][5530][info ] Entering safepoint region: Cleanup
[2025-10-02T08:21:20.680+0000][43579.666s][5523][5530][info ] Leaving safepoint region
[2025-10-02T08:21:20.680+0000][43579.666s][5523][5530][info ] Total time for which application threads were stopped: 0.0001414 seconds, Stopping threads took: 0.0000222 seconds
[2025-10-02T08:21:21.680+0000][43580.666s][5523][5530][info ] Application time: 1.0001078 seconds
[2025-10-02T08:21:21.680+0000][43580.666s][5523][5530][info ] Entering safepoint region: Cleanup
[2025-10-02T08:21:21.680+0000][43580.667s][5523][5530][info ] Leaving safepoint region
[2025-10-02T08:21:21.680+0000][43580.667s][5523][5530][info ] Total time for which application threads were stopped: 0.0001352 seconds, Stopping threads took: 0.0000225 seconds
[2025-10-02T08:21:22.395+0000][43581.381s][5523][5529][trace] CMS: promo attempt is safe: available(767642064) >= av_promo(5147342), max_promo(50154032)
[2025-10-02T08:21:22.681+0000][43581.667s][5523][5530][info ] Application time: 1.0001148 seconds
[2025-10-02T08:21:22.681+0000][43581.667s][5523][5530][info ] Entering safepoint region: Cleanup
[2025-10-02T08:21:22.681+0000][43581.667s][5523][5530][info ] Leaving safepoint region
[2025-10-02T08:21:22.681+0000][43581.667s][5523][5530][info ] Total time for which application threads were stopped: 0.0001491 seconds, Stopping threads took: 0.0000221 seconds
[2025-10-02T08:21:23.681+0000][43582.667s][5523][5530][info ] Application time: 1.0000816 seconds
[2025-10-02T08:21:23.681+0000][43582.667s][5523][5530][info ] Entering safepoint region: Cleanup
[2025-10-02T08:21:23.681+0000][43582.667s][5523][5530][info ] Leaving safepoint region
[2025-10-02T08:21:23.681+0000][43582.667s][5523][5530][info ] Total time for which application threads were stopped: 0.0001366 seconds, Stopping threads took: 0.0000254 seconds
[2025-10-02T08:21:24.681+0000][43583.667s][5523][5530][info ] Application time: 1.0000831 seconds
[2025-10-02T08:21:24.681+0000][43583.667s][5523][5530][info ] Entering safepoint region: Cleanup
[2025-10-02T08:21:24.681+0000][43583.667s][5523][5530][info ] Leaving safepoint region
[2025-10-02T08:21:24.681+0000][43583.667s][5523][5530][info ] Total time for which application threads were stopped: 0.0001337 seconds, Stopping threads took: 0.0000212 seconds
[2025-10-02T08:21:25.681+0000][43584.668s][5523][5530][info ] Application time: 1.0001038 seconds
[2025-10-02T08:21:25.681+0000][43584.668s][5523][5530][info ] Entering safepoint region: Cleanup
[2025-10-02T08:21:25.682+0000][43584.668s][5523][5530][info ] Leaving safepoint region
[2025-10-02T08:21:25.682+0000][43584.668s][5523][5530][info ] Total time for which application threads were stopped: 0.0001606 seconds, Stopping threads took: 0.0000223 seconds
[2025-10-02T08:21:26.682+0000][43585.668s][5523][5530][info ] Application time: 1.0000904 seconds
[2025-10-02T08:21:26.682+0000][43585.668s][5523][5530][info ] Entering safepoint region: Cleanup
[2025-10-02T08:21:26.682+0000][43585.668s][5523][5530][info ] Leaving safepoint region
[2025-10-02T08:21:26.682+0000][43585.668s][5523][5530][info ] Total time for which application threads were stopped: 0.0001410 seconds, Stopping threads took: 0.0000244 seconds
[2025-10-02T08:21:27.682+0000][43586.668s][5523][5530][info ] Application time: 1.0001018 seconds
[2025-10-02T08:21:27.682+0000][43586.668s][5523][5530][info ] Entering safepoint region: Cleanup
[2025-10-02T08:21:27.682+0000][43586.668s][5523][5530][info ] Leaving safepoint region
[2025-10-02T08:21:27.682+0000][43586.668s][5523][5530][info ] Total time for which application threads were stopped: 0.0001458 seconds, Stopping threads took: 0.0000295 seconds
[2025-10-02T08:21:28.682+0000][43587.669s][5523][5530][info ] Application time: 1.0000960 seconds
[2025-10-02T08:21:28.682+0000][43587.669s][5523][5530][info ] Entering safepoint region: Cleanup
[2025-10-02T08:21:28.682+0000][43587.669s][5523][5530][info ] Leaving safepoint region
[2025-10-02T08:21:28.682+0000][43587.669s][5523][5530][info ] Total time for which application threads were stopped: 0.0001355 seconds, Stopping threads took: 0.0000236 seconds
[2025-10-02T08:21:29.683+0000][43588.669s][5523][5530][info ] Application time: 1.0001270 seconds
[2025-10-02T08:21:29.683+0000][43588.669s][5523][5530][info ] Entering safepoint region: Cleanup
[2025-10-02T08:21:29.683+0000][43588.669s][5523][5530][info ] Leaving safepoint region
[2025-10-02T08:21:29.683+0000][43588.669s][5523][5530][info ] Total time for which application threads were stopped: 0.0001343 seconds, Stopping threads took: 0.0000230 seconds
[2025-10-02T08:21:30.683+0000][43589.669s][5523][5530][info ] Application time: 1.0001055 seconds
[2025-10-02T08:21:30.683+0000][43589.669s][5523][5530][info ] Entering safepoint region: Cleanup
[2025-10-02T08:21:30.683+0000][43589.669s][5523][5530][info ] Leaving safepoint region
[2025-10-02T08:21:30.683+0000][43589.669s][5523][5530][info ] Total time for which application threads were stopped: 0.0002256 seconds, Stopping threads took: 0.0000327 seconds
[2025-10-02T08:21:31.683+0000][43590.670s][5523][5530][info ] Application time: 1.0001052 seconds
[2025-10-02T08:21:31.683+0000][43590.670s][5523][5530][info ] Entering safepoint region: Cleanup
[2025-10-02T08:21:31.683+0000][43590.670s][5523][5530][info ] Leaving safepoint region
[2025-10-02T08:21:31.683+0000][43590.670s][5523][5530][info ] Total time for which application threads were stopped: 0.0001528 seconds, Stopping threads took: 0.0000256 seconds
[2025-10-02T08:21:32.395+0000][43591.381s][5523][5529][trace] CMS: promo attempt is safe: available(767642064) >= av_promo(5147342), max_promo(51239480)
[2025-10-02T08:21:32.684+0000][43591.670s][5523][5530][info ] Application time: 1.0000961 seconds
[2025-10-02T08:21:32.684+0000][43591.670s][5523][5530][info ] Entering safepoint region: Cleanup
[2025-10-02T08:21:32.684+0000][43591.670s][5523][5530][info ] Leaving safepoint region
[2025-10-02T08:21:32.684+0000][43591.670s][5523][5530][info ] Total time for which application threads were stopped: 0.0001337 seconds, Stopping threads took: 0.0000219 seconds
[2025-10-02T08:21:33.684+0000][43592.670s][5523][5530][info ] Application time: 1.0000993 seconds
[2025-10-02T08:21:33.684+0000][43592.670s][5523][5530][info ] Entering safepoint region: Cleanup
[2025-10-02T08:21:33.684+0000][43592.670s][5523][5530][info ] Leaving safepoint region
[2025-10-02T08:21:33.684+0000][43592.670s][5523][5530][info ] Total time for which application threads were stopped: 0.0001406 seconds, Stopping threads took: 0.0000285 seconds
[2025-10-02T08:21:34.684+0000][43593.670s][5523][5530][info ] Application time: 1.0000929 seconds
[2025-10-02T08:21:34.684+0000][43593.670s][5523][5530][info ] Entering safepoint region: Cleanup
[2025-10-02T08:21:34.684+0000][43593.671s][5523][5530][info ] Leaving safepoint region
[2025-10-02T08:21:34.684+0000][43593.671s][5523][5530][info ] Total time for which application threads were stopped: 0.0001354 seconds, Stopping threads took: 0.0000228 seconds
[2025-10-02T08:21:35.685+0000][43594.671s][5523][5530][info ] Application time: 1.0001061 seconds
[2025-10-02T08:21:35.685+0000][43594.671s][5523][5530][info ] Entering safepoint region: Cleanup
[2025-10-02T08:21:35.685+0000][43594.671s][5523][5530][info ] Leaving safepoint region
[2025-10-02T08:21:35.685+0000][43594.671s][5523][5530][info ] Total time for which application threads were stopped: 0.0001522 seconds, Stopping threads took: 0.0000364 seconds
[2025-10-02T08:21:36.685+0000][43595.671s][5523][5530][info ] Application time: 1.0000869 seconds
[2025-10-02T08:21:36.685+0000][43595.671s][5523][5530][info ] Entering safepoint region: Cleanup
[2025-10-02T08:21:36.685+0000][43595.671s][5523][5530][info ] Leaving safepoint region
[2025-10-02T08:21:36.685+0000][43595.671s][5523][5530][info ] Total time for which application threads were stopped: 0.0001352 seconds, Stopping threads took: 0.0000220 seconds
[2025-10-02T08:21:37.685+0000][43596.671s][5523][5530][info ] Application time: 1.0000834 seconds
[2025-10-02T08:21:37.685+0000][43596.671s][5523][5530][info ] Entering safepoint region: Cleanup
[2025-10-02T08:21:37.685+0000][43596.671s][5523][5530][info ] Leaving safepoint region
[2025-10-02T08:21:37.685+0000][43596.672s][5523][5530][info ] Total time for which application threads were stopped: 0.0001464 seconds, Stopping threads took: 0.0000299 seconds
[2025-10-02T08:21:38.685+0000][43597.672s][5523][5530][info ] Application time: 1.0000796 seconds
[2025-10-02T08:21:38.685+0000][43597.672s][5523][5530][info ] Entering safepoint region: Cleanup
[2025-10-02T08:21:38.686+0000][43597.672s][5523][5530][info ] Leaving safepoint region
[2025-10-02T08:21:38.686+0000][43597.672s][5523][5530][info ] Total time for which application threads were stopped: 0.0001551 seconds, Stopping threads took: 0.0000241 seconds
[2025-10-02T08:21:39.686+0000][43598.672s][5523][5530][info ] Application time: 1.0000828 seconds
[2025-10-02T08:21:39.686+0000][43598.672s][5523][5530][info ] Entering safepoint region: Cleanup
[2025-10-02T08:21:39.686+0000][43598.672s][5523][5530][info ] Leaving safepoint region
[2025-10-02T08:21:39.686+0000][43598.672s][5523][5530][info ] Total time for which application threads were stopped: 0.0001558 seconds, Stopping threads took: 0.0000398 seconds
[2025-10-02T08:21:40.686+0000][43599.672s][5523][5530][info ] Application time: 1.0000799 seconds
[2025-10-02T08:21:40.686+0000][43599.672s][5523][5530][info ] Entering safepoint region: Cleanup
[2025-10-02T08:21:40.686+0000][43599.672s][5523][5530][info ] Leaving safepoint region
[2025-10-02T08:21:40.686+0000][43599.672s][5523][5530][info ] Total time for which application threads were stopped: 0.0001362 seconds, Stopping threads took: 0.0000228 seconds
[2025-10-02T08:21:41.686+0000][43600.672s][5523][5530][info ] Application time: 1.0000781 seconds
[2025-10-02T08:21:41.686+0000][43600.673s][5523][5530][info ] Entering safepoint region: Cleanup
[2025-10-02T08:21:41.686+0000][43600.673s][5523][5530][info ] Leaving safepoint region
[2025-10-02T08:21:41.686+0000][43600.673s][5523][5530][info ] Total time for which application threads were stopped: 0.0001301 seconds, Stopping threads took: 0.0000205 seconds
[2025-10-02T08:21:42.395+0000][43601.381s][5523][5529][trace] CMS: promo attempt is safe: available(767642064) >= av_promo(5147342), max_promo(52974896)
[2025-10-02T08:21:42.687+0000][43601.673s][5523][5530][info ] Application time: 1.0001082 seconds
[2025-10-02T08:21:42.687+0000][43601.673s][5523][5530][info ] Entering safepoint region: Cleanup
[2025-10-02T08:21:42.687+0000][43601.673s][5523][5530][info ] Leaving safepoint region
[2025-10-02T08:21:42.687+0000][43601.673s][5523][5530][info ] Total time for which application threads were stopped: 0.0001409 seconds, Stopping threads took: 0.0000233 seconds
[2025-10-02T08:21:43.687+0000][43602.673s][5523][5530][info ] Application time: 1.0000982 seconds
[2025-10-02T08:21:43.687+0000][43602.673s][5523][5530][info ] Entering safepoint region: Cleanup
[2025-10-02T08:21:43.687+0000][43602.673s][5523][5530][info ] Leaving safepoint region
[2025-10-02T08:21:43.687+0000][43602.673s][5523][5530][info ] Total time for which application threads were stopped: 0.0001357 seconds, Stopping threads took: 0.0000227 seconds
[2025-10-02T08:21:44.687+0000][43603.673s][5523][5530][info ] Application time: 1.0001698 seconds
[2025-10-02T08:21:44.687+0000][43603.673s][5523][5530][info ] Entering safepoint region: Cleanup
[2025-10-02T08:21:44.687+0000][43603.674s][5523][5530][info ] Leaving safepoint region
[2025-10-02T08:21:44.687+0000][43603.674s][5523][5530][info ] Total time for which application threads were stopped: 0.0001370 seconds, Stopping threads took: 0.0000230 seconds
[2025-10-02T08:21:45.687+0000][43604.674s][5523][5530][info ] Application time: 1.0001062 seconds
[2025-10-02T08:21:45.688+0000][43604.674s][5523][5530][info ] Entering safepoint region: Cleanup
[2025-10-02T08:21:45.688+0000][43604.674s][5523][5530][info ] Leaving safepoint region
[2025-10-02T08:21:45.688+0000][43604.674s][5523][5530][info ] Total time for which application threads were stopped: 0.0001344 seconds, Stopping threads took: 0.0000230 seconds
[2025-10-02T08:21:46.688+0000][43605.674s][5523][5530][info ] Application time: 1.0001091 seconds
[2025-10-02T08:21:46.688+0000][43605.674s][5523][5530][info ] Entering safepoint region: Cleanup
[2025-10-02T08:21:46.688+0000][43605.674s][5523][5530][info ] Leaving safepoint region
[2025-10-02T08:21:46.688+0000][43605.674s][5523][5530][info ] Total time for which application threads were stopped: 0.0001396 seconds, Stopping threads took: 0.0000251 seconds
[2025-10-02T08:21:47.688+0000][43606.674s][5523][5530][info ] Application time: 1.0000853 seconds
[2025-10-02T08:21:47.688+0000][43606.674s][5523][5530][info ] Entering safepoint region: Cleanup
[2025-10-02T08:21:47.689+0000][43606.676s][5523][5530][info ] Leaving safepoint region
[2025-10-02T08:21:47.689+0000][43606.676s][5523][5530][info ] Total time for which application threads were stopped: 0.0011605 seconds, Stopping threads took: 0.0010308 seconds
[2025-10-02T08:21:48.689+0000][43607.676s][5523][5530][info ] Application time: 1.0001019 seconds
[2025-10-02T08:21:48.689+0000][43607.676s][5523][5530][info ] Entering safepoint region: Cleanup
[2025-10-02T08:21:48.690+0000][43607.676s][5523][5530][info ] Leaving safepoint region
[2025-10-02T08:21:48.690+0000][43607.676s][5523][5530][info ] Total time for which application threads were stopped: 0.0001501 seconds, Stopping threads took: 0.0000237 seconds
[2025-10-02T08:21:49.690+0000][43608.676s][5523][5530][info ] Application time: 1.0001007 seconds
[2025-10-02T08:21:49.690+0000][43608.676s][5523][5530][info ] Entering safepoint region: Cleanup
[2025-10-02T08:21:49.690+0000][43608.676s][5523][5530][info ] Leaving safepoint region
[2025-10-02T08:21:49.690+0000][43608.676s][5523][5530][info ] Total time for which application threads were stopped: 0.0001693 seconds, Stopping threads took: 0.0000427 seconds
[2025-10-02T08:21:50.690+0000][43609.676s][5523][5530][info ] Application time: 1.0001023 seconds
[2025-10-02T08:21:50.690+0000][43609.676s][5523][5530][info ] Entering safepoint region: Cleanup
[2025-10-02T08:21:50.690+0000][43609.676s][5523][5530][info ] Leaving safepoint region
[2025-10-02T08:21:50.690+0000][43609.676s][5523][5530][info ] Total time for which application threads were stopped: 0.0001401 seconds, Stopping threads took: 0.0000228 seconds
[2025-10-02T08:21:51.690+0000][43610.677s][5523][5530][info ] Application time: 1.0000905 seconds
[2025-10-02T08:21:51.690+0000][43610.677s][5523][5530][info ] Entering safepoint region: Cleanup
[2025-10-02T08:21:51.691+0000][43610.677s][5523][5530][info ] Leaving safepoint region
[2025-10-02T08:21:51.691+0000][43610.677s][5523][5530][info ] Total time for which application threads were stopped: 0.0001599 seconds, Stopping threads took: 0.0000221 seconds
[2025-10-02T08:21:52.395+0000][43611.381s][5523][5529][trace] CMS: promo attempt is safe: available(767642064) >= av_promo(5147342), max_promo(53220488)
[2025-10-02T08:21:52.691+0000][43611.677s][5523][5530][info ] Application time: 1.0000994 seconds
[2025-10-02T08:21:52.691+0000][43611.677s][5523][5530][info ] Entering safepoint region: Cleanup
[2025-10-02T08:21:52.691+0000][43611.677s][5523][5530][info ] Leaving safepoint region
[2025-10-02T08:21:52.691+0000][43611.677s][5523][5530][info ] Total time for which application threads were stopped: 0.0001498 seconds, Stopping threads took: 0.0000234 seconds
[2025-10-02T08:21:53.691+0000][43612.677s][5523][5530][info ] Application time: 1.0001094 seconds
[2025-10-02T08:21:53.691+0000][43612.677s][5523][5530][info ] Entering safepoint region: Cleanup
[2025-10-02T08:21:53.691+0000][43612.677s][5523][5530][info ] Leaving safepoint region
[2025-10-02T08:21:53.691+0000][43612.677s][5523][5530][info ] Total time for which application threads were stopped: 0.0001644 seconds, Stopping threads took: 0.0000357 seconds
[2025-10-02T08:21:54.691+0000][43613.678s][5523][5530][info ] Application time: 1.0001043 seconds
[2025-10-02T08:21:54.691+0000][43613.678s][5523][5530][info ] Entering safepoint region: Cleanup
[2025-10-02T08:21:54.692+0000][43613.678s][5523][5530][info ] Leaving safepoint region
[2025-10-02T08:21:54.692+0000][43613.678s][5523][5530][info ] Total time for which application threads were stopped: 0.0001597 seconds, Stopping threads took: 0.0000224 seconds
[2025-10-02T08:21:55.692+0000][43614.678s][5523][5530][info ] Application time: 1.0001281 seconds
[2025-10-02T08:21:55.692+0000][43614.678s][5523][5530][info ] Entering safepoint region: Cleanup
[2025-10-02T08:21:55.692+0000][43614.678s][5523][5530][info ] Leaving safepoint region
[2025-10-02T08:21:55.692+0000][43614.678s][5523][5530][info ] Total time for which application threads were stopped: 0.0001549 seconds, Stopping threads took: 0.0000256 seconds
[2025-10-02T08:21:56.692+0000][43615.678s][5523][5530][info ] Application time: 1.0000806 seconds
[2025-10-02T08:21:56.692+0000][43615.678s][5523][5530][info ] Entering safepoint region: Cleanup
[2025-10-02T08:21:56.692+0000][43615.678s][5523][5530][info ] Leaving safepoint region
[2025-10-02T08:21:56.692+0000][43615.678s][5523][5530][info ] Total time for which application threads were stopped: 0.0001410 seconds, Stopping threads took: 0.0000246 seconds
[2025-10-02T08:21:57.692+0000][43616.679s][5523][5530][info ] Application time: 1.0000948 seconds
[2025-10-02T08:21:57.692+0000][43616.679s][5523][5530][info ] Entering safepoint region: Cleanup
[2025-10-02T08:21:57.693+0000][43616.680s][5523][5530][info ] Leaving safepoint region
[2025-10-02T08:21:57.693+0000][43616.680s][5523][5530][info ] Total time for which application threads were stopped: 0.0011268 seconds, Stopping threads took: 0.0009924 seconds
[2025-10-02T08:21:58.694+0000][43617.680s][5523][5530][info ] Application time: 1.0001171 seconds
[2025-10-02T08:21:58.694+0000][43617.680s][5523][5530][info ] Entering safepoint region: Cleanup
[2025-10-02T08:21:58.694+0000][43617.680s][5523][5530][info ] Leaving safepoint region
[2025-10-02T08:21:58.694+0000][43617.680s][5523][5530][info ] Total time for which application threads were stopped: 0.0001522 seconds, Stopping threads took: 0.0000240 seconds
[2025-10-02T08:21:59.694+0000][43618.680s][5523][5530][info ] Application time: 1.0000831 seconds
[2025-10-02T08:21:59.694+0000][43618.680s][5523][5530][info ] Entering safepoint region: Cleanup
[2025-10-02T08:21:59.694+0000][43618.680s][5523][5530][info ] Leaving safepoint region
[2025-10-02T08:21:59.694+0000][43618.680s][5523][5530][info ] Total time for which application threads were stopped: 0.0001394 seconds, Stopping threads took: 0.0000266 seconds
[2025-10-02T08:22:00.694+0000][43619.680s][5523][5530][info ] Application time: 1.0000953 seconds
[2025-10-02T08:22:00.694+0000][43619.680s][5523][5530][info ] Entering safepoint region: Cleanup
[2025-10-02T08:22:00.694+0000][43619.681s][5523][5530][info ] Leaving safepoint region
[2025-10-02T08:22:00.694+0000][43619.681s][5523][5530][info ] Total time for which application threads were stopped: 0.0001601 seconds, Stopping threads took: 0.0000222 seconds
[2025-10-02T08:22:01.695+0000][43620.681s][5523][5530][info ] Application time: 1.0000970 seconds
[2025-10-02T08:22:01.695+0000][43620.681s][5523][5530][info ] Entering safepoint region: Cleanup
[2025-10-02T08:22:01.695+0000][43620.681s][5523][5530][info ] Leaving safepoint region
[2025-10-02T08:22:01.695+0000][43620.681s][5523][5530][info ] Total time for which application threads were stopped: 0.0001405 seconds, Stopping threads took: 0.0000243 seconds
[2025-10-02T08:22:02.394+0000][43621.380s][5523][5529][trace] CMS: promo attempt is safe: available(767642064) >= av_promo(5147342), max_promo(53339936)
[2025-10-02T08:22:02.695+0000][43621.681s][5523][5530][info ] Application time: 1.0000826 seconds
[2025-10-02T08:22:02.695+0000][43621.681s][5523][5530][info ] Entering safepoint region: Cleanup
[2025-10-02T08:22:02.695+0000][43621.681s][5523][5530][info ] Leaving safepoint region
[2025-10-02T08:22:02.695+0000][43621.681s][5523][5530][info ] Total time for which application threads were stopped: 0.0001413 seconds, Stopping threads took: 0.0000233 seconds
[2025-10-02T08:22:03.695+0000][43622.681s][5523][5530][info ] Application time: 1.0001630 seconds
[2025-10-02T08:22:03.695+0000][43622.681s][5523][5530][info ] Entering safepoint region: Cleanup
[2025-10-02T08:22:03.695+0000][43622.682s][5523][5530][info ] Leaving safepoint region
[2025-10-02T08:22:03.695+0000][43622.682s][5523][5530][info ] Total time for which application threads were stopped: 0.0001346 seconds, Stopping threads took: 0.0000233 seconds
[2025-10-02T08:22:04.695+0000][43623.682s][5523][5530][info ] Application time: 1.0000839 seconds
[2025-10-02T08:22:04.695+0000][43623.682s][5523][5530][info ] Entering safepoint region: Cleanup
[2025-10-02T08:22:04.696+0000][43623.682s][5523][5530][info ] Leaving safepoint region
[2025-10-02T08:22:04.696+0000][43623.682s][5523][5530][info ] Total time for which application threads were stopped: 0.0001604 seconds, Stopping threads took: 0.0000489 seconds
[2025-10-02T08:22:05.696+0000][43624.682s][5523][5530][info ] Application time: 1.0000818 seconds
[2025-10-02T08:22:05.696+0000][43624.682s][5523][5530][info ] Entering safepoint region: Cleanup
[2025-10-02T08:22:05.696+0000][43624.682s][5523][5530][info ] Leaving safepoint region
[2025-10-02T08:22:05.696+0000][43624.682s][5523][5530][info ] Total time for which application threads were stopped: 0.0001454 seconds, Stopping threads took: 0.0000246 seconds
[2025-10-02T08:22:06.696+0000][43625.682s][5523][5530][info ] Application time: 1.0000998 seconds
[2025-10-02T08:22:06.696+0000][43625.682s][5523][5530][info ] Entering safepoint region: Cleanup
[2025-10-02T08:22:06.696+0000][43625.682s][5523][5530][info ] Leaving safepoint region
[2025-10-02T08:22:06.696+0000][43625.682s][5523][5530][info ] Total time for which application threads were stopped: 0.0001747 seconds, Stopping threads took: 0.0000237 seconds
[2025-10-02T08:22:07.696+0000][43626.683s][5523][5530][info ] Application time: 1.0000823 seconds
[2025-10-02T08:22:07.696+0000][43626.683s][5523][5530][info ] Entering safepoint region: Cleanup
[2025-10-02T08:22:07.697+0000][43626.683s][5523][5530][info ] Leaving safepoint region
[2025-10-02T08:22:07.697+0000][43626.683s][5523][5530][info ] Total time for which application threads were stopped: 0.0001630 seconds, Stopping threads took: 0.0000224 seconds
[2025-10-02T08:22:08.697+0000][43627.683s][5523][5530][info ] Application time: 1.0001002 seconds
[2025-10-02T08:22:08.697+0000][43627.683s][5523][5530][info ] Entering safepoint region: Cleanup
[2025-10-02T08:22:08.697+0000][43627.683s][5523][5530][info ] Leaving safepoint region
[2025-10-02T08:22:08.697+0000][43627.683s][5523][5530][info ] Total time for which application threads were stopped: 0.0001387 seconds, Stopping threads took: 0.0000231 seconds
[2025-10-02T08:22:09.697+0000][43628.683s][5523][5530][info ] Application time: 1.0000784 seconds
[2025-10-02T08:22:09.697+0000][43628.683s][5523][5530][info ] Entering safepoint region: Cleanup
[2025-10-02T08:22:09.697+0000][43628.683s][5523][5530][info ] Leaving safepoint region
[2025-10-02T08:22:09.697+0000][43628.683s][5523][5530][info ] Total time for which application threads were stopped: 0.0001307 seconds, Stopping threads took: 0.0000211 seconds
[2025-10-02T08:22:10.697+0000][43629.683s][5523][5530][info ] Application time: 1.0000913 seconds
[2025-10-02T08:22:10.697+0000][43629.683s][5523][5530][info ] Entering safepoint region: Cleanup
[2025-10-02T08:22:10.697+0000][43629.684s][5523][5530][info ] Leaving safepoint region
[2025-10-02T08:22:10.697+0000][43629.684s][5523][5530][info ] Total time for which application threads were stopped: 0.0001490 seconds, Stopping threads took: 0.0000207 seconds
[2025-10-02T08:22:11.697+0000][43630.684s][5523][5530][info ] Application time: 1.0000796 seconds
[2025-10-02T08:22:11.698+0000][43630.684s][5523][5530][info ] Entering safepoint region: Cleanup
[2025-10-02T08:22:11.698+0000][43630.684s][5523][5530][info ] Leaving safepoint region
[2025-10-02T08:22:11.698+0000][43630.684s][5523][5530][info ] Total time for which application threads were stopped: 0.0001362 seconds, Stopping threads took: 0.0000241 seconds
[2025-10-02T08:22:12.394+0000][43631.380s][5523][5529][trace] CMS: promo attempt is safe: available(767642064) >= av_promo(5147342), max_promo(53677152)
[2025-10-02T08:22:12.698+0000][43631.684s][5523][5530][info ] Application time: 1.0000840 seconds
[2025-10-02T08:22:12.698+0000][43631.684s][5523][5530][info ] Entering safepoint region: Cleanup
[2025-10-02T08:22:12.698+0000][43631.684s][5523][5530][info ] Leaving safepoint region
[2025-10-02T08:22:12.698+0000][43631.684s][5523][5530][info ] Total time for which application threads were stopped: 0.0001421 seconds, Stopping threads took: 0.0000251 seconds
[2025-10-02T08:22:13.698+0000][43632.684s][5523][5530][info ] Application time: 1.0000927 seconds
[2025-10-02T08:22:13.698+0000][43632.684s][5523][5530][info ] Entering safepoint region: Cleanup
[2025-10-02T08:22:13.698+0000][43632.684s][5523][5530][info ] Leaving safepoint region
[2025-10-02T08:22:13.698+0000][43632.684s][5523][5530][info ] Total time for which application threads were stopped: 0.0001419 seconds, Stopping threads took: 0.0000235 seconds
[2025-10-02T08:22:14.698+0000][43633.685s][5523][5530][info ] Application time: 1.0001008 seconds
[2025-10-02T08:22:14.698+0000][43633.685s][5523][5530][info ] Entering safepoint region: Cleanup
[2025-10-02T08:22:14.699+0000][43633.685s][5523][5530][info ] Leaving safepoint region
[2025-10-02T08:22:14.699+0000][43633.685s][5523][5530][info ] Total time for which application threads were stopped: 0.0001588 seconds, Stopping threads took: 0.0000227 seconds
[2025-10-02T08:22:15.699+0000][43634.685s][5523][5530][info ] Application time: 1.0000726 seconds
[2025-10-02T08:22:15.699+0000][43634.685s][5523][5530][info ] Entering safepoint region: Cleanup
[2025-10-02T08:22:15.699+0000][43634.685s][5523][5530][info ] Leaving safepoint region
[2025-10-02T08:22:15.699+0000][43634.685s][5523][5530][info ] Total time for which application threads were stopped: 0.0001343 seconds, Stopping threads took: 0.0000214 seconds
[2025-10-02T08:22:16.699+0000][43635.685s][5523][5530][info ] Application time: 1.0000758 seconds
[2025-10-02T08:22:16.699+0000][43635.685s][5523][5530][info ] Entering safepoint region: Cleanup
[2025-10-02T08:22:16.699+0000][43635.685s][5523][5530][info ] Leaving safepoint region
[2025-10-02T08:22:16.699+0000][43635.685s][5523][5530][info ] Total time for which application threads were stopped: 0.0002098 seconds, Stopping threads took: 0.0000225 seconds
[2025-10-02T08:22:17.699+0000][43636.686s][5523][5530][info ] Application time: 1.0001087 seconds
[2025-10-02T08:22:17.699+0000][43636.686s][5523][5530][info ] Entering safepoint region: Cleanup
[2025-10-02T08:22:17.700+0000][43636.686s][5523][5530][info ] Leaving safepoint region
[2025-10-02T08:22:17.700+0000][43636.686s][5523][5530][info ] Total time for which application threads were stopped: 0.0002877 seconds, Stopping threads took: 0.0000318 seconds
[2025-10-02T08:22:18.700+0000][43637.686s][5523][5530][info ] Application time: 1.0000825 seconds
[2025-10-02T08:22:18.700+0000][43637.686s][5523][5530][info ] Entering safepoint region: Cleanup
[2025-10-02T08:22:18.700+0000][43637.686s][5523][5530][info ] Leaving safepoint region
[2025-10-02T08:22:18.700+0000][43637.686s][5523][5530][info ] Total time for which application threads were stopped: 0.0001358 seconds, Stopping threads took: 0.0000223 seconds
[2025-10-02T08:22:19.700+0000][43638.686s][5523][5530][info ] Application time: 1.0000762 seconds
[2025-10-02T08:22:19.700+0000][43638.686s][5523][5530][info ] Entering safepoint region: Cleanup
[2025-10-02T08:22:19.700+0000][43638.686s][5523][5530][info ] Leaving safepoint region
[2025-10-02T08:22:19.700+0000][43638.686s][5523][5530][info ] Total time for which application threads were stopped: 0.0001743 seconds, Stopping threads took: 0.0000246 seconds
[2025-10-02T08:22:20.700+0000][43639.687s][5523][5530][info ] Application time: 1.0000909 seconds
[2025-10-02T08:22:20.700+0000][43639.687s][5523][5530][info ] Entering safepoint region: Cleanup
[2025-10-02T08:22:20.701+0000][43639.687s][5523][5530][info ] Leaving safepoint region
[2025-10-02T08:22:20.701+0000][43639.687s][5523][5530][info ] Total time for which application threads were stopped: 0.0001661 seconds, Stopping threads took: 0.0000240 seconds
[2025-10-02T08:22:21.701+0000][43640.687s][5523][5530][info ] Application time: 1.0000990 seconds
[2025-10-02T08:22:21.701+0000][43640.687s][5523][5530][info ] Entering safepoint region: Cleanup
[2025-10-02T08:22:21.701+0000][43640.687s][5523][5530][info ] Leaving safepoint region
[2025-10-02T08:22:21.701+0000][43640.687s][5523][5530][info ] Total time for which application threads were stopped: 0.0001363 seconds, Stopping threads took: 0.0000247 seconds
[2025-10-02T08:22:22.393+0000][43641.379s][5523][5529][trace] CMS: promo attempt is safe: available(767642064) >= av_promo(5147342), max_promo(56880936)
[2025-10-02T08:22:22.701+0000][43641.687s][5523][5530][info ] Application time: 1.0000977 seconds
[2025-10-02T08:22:22.701+0000][43641.687s][5523][5530][info ] Entering safepoint region: Cleanup
[2025-10-02T08:22:22.701+0000][43641.687s][5523][5530][info ] Leaving safepoint region
[2025-10-02T08:22:22.701+0000][43641.687s][5523][5530][info ] Total time for which application threads were stopped: 0.0001365 seconds, Stopping threads took: 0.0000243 seconds
[2025-10-02T08:22:23.701+0000][43642.687s][5523][5530][info ] Application time: 1.0000975 seconds
[2025-10-02T08:22:23.701+0000][43642.688s][5523][5530][info ] Entering safepoint region: Cleanup
[2025-10-02T08:22:23.701+0000][43642.688s][5523][5530][info ] Leaving safepoint region
[2025-10-02T08:22:23.701+0000][43642.688s][5523][5530][info ] Total time for which application threads were stopped: 0.0001484 seconds, Stopping threads took: 0.0000248 seconds
[2025-10-02T08:22:24.702+0000][43643.688s][5523][5530][info ] Application time: 1.0001101 seconds
[2025-10-02T08:22:24.702+0000][43643.688s][5523][5530][info ] Entering safepoint region: Cleanup
[2025-10-02T08:22:24.702+0000][43643.688s][5523][5530][info ] Leaving safepoint region
[2025-10-02T08:22:24.702+0000][43643.688s][5523][5530][info ] Total time for which application threads were stopped: 0.0001478 seconds, Stopping threads took: 0.0000317 seconds
[2025-10-02T08:22:25.702+0000][43644.688s][5523][5530][info ] Application time: 1.0000908 seconds
[2025-10-02T08:22:25.702+0000][43644.688s][5523][5530][info ] Entering safepoint region: Cleanup
[2025-10-02T08:22:25.702+0000][43644.688s][5523][5530][info ] Leaving safepoint region
[2025-10-02T08:22:25.702+0000][43644.688s][5523][5530][info ] Total time for which application threads were stopped: 0.0001435 seconds, Stopping threads took: 0.0000252 seconds
[2025-10-02T08:22:26.702+0000][43645.688s][5523][5530][info ] Application time: 1.0001030 seconds
[2025-10-02T08:22:26.702+0000][43645.688s][5523][5530][info ] Entering safepoint region: Cleanup
[2025-10-02T08:22:26.702+0000][43645.689s][5523][5530][info ] Leaving safepoint region
[2025-10-02T08:22:26.702+0000][43645.689s][5523][5530][info ] Total time for which application threads were stopped: 0.0001396 seconds, Stopping threads took: 0.0000230 seconds
[2025-10-02T08:22:27.702+0000][43646.689s][5523][5530][info ] Application time: 1.0001165 seconds
[2025-10-02T08:22:27.703+0000][43646.689s][5523][5530][info ] Entering safepoint region: Cleanup
[2025-10-02T08:22:27.703+0000][43646.689s][5523][5530][info ] Leaving safepoint region
[2025-10-02T08:22:27.703+0000][43646.689s][5523][5530][info ] Total time for which application threads were stopped: 0.0001749 seconds, Stopping threads took: 0.0000358 seconds
[2025-10-02T08:22:28.703+0000][43647.689s][5523][5530][info ] Application time: 1.0000996 seconds
[2025-10-02T08:22:28.703+0000][43647.689s][5523][5530][info ] Entering safepoint region: Cleanup
[2025-10-02T08:22:28.703+0000][43647.689s][5523][5530][info ] Leaving safepoint region
[2025-10-02T08:22:28.703+0000][43647.689s][5523][5530][info ] Total time for which application threads were stopped: 0.0002180 seconds, Stopping threads took: 0.0000251 seconds
[2025-10-02T08:22:29.703+0000][43648.689s][5523][5530][info ] Application time: 1.0000872 seconds
[2025-10-02T08:22:29.703+0000][43648.690s][5523][5530][info ] Entering safepoint region: Cleanup
[2025-10-02T08:22:29.703+0000][43648.690s][5523][5530][info ] Leaving safepoint region
[2025-10-02T08:22:29.703+0000][43648.690s][5523][5530][info ] Total time for which application threads were stopped: 0.0001448 seconds, Stopping threads took: 0.0000231 seconds
[2025-10-02T08:22:30.704+0000][43649.690s][5523][5530][info ] Application time: 1.0001088 seconds
[2025-10-02T08:22:30.704+0000][43649.690s][5523][5530][info ] Entering safepoint region: Cleanup
[2025-10-02T08:22:30.704+0000][43649.690s][5523][5530][info ] Leaving safepoint region
[2025-10-02T08:22:30.704+0000][43649.690s][5523][5530][info ] Total time for which application threads were stopped: 0.0001475 seconds, Stopping threads took: 0.0000304 seconds
[2025-10-02T08:22:31.704+0000][43650.690s][5523][5530][info ] Application time: 1.0000923 seconds
[2025-10-02T08:22:31.704+0000][43650.690s][5523][5530][info ] Entering safepoint region: Cleanup
[2025-10-02T08:22:31.704+0000][43650.690s][5523][5530][info ] Leaving safepoint region
[2025-10-02T08:22:31.704+0000][43650.690s][5523][5530][info ] Total time for which application threads were stopped: 0.0001329 seconds, Stopping threads took: 0.0000227 seconds
[2025-10-02T08:22:32.392+0000][43651.378s][5523][5529][trace] CMS: promo attempt is safe: available(767642064) >= av_promo(5147342), max_promo(58021280)
[2025-10-02T08:22:32.704+0000][43651.690s][5523][5530][info ] Application time: 1.0001011 seconds
[2025-10-02T08:22:32.704+0000][43651.690s][5523][5530][info ] Entering safepoint region: Cleanup
[2025-10-02T08:22:32.704+0000][43651.691s][5523][5530][info ] Leaving safepoint region
[2025-10-02T08:22:32.704+0000][43651.691s][5523][5530][info ] Total time for which application threads were stopped: 0.0001351 seconds, Stopping threads took: 0.0000232 seconds
[2025-10-02T08:22:33.704+0000][43652.691s][5523][5530][info ] Application time: 1.0001022 seconds
[2025-10-02T08:22:33.705+0000][43652.691s][5523][5530][info ] Entering safepoint region: Cleanup
[2025-10-02T08:22:33.705+0000][43652.691s][5523][5530][info ] Leaving safepoint region
[2025-10-02T08:22:33.705+0000][43652.691s][5523][5530][info ] Total time for which application threads were stopped: 0.0001340 seconds, Stopping threads took: 0.0000242 seconds
[2025-10-02T08:22:34.705+0000][43653.691s][5523][5530][info ] Application time: 1.0001119 seconds
[2025-10-02T08:22:34.705+0000][43653.691s][5523][5530][info ] Entering safepoint region: Cleanup
[2025-10-02T08:22:34.705+0000][43653.691s][5523][5530][info ] Leaving safepoint region
[2025-10-02T08:22:34.705+0000][43653.691s][5523][5530][info ] Total time for which application threads were stopped: 0.0001450 seconds, Stopping threads took: 0.0000257 seconds
[2025-10-02T08:22:35.705+0000][43654.691s][5523][5530][info ] Application time: 1.0001015 seconds
[2025-10-02T08:22:35.705+0000][43654.691s][5523][5530][info ] Entering safepoint region: Cleanup
[2025-10-02T08:22:35.705+0000][43654.692s][5523][5530][info ] Leaving safepoint region
[2025-10-02T08:22:35.705+0000][43654.692s][5523][5530][info ] Total time for which application threads were stopped: 0.0001452 seconds, Stopping threads took: 0.0000248 seconds
[2025-10-02T08:22:36.705+0000][43655.692s][5523][5530][info ] Application time: 1.0001001 seconds
[2025-10-02T08:22:36.705+0000][43655.692s][5523][5530][info ] Entering safepoint region: Cleanup
[2025-10-02T08:22:36.706+0000][43655.692s][5523][5530][info ] Leaving safepoint region
[2025-10-02T08:22:36.706+0000][43655.692s][5523][5530][info ] Total time for which application threads were stopped: 0.0001594 seconds, Stopping threads took: 0.0000234 seconds
[2025-10-02T08:22:37.706+0000][43656.692s][5523][5530][info ] Application time: 1.0001148 seconds
[2025-10-02T08:22:37.706+0000][43656.692s][5523][5530][info ] Entering safepoint region: Cleanup
[2025-10-02T08:22:37.707+0000][43656.693s][5523][5530][info ] Leaving safepoint region
[2025-10-02T08:22:37.707+0000][43656.693s][5523][5530][info ] Total time for which application threads were stopped: 0.0014296 seconds, Stopping threads took: 0.0012636 seconds
[2025-10-02T08:22:38.707+0000][43657.694s][5523][5530][info ] Application time: 1.0001094 seconds
[2025-10-02T08:22:38.707+0000][43657.694s][5523][5530][info ] Entering safepoint region: Cleanup
[2025-10-02T08:22:38.708+0000][43657.694s][5523][5530][info ] Leaving safepoint region
[2025-10-02T08:22:38.708+0000][43657.694s][5523][5530][info ] Total time for which application threads were stopped: 0.0001634 seconds, Stopping threads took: 0.0000228 seconds
[2025-10-02T08:22:39.708+0000][43658.694s][5523][5530][info ] Application time: 1.0000993 seconds
[2025-10-02T08:22:39.708+0000][43658.694s][5523][5530][info ] Entering safepoint region: Cleanup
[2025-10-02T08:22:39.708+0000][43658.694s][5523][5530][info ] Leaving safepoint region
[2025-10-02T08:22:39.708+0000][43658.694s][5523][5530][info ] Total time for which application threads were stopped: 0.0001370 seconds, Stopping threads took: 0.0000237 seconds
[2025-10-02T08:22:40.708+0000][43659.694s][5523][5530][info ] Application time: 1.0001027 seconds
[2025-10-02T08:22:40.708+0000][43659.694s][5523][5530][info ] Entering safepoint region: Cleanup
[2025-10-02T08:22:40.708+0000][43659.694s][5523][5530][info ] Leaving safepoint region
[2025-10-02T08:22:40.708+0000][43659.694s][5523][5530][info ] Total time for which application threads were stopped: 0.0001375 seconds, Stopping threads took: 0.0000246 seconds
[2025-10-02T08:22:41.708+0000][43660.695s][5523][5530][info ] Application time: 1.0001000 seconds
[2025-10-02T08:22:41.708+0000][43660.695s][5523][5530][info ] Entering safepoint region: Cleanup
[2025-10-02T08:22:41.708+0000][43660.695s][5523][5530][info ] Leaving safepoint region
[2025-10-02T08:22:41.708+0000][43660.695s][5523][5530][info ] Total time for which application threads were stopped: 0.0001482 seconds, Stopping threads took: 0.0000242 seconds
[2025-10-02T08:22:42.392+0000][43661.378s][5523][5529][trace] CMS: promo attempt is safe: available(767642064) >= av_promo(5147342), max_promo(58266760)
[2025-10-02T08:22:42.709+0000][43661.695s][5523][5530][info ] Application time: 1.0000918 seconds
[2025-10-02T08:22:42.709+0000][43661.695s][5523][5530][info ] Entering safepoint region: Cleanup
[2025-10-02T08:22:42.709+0000][43661.695s][5523][5530][info ] Leaving safepoint region
[2025-10-02T08:22:42.709+0000][43661.695s][5523][5530][info ] Total time for which application threads were stopped: 0.0001346 seconds, Stopping threads took: 0.0000217 seconds
[2025-10-02T08:22:43.709+0000][43662.695s][5523][5530][info ] Application time: 1.0000864 seconds
[2025-10-02T08:22:43.709+0000][43662.695s][5523][5530][info ] Entering safepoint region: Cleanup
[2025-10-02T08:22:43.709+0000][43662.695s][5523][5530][info ] Leaving safepoint region
[2025-10-02T08:22:43.709+0000][43662.695s][5523][5530][info ] Total time for which application threads were stopped: 0.0001351 seconds, Stopping threads took: 0.0000246 seconds
[2025-10-02T08:22:44.709+0000][43663.695s][5523][5530][info ] Application time: 1.0001104 seconds
[2025-10-02T08:22:44.709+0000][43663.695s][5523][5530][info ] Entering safepoint region: Cleanup
[2025-10-02T08:22:44.709+0000][43663.696s][5523][5530][info ] Leaving safepoint region
[2025-10-02T08:22:44.709+0000][43663.696s][5523][5530][info ] Total time for which application threads were stopped: 0.0001379 seconds, Stopping threads took: 0.0000228 seconds
[2025-10-02T08:22:45.709+0000][43664.696s][5523][5530][info ] Application time: 1.0001101 seconds
[2025-10-02T08:22:45.710+0000][43664.696s][5523][5530][info ] Entering safepoint region: Cleanup
[2025-10-02T08:22:45.710+0000][43664.696s][5523][5530][info ] Leaving safepoint region
[2025-10-02T08:22:45.710+0000][43664.696s][5523][5530][info ] Total time for which application threads were stopped: 0.0001432 seconds, Stopping threads took: 0.0000248 seconds
[2025-10-02T08:22:46.710+0000][43665.696s][5523][5530][info ] Application time: 1.0000963 seconds
[2025-10-02T08:22:46.710+0000][43665.696s][5523][5530][info ] Entering safepoint region: Cleanup
[2025-10-02T08:22:46.710+0000][43665.696s][5523][5530][info ] Leaving safepoint region
[2025-10-02T08:22:46.710+0000][43665.696s][5523][5530][info ] Total time for which application threads were stopped: 0.0001393 seconds, Stopping threads took: 0.0000271 seconds
[2025-10-02T08:22:47.710+0000][43666.696s][5523][5530][info ] Application time: 1.0000844 seconds
[2025-10-02T08:22:47.710+0000][43666.696s][5523][5530][info ] Entering safepoint region: Cleanup
[2025-10-02T08:22:47.711+0000][43666.698s][5523][5530][info ] Leaving safepoint region
[2025-10-02T08:22:47.711+0000][43666.698s][5523][5530][info ] Total time for which application threads were stopped: 0.0013339 seconds, Stopping threads took: 0.0011876 seconds
[2025-10-02T08:22:48.712+0000][43667.698s][5523][5530][info ] Application time: 1.0001050 seconds
[2025-10-02T08:22:48.712+0000][43667.698s][5523][5530][info ] Entering safepoint region: Cleanup
[2025-10-02T08:22:48.712+0000][43667.698s][5523][5530][info ] Leaving safepoint region
[2025-10-02T08:22:48.712+0000][43667.698s][5523][5530][info ] Total time for which application threads were stopped: 0.0001385 seconds, Stopping threads took: 0.0000230 seconds
[2025-10-02T08:22:49.712+0000][43668.698s][5523][5530][info ] Application time: 1.0000792 seconds
[2025-10-02T08:22:49.712+0000][43668.698s][5523][5530][info ] Entering safepoint region: Cleanup
[2025-10-02T08:22:49.712+0000][43668.698s][5523][5530][info ] Leaving safepoint region
[2025-10-02T08:22:49.712+0000][43668.698s][5523][5530][info ] Total time for which application threads were stopped: 0.0001316 seconds, Stopping threads took: 0.0000215 seconds
[2025-10-02T08:22:50.712+0000][43669.698s][5523][5530][info ] Application time: 1.0000941 seconds
[2025-10-02T08:22:50.712+0000][43669.698s][5523][5530][info ] Entering safepoint region: Cleanup
[2025-10-02T08:22:50.712+0000][43669.699s][5523][5530][info ] Leaving safepoint region
[2025-10-02T08:22:50.712+0000][43669.699s][5523][5530][info ] Total time for which application threads were stopped: 0.0001393 seconds, Stopping threads took: 0.0000222 seconds
[2025-10-02T08:22:51.712+0000][43670.699s][5523][5530][info ] Application time: 1.0001071 seconds
[2025-10-02T08:22:51.713+0000][43670.699s][5523][5530][info ] Entering safepoint region: Cleanup
[2025-10-02T08:22:51.713+0000][43670.699s][5523][5530][info ] Leaving safepoint region
[2025-10-02T08:22:51.713+0000][43670.699s][5523][5530][info ] Total time for which application threads were stopped: 0.0001495 seconds, Stopping threads took: 0.0000357 seconds
[2025-10-02T08:22:52.391+0000][43671.377s][5523][5529][trace] CMS: promo attempt is safe: available(767642064) >= av_promo(5147342), max_promo(58505416)
[2025-10-02T08:22:52.713+0000][43671.699s][5523][5530][info ] Application time: 1.0001089 seconds
[2025-10-02T08:22:52.713+0000][43671.699s][5523][5530][info ] Entering safepoint region: Cleanup
[2025-10-02T08:22:52.713+0000][43671.699s][5523][5530][info ] Leaving safepoint region
[2025-10-02T08:22:52.713+0000][43671.699s][5523][5530][info ] Total time for which application threads were stopped: 0.0001507 seconds, Stopping threads took: 0.0000284 seconds
[2025-10-02T08:22:53.713+0000][43672.699s][5523][5530][info ] Application time: 1.0000781 seconds
[2025-10-02T08:22:53.713+0000][43672.699s][5523][5530][info ] Entering safepoint region: Cleanup
[2025-10-02T08:22:53.713+0000][43672.699s][5523][5530][info ] Leaving safepoint region
[2025-10-02T08:22:53.713+0000][43672.699s][5523][5530][info ] Total time for which application threads were stopped: 0.0001318 seconds, Stopping threads took: 0.0000218 seconds
[2025-10-02T08:22:54.713+0000][43673.700s][5523][5530][info ] Application time: 1.0000802 seconds
[2025-10-02T08:22:54.713+0000][43673.700s][5523][5530][info ] Entering safepoint region: Cleanup
[2025-10-02T08:22:54.713+0000][43673.700s][5523][5530][info ] Leaving safepoint region
[2025-10-02T08:22:54.713+0000][43673.700s][5523][5530][info ] Total time for which application threads were stopped: 0.0001380 seconds, Stopping threads took: 0.0000217 seconds
[2025-10-02T08:22:55.714+0000][43674.700s][5523][5530][info ] Application time: 1.0000950 seconds
[2025-10-02T08:22:55.714+0000][43674.700s][5523][5530][info ] Entering safepoint region: Cleanup
[2025-10-02T08:22:55.714+0000][43674.700s][5523][5530][info ] Leaving safepoint region
[2025-10-02T08:22:55.714+0000][43674.700s][5523][5530][info ] Total time for which application threads were stopped: 0.0001392 seconds, Stopping threads took: 0.0000230 seconds
[2025-10-02T08:22:56.714+0000][43675.700s][5523][5530][info ] Application time: 1.0001044 seconds
[2025-10-02T08:22:56.714+0000][43675.700s][5523][5530][info ] Entering safepoint region: Cleanup
[2025-10-02T08:22:56.714+0000][43675.700s][5523][5530][info ] Leaving safepoint region
[2025-10-02T08:22:56.714+0000][43675.700s][5523][5530][info ] Total time for which application threads were stopped: 0.0001370 seconds, Stopping threads took: 0.0000234 seconds
[2025-10-02T08:22:57.714+0000][43676.700s][5523][5530][info ] Application time: 1.0000854 seconds
[2025-10-02T08:22:57.714+0000][43676.700s][5523][5530][info ] Entering safepoint region: Cleanup
[2025-10-02T08:22:57.714+0000][43676.701s][5523][5530][info ] Leaving safepoint region
[2025-10-02T08:22:57.714+0000][43676.701s][5523][5530][info ] Total time for which application threads were stopped: 0.0001615 seconds, Stopping threads took: 0.0000311 seconds
[2025-10-02T08:22:58.715+0000][43677.701s][5523][5530][info ] Application time: 1.0000976 seconds
[2025-10-02T08:22:58.715+0000][43677.701s][5523][5530][info ] Entering safepoint region: Cleanup
[2025-10-02T08:22:58.715+0000][43677.701s][5523][5530][info ] Leaving safepoint region
[2025-10-02T08:22:58.715+0000][43677.701s][5523][5530][info ] Total time for which application threads were stopped: 0.0001524 seconds, Stopping threads took: 0.0000418 seconds
[2025-10-02T08:22:59.715+0000][43678.701s][5523][5530][info ] Application time: 1.0001097 seconds
[2025-10-02T08:22:59.715+0000][43678.701s][5523][5530][info ] Entering safepoint region: Cleanup
[2025-10-02T08:22:59.715+0000][43678.701s][5523][5530][info ] Leaving safepoint region
[2025-10-02T08:22:59.715+0000][43678.701s][5523][5530][info ] Total time for which application threads were stopped: 0.0002082 seconds, Stopping threads took: 0.0000217 seconds
[2025-10-02T08:23:00.715+0000][43679.701s][5523][5530][info ] Application time: 1.0001114 seconds
[2025-10-02T08:23:00.715+0000][43679.702s][5523][5530][info ] Entering safepoint region: Cleanup
[2025-10-02T08:23:00.715+0000][43679.702s][5523][5530][info ] Leaving safepoint region
[2025-10-02T08:23:00.715+0000][43679.702s][5523][5530][info ] Total time for which application threads were stopped: 0.0001399 seconds, Stopping threads took: 0.0000244 seconds
[2025-10-02T08:23:01.716+0000][43680.702s][5523][5530][info ] Application time: 1.0001226 seconds
[2025-10-02T08:23:01.716+0000][43680.702s][5523][5530][info ] Entering safepoint region: Cleanup
[2025-10-02T08:23:01.716+0000][43680.702s][5523][5530][info ] Leaving safepoint region
[2025-10-02T08:23:01.716+0000][43680.702s][5523][5530][info ] Total time for which application threads were stopped: 0.0006379 seconds, Stopping threads took: 0.0000296 seconds
[2025-10-02T08:23:02.390+0000][43681.377s][5523][5529][trace] CMS: promo attempt is safe: available(767642064) >= av_promo(5147342), max_promo(60305584)
[2025-10-02T08:23:02.716+0000][43681.703s][5523][5530][info ] Application time: 1.0001140 seconds
[2025-10-02T08:23:02.716+0000][43681.703s][5523][5530][info ] Entering safepoint region: Cleanup
[2025-10-02T08:23:02.717+0000][43681.703s][5523][5530][info ] Leaving safepoint region
[2025-10-02T08:23:02.717+0000][43681.703s][5523][5530][info ] Total time for which application threads were stopped: 0.0001621 seconds, Stopping threads took: 0.0000227 seconds
[2025-10-02T08:23:03.717+0000][43682.703s][5523][5530][info ] Application time: 1.0000959 seconds
[2025-10-02T08:23:03.717+0000][43682.703s][5523][5530][info ] Entering safepoint region: Cleanup
[2025-10-02T08:23:03.717+0000][43682.703s][5523][5530][info ] Leaving safepoint region
[2025-10-02T08:23:03.717+0000][43682.703s][5523][5530][info ] Total time for which application threads were stopped: 0.0001352 seconds, Stopping threads took: 0.0000244 seconds
[2025-10-02T08:23:04.717+0000][43683.703s][5523][5530][info ] Application time: 1.0001022 seconds
[2025-10-02T08:23:04.717+0000][43683.703s][5523][5530][info ] Entering safepoint region: Cleanup
[2025-10-02T08:23:04.717+0000][43683.703s][5523][5530][info ] Leaving safepoint region
[2025-10-02T08:23:04.717+0000][43683.703s][5523][5530][info ] Total time for which application threads were stopped: 0.0001389 seconds, Stopping threads took: 0.0000242 seconds
[2025-10-02T08:23:05.717+0000][43684.703s][5523][5530][info ] Application time: 1.0000832 seconds
[2025-10-02T08:23:05.717+0000][43684.704s][5523][5530][info ] Entering safepoint region: Cleanup
[2025-10-02T08:23:05.717+0000][43684.704s][5523][5530][info ] Leaving safepoint region
[2025-10-02T08:23:05.717+0000][43684.704s][5523][5530][info ] Total time for which application threads were stopped: 0.0001417 seconds, Stopping threads took: 0.0000221 seconds
[2025-10-02T08:23:06.718+0000][43685.704s][5523][5530][info ] Application time: 1.0001058 seconds
[2025-10-02T08:23:06.718+0000][43685.704s][5523][5530][info ] Entering safepoint region: Cleanup
[2025-10-02T08:23:06.718+0000][43685.704s][5523][5530][info ] Leaving safepoint region
[2025-10-02T08:23:06.718+0000][43685.704s][5523][5530][info ] Total time for which application threads were stopped: 0.0001397 seconds, Stopping threads took: 0.0000244 seconds
[2025-10-02T08:23:07.718+0000][43686.704s][5523][5530][info ] Application time: 1.0000864 seconds
[2025-10-02T08:23:07.718+0000][43686.704s][5523][5530][info ] Entering safepoint region: Cleanup
[2025-10-02T08:23:07.718+0000][43686.704s][5523][5530][info ] Leaving safepoint region
[2025-10-02T08:23:07.718+0000][43686.704s][5523][5530][info ] Total time for which application threads were stopped: 0.0001363 seconds, Stopping threads took: 0.0000237 seconds
[2025-10-02T08:23:08.718+0000][43687.704s][5523][5530][info ] Application time: 1.0001045 seconds
[2025-10-02T08:23:08.718+0000][43687.704s][5523][5530][info ] Entering safepoint region: Cleanup
[2025-10-02T08:23:08.718+0000][43687.705s][5523][5530][info ] Leaving safepoint region
[2025-10-02T08:23:08.718+0000][43687.705s][5523][5530][info ] Total time for which application threads were stopped: 0.0001420 seconds, Stopping threads took: 0.0000233 seconds
[2025-10-02T08:23:09.718+0000][43688.705s][5523][5530][info ] Application time: 1.0001206 seconds
[2025-10-02T08:23:09.719+0000][43688.705s][5523][5530][info ] Entering safepoint region: Cleanup
[2025-10-02T08:23:09.719+0000][43688.705s][5523][5530][info ] Leaving safepoint region
[2025-10-02T08:23:09.719+0000][43688.705s][5523][5530][info ] Total time for which application threads were stopped: 0.0001586 seconds, Stopping threads took: 0.0000249 seconds
[2025-10-02T08:23:10.719+0000][43689.705s][5523][5530][info ] Application time: 1.0001070 seconds
[2025-10-02T08:23:10.719+0000][43689.705s][5523][5530][info ] Entering safepoint region: Cleanup
[2025-10-02T08:23:10.719+0000][43689.705s][5523][5530][info ] Leaving safepoint region
[2025-10-02T08:23:10.719+0000][43689.705s][5523][5530][info ] Total time for which application threads were stopped: 0.0003546 seconds, Stopping threads took: 0.0000240 seconds
[2025-10-02T08:23:11.719+0000][43690.706s][5523][5530][info ] Application time: 1.0001025 seconds
[2025-10-02T08:23:11.719+0000][43690.706s][5523][5530][info ] Entering safepoint region: Cleanup
[2025-10-02T08:23:11.720+0000][43690.706s][5523][5530][info ] Leaving safepoint region
[2025-10-02T08:23:11.720+0000][43690.706s][5523][5530][info ] Total time for which application threads were stopped: 0.0001689 seconds, Stopping threads took: 0.0000241 seconds
[2025-10-02T08:23:12.390+0000][43691.376s][5523][5529][trace] CMS: promo attempt is safe: available(767642064) >= av_promo(5147342), max_promo(60645344)
[2025-10-02T08:23:12.720+0000][43691.706s][5523][5530][info ] Application time: 1.0000943 seconds
[2025-10-02T08:23:12.720+0000][43691.706s][5523][5530][info ] Entering safepoint region: Cleanup
[2025-10-02T08:23:12.720+0000][43691.706s][5523][5530][info ] Leaving safepoint region
[2025-10-02T08:23:12.720+0000][43691.706s][5523][5530][info ] Total time for which application threads were stopped: 0.0001355 seconds, Stopping threads took: 0.0000230 seconds
[2025-10-02T08:23:13.720+0000][43692.706s][5523][5530][info ] Application time: 1.0000919 seconds
[2025-10-02T08:23:13.720+0000][43692.706s][5523][5530][info ] Entering safepoint region: Cleanup
[2025-10-02T08:23:13.720+0000][43692.706s][5523][5530][info ] Leaving safepoint region
[2025-10-02T08:23:13.720+0000][43692.706s][5523][5530][info ] Total time for which application threads were stopped: 0.0001439 seconds, Stopping threads took: 0.0000253 seconds
[2025-10-02T08:23:14.720+0000][43693.706s][5523][5530][info ] Application time: 1.0001088 seconds
[2025-10-02T08:23:14.720+0000][43693.707s][5523][5530][info ] Entering safepoint region: Cleanup
[2025-10-02T08:23:14.720+0000][43693.707s][5523][5530][info ] Leaving safepoint region
[2025-10-02T08:23:14.720+0000][43693.707s][5523][5530][info ] Total time for which application threads were stopped: 0.0001360 seconds, Stopping threads took: 0.0000232 seconds
[2025-10-02T08:23:15.721+0000][43694.707s][5523][5530][info ] Application time: 1.0001107 seconds
[2025-10-02T08:23:15.721+0000][43694.707s][5523][5530][info ] Entering safepoint region: Cleanup
[2025-10-02T08:23:15.721+0000][43694.707s][5523][5530][info ] Leaving safepoint region
[2025-10-02T08:23:15.721+0000][43694.707s][5523][5530][info ] Total time for which application threads were stopped: 0.0001567 seconds, Stopping threads took: 0.0000257 seconds
[2025-10-02T08:23:16.721+0000][43695.707s][5523][5530][info ] Application time: 1.0001023 seconds
[2025-10-02T08:23:16.721+0000][43695.707s][5523][5530][info ] Entering safepoint region: Cleanup
[2025-10-02T08:23:16.721+0000][43695.707s][5523][5530][info ] Leaving safepoint region
[2025-10-02T08:23:16.721+0000][43695.707s][5523][5530][info ] Total time for which application threads were stopped: 0.0001652 seconds, Stopping threads took: 0.0000241 seconds
[2025-10-02T08:23:17.721+0000][43696.707s][5523][5530][info ] Application time: 1.0001003 seconds
[2025-10-02T08:23:17.721+0000][43696.707s][5523][5530][info ] Entering safepoint region: Cleanup
[2025-10-02T08:23:17.721+0000][43696.708s][5523][5530][info ] Leaving safepoint region
[2025-10-02T08:23:17.721+0000][43696.708s][5523][5530][info ] Total time for which application threads were stopped: 0.0001366 seconds, Stopping threads took: 0.0000247 seconds
[2025-10-02T08:23:18.722+0000][43697.708s][5523][5530][info ] Application time: 1.0001307 seconds
[2025-10-02T08:23:18.722+0000][43697.708s][5523][5530][info ] Entering safepoint region: Cleanup
[2025-10-02T08:23:18.722+0000][43697.708s][5523][5530][info ] Leaving safepoint region
[2025-10-02T08:23:18.722+0000][43697.708s][5523][5530][info ] Total time for which application threads were stopped: 0.0002264 seconds, Stopping threads took: 0.0000232 seconds
[2025-10-02T08:23:19.722+0000][43698.708s][5523][5530][info ] Application time: 1.0001031 seconds
[2025-10-02T08:23:19.722+0000][43698.708s][5523][5530][info ] Entering safepoint region: Cleanup
[2025-10-02T08:23:19.722+0000][43698.708s][5523][5530][info ] Leaving safepoint region
[2025-10-02T08:23:19.722+0000][43698.708s][5523][5530][info ] Total time for which application threads were stopped: 0.0001363 seconds, Stopping threads took: 0.0000245 seconds
[2025-10-02T08:23:20.722+0000][43699.708s][5523][5530][info ] Application time: 1.0001009 seconds
[2025-10-02T08:23:20.722+0000][43699.708s][5523][5530][info ] Entering safepoint region: Cleanup
[2025-10-02T08:23:20.722+0000][43699.709s][5523][5530][info ] Leaving safepoint region
[2025-10-02T08:23:20.722+0000][43699.709s][5523][5530][info ] Total time for which application threads were stopped: 0.0001462 seconds, Stopping threads took: 0.0000216 seconds
[2025-10-02T08:23:21.722+0000][43700.709s][5523][5530][info ] Application time: 1.0000867 seconds
[2025-10-02T08:23:21.723+0000][43700.709s][5523][5530][info ] Entering safepoint region: Cleanup
[2025-10-02T08:23:21.723+0000][43700.709s][5523][5530][info ] Leaving safepoint region
[2025-10-02T08:23:21.723+0000][43700.709s][5523][5530][info ] Total time for which application threads were stopped: 0.0001361 seconds, Stopping threads took: 0.0000234 seconds
[2025-10-02T08:23:22.389+0000][43701.375s][5523][5529][trace] CMS: promo attempt is safe: available(767642064) >= av_promo(5147342), max_promo(60982280)
[2025-10-02T08:23:22.723+0000][43701.709s][5523][5530][info ] Application time: 1.0001000 seconds
[2025-10-02T08:23:22.723+0000][43701.709s][5523][5530][info ] Entering safepoint region: Cleanup
[2025-10-02T08:23:22.723+0000][43701.709s][5523][5530][info ] Leaving safepoint region
[2025-10-02T08:23:22.723+0000][43701.709s][5523][5530][info ] Total time for which application threads were stopped: 0.0001439 seconds, Stopping threads took: 0.0000251 seconds
[2025-10-02T08:23:23.723+0000][43702.709s][5523][5530][info ] Application time: 1.0001504 seconds
[2025-10-02T08:23:23.723+0000][43702.709s][5523][5530][info ] Entering safepoint region: Cleanup
[2025-10-02T08:23:23.723+0000][43702.710s][5523][5530][info ] Leaving safepoint region
[2025-10-02T08:23:23.723+0000][43702.710s][5523][5530][info ] Total time for which application threads were stopped: 0.0002020 seconds, Stopping threads took: 0.0000238 seconds
[2025-10-02T08:23:24.724+0000][43703.710s][5523][5530][info ] Application time: 1.0000955 seconds
[2025-10-02T08:23:24.724+0000][43703.710s][5523][5530][info ] Entering safepoint region: Cleanup
[2025-10-02T08:23:24.724+0000][43703.710s][5523][5530][info ] Leaving safepoint region
[2025-10-02T08:23:24.724+0000][43703.710s][5523][5530][info ] Total time for which application threads were stopped: 0.0001453 seconds, Stopping threads took: 0.0000251 seconds
[2025-10-02T08:23:25.724+0000][43704.710s][5523][5530][info ] Application time: 1.0000844 seconds
[2025-10-02T08:23:25.724+0000][43704.710s][5523][5530][info ] Entering safepoint region: Cleanup
[2025-10-02T08:23:25.724+0000][43704.710s][5523][5530][info ] Leaving safepoint region
[2025-10-02T08:23:25.724+0000][43704.710s][5523][5530][info ] Total time for which application threads were stopped: 0.0001374 seconds, Stopping threads took: 0.0000223 seconds
[2025-10-02T08:23:26.724+0000][43705.710s][5523][5530][info ] Application time: 1.0000980 seconds
[2025-10-02T08:23:26.724+0000][43705.710s][5523][5530][info ] Entering safepoint region: Cleanup
[2025-10-02T08:23:26.724+0000][43705.711s][5523][5530][info ] Leaving safepoint region
[2025-10-02T08:23:26.724+0000][43705.711s][5523][5530][info ] Total time for which application threads were stopped: 0.0001531 seconds, Stopping threads took: 0.0000251 seconds
[2025-10-02T08:23:27.724+0000][43706.711s][5523][5530][info ] Application time: 1.0001101 seconds
[2025-10-02T08:23:27.725+0000][43706.711s][5523][5530][info ] Entering safepoint region: Cleanup
[2025-10-02T08:23:27.725+0000][43706.711s][5523][5530][info ] Leaving safepoint region
[2025-10-02T08:23:27.725+0000][43706.711s][5523][5530][info ] Total time for which application threads were stopped: 0.0001556 seconds, Stopping threads took: 0.0000347 seconds
[2025-10-02T08:23:28.725+0000][43707.711s][5523][5530][info ] Application time: 1.0001122 seconds
[2025-10-02T08:23:28.725+0000][43707.711s][5523][5530][info ] Entering safepoint region: Cleanup
[2025-10-02T08:23:28.725+0000][43707.711s][5523][5530][info ] Leaving safepoint region
[2025-10-02T08:23:28.725+0000][43707.711s][5523][5530][info ] Total time for which application threads were stopped: 0.0001388 seconds, Stopping threads took: 0.0000228 seconds
[2025-10-02T08:23:29.725+0000][43708.711s][5523][5530][info ] Application time: 1.0001014 seconds
[2025-10-02T08:23:29.725+0000][43708.711s][5523][5530][info ] Entering safepoint region: Cleanup
[2025-10-02T08:23:29.725+0000][43708.712s][5523][5530][info ] Leaving safepoint region
[2025-10-02T08:23:29.725+0000][43708.712s][5523][5530][info ] Total time for which application threads were stopped: 0.0001470 seconds, Stopping threads took: 0.0000229 seconds
[2025-10-02T08:23:30.725+0000][43709.712s][5523][5530][info ] Application time: 1.0001111 seconds
[2025-10-02T08:23:30.725+0000][43709.712s][5523][5530][info ] Entering safepoint region: Cleanup
[2025-10-02T08:23:30.726+0000][43709.712s][5523][5530][info ] Leaving safepoint region
[2025-10-02T08:23:30.726+0000][43709.712s][5523][5530][info ] Total time for which application threads were stopped: 0.0002343 seconds, Stopping threads took: 0.0000237 seconds
[2025-10-02T08:23:31.726+0000][43710.712s][5523][5530][info ] Application time: 1.0000990 seconds
[2025-10-02T08:23:31.726+0000][43710.712s][5523][5530][info ] Entering safepoint region: Cleanup
[2025-10-02T08:23:31.726+0000][43710.712s][5523][5530][info ] Leaving safepoint region
[2025-10-02T08:23:31.726+0000][43710.712s][5523][5530][info ] Total time for which application threads were stopped: 0.0001442 seconds, Stopping threads took: 0.0000248 seconds
[2025-10-02T08:23:32.388+0000][43711.374s][5523][5529][trace] CMS: promo attempt is safe: available(767642064) >= av_promo(5147342), max_promo(93902216)
[2025-10-02T08:23:32.726+0000][43711.712s][5523][5530][info ] Application time: 1.0001129 seconds
[2025-10-02T08:23:32.726+0000][43711.712s][5523][5530][info ] Entering safepoint region: Cleanup
[2025-10-02T08:23:32.726+0000][43711.713s][5523][5530][info ] Leaving safepoint region
[2025-10-02T08:23:32.726+0000][43711.713s][5523][5530][info ] Total time for which application threads were stopped: 0.0001676 seconds, Stopping threads took: 0.0000207 seconds
[2025-10-02T08:23:33.726+0000][43712.713s][5523][5530][info ] Application time: 1.0000973 seconds
[2025-10-02T08:23:33.727+0000][43712.713s][5523][5530][info ] Entering safepoint region: Cleanup
[2025-10-02T08:23:33.727+0000][43712.713s][5523][5530][info ] Leaving safepoint region
[2025-10-02T08:23:33.727+0000][43712.713s][5523][5530][info ] Total time for which application threads were stopped: 0.0001434 seconds, Stopping threads took: 0.0000229 seconds
[2025-10-02T08:23:34.727+0000][43713.713s][5523][5530][info ] Application time: 1.0001077 seconds
[2025-10-02T08:23:34.727+0000][43713.713s][5523][5530][info ] Entering safepoint region: Cleanup
[2025-10-02T08:23:34.727+0000][43713.713s][5523][5530][info ] Leaving safepoint region
[2025-10-02T08:23:34.727+0000][43713.713s][5523][5530][info ] Total time for which application threads were stopped: 0.0001460 seconds, Stopping threads took: 0.0000222 seconds
[2025-10-02T08:23:35.727+0000][43714.713s][5523][5530][info ] Application time: 1.0001539 seconds
[2025-10-02T08:23:35.727+0000][43714.713s][5523][5530][info ] Entering safepoint region: Cleanup
[2025-10-02T08:23:35.727+0000][43714.714s][5523][5530][info ] Leaving safepoint region
[2025-10-02T08:23:35.727+0000][43714.714s][5523][5530][info ] Total time for which application threads were stopped: 0.0001565 seconds, Stopping threads took: 0.0000230 seconds
[2025-10-02T08:23:36.727+0000][43715.714s][5523][5530][info ] Application time: 1.0001017 seconds
[2025-10-02T08:23:36.728+0000][43715.714s][5523][5530][info ] Entering safepoint region: Cleanup
[2025-10-02T08:23:36.728+0000][43715.714s][5523][5530][info ] Leaving safepoint region
[2025-10-02T08:23:36.728+0000][43715.714s][5523][5530][info ] Total time for which application threads were stopped: 0.0001631 seconds, Stopping threads took: 0.0000453 seconds
[2025-10-02T08:23:37.728+0000][43716.714s][5523][5530][info ] Application time: 1.0000969 seconds
[2025-10-02T08:23:37.728+0000][43716.714s][5523][5530][info ] Entering safepoint region: Cleanup
[2025-10-02T08:23:37.728+0000][43716.714s][5523][5530][info ] Leaving safepoint region
[2025-10-02T08:23:37.728+0000][43716.714s][5523][5530][info ] Total time for which application threads were stopped: 0.0001536 seconds, Stopping threads took: 0.0000291 seconds
[2025-10-02T08:23:38.728+0000][43717.714s][5523][5530][info ] Application time: 1.0000773 seconds
[2025-10-02T08:23:38.728+0000][43717.714s][5523][5530][info ] Entering safepoint region: Cleanup
[2025-10-02T08:23:38.728+0000][43717.714s][5523][5530][info ] Leaving safepoint region
[2025-10-02T08:23:38.728+0000][43717.714s][5523][5530][info ] Total time for which application threads were stopped: 0.0001499 seconds, Stopping threads took: 0.0000227 seconds
[2025-10-02T08:23:39.728+0000][43718.715s][5523][5530][info ] Application time: 1.0000907 seconds
[2025-10-02T08:23:39.728+0000][43718.715s][5523][5530][info ] Entering safepoint region: Cleanup
[2025-10-02T08:23:39.729+0000][43718.715s][5523][5530][info ] Leaving safepoint region
[2025-10-02T08:23:39.729+0000][43718.715s][5523][5530][info ] Total time for which application threads were stopped: 0.0001796 seconds, Stopping threads took: 0.0000246 seconds
[2025-10-02T08:23:40.729+0000][43719.715s][5523][5530][info ] Application time: 1.0001034 seconds
[2025-10-02T08:23:40.729+0000][43719.715s][5523][5530][info ] Entering safepoint region: Cleanup
[2025-10-02T08:23:40.729+0000][43719.715s][5523][5530][info ] Leaving safepoint region
[2025-10-02T08:23:40.729+0000][43719.715s][5523][5530][info ] Total time for which application threads were stopped: 0.0001452 seconds, Stopping threads took: 0.0000228 seconds
[2025-10-02T08:23:41.729+0000][43720.715s][5523][5530][info ] Application time: 1.0000747 seconds
[2025-10-02T08:23:41.729+0000][43720.715s][5523][5530][info ] Entering safepoint region: Cleanup
[2025-10-02T08:23:41.729+0000][43720.715s][5523][5530][info ] Leaving safepoint region
[2025-10-02T08:23:41.729+0000][43720.715s][5523][5530][info ] Total time for which application threads were stopped: 0.0001688 seconds, Stopping threads took: 0.0000237 seconds
[2025-10-02T08:23:42.387+0000][43721.374s][5523][5529][trace] CMS: promo attempt is safe: available(767642064) >= av_promo(5147342), max_promo(94150728)
[2025-10-02T08:23:42.729+0000][43721.715s][5523][5530][info ] Application time: 1.0000851 seconds
[2025-10-02T08:23:42.729+0000][43721.716s][5523][5530][info ] Entering safepoint region: Cleanup
[2025-10-02T08:23:42.729+0000][43721.716s][5523][5530][info ] Leaving safepoint region
[2025-10-02T08:23:42.729+0000][43721.716s][5523][5530][info ] Total time for which application threads were stopped: 0.0001425 seconds, Stopping threads took: 0.0000222 seconds
[2025-10-02T08:23:43.730+0000][43722.716s][5523][5530][info ] Application time: 1.0001063 seconds
[2025-10-02T08:23:43.730+0000][43722.716s][5523][5530][info ] Entering safepoint region: Cleanup
[2025-10-02T08:23:43.730+0000][43722.716s][5523][5530][info ] Leaving safepoint region
[2025-10-02T08:23:43.730+0000][43722.716s][5523][5530][info ] Total time for which application threads were stopped: 0.0001495 seconds, Stopping threads took: 0.0000231 seconds
[2025-10-02T08:23:44.730+0000][43723.716s][5523][5530][info ] Application time: 1.0000940 seconds
[2025-10-02T08:23:44.730+0000][43723.716s][5523][5530][info ] Entering safepoint region: Cleanup
[2025-10-02T08:23:44.730+0000][43723.716s][5523][5530][info ] Leaving safepoint region
[2025-10-02T08:23:44.730+0000][43723.716s][5523][5530][info ] Total time for which application threads were stopped: 0.0001673 seconds, Stopping threads took: 0.0000398 seconds
[2025-10-02T08:23:45.730+0000][43724.716s][5523][5530][info ] Application time: 1.0001148 seconds
[2025-10-02T08:23:45.730+0000][43724.716s][5523][5530][info ] Entering safepoint region: Cleanup
[2025-10-02T08:23:45.730+0000][43724.717s][5523][5530][info ] Leaving safepoint region
[2025-10-02T08:23:45.730+0000][43724.717s][5523][5530][info ] Total time for which application threads were stopped: 0.0001411 seconds, Stopping threads took: 0.0000255 seconds
[2025-10-02T08:23:46.731+0000][43725.717s][5523][5530][info ] Application time: 1.0001234 seconds
[2025-10-02T08:23:46.731+0000][43725.717s][5523][5530][info ] Entering safepoint region: Cleanup
[2025-10-02T08:23:46.731+0000][43725.717s][5523][5530][info ] Leaving safepoint region
[2025-10-02T08:23:46.731+0000][43725.717s][5523][5530][info ] Total time for which application threads were stopped: 0.0001428 seconds, Stopping threads took: 0.0000252 seconds
[2025-10-02T08:23:47.731+0000][43726.717s][5523][5530][info ] Application time: 1.0000965 seconds
[2025-10-02T08:23:47.731+0000][43726.717s][5523][5530][info ] Entering safepoint region: Cleanup
[2025-10-02T08:23:47.731+0000][43726.717s][5523][5530][info ] Leaving safepoint region
[2025-10-02T08:23:47.731+0000][43726.717s][5523][5530][info ] Total time for which application threads were stopped: 0.0002687 seconds, Stopping threads took: 0.0000238 seconds
[2025-10-02T08:23:48.731+0000][43727.717s][5523][5530][info ] Application time: 1.0001031 seconds
[2025-10-02T08:23:48.731+0000][43727.718s][5523][5530][info ] Entering safepoint region: Cleanup
[2025-10-02T08:23:48.731+0000][43727.718s][5523][5530][info ] Leaving safepoint region
[2025-10-02T08:23:48.731+0000][43727.718s][5523][5530][info ] Total time for which application threads were stopped: 0.0001460 seconds, Stopping threads took: 0.0000215 seconds
[2025-10-02T08:23:49.732+0000][43728.718s][5523][5530][info ] Application time: 1.0000742 seconds
[2025-10-02T08:23:49.732+0000][43728.718s][5523][5530][info ] Entering safepoint region: Cleanup
[2025-10-02T08:23:49.732+0000][43728.718s][5523][5530][info ] Leaving safepoint region
[2025-10-02T08:23:49.732+0000][43728.718s][5523][5530][info ] Total time for which application threads were stopped: 0.0001439 seconds, Stopping threads took: 0.0000234 seconds
[2025-10-02T08:23:50.732+0000][43729.718s][5523][5530][info ] Application time: 1.0001073 seconds
[2025-10-02T08:23:50.732+0000][43729.718s][5523][5530][info ] Entering safepoint region: Cleanup
[2025-10-02T08:23:50.732+0000][43729.718s][5523][5530][info ] Leaving safepoint region
[2025-10-02T08:23:50.732+0000][43729.718s][5523][5530][info ] Total time for which application threads were stopped: 0.0001415 seconds, Stopping threads took: 0.0000230 seconds
[2025-10-02T08:23:51.732+0000][43730.718s][5523][5530][info ] Application time: 1.0001037 seconds
[2025-10-02T08:23:51.732+0000][43730.718s][5523][5530][info ] Entering safepoint region: Cleanup
[2025-10-02T08:23:51.732+0000][43730.719s][5523][5530][info ] Leaving safepoint region
[2025-10-02T08:23:51.732+0000][43730.719s][5523][5530][info ] Total time for which application threads were stopped: 0.0001380 seconds, Stopping threads took: 0.0000226 seconds
[2025-10-02T08:23:52.386+0000][43731.373s][5523][5529][trace] CMS: promo attempt is safe: available(767642064) >= av_promo(5147342), max_promo(94389560)
[2025-10-02T08:23:52.732+0000][43731.719s][5523][5530][info ] Application time: 1.0001096 seconds
[2025-10-02T08:23:52.733+0000][43731.719s][5523][5530][info ] Entering safepoint region: Cleanup
[2025-10-02T08:23:52.733+0000][43731.719s][5523][5530][info ] Leaving safepoint region
[2025-10-02T08:23:52.733+0000][43731.719s][5523][5530][info ] Total time for which application threads were stopped: 0.0001464 seconds, Stopping threads took: 0.0000276 seconds
[2025-10-02T08:23:53.733+0000][43732.719s][5523][5530][info ] Application time: 1.0000777 seconds
[2025-10-02T08:23:53.733+0000][43732.719s][5523][5530][info ] Entering safepoint region: Cleanup
[2025-10-02T08:23:53.733+0000][43732.719s][5523][5530][info ] Leaving safepoint region
[2025-10-02T08:23:53.733+0000][43732.719s][5523][5530][info ] Total time for which application threads were stopped: 0.0001415 seconds, Stopping threads took: 0.0000243 seconds
[2025-10-02T08:23:54.733+0000][43733.719s][5523][5530][info ] Application time: 1.0000737 seconds
[2025-10-02T08:23:54.733+0000][43733.719s][5523][5530][info ] Entering safepoint region: Cleanup
[2025-10-02T08:23:54.733+0000][43733.719s][5523][5530][info ] Leaving safepoint region
[2025-10-02T08:23:54.733+0000][43733.719s][5523][5530][info ] Total time for which application threads were stopped: 0.0001425 seconds, Stopping threads took: 0.0000245 seconds
[2025-10-02T08:23:55.733+0000][43734.720s][5523][5530][info ] Application time: 1.0000982 seconds
[2025-10-02T08:23:55.733+0000][43734.720s][5523][5530][info ] Entering safepoint region: Cleanup
[2025-10-02T08:23:55.734+0000][43734.720s][5523][5530][info ] Leaving safepoint region
[2025-10-02T08:23:55.734+0000][43734.720s][5523][5530][info ] Total time for which application threads were stopped: 0.0001706 seconds, Stopping threads took: 0.0000235 seconds
[2025-10-02T08:23:56.734+0000][43735.720s][5523][5530][info ] Application time: 1.0000971 seconds
[2025-10-02T08:23:56.734+0000][43735.720s][5523][5530][info ] Entering safepoint region: Cleanup
[2025-10-02T08:23:56.734+0000][43735.720s][5523][5530][info ] Leaving safepoint region
[2025-10-02T08:23:56.734+0000][43735.720s][5523][5530][info ] Total time for which application threads were stopped: 0.0001468 seconds, Stopping threads took: 0.0000245 seconds
[2025-10-02T08:23:57.734+0000][43736.720s][5523][5530][info ] Application time: 1.0000952 seconds
[2025-10-02T08:23:57.734+0000][43736.720s][5523][5530][info ] Entering safepoint region: Cleanup
[2025-10-02T08:23:57.735+0000][43736.722s][5523][5530][info ] Leaving safepoint region
[2025-10-02T08:23:57.735+0000][43736.722s][5523][5530][info ] Total time for which application threads were stopped: 0.0014790 seconds, Stopping threads took: 0.0013207 seconds
[2025-10-02T08:23:58.736+0000][43737.722s][5523][5530][info ] Application time: 1.0001001 seconds
[2025-10-02T08:23:58.736+0000][43737.722s][5523][5530][info ] Entering safepoint region: Cleanup
[2025-10-02T08:23:58.736+0000][43737.722s][5523][5530][info ] Leaving safepoint region
[2025-10-02T08:23:58.736+0000][43737.722s][5523][5530][info ] Total time for which application threads were stopped: 0.0001593 seconds, Stopping threads took: 0.0000257 seconds
[2025-10-02T08:23:59.736+0000][43738.722s][5523][5530][info ] Application time: 1.0001005 seconds
[2025-10-02T08:23:59.736+0000][43738.722s][5523][5530][info ] Entering safepoint region: Cleanup
[2025-10-02T08:23:59.736+0000][43738.722s][5523][5530][info ] Leaving safepoint region
[2025-10-02T08:23:59.736+0000][43738.722s][5523][5530][info ] Total time for which application threads were stopped: 0.0001451 seconds, Stopping threads took: 0.0000251 seconds
[2025-10-02T08:24:00.736+0000][43739.722s][5523][5530][info ] Application time: 1.0000826 seconds
[2025-10-02T08:24:00.736+0000][43739.723s][5523][5530][info ] Entering safepoint region: Cleanup
[2025-10-02T08:24:00.736+0000][43739.723s][5523][5530][info ] Leaving safepoint region
[2025-10-02T08:24:00.736+0000][43739.723s][5523][5530][info ] Total time for which application threads were stopped: 0.0001431 seconds, Stopping threads took: 0.0000237 seconds
[2025-10-02T08:24:01.737+0000][43740.723s][5523][5530][info ] Application time: 1.0001586 seconds
[2025-10-02T08:24:01.737+0000][43740.723s][5523][5530][info ] Entering safepoint region: Cleanup
[2025-10-02T08:24:01.737+0000][43740.723s][5523][5530][info ] Leaving safepoint region
[2025-10-02T08:24:01.737+0000][43740.723s][5523][5530][info ] Total time for which application threads were stopped: 0.0001583 seconds, Stopping threads took: 0.0000259 seconds
[2025-10-02T08:24:02.386+0000][43741.372s][5523][5529][trace] CMS: promo attempt is safe: available(767642064) >= av_promo(5147342), max_promo(94628432)
[2025-10-02T08:24:02.737+0000][43741.723s][5523][5530][info ] Application time: 1.0000826 seconds
[2025-10-02T08:24:02.737+0000][43741.723s][5523][5530][info ] Entering safepoint region: Cleanup
[2025-10-02T08:24:02.737+0000][43741.723s][5523][5530][info ] Leaving safepoint region
[2025-10-02T08:24:02.737+0000][43741.723s][5523][5530][info ] Total time for which application threads were stopped: 0.0001441 seconds, Stopping threads took: 0.0000233 seconds
[2025-10-02T08:24:03.737+0000][43742.723s][5523][5530][info ] Application time: 1.0001024 seconds
[2025-10-02T08:24:03.737+0000][43742.723s][5523][5530][info ] Entering safepoint region: Cleanup
[2025-10-02T08:24:03.737+0000][43742.724s][5523][5530][info ] Leaving safepoint region
[2025-10-02T08:24:03.737+0000][43742.724s][5523][5530][info ] Total time for which application threads were stopped: 0.0001460 seconds, Stopping threads took: 0.0000242 seconds
[2025-10-02T08:24:04.738+0000][43743.724s][5523][5530][info ] Application time: 1.0001567 seconds
[2025-10-02T08:24:04.738+0000][43743.724s][5523][5530][info ] Entering safepoint region: Cleanup
[2025-10-02T08:24:04.738+0000][43743.724s][5523][5530][info ] Leaving safepoint region
[2025-10-02T08:24:04.738+0000][43743.724s][5523][5530][info ] Total time for which application threads were stopped: 0.0001450 seconds, Stopping threads took: 0.0000240 seconds
[2025-10-02T08:24:05.738+0000][43744.724s][5523][5530][info ] Application time: 1.0000881 seconds
[2025-10-02T08:24:05.738+0000][43744.724s][5523][5530][info ] Entering safepoint region: Cleanup
[2025-10-02T08:24:05.738+0000][43744.724s][5523][5530][info ] Leaving safepoint region
[2025-10-02T08:24:05.738+0000][43744.724s][5523][5530][info ] Total time for which application threads were stopped: 0.0001489 seconds, Stopping threads took: 0.0000221 seconds
[2025-10-02T08:24:06.738+0000][43745.724s][5523][5530][info ] Application time: 1.0000560 seconds
[2025-10-02T08:24:06.738+0000][43745.724s][5523][5530][info ] Entering safepoint region: Cleanup
[2025-10-02T08:24:06.738+0000][43745.724s][5523][5530][info ] Leaving safepoint region
[2025-10-02T08:24:06.738+0000][43745.725s][5523][5530][info ] Total time for which application threads were stopped: 0.0001444 seconds, Stopping threads took: 0.0000219 seconds
[2025-10-02T08:24:07.738+0000][43746.725s][5523][5530][info ] Application time: 1.0000820 seconds
[2025-10-02T08:24:07.738+0000][43746.725s][5523][5530][info ] Entering safepoint region: Cleanup
[2025-10-02T08:24:07.739+0000][43746.725s][5523][5530][info ] Leaving safepoint region
[2025-10-02T08:24:07.739+0000][43746.726s][5523][5530][info ] Total time for which application threads were stopped: 0.0010310 seconds, Stopping threads took: 0.0000364 seconds
[2025-10-02T08:24:08.740+0000][43747.726s][5523][5530][info ] Application time: 1.0000793 seconds
[2025-10-02T08:24:08.740+0000][43747.726s][5523][5530][info ] Entering safepoint region: Cleanup
[2025-10-02T08:24:08.740+0000][43747.726s][5523][5530][info ] Leaving safepoint region
[2025-10-02T08:24:08.740+0000][43747.726s][5523][5530][info ] Total time for which application threads were stopped: 0.0001342 seconds, Stopping threads took: 0.0000215 seconds
[2025-10-02T08:24:09.740+0000][43748.726s][5523][5530][info ] Application time: 1.0001042 seconds
[2025-10-02T08:24:09.740+0000][43748.726s][5523][5530][info ] Entering safepoint region: Cleanup
[2025-10-02T08:24:09.740+0000][43748.726s][5523][5530][info ] Leaving safepoint region
[2025-10-02T08:24:09.740+0000][43748.726s][5523][5530][info ] Total time for which application threads were stopped: 0.0001423 seconds, Stopping threads took: 0.0000232 seconds
[2025-10-02T08:24:10.740+0000][43749.726s][5523][5530][info ] Application time: 1.0000833 seconds
[2025-10-02T08:24:10.740+0000][43749.726s][5523][5530][info ] Entering safepoint region: Cleanup
[2025-10-02T08:24:10.740+0000][43749.727s][5523][5530][info ] Leaving safepoint region
[2025-10-02T08:24:10.740+0000][43749.727s][5523][5530][info ] Total time for which application threads were stopped: 0.0001422 seconds, Stopping threads took: 0.0000227 seconds
[2025-10-02T08:24:11.740+0000][43750.727s][5523][5530][info ] Application time: 1.0000889 seconds
[2025-10-02T08:24:11.740+0000][43750.727s][5523][5530][info ] Entering safepoint region: Cleanup
[2025-10-02T08:24:11.741+0000][43750.727s][5523][5530][info ] Leaving safepoint region
[2025-10-02T08:24:11.741+0000][43750.727s][5523][5530][info ] Total time for which application threads were stopped: 0.0001611 seconds, Stopping threads took: 0.0000259 seconds
[2025-10-02T08:24:12.386+0000][43751.372s][5523][5529][trace] CMS: promo attempt is safe: available(767642064) >= av_promo(5147342), max_promo(94917568)
[2025-10-02T08:24:12.741+0000][43751.727s][5523][5530][info ] Application time: 1.0000811 seconds
[2025-10-02T08:24:12.741+0000][43751.727s][5523][5530][info ] Entering safepoint region: Cleanup
[2025-10-02T08:24:12.741+0000][43751.727s][5523][5530][info ] Leaving safepoint region
[2025-10-02T08:24:12.741+0000][43751.727s][5523][5530][info ] Total time for which application threads were stopped: 0.0001430 seconds, Stopping threads took: 0.0000245 seconds
[2025-10-02T08:24:13.741+0000][43752.727s][5523][5530][info ] Application time: 1.0001106 seconds
[2025-10-02T08:24:13.741+0000][43752.727s][5523][5530][info ] Entering safepoint region: Cleanup
[2025-10-02T08:24:13.741+0000][43752.727s][5523][5530][info ] Leaving safepoint region
[2025-10-02T08:24:13.741+0000][43752.727s][5523][5530][info ] Total time for which application threads were stopped: 0.0001518 seconds, Stopping threads took: 0.0000296 seconds
[2025-10-02T08:24:14.741+0000][43753.728s][5523][5530][info ] Application time: 1.0001059 seconds
[2025-10-02T08:24:14.741+0000][43753.728s][5523][5530][info ] Entering safepoint region: Cleanup
[2025-10-02T08:24:14.742+0000][43753.728s][5523][5530][info ] Leaving safepoint region
[2025-10-02T08:24:14.742+0000][43753.728s][5523][5530][info ] Total time for which application threads were stopped: 0.0001640 seconds, Stopping threads took: 0.0000229 seconds
[2025-10-02T08:24:15.742+0000][43754.728s][5523][5530][info ] Application time: 1.0000830 seconds
[2025-10-02T08:24:15.742+0000][43754.728s][5523][5530][info ] Entering safepoint region: Cleanup
[2025-10-02T08:24:15.742+0000][43754.728s][5523][5530][info ] Leaving safepoint region
[2025-10-02T08:24:15.742+0000][43754.728s][5523][5530][info ] Total time for which application threads were stopped: 0.0001427 seconds, Stopping threads took: 0.0000231 seconds
[2025-10-02T08:24:16.742+0000][43755.728s][5523][5530][info ] Application time: 1.0001478 seconds
[2025-10-02T08:24:16.742+0000][43755.728s][5523][5530][info ] Entering safepoint region: Cleanup
[2025-10-02T08:24:16.742+0000][43755.728s][5523][5530][info ] Leaving safepoint region
[2025-10-02T08:24:16.742+0000][43755.728s][5523][5530][info ] Total time for which application threads were stopped: 0.0001429 seconds, Stopping threads took: 0.0000250 seconds
[2025-10-02T08:24:17.742+0000][43756.728s][5523][5530][info ] Application time: 1.0000941 seconds
[2025-10-02T08:24:17.742+0000][43756.729s][5523][5530][info ] Entering safepoint region: Cleanup
[2025-10-02T08:24:17.742+0000][43756.729s][5523][5530][info ] Leaving safepoint region
[2025-10-02T08:24:17.742+0000][43756.729s][5523][5530][info ] Total time for which application threads were stopped: 0.0001453 seconds, Stopping threads took: 0.0000235 seconds
[2025-10-02T08:24:18.743+0000][43757.729s][5523][5530][info ] Application time: 1.0000942 seconds
[2025-10-02T08:24:18.743+0000][43757.729s][5523][5530][info ] Entering safepoint region: Cleanup
[2025-10-02T08:24:18.743+0000][43757.729s][5523][5530][info ] Leaving safepoint region
[2025-10-02T08:24:18.743+0000][43757.729s][5523][5530][info ] Total time for which application threads were stopped: 0.0001399 seconds, Stopping threads took: 0.0000224 seconds
[2025-10-02T08:24:19.743+0000][43758.729s][5523][5530][info ] Application time: 1.0001054 seconds
[2025-10-02T08:24:19.743+0000][43758.729s][5523][5530][info ] Entering safepoint region: Cleanup
[2025-10-02T08:24:19.743+0000][43758.729s][5523][5530][info ] Leaving safepoint region
[2025-10-02T08:24:19.743+0000][43758.729s][5523][5530][info ] Total time for which application threads were stopped: 0.0002662 seconds, Stopping threads took: 0.0000302 seconds
[2025-10-02T08:24:20.743+0000][43759.729s][5523][5530][info ] Application time: 1.0000671 seconds
[2025-10-02T08:24:20.743+0000][43759.730s][5523][5530][info ] Entering safepoint region: Cleanup
[2025-10-02T08:24:20.743+0000][43759.730s][5523][5530][info ] Leaving safepoint region
[2025-10-02T08:24:20.743+0000][43759.730s][5523][5530][info ] Total time for which application threads were stopped: 0.0001576 seconds, Stopping threads took: 0.0000238 seconds
[2025-10-02T08:24:21.744+0000][43760.730s][5523][5530][info ] Application time: 1.0001055 seconds
[2025-10-02T08:24:21.744+0000][43760.730s][5523][5530][info ] Entering safepoint region: Cleanup
[2025-10-02T08:24:21.744+0000][43760.730s][5523][5530][info ] Leaving safepoint region
[2025-10-02T08:24:21.744+0000][43760.730s][5523][5530][info ] Total time for which application threads were stopped: 0.0001455 seconds, Stopping threads took: 0.0000233 seconds
[2025-10-02T08:24:22.385+0000][43761.371s][5523][5529][trace] CMS: promo attempt is safe: available(767642064) >= av_promo(5147342), max_promo(96815600)
[2025-10-02T08:24:22.744+0000][43761.730s][5523][5530][info ] Application time: 1.0000984 seconds
[2025-10-02T08:24:22.744+0000][43761.730s][5523][5530][info ] Entering safepoint region: Cleanup
[2025-10-02T08:24:22.744+0000][43761.730s][5523][5530][info ] Leaving safepoint region
[2025-10-02T08:24:22.744+0000][43761.730s][5523][5530][info ] Total time for which application threads were stopped: 0.0001456 seconds, Stopping threads took: 0.0000231 seconds
[2025-10-02T08:24:23.744+0000][43762.730s][5523][5530][info ] Application time: 1.0001090 seconds
[2025-10-02T08:24:23.744+0000][43762.730s][5523][5530][info ] Entering safepoint region: Cleanup
[2025-10-02T08:24:23.744+0000][43762.731s][5523][5530][info ] Leaving safepoint region
[2025-10-02T08:24:23.744+0000][43762.731s][5523][5530][info ] Total time for which application threads were stopped: 0.0001482 seconds, Stopping threads took: 0.0000303 seconds
[2025-10-02T08:24:24.745+0000][43763.731s][5523][5530][info ] Application time: 1.0001026 seconds
[2025-10-02T08:24:24.745+0000][43763.731s][5523][5530][info ] Entering safepoint region: Cleanup
[2025-10-02T08:24:24.745+0000][43763.731s][5523][5530][info ] Leaving safepoint region
[2025-10-02T08:24:24.745+0000][43763.731s][5523][5530][info ] Total time for which application threads were stopped: 0.0001626 seconds, Stopping threads took: 0.0000237 seconds
[2025-10-02T08:24:25.745+0000][43764.731s][5523][5530][info ] Application time: 1.0001066 seconds
[2025-10-02T08:24:25.745+0000][43764.731s][5523][5530][info ] Entering safepoint region: Cleanup
[2025-10-02T08:24:25.745+0000][43764.731s][5523][5530][info ] Leaving safepoint region
[2025-10-02T08:24:25.745+0000][43764.731s][5523][5530][info ] Total time for which application threads were stopped: 0.0001362 seconds, Stopping threads took: 0.0000242 seconds
[2025-10-02T08:24:26.745+0000][43765.731s][5523][5530][info ] Application time: 1.0000965 seconds
[2025-10-02T08:24:26.745+0000][43765.731s][5523][5530][info ] Entering safepoint region: Cleanup
[2025-10-02T08:24:26.745+0000][43765.732s][5523][5530][info ] Leaving safepoint region
[2025-10-02T08:24:26.745+0000][43765.732s][5523][5530][info ] Total time for which application threads were stopped: 0.0001755 seconds, Stopping threads took: 0.0000219 seconds
[2025-10-02T08:24:27.745+0000][43766.732s][5523][5530][info ] Application time: 1.0001135 seconds
[2025-10-02T08:24:27.746+0000][43766.732s][5523][5530][info ] Entering safepoint region: Cleanup
[2025-10-02T08:24:27.746+0000][43766.732s][5523][5530][info ] Leaving safepoint region
[2025-10-02T08:24:27.746+0000][43766.732s][5523][5530][info ] Total time for which application threads were stopped: 0.0001424 seconds, Stopping threads took: 0.0000243 seconds
[2025-10-02T08:24:28.746+0000][43767.732s][5523][5530][info ] Application time: 1.0000922 seconds
[2025-10-02T08:24:28.746+0000][43767.732s][5523][5530][info ] Entering safepoint region: Cleanup
[2025-10-02T08:24:28.746+0000][43767.732s][5523][5530][info ] Leaving safepoint region
[2025-10-02T08:24:28.746+0000][43767.732s][5523][5530][info ] Total time for which application threads were stopped: 0.0001614 seconds, Stopping threads took: 0.0000232 seconds
[2025-10-02T08:24:29.746+0000][43768.732s][5523][5530][info ] Application time: 1.0001014 seconds
[2025-10-02T08:24:29.746+0000][43768.732s][5523][5530][info ] Entering safepoint region: Cleanup
[2025-10-02T08:24:29.746+0000][43768.733s][5523][5530][info ] Leaving safepoint region
[2025-10-02T08:24:29.746+0000][43768.733s][5523][5530][info ] Total time for which application threads were stopped: 0.0001360 seconds, Stopping threads took: 0.0000244 seconds
[2025-10-02T08:24:30.746+0000][43769.733s][5523][5530][info ] Application time: 1.0000958 seconds
[2025-10-02T08:24:30.746+0000][43769.733s][5523][5530][info ] Entering safepoint region: Cleanup
[2025-10-02T08:24:30.747+0000][43769.733s][5523][5530][info ] Leaving safepoint region
[2025-10-02T08:24:30.747+0000][43769.733s][5523][5530][info ] Total time for which application threads were stopped: 0.0001569 seconds, Stopping threads took: 0.0000228 seconds
[2025-10-02T08:24:31.747+0000][43770.733s][5523][5530][info ] Application time: 1.0001032 seconds
[2025-10-02T08:24:31.747+0000][43770.733s][5523][5530][info ] Entering safepoint region: Cleanup
[2025-10-02T08:24:31.747+0000][43770.733s][5523][5530][info ] Leaving safepoint region
[2025-10-02T08:24:31.747+0000][43770.733s][5523][5530][info ] Total time for which application threads were stopped: 0.0001434 seconds, Stopping threads took: 0.0000246 seconds
[2025-10-02T08:24:32.385+0000][43771.371s][5523][5529][trace] CMS: promo attempt is safe: available(767642064) >= av_promo(5147342), max_promo(98022816)
[2025-10-02T08:24:32.747+0000][43771.733s][5523][5530][info ] Application time: 1.0001454 seconds
[2025-10-02T08:24:32.747+0000][43771.733s][5523][5530][info ] Entering safepoint region: Cleanup
[2025-10-02T08:24:32.747+0000][43771.733s][5523][5530][info ] Leaving safepoint region
[2025-10-02T08:24:32.747+0000][43771.733s][5523][5530][info ] Total time for which application threads were stopped: 0.0001356 seconds, Stopping threads took: 0.0000236 seconds
[2025-10-02T08:24:33.747+0000][43772.734s][5523][5530][info ] Application time: 1.0001087 seconds
[2025-10-02T08:24:33.747+0000][43772.734s][5523][5530][info ] Entering safepoint region: Cleanup
[2025-10-02T08:24:33.748+0000][43772.734s][5523][5530][info ] Leaving safepoint region
[2025-10-02T08:24:33.748+0000][43772.734s][5523][5530][info ] Total time for which application threads were stopped: 0.0001643 seconds, Stopping threads took: 0.0000251 seconds
[2025-10-02T08:24:34.748+0000][43773.734s][5523][5530][info ] Application time: 1.0001004 seconds
[2025-10-02T08:24:34.748+0000][43773.734s][5523][5530][info ] Entering safepoint region: Cleanup
[2025-10-02T08:24:34.748+0000][43773.734s][5523][5530][info ] Leaving safepoint region
[2025-10-02T08:24:34.748+0000][43773.734s][5523][5530][info ] Total time for which application threads were stopped: 0.0001485 seconds, Stopping threads took: 0.0000220 seconds
[2025-10-02T08:24:35.748+0000][43774.734s][5523][5530][info ] Application time: 1.0000992 seconds
[2025-10-02T08:24:35.748+0000][43774.734s][5523][5530][info ] Entering safepoint region: Cleanup
[2025-10-02T08:24:35.748+0000][43774.734s][5523][5530][info ] Leaving safepoint region
[2025-10-02T08:24:35.748+0000][43774.734s][5523][5530][info ] Total time for which application threads were stopped: 0.0001362 seconds, Stopping threads took: 0.0000218 seconds
[2025-10-02T08:24:36.748+0000][43775.735s][5523][5530][info ] Application time: 1.0000996 seconds
[2025-10-02T08:24:36.748+0000][43775.735s][5523][5530][info ] Entering safepoint region: Cleanup
[2025-10-02T08:24:36.748+0000][43775.735s][5523][5530][info ] Leaving safepoint region
[2025-10-02T08:24:36.749+0000][43775.735s][5523][5530][info ] Total time for which application threads were stopped: 0.0001617 seconds, Stopping threads took: 0.0000254 seconds
[2025-10-02T08:24:37.749+0000][43776.735s][5523][5530][info ] Application time: 1.0001003 seconds
[2025-10-02T08:24:37.749+0000][43776.735s][5523][5530][info ] Entering safepoint region: Cleanup
[2025-10-02T08:24:37.749+0000][43776.735s][5523][5530][info ] Leaving safepoint region
[2025-10-02T08:24:37.749+0000][43776.735s][5523][5530][info ] Total time for which application threads were stopped: 0.0001483 seconds, Stopping threads took: 0.0000309 seconds
[2025-10-02T08:24:38.749+0000][43777.735s][5523][5530][info ] Application time: 1.0001020 seconds
[2025-10-02T08:24:38.749+0000][43777.735s][5523][5530][info ] Entering safepoint region: Cleanup
[2025-10-02T08:24:38.749+0000][43777.735s][5523][5530][info ] Leaving safepoint region
[2025-10-02T08:24:38.749+0000][43777.735s][5523][5530][info ] Total time for which application threads were stopped: 0.0001481 seconds, Stopping threads took: 0.0000242 seconds
[2025-10-02T08:24:39.749+0000][43778.735s][5523][5530][info ] Application time: 1.0001185 seconds
[2025-10-02T08:24:39.749+0000][43778.736s][5523][5530][info ] Entering safepoint region: Cleanup
[2025-10-02T08:24:39.749+0000][43778.736s][5523][5530][info ] Leaving safepoint region
[2025-10-02T08:24:39.749+0000][43778.736s][5523][5530][info ] Total time for which application threads were stopped: 0.0001392 seconds, Stopping threads took: 0.0000235 seconds
[2025-10-02T08:24:40.750+0000][43779.736s][5523][5530][info ] Application time: 1.0001031 seconds
[2025-10-02T08:24:40.750+0000][43779.736s][5523][5530][info ] Entering safepoint region: Cleanup
[2025-10-02T08:24:40.750+0000][43779.736s][5523][5530][info ] Leaving safepoint region
[2025-10-02T08:24:40.750+0000][43779.736s][5523][5530][info ] Total time for which application threads were stopped: 0.0001393 seconds, Stopping threads took: 0.0000251 seconds
[2025-10-02T08:24:41.750+0000][43780.736s][5523][5530][info ] Application time: 1.0001064 seconds
[2025-10-02T08:24:41.750+0000][43780.736s][5523][5530][info ] Entering safepoint region: Cleanup
[2025-10-02T08:24:41.750+0000][43780.736s][5523][5530][info ] Leaving safepoint region
[2025-10-02T08:24:41.750+0000][43780.736s][5523][5530][info ] Total time for which application threads were stopped: 0.0001365 seconds, Stopping threads took: 0.0000230 seconds
[2025-10-02T08:24:42.385+0000][43781.371s][5523][5529][trace] CMS: promo attempt is safe: available(767642064) >= av_promo(5147342), max_promo(98151704)
[2025-10-02T08:24:42.750+0000][43781.736s][5523][5530][info ] Application time: 1.0001044 seconds
[2025-10-02T08:24:42.750+0000][43781.736s][5523][5530][info ] Entering safepoint region: Cleanup
[2025-10-02T08:24:42.750+0000][43781.737s][5523][5530][info ] Leaving safepoint region
[2025-10-02T08:24:42.750+0000][43781.737s][5523][5530][info ] Total time for which application threads were stopped: 0.0001463 seconds, Stopping threads took: 0.0000293 seconds
[2025-10-02T08:24:43.750+0000][43782.737s][5523][5530][info ] Application time: 1.0001083 seconds
[2025-10-02T08:24:43.751+0000][43782.737s][5523][5530][info ] Entering safepoint region: Cleanup
[2025-10-02T08:24:43.751+0000][43782.737s][5523][5530][info ] Leaving safepoint region
[2025-10-02T08:24:43.751+0000][43782.737s][5523][5530][info ] Total time for which application threads were stopped: 0.0001402 seconds, Stopping threads took: 0.0000241 seconds
[2025-10-02T08:24:44.751+0000][43783.737s][5523][5530][info ] Application time: 1.0000989 seconds
[2025-10-02T08:24:44.751+0000][43783.737s][5523][5530][info ] Entering safepoint region: Cleanup
[2025-10-02T08:24:44.751+0000][43783.737s][5523][5530][info ] Leaving safepoint region
[2025-10-02T08:24:44.751+0000][43783.737s][5523][5530][info ] Total time for which application threads were stopped: 0.0001389 seconds, Stopping threads took: 0.0000236 seconds
[2025-10-02T08:24:45.751+0000][43784.737s][5523][5530][info ] Application time: 1.0001239 seconds
[2025-10-02T08:24:45.751+0000][43784.737s][5523][5530][info ] Entering safepoint region: Cleanup
[2025-10-02T08:24:45.751+0000][43784.738s][5523][5530][info ] Leaving safepoint region
[2025-10-02T08:24:45.751+0000][43784.738s][5523][5530][info ] Total time for which application threads were stopped: 0.0001382 seconds, Stopping threads took: 0.0000230 seconds
[2025-10-02T08:24:46.751+0000][43785.738s][5523][5530][info ] Application time: 1.0000826 seconds
[2025-10-02T08:24:46.751+0000][43785.738s][5523][5530][info ] Entering safepoint region: Cleanup
[2025-10-02T08:24:46.752+0000][43785.738s][5523][5530][info ] Leaving safepoint region
[2025-10-02T08:24:46.752+0000][43785.738s][5523][5530][info ] Total time for which application threads were stopped: 0.0001626 seconds, Stopping threads took: 0.0000230 seconds
[2025-10-02T08:24:47.752+0000][43786.738s][5523][5530][info ] Application time: 1.0000914 seconds
[2025-10-02T08:24:47.752+0000][43786.738s][5523][5530][info ] Entering safepoint region: Cleanup
[2025-10-02T08:24:47.753+0000][43786.740s][5523][5530][info ] Leaving safepoint region
[2025-10-02T08:24:47.753+0000][43786.740s][5523][5530][info ] Total time for which application threads were stopped: 0.0016711 seconds, Stopping threads took: 0.0015391 seconds
[2025-10-02T08:24:48.754+0000][43787.740s][5523][5530][info ] Application time: 1.0000931 seconds
[2025-10-02T08:24:48.754+0000][43787.740s][5523][5530][info ] Entering safepoint region: Cleanup
[2025-10-02T08:24:48.754+0000][43787.740s][5523][5530][info ] Leaving safepoint region
[2025-10-02T08:24:48.754+0000][43787.740s][5523][5530][info ] Total time for which application threads were stopped: 0.0001434 seconds, Stopping threads took: 0.0000262 seconds
[2025-10-02T08:24:49.754+0000][43788.740s][5523][5530][info ] Application time: 1.0001000 seconds
[2025-10-02T08:24:49.754+0000][43788.740s][5523][5530][info ] Entering safepoint region: Cleanup
[2025-10-02T08:24:49.754+0000][43788.740s][5523][5530][info ] Leaving safepoint region
[2025-10-02T08:24:49.754+0000][43788.740s][5523][5530][info ] Total time for which application threads were stopped: 0.0001422 seconds, Stopping threads took: 0.0000245 seconds
[2025-10-02T08:24:50.754+0000][43789.740s][5523][5530][info ] Application time: 1.0001069 seconds
[2025-10-02T08:24:50.754+0000][43789.740s][5523][5530][info ] Entering safepoint region: Cleanup
[2025-10-02T08:24:50.754+0000][43789.741s][5523][5530][info ] Leaving safepoint region
[2025-10-02T08:24:50.754+0000][43789.741s][5523][5530][info ] Total time for which application threads were stopped: 0.0001384 seconds, Stopping threads took: 0.0000247 seconds
[2025-10-02T08:24:51.754+0000][43790.741s][5523][5530][info ] Application time: 1.0001007 seconds
[2025-10-02T08:24:51.754+0000][43790.741s][5523][5530][info ] Entering safepoint region: Cleanup
[2025-10-02T08:24:51.755+0000][43790.741s][5523][5530][info ] Leaving safepoint region
[2025-10-02T08:24:51.755+0000][43790.741s][5523][5530][info ] Total time for which application threads were stopped: 0.0001637 seconds, Stopping threads took: 0.0000220 seconds
[2025-10-02T08:24:52.385+0000][43791.371s][5523][5529][trace] CMS: promo attempt is safe: available(767642064) >= av_promo(5147342), max_promo(98390344)
[2025-10-02T08:24:52.755+0000][43791.741s][5523][5530][info ] Application time: 1.0001004 seconds
[2025-10-02T08:24:52.755+0000][43791.741s][5523][5530][info ] Entering safepoint region: Cleanup
[2025-10-02T08:24:52.755+0000][43791.741s][5523][5530][info ] Leaving safepoint region
[2025-10-02T08:24:52.755+0000][43791.741s][5523][5530][info ] Total time for which application threads were stopped: 0.0001490 seconds, Stopping threads took: 0.0000249 seconds
[2025-10-02T08:24:53.755+0000][43792.741s][5523][5530][info ] Application time: 1.0000855 seconds
[2025-10-02T08:24:53.755+0000][43792.741s][5523][5530][info ] Entering safepoint region: Cleanup
[2025-10-02T08:24:53.755+0000][43792.741s][5523][5530][info ] Leaving safepoint region
[2025-10-02T08:24:53.755+0000][43792.741s][5523][5530][info ] Total time for which application threads were stopped: 0.0001380 seconds, Stopping threads took: 0.0000271 seconds
[2025-10-02T08:24:54.755+0000][43793.742s][5523][5530][info ] Application time: 1.0001044 seconds
[2025-10-02T08:24:54.755+0000][43793.742s][5523][5530][info ] Entering safepoint region: Cleanup
[2025-10-02T08:24:54.756+0000][43793.742s][5523][5530][info ] Leaving safepoint region
[2025-10-02T08:24:54.756+0000][43793.742s][5523][5530][info ] Total time for which application threads were stopped: 0.0001636 seconds, Stopping threads took: 0.0000237 seconds
[2025-10-02T08:24:55.756+0000][43794.742s][5523][5530][info ] Application time: 1.0000855 seconds
[2025-10-02T08:24:55.756+0000][43794.742s][5523][5530][info ] Entering safepoint region: Cleanup
[2025-10-02T08:24:55.756+0000][43794.742s][5523][5530][info ] Leaving safepoint region
[2025-10-02T08:24:55.756+0000][43794.742s][5523][5530][info ] Total time for which application threads were stopped: 0.0002641 seconds, Stopping threads took: 0.0000266 seconds
[2025-10-02T08:24:56.074+0000][43795.061s][5523][5530][info ] Application time: 0.3183485 seconds
[2025-10-02T08:24:56.074+0000][43795.061s][5523][5530][info ] Entering safepoint region: ICBufferFull
[2025-10-02T08:24:56.075+0000][43795.061s][5523][5530][info ] Leaving safepoint region
[2025-10-02T08:24:56.075+0000][43795.061s][5523][5530][info ] Total time for which application threads were stopped: 0.0004336 seconds, Stopping threads took: 0.0000308 seconds
[2025-10-02T08:24:56.318+0000][43795.304s][5523][5530][info ] Application time: 0.2434296 seconds
[2025-10-02T08:24:56.318+0000][43795.304s][5523][5530][info ] Entering safepoint region: GenCollectForAllocation
[2025-10-02T08:24:56.318+0000][43795.305s][5523][5530][debug] GC(21) Heap before GC invocations=20 (full 1): par new generation   total 184320K, used 168742K [0x00000000c0000000, 0x00000000cc800000, 0x00000000cc800000)
[2025-10-02T08:24:56.318+0000][43795.305s][5523][5530][debug] GC(21)   eden space 163840K,  99% used [0x00000000c0000000, 0x00000000c9f14ea8, 0x00000000ca000000)
[2025-10-02T08:24:56.318+0000][43795.305s][5523][5530][debug] GC(21)   from space 20480K,  28% used [0x00000000ca000000, 0x00000000ca5b4a28, 0x00000000cb400000)
[2025-10-02T08:24:56.319+0000][43795.305s][5523][5530][debug] GC(21)   to   space 20480K,   0% used [0x00000000cb400000, 0x00000000cb400000, 0x00000000cc800000)
[2025-10-02T08:24:56.319+0000][43795.305s][5523][5530][debug] GC(21)  concurrent mark-sweep generation total 843776K, used 94125K [0x00000000cc800000, 0x0000000100000000, 0x0000000100000000)
[2025-10-02T08:24:56.319+0000][43795.305s][5523][5530][debug] GC(21)  Metaspace       used 53328K, capacity 55211K, committed 55260K, reserved 1097728K
[2025-10-02T08:24:56.319+0000][43795.305s][5523][5530][debug] GC(21)   class space    used 5978K, capacity 6780K, committed 6824K, reserved 1048576K
[2025-10-02T08:24:56.319+0000][43795.305s][5523][5530][trace] CMS: promo attempt is safe: available(767642064) >= av_promo(5147342), max_promo(172792016)
[2025-10-02T08:24:56.325+0000][43795.312s][5523][5530][debug] GC(21) Desired survivor size 10485760 bytes, new threshold 1 (max threshold 1)
[2025-10-02T08:24:56.325+0000][43795.312s][5523][5530][info ] GC(21) ParNew: 168742K->9992K(184320K)
[2025-10-02T08:24:56.326+0000][43795.312s][5523][5530][info ] GC(21) CMS: 94125K->96233K(843776K)
[2025-10-02T08:24:56.326+0000][43795.312s][5523][5530][info ] GC(21) Pause Young (Allocation Failure) 256M->103M(1004M) 6.965ms
[2025-10-02T08:24:56.326+0000][43795.312s][5523][5530][debug] GC(21) Heap after GC invocations=21 (full 1): par new generation   total 184320K, used 9992K [0x00000000c0000000, 0x00000000cc800000, 0x00000000cc800000)
[2025-10-02T08:24:56.326+0000][43795.312s][5523][5530][debug] GC(21)   eden space 163840K,   0% used [0x00000000c0000000, 0x00000000c0000000, 0x00000000ca000000)
[2025-10-02T08:24:56.326+0000][43795.312s][5523][5530][debug] GC(21)   from space 20480K,  48% used [0x00000000cb400000, 0x00000000cbdc2290, 0x00000000cc800000)
[2025-10-02T08:24:56.326+0000][43795.312s][5523][5530][debug] GC(21)   to   space 20480K,   0% used [0x00000000ca000000, 0x00000000ca000000, 0x00000000cb400000)
[2025-10-02T08:24:56.326+0000][43795.312s][5523][5530][debug] GC(21)  concurrent mark-sweep generation total 843776K, used 96233K [0x00000000cc800000, 0x0000000100000000, 0x0000000100000000)
[2025-10-02T08:24:56.326+0000][43795.312s][5523][5530][debug] GC(21)  Metaspace       used 53328K, capacity 55211K, committed 55260K, reserved 1097728K
[2025-10-02T08:24:56.326+0000][43795.312s][5523][5530][debug] GC(21)   class space    used 5978K, capacity 6780K, committed 6824K, reserved 1048576K
[2025-10-02T08:24:56.326+0000][43795.312s][5523][5530][info ] Leaving safepoint region
[2025-10-02T08:24:56.326+0000][43795.312s][5523][5530][info ] Total time for which application threads were stopped: 0.0073567 seconds, Stopping threads took: 0.0000220 seconds
[2025-10-02T08:24:56.328+0000][43795.314s][5523][5529][trace] CMS: promo attempt is safe: available(765483624) >= av_promo(4228508), max_promo(13763624)
[2025-10-02T08:24:57.326+0000][43796.312s][5523][5530][info ] Application time: 1.0001057 seconds
[2025-10-02T08:24:57.326+0000][43796.312s][5523][5530][info ] Entering safepoint region: Cleanup
[2025-10-02T08:24:57.326+0000][43796.312s][5523][5530][info ] Leaving safepoint region
[2025-10-02T08:24:57.326+0000][43796.312s][5523][5530][info ] Total time for which application threads were stopped: 0.0003057 seconds, Stopping threads took: 0.0000366 seconds
[2025-10-02T08:24:58.326+0000][43797.312s][5523][5530][info ] Application time: 1.0001092 seconds
[2025-10-02T08:24:58.326+0000][43797.313s][5523][5530][info ] Entering safepoint region: Cleanup
[2025-10-02T08:24:58.326+0000][43797.313s][5523][5530][info ] Leaving safepoint region
[2025-10-02T08:24:58.326+0000][43797.313s][5523][5530][info ] Total time for which application threads were stopped: 0.0002035 seconds, Stopping threads took: 0.0000320 seconds
[2025-10-02T08:24:59.327+0000][43798.313s][5523][5530][info ] Application time: 1.0001628 seconds
[2025-10-02T08:24:59.327+0000][43798.313s][5523][5530][info ] Entering safepoint region: Cleanup
[2025-10-02T08:24:59.327+0000][43798.313s][5523][5530][info ] Leaving safepoint region
[2025-10-02T08:24:59.327+0000][43798.313s][5523][5530][info ] Total time for which application threads were stopped: 0.0001423 seconds, Stopping threads took: 0.0000250 seconds
[2025-10-02T08:25:00.327+0000][43799.313s][5523][5530][info ] Application time: 1.0001046 seconds
[2025-10-02T08:25:00.327+0000][43799.313s][5523][5530][info ] Entering safepoint region: Cleanup
[2025-10-02T08:25:00.327+0000][43799.314s][5523][5530][info ] Leaving safepoint region
[2025-10-02T08:25:00.327+0000][43799.314s][5523][5530][info ] Total time for which application threads were stopped: 0.0003130 seconds, Stopping threads took: 0.0001720 seconds
[2025-10-02T08:25:01.327+0000][43800.314s][5523][5530][info ] Application time: 1.0000960 seconds
[2025-10-02T08:25:01.327+0000][43800.314s][5523][5530][info ] Entering safepoint region: Cleanup
[2025-10-02T08:25:01.328+0000][43800.314s][5523][5530][info ] Leaving safepoint region
[2025-10-02T08:25:01.328+0000][43800.314s][5523][5530][info ] Total time for which application threads were stopped: 0.0001693 seconds, Stopping threads took: 0.0000259 seconds
[2025-10-02T08:25:02.328+0000][43801.314s][5523][5530][info ] Application time: 1.0001079 seconds
[2025-10-02T08:25:02.328+0000][43801.314s][5523][5530][info ] Entering safepoint region: Cleanup
[2025-10-02T08:25:02.328+0000][43801.314s][5523][5530][info ] Leaving safepoint region
[2025-10-02T08:25:02.328+0000][43801.314s][5523][5530][info ] Total time for which application threads were stopped: 0.0001697 seconds, Stopping threads took: 0.0000281 seconds
[2025-10-02T08:25:03.328+0000][43802.314s][5523][5530][info ] Application time: 1.0001675 seconds
[2025-10-02T08:25:03.328+0000][43802.314s][5523][5530][info ] Entering safepoint region: Cleanup
[2025-10-02T08:25:03.328+0000][43802.315s][5523][5530][info ] Leaving safepoint region
[2025-10-02T08:25:03.328+0000][43802.315s][5523][5530][info ] Total time for which application threads were stopped: 0.0001547 seconds, Stopping threads took: 0.0000254 seconds
[2025-10-02T08:25:04.328+0000][43803.315s][5523][5530][info ] Application time: 1.0001119 seconds
[2025-10-02T08:25:04.329+0000][43803.315s][5523][5530][info ] Entering safepoint region: Cleanup
[2025-10-02T08:25:04.329+0000][43803.315s][5523][5530][info ] Leaving safepoint region
[2025-10-02T08:25:04.329+0000][43803.315s][5523][5530][info ] Total time for which application threads were stopped: 0.0001459 seconds, Stopping threads took: 0.0000280 seconds
[2025-10-02T08:25:05.329+0000][43804.315s][5523][5530][info ] Application time: 1.0000937 seconds
[2025-10-02T08:25:05.329+0000][43804.315s][5523][5530][info ] Entering safepoint region: Cleanup
[2025-10-02T08:25:05.329+0000][43804.315s][5523][5530][info ] Leaving safepoint region
[2025-10-02T08:25:05.329+0000][43804.315s][5523][5530][info ] Total time for which application threads were stopped: 0.0001583 seconds, Stopping threads took: 0.0000258 seconds
[2025-10-02T08:25:06.328+0000][43805.314s][5523][5529][trace] CMS: promo attempt is safe: available(765483624) >= av_promo(4228508), max_promo(67603592)
[2025-10-02T08:25:06.329+0000][43805.315s][5523][5530][info ] Application time: 1.0000818 seconds
[2025-10-02T08:25:06.329+0000][43805.315s][5523][5530][info ] Entering safepoint region: Cleanup
[2025-10-02T08:25:06.329+0000][43805.316s][5523][5530][info ] Leaving safepoint region
[2025-10-02T08:25:06.329+0000][43805.316s][5523][5530][info ] Total time for which application threads were stopped: 0.0001654 seconds, Stopping threads took: 0.0000276 seconds
[2025-10-02T08:25:07.329+0000][43806.316s][5523][5530][info ] Application time: 1.0001019 seconds
[2025-10-02T08:25:07.329+0000][43806.316s][5523][5530][info ] Entering safepoint region: Cleanup
[2025-10-02T08:25:07.330+0000][43806.316s][5523][5530][info ] Leaving safepoint region
[2025-10-02T08:25:07.330+0000][43806.316s][5523][5530][info ] Total time for which application threads were stopped: 0.0001960 seconds, Stopping threads took: 0.0000271 seconds
[2025-10-02T08:25:08.330+0000][43807.316s][5523][5530][info ] Application time: 1.0000921 seconds
[2025-10-02T08:25:08.330+0000][43807.316s][5523][5530][info ] Entering safepoint region: Cleanup
[2025-10-02T08:25:08.330+0000][43807.316s][5523][5530][info ] Leaving safepoint region
[2025-10-02T08:25:08.330+0000][43807.316s][5523][5530][info ] Total time for which application threads were stopped: 0.0001442 seconds, Stopping threads took: 0.0000277 seconds
[2025-10-02T08:25:09.330+0000][43808.316s][5523][5530][info ] Application time: 1.0001009 seconds
[2025-10-02T08:25:09.330+0000][43808.316s][5523][5530][info ] Entering safepoint region: Cleanup
[2025-10-02T08:25:09.330+0000][43808.316s][5523][5530][info ] Leaving safepoint region
[2025-10-02T08:25:09.330+0000][43808.316s][5523][5530][info ] Total time for which application threads were stopped: 0.0001399 seconds, Stopping threads took: 0.0000263 seconds
[2025-10-02T08:25:10.330+0000][43809.317s][5523][5530][info ] Application time: 1.0000919 seconds
[2025-10-02T08:25:10.330+0000][43809.317s][5523][5530][info ] Entering safepoint region: Cleanup
[2025-10-02T08:25:10.331+0000][43809.317s][5523][5530][info ] Leaving safepoint region
[2025-10-02T08:25:10.331+0000][43809.317s][5523][5530][info ] Total time for which application threads were stopped: 0.0001615 seconds, Stopping threads took: 0.0000263 seconds
[2025-10-02T08:25:11.331+0000][43810.317s][5523][5530][info ] Application time: 1.0001063 seconds
[2025-10-02T08:25:11.331+0000][43810.317s][5523][5530][info ] Entering safepoint region: Cleanup
[2025-10-02T08:25:11.331+0000][43810.317s][5523][5530][info ] Leaving safepoint region
[2025-10-02T08:25:11.331+0000][43810.317s][5523][5530][info ] Total time for which application threads were stopped: 0.0001475 seconds, Stopping threads took: 0.0000256 seconds
[2025-10-02T08:25:12.331+0000][43811.317s][5523][5530][info ] Application time: 1.0001056 seconds
[2025-10-02T08:25:12.331+0000][43811.317s][5523][5530][info ] Entering safepoint region: Cleanup
[2025-10-02T08:25:12.331+0000][43811.318s][5523][5530][info ] Leaving safepoint region
[2025-10-02T08:25:12.331+0000][43811.318s][5523][5530][info ] Total time for which application threads were stopped: 0.0001615 seconds, Stopping threads took: 0.0000295 seconds
[2025-10-02T08:25:13.331+0000][43812.318s][5523][5530][info ] Application time: 1.0000953 seconds
[2025-10-02T08:25:13.331+0000][43812.318s][5523][5530][info ] Entering safepoint region: Cleanup
[2025-10-02T08:25:13.332+0000][43812.318s][5523][5530][info ] Leaving safepoint region
[2025-10-02T08:25:13.332+0000][43812.318s][5523][5530][info ] Total time for which application threads were stopped: 0.0001732 seconds, Stopping threads took: 0.0000284 seconds
[2025-10-02T08:25:14.332+0000][43813.318s][5523][5530][info ] Application time: 1.0001070 seconds
[2025-10-02T08:25:14.332+0000][43813.318s][5523][5530][info ] Entering safepoint region: Cleanup
[2025-10-02T08:25:14.332+0000][43813.318s][5523][5530][info ] Leaving safepoint region
[2025-10-02T08:25:14.332+0000][43813.318s][5523][5530][info ] Total time for which application threads were stopped: 0.0001508 seconds, Stopping threads took: 0.0000283 seconds
[2025-10-02T08:25:15.332+0000][43814.318s][5523][5530][info ] Application time: 1.0001017 seconds
[2025-10-02T08:25:15.332+0000][43814.318s][5523][5530][info ] Entering safepoint region: Cleanup
[2025-10-02T08:25:15.332+0000][43814.318s][5523][5530][info ] Leaving safepoint region
[2025-10-02T08:25:15.332+0000][43814.318s][5523][5530][info ] Total time for which application threads were stopped: 0.0001429 seconds, Stopping threads took: 0.0000256 seconds
[2025-10-02T08:25:16.327+0000][43815.314s][5523][5529][trace] CMS: promo attempt is safe: available(765483624) >= av_promo(4228508), max_promo(68253168)
[2025-10-02T08:25:16.332+0000][43815.319s][5523][5530][info ] Application time: 1.0000983 seconds
[2025-10-02T08:25:16.332+0000][43815.319s][5523][5530][info ] Entering safepoint region: Cleanup
[2025-10-02T08:25:16.333+0000][43815.319s][5523][5530][info ] Leaving safepoint region
[2025-10-02T08:25:16.333+0000][43815.319s][5523][5530][info ] Total time for which application threads were stopped: 0.0001632 seconds, Stopping threads took: 0.0000261 seconds
[2025-10-02T08:25:17.333+0000][43816.319s][5523][5530][info ] Application time: 1.0001050 seconds
[2025-10-02T08:25:17.333+0000][43816.319s][5523][5530][info ] Entering safepoint region: Cleanup
[2025-10-02T08:25:17.333+0000][43816.319s][5523][5530][info ] Leaving safepoint region
[2025-10-02T08:25:17.333+0000][43816.319s][5523][5530][info ] Total time for which application threads were stopped: 0.0001795 seconds, Stopping threads took: 0.0000437 seconds
[2025-10-02T08:25:18.333+0000][43817.319s][5523][5530][info ] Application time: 1.0000932 seconds
[2025-10-02T08:25:18.333+0000][43817.319s][5523][5530][info ] Entering safepoint region: Cleanup
[2025-10-02T08:25:18.333+0000][43817.319s][5523][5530][info ] Leaving safepoint region
[2025-10-02T08:25:18.333+0000][43817.319s][5523][5530][info ] Total time for which application threads were stopped: 0.0001444 seconds, Stopping threads took: 0.0000255 seconds
[2025-10-02T08:25:19.333+0000][43818.320s][5523][5530][info ] Application time: 1.0000806 seconds
[2025-10-02T08:25:19.333+0000][43818.320s][5523][5530][info ] Entering safepoint region: Cleanup
[2025-10-02T08:25:19.333+0000][43818.320s][5523][5530][info ] Leaving safepoint region
[2025-10-02T08:25:19.333+0000][43818.320s][5523][5530][info ] Total time for which application threads were stopped: 0.0001411 seconds, Stopping threads took: 0.0000249 seconds
[2025-10-02T08:25:20.334+0000][43819.320s][5523][5530][info ] Application time: 1.0000755 seconds
[2025-10-02T08:25:20.334+0000][43819.320s][5523][5530][info ] Entering safepoint region: Cleanup
[2025-10-02T08:25:20.334+0000][43819.320s][5523][5530][info ] Leaving safepoint region
[2025-10-02T08:25:20.334+0000][43819.320s][5523][5530][info ] Total time for which application threads were stopped: 0.0001450 seconds, Stopping threads took: 0.0000266 seconds
[2025-10-02T08:25:21.334+0000][43820.320s][5523][5530][info ] Application time: 1.0001000 seconds
[2025-10-02T08:25:21.334+0000][43820.320s][5523][5530][info ] Entering safepoint region: Cleanup
[2025-10-02T08:25:21.334+0000][43820.320s][5523][5530][info ] Leaving safepoint region
[2025-10-02T08:25:21.334+0000][43820.320s][5523][5530][info ] Total time for which application threads were stopped: 0.0001439 seconds, Stopping threads took: 0.0000254 seconds
[2025-10-02T08:25:22.334+0000][43821.320s][5523][5530][info ] Application time: 1.0000765 seconds
[2025-10-02T08:25:22.334+0000][43821.320s][5523][5530][info ] Entering safepoint region: Cleanup
[2025-10-02T08:25:22.334+0000][43821.321s][5523][5530][info ] Leaving safepoint region
[2025-10-02T08:25:22.334+0000][43821.321s][5523][5530][info ] Total time for which application threads were stopped: 0.0001418 seconds, Stopping threads took: 0.0000251 seconds
[2025-10-02T08:25:23.334+0000][43822.321s][5523][5530][info ] Application time: 1.0001035 seconds
[2025-10-02T08:25:23.335+0000][43822.321s][5523][5530][info ] Entering safepoint region: Cleanup
[2025-10-02T08:25:23.335+0000][43822.321s][5523][5530][info ] Leaving safepoint region
[2025-10-02T08:25:23.335+0000][43822.321s][5523][5530][info ] Total time for which application threads were stopped: 0.0001645 seconds, Stopping threads took: 0.0000473 seconds
[2025-10-02T08:25:24.335+0000][43823.321s][5523][5530][info ] Application time: 1.0000955 seconds
[2025-10-02T08:25:24.335+0000][43823.321s][5523][5530][info ] Entering safepoint region: Cleanup
[2025-10-02T08:25:24.335+0000][43823.321s][5523][5530][info ] Leaving safepoint region
[2025-10-02T08:25:24.335+0000][43823.321s][5523][5530][info ] Total time for which application threads were stopped: 0.0001441 seconds, Stopping threads took: 0.0000257 seconds
[2025-10-02T08:25:25.335+0000][43824.321s][5523][5530][info ] Application time: 1.0002065 seconds
[2025-10-02T08:25:25.335+0000][43824.321s][5523][5530][info ] Entering safepoint region: Cleanup
[2025-10-02T08:25:25.335+0000][43824.322s][5523][5530][info ] Leaving safepoint region
[2025-10-02T08:25:25.335+0000][43824.322s][5523][5530][info ] Total time for which application threads were stopped: 0.0001862 seconds, Stopping threads took: 0.0000252 seconds
[2025-10-02T08:25:26.327+0000][43825.313s][5523][5529][trace] CMS: promo attempt is safe: available(765483624) >= av_promo(4228508), max_promo(68253168)
[2025-10-02T08:25:26.336+0000][43825.322s][5523][5530][info ] Application time: 1.0000988 seconds
[2025-10-02T08:25:26.336+0000][43825.322s][5523][5530][info ] Entering safepoint region: Cleanup
[2025-10-02T08:25:26.336+0000][43825.322s][5523][5530][info ] Leaving safepoint region
[2025-10-02T08:25:26.336+0000][43825.322s][5523][5530][info ] Total time for which application threads were stopped: 0.0001571 seconds, Stopping threads took: 0.0000272 seconds
[2025-10-02T08:25:27.336+0000][43826.322s][5523][5530][info ] Application time: 1.0001005 seconds
[2025-10-02T08:25:27.336+0000][43826.322s][5523][5530][info ] Entering safepoint region: Cleanup
[2025-10-02T08:25:27.336+0000][43826.322s][5523][5530][info ] Leaving safepoint region
[2025-10-02T08:25:27.336+0000][43826.322s][5523][5530][info ] Total time for which application threads were stopped: 0.0001432 seconds, Stopping threads took: 0.0000249 seconds
[2025-10-02T08:25:28.336+0000][43827.322s][5523][5530][info ] Application time: 1.0001067 seconds
[2025-10-02T08:25:28.336+0000][43827.322s][5523][5530][info ] Entering safepoint region: Cleanup
[2025-10-02T08:25:28.336+0000][43827.323s][5523][5530][info ] Leaving safepoint region
[2025-10-02T08:25:28.336+0000][43827.323s][5523][5530][info ] Total time for which application threads were stopped: 0.0001564 seconds, Stopping threads took: 0.0000268 seconds
[2025-10-02T08:25:29.336+0000][43828.323s][5523][5530][info ] Application time: 1.0000952 seconds
[2025-10-02T08:25:29.337+0000][43828.323s][5523][5530][info ] Entering safepoint region: Cleanup
[2025-10-02T08:25:29.337+0000][43828.323s][5523][5530][info ] Leaving safepoint region
[2025-10-02T08:25:29.337+0000][43828.323s][5523][5530][info ] Total time for which application threads were stopped: 0.0001490 seconds, Stopping threads took: 0.0000278 seconds
[2025-10-02T08:25:30.337+0000][43829.323s][5523][5530][info ] Application time: 1.0001049 seconds
[2025-10-02T08:25:30.337+0000][43829.323s][5523][5530][info ] Entering safepoint region: Cleanup
[2025-10-02T08:25:30.337+0000][43829.323s][5523][5530][info ] Leaving safepoint region
[2025-10-02T08:25:30.337+0000][43829.323s][5523][5530][info ] Total time for which application threads were stopped: 0.0001423 seconds, Stopping threads took: 0.0000262 seconds
[2025-10-02T08:25:31.337+0000][43830.323s][5523][5530][info ] Application time: 1.0001071 seconds
[2025-10-02T08:25:31.337+0000][43830.323s][5523][5530][info ] Entering safepoint region: Cleanup
[2025-10-02T08:25:31.337+0000][43830.324s][5523][5530][info ] Leaving safepoint region
[2025-10-02T08:25:31.337+0000][43830.324s][5523][5530][info ] Total time for which application threads were stopped: 0.0001820 seconds, Stopping threads took: 0.0000556 seconds
[2025-10-02T08:25:32.337+0000][43831.324s][5523][5530][info ] Application time: 1.0001108 seconds
[2025-10-02T08:25:32.338+0000][43831.324s][5523][5530][info ] Entering safepoint region: Cleanup
[2025-10-02T08:25:32.338+0000][43831.324s][5523][5530][info ] Leaving safepoint region
[2025-10-02T08:25:32.338+0000][43831.324s][5523][5530][info ] Total time for which application threads were stopped: 0.0001534 seconds, Stopping threads took: 0.0000262 seconds
[2025-10-02T08:25:33.338+0000][43832.324s][5523][5530][info ] Application time: 1.0000981 seconds
[2025-10-02T08:25:33.338+0000][43832.324s][5523][5530][info ] Entering safepoint region: Cleanup
[2025-10-02T08:25:33.338+0000][43832.324s][5523][5530][info ] Leaving safepoint region
[2025-10-02T08:25:33.338+0000][43832.324s][5523][5530][info ] Total time for which application threads were stopped: 0.0001444 seconds, Stopping threads took: 0.0000265 seconds
[2025-10-02T08:25:34.338+0000][43833.324s][5523][5530][info ] Application time: 1.0001004 seconds
[2025-10-02T08:25:34.338+0000][43833.324s][5523][5530][info ] Entering safepoint region: Cleanup
[2025-10-02T08:25:34.338+0000][43833.325s][5523][5530][info ] Leaving safepoint region
[2025-10-02T08:25:34.338+0000][43833.325s][5523][5530][info ] Total time for which application threads were stopped: 0.0001684 seconds, Stopping threads took: 0.0000298 seconds
[2025-10-02T08:25:35.338+0000][43834.325s][5523][5530][info ] Application time: 1.0000885 seconds
[2025-10-02T08:25:35.338+0000][43834.325s][5523][5530][info ] Entering safepoint region: Cleanup
[2025-10-02T08:25:35.339+0000][43834.325s][5523][5530][info ] Leaving safepoint region
[2025-10-02T08:25:35.339+0000][43834.325s][5523][5530][info ] Total time for which application threads were stopped: 0.0001668 seconds, Stopping threads took: 0.0000293 seconds
[2025-10-02T08:25:36.326+0000][43835.312s][5523][5529][trace] CMS: promo attempt is safe: available(765483624) >= av_promo(4228508), max_promo(68253168)
[2025-10-02T08:25:36.339+0000][43835.325s][5523][5530][info ] Application time: 1.0000795 seconds
[2025-10-02T08:25:36.339+0000][43835.325s][5523][5530][info ] Entering safepoint region: Cleanup
[2025-10-02T08:25:36.339+0000][43835.325s][5523][5530][info ] Leaving safepoint region
[2025-10-02T08:25:36.339+0000][43835.325s][5523][5530][info ] Total time for which application threads were stopped: 0.0001444 seconds, Stopping threads took: 0.0000260 seconds
[2025-10-02T08:25:37.339+0000][43836.325s][5523][5530][info ] Application time: 1.0001961 seconds
[2025-10-02T08:25:37.339+0000][43836.325s][5523][5530][info ] Entering safepoint region: Cleanup
[2025-10-02T08:25:37.339+0000][43836.326s][5523][5530][info ] Leaving safepoint region
[2025-10-02T08:25:37.339+0000][43836.326s][5523][5530][info ] Total time for which application threads were stopped: 0.0001552 seconds, Stopping threads took: 0.0000276 seconds
[2025-10-02T08:25:38.339+0000][43837.326s][5523][5530][info ] Application time: 1.0000924 seconds
[2025-10-02T08:25:38.339+0000][43837.326s][5523][5530][info ] Entering safepoint region: Cleanup
[2025-10-02T08:25:38.340+0000][43837.326s][5523][5530][info ] Leaving safepoint region
[2025-10-02T08:25:38.340+0000][43837.327s][5523][5530][info ] Total time for which application threads were stopped: 0.0009780 seconds, Stopping threads took: 0.0000332 seconds
[2025-10-02T08:25:39.341+0000][43838.327s][5523][5530][info ] Application time: 1.0000815 seconds
[2025-10-02T08:25:39.341+0000][43838.327s][5523][5530][info ] Entering safepoint region: Cleanup
[2025-10-02T08:25:39.341+0000][43838.327s][5523][5530][info ] Leaving safepoint region
[2025-10-02T08:25:39.341+0000][43838.327s][5523][5530][info ] Total time for which application threads were stopped: 0.0001458 seconds, Stopping threads took: 0.0000265 seconds
[2025-10-02T08:25:40.341+0000][43839.327s][5523][5530][info ] Application time: 1.0000777 seconds
[2025-10-02T08:25:40.341+0000][43839.327s][5523][5530][info ] Entering safepoint region: Cleanup
[2025-10-02T08:25:40.341+0000][43839.327s][5523][5530][info ] Leaving safepoint region
[2025-10-02T08:25:40.341+0000][43839.327s][5523][5530][info ] Total time for which application threads were stopped: 0.0001478 seconds, Stopping threads took: 0.0000282 seconds
[2025-10-02T08:25:41.341+0000][43840.327s][5523][5530][info ] Application time: 1.0000844 seconds
[2025-10-02T08:25:41.341+0000][43840.327s][5523][5530][info ] Entering safepoint region: Cleanup
[2025-10-02T08:25:41.341+0000][43840.327s][5523][5530][info ] Leaving safepoint region
[2025-10-02T08:25:41.341+0000][43840.328s][5523][5530][info ] Total time for which application threads were stopped: 0.0001452 seconds, Stopping threads took: 0.0000277 seconds
[2025-10-02T08:25:42.341+0000][43841.328s][5523][5530][info ] Application time: 1.0000850 seconds
[2025-10-02T08:25:42.341+0000][43841.328s][5523][5530][info ] Entering safepoint region: Cleanup
[2025-10-02T08:25:42.342+0000][43841.328s][5523][5530][info ] Leaving safepoint region
[2025-10-02T08:25:42.342+0000][43841.328s][5523][5530][info ] Total time for which application threads were stopped: 0.0001913 seconds, Stopping threads took: 0.0000261 seconds
[2025-10-02T08:25:43.342+0000][43842.328s][5523][5530][info ] Application time: 1.0000894 seconds
[2025-10-02T08:25:43.342+0000][43842.328s][5523][5530][info ] Entering safepoint region: Cleanup
[2025-10-02T08:25:43.342+0000][43842.328s][5523][5530][info ] Leaving safepoint region
[2025-10-02T08:25:43.342+0000][43842.328s][5523][5530][info ] Total time for which application threads were stopped: 0.0001577 seconds, Stopping threads took: 0.0000255 seconds
[2025-10-02T08:25:44.342+0000][43843.328s][5523][5530][info ] Application time: 1.0001011 seconds
[2025-10-02T08:25:44.342+0000][43843.328s][5523][5530][info ] Entering safepoint region: Cleanup
[2025-10-02T08:25:44.342+0000][43843.328s][5523][5530][info ] Leaving safepoint region
[2025-10-02T08:25:44.342+0000][43843.328s][5523][5530][info ] Total time for which application threads were stopped: 0.0001460 seconds, Stopping threads took: 0.0000286 seconds
[2025-10-02T08:25:45.342+0000][43844.329s][5523][5530][info ] Application time: 1.0001019 seconds
[2025-10-02T08:25:45.342+0000][43844.329s][5523][5530][info ] Entering safepoint region: Cleanup
[2025-10-02T08:25:45.343+0000][43844.329s][5523][5530][info ] Leaving safepoint region
[2025-10-02T08:25:45.343+0000][43844.329s][5523][5530][info ] Total time for which application threads were stopped: 0.0001708 seconds, Stopping threads took: 0.0000246 seconds
[2025-10-02T08:25:46.326+0000][43845.312s][5523][5529][trace] CMS: promo attempt is safe: available(765483624) >= av_promo(4228508), max_promo(73494712)
[2025-10-02T08:25:46.343+0000][43845.329s][5523][5530][info ] Application time: 1.0000807 seconds
[2025-10-02T08:25:46.343+0000][43845.329s][5523][5530][info ] Entering safepoint region: Cleanup
[2025-10-02T08:25:46.343+0000][43845.329s][5523][5530][info ] Leaving safepoint region
[2025-10-02T08:25:46.343+0000][43845.329s][5523][5530][info ] Total time for which application threads were stopped: 0.0001440 seconds, Stopping threads took: 0.0000274 seconds
[2025-10-02T08:25:47.343+0000][43846.329s][5523][5530][info ] Application time: 1.0001017 seconds
[2025-10-02T08:25:47.343+0000][43846.329s][5523][5530][info ] Entering safepoint region: Cleanup
[2025-10-02T08:25:47.343+0000][43846.329s][5523][5530][info ] Leaving safepoint region
[2025-10-02T08:25:47.343+0000][43846.329s][5523][5530][info ] Total time for which application threads were stopped: 0.0001523 seconds, Stopping threads took: 0.0000293 seconds
[2025-10-02T08:25:48.343+0000][43847.330s][5523][5530][info ] Application time: 1.0000946 seconds
[2025-10-02T08:25:48.343+0000][43847.330s][5523][5530][info ] Entering safepoint region: Cleanup
[2025-10-02T08:25:48.344+0000][43847.330s][5523][5530][info ] Leaving safepoint region
[2025-10-02T08:25:48.344+0000][43847.330s][5523][5530][info ] Total time for which application threads were stopped: 0.0001877 seconds, Stopping threads took: 0.0000267 seconds
[2025-10-02T08:25:49.344+0000][43848.330s][5523][5530][info ] Application time: 1.0000916 seconds
[2025-10-02T08:25:49.344+0000][43848.330s][5523][5530][info ] Entering safepoint region: Cleanup
[2025-10-02T08:25:49.344+0000][43848.330s][5523][5530][info ] Leaving safepoint region
[2025-10-02T08:25:49.344+0000][43848.330s][5523][5530][info ] Total time for which application threads were stopped: 0.0001642 seconds, Stopping threads took: 0.0000253 seconds
[2025-10-02T08:25:50.344+0000][43849.330s][5523][5530][info ] Application time: 1.0001021 seconds
[2025-10-02T08:25:50.344+0000][43849.330s][5523][5530][info ] Entering safepoint region: Cleanup
[2025-10-02T08:25:50.344+0000][43849.330s][5523][5530][info ] Leaving safepoint region
[2025-10-02T08:25:50.344+0000][43849.330s][5523][5530][info ] Total time for which application threads were stopped: 0.0001628 seconds, Stopping threads took: 0.0000293 seconds
[2025-10-02T08:25:51.344+0000][43850.331s][5523][5530][info ] Application time: 1.0001005 seconds
[2025-10-02T08:25:51.344+0000][43850.331s][5523][5530][info ] Entering safepoint region: Cleanup
[2025-10-02T08:25:51.345+0000][43850.331s][5523][5530][info ] Leaving safepoint region
[2025-10-02T08:25:51.345+0000][43850.331s][5523][5530][info ] Total time for which application threads were stopped: 0.0001712 seconds, Stopping threads took: 0.0000254 seconds
[2025-10-02T08:25:52.345+0000][43851.331s][5523][5530][info ] Application time: 1.0000961 seconds
[2025-10-02T08:25:52.345+0000][43851.331s][5523][5530][info ] Entering safepoint region: Cleanup
[2025-10-02T08:25:52.345+0000][43851.331s][5523][5530][info ] Leaving safepoint region
[2025-10-02T08:25:52.345+0000][43851.331s][5523][5530][info ] Total time for which application threads were stopped: 0.0001449 seconds, Stopping threads took: 0.0000265 seconds
[2025-10-02T08:25:53.345+0000][43852.331s][5523][5530][info ] Application time: 1.0000924 seconds
[2025-10-02T08:25:53.345+0000][43852.331s][5523][5530][info ] Entering safepoint region: Cleanup
[2025-10-02T08:25:53.345+0000][43852.331s][5523][5530][info ] Leaving safepoint region
[2025-10-02T08:25:53.345+0000][43852.331s][5523][5530][info ] Total time for which application threads were stopped: 0.0001427 seconds, Stopping threads took: 0.0000252 seconds
[2025-10-02T08:25:54.345+0000][43853.331s][5523][5530][info ] Application time: 1.0000764 seconds
[2025-10-02T08:25:54.345+0000][43853.332s][5523][5530][info ] Entering safepoint region: Cleanup
[2025-10-02T08:25:54.345+0000][43853.332s][5523][5530][info ] Leaving safepoint region
[2025-10-02T08:25:54.345+0000][43853.332s][5523][5530][info ] Total time for which application threads were stopped: 0.0001407 seconds, Stopping threads took: 0.0000247 seconds
[2025-10-02T08:25:55.346+0000][43854.332s][5523][5530][info ] Application time: 1.0001095 seconds
[2025-10-02T08:25:55.346+0000][43854.332s][5523][5530][info ] Entering safepoint region: Cleanup
[2025-10-02T08:25:55.346+0000][43854.332s][5523][5530][info ] Leaving safepoint region
[2025-10-02T08:25:55.346+0000][43854.332s][5523][5530][info ] Total time for which application threads were stopped: 0.0001649 seconds, Stopping threads took: 0.0000259 seconds
[2025-10-02T08:25:56.326+0000][43855.312s][5523][5529][trace] CMS: promo attempt is safe: available(765483624) >= av_promo(4228508), max_promo(73774096)
[2025-10-02T08:25:56.346+0000][43855.333s][5523][5530][info ] Application time: 1.0006670 seconds
[2025-10-02T08:25:56.346+0000][43855.333s][5523][5530][info ] Entering safepoint region: Cleanup
[2025-10-02T08:25:56.347+0000][43855.333s][5523][5530][info ] Leaving safepoint region
[2025-10-02T08:25:56.347+0000][43855.333s][5523][5530][info ] Total time for which application threads were stopped: 0.0001911 seconds, Stopping threads took: 0.0000459 seconds
[2025-10-02T08:25:57.348+0000][43856.334s][5523][5530][info ] Application time: 1.0008249 seconds
[2025-10-02T08:25:57.348+0000][43856.334s][5523][5530][info ] Entering safepoint region: Cleanup
[2025-10-02T08:25:57.348+0000][43856.334s][5523][5530][info ] Leaving safepoint region
[2025-10-02T08:25:57.348+0000][43856.334s][5523][5530][info ] Total time for which application threads were stopped: 0.0001702 seconds, Stopping threads took: 0.0000379 seconds
[2025-10-02T08:25:58.348+0000][43857.334s][5523][5530][info ] Application time: 1.0000730 seconds
[2025-10-02T08:25:58.348+0000][43857.334s][5523][5530][info ] Entering safepoint region: Cleanup
[2025-10-02T08:25:58.348+0000][43857.334s][5523][5530][info ] Leaving safepoint region
[2025-10-02T08:25:58.348+0000][43857.334s][5523][5530][info ] Total time for which application threads were stopped: 0.0001404 seconds, Stopping threads took: 0.0000258 seconds
[2025-10-02T08:25:59.348+0000][43858.334s][5523][5530][info ] Application time: 1.0000925 seconds
[2025-10-02T08:25:59.348+0000][43858.334s][5523][5530][info ] Entering safepoint region: Cleanup
[2025-10-02T08:25:59.348+0000][43858.335s][5523][5530][info ] Leaving safepoint region
[2025-10-02T08:25:59.348+0000][43858.335s][5523][5530][info ] Total time for which application threads were stopped: 0.0001412 seconds, Stopping threads took: 0.0000271 seconds
[2025-10-02T08:26:00.348+0000][43859.335s][5523][5530][info ] Application time: 1.0001019 seconds
[2025-10-02T08:26:00.348+0000][43859.335s][5523][5530][info ] Entering safepoint region: Cleanup
[2025-10-02T08:26:00.349+0000][43859.335s][5523][5530][info ] Leaving safepoint region
[2025-10-02T08:26:00.349+0000][43859.335s][5523][5530][info ] Total time for which application threads were stopped: 0.0001647 seconds, Stopping threads took: 0.0000243 seconds
[2025-10-02T08:26:01.349+0000][43860.335s][5523][5530][info ] Application time: 1.0001327 seconds
[2025-10-02T08:26:01.349+0000][43860.335s][5523][5530][info ] Entering safepoint region: Cleanup
[2025-10-02T08:26:01.349+0000][43860.335s][5523][5530][info ] Leaving safepoint region
[2025-10-02T08:26:01.349+0000][43860.335s][5523][5530][info ] Total time for which application threads were stopped: 0.0001425 seconds, Stopping threads took: 0.0000278 seconds
[2025-10-02T08:26:02.349+0000][43861.335s][5523][5530][info ] Application time: 1.0001076 seconds
[2025-10-02T08:26:02.349+0000][43861.335s][5523][5530][info ] Entering safepoint region: Cleanup
[2025-10-02T08:26:02.349+0000][43861.336s][5523][5530][info ] Leaving safepoint region
[2025-10-02T08:26:02.349+0000][43861.336s][5523][5530][info ] Total time for which application threads were stopped: 0.0001620 seconds, Stopping threads took: 0.0000276 seconds
[2025-10-02T08:26:03.349+0000][43862.336s][5523][5530][info ] Application time: 1.0001174 seconds
[2025-10-02T08:26:03.349+0000][43862.336s][5523][5530][info ] Entering safepoint region: Cleanup
[2025-10-02T08:26:03.350+0000][43862.336s][5523][5530][info ] Leaving safepoint region
[2025-10-02T08:26:03.350+0000][43862.336s][5523][5530][info ] Total time for which application threads were stopped: 0.0001700 seconds, Stopping threads took: 0.0000526 seconds
[2025-10-02T08:26:04.350+0000][43863.336s][5523][5530][info ] Application time: 1.0001043 seconds
[2025-10-02T08:26:04.350+0000][43863.336s][5523][5530][info ] Entering safepoint region: Cleanup
[2025-10-02T08:26:04.350+0000][43863.336s][5523][5530][info ] Leaving safepoint region
[2025-10-02T08:26:04.350+0000][43863.336s][5523][5530][info ] Total time for which application threads were stopped: 0.0001510 seconds, Stopping threads took: 0.0000321 seconds
[2025-10-02T08:26:05.350+0000][43864.336s][5523][5530][info ] Application time: 1.0001105 seconds
[2025-10-02T08:26:05.350+0000][43864.336s][5523][5530][info ] Entering safepoint region: Cleanup
[2025-10-02T08:26:05.350+0000][43864.336s][5523][5530][info ] Leaving safepoint region
[2025-10-02T08:26:05.350+0000][43864.336s][5523][5530][info ] Total time for which application threads were stopped: 0.0001431 seconds, Stopping threads took: 0.0000288 seconds
[2025-10-02T08:26:06.325+0000][43865.312s][5523][5529][trace] CMS: promo attempt is safe: available(765483624) >= av_promo(4228508), max_promo(73779408)
[2025-10-02T08:26:06.350+0000][43865.337s][5523][5530][info ] Application time: 1.0001025 seconds
[2025-10-02T08:26:06.350+0000][43865.337s][5523][5530][info ] Entering safepoint region: Cleanup
[2025-10-02T08:26:06.351+0000][43865.337s][5523][5530][info ] Leaving safepoint region
[2025-10-02T08:26:06.351+0000][43865.337s][5523][5530][info ] Total time for which application threads were stopped: 0.0001682 seconds, Stopping threads took: 0.0000245 seconds
[2025-10-02T08:26:07.351+0000][43866.337s][5523][5530][info ] Application time: 1.0000747 seconds
[2025-10-02T08:26:07.351+0000][43866.337s][5523][5530][info ] Entering safepoint region: Cleanup
[2025-10-02T08:26:07.351+0000][43866.337s][5523][5530][info ] Leaving safepoint region
[2025-10-02T08:26:07.351+0000][43866.337s][5523][5530][info ] Total time for which application threads were stopped: 0.0001837 seconds, Stopping threads took: 0.0000250 seconds
[2025-10-02T08:26:08.351+0000][43867.337s][5523][5530][info ] Application time: 1.0001945 seconds
[2025-10-02T08:26:08.351+0000][43867.337s][5523][5530][info ] Entering safepoint region: Cleanup
[2025-10-02T08:26:08.351+0000][43867.338s][5523][5530][info ] Leaving safepoint region
[2025-10-02T08:26:08.351+0000][43867.338s][5523][5530][info ] Total time for which application threads were stopped: 0.0001413 seconds, Stopping threads took: 0.0000271 seconds
[2025-10-02T08:26:09.351+0000][43868.338s][5523][5530][info ] Application time: 1.0000981 seconds
[2025-10-02T08:26:09.351+0000][43868.338s][5523][5530][info ] Entering safepoint region: Cleanup
[2025-10-02T08:26:09.352+0000][43868.338s][5523][5530][info ] Leaving safepoint region
[2025-10-02T08:26:09.352+0000][43868.338s][5523][5530][info ] Total time for which application threads were stopped: 0.0001729 seconds, Stopping threads took: 0.0000420 seconds
[2025-10-02T08:26:10.352+0000][43869.338s][5523][5530][info ] Application time: 1.0001001 seconds
[2025-10-02T08:26:10.352+0000][43869.338s][5523][5530][info ] Entering safepoint region: Cleanup
[2025-10-02T08:26:10.352+0000][43869.338s][5523][5530][info ] Leaving safepoint region
[2025-10-02T08:26:10.352+0000][43869.338s][5523][5530][info ] Total time for which application threads were stopped: 0.0001354 seconds, Stopping threads took: 0.0000256 seconds
[2025-10-02T08:26:11.352+0000][43870.338s][5523][5530][info ] Application time: 1.0001023 seconds
[2025-10-02T08:26:11.352+0000][43870.338s][5523][5530][info ] Entering safepoint region: Cleanup
[2025-10-02T08:26:11.352+0000][43870.338s][5523][5530][info ] Leaving safepoint region
[2025-10-02T08:26:11.352+0000][43870.338s][5523][5530][info ] Total time for which application threads were stopped: 0.0001387 seconds, Stopping threads took: 0.0000254 seconds
[2025-10-02T08:26:12.352+0000][43871.339s][5523][5530][info ] Application time: 1.0000940 seconds
[2025-10-02T08:26:12.352+0000][43871.339s][5523][5530][info ] Entering safepoint region: Cleanup
[2025-10-02T08:26:12.352+0000][43871.339s][5523][5530][info ] Leaving safepoint region
[2025-10-02T08:26:12.352+0000][43871.339s][5523][5530][info ] Total time for which application threads were stopped: 0.0001360 seconds, Stopping threads took: 0.0000253 seconds
[2025-10-02T08:26:13.353+0000][43872.339s][5523][5530][info ] Application time: 1.0000948 seconds
[2025-10-02T08:26:13.353+0000][43872.339s][5523][5530][info ] Entering safepoint region: Cleanup
[2025-10-02T08:26:13.353+0000][43872.339s][5523][5530][info ] Leaving safepoint region
[2025-10-02T08:26:13.353+0000][43872.339s][5523][5530][info ] Total time for which application threads were stopped: 0.0001317 seconds, Stopping threads took: 0.0000258 seconds
[2025-10-02T08:26:14.353+0000][43873.339s][5523][5530][info ] Application time: 1.0001048 seconds
[2025-10-02T08:26:14.353+0000][43873.339s][5523][5530][info ] Entering safepoint region: Cleanup
[2025-10-02T08:26:14.353+0000][43873.339s][5523][5530][info ] Leaving safepoint region
[2025-10-02T08:26:14.353+0000][43873.339s][5523][5530][info ] Total time for which application threads were stopped: 0.0001395 seconds, Stopping threads took: 0.0000270 seconds
[2025-10-02T08:26:15.353+0000][43874.339s][5523][5530][info ] Application time: 1.0001020 seconds
[2025-10-02T08:26:15.353+0000][43874.339s][5523][5530][info ] Entering safepoint region: Cleanup
[2025-10-02T08:26:15.353+0000][43874.340s][5523][5530][info ] Leaving safepoint region
[2025-10-02T08:26:15.353+0000][43874.340s][5523][5530][info ] Total time for which application threads were stopped: 0.0001377 seconds, Stopping threads took: 0.0000293 seconds
[2025-10-02T08:26:16.326+0000][43875.312s][5523][5529][trace] CMS: promo attempt is safe: available(765483624) >= av_promo(4228508), max_promo(75350640)
[2025-10-02T08:26:16.353+0000][43875.340s][5523][5530][info ] Application time: 1.0001010 seconds
[2025-10-02T08:26:16.354+0000][43875.340s][5523][5530][info ] Entering safepoint region: Cleanup
[2025-10-02T08:26:16.354+0000][43875.340s][5523][5530][info ] Leaving safepoint region
[2025-10-02T08:26:16.354+0000][43875.340s][5523][5530][info ] Total time for which application threads were stopped: 0.0001351 seconds, Stopping threads took: 0.0000274 seconds
[2025-10-02T08:26:17.354+0000][43876.340s][5523][5530][info ] Application time: 1.0000792 seconds
[2025-10-02T08:26:17.354+0000][43876.340s][5523][5530][info ] Entering safepoint region: Cleanup
[2025-10-02T08:26:17.354+0000][43876.340s][5523][5530][info ] Leaving safepoint region
[2025-10-02T08:26:17.354+0000][43876.340s][5523][5530][info ] Total time for which application threads were stopped: 0.0001399 seconds, Stopping threads took: 0.0000255 seconds
[2025-10-02T08:26:18.354+0000][43877.340s][5523][5530][info ] Application time: 1.0000916 seconds
[2025-10-02T08:26:18.354+0000][43877.340s][5523][5530][info ] Entering safepoint region: Cleanup
[2025-10-02T08:26:18.354+0000][43877.340s][5523][5530][info ] Leaving safepoint region
[2025-10-02T08:26:18.354+0000][43877.340s][5523][5530][info ] Total time for which application threads were stopped: 0.0001646 seconds, Stopping threads took: 0.0000404 seconds
[2025-10-02T08:26:19.354+0000][43878.341s][5523][5530][info ] Application time: 1.0001038 seconds
[2025-10-02T08:26:19.354+0000][43878.341s][5523][5530][info ] Entering safepoint region: Cleanup
[2025-10-02T08:26:19.355+0000][43878.341s][5523][5530][info ] Leaving safepoint region
[2025-10-02T08:26:19.355+0000][43878.341s][5523][5530][info ] Total time for which application threads were stopped: 0.0001591 seconds, Stopping threads took: 0.0000275 seconds
[2025-10-02T08:26:20.355+0000][43879.341s][5523][5530][info ] Application time: 1.0001096 seconds
[2025-10-02T08:26:20.355+0000][43879.341s][5523][5530][info ] Entering safepoint region: Cleanup
[2025-10-02T08:26:20.355+0000][43879.341s][5523][5530][info ] Leaving safepoint region
[2025-10-02T08:26:20.355+0000][43879.341s][5523][5530][info ] Total time for which application threads were stopped: 0.0001413 seconds, Stopping threads took: 0.0000286 seconds
[2025-10-02T08:26:21.355+0000][43880.341s][5523][5530][info ] Application time: 1.0001878 seconds
[2025-10-02T08:26:21.355+0000][43880.341s][5523][5530][info ] Entering safepoint region: Cleanup
[2025-10-02T08:26:21.355+0000][43880.341s][5523][5530][info ] Leaving safepoint region
[2025-10-02T08:26:21.355+0000][43880.341s][5523][5530][info ] Total time for which application threads were stopped: 0.0001389 seconds, Stopping threads took: 0.0000295 seconds
[2025-10-02T08:26:22.355+0000][43881.342s][5523][5530][info ] Application time: 1.0000881 seconds
[2025-10-02T08:26:22.355+0000][43881.342s][5523][5530][info ] Entering safepoint region: Cleanup
[2025-10-02T08:26:22.356+0000][43881.342s][5523][5530][info ] Leaving safepoint region
[2025-10-02T08:26:22.356+0000][43881.342s][5523][5530][info ] Total time for which application threads were stopped: 0.0001530 seconds, Stopping threads took: 0.0000235 seconds
[2025-10-02T08:26:23.356+0000][43882.342s][5523][5530][info ] Application time: 1.0000941 seconds
[2025-10-02T08:26:23.356+0000][43882.342s][5523][5530][info ] Entering safepoint region: Cleanup
[2025-10-02T08:26:23.356+0000][43882.342s][5523][5530][info ] Leaving safepoint region
[2025-10-02T08:26:23.356+0000][43882.342s][5523][5530][info ] Total time for which application threads were stopped: 0.0001330 seconds, Stopping threads took: 0.0000249 seconds
[2025-10-02T08:26:24.356+0000][43883.342s][5523][5530][info ] Application time: 1.0001896 seconds
[2025-10-02T08:26:24.356+0000][43883.342s][5523][5530][info ] Entering safepoint region: Cleanup
[2025-10-02T08:26:24.356+0000][43883.342s][5523][5530][info ] Leaving safepoint region
[2025-10-02T08:26:24.356+0000][43883.342s][5523][5530][info ] Total time for which application threads were stopped: 0.0001399 seconds, Stopping threads took: 0.0000271 seconds
[2025-10-02T08:26:25.356+0000][43884.343s][5523][5530][info ] Application time: 1.0000886 seconds
[2025-10-02T08:26:25.356+0000][43884.343s][5523][5530][info ] Entering safepoint region: Cleanup
[2025-10-02T08:26:25.357+0000][43884.343s][5523][5530][info ] Leaving safepoint region
[2025-10-02T08:26:25.357+0000][43884.343s][5523][5530][info ] Total time for which application threads were stopped: 0.0001668 seconds, Stopping threads took: 0.0000273 seconds
[2025-10-02T08:26:26.325+0000][43885.311s][5523][5529][trace] CMS: promo attempt is safe: available(765483624) >= av_promo(4228508), max_promo(76154448)
[2025-10-02T08:26:26.357+0000][43885.343s][5523][5530][info ] Application time: 1.0000779 seconds
[2025-10-02T08:26:26.357+0000][43885.343s][5523][5530][info ] Entering safepoint region: Cleanup
[2025-10-02T08:26:26.357+0000][43885.343s][5523][5530][info ] Leaving safepoint region
[2025-10-02T08:26:26.357+0000][43885.343s][5523][5530][info ] Total time for which application threads were stopped: 0.0001549 seconds, Stopping threads took: 0.0000265 seconds
[2025-10-02T08:26:27.357+0000][43886.343s][5523][5530][info ] Application time: 1.0001060 seconds
[2025-10-02T08:26:27.357+0000][43886.343s][5523][5530][info ] Entering safepoint region: Cleanup
[2025-10-02T08:26:27.357+0000][43886.343s][5523][5530][info ] Leaving safepoint region
[2025-10-02T08:26:27.357+0000][43886.343s][5523][5530][info ] Total time for which application threads were stopped: 0.0001388 seconds, Stopping threads took: 0.0000246 seconds
[2025-10-02T08:26:28.357+0000][43887.343s][5523][5530][info ] Application time: 1.0000992 seconds
[2025-10-02T08:26:28.357+0000][43887.344s][5523][5530][info ] Entering safepoint region: Cleanup
[2025-10-02T08:26:28.357+0000][43887.344s][5523][5530][info ] Leaving safepoint region
[2025-10-02T08:26:28.357+0000][43887.344s][5523][5530][info ] Total time for which application threads were stopped: 0.0001491 seconds, Stopping threads took: 0.0000345 seconds
[2025-10-02T08:26:29.358+0000][43888.344s][5523][5530][info ] Application time: 1.0000984 seconds
[2025-10-02T08:26:29.358+0000][43888.344s][5523][5530][info ] Entering safepoint region: Cleanup
[2025-10-02T08:26:29.358+0000][43888.344s][5523][5530][info ] Leaving safepoint region
[2025-10-02T08:26:29.358+0000][43888.344s][5523][5530][info ] Total time for which application threads were stopped: 0.0001330 seconds, Stopping threads took: 0.0000249 seconds
[2025-10-02T08:26:30.358+0000][43889.344s][5523][5530][info ] Application time: 1.0000963 seconds
[2025-10-02T08:26:30.358+0000][43889.344s][5523][5530][info ] Entering safepoint region: Cleanup
[2025-10-02T08:26:30.358+0000][43889.344s][5523][5530][info ] Leaving safepoint region
[2025-10-02T08:26:30.358+0000][43889.344s][5523][5530][info ] Total time for which application threads were stopped: 0.0001357 seconds, Stopping threads took: 0.0000269 seconds
[2025-10-02T08:26:31.358+0000][43890.344s][5523][5530][info ] Application time: 1.0000960 seconds
[2025-10-02T08:26:31.358+0000][43890.344s][5523][5530][info ] Entering safepoint region: Cleanup
[2025-10-02T08:26:31.358+0000][43890.345s][5523][5530][info ] Leaving safepoint region
[2025-10-02T08:26:31.358+0000][43890.345s][5523][5530][info ] Total time for which application threads were stopped: 0.0001404 seconds, Stopping threads took: 0.0000265 seconds
[2025-10-02T08:26:32.358+0000][43891.345s][5523][5530][info ] Application time: 1.0001808 seconds
[2025-10-02T08:26:32.359+0000][43891.345s][5523][5530][info ] Entering safepoint region: Cleanup
[2025-10-02T08:26:32.359+0000][43891.345s][5523][5530][info ] Leaving safepoint region
[2025-10-02T08:26:32.359+0000][43891.345s][5523][5530][info ] Total time for which application threads were stopped: 0.0001408 seconds, Stopping threads took: 0.0000283 seconds
[2025-10-02T08:26:33.359+0000][43892.345s][5523][5530][info ] Application time: 1.0001076 seconds
[2025-10-02T08:26:33.359+0000][43892.345s][5523][5530][info ] Entering safepoint region: Cleanup
[2025-10-02T08:26:33.359+0000][43892.345s][5523][5530][info ] Leaving safepoint region
[2025-10-02T08:26:33.359+0000][43892.345s][5523][5530][info ] Total time for which application threads were stopped: 0.0002683 seconds, Stopping threads took: 0.0000352 seconds
[2025-10-02T08:26:34.359+0000][43893.345s][5523][5530][info ] Application time: 1.0001082 seconds
[2025-10-02T08:26:34.359+0000][43893.346s][5523][5530][info ] Entering safepoint region: Cleanup
[2025-10-02T08:26:34.359+0000][43893.346s][5523][5530][info ] Leaving safepoint region
[2025-10-02T08:26:34.359+0000][43893.346s][5523][5530][info ] Total time for which application threads were stopped: 0.0001377 seconds, Stopping threads took: 0.0000280 seconds
[2025-10-02T08:26:35.360+0000][43894.346s][5523][5530][info ] Application time: 1.0001049 seconds
[2025-10-02T08:26:35.360+0000][43894.346s][5523][5530][info ] Entering safepoint region: Cleanup
[2025-10-02T08:26:35.360+0000][43894.346s][5523][5530][info ] Leaving safepoint region
[2025-10-02T08:26:35.360+0000][43894.346s][5523][5530][info ] Total time for which application threads were stopped: 0.0001557 seconds, Stopping threads took: 0.0000442 seconds
[2025-10-02T08:26:36.324+0000][43895.310s][5523][5529][trace] CMS: promo attempt is safe: available(765483624) >= av_promo(4228508), max_promo(76288560)
[2025-10-02T08:26:36.360+0000][43895.346s][5523][5530][info ] Application time: 1.0001011 seconds
[2025-10-02T08:26:36.360+0000][43895.346s][5523][5530][info ] Entering safepoint region: Cleanup
[2025-10-02T08:26:36.360+0000][43895.346s][5523][5530][info ] Leaving safepoint region
[2025-10-02T08:26:36.360+0000][43895.346s][5523][5530][info ] Total time for which application threads were stopped: 0.0001356 seconds, Stopping threads took: 0.0000271 seconds
[2025-10-02T08:26:37.360+0000][43896.346s][5523][5530][info ] Application time: 1.0000886 seconds
[2025-10-02T08:26:37.360+0000][43896.346s][5523][5530][info ] Entering safepoint region: Cleanup
[2025-10-02T08:26:37.360+0000][43896.347s][5523][5530][info ] Leaving safepoint region
[2025-10-02T08:26:37.360+0000][43896.347s][5523][5530][info ] Total time for which application threads were stopped: 0.0001343 seconds, Stopping threads took: 0.0000256 seconds
[2025-10-02T08:26:38.360+0000][43897.347s][5523][5530][info ] Application time: 1.0001011 seconds
[2025-10-02T08:26:38.360+0000][43897.347s][5523][5530][info ] Entering safepoint region: Cleanup
[2025-10-02T08:26:38.361+0000][43897.347s][5523][5530][info ] Leaving safepoint region
[2025-10-02T08:26:38.361+0000][43897.347s][5523][5530][info ] Total time for which application threads were stopped: 0.0001518 seconds, Stopping threads took: 0.0000278 seconds
[2025-10-02T08:26:39.361+0000][43898.347s][5523][5530][info ] Application time: 1.0001026 seconds
[2025-10-02T08:26:39.361+0000][43898.347s][5523][5530][info ] Entering safepoint region: Cleanup
[2025-10-02T08:26:39.361+0000][43898.347s][5523][5530][info ] Leaving safepoint region
[2025-10-02T08:26:39.361+0000][43898.347s][5523][5530][info ] Total time for which application threads were stopped: 0.0001339 seconds, Stopping threads took: 0.0000247 seconds
[2025-10-02T08:26:40.361+0000][43899.347s][5523][5530][info ] Application time: 1.0001141 seconds
[2025-10-02T08:26:40.361+0000][43899.347s][5523][5530][info ] Entering safepoint region: Cleanup
[2025-10-02T08:26:40.361+0000][43899.347s][5523][5530][info ] Leaving safepoint region
[2025-10-02T08:26:40.361+0000][43899.347s][5523][5530][info ] Total time for which application threads were stopped: 0.0001371 seconds, Stopping threads took: 0.0000268 seconds
[2025-10-02T08:26:41.361+0000][43900.348s][5523][5530][info ] Application time: 1.0001062 seconds
[2025-10-02T08:26:41.361+0000][43900.348s][5523][5530][info ] Entering safepoint region: Cleanup
[2025-10-02T08:26:41.362+0000][43900.348s][5523][5530][info ] Leaving safepoint region
[2025-10-02T08:26:41.362+0000][43900.348s][5523][5530][info ] Total time for which application threads were stopped: 0.0001631 seconds, Stopping threads took: 0.0000249 seconds
[2025-10-02T08:26:42.362+0000][43901.348s][5523][5530][info ] Application time: 1.0000747 seconds
[2025-10-02T08:26:42.362+0000][43901.348s][5523][5530][info ] Entering safepoint region: Cleanup
[2025-10-02T08:26:42.362+0000][43901.348s][5523][5530][info ] Leaving safepoint region
[2025-10-02T08:26:42.362+0000][43901.348s][5523][5530][info ] Total time for which application threads were stopped: 0.0001393 seconds, Stopping threads took: 0.0000239 seconds
[2025-10-02T08:26:43.362+0000][43902.348s][5523][5530][info ] Application time: 1.0000978 seconds
[2025-10-02T08:26:43.362+0000][43902.348s][5523][5530][info ] Entering safepoint region: Cleanup
[2025-10-02T08:26:43.362+0000][43902.348s][5523][5530][info ] Leaving safepoint region
[2025-10-02T08:26:43.362+0000][43902.348s][5523][5530][info ] Total time for which application threads were stopped: 0.0001366 seconds, Stopping threads took: 0.0000262 seconds
[2025-10-02T08:26:44.362+0000][43903.348s][5523][5530][info ] Application time: 1.0000878 seconds
[2025-10-02T08:26:44.362+0000][43903.348s][5523][5530][info ] Entering safepoint region: Cleanup
[2025-10-02T08:26:44.362+0000][43903.349s][5523][5530][info ] Leaving safepoint region
[2025-10-02T08:26:44.362+0000][43903.349s][5523][5530][info ] Total time for which application threads were stopped: 0.0001373 seconds, Stopping threads took: 0.0000274 seconds
[2025-10-02T08:26:45.362+0000][43904.349s][5523][5530][info ] Application time: 1.0001016 seconds
[2025-10-02T08:26:45.363+0000][43904.349s][5523][5530][info ] Entering safepoint region: Cleanup
[2025-10-02T08:26:45.363+0000][43904.349s][5523][5530][info ] Leaving safepoint region
[2025-10-02T08:26:45.363+0000][43904.349s][5523][5530][info ] Total time for which application threads were stopped: 0.0001384 seconds, Stopping threads took: 0.0000242 seconds
[2025-10-02T08:26:46.324+0000][43905.310s][5523][5529][trace] CMS: promo attempt is safe: available(765483624) >= av_promo(4228508), max_promo(76288560)
[2025-10-02T08:26:46.363+0000][43905.349s][5523][5530][info ] Application time: 1.0001073 seconds
[2025-10-02T08:26:46.363+0000][43905.349s][5523][5530][info ] Entering safepoint region: Cleanup
[2025-10-02T08:26:46.363+0000][43905.349s][5523][5530][info ] Leaving safepoint region
[2025-10-02T08:26:46.363+0000][43905.349s][5523][5530][info ] Total time for which application threads were stopped: 0.0001910 seconds, Stopping threads took: 0.0000338 seconds
[2025-10-02T08:26:47.363+0000][43906.349s][5523][5530][info ] Application time: 1.0001220 seconds
[2025-10-02T08:26:47.363+0000][43906.349s][5523][5530][info ] Entering safepoint region: Cleanup
[2025-10-02T08:26:47.363+0000][43906.350s][5523][5530][info ] Leaving safepoint region
[2025-10-02T08:26:47.363+0000][43906.350s][5523][5530][info ] Total time for which application threads were stopped: 0.0001337 seconds, Stopping threads took: 0.0000247 seconds
[2025-10-02T08:26:48.363+0000][43907.350s][5523][5530][info ] Application time: 1.0001008 seconds
[2025-10-02T08:26:48.364+0000][43907.350s][5523][5530][info ] Entering safepoint region: Cleanup
[2025-10-02T08:26:48.365+0000][43907.351s][5523][5530][info ] Leaving safepoint region
[2025-10-02T08:26:48.365+0000][43907.351s][5523][5530][info ] Total time for which application threads were stopped: 0.0010523 seconds, Stopping threads took: 0.0009135 seconds
[2025-10-02T08:26:49.365+0000][43908.351s][5523][5530][info ] Application time: 1.0000741 seconds
[2025-10-02T08:26:49.365+0000][43908.351s][5523][5530][info ] Entering safepoint region: Cleanup
[2025-10-02T08:26:49.365+0000][43908.351s][5523][5530][info ] Leaving safepoint region
[2025-10-02T08:26:49.365+0000][43908.351s][5523][5530][info ] Total time for which application threads were stopped: 0.0001414 seconds, Stopping threads took: 0.0000281 seconds
[2025-10-02T08:26:50.365+0000][43909.351s][5523][5530][info ] Application time: 1.0001022 seconds
[2025-10-02T08:26:50.365+0000][43909.351s][5523][5530][info ] Entering safepoint region: Cleanup
[2025-10-02T08:26:50.365+0000][43909.351s][5523][5530][info ] Leaving safepoint region
[2025-10-02T08:26:50.365+0000][43909.351s][5523][5530][info ] Total time for which application threads were stopped: 0.0001370 seconds, Stopping threads took: 0.0000246 seconds
[2025-10-02T08:26:51.365+0000][43910.351s][5523][5530][info ] Application time: 1.0000790 seconds
[2025-10-02T08:26:51.365+0000][43910.352s][5523][5530][info ] Entering safepoint region: Cleanup
[2025-10-02T08:26:51.365+0000][43910.352s][5523][5530][info ] Leaving safepoint region
[2025-10-02T08:26:51.365+0000][43910.352s][5523][5530][info ] Total time for which application threads were stopped: 0.0001465 seconds, Stopping threads took: 0.0000253 seconds
[2025-10-02T08:26:52.366+0000][43911.352s][5523][5530][info ] Application time: 1.0001082 seconds
[2025-10-02T08:26:52.366+0000][43911.352s][5523][5530][info ] Entering safepoint region: Cleanup
[2025-10-02T08:26:52.366+0000][43911.352s][5523][5530][info ] Leaving safepoint region
[2025-10-02T08:26:52.366+0000][43911.352s][5523][5530][info ] Total time for which application threads were stopped: 0.0001547 seconds, Stopping threads took: 0.0000256 seconds
[2025-10-02T08:26:53.366+0000][43912.352s][5523][5530][info ] Application time: 1.0001027 seconds
[2025-10-02T08:26:53.366+0000][43912.352s][5523][5530][info ] Entering safepoint region: Cleanup
[2025-10-02T08:26:53.366+0000][43912.352s][5523][5530][info ] Leaving safepoint region
[2025-10-02T08:26:53.366+0000][43912.352s][5523][5530][info ] Total time for which application threads were stopped: 0.0001364 seconds, Stopping threads took: 0.0000264 seconds
[2025-10-02T08:26:54.366+0000][43913.352s][5523][5530][info ] Application time: 1.0001044 seconds
[2025-10-02T08:26:54.366+0000][43913.352s][5523][5530][info ] Entering safepoint region: Cleanup
[2025-10-02T08:26:54.366+0000][43913.353s][5523][5530][info ] Leaving safepoint region
[2025-10-02T08:26:54.366+0000][43913.353s][5523][5530][info ] Total time for which application threads were stopped: 0.0001358 seconds, Stopping threads took: 0.0000262 seconds
[2025-10-02T08:26:55.366+0000][43914.353s][5523][5530][info ] Application time: 1.0001000 seconds
[2025-10-02T08:26:55.367+0000][43914.353s][5523][5530][info ] Entering safepoint region: Cleanup
[2025-10-02T08:26:55.367+0000][43914.353s][5523][5530][info ] Leaving safepoint region
[2025-10-02T08:26:55.367+0000][43914.353s][5523][5530][info ] Total time for which application threads were stopped: 0.0001692 seconds, Stopping threads took: 0.0000519 seconds
[2025-10-02T08:26:56.324+0000][43915.310s][5523][5529][trace] CMS: promo attempt is safe: available(765483624) >= av_promo(4228508), max_promo(76422664)
[2025-10-02T08:26:56.367+0000][43915.353s][5523][5530][info ] Application time: 1.0000986 seconds
[2025-10-02T08:26:56.367+0000][43915.353s][5523][5530][info ] Entering safepoint region: Cleanup
[2025-10-02T08:26:56.367+0000][43915.353s][5523][5530][info ] Leaving safepoint region
[2025-10-02T08:26:56.367+0000][43915.353s][5523][5530][info ] Total time for which application threads were stopped: 0.0001535 seconds, Stopping threads took: 0.0000256 seconds
[2025-10-02T08:26:57.367+0000][43916.353s][5523][5530][info ] Application time: 1.0001566 seconds
[2025-10-02T08:26:57.367+0000][43916.353s][5523][5530][info ] Entering safepoint region: Cleanup
[2025-10-02T08:26:57.367+0000][43916.354s][5523][5530][info ] Leaving safepoint region
[2025-10-02T08:26:57.367+0000][43916.354s][5523][5530][info ] Total time for which application threads were stopped: 0.0001376 seconds, Stopping threads took: 0.0000252 seconds
[2025-10-02T08:26:58.367+0000][43917.354s][5523][5530][info ] Application time: 1.0000997 seconds
[2025-10-02T08:26:58.368+0000][43917.354s][5523][5530][info ] Entering safepoint region: Cleanup
[2025-10-02T08:26:58.368+0000][43917.354s][5523][5530][info ] Leaving safepoint region
[2025-10-02T08:26:58.368+0000][43917.354s][5523][5530][info ] Total time for which application threads were stopped: 0.0001557 seconds, Stopping threads took: 0.0000447 seconds
[2025-10-02T08:26:59.368+0000][43918.354s][5523][5530][info ] Application time: 1.0001015 seconds
[2025-10-02T08:26:59.368+0000][43918.354s][5523][5530][info ] Entering safepoint region: Cleanup
[2025-10-02T08:26:59.368+0000][43918.354s][5523][5530][info ] Leaving safepoint region
[2025-10-02T08:26:59.368+0000][43918.354s][5523][5530][info ] Total time for which application threads were stopped: 0.0001354 seconds, Stopping threads took: 0.0000259 seconds
[2025-10-02T08:27:00.368+0000][43919.354s][5523][5530][info ] Application time: 1.0001018 seconds
[2025-10-02T08:27:00.368+0000][43919.354s][5523][5530][info ] Entering safepoint region: Cleanup
[2025-10-02T08:27:00.368+0000][43919.354s][5523][5530][info ] Leaving safepoint region
[2025-10-02T08:27:00.368+0000][43919.354s][5523][5530][info ] Total time for which application threads were stopped: 0.0001339 seconds, Stopping threads took: 0.0000249 seconds
[2025-10-02T08:27:01.369+0000][43920.355s][5523][5530][info ] Application time: 1.0003241 seconds
[2025-10-02T08:27:01.369+0000][43920.355s][5523][5530][info ] Entering safepoint region: Cleanup
[2025-10-02T08:27:01.369+0000][43920.355s][5523][5530][info ] Leaving safepoint region
[2025-10-02T08:27:01.369+0000][43920.355s][5523][5530][info ] Total time for which application threads were stopped: 0.0001434 seconds, Stopping threads took: 0.0000275 seconds
[2025-10-02T08:27:02.369+0000][43921.355s][5523][5530][info ] Application time: 1.0000819 seconds
[2025-10-02T08:27:02.369+0000][43921.355s][5523][5530][info ] Entering safepoint region: Cleanup
[2025-10-02T08:27:02.369+0000][43921.355s][5523][5530][info ] Leaving safepoint region
[2025-10-02T08:27:02.369+0000][43921.355s][5523][5530][info ] Total time for which application threads were stopped: 0.0001570 seconds, Stopping threads took: 0.0000284 seconds
[2025-10-02T08:27:03.369+0000][43922.355s][5523][5530][info ] Application time: 1.0001082 seconds
[2025-10-02T08:27:03.369+0000][43922.355s][5523][5530][info ] Entering safepoint region: Cleanup
[2025-10-02T08:27:03.369+0000][43922.356s][5523][5530][info ] Leaving safepoint region
[2025-10-02T08:27:03.369+0000][43922.356s][5523][5530][info ] Total time for which application threads were stopped: 0.0001328 seconds, Stopping threads took: 0.0000259 seconds
[2025-10-02T08:27:04.369+0000][43923.356s][5523][5530][info ] Application time: 1.0001061 seconds
[2025-10-02T08:27:04.370+0000][43923.356s][5523][5530][info ] Entering safepoint region: Cleanup
[2025-10-02T08:27:04.370+0000][43923.356s][5523][5530][info ] Leaving safepoint region
[2025-10-02T08:27:04.370+0000][43923.356s][5523][5530][info ] Total time for which application threads were stopped: 0.0001515 seconds, Stopping threads took: 0.0000374 seconds
[2025-10-02T08:27:05.370+0000][43924.356s][5523][5530][info ] Application time: 1.0001183 seconds
[2025-10-02T08:27:05.370+0000][43924.356s][5523][5530][info ] Entering safepoint region: Cleanup
[2025-10-02T08:27:05.370+0000][43924.356s][5523][5530][info ] Leaving safepoint region
[2025-10-02T08:27:05.370+0000][43924.356s][5523][5530][info ] Total time for which application threads were stopped: 0.0001424 seconds, Stopping threads took: 0.0000254 seconds
[2025-10-02T08:27:06.323+0000][43925.309s][5523][5529][trace] CMS: promo attempt is safe: available(765483624) >= av_promo(4228508), max_promo(76469264)
[2025-10-02T08:27:06.370+0000][43925.356s][5523][5530][info ] Application time: 1.0000923 seconds
[2025-10-02T08:27:06.370+0000][43925.356s][5523][5530][info ] Entering safepoint region: Cleanup
[2025-10-02T08:27:06.370+0000][43925.356s][5523][5530][info ] Leaving safepoint region
[2025-10-02T08:27:06.370+0000][43925.357s][5523][5530][info ] Total time for which application threads were stopped: 0.0001336 seconds, Stopping threads took: 0.0000255 seconds
[2025-10-02T08:27:07.370+0000][43926.357s][5523][5530][info ] Application time: 1.0001204 seconds
[2025-10-02T08:27:07.370+0000][43926.357s][5523][5530][info ] Entering safepoint region: Cleanup
[2025-10-02T08:27:07.371+0000][43926.357s][5523][5530][info ] Leaving safepoint region
[2025-10-02T08:27:07.371+0000][43926.357s][5523][5530][info ] Total time for which application threads were stopped: 0.0001893 seconds, Stopping threads took: 0.0000266 seconds
[2025-10-02T08:27:08.371+0000][43927.357s][5523][5530][info ] Application time: 1.0001136 seconds
[2025-10-02T08:27:08.371+0000][43927.357s][5523][5530][info ] Entering safepoint region: Cleanup
[2025-10-02T08:27:08.372+0000][43927.358s][5523][5530][info ] Leaving safepoint region
[2025-10-02T08:27:08.372+0000][43927.358s][5523][5530][info ] Total time for which application threads were stopped: 0.0011709 seconds, Stopping threads took: 0.0010247 seconds
[2025-10-02T08:27:09.372+0000][43928.358s][5523][5530][info ] Application time: 1.0001103 seconds
[2025-10-02T08:27:09.372+0000][43928.358s][5523][5530][info ] Entering safepoint region: Cleanup
[2025-10-02T08:27:09.372+0000][43928.359s][5523][5530][info ] Leaving safepoint region
[2025-10-02T08:27:09.372+0000][43928.359s][5523][5530][info ] Total time for which application threads were stopped: 0.0001403 seconds, Stopping threads took: 0.0000261 seconds
[2025-10-02T08:27:10.372+0000][43929.359s][5523][5530][info ] Application time: 1.0001066 seconds
[2025-10-02T08:27:10.373+0000][43929.359s][5523][5530][info ] Entering safepoint region: Cleanup
[2025-10-02T08:27:10.373+0000][43929.359s][5523][5530][info ] Leaving safepoint region
[2025-10-02T08:27:10.373+0000][43929.359s][5523][5530][info ] Total time for which application threads were stopped: 0.0001561 seconds, Stopping threads took: 0.0000441 seconds
[2025-10-02T08:27:11.373+0000][43930.359s][5523][5530][info ] Application time: 1.0001006 seconds
[2025-10-02T08:27:11.373+0000][43930.359s][5523][5530][info ] Entering safepoint region: Cleanup
[2025-10-02T08:27:11.373+0000][43930.359s][5523][5530][info ] Leaving safepoint region
[2025-10-02T08:27:11.373+0000][43930.359s][5523][5530][info ] Total time for which application threads were stopped: 0.0001396 seconds, Stopping threads took: 0.0000247 seconds
[2025-10-02T08:27:12.373+0000][43931.359s][5523][5530][info ] Application time: 1.0001004 seconds
[2025-10-02T08:27:12.373+0000][43931.359s][5523][5530][info ] Entering safepoint region: Cleanup
[2025-10-02T08:27:12.373+0000][43931.359s][5523][5530][info ] Leaving safepoint region
[2025-10-02T08:27:12.373+0000][43931.359s][5523][5530][info ] Total time for which application threads were stopped: 0.0001393 seconds, Stopping threads took: 0.0000250 seconds
[2025-10-02T08:27:13.373+0000][43932.360s][5523][5530][info ] Application time: 1.0000980 seconds
[2025-10-02T08:27:13.373+0000][43932.360s][5523][5530][info ] Entering safepoint region: Cleanup
[2025-10-02T08:27:13.374+0000][43932.360s][5523][5530][info ] Leaving safepoint region
[2025-10-02T08:27:13.374+0000][43932.360s][5523][5530][info ] Total time for which application threads were stopped: 0.0001757 seconds, Stopping threads took: 0.0000390 seconds
[2025-10-02T08:27:14.374+0000][43933.360s][5523][5530][info ] Application time: 1.0000954 seconds
[2025-10-02T08:27:14.374+0000][43933.360s][5523][5530][info ] Entering safepoint region: Cleanup
[2025-10-02T08:27:14.374+0000][43933.360s][5523][5530][info ] Leaving safepoint region
[2025-10-02T08:27:14.374+0000][43933.360s][5523][5530][info ] Total time for which application threads were stopped: 0.0001398 seconds, Stopping threads took: 0.0000275 seconds
[2025-10-02T08:27:15.374+0000][43934.360s][5523][5530][info ] Application time: 1.0001042 seconds
[2025-10-02T08:27:15.374+0000][43934.360s][5523][5530][info ] Entering safepoint region: Cleanup
[2025-10-02T08:27:15.374+0000][43934.360s][5523][5530][info ] Leaving safepoint region
[2025-10-02T08:27:15.374+0000][43934.360s][5523][5530][info ] Total time for which application threads were stopped: 0.0001392 seconds, Stopping threads took: 0.0000250 seconds
[2025-10-02T08:27:16.322+0000][43935.309s][5523][5529][trace] CMS: promo attempt is safe: available(765483624) >= av_promo(4228508), max_promo(78925728)
[2025-10-02T08:27:16.374+0000][43935.360s][5523][5530][info ] Application time: 1.0000831 seconds
[2025-10-02T08:27:16.374+0000][43935.361s][5523][5530][info ] Entering safepoint region: Cleanup
[2025-10-02T08:27:16.374+0000][43935.361s][5523][5530][info ] Leaving safepoint region
[2025-10-02T08:27:16.374+0000][43935.361s][5523][5530][info ] Total time for which application threads were stopped: 0.0001389 seconds, Stopping threads took: 0.0000254 seconds
[2025-10-02T08:27:17.375+0000][43936.361s][5523][5530][info ] Application time: 1.0001010 seconds
[2025-10-02T08:27:17.375+0000][43936.361s][5523][5530][info ] Entering safepoint region: Cleanup
[2025-10-02T08:27:17.375+0000][43936.361s][5523][5530][info ] Leaving safepoint region
[2025-10-02T08:27:17.375+0000][43936.361s][5523][5530][info ] Total time for which application threads were stopped: 0.0001439 seconds, Stopping threads took: 0.0000313 seconds
[2025-10-02T08:27:18.375+0000][43937.361s][5523][5530][info ] Application time: 1.0000877 seconds
[2025-10-02T08:27:18.375+0000][43937.361s][5523][5530][info ] Entering safepoint region: Cleanup
[2025-10-02T08:27:18.375+0000][43937.361s][5523][5530][info ] Leaving safepoint region
[2025-10-02T08:27:18.375+0000][43937.361s][5523][5530][info ] Total time for which application threads were stopped: 0.0002280 seconds, Stopping threads took: 0.0000452 seconds
[2025-10-02T08:27:19.375+0000][43938.361s][5523][5530][info ] Application time: 1.0000965 seconds
[2025-10-02T08:27:19.375+0000][43938.361s][5523][5530][info ] Entering safepoint region: Cleanup
[2025-10-02T08:27:19.375+0000][43938.362s][5523][5530][info ] Leaving safepoint region
[2025-10-02T08:27:19.375+0000][43938.362s][5523][5530][info ] Total time for which application threads were stopped: 0.0001384 seconds, Stopping threads took: 0.0000255 seconds
[2025-10-02T08:27:20.375+0000][43939.362s][5523][5530][info ] Application time: 1.0000996 seconds
[2025-10-02T08:27:20.376+0000][43939.362s][5523][5530][info ] Entering safepoint region: Cleanup
[2025-10-02T08:27:20.376+0000][43939.362s][5523][5530][info ] Leaving safepoint region
[2025-10-02T08:27:20.376+0000][43939.362s][5523][5530][info ] Total time for which application threads were stopped: 0.0001337 seconds, Stopping threads took: 0.0000264 seconds
[2025-10-02T08:27:21.376+0000][43940.362s][5523][5530][info ] Application time: 1.0000992 seconds
[2025-10-02T08:27:21.376+0000][43940.362s][5523][5530][info ] Entering safepoint region: Cleanup
[2025-10-02T08:27:21.376+0000][43940.362s][5523][5530][info ] Leaving safepoint region
[2025-10-02T08:27:21.376+0000][43940.362s][5523][5530][info ] Total time for which application threads were stopped: 0.0001344 seconds, Stopping threads took: 0.0000249 seconds
[2025-10-02T08:27:22.376+0000][43941.362s][5523][5530][info ] Application time: 1.0000966 seconds
[2025-10-02T08:27:22.376+0000][43941.362s][5523][5530][info ] Entering safepoint region: Cleanup
[2025-10-02T08:27:22.376+0000][43941.362s][5523][5530][info ] Leaving safepoint region
[2025-10-02T08:27:22.376+0000][43941.362s][5523][5530][info ] Total time for which application threads were stopped: 0.0001475 seconds, Stopping threads took: 0.0000403 seconds
[2025-10-02T08:27:23.376+0000][43942.363s][5523][5530][info ] Application time: 1.0000851 seconds
[2025-10-02T08:27:23.376+0000][43942.363s][5523][5530][info ] Entering safepoint region: Cleanup
[2025-10-02T08:27:23.377+0000][43942.363s][5523][5530][info ] Leaving safepoint region
[2025-10-02T08:27:23.377+0000][43942.363s][5523][5530][info ] Total time for which application threads were stopped: 0.0001634 seconds, Stopping threads took: 0.0000268 seconds
[2025-10-02T08:27:24.377+0000][43943.363s][5523][5530][info ] Application time: 1.0000786 seconds
[2025-10-02T08:27:24.377+0000][43943.363s][5523][5530][info ] Entering safepoint region: Cleanup
[2025-10-02T08:27:24.377+0000][43943.363s][5523][5530][info ] Leaving safepoint region
[2025-10-02T08:27:24.377+0000][43943.363s][5523][5530][info ] Total time for which application threads were stopped: 0.0001321 seconds, Stopping threads took: 0.0000262 seconds
[2025-10-02T08:27:25.377+0000][43944.363s][5523][5530][info ] Application time: 1.0000878 seconds
[2025-10-02T08:27:25.377+0000][43944.363s][5523][5530][info ] Entering safepoint region: Cleanup
[2025-10-02T08:27:25.377+0000][43944.363s][5523][5530][info ] Leaving safepoint region
[2025-10-02T08:27:25.377+0000][43944.363s][5523][5530][info ] Total time for which application threads were stopped: 0.0001381 seconds, Stopping threads took: 0.0000260 seconds
[2025-10-02T08:27:26.322+0000][43945.309s][5523][5529][trace] CMS: promo attempt is safe: available(765483624) >= av_promo(4228508), max_promo(78925728)
[2025-10-02T08:27:26.377+0000][43945.363s][5523][5530][info ] Application time: 1.0001056 seconds
[2025-10-02T08:27:26.377+0000][43945.364s][5523][5530][info ] Entering safepoint region: Cleanup
[2025-10-02T08:27:26.377+0000][43945.364s][5523][5530][info ] Leaving safepoint region
[2025-10-02T08:27:26.377+0000][43945.364s][5523][5530][info ] Total time for which application threads were stopped: 0.0001495 seconds, Stopping threads took: 0.0000259 seconds
[2025-10-02T08:27:27.378+0000][43946.364s][5523][5530][info ] Application time: 1.0000809 seconds
[2025-10-02T08:27:27.378+0000][43946.364s][5523][5530][info ] Entering safepoint region: Cleanup
[2025-10-02T08:27:27.378+0000][43946.364s][5523][5530][info ] Leaving safepoint region
[2025-10-02T08:27:27.378+0000][43946.364s][5523][5530][info ] Total time for which application threads were stopped: 0.0001387 seconds, Stopping threads took: 0.0000274 seconds
[2025-10-02T08:27:28.378+0000][43947.364s][5523][5530][info ] Application time: 1.0001181 seconds
[2025-10-02T08:27:28.378+0000][43947.364s][5523][5530][info ] Entering safepoint region: Cleanup
[2025-10-02T08:27:28.378+0000][43947.364s][5523][5530][info ] Leaving safepoint region
[2025-10-02T08:27:28.378+0000][43947.364s][5523][5530][info ] Total time for which application threads were stopped: 0.0001351 seconds, Stopping threads took: 0.0000239 seconds
[2025-10-02T08:27:29.378+0000][43948.364s][5523][5530][info ] Application time: 1.0000784 seconds
[2025-10-02T08:27:29.378+0000][43948.364s][5523][5530][info ] Entering safepoint region: Cleanup
[2025-10-02T08:27:29.378+0000][43948.365s][5523][5530][info ] Leaving safepoint region
[2025-10-02T08:27:29.378+0000][43948.365s][5523][5530][info ] Total time for which application threads were stopped: 0.0001442 seconds, Stopping threads took: 0.0000298 seconds
[2025-10-02T08:27:30.378+0000][43949.365s][5523][5530][info ] Application time: 1.0001117 seconds
[2025-10-02T08:27:30.379+0000][43949.365s][5523][5530][info ] Entering safepoint region: Cleanup
[2025-10-02T08:27:30.379+0000][43949.365s][5523][5530][info ] Leaving safepoint region
[2025-10-02T08:27:30.379+0000][43949.365s][5523][5530][info ] Total time for which application threads were stopped: 0.0001459 seconds, Stopping threads took: 0.0000356 seconds
[2025-10-02T08:27:31.379+0000][43950.365s][5523][5530][info ] Application time: 1.0001057 seconds
[2025-10-02T08:27:31.379+0000][43950.365s][5523][5530][info ] Entering safepoint region: Cleanup
[2025-10-02T08:27:31.379+0000][43950.365s][5523][5530][info ] Leaving safepoint region
[2025-10-02T08:27:31.379+0000][43950.365s][5523][5530][info ] Total time for which application threads were stopped: 0.0001458 seconds, Stopping threads took: 0.0000307 seconds
[2025-10-02T08:27:32.379+0000][43951.365s][5523][5530][info ] Application time: 1.0002136 seconds
[2025-10-02T08:27:32.379+0000][43951.365s][5523][5530][info ] Entering safepoint region: Cleanup
[2025-10-02T08:27:32.379+0000][43951.366s][5523][5530][info ] Leaving safepoint region
[2025-10-02T08:27:32.379+0000][43951.366s][5523][5530][info ] Total time for which application threads were stopped: 0.0001447 seconds, Stopping threads took: 0.0000264 seconds
[2025-10-02T08:27:33.379+0000][43952.366s][5523][5530][info ] Application time: 1.0001003 seconds
[2025-10-02T08:27:33.380+0000][43952.366s][5523][5530][info ] Entering safepoint region: Cleanup
[2025-10-02T08:27:33.380+0000][43952.366s][5523][5530][info ] Leaving safepoint region
[2025-10-02T08:27:33.380+0000][43952.366s][5523][5530][info ] Total time for which application threads were stopped: 0.0001402 seconds, Stopping threads took: 0.0000277 seconds
[2025-10-02T08:27:34.380+0000][43953.366s][5523][5530][info ] Application time: 1.0000972 seconds
[2025-10-02T08:27:34.380+0000][43953.366s][5523][5530][info ] Entering safepoint region: Cleanup
[2025-10-02T08:27:34.380+0000][43953.366s][5523][5530][info ] Leaving safepoint region
[2025-10-02T08:27:34.380+0000][43953.366s][5523][5530][info ] Total time for which application threads were stopped: 0.0001537 seconds, Stopping threads took: 0.0000265 seconds
[2025-10-02T08:27:35.380+0000][43954.366s][5523][5530][info ] Application time: 1.0001012 seconds
[2025-10-02T08:27:35.380+0000][43954.366s][5523][5530][info ] Entering safepoint region: Cleanup
[2025-10-02T08:27:35.380+0000][43954.367s][5523][5530][info ] Leaving safepoint region
[2025-10-02T08:27:35.380+0000][43954.367s][5523][5530][info ] Total time for which application threads were stopped: 0.0001398 seconds, Stopping threads took: 0.0000278 seconds
[2025-10-02T08:27:36.321+0000][43955.308s][5523][5529][trace] CMS: promo attempt is safe: available(765483624) >= av_promo(4228508), max_promo(79059832)
[2025-10-02T08:27:36.380+0000][43955.367s][5523][5530][info ] Application time: 1.0000754 seconds
[2025-10-02T08:27:36.380+0000][43955.367s][5523][5530][info ] Entering safepoint region: Cleanup
[2025-10-02T08:27:36.381+0000][43955.367s][5523][5530][info ] Leaving safepoint region
[2025-10-02T08:27:36.381+0000][43955.367s][5523][5530][info ] Total time for which application threads were stopped: 0.0001608 seconds, Stopping threads took: 0.0000239 seconds
[2025-10-02T08:27:37.381+0000][43956.367s][5523][5530][info ] Application time: 1.0000776 seconds
[2025-10-02T08:27:37.381+0000][43956.367s][5523][5530][info ] Entering safepoint region: Cleanup
[2025-10-02T08:27:37.381+0000][43956.367s][5523][5530][info ] Leaving safepoint region
[2025-10-02T08:27:37.381+0000][43956.367s][5523][5530][info ] Total time for which application threads were stopped: 0.0001394 seconds, Stopping threads took: 0.0000273 seconds
[2025-10-02T08:27:38.381+0000][43957.367s][5523][5530][info ] Application time: 1.0000898 seconds
[2025-10-02T08:27:38.381+0000][43957.367s][5523][5530][info ] Entering safepoint region: Cleanup
[2025-10-02T08:27:38.381+0000][43957.367s][5523][5530][info ] Leaving safepoint region
[2025-10-02T08:27:38.381+0000][43957.367s][5523][5530][info ] Total time for which application threads were stopped: 0.0001310 seconds, Stopping threads took: 0.0000251 seconds
[2025-10-02T08:27:39.381+0000][43958.367s][5523][5530][info ] Application time: 1.0000953 seconds
[2025-10-02T08:27:39.381+0000][43958.368s][5523][5530][info ] Entering safepoint region: Cleanup
[2025-10-02T08:27:39.381+0000][43958.368s][5523][5530][info ] Leaving safepoint region
[2025-10-02T08:27:39.381+0000][43958.368s][5523][5530][info ] Total time for which application threads were stopped: 0.0001318 seconds, Stopping threads took: 0.0000255 seconds
[2025-10-02T08:27:40.382+0000][43959.368s][5523][5530][info ] Application time: 1.0001013 seconds
[2025-10-02T08:27:40.382+0000][43959.368s][5523][5530][info ] Entering safepoint region: Cleanup
[2025-10-02T08:27:40.382+0000][43959.368s][5523][5530][info ] Leaving safepoint region
[2025-10-02T08:27:40.382+0000][43959.368s][5523][5530][info ] Total time for which application threads were stopped: 0.0001386 seconds, Stopping threads took: 0.0000263 seconds
[2025-10-02T08:27:41.382+0000][43960.368s][5523][5530][info ] Application time: 1.0001671 seconds
[2025-10-02T08:27:41.382+0000][43960.368s][5523][5530][info ] Entering safepoint region: Cleanup
[2025-10-02T08:27:41.382+0000][43960.368s][5523][5530][info ] Leaving safepoint region
[2025-10-02T08:27:41.382+0000][43960.368s][5523][5530][info ] Total time for which application threads were stopped: 0.0001428 seconds, Stopping threads took: 0.0000270 seconds
[2025-10-02T08:27:42.382+0000][43961.368s][5523][5530][info ] Application time: 1.0000931 seconds
[2025-10-02T08:27:42.382+0000][43961.368s][5523][5530][info ] Entering safepoint region: Cleanup
[2025-10-02T08:27:42.382+0000][43961.369s][5523][5530][info ] Leaving safepoint region
[2025-10-02T08:27:42.382+0000][43961.369s][5523][5530][info ] Total time for which application threads were stopped: 0.0001347 seconds, Stopping threads took: 0.0000258 seconds
[2025-10-02T08:27:43.382+0000][43962.369s][5523][5530][info ] Application time: 1.0000780 seconds
[2025-10-02T08:27:43.383+0000][43962.369s][5523][5530][info ] Entering safepoint region: Cleanup
[2025-10-02T08:27:43.383+0000][43962.369s][5523][5530][info ] Leaving safepoint region
[2025-10-02T08:27:43.383+0000][43962.369s][5523][5530][info ] Total time for which application threads were stopped: 0.0001479 seconds, Stopping threads took: 0.0000415 seconds
[2025-10-02T08:27:44.383+0000][43963.369s][5523][5530][info ] Application time: 1.0000966 seconds
[2025-10-02T08:27:44.383+0000][43963.369s][5523][5530][info ] Entering safepoint region: Cleanup
[2025-10-02T08:27:44.383+0000][43963.369s][5523][5530][info ] Leaving safepoint region
[2025-10-02T08:27:44.383+0000][43963.369s][5523][5530][info ] Total time for which application threads were stopped: 0.0001728 seconds, Stopping threads took: 0.0000253 seconds
[2025-10-02T08:27:45.383+0000][43964.369s][5523][5530][info ] Application time: 1.0001615 seconds
[2025-10-02T08:27:45.383+0000][43964.369s][5523][5530][info ] Entering safepoint region: Cleanup
[2025-10-02T08:27:45.383+0000][43964.370s][5523][5530][info ] Leaving safepoint region
[2025-10-02T08:27:45.383+0000][43964.370s][5523][5530][info ] Total time for which application threads were stopped: 0.0001486 seconds, Stopping threads took: 0.0000274 seconds
[2025-10-02T08:27:46.321+0000][43965.308s][5523][5529][trace] CMS: promo attempt is safe: available(765483624) >= av_promo(4228508), max_promo(79064832)
[2025-10-02T08:27:46.383+0000][43965.370s][5523][5530][info ] Application time: 1.0001223 seconds
[2025-10-02T08:27:46.384+0000][43965.370s][5523][5530][info ] Entering safepoint region: Cleanup
[2025-10-02T08:27:46.384+0000][43965.370s][5523][5530][info ] Leaving safepoint region
[2025-10-02T08:27:46.384+0000][43965.370s][5523][5530][info ] Total time for which application threads were stopped: 0.0001368 seconds, Stopping threads took: 0.0000251 seconds
[2025-10-02T08:27:47.384+0000][43966.370s][5523][5530][info ] Application time: 1.0000985 seconds
[2025-10-02T08:27:47.384+0000][43966.370s][5523][5530][info ] Entering safepoint region: Cleanup
[2025-10-02T08:27:47.384+0000][43966.370s][5523][5530][info ] Leaving safepoint region
[2025-10-02T08:27:47.384+0000][43966.370s][5523][5530][info ] Total time for which application threads were stopped: 0.0001382 seconds, Stopping threads took: 0.0000271 seconds
[2025-10-02T08:27:48.384+0000][43967.370s][5523][5530][info ] Application time: 1.0000778 seconds
[2025-10-02T08:27:48.384+0000][43967.370s][5523][5530][info ] Entering safepoint region: Cleanup
[2025-10-02T08:27:48.384+0000][43967.370s][5523][5530][info ] Leaving safepoint region
[2025-10-02T08:27:48.384+0000][43967.370s][5523][5530][info ] Total time for which application threads were stopped: 0.0001330 seconds, Stopping threads took: 0.0000280 seconds
[2025-10-02T08:27:49.384+0000][43968.371s][5523][5530][info ] Application time: 1.0000962 seconds
[2025-10-02T08:27:49.384+0000][43968.371s][5523][5530][info ] Entering safepoint region: Cleanup
[2025-10-02T08:27:49.385+0000][43968.371s][5523][5530][info ] Leaving safepoint region
[2025-10-02T08:27:49.385+0000][43968.371s][5523][5530][info ] Total time for which application threads were stopped: 0.0001615 seconds, Stopping threads took: 0.0000257 seconds
[2025-10-02T08:27:50.385+0000][43969.371s][5523][5530][info ] Application time: 1.0000938 seconds
[2025-10-02T08:27:50.385+0000][43969.371s][5523][5530][info ] Entering safepoint region: Cleanup
[2025-10-02T08:27:50.385+0000][43969.371s][5523][5530][info ] Leaving safepoint region
[2025-10-02T08:27:50.385+0000][43969.371s][5523][5530][info ] Total time for which application threads were stopped: 0.0001368 seconds, Stopping threads took: 0.0000266 seconds
[2025-10-02T08:27:51.385+0000][43970.371s][5523][5530][info ] Application time: 1.0000958 seconds
[2025-10-02T08:27:51.385+0000][43970.371s][5523][5530][info ] Entering safepoint region: Cleanup
[2025-10-02T08:27:51.385+0000][43970.371s][5523][5530][info ] Leaving safepoint region
[2025-10-02T08:27:51.385+0000][43970.371s][5523][5530][info ] Total time for which application threads were stopped: 0.0001409 seconds, Stopping threads took: 0.0000262 seconds
[2025-10-02T08:27:52.385+0000][43971.371s][5523][5530][info ] Application time: 1.0001014 seconds
[2025-10-02T08:27:52.385+0000][43971.371s][5523][5530][info ] Entering safepoint region: Cleanup
[2025-10-02T08:27:52.385+0000][43971.372s][5523][5530][info ] Leaving safepoint region
[2025-10-02T08:27:52.385+0000][43971.372s][5523][5530][info ] Total time for which application threads were stopped: 0.0001301 seconds, Stopping threads took: 0.0000236 seconds
[2025-10-02T08:27:53.386+0000][43972.372s][5523][5530][info ] Application time: 1.0001276 seconds
[2025-10-02T08:27:53.386+0000][43972.372s][5523][5530][info ] Entering safepoint region: Cleanup
[2025-10-02T08:27:53.386+0000][43972.372s][5523][5530][info ] Leaving safepoint region
[2025-10-02T08:27:53.386+0000][43972.372s][5523][5530][info ] Total time for which application threads were stopped: 0.0001363 seconds, Stopping threads took: 0.0000265 seconds
[2025-10-02T08:27:54.386+0000][43973.372s][5523][5530][info ] Application time: 1.0001000 seconds
[2025-10-02T08:27:54.386+0000][43973.372s][5523][5530][info ] Entering safepoint region: Cleanup
[2025-10-02T08:27:54.386+0000][43973.372s][5523][5530][info ] Leaving safepoint region
[2025-10-02T08:27:54.386+0000][43973.372s][5523][5530][info ] Total time for which application threads were stopped: 0.0001363 seconds, Stopping threads took: 0.0000289 seconds
[2025-10-02T08:27:55.386+0000][43974.372s][5523][5530][info ] Application time: 1.0001062 seconds
[2025-10-02T08:27:55.386+0000][43974.372s][5523][5530][info ] Entering safepoint region: Cleanup
[2025-10-02T08:27:55.386+0000][43974.373s][5523][5530][info ] Leaving safepoint region
[2025-10-02T08:27:55.386+0000][43974.373s][5523][5530][info ] Total time for which application threads were stopped: 0.0001405 seconds, Stopping threads took: 0.0000249 seconds
[2025-10-02T08:27:56.321+0000][43975.308s][5523][5529][trace] CMS: promo attempt is safe: available(765483624) >= av_promo(4228508), max_promo(79997784)
[2025-10-02T08:27:56.387+0000][43975.373s][5523][5530][info ] Application time: 1.0002388 seconds
[2025-10-02T08:27:56.387+0000][43975.373s][5523][5530][info ] Entering safepoint region: Cleanup
[2025-10-02T08:27:56.387+0000][43975.373s][5523][5530][info ] Leaving safepoint region
[2025-10-02T08:27:56.387+0000][43975.373s][5523][5530][info ] Total time for which application threads were stopped: 0.0001394 seconds, Stopping threads took: 0.0000271 seconds
[2025-10-02T08:27:57.387+0000][43976.373s][5523][5530][info ] Application time: 1.0000987 seconds
[2025-10-02T08:27:57.387+0000][43976.373s][5523][5530][info ] Entering safepoint region: Cleanup
[2025-10-02T08:27:57.387+0000][43976.373s][5523][5530][info ] Leaving safepoint region
[2025-10-02T08:27:57.387+0000][43976.373s][5523][5530][info ] Total time for which application threads were stopped: 0.0002714 seconds, Stopping threads took: 0.0000262 seconds
[2025-10-02T08:27:58.387+0000][43977.374s][5523][5530][info ] Application time: 1.0000913 seconds
[2025-10-02T08:27:58.387+0000][43977.374s][5523][5530][info ] Entering safepoint region: Cleanup
[2025-10-02T08:27:58.387+0000][43977.374s][5523][5530][info ] Leaving safepoint region
[2025-10-02T08:27:58.387+0000][43977.374s][5523][5530][info ] Total time for which application threads were stopped: 0.0001484 seconds, Stopping threads took: 0.0000264 seconds
[2025-10-02T08:27:59.388+0000][43978.374s][5523][5530][info ] Application time: 1.0001168 seconds
[2025-10-02T08:27:59.388+0000][43978.374s][5523][5530][info ] Entering safepoint region: Cleanup
[2025-10-02T08:27:59.388+0000][43978.374s][5523][5530][info ] Leaving safepoint region
[2025-10-02T08:27:59.388+0000][43978.374s][5523][5530][info ] Total time for which application threads were stopped: 0.0001299 seconds, Stopping threads took: 0.0000245 seconds
[2025-10-02T08:28:00.388+0000][43979.374s][5523][5530][info ] Application time: 1.0001008 seconds
[2025-10-02T08:28:00.388+0000][43979.374s][5523][5530][info ] Entering safepoint region: Cleanup
[2025-10-02T08:28:00.388+0000][43979.374s][5523][5530][info ] Leaving safepoint region
[2025-10-02T08:28:00.388+0000][43979.374s][5523][5530][info ] Total time for which application threads were stopped: 0.0001320 seconds, Stopping threads took: 0.0000261 seconds
[2025-10-02T08:28:01.388+0000][43980.374s][5523][5530][info ] Application time: 1.0001197 seconds
[2025-10-02T08:28:01.388+0000][43980.375s][5523][5530][info ] Entering safepoint region: Cleanup
[2025-10-02T08:28:01.388+0000][43980.375s][5523][5530][info ] Leaving safepoint region
[2025-10-02T08:28:01.388+0000][43980.375s][5523][5530][info ] Total time for which application threads were stopped: 0.0001512 seconds, Stopping threads took: 0.0000292 seconds
[2025-10-02T08:28:02.389+0000][43981.375s][5523][5530][info ] Application time: 1.0001071 seconds
[2025-10-02T08:28:02.389+0000][43981.375s][5523][5530][info ] Entering safepoint region: Cleanup
[2025-10-02T08:28:02.389+0000][43981.375s][5523][5530][info ] Leaving safepoint region
[2025-10-02T08:28:02.389+0000][43981.375s][5523][5530][info ] Total time for which application threads were stopped: 0.0001437 seconds, Stopping threads took: 0.0000254 seconds
[2025-10-02T08:28:03.389+0000][43982.375s][5523][5530][info ] Application time: 1.0001204 seconds
[2025-10-02T08:28:03.389+0000][43982.375s][5523][5530][info ] Entering safepoint region: Cleanup
[2025-10-02T08:28:03.389+0000][43982.375s][5523][5530][info ] Leaving safepoint region
[2025-10-02T08:28:03.389+0000][43982.375s][5523][5530][info ] Total time for which application threads were stopped: 0.0001384 seconds, Stopping threads took: 0.0000261 seconds
[2025-10-02T08:28:04.389+0000][43983.375s][5523][5530][info ] Application time: 1.0001155 seconds
[2025-10-02T08:28:04.389+0000][43983.376s][5523][5530][info ] Entering safepoint region: Cleanup
[2025-10-02T08:28:04.389+0000][43983.376s][5523][5530][info ] Leaving safepoint region
[2025-10-02T08:28:04.389+0000][43983.376s][5523][5530][info ] Total time for which application threads were stopped: 0.0001452 seconds, Stopping threads took: 0.0000271 seconds
[2025-10-02T08:28:05.390+0000][43984.376s][5523][5530][info ] Application time: 1.0001117 seconds
[2025-10-02T08:28:05.390+0000][43984.376s][5523][5530][info ] Entering safepoint region: Cleanup
[2025-10-02T08:28:05.390+0000][43984.376s][5523][5530][info ] Leaving safepoint region
[2025-10-02T08:28:05.390+0000][43984.376s][5523][5530][info ] Total time for which application threads were stopped: 0.0001413 seconds, Stopping threads took: 0.0000285 seconds
[2025-10-02T08:28:06.321+0000][43985.307s][5523][5529][trace] CMS: promo attempt is safe: available(765483624) >= av_promo(4228508), max_promo(80000440)
[2025-10-02T08:28:06.390+0000][43985.376s][5523][5530][info ] Application time: 1.0001120 seconds
[2025-10-02T08:28:06.390+0000][43985.376s][5523][5530][info ] Entering safepoint region: Cleanup
[2025-10-02T08:28:06.390+0000][43985.376s][5523][5530][info ] Leaving safepoint region
[2025-10-02T08:28:06.390+0000][43985.376s][5523][5530][info ] Total time for which application threads were stopped: 0.0001388 seconds, Stopping threads took: 0.0000282 seconds
[2025-10-02T08:28:07.390+0000][43986.376s][5523][5530][info ] Application time: 1.0000898 seconds
[2025-10-02T08:28:07.390+0000][43986.376s][5523][5530][info ] Entering safepoint region: Cleanup
[2025-10-02T08:28:07.390+0000][43986.377s][5523][5530][info ] Leaving safepoint region
[2025-10-02T08:28:07.390+0000][43986.377s][5523][5530][info ] Total time for which application threads were stopped: 0.0001492 seconds, Stopping threads took: 0.0000271 seconds
[2025-10-02T08:28:08.390+0000][43987.377s][5523][5530][info ] Application time: 1.0000768 seconds
[2025-10-02T08:28:08.390+0000][43987.377s][5523][5530][info ] Entering safepoint region: Cleanup
[2025-10-02T08:28:08.391+0000][43987.377s][5523][5530][info ] Leaving safepoint region
[2025-10-02T08:28:08.391+0000][43987.377s][5523][5530][info ] Total time for which application threads were stopped: 0.0001598 seconds, Stopping threads took: 0.0000477 seconds
[2025-10-02T08:28:09.391+0000][43988.377s][5523][5530][info ] Application time: 1.0000764 seconds
[2025-10-02T08:28:09.391+0000][43988.377s][5523][5530][info ] Entering safepoint region: Cleanup
[2025-10-02T08:28:09.391+0000][43988.377s][5523][5530][info ] Leaving safepoint region
[2025-10-02T08:28:09.391+0000][43988.377s][5523][5530][info ] Total time for which application threads were stopped: 0.0001444 seconds, Stopping threads took: 0.0000251 seconds
[2025-10-02T08:28:10.391+0000][43989.377s][5523][5530][info ] Application time: 1.0002083 seconds
[2025-10-02T08:28:10.391+0000][43989.377s][5523][5530][info ] Entering safepoint region: Cleanup
[2025-10-02T08:28:10.391+0000][43989.378s][5523][5530][info ] Leaving safepoint region
[2025-10-02T08:28:10.391+0000][43989.378s][5523][5530][info ] Total time for which application threads were stopped: 0.0001629 seconds, Stopping threads took: 0.0000521 seconds
[2025-10-02T08:28:11.391+0000][43990.378s][5523][5530][info ] Application time: 1.0000997 seconds
[2025-10-02T08:28:11.392+0000][43990.378s][5523][5530][info ] Entering safepoint region: Cleanup
[2025-10-02T08:28:11.392+0000][43990.378s][5523][5530][info ] Leaving safepoint region
[2025-10-02T08:28:11.392+0000][43990.378s][5523][5530][info ] Total time for which application threads were stopped: 0.0001618 seconds, Stopping threads took: 0.0000513 seconds
[2025-10-02T08:28:12.392+0000][43991.378s][5523][5530][info ] Application time: 1.0000958 seconds
[2025-10-02T08:28:12.392+0000][43991.378s][5523][5530][info ] Entering safepoint region: Cleanup
[2025-10-02T08:28:12.392+0000][43991.378s][5523][5530][info ] Leaving safepoint region
[2025-10-02T08:28:12.392+0000][43991.378s][5523][5530][info ] Total time for which application threads were stopped: 0.0001338 seconds, Stopping threads took: 0.0000247 seconds
[2025-10-02T08:28:13.392+0000][43992.378s][5523][5530][info ] Application time: 1.0001007 seconds
[2025-10-02T08:28:13.392+0000][43992.378s][5523][5530][info ] Entering safepoint region: Cleanup
[2025-10-02T08:28:13.392+0000][43992.378s][5523][5530][info ] Leaving safepoint region
[2025-10-02T08:28:13.392+0000][43992.378s][5523][5530][info ] Total time for which application threads were stopped: 0.0001333 seconds, Stopping threads took: 0.0000269 seconds
[2025-10-02T08:28:14.392+0000][43993.379s][5523][5530][info ] Application time: 1.0000980 seconds
[2025-10-02T08:28:14.392+0000][43993.379s][5523][5530][info ] Entering safepoint region: Cleanup
[2025-10-02T08:28:14.393+0000][43993.379s][5523][5530][info ] Leaving safepoint region
[2025-10-02T08:28:14.393+0000][43993.379s][5523][5530][info ] Total time for which application threads were stopped: 0.0001589 seconds, Stopping threads took: 0.0000254 seconds
[2025-10-02T08:28:15.393+0000][43994.379s][5523][5530][info ] Application time: 1.0001027 seconds
[2025-10-02T08:28:15.393+0000][43994.379s][5523][5530][info ] Entering safepoint region: Cleanup
[2025-10-02T08:28:15.393+0000][43994.379s][5523][5530][info ] Leaving safepoint region
[2025-10-02T08:28:15.393+0000][43994.379s][5523][5530][info ] Total time for which application threads were stopped: 0.0001399 seconds, Stopping threads took: 0.0000265 seconds
[2025-10-02T08:28:16.321+0000][43995.307s][5523][5529][trace] CMS: promo attempt is safe: available(765483624) >= av_promo(4228508), max_promo(81435600)
[2025-10-02T08:28:16.393+0000][43995.379s][5523][5530][info ] Application time: 1.0001010 seconds
[2025-10-02T08:28:16.393+0000][43995.379s][5523][5530][info ] Entering safepoint region: Cleanup
[2025-10-02T08:28:16.393+0000][43995.379s][5523][5530][info ] Leaving safepoint region
[2025-10-02T08:28:16.393+0000][43995.379s][5523][5530][info ] Total time for which application threads were stopped: 0.0001382 seconds, Stopping threads took: 0.0000304 seconds
[2025-10-02T08:28:17.393+0000][43996.379s][5523][5530][info ] Application time: 1.0000837 seconds
[2025-10-02T08:28:17.393+0000][43996.379s][5523][5530][info ] Entering safepoint region: Cleanup
[2025-10-02T08:28:17.393+0000][43996.380s][5523][5530][info ] Leaving safepoint region
[2025-10-02T08:28:17.393+0000][43996.380s][5523][5530][info ] Total time for which application threads were stopped: 0.0001441 seconds, Stopping threads took: 0.0000274 seconds
[2025-10-02T08:28:18.394+0000][43997.380s][5523][5530][info ] Application time: 1.0001270 seconds
[2025-10-02T08:28:18.394+0000][43997.380s][5523][5530][info ] Entering safepoint region: Cleanup
[2025-10-02T08:28:18.394+0000][43997.380s][5523][5530][info ] Leaving safepoint region
[2025-10-02T08:28:18.394+0000][43997.380s][5523][5530][info ] Total time for which application threads were stopped: 0.0001583 seconds, Stopping threads took: 0.0000271 seconds
[2025-10-02T08:28:19.394+0000][43998.380s][5523][5530][info ] Application time: 1.0001014 seconds
[2025-10-02T08:28:19.394+0000][43998.380s][5523][5530][info ] Entering safepoint region: Cleanup
[2025-10-02T08:28:19.394+0000][43998.380s][5523][5530][info ] Leaving safepoint region
[2025-10-02T08:28:19.394+0000][43998.380s][5523][5530][info ] Total time for which application threads were stopped: 0.0001438 seconds, Stopping threads took: 0.0000274 seconds
[2025-10-02T08:28:20.394+0000][43999.380s][5523][5530][info ] Application time: 1.0001019 seconds
[2025-10-02T08:28:20.394+0000][43999.380s][5523][5530][info ] Entering safepoint region: Cleanup
[2025-10-02T08:28:20.394+0000][43999.381s][5523][5530][info ] Leaving safepoint region
[2025-10-02T08:28:20.394+0000][43999.381s][5523][5530][info ] Total time for which application threads were stopped: 0.0001449 seconds, Stopping threads took: 0.0000263 seconds
[2025-10-02T08:28:21.394+0000][44000.381s][5523][5530][info ] Application time: 1.0000938 seconds
[2025-10-02T08:28:21.395+0000][44000.381s][5523][5530][info ] Entering safepoint region: Cleanup
[2025-10-02T08:28:21.395+0000][44000.381s][5523][5530][info ] Leaving safepoint region
[2025-10-02T08:28:21.395+0000][44000.381s][5523][5530][info ] Total time for which application threads were stopped: 0.0001397 seconds, Stopping threads took: 0.0000276 seconds
[2025-10-02T08:28:22.395+0000][44001.381s][5523][5530][info ] Application time: 1.0000975 seconds
[2025-10-02T08:28:22.395+0000][44001.381s][5523][5530][info ] Entering safepoint region: Cleanup
[2025-10-02T08:28:22.395+0000][44001.381s][5523][5530][info ] Leaving safepoint region
[2025-10-02T08:28:22.395+0000][44001.381s][5523][5530][info ] Total time for which application threads were stopped: 0.0001416 seconds, Stopping threads took: 0.0000268 seconds
[2025-10-02T08:28:23.395+0000][44002.381s][5523][5530][info ] Application time: 1.0001842 seconds
[2025-10-02T08:28:23.395+0000][44002.381s][5523][5530][info ] Entering safepoint region: Cleanup
[2025-10-02T08:28:23.395+0000][44002.382s][5523][5530][info ] Leaving safepoint region
[2025-10-02T08:28:23.395+0000][44002.382s][5523][5530][info ] Total time for which application threads were stopped: 0.0001419 seconds, Stopping threads took: 0.0000258 seconds
[2025-10-02T08:28:24.395+0000][44003.382s][5523][5530][info ] Application time: 1.0001060 seconds
[2025-10-02T08:28:24.396+0000][44003.382s][5523][5530][info ] Entering safepoint region: Cleanup
[2025-10-02T08:28:24.396+0000][44003.382s][5523][5530][info ] Leaving safepoint region
[2025-10-02T08:28:24.396+0000][44003.382s][5523][5530][info ] Total time for which application threads were stopped: 0.0001592 seconds, Stopping threads took: 0.0000487 seconds
[2025-10-02T08:28:25.396+0000][44004.382s][5523][5530][info ] Application time: 1.0000996 seconds
[2025-10-02T08:28:25.396+0000][44004.382s][5523][5530][info ] Entering safepoint region: Cleanup
[2025-10-02T08:28:25.396+0000][44004.382s][5523][5530][info ] Leaving safepoint region
[2025-10-02T08:28:25.396+0000][44004.382s][5523][5530][info ] Total time for which application threads were stopped: 0.0001399 seconds, Stopping threads took: 0.0000266 seconds
[2025-10-02T08:28:26.321+0000][44005.307s][5523][5529][trace] CMS: promo attempt is safe: available(765483624) >= av_promo(4228508), max_promo(81440592)
[2025-10-02T08:28:26.396+0000][44005.382s][5523][5530][info ] Application time: 1.0000837 seconds
[2025-10-02T08:28:26.396+0000][44005.382s][5523][5530][info ] Entering safepoint region: Cleanup
[2025-10-02T08:28:26.396+0000][44005.382s][5523][5530][info ] Leaving safepoint region
[2025-10-02T08:28:26.396+0000][44005.382s][5523][5530][info ] Total time for which application threads were stopped: 0.0001325 seconds, Stopping threads took: 0.0000250 seconds
[2025-10-02T08:28:27.396+0000][44006.383s][5523][5530][info ] Application time: 1.0001034 seconds
[2025-10-02T08:28:27.396+0000][44006.383s][5523][5530][info ] Entering safepoint region: Cleanup
[2025-10-02T08:28:27.397+0000][44006.383s][5523][5530][info ] Leaving safepoint region
[2025-10-02T08:28:27.397+0000][44006.383s][5523][5530][info ] Total time for which application threads were stopped: 0.0001854 seconds, Stopping threads took: 0.0000565 seconds
[2025-10-02T08:28:28.397+0000][44007.383s][5523][5530][info ] Application time: 1.0001055 seconds
[2025-10-02T08:28:28.397+0000][44007.383s][5523][5530][info ] Entering safepoint region: Cleanup
[2025-10-02T08:28:28.397+0000][44007.383s][5523][5530][info ] Leaving safepoint region
[2025-10-02T08:28:28.397+0000][44007.383s][5523][5530][info ] Total time for which application threads were stopped: 0.0001315 seconds, Stopping threads took: 0.0000248 seconds
[2025-10-02T08:28:29.397+0000][44008.383s][5523][5530][info ] Application time: 1.0000861 seconds
[2025-10-02T08:28:29.397+0000][44008.383s][5523][5530][info ] Entering safepoint region: Cleanup
[2025-10-02T08:28:29.397+0000][44008.383s][5523][5530][info ] Leaving safepoint region
[2025-10-02T08:28:29.397+0000][44008.383s][5523][5530][info ] Total time for which application threads were stopped: 0.0001366 seconds, Stopping threads took: 0.0000256 seconds
[2025-10-02T08:28:30.397+0000][44009.383s][5523][5530][info ] Application time: 1.0000963 seconds
[2025-10-02T08:28:30.397+0000][44009.384s][5523][5530][info ] Entering safepoint region: Cleanup
[2025-10-02T08:28:30.397+0000][44009.384s][5523][5530][info ] Leaving safepoint region
[2025-10-02T08:28:30.397+0000][44009.384s][5523][5530][info ] Total time for which application threads were stopped: 0.0001369 seconds, Stopping threads took: 0.0000266 seconds
[2025-10-02T08:28:31.398+0000][44010.384s][5523][5530][info ] Application time: 1.0001107 seconds
[2025-10-02T08:28:31.398+0000][44010.384s][5523][5530][info ] Entering safepoint region: Cleanup
[2025-10-02T08:28:31.398+0000][44010.384s][5523][5530][info ] Leaving safepoint region
[2025-10-02T08:28:31.398+0000][44010.384s][5523][5530][info ] Total time for which application threads were stopped: 0.0001325 seconds, Stopping threads took: 0.0000247 seconds
[2025-10-02T08:28:32.398+0000][44011.384s][5523][5530][info ] Application time: 1.0000899 seconds
[2025-10-02T08:28:32.398+0000][44011.384s][5523][5530][info ] Entering safepoint region: Cleanup
[2025-10-02T08:28:32.398+0000][44011.384s][5523][5530][info ] Leaving safepoint region
[2025-10-02T08:28:32.398+0000][44011.384s][5523][5530][info ] Total time for which application threads were stopped: 0.0001364 seconds, Stopping threads took: 0.0000285 seconds
[2025-10-02T08:28:33.398+0000][44012.384s][5523][5530][info ] Application time: 1.0001090 seconds
[2025-10-02T08:28:33.398+0000][44012.384s][5523][5530][info ] Entering safepoint region: Cleanup
[2025-10-02T08:28:33.398+0000][44012.385s][5523][5530][info ] Leaving safepoint region
[2025-10-02T08:28:33.398+0000][44012.385s][5523][5530][info ] Total time for which application threads were stopped: 0.0001451 seconds, Stopping threads took: 0.0000338 seconds
[2025-10-02T08:28:34.398+0000][44013.385s][5523][5530][info ] Application time: 1.0000860 seconds
[2025-10-02T08:28:34.398+0000][44013.385s][5523][5530][info ] Entering safepoint region: Cleanup
[2025-10-02T08:28:34.399+0000][44013.385s][5523][5530][info ] Leaving safepoint region
[2025-10-02T08:28:34.399+0000][44013.385s][5523][5530][info ] Total time for which application threads were stopped: 0.0001527 seconds, Stopping threads took: 0.0000246 seconds
[2025-10-02T08:28:35.399+0000][44014.385s][5523][5530][info ] Application time: 1.0000928 seconds
[2025-10-02T08:28:35.399+0000][44014.385s][5523][5530][info ] Entering safepoint region: Cleanup
[2025-10-02T08:28:35.399+0000][44014.385s][5523][5530][info ] Leaving safepoint region
[2025-10-02T08:28:35.399+0000][44014.385s][5523][5530][info ] Total time for which application threads were stopped: 0.0001474 seconds, Stopping threads took: 0.0000274 seconds
[2025-10-02T08:28:36.321+0000][44015.307s][5523][5529][trace] CMS: promo attempt is safe: available(765483624) >= av_promo(4228508), max_promo(81610968)
[2025-10-02T08:28:36.399+0000][44015.385s][5523][5530][info ] Application time: 1.0001574 seconds
[2025-10-02T08:28:36.399+0000][44015.385s][5523][5530][info ] Entering safepoint region: Cleanup
[2025-10-02T08:28:36.399+0000][44015.385s][5523][5530][info ] Leaving safepoint region
[2025-10-02T08:28:36.399+0000][44015.385s][5523][5530][info ] Total time for which application threads were stopped: 0.0001328 seconds, Stopping threads took: 0.0000262 seconds
[2025-10-02T08:28:37.399+0000][44016.386s][5523][5530][info ] Application time: 1.0000989 seconds
[2025-10-02T08:28:37.399+0000][44016.386s][5523][5530][info ] Entering safepoint region: Cleanup
[2025-10-02T08:28:37.400+0000][44016.386s][5523][5530][info ] Leaving safepoint region
[2025-10-02T08:28:37.400+0000][44016.386s][5523][5530][info ] Total time for which application threads were stopped: 0.0001551 seconds, Stopping threads took: 0.0000247 seconds
[2025-10-02T08:28:38.400+0000][44017.386s][5523][5530][info ] Application time: 1.0000744 seconds
[2025-10-02T08:28:38.400+0000][44017.386s][5523][5530][info ] Entering safepoint region: Cleanup
[2025-10-02T08:28:38.400+0000][44017.386s][5523][5530][info ] Leaving safepoint region
[2025-10-02T08:28:38.400+0000][44017.386s][5523][5530][info ] Total time for which application threads were stopped: 0.0001325 seconds, Stopping threads took: 0.0000267 seconds
[2025-10-02T08:28:39.400+0000][44018.386s][5523][5530][info ] Application time: 1.0000818 seconds
[2025-10-02T08:28:39.400+0000][44018.386s][5523][5530][info ] Entering safepoint region: Cleanup
[2025-10-02T08:28:39.400+0000][44018.386s][5523][5530][info ] Leaving safepoint region
[2025-10-02T08:28:39.400+0000][44018.386s][5523][5530][info ] Total time for which application threads were stopped: 0.0001402 seconds, Stopping threads took: 0.0000264 seconds
[2025-10-02T08:28:40.400+0000][44019.386s][5523][5530][info ] Application time: 1.0000940 seconds
[2025-10-02T08:28:40.400+0000][44019.386s][5523][5530][info ] Entering safepoint region: Cleanup
[2025-10-02T08:28:40.400+0000][44019.387s][5523][5530][info ] Leaving safepoint region
[2025-10-02T08:28:40.400+0000][44019.387s][5523][5530][info ] Total time for which application threads were stopped: 0.0001399 seconds, Stopping threads took: 0.0000261 seconds
[2025-10-02T08:28:41.401+0000][44020.387s][5523][5530][info ] Application time: 1.0000938 seconds
[2025-10-02T08:28:41.401+0000][44020.387s][5523][5530][info ] Entering safepoint region: Cleanup
[2025-10-02T08:28:41.401+0000][44020.387s][5523][5530][info ] Leaving safepoint region
[2025-10-02T08:28:41.401+0000][44020.387s][5523][5530][info ] Total time for which application threads were stopped: 0.0001323 seconds, Stopping threads took: 0.0000253 seconds
[2025-10-02T08:28:42.401+0000][44021.387s][5523][5530][info ] Application time: 1.0000953 seconds
[2025-10-02T08:28:42.401+0000][44021.387s][5523][5530][info ] Entering safepoint region: Cleanup
[2025-10-02T08:28:42.401+0000][44021.387s][5523][5530][info ] Leaving safepoint region
[2025-10-02T08:28:42.401+0000][44021.387s][5523][5530][info ] Total time for which application threads were stopped: 0.0001315 seconds, Stopping threads took: 0.0000255 seconds
[2025-10-02T08:28:43.401+0000][44022.387s][5523][5530][info ] Application time: 1.0000956 seconds
[2025-10-02T08:28:43.401+0000][44022.387s][5523][5530][info ] Entering safepoint region: Cleanup
[2025-10-02T08:28:43.401+0000][44022.387s][5523][5530][info ] Leaving safepoint region
[2025-10-02T08:28:43.401+0000][44022.387s][5523][5530][info ] Total time for which application threads were stopped: 0.0001458 seconds, Stopping threads took: 0.0000247 seconds
[2025-10-02T08:28:44.401+0000][44023.388s][5523][5530][info ] Application time: 1.0000843 seconds
[2025-10-02T08:28:44.401+0000][44023.388s][5523][5530][info ] Entering safepoint region: Cleanup
[2025-10-02T08:28:44.402+0000][44023.388s][5523][5530][info ] Leaving safepoint region
[2025-10-02T08:28:44.402+0000][44023.388s][5523][5530][info ] Total time for which application threads were stopped: 0.0001430 seconds, Stopping threads took: 0.0000251 seconds
[2025-10-02T08:28:45.402+0000][44024.388s][5523][5530][info ] Application time: 1.0000796 seconds
[2025-10-02T08:28:45.402+0000][44024.388s][5523][5530][info ] Entering safepoint region: Cleanup
[2025-10-02T08:28:45.402+0000][44024.388s][5523][5530][info ] Leaving safepoint region
[2025-10-02T08:28:45.402+0000][44024.388s][5523][5530][info ] Total time for which application threads were stopped: 0.0001474 seconds, Stopping threads took: 0.0000240 seconds
[2025-10-02T08:28:46.321+0000][44025.307s][5523][5529][trace] CMS: promo attempt is safe: available(765483624) >= av_promo(4228508), max_promo(82374016)
[2025-10-02T08:28:46.402+0000][44025.388s][5523][5530][info ] Application time: 1.0000727 seconds
[2025-10-02T08:28:46.402+0000][44025.388s][5523][5530][info ] Entering safepoint region: Cleanup
[2025-10-02T08:28:46.402+0000][44025.388s][5523][5530][info ] Leaving safepoint region
[2025-10-02T08:28:46.402+0000][44025.388s][5523][5530][info ] Total time for which application threads were stopped: 0.0001393 seconds, Stopping threads took: 0.0000248 seconds
[2025-10-02T08:28:47.402+0000][44026.388s][5523][5530][info ] Application time: 1.0000781 seconds
[2025-10-02T08:28:47.402+0000][44026.388s][5523][5530][info ] Entering safepoint region: Cleanup
[2025-10-02T08:28:47.402+0000][44026.389s][5523][5530][info ] Leaving safepoint region
[2025-10-02T08:28:47.402+0000][44026.389s][5523][5530][info ] Total time for which application threads were stopped: 0.0001355 seconds, Stopping threads took: 0.0000252 seconds
[2025-10-02T08:28:48.403+0000][44027.389s][5523][5530][info ] Application time: 1.0001181 seconds
[2025-10-02T08:28:48.403+0000][44027.389s][5523][5530][info ] Entering safepoint region: Cleanup
[2025-10-02T08:28:48.403+0000][44027.389s][5523][5530][info ] Leaving safepoint region
[2025-10-02T08:28:48.403+0000][44027.389s][5523][5530][info ] Total time for which application threads were stopped: 0.0001576 seconds, Stopping threads took: 0.0000301 seconds
[2025-10-02T08:28:49.403+0000][44028.389s][5523][5530][info ] Application time: 1.0000876 seconds
[2025-10-02T08:28:49.403+0000][44028.389s][5523][5530][info ] Entering safepoint region: Cleanup
[2025-10-02T08:28:49.403+0000][44028.389s][5523][5530][info ] Leaving safepoint region
[2025-10-02T08:28:49.403+0000][44028.389s][5523][5530][info ] Total time for which application threads were stopped: 0.0002574 seconds, Stopping threads took: 0.0000266 seconds
[2025-10-02T08:28:50.403+0000][44029.389s][5523][5530][info ] Application time: 1.0001122 seconds
[2025-10-02T08:28:50.403+0000][44029.390s][5523][5530][info ] Entering safepoint region: Cleanup
[2025-10-02T08:28:50.403+0000][44029.390s][5523][5530][info ] Leaving safepoint region
[2025-10-02T08:28:50.403+0000][44029.390s][5523][5530][info ] Total time for which application threads were stopped: 0.0001324 seconds, Stopping threads took: 0.0000248 seconds
[2025-10-02T08:28:51.404+0000][44030.390s][5523][5530][info ] Application time: 1.0001035 seconds
[2025-10-02T08:28:51.404+0000][44030.390s][5523][5530][info ] Entering safepoint region: Cleanup
[2025-10-02T08:28:51.404+0000][44030.390s][5523][5530][info ] Leaving safepoint region
[2025-10-02T08:28:51.404+0000][44030.390s][5523][5530][info ] Total time for which application threads were stopped: 0.0001387 seconds, Stopping threads took: 0.0000272 seconds
[2025-10-02T08:28:52.404+0000][44031.390s][5523][5530][info ] Application time: 1.0001136 seconds
[2025-10-02T08:28:52.404+0000][44031.390s][5523][5530][info ] Entering safepoint region: Cleanup
[2025-10-02T08:28:52.404+0000][44031.390s][5523][5530][info ] Leaving safepoint region
[2025-10-02T08:28:52.404+0000][44031.390s][5523][5530][info ] Total time for which application threads were stopped: 0.0001374 seconds, Stopping threads took: 0.0000250 seconds
[2025-10-02T08:28:53.404+0000][44032.390s][5523][5530][info ] Application time: 1.0001047 seconds
[2025-10-02T08:28:53.404+0000][44032.390s][5523][5530][info ] Entering safepoint region: Cleanup
[2025-10-02T08:28:53.404+0000][44032.391s][5523][5530][info ] Leaving safepoint region
[2025-10-02T08:28:53.404+0000][44032.391s][5523][5530][info ] Total time for which application threads were stopped: 0.0001634 seconds, Stopping threads took: 0.0000324 seconds
[2025-10-02T08:28:54.404+0000][44033.391s][5523][5530][info ] Application time: 1.0001034 seconds
[2025-10-02T08:28:54.405+0000][44033.391s][5523][5530][info ] Entering safepoint region: Cleanup
[2025-10-02T08:28:54.405+0000][44033.391s][5523][5530][info ] Leaving safepoint region
[2025-10-02T08:28:54.405+0000][44033.391s][5523][5530][info ] Total time for which application threads were stopped: 0.0001589 seconds, Stopping threads took: 0.0000399 seconds
[2025-10-02T08:28:55.405+0000][44034.391s][5523][5530][info ] Application time: 1.0001041 seconds
[2025-10-02T08:28:55.405+0000][44034.391s][5523][5530][info ] Entering safepoint region: Cleanup
[2025-10-02T08:28:55.405+0000][44034.391s][5523][5530][info ] Leaving safepoint region
[2025-10-02T08:28:55.405+0000][44034.391s][5523][5530][info ] Total time for which application threads were stopped: 0.0001370 seconds, Stopping threads took: 0.0000257 seconds
[2025-10-02T08:28:56.320+0000][44035.306s][5523][5529][trace] CMS: promo attempt is safe: available(765483624) >= av_promo(4228508), max_promo(82508120)
[2025-10-02T08:28:56.405+0000][44035.391s][5523][5530][info ] Application time: 1.0000809 seconds
[2025-10-02T08:28:56.405+0000][44035.391s][5523][5530][info ] Entering safepoint region: Cleanup
[2025-10-02T08:28:56.405+0000][44035.391s][5523][5530][info ] Leaving safepoint region
[2025-10-02T08:28:56.405+0000][44035.391s][5523][5530][info ] Total time for which application threads were stopped: 0.0001393 seconds, Stopping threads took: 0.0000236 seconds
[2025-10-02T08:28:57.405+0000][44036.392s][5523][5530][info ] Application time: 1.0001034 seconds
[2025-10-02T08:28:57.405+0000][44036.392s][5523][5530][info ] Entering safepoint region: Cleanup
[2025-10-02T08:28:57.406+0000][44036.392s][5523][5530][info ] Leaving safepoint region
[2025-10-02T08:28:57.406+0000][44036.392s][5523][5530][info ] Total time for which application threads were stopped: 0.0001693 seconds, Stopping threads took: 0.0000337 seconds
[2025-10-02T08:28:58.406+0000][44037.392s][5523][5530][info ] Application time: 1.0001078 seconds
[2025-10-02T08:28:58.406+0000][44037.392s][5523][5530][info ] Entering safepoint region: Cleanup
[2025-10-02T08:28:58.406+0000][44037.392s][5523][5530][info ] Leaving safepoint region
[2025-10-02T08:28:58.406+0000][44037.392s][5523][5530][info ] Total time for which application threads were stopped: 0.0001476 seconds, Stopping threads took: 0.0000272 seconds
[2025-10-02T08:28:59.406+0000][44038.392s][5523][5530][info ] Application time: 1.0001003 seconds
[2025-10-02T08:28:59.406+0000][44038.392s][5523][5530][info ] Entering safepoint region: Cleanup
[2025-10-02T08:28:59.406+0000][44038.392s][5523][5530][info ] Leaving safepoint region
[2025-10-02T08:28:59.406+0000][44038.392s][5523][5530][info ] Total time for which application threads were stopped: 0.0001375 seconds, Stopping threads took: 0.0000251 seconds
[2025-10-02T08:29:00.406+0000][44039.393s][5523][5530][info ] Application time: 1.0000759 seconds
[2025-10-02T08:29:00.406+0000][44039.393s][5523][5530][info ] Entering safepoint region: Cleanup
[2025-10-02T08:29:00.406+0000][44039.393s][5523][5530][info ] Leaving safepoint region
[2025-10-02T08:29:00.406+0000][44039.393s][5523][5530][info ] Total time for which application threads were stopped: 0.0001396 seconds, Stopping threads took: 0.0000254 seconds
[2025-10-02T08:29:01.407+0000][44040.393s][5523][5530][info ] Application time: 1.0001217 seconds
[2025-10-02T08:29:01.407+0000][44040.393s][5523][5530][info ] Entering safepoint region: Cleanup
[2025-10-02T08:29:01.407+0000][44040.393s][5523][5530][info ] Leaving safepoint region
[2025-10-02T08:29:01.407+0000][44040.393s][5523][5530][info ] Total time for which application threads were stopped: 0.0001622 seconds, Stopping threads took: 0.0000263 seconds
[2025-10-02T08:29:02.407+0000][44041.393s][5523][5530][info ] Application time: 1.0001404 seconds
[2025-10-02T08:29:02.407+0000][44041.393s][5523][5530][info ] Entering safepoint region: Cleanup
[2025-10-02T08:29:02.407+0000][44041.393s][5523][5530][info ] Leaving safepoint region
[2025-10-02T08:29:02.407+0000][44041.393s][5523][5530][info ] Total time for which application threads were stopped: 0.0001390 seconds, Stopping threads took: 0.0000291 seconds
[2025-10-02T08:29:03.407+0000][44042.394s][5523][5530][info ] Application time: 1.0000923 seconds
[2025-10-02T08:29:03.407+0000][44042.394s][5523][5530][info ] Entering safepoint region: Cleanup
[2025-10-02T08:29:03.408+0000][44042.394s][5523][5530][info ] Leaving safepoint region
[2025-10-02T08:29:03.408+0000][44042.394s][5523][5530][info ] Total time for which application threads were stopped: 0.0001540 seconds, Stopping threads took: 0.0000236 seconds
[2025-10-02T08:29:04.408+0000][44043.394s][5523][5530][info ] Application time: 1.0000972 seconds
[2025-10-02T08:29:04.408+0000][44043.394s][5523][5530][info ] Entering safepoint region: Cleanup
[2025-10-02T08:29:04.408+0000][44043.394s][5523][5530][info ] Leaving safepoint region
[2025-10-02T08:29:04.408+0000][44043.394s][5523][5530][info ] Total time for which application threads were stopped: 0.0001351 seconds, Stopping threads took: 0.0000264 seconds
[2025-10-02T08:29:05.408+0000][44044.394s][5523][5530][info ] Application time: 1.0001017 seconds
[2025-10-02T08:29:05.408+0000][44044.394s][5523][5530][info ] Entering safepoint region: Cleanup
[2025-10-02T08:29:05.408+0000][44044.394s][5523][5530][info ] Leaving safepoint region
[2025-10-02T08:29:05.408+0000][44044.394s][5523][5530][info ] Total time for which application threads were stopped: 0.0001380 seconds, Stopping threads took: 0.0000250 seconds
[2025-10-02T08:29:06.319+0000][44045.306s][5523][5529][trace] CMS: promo attempt is safe: available(765483624) >= av_promo(4228508), max_promo(82518856)
[2025-10-02T08:29:06.408+0000][44045.394s][5523][5530][info ] Application time: 1.0000881 seconds
[2025-10-02T08:29:06.408+0000][44045.395s][5523][5530][info ] Entering safepoint region: Cleanup
[2025-10-02T08:29:06.408+0000][44045.395s][5523][5530][info ] Leaving safepoint region
[2025-10-02T08:29:06.408+0000][44045.395s][5523][5530][info ] Total time for which application threads were stopped: 0.0001317 seconds, Stopping threads took: 0.0000245 seconds
[2025-10-02T08:29:07.409+0000][44046.395s][5523][5530][info ] Application time: 1.0001189 seconds
[2025-10-02T08:29:07.409+0000][44046.395s][5523][5530][info ] Entering safepoint region: Cleanup
[2025-10-02T08:29:07.409+0000][44046.395s][5523][5530][info ] Leaving safepoint region
[2025-10-02T08:29:07.409+0000][44046.395s][5523][5530][info ] Total time for which application threads were stopped: 0.0001336 seconds, Stopping threads took: 0.0000263 seconds
[2025-10-02T08:29:08.409+0000][44047.395s][5523][5530][info ] Application time: 1.0001042 seconds
[2025-10-02T08:29:08.409+0000][44047.395s][5523][5530][info ] Entering safepoint region: Cleanup
[2025-10-02T08:29:08.409+0000][44047.395s][5523][5530][info ] Leaving safepoint region
[2025-10-02T08:29:08.409+0000][44047.395s][5523][5530][info ] Total time for which application threads were stopped: 0.0001673 seconds, Stopping threads took: 0.0000345 seconds
[2025-10-02T08:29:09.409+0000][44048.395s][5523][5530][info ] Application time: 1.0000887 seconds
[2025-10-02T08:29:09.409+0000][44048.395s][5523][5530][info ] Entering safepoint region: Cleanup
[2025-10-02T08:29:09.409+0000][44048.396s][5523][5530][info ] Leaving safepoint region
[2025-10-02T08:29:09.409+0000][44048.396s][5523][5530][info ] Total time for which application threads were stopped: 0.0001380 seconds, Stopping threads took: 0.0000265 seconds
[2025-10-02T08:29:10.409+0000][44049.396s][5523][5530][info ] Application time: 1.0000955 seconds
[2025-10-02T08:29:10.410+0000][44049.396s][5523][5530][info ] Entering safepoint region: Cleanup
[2025-10-02T08:29:10.410+0000][44049.396s][5523][5530][info ] Leaving safepoint region
[2025-10-02T08:29:10.410+0000][44049.396s][5523][5530][info ] Total time for which application threads were stopped: 0.0001524 seconds, Stopping threads took: 0.0000384 seconds
[2025-10-02T08:29:11.410+0000][44050.396s][5523][5530][info ] Application time: 1.0001082 seconds
[2025-10-02T08:29:11.410+0000][44050.396s][5523][5530][info ] Entering safepoint region: Cleanup
[2025-10-02T08:29:11.410+0000][44050.396s][5523][5530][info ] Leaving safepoint region
[2025-10-02T08:29:11.410+0000][44050.396s][5523][5530][info ] Total time for which application threads were stopped: 0.0001404 seconds, Stopping threads took: 0.0000262 seconds
[2025-10-02T08:29:12.410+0000][44051.396s][5523][5530][info ] Application time: 1.0001053 seconds
[2025-10-02T08:29:12.410+0000][44051.396s][5523][5530][info ] Entering safepoint region: Cleanup
[2025-10-02T08:29:12.410+0000][44051.396s][5523][5530][info ] Leaving safepoint region
[2025-10-02T08:29:12.410+0000][44051.396s][5523][5530][info ] Total time for which application threads were stopped: 0.0001421 seconds, Stopping threads took: 0.0000360 seconds
[2025-10-02T08:29:13.410+0000][44052.397s][5523][5530][info ] Application time: 1.0001077 seconds
[2025-10-02T08:29:13.410+0000][44052.397s][5523][5530][info ] Entering safepoint region: Cleanup
[2025-10-02T08:29:13.411+0000][44052.397s][5523][5530][info ] Leaving safepoint region
[2025-10-02T08:29:13.411+0000][44052.397s][5523][5530][info ] Total time for which application threads were stopped: 0.0001606 seconds, Stopping threads took: 0.0000273 seconds
[2025-10-02T08:29:14.411+0000][44053.397s][5523][5530][info ] Application time: 1.0000972 seconds
[2025-10-02T08:29:14.411+0000][44053.397s][5523][5530][info ] Entering safepoint region: Cleanup
[2025-10-02T08:29:14.411+0000][44053.397s][5523][5530][info ] Leaving safepoint region
[2025-10-02T08:29:14.411+0000][44053.397s][5523][5530][info ] Total time for which application threads were stopped: 0.0001417 seconds, Stopping threads took: 0.0000255 seconds
[2025-10-02T08:29:15.411+0000][44054.397s][5523][5530][info ] Application time: 1.0002194 seconds
[2025-10-02T08:29:15.411+0000][44054.397s][5523][5530][info ] Entering safepoint region: Cleanup
[2025-10-02T08:29:15.411+0000][44054.398s][5523][5530][info ] Leaving safepoint region
[2025-10-02T08:29:15.411+0000][44054.398s][5523][5530][info ] Total time for which application threads were stopped: 0.0001372 seconds, Stopping threads took: 0.0000266 seconds
[2025-10-02T08:29:16.318+0000][44055.305s][5523][5529][trace] CMS: promo attempt is safe: available(765483624) >= av_promo(4228508), max_promo(83950768)
[2025-10-02T08:29:16.411+0000][44055.398s][5523][5530][info ] Application time: 1.0000837 seconds
[2025-10-02T08:29:16.411+0000][44055.398s][5523][5530][info ] Entering safepoint region: Cleanup
[2025-10-02T08:29:16.412+0000][44055.398s][5523][5530][info ] Leaving safepoint region
[2025-10-02T08:29:16.412+0000][44055.398s][5523][5530][info ] Total time for which application threads were stopped: 0.0001626 seconds, Stopping threads took: 0.0000284 seconds
[2025-10-02T08:29:17.412+0000][44056.398s][5523][5530][info ] Application time: 1.0000798 seconds
[2025-10-02T08:29:17.412+0000][44056.398s][5523][5530][info ] Entering safepoint region: Cleanup
[2025-10-02T08:29:17.412+0000][44056.398s][5523][5530][info ] Leaving safepoint region
[2025-10-02T08:29:17.412+0000][44056.398s][5523][5530][info ] Total time for which application threads were stopped: 0.0001398 seconds, Stopping threads took: 0.0000277 seconds
[2025-10-02T08:29:18.412+0000][44057.398s][5523][5530][info ] Application time: 1.0001099 seconds
[2025-10-02T08:29:18.412+0000][44057.398s][5523][5530][info ] Entering safepoint region: Cleanup
[2025-10-02T08:29:18.412+0000][44057.398s][5523][5530][info ] Leaving safepoint region
[2025-10-02T08:29:18.412+0000][44057.398s][5523][5530][info ] Total time for which application threads were stopped: 0.0001349 seconds, Stopping threads took: 0.0000257 seconds
[2025-10-02T08:29:19.412+0000][44058.399s][5523][5530][info ] Application time: 1.0001038 seconds
[2025-10-02T08:29:19.412+0000][44058.399s][5523][5530][info ] Entering safepoint region: Cleanup
[2025-10-02T08:29:19.413+0000][44058.399s][5523][5530][info ] Leaving safepoint region
[2025-10-02T08:29:19.413+0000][44058.399s][5523][5530][info ] Total time for which application threads were stopped: 0.0001892 seconds, Stopping threads took: 0.0000397 seconds
[2025-10-02T08:29:20.413+0000][44059.399s][5523][5530][info ] Application time: 1.0000985 seconds
[2025-10-02T08:29:20.413+0000][44059.399s][5523][5530][info ] Entering safepoint region: Cleanup
[2025-10-02T08:29:20.413+0000][44059.399s][5523][5530][info ] Leaving safepoint region
[2025-10-02T08:29:20.413+0000][44059.399s][5523][5530][info ] Total time for which application threads were stopped: 0.0001390 seconds, Stopping threads took: 0.0000249 seconds
[2025-10-02T08:29:21.413+0000][44060.399s][5523][5530][info ] Application time: 1.0000825 seconds
[2025-10-02T08:29:21.413+0000][44060.399s][5523][5530][info ] Entering safepoint region: Cleanup
[2025-10-02T08:29:21.413+0000][44060.399s][5523][5530][info ] Leaving safepoint region
[2025-10-02T08:29:21.413+0000][44060.399s][5523][5530][info ] Total time for which application threads were stopped: 0.0001303 seconds, Stopping threads took: 0.0000246 seconds
[2025-10-02T08:29:22.413+0000][44061.399s][5523][5530][info ] Application time: 1.0001056 seconds
[2025-10-02T08:29:22.413+0000][44061.399s][5523][5530][info ] Entering safepoint region: Cleanup
[2025-10-02T08:29:22.413+0000][44061.400s][5523][5530][info ] Leaving safepoint region
[2025-10-02T08:29:22.413+0000][44061.400s][5523][5530][info ] Total time for which application threads were stopped: 0.0001373 seconds, Stopping threads took: 0.0000254 seconds
[2025-10-02T08:29:23.414+0000][44062.400s][5523][5530][info ] Application time: 1.0001233 seconds
[2025-10-02T08:29:23.414+0000][44062.400s][5523][5530][info ] Entering safepoint region: Cleanup
[2025-10-02T08:29:23.414+0000][44062.400s][5523][5530][info ] Leaving safepoint region
[2025-10-02T08:29:23.414+0000][44062.400s][5523][5530][info ] Total time for which application threads were stopped: 0.0001462 seconds, Stopping threads took: 0.0000318 seconds
[2025-10-02T08:29:24.414+0000][44063.400s][5523][5530][info ] Application time: 1.0000794 seconds
[2025-10-02T08:29:24.414+0000][44063.400s][5523][5530][info ] Entering safepoint region: Cleanup
[2025-10-02T08:29:24.414+0000][44063.400s][5523][5530][info ] Leaving safepoint region
[2025-10-02T08:29:24.414+0000][44063.400s][5523][5530][info ] Total time for which application threads were stopped: 0.0001450 seconds, Stopping threads took: 0.0000260 seconds
[2025-10-02T08:29:25.414+0000][44064.400s][5523][5530][info ] Application time: 1.0000819 seconds
[2025-10-02T08:29:25.414+0000][44064.400s][5523][5530][info ] Entering safepoint region: Cleanup
[2025-10-02T08:29:25.414+0000][44064.400s][5523][5530][info ] Leaving safepoint region
[2025-10-02T08:29:25.414+0000][44064.400s][5523][5530][info ] Total time for which application threads were stopped: 0.0001340 seconds, Stopping threads took: 0.0000275 seconds
[2025-10-02T08:29:26.318+0000][44065.305s][5523][5529][trace] CMS: promo attempt is safe: available(765483624) >= av_promo(4228508), max_promo(84752264)
[2025-10-02T08:29:26.414+0000][44065.401s][5523][5530][info ] Application time: 1.0000748 seconds
[2025-10-02T08:29:26.414+0000][44065.401s][5523][5530][info ] Entering safepoint region: Cleanup
[2025-10-02T08:29:26.415+0000][44065.401s][5523][5530][info ] Leaving safepoint region
[2025-10-02T08:29:26.415+0000][44065.401s][5523][5530][info ] Total time for which application threads were stopped: 0.0001561 seconds, Stopping threads took: 0.0000260 seconds
[2025-10-02T08:29:27.415+0000][44066.401s][5523][5530][info ] Application time: 1.0000768 seconds
[2025-10-02T08:29:27.415+0000][44066.401s][5523][5530][info ] Entering safepoint region: Cleanup
[2025-10-02T08:29:27.415+0000][44066.401s][5523][5530][info ] Leaving safepoint region
[2025-10-02T08:29:27.415+0000][44066.401s][5523][5530][info ] Total time for which application threads were stopped: 0.0001302 seconds, Stopping threads took: 0.0000254 seconds
[2025-10-02T08:29:28.415+0000][44067.401s][5523][5530][info ] Application time: 1.0000835 seconds
[2025-10-02T08:29:28.415+0000][44067.401s][5523][5530][info ] Entering safepoint region: Cleanup
[2025-10-02T08:29:28.415+0000][44067.401s][5523][5530][info ] Leaving safepoint region
[2025-10-02T08:29:28.415+0000][44067.401s][5523][5530][info ] Total time for which application threads were stopped: 0.0002415 seconds, Stopping threads took: 0.0001304 seconds
[2025-10-02T08:29:29.415+0000][44068.402s][5523][5530][info ] Application time: 1.0001033 seconds
[2025-10-02T08:29:29.415+0000][44068.402s][5523][5530][info ] Entering safepoint region: Cleanup
[2025-10-02T08:29:29.416+0000][44068.402s][5523][5530][info ] Leaving safepoint region
[2025-10-02T08:29:29.416+0000][44068.402s][5523][5530][info ] Total time for which application threads were stopped: 0.0001669 seconds, Stopping threads took: 0.0000271 seconds
[2025-10-02T08:29:30.416+0000][44069.402s][5523][5530][info ] Application time: 1.0000841 seconds
[2025-10-02T08:29:30.416+0000][44069.402s][5523][5530][info ] Entering safepoint region: Cleanup
[2025-10-02T08:29:30.416+0000][44069.402s][5523][5530][info ] Leaving safepoint region
[2025-10-02T08:29:30.416+0000][44069.402s][5523][5530][info ] Total time for which application threads were stopped: 0.0001512 seconds, Stopping threads took: 0.0000246 seconds
[2025-10-02T08:29:31.416+0000][44070.402s][5523][5530][info ] Application time: 1.0001063 seconds
[2025-10-02T08:29:31.416+0000][44070.402s][5523][5530][info ] Entering safepoint region: Cleanup
[2025-10-02T08:29:31.416+0000][44070.402s][5523][5530][info ] Leaving safepoint region
[2025-10-02T08:29:31.416+0000][44070.402s][5523][5530][info ] Total time for which application threads were stopped: 0.0001429 seconds, Stopping threads took: 0.0000251 seconds
[2025-10-02T08:29:32.416+0000][44071.402s][5523][5530][info ] Application time: 1.0001001 seconds
[2025-10-02T08:29:32.416+0000][44071.403s][5523][5530][info ] Entering safepoint region: Cleanup
[2025-10-02T08:29:32.416+0000][44071.403s][5523][5530][info ] Leaving safepoint region
[2025-10-02T08:29:32.416+0000][44071.403s][5523][5530][info ] Total time for which application threads were stopped: 0.0001319 seconds, Stopping threads took: 0.0000249 seconds
[2025-10-02T08:29:33.417+0000][44072.403s][5523][5530][info ] Application time: 1.0001145 seconds
[2025-10-02T08:29:33.417+0000][44072.403s][5523][5530][info ] Entering safepoint region: Cleanup
[2025-10-02T08:29:33.417+0000][44072.403s][5523][5530][info ] Leaving safepoint region
[2025-10-02T08:29:33.417+0000][44072.403s][5523][5530][info ] Total time for which application threads were stopped: 0.0001297 seconds, Stopping threads took: 0.0000228 seconds
[2025-10-02T08:29:34.417+0000][44073.403s][5523][5530][info ] Application time: 1.0001037 seconds
[2025-10-02T08:29:34.417+0000][44073.403s][5523][5530][info ] Entering safepoint region: Cleanup
[2025-10-02T08:29:34.417+0000][44073.403s][5523][5530][info ] Leaving safepoint region
[2025-10-02T08:29:34.417+0000][44073.403s][5523][5530][info ] Total time for which application threads were stopped: 0.0001363 seconds, Stopping threads took: 0.0000263 seconds
[2025-10-02T08:29:35.417+0000][44074.403s][5523][5530][info ] Application time: 1.0000765 seconds
[2025-10-02T08:29:35.417+0000][44074.403s][5523][5530][info ] Entering safepoint region: Cleanup
[2025-10-02T08:29:35.417+0000][44074.403s][5523][5530][info ] Leaving safepoint region
[2025-10-02T08:29:35.417+0000][44074.404s][5523][5530][info ] Total time for which application threads were stopped: 0.0001355 seconds, Stopping threads took: 0.0000277 seconds
[2025-10-02T08:29:36.318+0000][44075.305s][5523][5529][trace] CMS: promo attempt is safe: available(765483624) >= av_promo(4228508), max_promo(84752264)
[2025-10-02T08:29:36.417+0000][44075.404s][5523][5530][info ] Application time: 1.0000983 seconds
[2025-10-02T08:29:36.417+0000][44075.404s][5523][5530][info ] Entering safepoint region: Cleanup
[2025-10-02T08:29:36.418+0000][44075.404s][5523][5530][info ] Leaving safepoint region
[2025-10-02T08:29:36.418+0000][44075.404s][5523][5530][info ] Total time for which application threads were stopped: 0.0001660 seconds, Stopping threads took: 0.0000257 seconds
[2025-10-02T08:29:37.418+0000][44076.404s][5523][5530][info ] Application time: 1.0001055 seconds
[2025-10-02T08:29:37.418+0000][44076.404s][5523][5530][info ] Entering safepoint region: Cleanup
[2025-10-02T08:29:37.418+0000][44076.404s][5523][5530][info ] Leaving safepoint region
[2025-10-02T08:29:37.418+0000][44076.404s][5523][5530][info ] Total time for which application threads were stopped: 0.0001382 seconds, Stopping threads took: 0.0000251 seconds
[2025-10-02T08:29:38.418+0000][44077.404s][5523][5530][info ] Application time: 1.0001113 seconds
[2025-10-02T08:29:38.418+0000][44077.404s][5523][5530][info ] Entering safepoint region: Cleanup
[2025-10-02T08:29:38.418+0000][44077.404s][5523][5530][info ] Leaving safepoint region
[2025-10-02T08:29:38.418+0000][44077.404s][5523][5530][info ] Total time for which application threads were stopped: 0.0001591 seconds, Stopping threads took: 0.0000338 seconds
[2025-10-02T08:29:39.418+0000][44078.405s][5523][5530][info ] Application time: 1.0000921 seconds
[2025-10-02T08:29:39.418+0000][44078.405s][5523][5530][info ] Entering safepoint region: Cleanup
[2025-10-02T08:29:39.419+0000][44078.405s][5523][5530][info ] Leaving safepoint region
[2025-10-02T08:29:39.419+0000][44078.405s][5523][5530][info ] Total time for which application threads were stopped: 0.0001680 seconds, Stopping threads took: 0.0000283 seconds
[2025-10-02T08:29:40.419+0000][44079.405s][5523][5530][info ] Application time: 1.0001053 seconds
[2025-10-02T08:29:40.419+0000][44079.405s][5523][5530][info ] Entering safepoint region: Cleanup
[2025-10-02T08:29:40.419+0000][44079.405s][5523][5530][info ] Leaving safepoint region
[2025-10-02T08:29:40.419+0000][44079.405s][5523][5530][info ] Total time for which application threads were stopped: 0.0001481 seconds, Stopping threads took: 0.0000293 seconds
[2025-10-02T08:29:41.419+0000][44080.405s][5523][5530][info ] Application time: 1.0001066 seconds
[2025-10-02T08:29:41.419+0000][44080.405s][5523][5530][info ] Entering safepoint region: Cleanup
[2025-10-02T08:29:41.419+0000][44080.406s][5523][5530][info ] Leaving safepoint region
[2025-10-02T08:29:41.419+0000][44080.406s][5523][5530][info ] Total time for which application threads were stopped: 0.0002983 seconds, Stopping threads took: 0.0001794 seconds
[2025-10-02T08:29:42.420+0000][44081.406s][5523][5530][info ] Application time: 1.0001194 seconds
[2025-10-02T08:29:42.420+0000][44081.406s][5523][5530][info ] Entering safepoint region: Cleanup
[2025-10-02T08:29:42.420+0000][44081.406s][5523][5530][info ] Leaving safepoint region
[2025-10-02T08:29:42.420+0000][44081.406s][5523][5530][info ] Total time for which application threads were stopped: 0.0001361 seconds, Stopping threads took: 0.0000270 seconds
[2025-10-02T08:29:43.420+0000][44082.406s][5523][5530][info ] Application time: 1.0000829 seconds
[2025-10-02T08:29:43.420+0000][44082.406s][5523][5530][info ] Entering safepoint region: Cleanup
[2025-10-02T08:29:43.420+0000][44082.406s][5523][5530][info ] Leaving safepoint region
[2025-10-02T08:29:43.420+0000][44082.406s][5523][5530][info ] Total time for which application threads were stopped: 0.0001563 seconds, Stopping threads took: 0.0000289 seconds
[2025-10-02T08:29:44.420+0000][44083.406s][5523][5530][info ] Application time: 1.0000995 seconds
[2025-10-02T08:29:44.420+0000][44083.406s][5523][5530][info ] Entering safepoint region: Cleanup
[2025-10-02T08:29:44.420+0000][44083.407s][5523][5530][info ] Leaving safepoint region
[2025-10-02T08:29:44.420+0000][44083.407s][5523][5530][info ] Total time for which application threads were stopped: 0.0001347 seconds, Stopping threads took: 0.0000255 seconds
[2025-10-02T08:29:45.420+0000][44084.407s][5523][5530][info ] Application time: 1.0000859 seconds
[2025-10-02T08:29:45.420+0000][44084.407s][5523][5530][info ] Entering safepoint region: Cleanup
[2025-10-02T08:29:45.421+0000][44084.407s][5523][5530][info ] Leaving safepoint region
[2025-10-02T08:29:45.421+0000][44084.407s][5523][5530][info ] Total time for which application threads were stopped: 0.0001914 seconds, Stopping threads took: 0.0000525 seconds
[2025-10-02T08:29:46.318+0000][44085.304s][5523][5529][trace] CMS: promo attempt is safe: available(765483624) >= av_promo(4228508), max_promo(84891392)
[2025-10-02T08:29:46.421+0000][44085.407s][5523][5530][info ] Application time: 1.0000967 seconds
[2025-10-02T08:29:46.421+0000][44085.407s][5523][5530][info ] Entering safepoint region: Cleanup
[2025-10-02T08:29:46.421+0000][44085.407s][5523][5530][info ] Leaving safepoint region
[2025-10-02T08:29:46.421+0000][44085.407s][5523][5530][info ] Total time for which application threads were stopped: 0.0001356 seconds, Stopping threads took: 0.0000231 seconds
[2025-10-02T08:29:47.421+0000][44086.407s][5523][5530][info ] Application time: 1.0000917 seconds
[2025-10-02T08:29:47.421+0000][44086.407s][5523][5530][info ] Entering safepoint region: Cleanup
[2025-10-02T08:29:47.421+0000][44086.407s][5523][5530][info ] Leaving safepoint region
[2025-10-02T08:29:47.421+0000][44086.407s][5523][5530][info ] Total time for which application threads were stopped: 0.0001490 seconds, Stopping threads took: 0.0000334 seconds
[2025-10-02T08:29:48.421+0000][44087.408s][5523][5530][info ] Application time: 1.0001001 seconds
[2025-10-02T08:29:48.421+0000][44087.408s][5523][5530][info ] Entering safepoint region: Cleanup
[2025-10-02T08:29:48.422+0000][44087.408s][5523][5530][info ] Leaving safepoint region
[2025-10-02T08:29:48.422+0000][44087.408s][5523][5530][info ] Total time for which application threads were stopped: 0.0001628 seconds, Stopping threads took: 0.0000254 seconds
[2025-10-02T08:29:49.422+0000][44088.408s][5523][5530][info ] Application time: 1.0001116 seconds
[2025-10-02T08:29:49.422+0000][44088.408s][5523][5530][info ] Entering safepoint region: Cleanup
[2025-10-02T08:29:49.422+0000][44088.408s][5523][5530][info ] Leaving safepoint region
[2025-10-02T08:29:49.422+0000][44088.408s][5523][5530][info ] Total time for which application threads were stopped: 0.0001411 seconds, Stopping threads took: 0.0000273 seconds
[2025-10-02T08:29:50.422+0000][44089.408s][5523][5530][info ] Application time: 1.0000983 seconds
[2025-10-02T08:29:50.422+0000][44089.408s][5523][5530][info ] Entering safepoint region: Cleanup
[2025-10-02T08:29:50.422+0000][44089.408s][5523][5530][info ] Leaving safepoint region
[2025-10-02T08:29:50.422+0000][44089.408s][5523][5530][info ] Total time for which application threads were stopped: 0.0001362 seconds, Stopping threads took: 0.0000256 seconds
[2025-10-02T08:29:51.422+0000][44090.408s][5523][5530][info ] Application time: 1.0000937 seconds
[2025-10-02T08:29:51.422+0000][44090.409s][5523][5530][info ] Entering safepoint region: Cleanup
[2025-10-02T08:29:51.422+0000][44090.409s][5523][5530][info ] Leaving safepoint region
[2025-10-02T08:29:51.422+0000][44090.409s][5523][5530][info ] Total time for which application threads were stopped: 0.0001311 seconds, Stopping threads took: 0.0000254 seconds
[2025-10-02T08:29:52.423+0000][44091.409s][5523][5530][info ] Application time: 1.0001110 seconds
[2025-10-02T08:29:52.423+0000][44091.409s][5523][5530][info ] Entering safepoint region: Cleanup
[2025-10-02T08:29:52.423+0000][44091.409s][5523][5530][info ] Leaving safepoint region
[2025-10-02T08:29:52.423+0000][44091.409s][5523][5530][info ] Total time for which application threads were stopped: 0.0001381 seconds, Stopping threads took: 0.0000270 seconds
[2025-10-02T08:29:53.423+0000][44092.409s][5523][5530][info ] Application time: 1.0001081 seconds
[2025-10-02T08:29:53.423+0000][44092.409s][5523][5530][info ] Entering safepoint region: Cleanup
[2025-10-02T08:29:53.423+0000][44092.409s][5523][5530][info ] Leaving safepoint region
[2025-10-02T08:29:53.423+0000][44092.409s][5523][5530][info ] Total time for which application threads were stopped: 0.0002505 seconds, Stopping threads took: 0.0000247 seconds
[2025-10-02T08:29:54.423+0000][44093.410s][5523][5530][info ] Application time: 1.0001080 seconds
[2025-10-02T08:29:54.423+0000][44093.410s][5523][5530][info ] Entering safepoint region: Cleanup
[2025-10-02T08:29:54.423+0000][44093.410s][5523][5530][info ] Leaving safepoint region
[2025-10-02T08:29:54.423+0000][44093.410s][5523][5530][info ] Total time for which application threads were stopped: 0.0001368 seconds, Stopping threads took: 0.0000269 seconds
[2025-10-02T08:29:55.424+0000][44094.410s][5523][5530][info ] Application time: 1.0000889 seconds
[2025-10-02T08:29:55.424+0000][44094.410s][5523][5530][info ] Entering safepoint region: Cleanup
[2025-10-02T08:29:55.424+0000][44094.410s][5523][5530][info ] Leaving safepoint region
[2025-10-02T08:29:55.424+0000][44094.410s][5523][5530][info ] Total time for which application threads were stopped: 0.0001523 seconds, Stopping threads took: 0.0000337 seconds
[2025-10-02T08:29:56.318+0000][44095.304s][5523][5529][trace] CMS: promo attempt is safe: available(765483624) >= av_promo(4228508), max_promo(84891392)
[2025-10-02T08:29:56.424+0000][44095.410s][5523][5530][info ] Application time: 1.0001137 seconds
[2025-10-02T08:29:56.424+0000][44095.410s][5523][5530][info ] Entering safepoint region: Cleanup
[2025-10-02T08:29:56.424+0000][44095.410s][5523][5530][info ] Leaving safepoint region
[2025-10-02T08:29:56.424+0000][44095.410s][5523][5530][info ] Total time for which application threads were stopped: 0.0001372 seconds, Stopping threads took: 0.0000276 seconds
[2025-10-02T08:29:57.424+0000][44096.410s][5523][5530][info ] Application time: 1.0001123 seconds
[2025-10-02T08:29:57.424+0000][44096.410s][5523][5530][info ] Entering safepoint region: Cleanup
[2025-10-02T08:29:57.424+0000][44096.411s][5523][5530][info ] Leaving safepoint region
[2025-10-02T08:29:57.424+0000][44096.411s][5523][5530][info ] Total time for which application threads were stopped: 0.0001372 seconds, Stopping threads took: 0.0000285 seconds
[2025-10-02T08:29:58.424+0000][44097.411s][5523][5530][info ] Application time: 1.0000992 seconds
[2025-10-02T08:29:58.425+0000][44097.411s][5523][5530][info ] Entering safepoint region: Cleanup
[2025-10-02T08:29:58.425+0000][44097.411s][5523][5530][info ] Leaving safepoint region
[2025-10-02T08:29:58.425+0000][44097.411s][5523][5530][info ] Total time for which application threads were stopped: 0.0001647 seconds, Stopping threads took: 0.0000405 seconds
[2025-10-02T08:29:59.425+0000][44098.411s][5523][5530][info ] Application time: 1.0000954 seconds
[2025-10-02T08:29:59.425+0000][44098.411s][5523][5530][info ] Entering safepoint region: Cleanup
[2025-10-02T08:29:59.425+0000][44098.411s][5523][5530][info ] Leaving safepoint region
[2025-10-02T08:29:59.425+0000][44098.411s][5523][5530][info ] Total time for which application threads were stopped: 0.0001364 seconds, Stopping threads took: 0.0000258 seconds
[2025-10-02T08:30:00.425+0000][44099.411s][5523][5530][info ] Application time: 1.0000893 seconds
[2025-10-02T08:30:00.425+0000][44099.411s][5523][5530][info ] Entering safepoint region: Cleanup
[2025-10-02T08:30:00.425+0000][44099.412s][5523][5530][info ] Leaving safepoint region
[2025-10-02T08:30:00.425+0000][44099.412s][5523][5530][info ] Total time for which application threads were stopped: 0.0001580 seconds, Stopping threads took: 0.0000285 seconds
[2025-10-02T08:30:01.425+0000][44100.412s][5523][5530][info ] Application time: 1.0001126 seconds
[2025-10-02T08:30:01.425+0000][44100.412s][5523][5530][info ] Entering safepoint region: Cleanup
[2025-10-02T08:30:01.426+0000][44100.412s][5523][5530][info ] Leaving safepoint region
[2025-10-02T08:30:01.426+0000][44100.412s][5523][5530][info ] Total time for which application threads were stopped: 0.0001739 seconds, Stopping threads took: 0.0000493 seconds
[2025-10-02T08:30:02.426+0000][44101.412s][5523][5530][info ] Application time: 1.0004151 seconds
[2025-10-02T08:30:02.426+0000][44101.412s][5523][5530][info ] Entering safepoint region: Cleanup
[2025-10-02T08:30:02.426+0000][44101.413s][5523][5530][info ] Leaving safepoint region
[2025-10-02T08:30:02.426+0000][44101.413s][5523][5530][info ] Total time for which application threads were stopped: 0.0002777 seconds, Stopping threads took: 0.0000294 seconds
[2025-10-02T08:30:03.427+0000][44102.413s][5523][5530][info ] Application time: 1.0001043 seconds
[2025-10-02T08:30:03.427+0000][44102.413s][5523][5530][info ] Entering safepoint region: Cleanup
[2025-10-02T08:30:03.427+0000][44102.413s][5523][5530][info ] Leaving safepoint region
[2025-10-02T08:30:03.427+0000][44102.413s][5523][5530][info ] Total time for which application threads were stopped: 0.0001345 seconds, Stopping threads took: 0.0000253 seconds
[2025-10-02T08:30:04.427+0000][44103.413s][5523][5530][info ] Application time: 1.0000968 seconds
[2025-10-02T08:30:04.427+0000][44103.413s][5523][5530][info ] Entering safepoint region: Cleanup
[2025-10-02T08:30:04.427+0000][44103.413s][5523][5530][info ] Leaving safepoint region
[2025-10-02T08:30:04.427+0000][44103.413s][5523][5530][info ] Total time for which application threads were stopped: 0.0001997 seconds, Stopping threads took: 0.0000239 seconds
[2025-10-02T08:30:05.427+0000][44104.413s][5523][5530][info ] Application time: 1.0001210 seconds
[2025-10-02T08:30:05.427+0000][44104.413s][5523][5530][info ] Entering safepoint region: Cleanup
[2025-10-02T08:30:05.427+0000][44104.414s][5523][5530][info ] Leaving safepoint region
[2025-10-02T08:30:05.427+0000][44104.414s][5523][5530][info ] Total time for which application threads were stopped: 0.0001307 seconds, Stopping threads took: 0.0000250 seconds
[2025-10-02T08:30:06.318+0000][44105.304s][5523][5529][trace] CMS: promo attempt is safe: available(765483624) >= av_promo(4228508), max_promo(85102128)
[2025-10-02T08:30:06.427+0000][44105.414s][5523][5530][info ] Application time: 1.0001196 seconds
[2025-10-02T08:30:06.428+0000][44105.414s][5523][5530][info ] Entering safepoint region: Cleanup
[2025-10-02T08:30:06.428+0000][44105.414s][5523][5530][info ] Leaving safepoint region
[2025-10-02T08:30:06.428+0000][44105.414s][5523][5530][info ] Total time for which application threads were stopped: 0.0001569 seconds, Stopping threads took: 0.0000334 seconds
[2025-10-02T08:30:07.428+0000][44106.414s][5523][5530][info ] Application time: 1.0000728 seconds
[2025-10-02T08:30:07.428+0000][44106.414s][5523][5530][info ] Entering safepoint region: Cleanup
[2025-10-02T08:30:07.428+0000][44106.414s][5523][5530][info ] Leaving safepoint region
[2025-10-02T08:30:07.428+0000][44106.414s][5523][5530][info ] Total time for which application threads were stopped: 0.0001324 seconds, Stopping threads took: 0.0000241 seconds
[2025-10-02T08:30:08.428+0000][44107.414s][5523][5530][info ] Application time: 1.0000996 seconds
[2025-10-02T08:30:08.428+0000][44107.414s][5523][5530][info ] Entering safepoint region: Cleanup
[2025-10-02T08:30:08.428+0000][44107.415s][5523][5530][info ] Leaving safepoint region
[2025-10-02T08:30:08.428+0000][44107.415s][5523][5530][info ] Total time for which application threads were stopped: 0.0001820 seconds, Stopping threads took: 0.0000379 seconds
[2025-10-02T08:30:09.428+0000][44108.415s][5523][5530][info ] Application time: 1.0001031 seconds
[2025-10-02T08:30:09.428+0000][44108.415s][5523][5530][info ] Entering safepoint region: Cleanup
[2025-10-02T08:30:09.429+0000][44108.415s][5523][5530][info ] Leaving safepoint region
[2025-10-02T08:30:09.429+0000][44108.415s][5523][5530][info ] Total time for which application threads were stopped: 0.0001563 seconds, Stopping threads took: 0.0000247 seconds
[2025-10-02T08:30:10.429+0000][44109.415s][5523][5530][info ] Application time: 1.0001992 seconds
[2025-10-02T08:30:10.429+0000][44109.415s][5523][5530][info ] Entering safepoint region: Cleanup
[2025-10-02T08:30:10.429+0000][44109.415s][5523][5530][info ] Leaving safepoint region
[2025-10-02T08:30:10.429+0000][44109.415s][5523][5530][info ] Total time for which application threads were stopped: 0.0001355 seconds, Stopping threads took: 0.0000257 seconds
[2025-10-02T08:30:11.429+0000][44110.415s][5523][5530][info ] Application time: 1.0001055 seconds
[2025-10-02T08:30:11.429+0000][44110.415s][5523][5530][info ] Entering safepoint region: Cleanup
[2025-10-02T08:30:11.429+0000][44110.416s][5523][5530][info ] Leaving safepoint region
[2025-10-02T08:30:11.429+0000][44110.416s][5523][5530][info ] Total time for which application threads were stopped: 0.0001352 seconds, Stopping threads took: 0.0000251 seconds
[2025-10-02T08:30:12.429+0000][44111.416s][5523][5530][info ] Application time: 1.0001018 seconds
[2025-10-02T08:30:12.429+0000][44111.416s][5523][5530][info ] Entering safepoint region: Cleanup
[2025-10-02T08:30:12.430+0000][44111.416s][5523][5530][info ] Leaving safepoint region
[2025-10-02T08:30:12.430+0000][44111.416s][5523][5530][info ] Total time for which application threads were stopped: 0.0001565 seconds, Stopping threads took: 0.0000489 seconds
[2025-10-02T08:30:13.430+0000][44112.416s][5523][5530][info ] Application time: 1.0001021 seconds
[2025-10-02T08:30:13.430+0000][44112.416s][5523][5530][info ] Entering safepoint region: Cleanup
[2025-10-02T08:30:13.430+0000][44112.416s][5523][5530][info ] Leaving safepoint region
[2025-10-02T08:30:13.430+0000][44112.416s][5523][5530][info ] Total time for which application threads were stopped: 0.0001338 seconds, Stopping threads took: 0.0000252 seconds
[2025-10-02T08:30:14.430+0000][44113.416s][5523][5530][info ] Application time: 1.0001024 seconds
[2025-10-02T08:30:14.430+0000][44113.416s][5523][5530][info ] Entering safepoint region: Cleanup
[2025-10-02T08:30:14.430+0000][44113.416s][5523][5530][info ] Leaving safepoint region
[2025-10-02T08:30:14.430+0000][44113.416s][5523][5530][info ] Total time for which application threads were stopped: 0.0001313 seconds, Stopping threads took: 0.0000242 seconds
[2025-10-02T08:30:15.430+0000][44114.417s][5523][5530][info ] Application time: 1.0001121 seconds
[2025-10-02T08:30:15.430+0000][44114.417s][5523][5530][info ] Entering safepoint region: Cleanup
[2025-10-02T08:30:15.431+0000][44114.417s][5523][5530][info ] Leaving safepoint region
[2025-10-02T08:30:15.431+0000][44114.417s][5523][5530][info ] Total time for which application threads were stopped: 0.0001638 seconds, Stopping threads took: 0.0000314 seconds
[2025-10-02T08:30:16.318+0000][44115.304s][5523][5529][trace] CMS: promo attempt is safe: available(765483624) >= av_promo(4228508), max_promo(87384664)
[2025-10-02T08:30:16.431+0000][44115.417s][5523][5530][info ] Application time: 1.0001075 seconds
[2025-10-02T08:30:16.431+0000][44115.417s][5523][5530][info ] Entering safepoint region: Cleanup
[2025-10-02T08:30:16.431+0000][44115.417s][5523][5530][info ] Leaving safepoint region
[2025-10-02T08:30:16.431+0000][44115.417s][5523][5530][info ] Total time for which application threads were stopped: 0.0001388 seconds, Stopping threads took: 0.0000252 seconds
[2025-10-02T08:30:17.431+0000][44116.417s][5523][5530][info ] Application time: 1.0001140 seconds
[2025-10-02T08:30:17.431+0000][44116.417s][5523][5530][info ] Entering safepoint region: Cleanup
[2025-10-02T08:30:17.431+0000][44116.417s][5523][5530][info ] Leaving safepoint region
[2025-10-02T08:30:17.431+0000][44116.417s][5523][5530][info ] Total time for which application threads were stopped: 0.0001404 seconds, Stopping threads took: 0.0000279 seconds
[2025-10-02T08:30:18.431+0000][44117.418s][5523][5530][info ] Application time: 1.0000865 seconds
[2025-10-02T08:30:18.431+0000][44117.418s][5523][5530][info ] Entering safepoint region: Cleanup
[2025-10-02T08:30:18.432+0000][44117.418s][5523][5530][info ] Leaving safepoint region
[2025-10-02T08:30:18.433+0000][44117.419s][5523][5530][info ] Total time for which application threads were stopped: 0.0011148 seconds, Stopping threads took: 0.0000266 seconds
[2025-10-02T08:30:19.433+0000][44118.419s][5523][5530][info ] Application time: 1.0001025 seconds
[2025-10-02T08:30:19.433+0000][44118.419s][5523][5530][info ] Entering safepoint region: Cleanup
[2025-10-02T08:30:19.433+0000][44118.419s][5523][5530][info ] Leaving safepoint region
[2025-10-02T08:30:19.433+0000][44118.419s][5523][5530][info ] Total time for which application threads were stopped: 0.0001466 seconds, Stopping threads took: 0.0000281 seconds
[2025-10-02T08:30:20.433+0000][44119.419s][5523][5530][info ] Application time: 1.0000791 seconds
[2025-10-02T08:30:20.433+0000][44119.419s][5523][5530][info ] Entering safepoint region: Cleanup
[2025-10-02T08:30:20.433+0000][44119.419s][5523][5530][info ] Leaving safepoint region
[2025-10-02T08:30:20.433+0000][44119.419s][5523][5530][info ] Total time for which application threads were stopped: 0.0001382 seconds, Stopping threads took: 0.0000251 seconds
[2025-10-02T08:30:21.433+0000][44120.419s][5523][5530][info ] Application time: 1.0000982 seconds
[2025-10-02T08:30:21.433+0000][44120.420s][5523][5530][info ] Entering safepoint region: Cleanup
[2025-10-02T08:30:21.433+0000][44120.420s][5523][5530][info ] Leaving safepoint region
[2025-10-02T08:30:21.433+0000][44120.420s][5523][5530][info ] Total time for which application threads were stopped: 0.0001395 seconds, Stopping threads took: 0.0000301 seconds
[2025-10-02T08:30:22.434+0000][44121.420s][5523][5530][info ] Application time: 1.0001138 seconds
[2025-10-02T08:30:22.434+0000][44121.420s][5523][5530][info ] Entering safepoint region: Cleanup
[2025-10-02T08:30:22.434+0000][44121.420s][5523][5530][info ] Leaving safepoint region
[2025-10-02T08:30:22.434+0000][44121.420s][5523][5530][info ] Total time for which application threads were stopped: 0.0001389 seconds, Stopping threads took: 0.0000269 seconds
[2025-10-02T08:30:23.434+0000][44122.420s][5523][5530][info ] Application time: 1.0001106 seconds
[2025-10-02T08:30:23.434+0000][44122.420s][5523][5530][info ] Entering safepoint region: Cleanup
[2025-10-02T08:30:23.434+0000][44122.420s][5523][5530][info ] Leaving safepoint region
[2025-10-02T08:30:23.434+0000][44122.420s][5523][5530][info ] Total time for which application threads were stopped: 0.0001394 seconds, Stopping threads took: 0.0000266 seconds
[2025-10-02T08:30:24.434+0000][44123.420s][5523][5530][info ] Application time: 1.0000885 seconds
[2025-10-02T08:30:24.434+0000][44123.420s][5523][5530][info ] Entering safepoint region: Cleanup
[2025-10-02T08:30:24.434+0000][44123.421s][5523][5530][info ] Leaving safepoint region
[2025-10-02T08:30:24.434+0000][44123.421s][5523][5530][info ] Total time for which application threads were stopped: 0.0001342 seconds, Stopping threads took: 0.0000257 seconds
[2025-10-02T08:30:25.434+0000][44124.421s][5523][5530][info ] Application time: 1.0001183 seconds
[2025-10-02T08:30:25.434+0000][44124.421s][5523][5530][info ] Entering safepoint region: Cleanup
[2025-10-02T08:30:25.435+0000][44124.421s][5523][5530][info ] Leaving safepoint region
[2025-10-02T08:30:25.435+0000][44124.421s][5523][5530][info ] Total time for which application threads were stopped: 0.0001567 seconds, Stopping threads took: 0.0000442 seconds
[2025-10-02T08:30:26.318+0000][44125.304s][5523][5529][trace] CMS: promo attempt is safe: available(765483624) >= av_promo(4228508), max_promo(87526432)
[2025-10-02T08:30:26.435+0000][44125.421s][5523][5530][info ] Application time: 1.0000704 seconds
[2025-10-02T08:30:26.435+0000][44125.421s][5523][5530][info ] Entering safepoint region: Cleanup
[2025-10-02T08:30:26.435+0000][44125.421s][5523][5530][info ] Leaving safepoint region
[2025-10-02T08:30:26.435+0000][44125.421s][5523][5530][info ] Total time for which application threads were stopped: 0.0001336 seconds, Stopping threads took: 0.0000248 seconds
[2025-10-02T08:30:27.435+0000][44126.421s][5523][5530][info ] Application time: 1.0000797 seconds
[2025-10-02T08:30:27.435+0000][44126.421s][5523][5530][info ] Entering safepoint region: Cleanup
[2025-10-02T08:30:27.435+0000][44126.421s][5523][5530][info ] Leaving safepoint region
[2025-10-02T08:30:27.435+0000][44126.421s][5523][5530][info ] Total time for which application threads were stopped: 0.0001427 seconds, Stopping threads took: 0.0000327 seconds
[2025-10-02T08:30:28.435+0000][44127.422s][5523][5530][info ] Application time: 1.0001051 seconds
[2025-10-02T08:30:28.435+0000][44127.422s][5523][5530][info ] Entering safepoint region: Cleanup
[2025-10-02T08:30:28.436+0000][44127.422s][5523][5530][info ] Leaving safepoint region
[2025-10-02T08:30:28.436+0000][44127.422s][5523][5530][info ] Total time for which application threads were stopped: 0.0001758 seconds, Stopping threads took: 0.0000465 seconds
[2025-10-02T08:30:29.436+0000][44128.422s][5523][5530][info ] Application time: 1.0000732 seconds
[2025-10-02T08:30:29.436+0000][44128.422s][5523][5530][info ] Entering safepoint region: Cleanup
[2025-10-02T08:30:29.436+0000][44128.422s][5523][5530][info ] Leaving safepoint region
[2025-10-02T08:30:29.436+0000][44128.422s][5523][5530][info ] Total time for which application threads were stopped: 0.0001384 seconds, Stopping threads took: 0.0000241 seconds
[2025-10-02T08:30:30.436+0000][44129.422s][5523][5530][info ] Application time: 1.0000984 seconds
[2025-10-02T08:30:30.436+0000][44129.422s][5523][5530][info ] Entering safepoint region: Cleanup
[2025-10-02T08:30:30.436+0000][44129.422s][5523][5530][info ] Leaving safepoint region
[2025-10-02T08:30:30.436+0000][44129.422s][5523][5530][info ] Total time for which application threads were stopped: 0.0001549 seconds, Stopping threads took: 0.0000274 seconds
[2025-10-02T08:30:31.436+0000][44130.422s][5523][5530][info ] Application time: 1.0001018 seconds
[2025-10-02T08:30:31.436+0000][44130.423s][5523][5530][info ] Entering safepoint region: Cleanup
[2025-10-02T08:30:31.436+0000][44130.423s][5523][5530][info ] Leaving safepoint region
[2025-10-02T08:30:31.436+0000][44130.423s][5523][5530][info ] Total time for which application threads were stopped: 0.0001589 seconds, Stopping threads took: 0.0000375 seconds
[2025-10-02T08:30:32.437+0000][44131.423s][5523][5530][info ] Application time: 1.0001110 seconds
[2025-10-02T08:30:32.437+0000][44131.423s][5523][5530][info ] Entering safepoint region: Cleanup
[2025-10-02T08:30:32.437+0000][44131.423s][5523][5530][info ] Leaving safepoint region
[2025-10-02T08:30:32.437+0000][44131.423s][5523][5530][info ] Total time for which application threads were stopped: 0.0001407 seconds, Stopping threads took: 0.0000258 seconds
[2025-10-02T08:30:33.437+0000][44132.423s][5523][5530][info ] Application time: 1.0001094 seconds
[2025-10-02T08:30:33.437+0000][44132.423s][5523][5530][info ] Entering safepoint region: Cleanup
[2025-10-02T08:30:33.437+0000][44132.423s][5523][5530][info ] Leaving safepoint region
[2025-10-02T08:30:33.437+0000][44132.423s][5523][5530][info ] Total time for which application threads were stopped: 0.0001357 seconds, Stopping threads took: 0.0000244 seconds
[2025-10-02T08:30:34.437+0000][44133.423s][5523][5530][info ] Application time: 1.0001054 seconds
[2025-10-02T08:30:34.437+0000][44133.423s][5523][5530][info ] Entering safepoint region: Cleanup
[2025-10-02T08:30:34.437+0000][44133.424s][5523][5530][info ] Leaving safepoint region
[2025-10-02T08:30:34.437+0000][44133.424s][5523][5530][info ] Total time for which application threads were stopped: 0.0001397 seconds, Stopping threads took: 0.0000253 seconds
[2025-10-02T08:30:35.437+0000][44134.424s][5523][5530][info ] Application time: 1.0000829 seconds
[2025-10-02T08:30:35.438+0000][44134.424s][5523][5530][info ] Entering safepoint region: Cleanup
[2025-10-02T08:30:35.438+0000][44134.424s][5523][5530][info ] Leaving safepoint region
[2025-10-02T08:30:35.438+0000][44134.424s][5523][5530][info ] Total time for which application threads were stopped: 0.0001366 seconds, Stopping threads took: 0.0000264 seconds
[2025-10-02T08:30:36.318+0000][44135.304s][5523][5529][trace] CMS: promo attempt is safe: available(765483624) >= av_promo(4228508), max_promo(87526432)
[2025-10-02T08:30:36.438+0000][44135.424s][5523][5530][info ] Application time: 1.0000755 seconds
[2025-10-02T08:30:36.438+0000][44135.424s][5523][5530][info ] Entering safepoint region: Cleanup
[2025-10-02T08:30:36.438+0000][44135.424s][5523][5530][info ] Leaving safepoint region
[2025-10-02T08:30:36.438+0000][44135.424s][5523][5530][info ] Total time for which application threads were stopped: 0.0001378 seconds, Stopping threads took: 0.0000272 seconds
[2025-10-02T08:30:37.438+0000][44136.424s][5523][5530][info ] Application time: 1.0001071 seconds
[2025-10-02T08:30:37.438+0000][44136.424s][5523][5530][info ] Entering safepoint region: Cleanup
[2025-10-02T08:30:37.438+0000][44136.424s][5523][5530][info ] Leaving safepoint region
[2025-10-02T08:30:37.438+0000][44136.424s][5523][5530][info ] Total time for which application threads were stopped: 0.0001357 seconds, Stopping threads took: 0.0000253 seconds
[2025-10-02T08:30:38.438+0000][44137.425s][5523][5530][info ] Application time: 1.0001067 seconds
[2025-10-02T08:30:38.438+0000][44137.425s][5523][5530][info ] Entering safepoint region: Cleanup
[2025-10-02T08:30:38.439+0000][44137.425s][5523][5530][info ] Leaving safepoint region
[2025-10-02T08:30:38.439+0000][44137.425s][5523][5530][info ] Total time for which application threads were stopped: 0.0001676 seconds, Stopping threads took: 0.0000263 seconds
[2025-10-02T08:30:39.439+0000][44138.425s][5523][5530][info ] Application time: 1.0001086 seconds
[2025-10-02T08:30:39.439+0000][44138.425s][5523][5530][info ] Entering safepoint region: Cleanup
[2025-10-02T08:30:39.439+0000][44138.425s][5523][5530][info ] Leaving safepoint region
[2025-10-02T08:30:39.439+0000][44138.425s][5523][5530][info ] Total time for which application threads were stopped: 0.0001406 seconds, Stopping threads took: 0.0000290 seconds
[2025-10-02T08:30:40.439+0000][44139.425s][5523][5530][info ] Application time: 1.0001936 seconds
[2025-10-02T08:30:40.439+0000][44139.425s][5523][5530][info ] Entering safepoint region: Cleanup
[2025-10-02T08:30:40.439+0000][44139.425s][5523][5530][info ] Leaving safepoint region
[2025-10-02T08:30:40.439+0000][44139.425s][5523][5530][info ] Total time for which application threads were stopped: 0.0001343 seconds, Stopping threads took: 0.0000252 seconds
[2025-10-02T08:30:41.439+0000][44140.426s][5523][5530][info ] Application time: 1.0001036 seconds
[2025-10-02T08:30:41.439+0000][44140.426s][5523][5530][info ] Entering safepoint region: Cleanup
[2025-10-02T08:30:41.440+0000][44140.426s][5523][5530][info ] Leaving safepoint region
[2025-10-02T08:30:41.440+0000][44140.426s][5523][5530][info ] Total time for which application threads were stopped: 0.0001678 seconds, Stopping threads took: 0.0000297 seconds
[2025-10-02T08:30:42.440+0000][44141.426s][5523][5530][info ] Application time: 1.0000970 seconds
[2025-10-02T08:30:42.440+0000][44141.426s][5523][5530][info ] Entering safepoint region: Cleanup
[2025-10-02T08:30:42.440+0000][44141.426s][5523][5530][info ] Leaving safepoint region
[2025-10-02T08:30:42.440+0000][44141.426s][5523][5530][info ] Total time for which application threads were stopped: 0.0001429 seconds, Stopping threads took: 0.0000257 seconds
[2025-10-02T08:30:43.440+0000][44142.426s][5523][5530][info ] Application time: 1.0001062 seconds
[2025-10-02T08:30:43.440+0000][44142.426s][5523][5530][info ] Entering safepoint region: Cleanup
[2025-10-02T08:30:43.440+0000][44142.426s][5523][5530][info ] Leaving safepoint region
[2025-10-02T08:30:43.440+0000][44142.426s][5523][5530][info ] Total time for which application threads were stopped: 0.0001318 seconds, Stopping threads took: 0.0000244 seconds
[2025-10-02T08:30:44.440+0000][44143.427s][5523][5530][info ] Application time: 1.0000783 seconds
[2025-10-02T08:30:44.440+0000][44143.427s][5523][5530][info ] Entering safepoint region: Cleanup
[2025-10-02T08:30:44.440+0000][44143.427s][5523][5530][info ] Leaving safepoint region
[2025-10-02T08:30:44.440+0000][44143.427s][5523][5530][info ] Total time for which application threads were stopped: 0.0001377 seconds, Stopping threads took: 0.0000253 seconds
[2025-10-02T08:30:45.441+0000][44144.427s][5523][5530][info ] Application time: 1.0000717 seconds
[2025-10-02T08:30:45.441+0000][44144.427s][5523][5530][info ] Entering safepoint region: Cleanup
[2025-10-02T08:30:45.441+0000][44144.427s][5523][5530][info ] Leaving safepoint region
[2025-10-02T08:30:45.441+0000][44144.427s][5523][5530][info ] Total time for which application threads were stopped: 0.0001415 seconds, Stopping threads took: 0.0000282 seconds
[2025-10-02T08:30:46.318+0000][44145.304s][5523][5529][trace] CMS: promo attempt is safe: available(765483624) >= av_promo(4228508), max_promo(90001136)
[2025-10-02T08:30:46.441+0000][44145.427s][5523][5530][info ] Application time: 1.0000898 seconds
[2025-10-02T08:30:46.441+0000][44145.427s][5523][5530][info ] Entering safepoint region: Cleanup
[2025-10-02T08:30:46.441+0000][44145.427s][5523][5530][info ] Leaving safepoint region
[2025-10-02T08:30:46.441+0000][44145.427s][5523][5530][info ] Total time for which application threads were stopped: 0.0001365 seconds, Stopping threads took: 0.0000248 seconds
[2025-10-02T08:30:47.441+0000][44146.427s][5523][5530][info ] Application time: 1.0000995 seconds
[2025-10-02T08:30:47.441+0000][44146.427s][5523][5530][info ] Entering safepoint region: Cleanup
[2025-10-02T08:30:47.441+0000][44146.428s][5523][5530][info ] Leaving safepoint region
[2025-10-02T08:30:47.441+0000][44146.428s][5523][5530][info ] Total time for which application threads were stopped: 0.0001317 seconds, Stopping threads took: 0.0000247 seconds
[2025-10-02T08:30:48.441+0000][44147.428s][5523][5530][info ] Application time: 1.0000940 seconds
[2025-10-02T08:30:48.441+0000][44147.428s][5523][5530][info ] Entering safepoint region: Cleanup
[2025-10-02T08:30:48.442+0000][44147.428s][5523][5530][info ] Leaving safepoint region
[2025-10-02T08:30:48.442+0000][44147.428s][5523][5530][info ] Total time for which application threads were stopped: 0.0001615 seconds, Stopping threads took: 0.0000283 seconds
[2025-10-02T08:30:49.442+0000][44148.428s][5523][5530][info ] Application time: 1.0000998 seconds
[2025-10-02T08:30:49.442+0000][44148.428s][5523][5530][info ] Entering safepoint region: Cleanup
[2025-10-02T08:30:49.442+0000][44148.428s][5523][5530][info ] Leaving safepoint region
[2025-10-02T08:30:49.442+0000][44148.428s][5523][5530][info ] Total time for which application threads were stopped: 0.0001315 seconds, Stopping threads took: 0.0000262 seconds
[2025-10-02T08:30:50.442+0000][44149.428s][5523][5530][info ] Application time: 1.0001061 seconds
[2025-10-02T08:30:50.442+0000][44149.428s][5523][5530][info ] Entering safepoint region: Cleanup
[2025-10-02T08:30:50.442+0000][44149.428s][5523][5530][info ] Leaving safepoint region
[2025-10-02T08:30:50.442+0000][44149.428s][5523][5530][info ] Total time for which application threads were stopped: 0.0001480 seconds, Stopping threads took: 0.0000280 seconds
[2025-10-02T08:30:51.442+0000][44150.429s][5523][5530][info ] Application time: 1.0001000 seconds
[2025-10-02T08:30:51.442+0000][44150.429s][5523][5530][info ] Entering safepoint region: Cleanup
[2025-10-02T08:30:51.443+0000][44150.429s][5523][5530][info ] Leaving safepoint region
[2025-10-02T08:30:51.443+0000][44150.429s][5523][5530][info ] Total time for which application threads were stopped: 0.0001746 seconds, Stopping threads took: 0.0000266 seconds
[2025-10-02T08:30:52.443+0000][44151.429s][5523][5530][info ] Application time: 1.0000942 seconds
[2025-10-02T08:30:52.443+0000][44151.429s][5523][5530][info ] Entering safepoint region: Cleanup
[2025-10-02T08:30:52.443+0000][44151.429s][5523][5530][info ] Leaving safepoint region
[2025-10-02T08:30:52.443+0000][44151.429s][5523][5530][info ] Total time for which application threads were stopped: 0.0001472 seconds, Stopping threads took: 0.0000332 seconds
[2025-10-02T08:30:53.443+0000][44152.429s][5523][5530][info ] Application time: 1.0002010 seconds
[2025-10-02T08:30:53.443+0000][44152.429s][5523][5530][info ] Entering safepoint region: Cleanup
[2025-10-02T08:30:53.443+0000][44152.429s][5523][5530][info ] Leaving safepoint region
[2025-10-02T08:30:53.443+0000][44152.429s][5523][5530][info ] Total time for which application threads were stopped: 0.0001382 seconds, Stopping threads took: 0.0000271 seconds
[2025-10-02T08:30:54.443+0000][44153.430s][5523][5530][info ] Application time: 1.0000894 seconds
[2025-10-02T08:30:54.443+0000][44153.430s][5523][5530][info ] Entering safepoint region: Cleanup
[2025-10-02T08:30:54.444+0000][44153.430s][5523][5530][info ] Leaving safepoint region
[2025-10-02T08:30:54.444+0000][44153.430s][5523][5530][info ] Total time for which application threads were stopped: 0.0001836 seconds, Stopping threads took: 0.0000348 seconds
[2025-10-02T08:30:55.444+0000][44154.430s][5523][5530][info ] Application time: 1.0001271 seconds
[2025-10-02T08:30:55.444+0000][44154.430s][5523][5530][info ] Entering safepoint region: Cleanup
[2025-10-02T08:30:55.444+0000][44154.430s][5523][5530][info ] Leaving safepoint region
[2025-10-02T08:30:55.444+0000][44154.430s][5523][5530][info ] Total time for which application threads were stopped: 0.0001412 seconds, Stopping threads took: 0.0000273 seconds
[2025-10-02T08:30:56.318+0000][44155.304s][5523][5529][trace] CMS: promo attempt is safe: available(765483624) >= av_promo(4228508), max_promo(90812992)
[2025-10-02T08:30:56.444+0000][44155.430s][5523][5530][info ] Application time: 1.0001018 seconds
[2025-10-02T08:30:56.444+0000][44155.430s][5523][5530][info ] Entering safepoint region: Cleanup
[2025-10-02T08:30:56.444+0000][44155.430s][5523][5530][info ] Leaving safepoint region
[2025-10-02T08:30:56.444+0000][44155.430s][5523][5530][info ] Total time for which application threads were stopped: 0.0001311 seconds, Stopping threads took: 0.0000261 seconds
[2025-10-02T08:30:57.444+0000][44156.431s][5523][5530][info ] Application time: 1.0000868 seconds
[2025-10-02T08:30:57.444+0000][44156.431s][5523][5530][info ] Entering safepoint region: Cleanup
[2025-10-02T08:30:57.444+0000][44156.431s][5523][5530][info ] Leaving safepoint region
[2025-10-02T08:30:57.444+0000][44156.431s][5523][5530][info ] Total time for which application threads were stopped: 0.0001414 seconds, Stopping threads took: 0.0000280 seconds
[2025-10-02T08:30:58.445+0000][44157.431s][5523][5530][info ] Application time: 1.0000512 seconds
[2025-10-02T08:30:58.445+0000][44157.431s][5523][5530][info ] Entering safepoint region: Cleanup
[2025-10-02T08:30:58.446+0000][44157.432s][5523][5530][info ] Leaving safepoint region
[2025-10-02T08:30:58.446+0000][44157.432s][5523][5530][info ] Total time for which application threads were stopped: 0.0012272 seconds, Stopping threads took: 0.0010871 seconds
[2025-10-02T08:30:59.446+0000][44158.432s][5523][5530][info ] Application time: 1.0000890 seconds
[2025-10-02T08:30:59.446+0000][44158.432s][5523][5530][info ] Entering safepoint region: Cleanup
[2025-10-02T08:30:59.446+0000][44158.432s][5523][5530][info ] Leaving safepoint region
[2025-10-02T08:30:59.446+0000][44158.432s][5523][5530][info ] Total time for which application threads were stopped: 0.0001361 seconds, Stopping threads took: 0.0000273 seconds
[2025-10-02T08:31:00.446+0000][44159.432s][5523][5530][info ] Application time: 1.0000783 seconds
[2025-10-02T08:31:00.446+0000][44159.432s][5523][5530][info ] Entering safepoint region: Cleanup
[2025-10-02T08:31:00.446+0000][44159.433s][5523][5530][info ] Leaving safepoint region
[2025-10-02T08:31:00.446+0000][44159.433s][5523][5530][info ] Total time for which application threads were stopped: 0.0001509 seconds, Stopping threads took: 0.0000279 seconds
[2025-10-02T08:31:01.447+0000][44160.433s][5523][5530][info ] Application time: 1.0001619 seconds
[2025-10-02T08:31:01.447+0000][44160.433s][5523][5530][info ] Entering safepoint region: Cleanup
[2025-10-02T08:31:01.447+0000][44160.433s][5523][5530][info ] Leaving safepoint region
[2025-10-02T08:31:01.447+0000][44160.433s][5523][5530][info ] Total time for which application threads were stopped: 0.0005311 seconds, Stopping threads took: 0.0000336 seconds
[2025-10-02T08:31:02.448+0000][44161.434s][5523][5530][info ] Application time: 1.0007386 seconds
[2025-10-02T08:31:02.448+0000][44161.434s][5523][5530][info ] Entering safepoint region: Cleanup
[2025-10-02T08:31:02.448+0000][44161.435s][5523][5530][info ] Leaving safepoint region
[2025-10-02T08:31:02.448+0000][44161.435s][5523][5530][info ] Total time for which application threads were stopped: 0.0001447 seconds, Stopping threads took: 0.0000287 seconds
[2025-10-02T08:31:03.448+0000][44162.435s][5523][5530][info ] Application time: 1.0000848 seconds
[2025-10-02T08:31:03.448+0000][44162.435s][5523][5530][info ] Entering safepoint region: Cleanup
[2025-10-02T08:31:03.449+0000][44162.435s][5523][5530][info ] Leaving safepoint region
[2025-10-02T08:31:03.449+0000][44162.435s][5523][5530][info ] Total time for which application threads were stopped: 0.0001675 seconds, Stopping threads took: 0.0000251 seconds
[2025-10-02T08:31:04.449+0000][44163.435s][5523][5530][info ] Application time: 1.0000968 seconds
[2025-10-02T08:31:04.449+0000][44163.435s][5523][5530][info ] Entering safepoint region: Cleanup
[2025-10-02T08:31:04.449+0000][44163.435s][5523][5530][info ] Leaving safepoint region
[2025-10-02T08:31:04.449+0000][44163.435s][5523][5530][info ] Total time for which application threads were stopped: 0.0001566 seconds, Stopping threads took: 0.0000289 seconds
[2025-10-02T08:31:05.449+0000][44164.435s][5523][5530][info ] Application time: 1.0001036 seconds
[2025-10-02T08:31:05.449+0000][44164.435s][5523][5530][info ] Entering safepoint region: Cleanup
[2025-10-02T08:31:05.449+0000][44164.436s][5523][5530][info ] Leaving safepoint region
[2025-10-02T08:31:05.449+0000][44164.436s][5523][5530][info ] Total time for which application threads were stopped: 0.0002407 seconds, Stopping threads took: 0.0000289 seconds
[2025-10-02T08:31:06.317+0000][44165.304s][5523][5529][trace] CMS: promo attempt is safe: available(765483624) >= av_promo(4228508), max_promo(90957496)
[2025-10-02T08:31:06.449+0000][44165.436s][5523][5530][info ] Application time: 1.0001046 seconds
[2025-10-02T08:31:06.450+0000][44165.436s][5523][5530][info ] Entering safepoint region: Cleanup
[2025-10-02T08:31:06.450+0000][44165.436s][5523][5530][info ] Leaving safepoint region
[2025-10-02T08:31:06.450+0000][44165.436s][5523][5530][info ] Total time for which application threads were stopped: 0.0001686 seconds, Stopping threads took: 0.0000483 seconds
[2025-10-02T08:31:07.450+0000][44166.436s][5523][5530][info ] Application time: 1.0000967 seconds
[2025-10-02T08:31:07.450+0000][44166.436s][5523][5530][info ] Entering safepoint region: Cleanup
[2025-10-02T08:31:07.450+0000][44166.436s][5523][5530][info ] Leaving safepoint region
[2025-10-02T08:31:07.450+0000][44166.436s][5523][5530][info ] Total time for which application threads were stopped: 0.0001438 seconds, Stopping threads took: 0.0000263 seconds
[2025-10-02T08:31:08.450+0000][44167.436s][5523][5530][info ] Application time: 1.0000868 seconds
[2025-10-02T08:31:08.450+0000][44167.436s][5523][5530][info ] Entering safepoint region: Cleanup
[2025-10-02T08:31:08.450+0000][44167.437s][5523][5530][info ] Leaving safepoint region
[2025-10-02T08:31:08.450+0000][44167.437s][5523][5530][info ] Total time for which application threads were stopped: 0.0001523 seconds, Stopping threads took: 0.0000396 seconds
[2025-10-02T08:31:09.450+0000][44168.437s][5523][5530][info ] Application time: 1.0000781 seconds
[2025-10-02T08:31:09.451+0000][44168.437s][5523][5530][info ] Entering safepoint region: Cleanup
[2025-10-02T08:31:09.451+0000][44168.437s][5523][5530][info ] Leaving safepoint region
[2025-10-02T08:31:09.451+0000][44168.437s][5523][5530][info ] Total time for which application threads were stopped: 0.0001400 seconds, Stopping threads took: 0.0000249 seconds
[2025-10-02T08:31:10.451+0000][44169.437s][5523][5530][info ] Application time: 1.0000787 seconds
[2025-10-02T08:31:10.451+0000][44169.437s][5523][5530][info ] Entering safepoint region: Cleanup
[2025-10-02T08:31:10.451+0000][44169.437s][5523][5530][info ] Leaving safepoint region
[2025-10-02T08:31:10.451+0000][44169.437s][5523][5530][info ] Total time for which application threads were stopped: 0.0001376 seconds, Stopping threads took: 0.0000266 seconds
[2025-10-02T08:31:11.451+0000][44170.437s][5523][5530][info ] Application time: 1.0001618 seconds
[2025-10-02T08:31:11.451+0000][44170.437s][5523][5530][info ] Entering safepoint region: Cleanup
[2025-10-02T08:31:11.451+0000][44170.438s][5523][5530][info ] Leaving safepoint region
[2025-10-02T08:31:11.451+0000][44170.438s][5523][5530][info ] Total time for which application threads were stopped: 0.0001525 seconds, Stopping threads took: 0.0000298 seconds
[2025-10-02T08:31:12.451+0000][44171.438s][5523][5530][info ] Application time: 1.0001079 seconds
[2025-10-02T08:31:12.452+0000][44171.438s][5523][5530][info ] Entering safepoint region: Cleanup
[2025-10-02T08:31:12.452+0000][44171.438s][5523][5530][info ] Leaving safepoint region
[2025-10-02T08:31:12.452+0000][44171.438s][5523][5530][info ] Total time for which application threads were stopped: 0.0001338 seconds, Stopping threads took: 0.0000265 seconds
[2025-10-02T08:31:13.452+0000][44172.438s][5523][5530][info ] Application time: 1.0001016 seconds
[2025-10-02T08:31:13.452+0000][44172.438s][5523][5530][info ] Entering safepoint region: Cleanup
[2025-10-02T08:31:13.452+0000][44172.438s][5523][5530][info ] Leaving safepoint region
[2025-10-02T08:31:13.452+0000][44172.438s][5523][5530][info ] Total time for which application threads were stopped: 0.0001328 seconds, Stopping threads took: 0.0000250 seconds
[2025-10-02T08:31:14.452+0000][44173.438s][5523][5530][info ] Application time: 1.0001055 seconds
[2025-10-02T08:31:14.452+0000][44173.438s][5523][5530][info ] Entering safepoint region: Cleanup
[2025-10-02T08:31:14.452+0000][44173.438s][5523][5530][info ] Leaving safepoint region
[2025-10-02T08:31:14.452+0000][44173.438s][5523][5530][info ] Total time for which application threads were stopped: 0.0001343 seconds, Stopping threads took: 0.0000247 seconds
[2025-10-02T08:31:15.452+0000][44174.439s][5523][5530][info ] Application time: 1.0001073 seconds
[2025-10-02T08:31:15.452+0000][44174.439s][5523][5530][info ] Entering safepoint region: Cleanup
[2025-10-02T08:31:15.453+0000][44174.439s][5523][5530][info ] Leaving safepoint region
[2025-10-02T08:31:15.453+0000][44174.439s][5523][5530][info ] Total time for which application threads were stopped: 0.0001656 seconds, Stopping threads took: 0.0000255 seconds
[2025-10-02T08:31:16.317+0000][44175.303s][5523][5529][trace] CMS: promo attempt is safe: available(765483624) >= av_promo(4228508), max_promo(91104400)
[2025-10-02T08:31:16.453+0000][44175.439s][5523][5530][info ] Application time: 1.0000942 seconds
[2025-10-02T08:31:16.453+0000][44175.439s][5523][5530][info ] Entering safepoint region: Cleanup
[2025-10-02T08:31:16.453+0000][44175.439s][5523][5530][info ] Leaving safepoint region
[2025-10-02T08:31:16.453+0000][44175.439s][5523][5530][info ] Total time for which application threads were stopped: 0.0001411 seconds, Stopping threads took: 0.0000268 seconds
[2025-10-02T08:31:17.453+0000][44176.439s][5523][5530][info ] Application time: 1.0000983 seconds
[2025-10-02T08:31:17.453+0000][44176.439s][5523][5530][info ] Entering safepoint region: Cleanup
[2025-10-02T08:31:17.453+0000][44176.439s][5523][5530][info ] Leaving safepoint region
[2025-10-02T08:31:17.453+0000][44176.439s][5523][5530][info ] Total time for which application threads were stopped: 0.0001420 seconds, Stopping threads took: 0.0000268 seconds
[2025-10-02T08:31:18.453+0000][44177.440s][5523][5530][info ] Application time: 1.0001209 seconds
[2025-10-02T08:31:18.453+0000][44177.440s][5523][5530][info ] Entering safepoint region: Cleanup
[2025-10-02T08:31:18.455+0000][44177.441s][5523][5530][info ] Leaving safepoint region
[2025-10-02T08:31:18.455+0000][44177.441s][5523][5530][info ] Total time for which application threads were stopped: 0.0013119 seconds, Stopping threads took: 0.0011651 seconds
[2025-10-02T08:31:19.455+0000][44178.441s][5523][5530][info ] Application time: 1.0001139 seconds
[2025-10-02T08:31:19.455+0000][44178.441s][5523][5530][info ] Entering safepoint region: Cleanup
[2025-10-02T08:31:19.455+0000][44178.441s][5523][5530][info ] Leaving safepoint region
[2025-10-02T08:31:19.455+0000][44178.441s][5523][5530][info ] Total time for which application threads were stopped: 0.0002094 seconds, Stopping threads took: 0.0000261 seconds
[2025-10-02T08:31:20.455+0000][44179.441s][5523][5530][info ] Application time: 1.0001289 seconds
[2025-10-02T08:31:20.455+0000][44179.441s][5523][5530][info ] Entering safepoint region: Cleanup
[2025-10-02T08:31:20.455+0000][44179.442s][5523][5530][info ] Leaving safepoint region
[2025-10-02T08:31:20.455+0000][44179.442s][5523][5530][info ] Total time for which application threads were stopped: 0.0001380 seconds, Stopping threads took: 0.0000260 seconds
[2025-10-02T08:31:21.456+0000][44180.442s][5523][5530][info ] Application time: 1.0001166 seconds
[2025-10-02T08:31:21.456+0000][44180.442s][5523][5530][info ] Entering safepoint region: Cleanup
[2025-10-02T08:31:21.456+0000][44180.442s][5523][5530][info ] Leaving safepoint region
[2025-10-02T08:31:21.456+0000][44180.442s][5523][5530][info ] Total time for which application threads were stopped: 0.0001359 seconds, Stopping threads took: 0.0000278 seconds
[2025-10-02T08:31:22.456+0000][44181.442s][5523][5530][info ] Application time: 1.0000862 seconds
[2025-10-02T08:31:22.456+0000][44181.442s][5523][5530][info ] Entering safepoint region: Cleanup
[2025-10-02T08:31:22.456+0000][44181.442s][5523][5530][info ] Leaving safepoint region
[2025-10-02T08:31:22.456+0000][44181.442s][5523][5530][info ] Total time for which application threads were stopped: 0.0001277 seconds, Stopping threads took: 0.0000241 seconds
[2025-10-02T08:31:23.456+0000][44182.442s][5523][5530][info ] Application time: 1.0000910 seconds
[2025-10-02T08:31:23.456+0000][44182.442s][5523][5530][info ] Entering safepoint region: Cleanup
[2025-10-02T08:31:23.456+0000][44182.442s][5523][5530][info ] Leaving safepoint region
[2025-10-02T08:31:23.456+0000][44182.442s][5523][5530][info ] Total time for which application threads were stopped: 0.0001383 seconds, Stopping threads took: 0.0000242 seconds
[2025-10-02T08:31:24.456+0000][44183.443s][5523][5530][info ] Application time: 1.0000932 seconds
[2025-10-02T08:31:24.456+0000][44183.443s][5523][5530][info ] Entering safepoint region: Cleanup
[2025-10-02T08:31:24.457+0000][44183.443s][5523][5530][info ] Leaving safepoint region
[2025-10-02T08:31:24.457+0000][44183.443s][5523][5530][info ] Total time for which application threads were stopped: 0.0001551 seconds, Stopping threads took: 0.0000250 seconds
[2025-10-02T08:31:25.457+0000][44184.443s][5523][5530][info ] Application time: 1.0000742 seconds
[2025-10-02T08:31:25.457+0000][44184.443s][5523][5530][info ] Entering safepoint region: Cleanup
[2025-10-02T08:31:25.457+0000][44184.443s][5523][5530][info ] Leaving safepoint region
[2025-10-02T08:31:25.457+0000][44184.443s][5523][5530][info ] Total time for which application threads were stopped: 0.0001378 seconds, Stopping threads took: 0.0000261 seconds
[2025-10-02T08:31:26.316+0000][44185.302s][5523][5529][trace] CMS: promo attempt is safe: available(765483624) >= av_promo(4228508), max_promo(91238504)
[2025-10-02T08:31:26.457+0000][44185.443s][5523][5530][info ] Application time: 1.0001004 seconds
[2025-10-02T08:31:26.457+0000][44185.443s][5523][5530][info ] Entering safepoint region: Cleanup
[2025-10-02T08:31:26.457+0000][44185.443s][5523][5530][info ] Leaving safepoint region
[2025-10-02T08:31:26.457+0000][44185.443s][5523][5530][info ] Total time for which application threads were stopped: 0.0001632 seconds, Stopping threads took: 0.0000262 seconds
[2025-10-02T08:31:27.457+0000][44186.444s][5523][5530][info ] Application time: 1.0001136 seconds
[2025-10-02T08:31:27.457+0000][44186.444s][5523][5530][info ] Entering safepoint region: Cleanup
[2025-10-02T08:31:27.457+0000][44186.444s][5523][5530][info ] Leaving safepoint region
[2025-10-02T08:31:27.457+0000][44186.444s][5523][5530][info ] Total time for which application threads were stopped: 0.0001446 seconds, Stopping threads took: 0.0000294 seconds
[2025-10-02T08:31:28.458+0000][44187.444s][5523][5530][info ] Application time: 1.0001138 seconds
[2025-10-02T08:31:28.458+0000][44187.444s][5523][5530][info ] Entering safepoint region: Cleanup
[2025-10-02T08:31:28.458+0000][44187.444s][5523][5530][info ] Leaving safepoint region
[2025-10-02T08:31:28.458+0000][44187.444s][5523][5530][info ] Total time for which application threads were stopped: 0.0001787 seconds, Stopping threads took: 0.0000468 seconds
[2025-10-02T08:31:29.458+0000][44188.444s][5523][5530][info ] Application time: 1.0001019 seconds
[2025-10-02T08:31:29.458+0000][44188.444s][5523][5530][info ] Entering safepoint region: Cleanup
[2025-10-02T08:31:29.458+0000][44188.444s][5523][5530][info ] Leaving safepoint region
[2025-10-02T08:31:29.458+0000][44188.444s][5523][5530][info ] Total time for which application threads were stopped: 0.0001385 seconds, Stopping threads took: 0.0000270 seconds
[2025-10-02T08:31:30.458+0000][44189.444s][5523][5530][info ] Application time: 1.0001053 seconds
[2025-10-02T08:31:30.458+0000][44189.445s][5523][5530][info ] Entering safepoint region: Cleanup
[2025-10-02T08:31:30.458+0000][44189.445s][5523][5530][info ] Leaving safepoint region
[2025-10-02T08:31:30.458+0000][44189.445s][5523][5530][info ] Total time for which application threads were stopped: 0.0001314 seconds, Stopping threads took: 0.0000247 seconds
[2025-10-02T08:31:31.459+0000][44190.445s][5523][5530][info ] Application time: 1.0000887 seconds
[2025-10-02T08:31:31.459+0000][44190.445s][5523][5530][info ] Entering safepoint region: Cleanup
[2025-10-02T08:31:31.459+0000][44190.445s][5523][5530][info ] Leaving safepoint region
[2025-10-02T08:31:31.459+0000][44190.445s][5523][5530][info ] Total time for which application threads were stopped: 0.0001431 seconds, Stopping threads took: 0.0000283 seconds
[2025-10-02T08:31:32.459+0000][44191.445s][5523][5530][info ] Application time: 1.0000847 seconds
[2025-10-02T08:31:32.459+0000][44191.445s][5523][5530][info ] Entering safepoint region: Cleanup
[2025-10-02T08:31:32.459+0000][44191.445s][5523][5530][info ] Leaving safepoint region
[2025-10-02T08:31:32.459+0000][44191.445s][5523][5530][info ] Total time for which application threads were stopped: 0.0002053 seconds, Stopping threads took: 0.0000282 seconds
[2025-10-02T08:31:33.459+0000][44192.445s][5523][5530][info ] Application time: 1.0001331 seconds
[2025-10-02T08:31:33.459+0000][44192.446s][5523][5530][info ] Entering safepoint region: Cleanup
[2025-10-02T08:31:33.459+0000][44192.446s][5523][5530][info ] Leaving safepoint region
[2025-10-02T08:31:33.459+0000][44192.446s][5523][5530][info ] Total time for which application threads were stopped: 0.0001398 seconds, Stopping threads took: 0.0000283 seconds
[2025-10-02T08:31:34.460+0000][44193.446s][5523][5530][info ] Application time: 1.0001185 seconds
[2025-10-02T08:31:34.460+0000][44193.446s][5523][5530][info ] Entering safepoint region: Cleanup
[2025-10-02T08:31:34.460+0000][44193.446s][5523][5530][info ] Leaving safepoint region
[2025-10-02T08:31:34.460+0000][44193.446s][5523][5530][info ] Total time for which application threads were stopped: 0.0001676 seconds, Stopping threads took: 0.0000501 seconds
[2025-10-02T08:31:35.460+0000][44194.446s][5523][5530][info ] Application time: 1.0001031 seconds
[2025-10-02T08:31:35.460+0000][44194.446s][5523][5530][info ] Entering safepoint region: Cleanup
[2025-10-02T08:31:35.460+0000][44194.446s][5523][5530][info ] Leaving safepoint region
[2025-10-02T08:31:35.460+0000][44194.446s][5523][5530][info ] Total time for which application threads were stopped: 0.0001360 seconds, Stopping threads took: 0.0000247 seconds
[2025-10-02T08:31:36.315+0000][44195.301s][5523][5529][trace] CMS: promo attempt is safe: available(765483624) >= av_promo(4228508), max_promo(91315104)
[2025-10-02T08:31:36.460+0000][44195.446s][5523][5530][info ] Application time: 1.0000777 seconds
[2025-10-02T08:31:36.460+0000][44195.446s][5523][5530][info ] Entering safepoint region: Cleanup
[2025-10-02T08:31:36.460+0000][44195.447s][5523][5530][info ] Leaving safepoint region
[2025-10-02T08:31:36.460+0000][44195.447s][5523][5530][info ] Total time for which application threads were stopped: 0.0001314 seconds, Stopping threads took: 0.0000251 seconds
[2025-10-02T08:31:37.460+0000][44196.447s][5523][5530][info ] Application time: 1.0001088 seconds
[2025-10-02T08:31:37.461+0000][44196.447s][5523][5530][info ] Entering safepoint region: Cleanup
[2025-10-02T08:31:37.461+0000][44196.447s][5523][5530][info ] Leaving safepoint region
[2025-10-02T08:31:37.461+0000][44196.447s][5523][5530][info ] Total time for which application threads were stopped: 0.0001682 seconds, Stopping threads took: 0.0000454 seconds
[2025-10-02T08:31:38.461+0000][44197.447s][5523][5530][info ] Application time: 1.0000729 seconds
[2025-10-02T08:31:38.461+0000][44197.447s][5523][5530][info ] Entering safepoint region: Cleanup
[2025-10-02T08:31:38.461+0000][44197.447s][5523][5530][info ] Leaving safepoint region
[2025-10-02T08:31:38.461+0000][44197.447s][5523][5530][info ] Total time for which application threads were stopped: 0.0001370 seconds, Stopping threads took: 0.0000268 seconds
[2025-10-02T08:31:39.461+0000][44198.447s][5523][5530][info ] Application time: 1.0000735 seconds
[2025-10-02T08:31:39.461+0000][44198.447s][5523][5530][info ] Entering safepoint region: Cleanup
[2025-10-02T08:31:39.461+0000][44198.447s][5523][5530][info ] Leaving safepoint region
[2025-10-02T08:31:39.461+0000][44198.447s][5523][5530][info ] Total time for which application threads were stopped: 0.0001350 seconds, Stopping threads took: 0.0000241 seconds
[2025-10-02T08:31:40.461+0000][44199.448s][5523][5530][info ] Application time: 1.0000852 seconds
[2025-10-02T08:31:40.461+0000][44199.448s][5523][5530][info ] Entering safepoint region: Cleanup
[2025-10-02T08:31:40.462+0000][44199.448s][5523][5530][info ] Leaving safepoint region
[2025-10-02T08:31:40.462+0000][44199.448s][5523][5530][info ] Total time for which application threads were stopped: 0.0001602 seconds, Stopping threads took: 0.0000272 seconds
[2025-10-02T08:31:41.462+0000][44200.448s][5523][5530][info ] Application time: 1.0000791 seconds
[2025-10-02T08:31:41.462+0000][44200.448s][5523][5530][info ] Entering safepoint region: Cleanup
[2025-10-02T08:31:41.462+0000][44200.448s][5523][5530][info ] Leaving safepoint region
[2025-10-02T08:31:41.462+0000][44200.448s][5523][5530][info ] Total time for which application threads were stopped: 0.0001365 seconds, Stopping threads took: 0.0000262 seconds
[2025-10-02T08:31:42.462+0000][44201.448s][5523][5530][info ] Application time: 1.0000909 seconds
[2025-10-02T08:31:42.462+0000][44201.448s][5523][5530][info ] Entering safepoint region: Cleanup
[2025-10-02T08:31:42.462+0000][44201.448s][5523][5530][info ] Leaving safepoint region
[2025-10-02T08:31:42.462+0000][44201.448s][5523][5530][info ] Total time for which application threads were stopped: 0.0001306 seconds, Stopping threads took: 0.0000252 seconds
[2025-10-02T08:31:43.462+0000][44202.448s][5523][5530][info ] Application time: 1.0000823 seconds
[2025-10-02T08:31:43.462+0000][44202.448s][5523][5530][info ] Entering safepoint region: Cleanup
[2025-10-02T08:31:43.462+0000][44202.449s][5523][5530][info ] Leaving safepoint region
[2025-10-02T08:31:43.462+0000][44202.449s][5523][5530][info ] Total time for which application threads were stopped: 0.0001369 seconds, Stopping threads took: 0.0000251 seconds
[2025-10-02T08:31:44.462+0000][44203.449s][5523][5530][info ] Application time: 1.0000924 seconds
[2025-10-02T08:31:44.463+0000][44203.449s][5523][5530][info ] Entering safepoint region: Cleanup
[2025-10-02T08:31:44.463+0000][44203.449s][5523][5530][info ] Leaving safepoint region
[2025-10-02T08:31:44.463+0000][44203.449s][5523][5530][info ] Total time for which application threads were stopped: 0.0001445 seconds, Stopping threads took: 0.0000257 seconds
[2025-10-02T08:31:45.463+0000][44204.449s][5523][5530][info ] Application time: 1.0000980 seconds
[2025-10-02T08:31:45.463+0000][44204.449s][5523][5530][info ] Entering safepoint region: Cleanup
[2025-10-02T08:31:45.463+0000][44204.449s][5523][5530][info ] Leaving safepoint region
[2025-10-02T08:31:45.463+0000][44204.449s][5523][5530][info ] Total time for which application threads were stopped: 0.0001474 seconds, Stopping threads took: 0.0000282 seconds
[2025-10-02T08:31:46.315+0000][44205.302s][5523][5529][trace] CMS: promo attempt is safe: available(765483624) >= av_promo(4228508), max_promo(93350928)
[2025-10-02T08:31:46.463+0000][44205.449s][5523][5530][info ] Application time: 1.0001611 seconds
[2025-10-02T08:31:46.463+0000][44205.449s][5523][5530][info ] Entering safepoint region: Cleanup
[2025-10-02T08:31:46.463+0000][44205.450s][5523][5530][info ] Leaving safepoint region
[2025-10-02T08:31:46.463+0000][44205.450s][5523][5530][info ] Total time for which application threads were stopped: 0.0001374 seconds, Stopping threads took: 0.0000252 seconds
[2025-10-02T08:31:47.463+0000][44206.450s][5523][5530][info ] Application time: 1.0001009 seconds
[2025-10-02T08:31:47.464+0000][44206.450s][5523][5530][info ] Entering safepoint region: Cleanup
[2025-10-02T08:31:47.464+0000][44206.450s][5523][5530][info ] Leaving safepoint region
[2025-10-02T08:31:47.464+0000][44206.450s][5523][5530][info ] Total time for which application threads were stopped: 0.0001754 seconds, Stopping threads took: 0.0000644 seconds
[2025-10-02T08:31:48.464+0000][44207.450s][5523][5530][info ] Application time: 1.0001098 seconds
[2025-10-02T08:31:48.464+0000][44207.450s][5523][5530][info ] Entering safepoint region: Cleanup
[2025-10-02T08:31:48.464+0000][44207.450s][5523][5530][info ] Leaving safepoint region
[2025-10-02T08:31:48.464+0000][44207.450s][5523][5530][info ] Total time for which application threads were stopped: 0.0001334 seconds, Stopping threads took: 0.0000249 seconds
[2025-10-02T08:31:49.464+0000][44208.450s][5523][5530][info ] Application time: 1.0000998 seconds
[2025-10-02T08:31:49.464+0000][44208.450s][5523][5530][info ] Entering safepoint region: Cleanup
[2025-10-02T08:31:49.464+0000][44208.450s][5523][5530][info ] Leaving safepoint region
[2025-10-02T08:31:49.464+0000][44208.450s][5523][5530][info ] Total time for which application threads were stopped: 0.0001428 seconds, Stopping threads took: 0.0000288 seconds
[2025-10-02T08:31:50.464+0000][44209.451s][5523][5530][info ] Application time: 1.0000990 seconds
[2025-10-02T08:31:50.464+0000][44209.451s][5523][5530][info ] Entering safepoint region: Cleanup
[2025-10-02T08:31:50.465+0000][44209.451s][5523][5530][info ] Leaving safepoint region
[2025-10-02T08:31:50.465+0000][44209.451s][5523][5530][info ] Total time for which application threads were stopped: 0.0001718 seconds, Stopping threads took: 0.0000254 seconds
[2025-10-02T08:31:51.465+0000][44210.451s][5523][5530][info ] Application time: 1.0000967 seconds
[2025-10-02T08:31:51.465+0000][44210.451s][5523][5530][info ] Entering safepoint region: Cleanup
[2025-10-02T08:31:51.465+0000][44210.451s][5523][5530][info ] Leaving safepoint region
[2025-10-02T08:31:51.465+0000][44210.451s][5523][5530][info ] Total time for which application threads were stopped: 0.0001452 seconds, Stopping threads took: 0.0000264 seconds
[2025-10-02T08:31:52.465+0000][44211.451s][5523][5530][info ] Application time: 1.0000921 seconds
[2025-10-02T08:31:52.465+0000][44211.451s][5523][5530][info ] Entering safepoint region: Cleanup
[2025-10-02T08:31:52.465+0000][44211.451s][5523][5530][info ] Leaving safepoint region
[2025-10-02T08:31:52.465+0000][44211.451s][5523][5530][info ] Total time for which application threads were stopped: 0.0001439 seconds, Stopping threads took: 0.0000283 seconds
[2025-10-02T08:31:53.465+0000][44212.452s][5523][5530][info ] Application time: 1.0001044 seconds
[2025-10-02T08:31:53.465+0000][44212.452s][5523][5530][info ] Entering safepoint region: Cleanup
[2025-10-02T08:31:53.465+0000][44212.452s][5523][5530][info ] Leaving safepoint region
[2025-10-02T08:31:53.465+0000][44212.452s][5523][5530][info ] Total time for which application threads were stopped: 0.0001433 seconds, Stopping threads took: 0.0000269 seconds
[2025-10-02T08:31:54.466+0000][44213.452s][5523][5530][info ] Application time: 1.0001048 seconds
[2025-10-02T08:31:54.466+0000][44213.452s][5523][5530][info ] Entering safepoint region: Cleanup
[2025-10-02T08:31:54.466+0000][44213.452s][5523][5530][info ] Leaving safepoint region
[2025-10-02T08:31:54.466+0000][44213.452s][5523][5530][info ] Total time for which application threads were stopped: 0.0001440 seconds, Stopping threads took: 0.0000336 seconds
[2025-10-02T08:31:55.466+0000][44214.452s][5523][5530][info ] Application time: 1.0001031 seconds
[2025-10-02T08:31:55.466+0000][44214.452s][5523][5530][info ] Entering safepoint region: Cleanup
[2025-10-02T08:31:55.466+0000][44214.452s][5523][5530][info ] Leaving safepoint region
[2025-10-02T08:31:55.466+0000][44214.452s][5523][5530][info ] Total time for which application threads were stopped: 0.0001374 seconds, Stopping threads took: 0.0000264 seconds
[2025-10-02T08:31:56.315+0000][44215.301s][5523][5529][trace] CMS: promo attempt is safe: available(765483624) >= av_promo(4228508), max_promo(93350928)
[2025-10-02T08:31:56.466+0000][44215.452s][5523][5530][info ] Application time: 1.0000934 seconds
[2025-10-02T08:31:56.466+0000][44215.452s][5523][5530][info ] Entering safepoint region: Cleanup
[2025-10-02T08:31:56.466+0000][44215.453s][5523][5530][info ] Leaving safepoint region
[2025-10-02T08:31:56.466+0000][44215.453s][5523][5530][info ] Total time for which application threads were stopped: 0.0001388 seconds, Stopping threads took: 0.0000253 seconds
[2025-10-02T08:31:57.466+0000][44216.453s][5523][5530][info ] Application time: 1.0000847 seconds
[2025-10-02T08:31:57.467+0000][44216.453s][5523][5530][info ] Entering safepoint region: Cleanup
[2025-10-02T08:31:57.467+0000][44216.453s][5523][5530][info ] Leaving safepoint region
[2025-10-02T08:31:57.467+0000][44216.453s][5523][5530][info ] Total time for which application threads were stopped: 0.0001387 seconds, Stopping threads took: 0.0000273 seconds
[2025-10-02T08:31:58.467+0000][44217.453s][5523][5530][info ] Application time: 1.0001025 seconds
[2025-10-02T08:31:58.467+0000][44217.453s][5523][5530][info ] Entering safepoint region: Cleanup
[2025-10-02T08:31:58.467+0000][44217.453s][5523][5530][info ] Leaving safepoint region
[2025-10-02T08:31:58.467+0000][44217.453s][5523][5530][info ] Total time for which application threads were stopped: 0.0001367 seconds, Stopping threads took: 0.0000260 seconds
[2025-10-02T08:31:59.467+0000][44218.453s][5523][5530][info ] Application time: 1.0002112 seconds
[2025-10-02T08:31:59.467+0000][44218.453s][5523][5530][info ] Entering safepoint region: Cleanup
[2025-10-02T08:31:59.467+0000][44218.454s][5523][5530][info ] Leaving safepoint region
[2025-10-02T08:31:59.467+0000][44218.454s][5523][5530][info ] Total time for which application threads were stopped: 0.0001409 seconds, Stopping threads took: 0.0000259 seconds
[2025-10-02T08:32:00.467+0000][44219.454s][5523][5530][info ] Application time: 1.0000882 seconds
[2025-10-02T08:32:00.468+0000][44219.454s][5523][5530][info ] Entering safepoint region: Cleanup
[2025-10-02T08:32:00.468+0000][44219.454s][5523][5530][info ] Leaving safepoint region
[2025-10-02T08:32:00.468+0000][44219.454s][5523][5530][info ] Total time for which application threads were stopped: 0.0001497 seconds, Stopping threads took: 0.0000336 seconds
[2025-10-02T08:32:01.468+0000][44220.454s][5523][5530][info ] Application time: 1.0001054 seconds
[2025-10-02T08:32:01.468+0000][44220.454s][5523][5530][info ] Entering safepoint region: Cleanup
[2025-10-02T08:32:01.468+0000][44220.454s][5523][5530][info ] Leaving safepoint region
[2025-10-02T08:32:01.468+0000][44220.454s][5523][5530][info ] Total time for which application threads were stopped: 0.0001424 seconds, Stopping threads took: 0.0000256 seconds
[2025-10-02T08:32:02.468+0000][44221.454s][5523][5530][info ] Application time: 1.0001101 seconds
[2025-10-02T08:32:02.468+0000][44221.454s][5523][5530][info ] Entering safepoint region: Cleanup
[2025-10-02T08:32:02.468+0000][44221.455s][5523][5530][info ] Leaving safepoint region
[2025-10-02T08:32:02.468+0000][44221.455s][5523][5530][info ] Total time for which application threads were stopped: 0.0001471 seconds, Stopping threads took: 0.0000264 seconds
[2025-10-02T08:32:03.468+0000][44222.455s][5523][5530][info ] Application time: 1.0001068 seconds
[2025-10-02T08:32:03.468+0000][44222.455s][5523][5530][info ] Entering safepoint region: Cleanup
[2025-10-02T08:32:03.469+0000][44222.455s][5523][5530][info ] Leaving safepoint region
[2025-10-02T08:32:03.469+0000][44222.455s][5523][5530][info ] Total time for which application threads were stopped: 0.0001682 seconds, Stopping threads took: 0.0000240 seconds
[2025-10-02T08:32:04.469+0000][44223.455s][5523][5530][info ] Application time: 1.0001017 seconds
[2025-10-02T08:32:04.469+0000][44223.455s][5523][5530][info ] Entering safepoint region: Cleanup
[2025-10-02T08:32:04.469+0000][44223.455s][5523][5530][info ] Leaving safepoint region
[2025-10-02T08:32:04.469+0000][44223.455s][5523][5530][info ] Total time for which application threads were stopped: 0.0001390 seconds, Stopping threads took: 0.0000291 seconds
[2025-10-02T08:32:05.469+0000][44224.455s][5523][5530][info ] Application time: 1.0001004 seconds
[2025-10-02T08:32:05.469+0000][44224.455s][5523][5530][info ] Entering safepoint region: Cleanup
[2025-10-02T08:32:05.469+0000][44224.455s][5523][5530][info ] Leaving safepoint region
[2025-10-02T08:32:05.469+0000][44224.455s][5523][5530][info ] Total time for which application threads were stopped: 0.0001483 seconds, Stopping threads took: 0.0000241 seconds
[2025-10-02T08:32:06.315+0000][44225.302s][5523][5529][trace] CMS: promo attempt is safe: available(765483624) >= av_promo(4228508), max_promo(93485024)
[2025-10-02T08:32:06.469+0000][44225.456s][5523][5530][info ] Application time: 1.0001019 seconds
[2025-10-02T08:32:06.469+0000][44225.456s][5523][5530][info ] Entering safepoint region: Cleanup
[2025-10-02T08:32:06.470+0000][44225.456s][5523][5530][info ] Leaving safepoint region
[2025-10-02T08:32:06.470+0000][44225.456s][5523][5530][info ] Total time for which application threads were stopped: 0.0001561 seconds, Stopping threads took: 0.0000246 seconds
[2025-10-02T08:32:07.470+0000][44226.456s][5523][5530][info ] Application time: 1.0001079 seconds
[2025-10-02T08:32:07.470+0000][44226.456s][5523][5530][info ] Entering safepoint region: Cleanup
[2025-10-02T08:32:07.470+0000][44226.456s][5523][5530][info ] Leaving safepoint region
[2025-10-02T08:32:07.470+0000][44226.456s][5523][5530][info ] Total time for which application threads were stopped: 0.0001532 seconds, Stopping threads took: 0.0000271 seconds
[2025-10-02T08:32:08.470+0000][44227.456s][5523][5530][info ] Application time: 1.0000949 seconds
[2025-10-02T08:32:08.470+0000][44227.456s][5523][5530][info ] Entering safepoint region: Cleanup
[2025-10-02T08:32:08.470+0000][44227.456s][5523][5530][info ] Leaving safepoint region
[2025-10-02T08:32:08.470+0000][44227.456s][5523][5530][info ] Total time for which application threads were stopped: 0.0001397 seconds, Stopping threads took: 0.0000268 seconds
[2025-10-02T08:32:09.470+0000][44228.456s][5523][5530][info ] Application time: 1.0000755 seconds
[2025-10-02T08:32:09.470+0000][44228.457s][5523][5530][info ] Entering safepoint region: Cleanup
[2025-10-02T08:32:09.470+0000][44228.457s][5523][5530][info ] Leaving safepoint region
[2025-10-02T08:32:09.470+0000][44228.457s][5523][5530][info ] Total time for which application threads were stopped: 0.0001315 seconds, Stopping threads took: 0.0000236 seconds
[2025-10-02T08:32:10.471+0000][44229.457s][5523][5530][info ] Application time: 1.0000883 seconds
[2025-10-02T08:32:10.471+0000][44229.457s][5523][5530][info ] Entering safepoint region: Cleanup
[2025-10-02T08:32:10.471+0000][44229.457s][5523][5530][info ] Leaving safepoint region
[2025-10-02T08:32:10.471+0000][44229.457s][5523][5530][info ] Total time for which application threads were stopped: 0.0001309 seconds, Stopping threads took: 0.0000246 seconds
[2025-10-02T08:32:11.471+0000][44230.457s][5523][5530][info ] Application time: 1.0000945 seconds
[2025-10-02T08:32:11.471+0000][44230.457s][5523][5530][info ] Entering safepoint region: Cleanup
[2025-10-02T08:32:11.471+0000][44230.457s][5523][5530][info ] Leaving safepoint region
[2025-10-02T08:32:11.471+0000][44230.457s][5523][5530][info ] Total time for which application threads were stopped: 0.0001374 seconds, Stopping threads took: 0.0000257 seconds
[2025-10-02T08:32:12.471+0000][44231.457s][5523][5530][info ] Application time: 1.0002071 seconds
[2025-10-02T08:32:12.471+0000][44231.458s][5523][5530][info ] Entering safepoint region: Cleanup
[2025-10-02T08:32:12.471+0000][44231.458s][5523][5530][info ] Leaving safepoint region
[2025-10-02T08:32:12.471+0000][44231.458s][5523][5530][info ] Total time for which application threads were stopped: 0.0001350 seconds, Stopping threads took: 0.0000277 seconds
[2025-10-02T08:32:13.472+0000][44232.458s][5523][5530][info ] Application time: 1.0001201 seconds
[2025-10-02T08:32:13.472+0000][44232.458s][5523][5530][info ] Entering safepoint region: Cleanup
[2025-10-02T08:32:13.472+0000][44232.458s][5523][5530][info ] Leaving safepoint region
[2025-10-02T08:32:13.472+0000][44232.458s][5523][5530][info ] Total time for which application threads were stopped: 0.0001372 seconds, Stopping threads took: 0.0000270 seconds
[2025-10-02T08:32:14.472+0000][44233.458s][5523][5530][info ] Application time: 1.0001082 seconds
[2025-10-02T08:32:14.472+0000][44233.458s][5523][5530][info ] Entering safepoint region: Cleanup
[2025-10-02T08:32:14.472+0000][44233.458s][5523][5530][info ] Leaving safepoint region
[2025-10-02T08:32:14.472+0000][44233.458s][5523][5530][info ] Total time for which application threads were stopped: 0.0001413 seconds, Stopping threads took: 0.0000270 seconds
[2025-10-02T08:32:15.472+0000][44234.458s][5523][5530][info ] Application time: 1.0001108 seconds
[2025-10-02T08:32:15.472+0000][44234.458s][5523][5530][info ] Entering safepoint region: Cleanup
[2025-10-02T08:32:15.472+0000][44234.459s][5523][5530][info ] Leaving safepoint region
[2025-10-02T08:32:15.472+0000][44234.459s][5523][5530][info ] Total time for which application threads were stopped: 0.0001402 seconds, Stopping threads took: 0.0000254 seconds
[2025-10-02T08:32:16.315+0000][44235.302s][5523][5529][trace] CMS: promo attempt is safe: available(765483624) >= av_promo(4228508), max_promo(93906712)
[2025-10-02T08:32:16.472+0000][44235.459s][5523][5530][info ] Application time: 1.0001053 seconds
[2025-10-02T08:32:16.473+0000][44235.459s][5523][5530][info ] Entering safepoint region: Cleanup
[2025-10-02T08:32:16.473+0000][44235.459s][5523][5530][info ] Leaving safepoint region
[2025-10-02T08:32:16.473+0000][44235.459s][5523][5530][info ] Total time for which application threads were stopped: 0.0001565 seconds, Stopping threads took: 0.0000457 seconds
[2025-10-02T08:32:17.473+0000][44236.459s][5523][5530][info ] Application time: 1.0000884 seconds
[2025-10-02T08:32:17.473+0000][44236.459s][5523][5530][info ] Entering safepoint region: Cleanup
[2025-10-02T08:32:17.473+0000][44236.459s][5523][5530][info ] Leaving safepoint region
[2025-10-02T08:32:17.473+0000][44236.459s][5523][5530][info ] Total time for which application threads were stopped: 0.0001392 seconds, Stopping threads took: 0.0000249 seconds
[2025-10-02T08:32:18.473+0000][44237.459s][5523][5530][info ] Application time: 1.0001127 seconds
[2025-10-02T08:32:18.473+0000][44237.459s][5523][5530][info ] Entering safepoint region: Cleanup
[2025-10-02T08:32:18.473+0000][44237.459s][5523][5530][info ] Leaving safepoint region
[2025-10-02T08:32:18.473+0000][44237.459s][5523][5530][info ] Total time for which application threads were stopped: 0.0001382 seconds, Stopping threads took: 0.0000271 seconds
[2025-10-02T08:32:19.473+0000][44238.460s][5523][5530][info ] Application time: 1.0000882 seconds
[2025-10-02T08:32:19.473+0000][44238.460s][5523][5530][info ] Entering safepoint region: Cleanup
[2025-10-02T08:32:19.474+0000][44238.460s][5523][5530][info ] Leaving safepoint region
[2025-10-02T08:32:19.474+0000][44238.460s][5523][5530][info ] Total time for which application threads were stopped: 0.0001621 seconds, Stopping threads took: 0.0000253 seconds
[2025-10-02T08:32:20.474+0000][44239.460s][5523][5530][info ] Application time: 1.0000985 seconds
[2025-10-02T08:32:20.474+0000][44239.460s][5523][5530][info ] Entering safepoint region: Cleanup
[2025-10-02T08:32:20.474+0000][44239.460s][5523][5530][info ] Leaving safepoint region
[2025-10-02T08:32:20.474+0000][44239.460s][5523][5530][info ] Total time for which application threads were stopped: 0.0001453 seconds, Stopping threads took: 0.0000278 seconds
[2025-10-02T08:32:21.474+0000][44240.460s][5523][5530][info ] Application time: 1.0000859 seconds
[2025-10-02T08:32:21.474+0000][44240.460s][5523][5530][info ] Entering safepoint region: Cleanup
[2025-10-02T08:32:21.474+0000][44240.460s][5523][5530][info ] Leaving safepoint region
[2025-10-02T08:32:21.474+0000][44240.460s][5523][5530][info ] Total time for which application threads were stopped: 0.0001328 seconds, Stopping threads took: 0.0000262 seconds
[2025-10-02T08:32:22.474+0000][44241.461s][5523][5530][info ] Application time: 1.0001688 seconds
[2025-10-02T08:32:22.474+0000][44241.461s][5523][5530][info ] Entering safepoint region: Cleanup
[2025-10-02T08:32:22.474+0000][44241.461s][5523][5530][info ] Leaving safepoint region
[2025-10-02T08:32:22.474+0000][44241.461s][5523][5530][info ] Total time for which application threads were stopped: 0.0001390 seconds, Stopping threads took: 0.0000250 seconds
[2025-10-02T08:32:23.475+0000][44242.461s][5523][5530][info ] Application time: 1.0001333 seconds
[2025-10-02T08:32:23.475+0000][44242.461s][5523][5530][info ] Entering safepoint region: Cleanup
[2025-10-02T08:32:23.475+0000][44242.461s][5523][5530][info ] Leaving safepoint region
[2025-10-02T08:32:23.475+0000][44242.461s][5523][5530][info ] Total time for which application threads were stopped: 0.0001332 seconds, Stopping threads took: 0.0000255 seconds
[2025-10-02T08:32:24.475+0000][44243.461s][5523][5530][info ] Application time: 1.0001310 seconds
[2025-10-02T08:32:24.475+0000][44243.461s][5523][5530][info ] Entering safepoint region: Cleanup
[2025-10-02T08:32:24.475+0000][44243.461s][5523][5530][info ] Leaving safepoint region
[2025-10-02T08:32:24.475+0000][44243.461s][5523][5530][info ] Total time for which application threads were stopped: 0.0001516 seconds, Stopping threads took: 0.0000297 seconds
[2025-10-02T08:32:25.475+0000][44244.462s][5523][5530][info ] Application time: 1.0001182 seconds
[2025-10-02T08:32:25.475+0000][44244.462s][5523][5530][info ] Entering safepoint region: Cleanup
[2025-10-02T08:32:25.476+0000][44244.462s][5523][5530][info ] Leaving safepoint region
[2025-10-02T08:32:25.476+0000][44244.462s][5523][5530][info ] Total time for which application threads were stopped: 0.0001648 seconds, Stopping threads took: 0.0000266 seconds
[2025-10-02T08:32:26.315+0000][44245.301s][5523][5529][trace] CMS: promo attempt is safe: available(765483624) >= av_promo(4228508), max_promo(94808448)
[2025-10-02T08:32:26.476+0000][44245.462s][5523][5530][info ] Application time: 1.0001007 seconds
[2025-10-02T08:32:26.476+0000][44245.462s][5523][5530][info ] Entering safepoint region: Cleanup
[2025-10-02T08:32:26.476+0000][44245.462s][5523][5530][info ] Leaving safepoint region
[2025-10-02T08:32:26.476+0000][44245.462s][5523][5530][info ] Total time for which application threads were stopped: 0.0001568 seconds, Stopping threads took: 0.0000400 seconds
[2025-10-02T08:32:27.476+0000][44246.462s][5523][5530][info ] Application time: 1.0001025 seconds
[2025-10-02T08:32:27.476+0000][44246.462s][5523][5530][info ] Entering safepoint region: Cleanup
[2025-10-02T08:32:27.476+0000][44246.462s][5523][5530][info ] Leaving safepoint region
[2025-10-02T08:32:27.476+0000][44246.462s][5523][5530][info ] Total time for which application threads were stopped: 0.0001445 seconds, Stopping threads took: 0.0000258 seconds
[2025-10-02T08:32:28.476+0000][44247.463s][5523][5530][info ] Application time: 1.0001089 seconds
[2025-10-02T08:32:28.476+0000][44247.463s][5523][5530][info ] Entering safepoint region: Cleanup
[2025-10-02T08:32:28.477+0000][44247.463s][5523][5530][info ] Leaving safepoint region
[2025-10-02T08:32:28.477+0000][44247.464s][5523][5530][info ] Total time for which application threads were stopped: 0.0010878 seconds, Stopping threads took: 0.0000257 seconds
[2025-10-02T08:32:29.478+0000][44248.464s][5523][5530][info ] Application time: 1.0000657 seconds
[2025-10-02T08:32:29.478+0000][44248.464s][5523][5530][info ] Entering safepoint region: Cleanup
[2025-10-02T08:32:29.478+0000][44248.464s][5523][5530][info ] Leaving safepoint region
[2025-10-02T08:32:29.478+0000][44248.464s][5523][5530][info ] Total time for which application threads were stopped: 0.0001575 seconds, Stopping threads took: 0.0000418 seconds
[2025-10-02T08:32:30.478+0000][44249.464s][5523][5530][info ] Application time: 1.0001030 seconds
[2025-10-02T08:32:30.478+0000][44249.464s][5523][5530][info ] Entering safepoint region: Cleanup
[2025-10-02T08:32:30.478+0000][44249.464s][5523][5530][info ] Leaving safepoint region
[2025-10-02T08:32:30.478+0000][44249.464s][5523][5530][info ] Total time for which application threads were stopped: 0.0001400 seconds, Stopping threads took: 0.0000257 seconds
[2025-10-02T08:32:31.478+0000][44250.464s][5523][5530][info ] Application time: 1.0001067 seconds
[2025-10-02T08:32:31.478+0000][44250.464s][5523][5530][info ] Entering safepoint region: Cleanup
[2025-10-02T08:32:31.478+0000][44250.465s][5523][5530][info ] Leaving safepoint region
[2025-10-02T08:32:31.478+0000][44250.465s][5523][5530][info ] Total time for which application threads were stopped: 0.0001417 seconds, Stopping threads took: 0.0000272 seconds
[2025-10-02T08:32:32.478+0000][44251.465s][5523][5530][info ] Application time: 1.0000991 seconds
[2025-10-02T08:32:32.479+0000][44251.465s][5523][5530][info ] Entering safepoint region: Cleanup
[2025-10-02T08:32:32.479+0000][44251.465s][5523][5530][info ] Leaving safepoint region
[2025-10-02T08:32:32.479+0000][44251.465s][5523][5530][info ] Total time for which application threads were stopped: 0.0001387 seconds, Stopping threads took: 0.0000270 seconds
[2025-10-02T08:32:33.479+0000][44252.465s][5523][5530][info ] Application time: 1.0000871 seconds
[2025-10-02T08:32:33.479+0000][44252.465s][5523][5530][info ] Entering safepoint region: Cleanup
[2025-10-02T08:32:33.479+0000][44252.465s][5523][5530][info ] Leaving safepoint region
[2025-10-02T08:32:33.479+0000][44252.465s][5523][5530][info ] Total time for which application threads were stopped: 0.0001324 seconds, Stopping threads took: 0.0000257 seconds
[2025-10-02T08:32:34.479+0000][44253.465s][5523][5530][info ] Application time: 1.0001707 seconds
[2025-10-02T08:32:34.479+0000][44253.465s][5523][5530][info ] Entering safepoint region: Cleanup
[2025-10-02T08:32:34.479+0000][44253.466s][5523][5530][info ] Leaving safepoint region
[2025-10-02T08:32:34.479+0000][44253.466s][5523][5530][info ] Total time for which application threads were stopped: 0.0001368 seconds, Stopping threads took: 0.0000250 seconds
[2025-10-02T08:32:35.479+0000][44254.466s][5523][5530][info ] Application time: 1.0000861 seconds
[2025-10-02T08:32:35.479+0000][44254.466s][5523][5530][info ] Entering safepoint region: Cleanup
[2025-10-02T08:32:35.480+0000][44254.466s][5523][5530][info ] Leaving safepoint region
[2025-10-02T08:32:35.480+0000][44254.466s][5523][5530][info ] Total time for which application threads were stopped: 0.0001557 seconds, Stopping threads took: 0.0000242 seconds
[2025-10-02T08:32:36.315+0000][44255.301s][5523][5529][trace] CMS: promo attempt is safe: available(765483624) >= av_promo(4228508), max_promo(94811104)
[2025-10-02T08:32:36.480+0000][44255.466s][5523][5530][info ] Application time: 1.0000879 seconds
[2025-10-02T08:32:36.480+0000][44255.466s][5523][5530][info ] Entering safepoint region: Cleanup
[2025-10-02T08:32:36.480+0000][44255.466s][5523][5530][info ] Leaving safepoint region
[2025-10-02T08:32:36.480+0000][44255.466s][5523][5530][info ] Total time for which application threads were stopped: 0.0001390 seconds, Stopping threads took: 0.0000250 seconds
[2025-10-02T08:32:37.480+0000][44256.466s][5523][5530][info ] Application time: 1.0000824 seconds
[2025-10-02T08:32:37.480+0000][44256.466s][5523][5530][info ] Entering safepoint region: Cleanup
[2025-10-02T08:32:37.480+0000][44256.466s][5523][5530][info ] Leaving safepoint region
[2025-10-02T08:32:37.480+0000][44256.466s][5523][5530][info ] Total time for which application threads were stopped: 0.0001368 seconds, Stopping threads took: 0.0000254 seconds
[2025-10-02T08:32:38.480+0000][44257.466s][5523][5530][info ] Application time: 1.0000947 seconds
[2025-10-02T08:32:38.480+0000][44257.467s][5523][5530][info ] Entering safepoint region: Cleanup
[2025-10-02T08:32:38.480+0000][44257.467s][5523][5530][info ] Leaving safepoint region
[2025-10-02T08:32:38.480+0000][44257.467s][5523][5530][info ] Total time for which application threads were stopped: 0.0001526 seconds, Stopping threads took: 0.0000298 seconds
[2025-10-02T08:32:39.481+0000][44258.467s][5523][5530][info ] Application time: 1.0000545 seconds
[2025-10-02T08:32:39.481+0000][44258.467s][5523][5530][info ] Entering safepoint region: Cleanup
[2025-10-02T08:32:39.481+0000][44258.467s][5523][5530][info ] Leaving safepoint region
[2025-10-02T08:32:39.481+0000][44258.467s][5523][5530][info ] Total time for which application threads were stopped: 0.0001369 seconds, Stopping threads took: 0.0000253 seconds
[2025-10-02T08:32:40.481+0000][44259.467s][5523][5530][info ] Application time: 1.0000780 seconds
[2025-10-02T08:32:40.481+0000][44259.467s][5523][5530][info ] Entering safepoint region: Cleanup
[2025-10-02T08:32:40.481+0000][44259.467s][5523][5530][info ] Leaving safepoint region
[2025-10-02T08:32:40.481+0000][44259.467s][5523][5530][info ] Total time for which application threads were stopped: 0.0001380 seconds, Stopping threads took: 0.0000255 seconds
[2025-10-02T08:32:41.481+0000][44260.467s][5523][5530][info ] Application time: 1.0000828 seconds
[2025-10-02T08:32:41.481+0000][44260.467s][5523][5530][info ] Entering safepoint region: Cleanup
[2025-10-02T08:32:41.481+0000][44260.467s][5523][5530][info ] Leaving safepoint region
[2025-10-02T08:32:41.481+0000][44260.467s][5523][5530][info ] Total time for which application threads were stopped: 0.0001481 seconds, Stopping threads took: 0.0000259 seconds
[2025-10-02T08:32:42.481+0000][44261.468s][5523][5530][info ] Application time: 1.0000825 seconds
[2025-10-02T08:32:42.481+0000][44261.468s][5523][5530][info ] Entering safepoint region: Cleanup
[2025-10-02T08:32:42.482+0000][44261.468s][5523][5530][info ] Leaving safepoint region
[2025-10-02T08:32:42.482+0000][44261.468s][5523][5530][info ] Total time for which application threads were stopped: 0.0001664 seconds, Stopping threads took: 0.0000301 seconds
[2025-10-02T08:32:43.482+0000][44262.468s][5523][5530][info ] Application time: 1.0001059 seconds
[2025-10-02T08:32:43.482+0000][44262.468s][5523][5530][info ] Entering safepoint region: Cleanup
[2025-10-02T08:32:43.482+0000][44262.468s][5523][5530][info ] Leaving safepoint region
[2025-10-02T08:32:43.482+0000][44262.468s][5523][5530][info ] Total time for which application threads were stopped: 0.0001388 seconds, Stopping threads took: 0.0000245 seconds
[2025-10-02T08:32:44.482+0000][44263.468s][5523][5530][info ] Application time: 1.0000872 seconds
[2025-10-02T08:32:44.482+0000][44263.468s][5523][5530][info ] Entering safepoint region: Cleanup
[2025-10-02T08:32:44.482+0000][44263.468s][5523][5530][info ] Leaving safepoint region
[2025-10-02T08:32:44.482+0000][44263.468s][5523][5530][info ] Total time for which application threads were stopped: 0.0001374 seconds, Stopping threads took: 0.0000272 seconds
[2025-10-02T08:32:45.482+0000][44264.468s][5523][5530][info ] Application time: 1.0000845 seconds
[2025-10-02T08:32:45.482+0000][44264.469s][5523][5530][info ] Entering safepoint region: Cleanup
[2025-10-02T08:32:45.482+0000][44264.469s][5523][5530][info ] Leaving safepoint region
[2025-10-02T08:32:45.482+0000][44264.469s][5523][5530][info ] Total time for which application threads were stopped: 0.0001381 seconds, Stopping threads took: 0.0000254 seconds
[2025-10-02T08:32:46.315+0000][44265.301s][5523][5529][trace] CMS: promo attempt is safe: available(765483624) >= av_promo(4228508), max_promo(96116464)
[2025-10-02T08:32:46.483+0000][44265.469s][5523][5530][info ] Application time: 1.0000880 seconds
[2025-10-02T08:32:46.483+0000][44265.469s][5523][5530][info ] Entering safepoint region: Cleanup
[2025-10-02T08:32:46.483+0000][44265.469s][5523][5530][info ] Leaving safepoint region
[2025-10-02T08:32:46.483+0000][44265.469s][5523][5530][info ] Total time for which application threads were stopped: 0.0001473 seconds, Stopping threads took: 0.0000301 seconds
[2025-10-02T08:32:47.483+0000][44266.469s][5523][5530][info ] Application time: 1.0001042 seconds
[2025-10-02T08:32:47.483+0000][44266.469s][5523][5530][info ] Entering safepoint region: Cleanup
[2025-10-02T08:32:47.483+0000][44266.469s][5523][5530][info ] Leaving safepoint region
[2025-10-02T08:32:47.483+0000][44266.469s][5523][5530][info ] Total time for which application threads were stopped: 0.0001919 seconds, Stopping threads took: 0.0000250 seconds
[2025-10-02T08:32:48.483+0000][44267.469s][5523][5530][info ] Application time: 1.0001154 seconds
[2025-10-02T08:32:48.483+0000][44267.469s][5523][5530][info ] Entering safepoint region: Cleanup
[2025-10-02T08:32:48.483+0000][44267.470s][5523][5530][info ] Leaving safepoint region
[2025-10-02T08:32:48.483+0000][44267.470s][5523][5530][info ] Total time for which application threads were stopped: 0.0001355 seconds, Stopping threads took: 0.0000280 seconds
[2025-10-02T08:32:49.484+0000][44268.470s][5523][5530][info ] Application time: 1.0001327 seconds
[2025-10-02T08:32:49.484+0000][44268.470s][5523][5530][info ] Entering safepoint region: Cleanup
[2025-10-02T08:32:49.484+0000][44268.470s][5523][5530][info ] Leaving safepoint region
[2025-10-02T08:32:49.484+0000][44268.470s][5523][5530][info ] Total time for which application threads were stopped: 0.0001375 seconds, Stopping threads took: 0.0000262 seconds
[2025-10-02T08:32:50.484+0000][44269.470s][5523][5530][info ] Application time: 1.0000889 seconds
[2025-10-02T08:32:50.484+0000][44269.470s][5523][5530][info ] Entering safepoint region: Cleanup
[2025-10-02T08:32:50.484+0000][44269.470s][5523][5530][info ] Leaving safepoint region
[2025-10-02T08:32:50.484+0000][44269.470s][5523][5530][info ] Total time for which application threads were stopped: 0.0001341 seconds, Stopping threads took: 0.0000261 seconds
[2025-10-02T08:32:51.484+0000][44270.470s][5523][5530][info ] Application time: 1.0000794 seconds
[2025-10-02T08:32:51.484+0000][44270.470s][5523][5530][info ] Entering safepoint region: Cleanup
[2025-10-02T08:32:51.484+0000][44270.470s][5523][5530][info ] Leaving safepoint region
[2025-10-02T08:32:51.484+0000][44270.470s][5523][5530][info ] Total time for which application threads were stopped: 0.0001355 seconds, Stopping threads took: 0.0000282 seconds
[2025-10-02T08:32:52.484+0000][44271.471s][5523][5530][info ] Application time: 1.0001032 seconds
[2025-10-02T08:32:52.484+0000][44271.471s][5523][5530][info ] Entering safepoint region: Cleanup
[2025-10-02T08:32:52.485+0000][44271.471s][5523][5530][info ] Leaving safepoint region
[2025-10-02T08:32:52.485+0000][44271.471s][5523][5530][info ] Total time for which application threads were stopped: 0.0001896 seconds, Stopping threads took: 0.0000260 seconds
[2025-10-02T08:32:53.485+0000][44272.471s][5523][5530][info ] Application time: 1.0000962 seconds
[2025-10-02T08:32:53.485+0000][44272.471s][5523][5530][info ] Entering safepoint region: Cleanup
[2025-10-02T08:32:53.485+0000][44272.471s][5523][5530][info ] Leaving safepoint region
[2025-10-02T08:32:53.485+0000][44272.471s][5523][5530][info ] Total time for which application threads were stopped: 0.0001464 seconds, Stopping threads took: 0.0000271 seconds
[2025-10-02T08:32:54.485+0000][44273.471s][5523][5530][info ] Application time: 1.0001145 seconds
[2025-10-02T08:32:54.485+0000][44273.471s][5523][5530][info ] Entering safepoint region: Cleanup
[2025-10-02T08:32:54.485+0000][44273.471s][5523][5530][info ] Leaving safepoint region
[2025-10-02T08:32:54.485+0000][44273.471s][5523][5530][info ] Total time for which application threads were stopped: 0.0001355 seconds, Stopping threads took: 0.0000260 seconds
[2025-10-02T08:32:55.485+0000][44274.472s][5523][5530][info ] Application time: 1.0000847 seconds
[2025-10-02T08:32:55.485+0000][44274.472s][5523][5530][info ] Entering safepoint region: Cleanup
[2025-10-02T08:32:55.486+0000][44274.472s][5523][5530][info ] Leaving safepoint region
[2025-10-02T08:32:55.486+0000][44274.472s][5523][5530][info ] Total time for which application threads were stopped: 0.0001810 seconds, Stopping threads took: 0.0000443 seconds
[2025-10-02T08:32:56.315+0000][44275.301s][5523][5529][trace] CMS: promo attempt is safe: available(765483624) >= av_promo(4228508), max_promo(96116464)
[2025-10-02T08:32:56.486+0000][44275.472s][5523][5530][info ] Application time: 1.0000966 seconds
[2025-10-02T08:32:56.486+0000][44275.472s][5523][5530][info ] Entering safepoint region: Cleanup
[2025-10-02T08:32:56.486+0000][44275.472s][5523][5530][info ] Leaving safepoint region
[2025-10-02T08:32:56.486+0000][44275.472s][5523][5530][info ] Total time for which application threads were stopped: 0.0001478 seconds, Stopping threads took: 0.0000260 seconds
[2025-10-02T08:32:57.486+0000][44276.472s][5523][5530][info ] Application time: 1.0001017 seconds
[2025-10-02T08:32:57.486+0000][44276.472s][5523][5530][info ] Entering safepoint region: Cleanup
[2025-10-02T08:32:57.486+0000][44276.472s][5523][5530][info ] Leaving safepoint region
[2025-10-02T08:32:57.486+0000][44276.472s][5523][5530][info ] Total time for which application threads were stopped: 0.0001489 seconds, Stopping threads took: 0.0000287 seconds
[2025-10-02T08:32:58.486+0000][44277.472s][5523][5530][info ] Application time: 1.0000997 seconds
[2025-10-02T08:32:58.486+0000][44277.473s][5523][5530][info ] Entering safepoint region: Cleanup
[2025-10-02T08:32:58.486+0000][44277.473s][5523][5530][info ] Leaving safepoint region
[2025-10-02T08:32:58.486+0000][44277.473s][5523][5530][info ] Total time for which application threads were stopped: 0.0001413 seconds, Stopping threads took: 0.0000263 seconds
[2025-10-02T08:32:59.487+0000][44278.473s][5523][5530][info ] Application time: 1.0000965 seconds
[2025-10-02T08:32:59.487+0000][44278.473s][5523][5530][info ] Entering safepoint region: Cleanup
[2025-10-02T08:32:59.487+0000][44278.473s][5523][5530][info ] Leaving safepoint region
[2025-10-02T08:32:59.487+0000][44278.473s][5523][5530][info ] Total time for which application threads were stopped: 0.0001387 seconds, Stopping threads took: 0.0000258 seconds
[2025-10-02T08:33:00.487+0000][44279.473s][5523][5530][info ] Application time: 1.0000990 seconds
[2025-10-02T08:33:00.487+0000][44279.473s][5523][5530][info ] Entering safepoint region: Cleanup
[2025-10-02T08:33:00.487+0000][44279.473s][5523][5530][info ] Leaving safepoint region
[2025-10-02T08:33:00.487+0000][44279.473s][5523][5530][info ] Total time for which application threads were stopped: 0.0002189 seconds, Stopping threads took: 0.0000262 seconds
[2025-10-02T08:33:01.487+0000][44280.473s][5523][5530][info ] Application time: 1.0001031 seconds
[2025-10-02T08:33:01.487+0000][44280.473s][5523][5530][info ] Entering safepoint region: Cleanup
[2025-10-02T08:33:01.487+0000][44280.474s][5523][5530][info ] Leaving safepoint region
[2025-10-02T08:33:01.487+0000][44280.474s][5523][5530][info ] Total time for which application threads were stopped: 0.0001353 seconds, Stopping threads took: 0.0000261 seconds
[2025-10-02T08:33:02.488+0000][44281.474s][5523][5530][info ] Application time: 1.0001080 seconds
[2025-10-02T08:33:02.488+0000][44281.474s][5523][5530][info ] Entering safepoint region: Cleanup
[2025-10-02T08:33:02.488+0000][44281.474s][5523][5530][info ] Leaving safepoint region
[2025-10-02T08:33:02.488+0000][44281.474s][5523][5530][info ] Total time for which application threads were stopped: 0.0001499 seconds, Stopping threads took: 0.0000338 seconds
[2025-10-02T08:33:03.488+0000][44282.474s][5523][5530][info ] Application time: 1.0001050 seconds
[2025-10-02T08:33:03.488+0000][44282.474s][5523][5530][info ] Entering safepoint region: Cleanup
[2025-10-02T08:33:03.488+0000][44282.474s][5523][5530][info ] Leaving safepoint region
[2025-10-02T08:33:03.488+0000][44282.474s][5523][5530][info ] Total time for which application threads were stopped: 0.0001349 seconds, Stopping threads took: 0.0000264 seconds
[2025-10-02T08:33:04.488+0000][44283.474s][5523][5530][info ] Application time: 1.0001010 seconds
[2025-10-02T08:33:04.488+0000][44283.474s][5523][5530][info ] Entering safepoint region: Cleanup
[2025-10-02T08:33:04.488+0000][44283.475s][5523][5530][info ] Leaving safepoint region
[2025-10-02T08:33:04.488+0000][44283.475s][5523][5530][info ] Total time for which application threads were stopped: 0.0001494 seconds, Stopping threads took: 0.0000288 seconds
[2025-10-02T08:33:05.488+0000][44284.475s][5523][5530][info ] Application time: 1.0001014 seconds
[2025-10-02T08:33:05.489+0000][44284.475s][5523][5530][info ] Entering safepoint region: Cleanup
[2025-10-02T08:33:05.489+0000][44284.475s][5523][5530][info ] Leaving safepoint region
[2025-10-02T08:33:05.489+0000][44284.475s][5523][5530][info ] Total time for which application threads were stopped: 0.0001636 seconds, Stopping threads took: 0.0000488 seconds
[2025-10-02T08:33:06.315+0000][44285.301s][5523][5529][trace] CMS: promo attempt is safe: available(765483624) >= av_promo(4228508), max_promo(96332288)
[2025-10-02T08:33:06.489+0000][44285.475s][5523][5530][info ] Application time: 1.0000970 seconds
[2025-10-02T08:33:06.489+0000][44285.475s][5523][5530][info ] Entering safepoint region: Cleanup
[2025-10-02T08:33:06.489+0000][44285.475s][5523][5530][info ] Leaving safepoint region
[2025-10-02T08:33:06.489+0000][44285.475s][5523][5530][info ] Total time for which application threads were stopped: 0.0001340 seconds, Stopping threads took: 0.0000262 seconds
[2025-10-02T08:33:07.489+0000][44286.475s][5523][5530][info ] Application time: 1.0000968 seconds
[2025-10-02T08:33:07.489+0000][44286.475s][5523][5530][info ] Entering safepoint region: Cleanup
[2025-10-02T08:33:07.489+0000][44286.475s][5523][5530][info ] Leaving safepoint region
[2025-10-02T08:33:07.489+0000][44286.475s][5523][5530][info ] Total time for which application threads were stopped: 0.0001419 seconds, Stopping threads took: 0.0000281 seconds
[2025-10-02T08:33:08.489+0000][44287.476s][5523][5530][info ] Application time: 1.0001155 seconds
[2025-10-02T08:33:08.489+0000][44287.476s][5523][5530][info ] Entering safepoint region: Cleanup
[2025-10-02T08:33:08.490+0000][44287.476s][5523][5530][info ] Leaving safepoint region
[2025-10-02T08:33:08.490+0000][44287.476s][5523][5530][info ] Total time for which application threads were stopped: 0.0001814 seconds, Stopping threads took: 0.0000362 seconds
[2025-10-02T08:33:09.490+0000][44288.476s][5523][5530][info ] Application time: 1.0000788 seconds
[2025-10-02T08:33:09.490+0000][44288.476s][5523][5530][info ] Entering safepoint region: Cleanup
[2025-10-02T08:33:09.490+0000][44288.476s][5523][5530][info ] Leaving safepoint region
[2025-10-02T08:33:09.490+0000][44288.476s][5523][5530][info ] Total time for which application threads were stopped: 0.0001331 seconds, Stopping threads took: 0.0000257 seconds
[2025-10-02T08:33:10.490+0000][44289.476s][5523][5530][info ] Application time: 1.0000905 seconds
[2025-10-02T08:33:10.490+0000][44289.476s][5523][5530][info ] Entering safepoint region: Cleanup
[2025-10-02T08:33:10.490+0000][44289.476s][5523][5530][info ] Leaving safepoint region
[2025-10-02T08:33:10.490+0000][44289.476s][5523][5530][info ] Total time for which application threads were stopped: 0.0001365 seconds, Stopping threads took: 0.0000246 seconds
[2025-10-02T08:33:11.490+0000][44290.476s][5523][5530][info ] Application time: 1.0000890 seconds
[2025-10-02T08:33:11.490+0000][44290.477s][5523][5530][info ] Entering safepoint region: Cleanup
[2025-10-02T08:33:11.490+0000][44290.477s][5523][5530][info ] Leaving safepoint region
[2025-10-02T08:33:11.490+0000][44290.477s][5523][5530][info ] Total time for which application threads were stopped: 0.0001427 seconds, Stopping threads took: 0.0000245 seconds
[2025-10-02T08:33:12.491+0000][44291.477s][5523][5530][info ] Application time: 1.0001006 seconds
[2025-10-02T08:33:12.491+0000][44291.477s][5523][5530][info ] Entering safepoint region: Cleanup
[2025-10-02T08:33:12.491+0000][44291.477s][5523][5530][info ] Leaving safepoint region
[2025-10-02T08:33:12.491+0000][44291.477s][5523][5530][info ] Total time for which application threads were stopped: 0.0001594 seconds, Stopping threads took: 0.0000264 seconds
[2025-10-02T08:33:13.491+0000][44292.477s][5523][5530][info ] Application time: 1.0000917 seconds
[2025-10-02T08:33:13.491+0000][44292.477s][5523][5530][info ] Entering safepoint region: Cleanup
[2025-10-02T08:33:13.491+0000][44292.477s][5523][5530][info ] Leaving safepoint region
[2025-10-02T08:33:13.491+0000][44292.477s][5523][5530][info ] Total time for which application threads were stopped: 0.0002836 seconds, Stopping threads took: 0.0000270 seconds
[2025-10-02T08:33:14.491+0000][44293.477s][5523][5530][info ] Application time: 1.0000845 seconds
[2025-10-02T08:33:14.491+0000][44293.478s][5523][5530][info ] Entering safepoint region: Cleanup
[2025-10-02T08:33:14.491+0000][44293.478s][5523][5530][info ] Leaving safepoint region
[2025-10-02T08:33:14.491+0000][44293.478s][5523][5530][info ] Total time for which application threads were stopped: 0.0001400 seconds, Stopping threads took: 0.0000253 seconds
[2025-10-02T08:33:15.492+0000][44294.478s][5523][5530][info ] Application time: 1.0001022 seconds
[2025-10-02T08:33:15.492+0000][44294.478s][5523][5530][info ] Entering safepoint region: Cleanup
[2025-10-02T08:33:15.492+0000][44294.478s][5523][5530][info ] Leaving safepoint region
[2025-10-02T08:33:15.492+0000][44294.478s][5523][5530][info ] Total time for which application threads were stopped: 0.0001392 seconds, Stopping threads took: 0.0000269 seconds
[2025-10-02T08:33:16.315+0000][44295.301s][5523][5529][trace] CMS: promo attempt is safe: available(765483624) >= av_promo(4228508), max_promo(97184888)
[2025-10-02T08:33:16.492+0000][44295.478s][5523][5530][info ] Application time: 1.0000886 seconds
[2025-10-02T08:33:16.492+0000][44295.478s][5523][5530][info ] Entering safepoint region: Cleanup
[2025-10-02T08:33:16.492+0000][44295.478s][5523][5530][info ] Leaving safepoint region
[2025-10-02T08:33:16.492+0000][44295.478s][5523][5530][info ] Total time for which application threads were stopped: 0.0001346 seconds, Stopping threads took: 0.0000265 seconds
[2025-10-02T08:33:17.492+0000][44296.478s][5523][5530][info ] Application time: 1.0001061 seconds
[2025-10-02T08:33:17.492+0000][44296.478s][5523][5530][info ] Entering safepoint region: Cleanup
[2025-10-02T08:33:17.492+0000][44296.479s][5523][5530][info ] Leaving safepoint region
[2025-10-02T08:33:17.492+0000][44296.479s][5523][5530][info ] Total time for which application threads were stopped: 0.0001407 seconds, Stopping threads took: 0.0000257 seconds
[2025-10-02T08:33:18.492+0000][44297.479s][5523][5530][info ] Application time: 1.0000984 seconds
[2025-10-02T08:33:18.493+0000][44297.479s][5523][5530][info ] Entering safepoint region: Cleanup
[2025-10-02T08:33:18.493+0000][44297.479s][5523][5530][info ] Leaving safepoint region
[2025-10-02T08:33:18.493+0000][44297.479s][5523][5530][info ] Total time for which application threads were stopped: 0.0001559 seconds, Stopping threads took: 0.0000413 seconds
[2025-10-02T08:33:19.493+0000][44298.479s][5523][5530][info ] Application time: 1.0001048 seconds
[2025-10-02T08:33:19.493+0000][44298.479s][5523][5530][info ] Entering safepoint region: Cleanup
[2025-10-02T08:33:19.493+0000][44298.479s][5523][5530][info ] Leaving safepoint region
[2025-10-02T08:33:19.493+0000][44298.479s][5523][5530][info ] Total time for which application threads were stopped: 0.0001407 seconds, Stopping threads took: 0.0000255 seconds
[2025-10-02T08:33:20.493+0000][44299.479s][5523][5530][info ] Application time: 1.0001075 seconds
[2025-10-02T08:33:20.493+0000][44299.479s][5523][5530][info ] Entering safepoint region: Cleanup
[2025-10-02T08:33:20.493+0000][44299.479s][5523][5530][info ] Leaving safepoint region
[2025-10-02T08:33:20.493+0000][44299.479s][5523][5530][info ] Total time for which application threads were stopped: 0.0001351 seconds, Stopping threads took: 0.0000261 seconds
[2025-10-02T08:33:21.493+0000][44300.480s][5523][5530][info ] Application time: 1.0000865 seconds
[2025-10-02T08:33:21.493+0000][44300.480s][5523][5530][info ] Entering safepoint region: Cleanup
[2025-10-02T08:33:21.494+0000][44300.480s][5523][5530][info ] Leaving safepoint region
[2025-10-02T08:33:21.494+0000][44300.480s][5523][5530][info ] Total time for which application threads were stopped: 0.0001647 seconds, Stopping threads took: 0.0000343 seconds
[2025-10-02T08:33:22.494+0000][44301.480s][5523][5530][info ] Application time: 1.0000869 seconds
[2025-10-02T08:33:22.494+0000][44301.480s][5523][5530][info ] Entering safepoint region: Cleanup
[2025-10-02T08:33:22.494+0000][44301.480s][5523][5530][info ] Leaving safepoint region
[2025-10-02T08:33:22.494+0000][44301.480s][5523][5530][info ] Total time for which application threads were stopped: 0.0001394 seconds, Stopping threads took: 0.0000286 seconds
[2025-10-02T08:33:23.494+0000][44302.480s][5523][5530][info ] Application time: 1.0000987 seconds
[2025-10-02T08:33:23.494+0000][44302.480s][5523][5530][info ] Entering safepoint region: Cleanup
[2025-10-02T08:33:23.494+0000][44302.480s][5523][5530][info ] Leaving safepoint region
[2025-10-02T08:33:23.494+0000][44302.480s][5523][5530][info ] Total time for which application threads were stopped: 0.0001345 seconds, Stopping threads took: 0.0000265 seconds
[2025-10-02T08:33:24.494+0000][44303.480s][5523][5530][info ] Application time: 1.0000985 seconds
[2025-10-02T08:33:24.494+0000][44303.481s][5523][5530][info ] Entering safepoint region: Cleanup
[2025-10-02T08:33:24.494+0000][44303.481s][5523][5530][info ] Leaving safepoint region
[2025-10-02T08:33:24.494+0000][44303.481s][5523][5530][info ] Total time for which application threads were stopped: 0.0001345 seconds, Stopping threads took: 0.0000261 seconds
[2025-10-02T08:33:25.495+0000][44304.481s][5523][5530][info ] Application time: 1.0001051 seconds
[2025-10-02T08:33:25.495+0000][44304.481s][5523][5530][info ] Entering safepoint region: Cleanup
[2025-10-02T08:33:25.495+0000][44304.481s][5523][5530][info ] Leaving safepoint region
[2025-10-02T08:33:25.495+0000][44304.481s][5523][5530][info ] Total time for which application threads were stopped: 0.0001466 seconds, Stopping threads took: 0.0000268 seconds
[2025-10-02T08:33:26.315+0000][44305.301s][5523][5529][trace] CMS: promo attempt is safe: available(765483624) >= av_promo(4228508), max_promo(97319048)
[2025-10-02T08:33:26.495+0000][44305.481s][5523][5530][info ] Application time: 1.0000983 seconds
[2025-10-02T08:33:26.495+0000][44305.481s][5523][5530][info ] Entering safepoint region: Cleanup
[2025-10-02T08:33:26.495+0000][44305.481s][5523][5530][info ] Leaving safepoint region
[2025-10-02T08:33:26.495+0000][44305.481s][5523][5530][info ] Total time for which application threads were stopped: 0.0002193 seconds, Stopping threads took: 0.0000255 seconds
[2025-10-02T08:33:27.495+0000][44306.481s][5523][5530][info ] Application time: 1.0000887 seconds
[2025-10-02T08:33:27.495+0000][44306.481s][5523][5530][info ] Entering safepoint region: Cleanup
[2025-10-02T08:33:27.495+0000][44306.482s][5523][5530][info ] Leaving safepoint region
[2025-10-02T08:33:27.495+0000][44306.482s][5523][5530][info ] Total time for which application threads were stopped: 0.0001374 seconds, Stopping threads took: 0.0000256 seconds
[2025-10-02T08:33:28.496+0000][44307.482s][5523][5530][info ] Application time: 1.0001035 seconds
[2025-10-02T08:33:28.496+0000][44307.482s][5523][5530][info ] Entering safepoint region: Cleanup
[2025-10-02T08:33:28.497+0000][44307.483s][5523][5530][info ] Leaving safepoint region
[2025-10-02T08:33:28.497+0000][44307.483s][5523][5530][info ] Total time for which application threads were stopped: 0.0012134 seconds, Stopping threads took: 0.0010803 seconds
[2025-10-02T08:33:29.497+0000][44308.483s][5523][5530][info ] Application time: 1.0000953 seconds
[2025-10-02T08:33:29.497+0000][44308.483s][5523][5530][info ] Entering safepoint region: Cleanup
[2025-10-02T08:33:29.497+0000][44308.483s][5523][5530][info ] Leaving safepoint region
[2025-10-02T08:33:29.497+0000][44308.483s][5523][5530][info ] Total time for which application threads were stopped: 0.0001424 seconds, Stopping threads took: 0.0000264 seconds
[2025-10-02T08:33:30.497+0000][44309.483s][5523][5530][info ] Application time: 1.0001021 seconds
[2025-10-02T08:33:30.497+0000][44309.484s][5523][5530][info ] Entering safepoint region: Cleanup
[2025-10-02T08:33:30.497+0000][44309.484s][5523][5530][info ] Leaving safepoint region
[2025-10-02T08:33:30.497+0000][44309.484s][5523][5530][info ] Total time for which application threads were stopped: 0.0001939 seconds, Stopping threads took: 0.0000792 seconds
[2025-10-02T08:33:31.498+0000][44310.484s][5523][5530][info ] Application time: 1.0000738 seconds
[2025-10-02T08:33:31.498+0000][44310.484s][5523][5530][info ] Entering safepoint region: Cleanup
[2025-10-02T08:33:31.498+0000][44310.484s][5523][5530][info ] Leaving safepoint region
[2025-10-02T08:33:31.498+0000][44310.484s][5523][5530][info ] Total time for which application threads were stopped: 0.0001370 seconds, Stopping threads took: 0.0000280 seconds
[2025-10-02T08:33:32.498+0000][44311.484s][5523][5530][info ] Application time: 1.0001181 seconds
[2025-10-02T08:33:32.498+0000][44311.484s][5523][5530][info ] Entering safepoint region: Cleanup
[2025-10-02T08:33:32.498+0000][44311.484s][5523][5530][info ] Leaving safepoint region
[2025-10-02T08:33:32.498+0000][44311.484s][5523][5530][info ] Total time for which application threads were stopped: 0.0001824 seconds, Stopping threads took: 0.0000656 seconds
[2025-10-02T08:33:33.498+0000][44312.484s][5523][5530][info ] Application time: 1.0001116 seconds
[2025-10-02T08:33:33.498+0000][44312.484s][5523][5530][info ] Entering safepoint region: Cleanup
[2025-10-02T08:33:33.498+0000][44312.485s][5523][5530][info ] Leaving safepoint region
[2025-10-02T08:33:33.498+0000][44312.485s][5523][5530][info ] Total time for which application threads were stopped: 0.0001452 seconds, Stopping threads took: 0.0000241 seconds
[2025-10-02T08:33:34.499+0000][44313.485s][5523][5530][info ] Application time: 1.0001274 seconds
[2025-10-02T08:33:34.499+0000][44313.485s][5523][5530][info ] Entering safepoint region: Cleanup
[2025-10-02T08:33:34.499+0000][44313.485s][5523][5530][info ] Leaving safepoint region
[2025-10-02T08:33:34.499+0000][44313.485s][5523][5530][info ] Total time for which application threads were stopped: 0.0001345 seconds, Stopping threads took: 0.0000256 seconds
[2025-10-02T08:33:35.499+0000][44314.485s][5523][5530][info ] Application time: 1.0000872 seconds
[2025-10-02T08:33:35.499+0000][44314.485s][5523][5530][info ] Entering safepoint region: Cleanup
[2025-10-02T08:33:35.499+0000][44314.485s][5523][5530][info ] Leaving safepoint region
[2025-10-02T08:33:35.499+0000][44314.485s][5523][5530][info ] Total time for which application threads were stopped: 0.0002089 seconds, Stopping threads took: 0.0000262 seconds
[2025-10-02T08:33:36.314+0000][44315.300s][5523][5529][trace] CMS: promo attempt is safe: available(765483624) >= av_promo(4228508), max_promo(98490304)
[2025-10-02T08:33:36.499+0000][44315.485s][5523][5530][info ] Application time: 1.0001018 seconds
[2025-10-02T08:33:36.499+0000][44315.485s][5523][5530][info ] Entering safepoint region: Cleanup
[2025-10-02T08:33:36.499+0000][44315.486s][5523][5530][info ] Leaving safepoint region
[2025-10-02T08:33:36.499+0000][44315.486s][5523][5530][info ] Total time for which application threads were stopped: 0.0001401 seconds, Stopping threads took: 0.0000293 seconds
[2025-10-02T08:33:37.499+0000][44316.486s][5523][5530][info ] Application time: 1.0000896 seconds
[2025-10-02T08:33:37.500+0000][44316.486s][5523][5530][info ] Entering safepoint region: Cleanup
[2025-10-02T08:33:37.500+0000][44316.486s][5523][5530][info ] Leaving safepoint region
[2025-10-02T08:33:37.500+0000][44316.486s][5523][5530][info ] Total time for which application threads were stopped: 0.0001344 seconds, Stopping threads took: 0.0000271 seconds
[2025-10-02T08:33:38.500+0000][44317.486s][5523][5530][info ] Application time: 1.0001011 seconds
[2025-10-02T08:33:38.500+0000][44317.486s][5523][5530][info ] Entering safepoint region: Cleanup
[2025-10-02T08:33:38.500+0000][44317.486s][5523][5530][info ] Leaving safepoint region
[2025-10-02T08:33:38.500+0000][44317.486s][5523][5530][info ] Total time for which application threads were stopped: 0.0001502 seconds, Stopping threads took: 0.0000420 seconds
[2025-10-02T08:33:39.500+0000][44318.486s][5523][5530][info ] Application time: 1.0000942 seconds
[2025-10-02T08:33:39.500+0000][44318.486s][5523][5530][info ] Entering safepoint region: Cleanup
[2025-10-02T08:33:39.500+0000][44318.486s][5523][5530][info ] Leaving safepoint region
[2025-10-02T08:33:39.500+0000][44318.486s][5523][5530][info ] Total time for which application threads were stopped: 0.0001368 seconds, Stopping threads took: 0.0000261 seconds
[2025-10-02T08:33:40.500+0000][44319.487s][5523][5530][info ] Application time: 1.0000938 seconds
[2025-10-02T08:33:40.500+0000][44319.487s][5523][5530][info ] Entering safepoint region: Cleanup
[2025-10-02T08:33:40.501+0000][44319.487s][5523][5530][info ] Leaving safepoint region
[2025-10-02T08:33:40.501+0000][44319.487s][5523][5530][info ] Total time for which application threads were stopped: 0.0001769 seconds, Stopping threads took: 0.0000263 seconds
[2025-10-02T08:33:41.501+0000][44320.487s][5523][5530][info ] Application time: 1.0000801 seconds
[2025-10-02T08:33:41.501+0000][44320.487s][5523][5530][info ] Entering safepoint region: Cleanup
[2025-10-02T08:33:41.501+0000][44320.487s][5523][5530][info ] Leaving safepoint region
[2025-10-02T08:33:41.501+0000][44320.487s][5523][5530][info ] Total time for which application threads were stopped: 0.0001397 seconds, Stopping threads took: 0.0000240 seconds
[2025-10-02T08:33:42.501+0000][44321.487s][5523][5530][info ] Application time: 1.0001008 seconds
[2025-10-02T08:33:42.501+0000][44321.487s][5523][5530][info ] Entering safepoint region: Cleanup
[2025-10-02T08:33:42.501+0000][44321.487s][5523][5530][info ] Leaving safepoint region
[2025-10-02T08:33:42.501+0000][44321.487s][5523][5530][info ] Total time for which application threads were stopped: 0.0001374 seconds, Stopping threads took: 0.0000256 seconds
[2025-10-02T08:33:43.501+0000][44322.487s][5523][5530][info ] Application time: 1.0001009 seconds
[2025-10-02T08:33:43.501+0000][44322.488s][5523][5530][info ] Entering safepoint region: Cleanup
[2025-10-02T08:33:43.501+0000][44322.488s][5523][5530][info ] Leaving safepoint region
[2025-10-02T08:33:43.501+0000][44322.488s][5523][5530][info ] Total time for which application threads were stopped: 0.0001361 seconds, Stopping threads took: 0.0000261 seconds
[2025-10-02T08:33:44.502+0000][44323.488s][5523][5530][info ] Application time: 1.0000979 seconds
[2025-10-02T08:33:44.502+0000][44323.488s][5523][5530][info ] Entering safepoint region: Cleanup
[2025-10-02T08:33:44.502+0000][44323.488s][5523][5530][info ] Leaving safepoint region
[2025-10-02T08:33:44.502+0000][44323.488s][5523][5530][info ] Total time for which application threads were stopped: 0.0001340 seconds, Stopping threads took: 0.0000238 seconds
[2025-10-02T08:33:45.502+0000][44324.488s][5523][5530][info ] Application time: 1.0000937 seconds
[2025-10-02T08:33:45.502+0000][44324.488s][5523][5530][info ] Entering safepoint region: Cleanup
[2025-10-02T08:33:45.502+0000][44324.488s][5523][5530][info ] Leaving safepoint region
[2025-10-02T08:33:45.502+0000][44324.488s][5523][5530][info ] Total time for which application threads were stopped: 0.0001382 seconds, Stopping threads took: 0.0000287 seconds
[2025-10-02T08:33:46.314+0000][44325.300s][5523][5529][trace] CMS: promo attempt is safe: available(765483624) >= av_promo(4228508), max_promo(98706008)
[2025-10-02T08:33:46.502+0000][44325.488s][5523][5530][info ] Application time: 1.0000966 seconds
[2025-10-02T08:33:46.502+0000][44325.488s][5523][5530][info ] Entering safepoint region: Cleanup
[2025-10-02T08:33:46.502+0000][44325.489s][5523][5530][info ] Leaving safepoint region
[2025-10-02T08:33:46.502+0000][44325.489s][5523][5530][info ] Total time for which application threads were stopped: 0.0001324 seconds, Stopping threads took: 0.0000259 seconds
[2025-10-02T08:33:47.502+0000][44326.489s][5523][5530][info ] Application time: 1.0001226 seconds
[2025-10-02T08:33:47.503+0000][44326.489s][5523][5530][info ] Entering safepoint region: Cleanup
[2025-10-02T08:33:47.503+0000][44326.489s][5523][5530][info ] Leaving safepoint region
[2025-10-02T08:33:47.503+0000][44326.489s][5523][5530][info ] Total time for which application threads were stopped: 0.0001396 seconds, Stopping threads took: 0.0000283 seconds
[2025-10-02T08:33:48.503+0000][44327.489s][5523][5530][info ] Application time: 1.0000939 seconds
[2025-10-02T08:33:48.503+0000][44327.489s][5523][5530][info ] Entering safepoint region: Cleanup
[2025-10-02T08:33:48.503+0000][44327.489s][5523][5530][info ] Leaving safepoint region
[2025-10-02T08:33:48.503+0000][44327.489s][5523][5530][info ] Total time for which application threads were stopped: 0.0001467 seconds, Stopping threads took: 0.0000307 seconds
[2025-10-02T08:33:49.503+0000][44328.489s][5523][5530][info ] Application time: 1.0001651 seconds
[2025-10-02T08:33:49.503+0000][44328.489s][5523][5530][info ] Entering safepoint region: Cleanup
[2025-10-02T08:33:49.503+0000][44328.490s][5523][5530][info ] Leaving safepoint region
[2025-10-02T08:33:49.503+0000][44328.490s][5523][5530][info ] Total time for which application threads were stopped: 0.0001437 seconds, Stopping threads took: 0.0000264 seconds
[2025-10-02T08:33:50.503+0000][44329.490s][5523][5530][info ] Application time: 1.0001011 seconds
[2025-10-02T08:33:50.503+0000][44329.490s][5523][5530][info ] Entering safepoint region: Cleanup
[2025-10-02T08:33:50.504+0000][44329.490s][5523][5530][info ] Leaving safepoint region
[2025-10-02T08:33:50.504+0000][44329.490s][5523][5530][info ] Total time for which application threads were stopped: 0.0001573 seconds, Stopping threads took: 0.0000468 seconds
[2025-10-02T08:33:51.504+0000][44330.490s][5523][5530][info ] Application time: 1.0000997 seconds
[2025-10-02T08:33:51.504+0000][44330.490s][5523][5530][info ] Entering safepoint region: Cleanup
[2025-10-02T08:33:51.504+0000][44330.490s][5523][5530][info ] Leaving safepoint region
[2025-10-02T08:33:51.504+0000][44330.490s][5523][5530][info ] Total time for which application threads were stopped: 0.0001365 seconds, Stopping threads took: 0.0000258 seconds
[2025-10-02T08:33:52.504+0000][44331.490s][5523][5530][info ] Application time: 1.0000808 seconds
[2025-10-02T08:33:52.504+0000][44331.490s][5523][5530][info ] Entering safepoint region: Cleanup
[2025-10-02T08:33:52.504+0000][44331.490s][5523][5530][info ] Leaving safepoint region
[2025-10-02T08:33:52.504+0000][44331.490s][5523][5530][info ] Total time for which application threads were stopped: 0.0001422 seconds, Stopping threads took: 0.0000262 seconds
[2025-10-02T08:33:53.504+0000][44332.491s][5523][5530][info ] Application time: 1.0000911 seconds
[2025-10-02T08:33:53.504+0000][44332.491s][5523][5530][info ] Entering safepoint region: Cleanup
[2025-10-02T08:33:53.504+0000][44332.491s][5523][5530][info ] Leaving safepoint region
[2025-10-02T08:33:53.505+0000][44332.491s][5523][5530][info ] Total time for which application threads were stopped: 0.0001740 seconds, Stopping threads took: 0.0000274 seconds
[2025-10-02T08:33:54.505+0000][44333.491s][5523][5530][info ] Application time: 1.0001202 seconds
[2025-10-02T08:33:54.505+0000][44333.491s][5523][5530][info ] Entering safepoint region: Cleanup
[2025-10-02T08:33:54.505+0000][44333.491s][5523][5530][info ] Leaving safepoint region
[2025-10-02T08:33:54.505+0000][44333.491s][5523][5530][info ] Total time for which application threads were stopped: 0.0001374 seconds, Stopping threads took: 0.0000287 seconds
[2025-10-02T08:33:55.505+0000][44334.491s][5523][5530][info ] Application time: 1.0001005 seconds
[2025-10-02T08:33:55.505+0000][44334.491s][5523][5530][info ] Entering safepoint region: Cleanup
[2025-10-02T08:33:55.505+0000][44334.491s][5523][5530][info ] Leaving safepoint region
[2025-10-02T08:33:55.505+0000][44334.491s][5523][5530][info ] Total time for which application threads were stopped: 0.0001379 seconds, Stopping threads took: 0.0000279 seconds
[2025-10-02T08:33:56.314+0000][44335.300s][5523][5529][trace] CMS: promo attempt is safe: available(765483624) >= av_promo(4228508), max_promo(99430888)
[2025-10-02T08:33:56.505+0000][44335.491s][5523][5530][info ] Application time: 1.0001123 seconds
[2025-10-02T08:33:56.505+0000][44335.492s][5523][5530][info ] Entering safepoint region: Cleanup
[2025-10-02T08:33:56.505+0000][44335.492s][5523][5530][info ] Leaving safepoint region
[2025-10-02T08:33:56.505+0000][44335.492s][5523][5530][info ] Total time for which application threads were stopped: 0.0001389 seconds, Stopping threads took: 0.0000264 seconds
[2025-10-02T08:33:57.506+0000][44336.492s][5523][5530][info ] Application time: 1.0001067 seconds
[2025-10-02T08:33:57.506+0000][44336.492s][5523][5530][info ] Entering safepoint region: Cleanup
[2025-10-02T08:33:57.506+0000][44336.492s][5523][5530][info ] Leaving safepoint region
[2025-10-02T08:33:57.506+0000][44336.492s][5523][5530][info ] Total time for which application threads were stopped: 0.0001472 seconds, Stopping threads took: 0.0000267 seconds
[2025-10-02T08:33:58.506+0000][44337.492s][5523][5530][info ] Application time: 1.0000984 seconds
[2025-10-02T08:33:58.506+0000][44337.492s][5523][5530][info ] Entering safepoint region: Cleanup
[2025-10-02T08:33:58.506+0000][44337.492s][5523][5530][info ] Leaving safepoint region
[2025-10-02T08:33:58.506+0000][44337.492s][5523][5530][info ] Total time for which application threads were stopped: 0.0001421 seconds, Stopping threads took: 0.0000246 seconds
[2025-10-02T08:33:59.506+0000][44338.492s][5523][5530][info ] Application time: 1.0000955 seconds
[2025-10-02T08:33:59.506+0000][44338.492s][5523][5530][info ] Entering safepoint region: Cleanup
[2025-10-02T08:33:59.506+0000][44338.493s][5523][5530][info ] Leaving safepoint region
[2025-10-02T08:33:59.506+0000][44338.493s][5523][5530][info ] Total time for which application threads were stopped: 0.0001360 seconds, Stopping threads took: 0.0000244 seconds
[2025-10-02T08:34:00.506+0000][44339.493s][5523][5530][info ] Application time: 1.0000960 seconds
[2025-10-02T08:34:00.507+0000][44339.493s][5523][5530][info ] Entering safepoint region: Cleanup
[2025-10-02T08:34:00.507+0000][44339.493s][5523][5530][info ] Leaving safepoint region
[2025-10-02T08:34:00.507+0000][44339.493s][5523][5530][info ] Total time for which application threads were stopped: 0.0001614 seconds, Stopping threads took: 0.0000489 seconds
[2025-10-02T08:34:01.507+0000][44340.493s][5523][5530][info ] Application time: 1.0001167 seconds
[2025-10-02T08:34:01.507+0000][44340.493s][5523][5530][info ] Entering safepoint region: Cleanup
[2025-10-02T08:34:01.507+0000][44340.493s][5523][5530][info ] Leaving safepoint region
[2025-10-02T08:34:01.507+0000][44340.493s][5523][5530][info ] Total time for which application threads were stopped: 0.0002700 seconds, Stopping threads took: 0.0000275 seconds
[2025-10-02T08:34:02.507+0000][44341.493s][5523][5530][info ] Application time: 1.0000821 seconds
[2025-10-02T08:34:02.507+0000][44341.493s][5523][5530][info ] Entering safepoint region: Cleanup
[2025-10-02T08:34:02.507+0000][44341.494s][5523][5530][info ] Leaving safepoint region
[2025-10-02T08:34:02.507+0000][44341.494s][5523][5530][info ] Total time for which application threads were stopped: 0.0001425 seconds, Stopping threads took: 0.0000237 seconds
[2025-10-02T08:34:03.508+0000][44342.494s][5523][5530][info ] Application time: 1.0001264 seconds
[2025-10-02T08:34:03.508+0000][44342.494s][5523][5530][info ] Entering safepoint region: Cleanup
[2025-10-02T08:34:03.508+0000][44342.494s][5523][5530][info ] Leaving safepoint region
[2025-10-02T08:34:03.508+0000][44342.494s][5523][5530][info ] Total time for which application threads were stopped: 0.0001344 seconds, Stopping threads took: 0.0000254 seconds
[2025-10-02T08:34:04.508+0000][44343.494s][5523][5530][info ] Application time: 1.0000994 seconds
[2025-10-02T08:34:04.508+0000][44343.494s][5523][5530][info ] Entering safepoint region: Cleanup
[2025-10-02T08:34:04.508+0000][44343.494s][5523][5530][info ] Leaving safepoint region
[2025-10-02T08:34:04.508+0000][44343.494s][5523][5530][info ] Total time for which application threads were stopped: 0.0001536 seconds, Stopping threads took: 0.0000262 seconds
[2025-10-02T08:34:05.508+0000][44344.494s][5523][5530][info ] Application time: 1.0001042 seconds
[2025-10-02T08:34:05.508+0000][44344.494s][5523][5530][info ] Entering safepoint region: Cleanup
[2025-10-02T08:34:05.508+0000][44344.495s][5523][5530][info ] Leaving safepoint region
[2025-10-02T08:34:05.508+0000][44344.495s][5523][5530][info ] Total time for which application threads were stopped: 0.0001328 seconds, Stopping threads took: 0.0000254 seconds
[2025-10-02T08:34:06.313+0000][44345.300s][5523][5529][trace] CMS: promo attempt is safe: available(765483624) >= av_promo(4228508), max_promo(99430888)
[2025-10-02T08:34:06.508+0000][44345.495s][5523][5530][info ] Application time: 1.0001170 seconds
[2025-10-02T08:34:06.509+0000][44345.495s][5523][5530][info ] Entering safepoint region: Cleanup
[2025-10-02T08:34:06.509+0000][44345.495s][5523][5530][info ] Leaving safepoint region
[2025-10-02T08:34:06.509+0000][44345.495s][5523][5530][info ] Total time for which application threads were stopped: 0.0001535 seconds, Stopping threads took: 0.0000440 seconds
[2025-10-02T08:34:07.509+0000][44346.495s][5523][5530][info ] Application time: 1.0000792 seconds
[2025-10-02T08:34:07.509+0000][44346.495s][5523][5530][info ] Entering safepoint region: Cleanup
[2025-10-02T08:34:07.509+0000][44346.495s][5523][5530][info ] Leaving safepoint region
[2025-10-02T08:34:07.509+0000][44346.495s][5523][5530][info ] Total time for which application threads were stopped: 0.0001413 seconds, Stopping threads took: 0.0000271 seconds
[2025-10-02T08:34:08.509+0000][44347.495s][5523][5530][info ] Application time: 1.0000945 seconds
[2025-10-02T08:34:08.509+0000][44347.495s][5523][5530][info ] Entering safepoint region: Cleanup
[2025-10-02T08:34:08.509+0000][44347.495s][5523][5530][info ] Leaving safepoint region
[2025-10-02T08:34:08.509+0000][44347.495s][5523][5530][info ] Total time for which application threads were stopped: 0.0001342 seconds, Stopping threads took: 0.0000258 seconds
[2025-10-02T08:34:09.509+0000][44348.496s][5523][5530][info ] Application time: 1.0000777 seconds
[2025-10-02T08:34:09.509+0000][44348.496s][5523][5530][info ] Entering safepoint region: Cleanup
[2025-10-02T08:34:09.509+0000][44348.496s][5523][5530][info ] Leaving safepoint region
[2025-10-02T08:34:09.509+0000][44348.496s][5523][5530][info ] Total time for which application threads were stopped: 0.0001365 seconds, Stopping threads took: 0.0000253 seconds
[2025-10-02T08:34:10.510+0000][44349.496s][5523][5530][info ] Application time: 1.0000925 seconds
[2025-10-02T08:34:10.510+0000][44349.496s][5523][5530][info ] Entering safepoint region: Cleanup
[2025-10-02T08:34:10.510+0000][44349.496s][5523][5530][info ] Leaving safepoint region
[2025-10-02T08:34:10.510+0000][44349.496s][5523][5530][info ] Total time for which application threads were stopped: 0.0001499 seconds, Stopping threads took: 0.0000322 seconds
[2025-10-02T08:34:11.510+0000][44350.496s][5523][5530][info ] Application time: 1.0001053 seconds
[2025-10-02T08:34:11.510+0000][44350.496s][5523][5530][info ] Entering safepoint region: Cleanup
[2025-10-02T08:34:11.510+0000][44350.496s][5523][5530][info ] Leaving safepoint region
[2025-10-02T08:34:11.510+0000][44350.496s][5523][5530][info ] Total time for which application threads were stopped: 0.0001364 seconds, Stopping threads took: 0.0000261 seconds
[2025-10-02T08:34:12.510+0000][44351.496s][5523][5530][info ] Application time: 1.0001101 seconds
[2025-10-02T08:34:12.510+0000][44351.496s][5523][5530][info ] Entering safepoint region: Cleanup
[2025-10-02T08:34:12.510+0000][44351.497s][5523][5530][info ] Leaving safepoint region
[2025-10-02T08:34:12.510+0000][44351.497s][5523][5530][info ] Total time for which application threads were stopped: 0.0001337 seconds, Stopping threads took: 0.0000245 seconds
[2025-10-02T08:34:13.510+0000][44352.497s][5523][5530][info ] Application time: 1.0001083 seconds
[2025-10-02T08:34:13.511+0000][44352.497s][5523][5530][info ] Entering safepoint region: Cleanup
[2025-10-02T08:34:13.511+0000][44352.497s][5523][5530][info ] Leaving safepoint region
[2025-10-02T08:34:13.511+0000][44352.497s][5523][5530][info ] Total time for which application threads were stopped: 0.0001484 seconds, Stopping threads took: 0.0000334 seconds
[2025-10-02T08:34:14.511+0000][44353.497s][5523][5530][info ] Application time: 1.0001514 seconds
[2025-10-02T08:34:14.511+0000][44353.497s][5523][5530][info ] Entering safepoint region: Cleanup
[2025-10-02T08:34:14.511+0000][44353.497s][5523][5530][info ] Leaving safepoint region
[2025-10-02T08:34:14.511+0000][44353.497s][5523][5530][info ] Total time for which application threads were stopped: 0.0001437 seconds, Stopping threads took: 0.0000292 seconds
[2025-10-02T08:34:15.511+0000][44354.498s][5523][5530][info ] Application time: 1.0001074 seconds
[2025-10-02T08:34:15.511+0000][44354.498s][5523][5530][info ] Entering safepoint region: Cleanup
[2025-10-02T08:34:15.512+0000][44354.498s][5523][5530][info ] Leaving safepoint region
[2025-10-02T08:34:15.512+0000][44354.498s][5523][5530][info ] Total time for which application threads were stopped: 0.0001604 seconds, Stopping threads took: 0.0000252 seconds
[2025-10-02T08:34:16.313+0000][44355.299s][5523][5529][trace] CMS: promo attempt is safe: available(765483624) >= av_promo(4228508), max_promo(99697368)
[2025-10-02T08:34:16.512+0000][44355.498s][5523][5530][info ] Application time: 1.0000788 seconds
[2025-10-02T08:34:16.512+0000][44355.498s][5523][5530][info ] Entering safepoint region: Cleanup
[2025-10-02T08:34:16.512+0000][44355.498s][5523][5530][info ] Leaving safepoint region
[2025-10-02T08:34:16.512+0000][44355.498s][5523][5530][info ] Total time for which application threads were stopped: 0.0001329 seconds, Stopping threads took: 0.0000227 seconds
[2025-10-02T08:34:17.512+0000][44356.498s][5523][5530][info ] Application time: 1.0000973 seconds
[2025-10-02T08:34:17.512+0000][44356.498s][5523][5530][info ] Entering safepoint region: Cleanup
[2025-10-02T08:34:17.512+0000][44356.498s][5523][5530][info ] Leaving safepoint region
[2025-10-02T08:34:17.512+0000][44356.498s][5523][5530][info ] Total time for which application threads were stopped: 0.0001662 seconds, Stopping threads took: 0.0000395 seconds
[2025-10-02T08:34:18.512+0000][44357.499s][5523][5530][info ] Application time: 1.0001157 seconds
[2025-10-02T08:34:18.512+0000][44357.499s][5523][5530][info ] Entering safepoint region: Cleanup
[2025-10-02T08:34:18.513+0000][44357.499s][5523][5530][info ] Leaving safepoint region
[2025-10-02T08:34:18.513+0000][44357.499s][5523][5530][info ] Total time for which application threads were stopped: 0.0001599 seconds, Stopping threads took: 0.0000280 seconds
[2025-10-02T08:34:19.513+0000][44358.499s][5523][5530][info ] Application time: 1.0000945 seconds
[2025-10-02T08:34:19.513+0000][44358.499s][5523][5530][info ] Entering safepoint region: Cleanup
[2025-10-02T08:34:19.513+0000][44358.499s][5523][5530][info ] Leaving safepoint region
[2025-10-02T08:34:19.513+0000][44358.499s][5523][5530][info ] Total time for which application threads were stopped: 0.0001364 seconds, Stopping threads took: 0.0000260 seconds
[2025-10-02T08:34:20.513+0000][44359.499s][5523][5530][info ] Application time: 1.0001045 seconds
[2025-10-02T08:34:20.513+0000][44359.499s][5523][5530][info ] Entering safepoint region: Cleanup
[2025-10-02T08:34:20.513+0000][44359.499s][5523][5530][info ] Leaving safepoint region
[2025-10-02T08:34:20.513+0000][44359.499s][5523][5530][info ] Total time for which application threads were stopped: 0.0001411 seconds, Stopping threads took: 0.0000263 seconds
[2025-10-02T08:34:21.513+0000][44360.499s][5523][5530][info ] Application time: 1.0001095 seconds
[2025-10-02T08:34:21.513+0000][44360.500s][5523][5530][info ] Entering safepoint region: Cleanup
[2025-10-02T08:34:21.513+0000][44360.500s][5523][5530][info ] Leaving safepoint region
[2025-10-02T08:34:21.513+0000][44360.500s][5523][5530][info ] Total time for which application threads were stopped: 0.0001710 seconds, Stopping threads took: 0.0000331 seconds
[2025-10-02T08:34:22.514+0000][44361.500s][5523][5530][info ] Application time: 1.0001015 seconds
[2025-10-02T08:34:22.514+0000][44361.500s][5523][5530][info ] Entering safepoint region: Cleanup
[2025-10-02T08:34:22.514+0000][44361.500s][5523][5530][info ] Leaving safepoint region
[2025-10-02T08:34:22.514+0000][44361.500s][5523][5530][info ] Total time for which application threads were stopped: 0.0001440 seconds, Stopping threads took: 0.0000260 seconds
[2025-10-02T08:34:23.514+0000][44362.500s][5523][5530][info ] Application time: 1.0001042 seconds
[2025-10-02T08:34:23.514+0000][44362.500s][5523][5530][info ] Entering safepoint region: Cleanup
[2025-10-02T08:34:23.514+0000][44362.500s][5523][5530][info ] Leaving safepoint region
[2025-10-02T08:34:23.514+0000][44362.500s][5523][5530][info ] Total time for which application threads were stopped: 0.0001550 seconds, Stopping threads took: 0.0000241 seconds
[2025-10-02T08:34:24.514+0000][44363.500s][5523][5530][info ] Application time: 1.0000899 seconds
[2025-10-02T08:34:24.514+0000][44363.500s][5523][5530][info ] Entering safepoint region: Cleanup
[2025-10-02T08:34:24.514+0000][44363.501s][5523][5530][info ] Leaving safepoint region
[2025-10-02T08:34:24.514+0000][44363.501s][5523][5530][info ] Total time for which application threads were stopped: 0.0001388 seconds, Stopping threads took: 0.0000271 seconds
[2025-10-02T08:34:25.514+0000][44364.501s][5523][5530][info ] Application time: 1.0000932 seconds
[2025-10-02T08:34:25.515+0000][44364.501s][5523][5530][info ] Entering safepoint region: Cleanup
[2025-10-02T08:34:25.515+0000][44364.501s][5523][5530][info ] Leaving safepoint region
[2025-10-02T08:34:25.515+0000][44364.501s][5523][5530][info ] Total time for which application threads were stopped: 0.0001366 seconds, Stopping threads took: 0.0000257 seconds
[2025-10-02T08:34:26.312+0000][44365.298s][5523][5529][trace] CMS: promo attempt is safe: available(765483624) >= av_promo(4228508), max_promo(99702448)
[2025-10-02T08:34:26.515+0000][44365.501s][5523][5530][info ] Application time: 1.0000966 seconds
[2025-10-02T08:34:26.515+0000][44365.501s][5523][5530][info ] Entering safepoint region: Cleanup
[2025-10-02T08:34:26.515+0000][44365.501s][5523][5530][info ] Leaving safepoint region
[2025-10-02T08:34:26.515+0000][44365.501s][5523][5530][info ] Total time for which application threads were stopped: 0.0003592 seconds, Stopping threads took: 0.0000269 seconds
[2025-10-02T08:34:27.515+0000][44366.502s][5523][5530][info ] Application time: 1.0001035 seconds
[2025-10-02T08:34:27.515+0000][44366.502s][5523][5530][info ] Entering safepoint region: Cleanup
[2025-10-02T08:34:27.515+0000][44366.502s][5523][5530][info ] Leaving safepoint region
[2025-10-02T08:34:27.515+0000][44366.502s][5523][5530][info ] Total time for which application threads were stopped: 0.0001474 seconds, Stopping threads took: 0.0000282 seconds
[2025-10-02T08:34:28.516+0000][44367.502s][5523][5530][info ] Application time: 1.0001024 seconds
[2025-10-02T08:34:28.516+0000][44367.502s][5523][5530][info ] Entering safepoint region: Cleanup
[2025-10-02T08:34:28.516+0000][44367.502s][5523][5530][info ] Leaving safepoint region
[2025-10-02T08:34:28.516+0000][44367.502s][5523][5530][info ] Total time for which application threads were stopped: 0.0001442 seconds, Stopping threads took: 0.0000331 seconds
[2025-10-02T08:34:29.516+0000][44368.502s][5523][5530][info ] Application time: 1.0000765 seconds
[2025-10-02T08:34:29.516+0000][44368.502s][5523][5530][info ] Entering safepoint region: Cleanup
[2025-10-02T08:34:29.516+0000][44368.502s][5523][5530][info ] Leaving safepoint region
[2025-10-02T08:34:29.516+0000][44368.502s][5523][5530][info ] Total time for which application threads were stopped: 0.0001490 seconds, Stopping threads took: 0.0000286 seconds
[2025-10-02T08:34:30.516+0000][44369.502s][5523][5530][info ] Application time: 1.0000837 seconds
[2025-10-02T08:34:30.516+0000][44369.502s][5523][5530][info ] Entering safepoint region: Cleanup
[2025-10-02T08:34:30.516+0000][44369.503s][5523][5530][info ] Leaving safepoint region
[2025-10-02T08:34:30.516+0000][44369.503s][5523][5530][info ] Total time for which application threads were stopped: 0.0001390 seconds, Stopping threads took: 0.0000249 seconds
[2025-10-02T08:34:31.517+0000][44370.503s][5523][5530][info ] Application time: 1.0001080 seconds
[2025-10-02T08:34:31.517+0000][44370.503s][5523][5530][info ] Entering safepoint region: Cleanup
[2025-10-02T08:34:31.517+0000][44370.503s][5523][5530][info ] Leaving safepoint region
[2025-10-02T08:34:31.517+0000][44370.503s][5523][5530][info ] Total time for which application threads were stopped: 0.0001426 seconds, Stopping threads took: 0.0000269 seconds
[2025-10-02T08:34:32.517+0000][44371.503s][5523][5530][info ] Application time: 1.0001005 seconds
[2025-10-02T08:34:32.517+0000][44371.503s][5523][5530][info ] Entering safepoint region: Cleanup
[2025-10-02T08:34:32.517+0000][44371.503s][5523][5530][info ] Leaving safepoint region
[2025-10-02T08:34:32.517+0000][44371.503s][5523][5530][info ] Total time for which application threads were stopped: 0.0001543 seconds, Stopping threads took: 0.0000258 seconds
[2025-10-02T08:34:33.517+0000][44372.503s][5523][5530][info ] Application time: 1.0001254 seconds
[2025-10-02T08:34:33.517+0000][44372.503s][5523][5530][info ] Entering safepoint region: Cleanup
[2025-10-02T08:34:33.517+0000][44372.504s][5523][5530][info ] Leaving safepoint region
[2025-10-02T08:34:33.517+0000][44372.504s][5523][5530][info ] Total time for which application threads were stopped: 0.0001383 seconds, Stopping threads took: 0.0000267 seconds
[2025-10-02T08:34:34.517+0000][44373.504s][5523][5530][info ] Application time: 1.0001031 seconds
[2025-10-02T08:34:34.518+0000][44373.504s][5523][5530][info ] Entering safepoint region: Cleanup
[2025-10-02T08:34:34.518+0000][44373.504s][5523][5530][info ] Leaving safepoint region
[2025-10-02T08:34:34.518+0000][44373.504s][5523][5530][info ] Total time for which application threads were stopped: 0.0001709 seconds, Stopping threads took: 0.0000447 seconds
[2025-10-02T08:34:35.518+0000][44374.504s][5523][5530][info ] Application time: 1.0000645 seconds
[2025-10-02T08:34:35.518+0000][44374.504s][5523][5530][info ] Entering safepoint region: Cleanup
[2025-10-02T08:34:35.518+0000][44374.504s][5523][5530][info ] Leaving safepoint region
[2025-10-02T08:34:35.518+0000][44374.504s][5523][5530][info ] Total time for which application threads were stopped: 0.0001342 seconds, Stopping threads took: 0.0000254 seconds
[2025-10-02T08:34:36.312+0000][44375.298s][5523][5529][trace] CMS: promo attempt is safe: available(765483624) >= av_promo(4228508), max_promo(101765344)
[2025-10-02T08:34:36.518+0000][44375.504s][5523][5530][info ] Application time: 1.0000918 seconds
[2025-10-02T08:34:36.518+0000][44375.504s][5523][5530][info ] Entering safepoint region: Cleanup
[2025-10-02T08:34:36.518+0000][44375.504s][5523][5530][info ] Leaving safepoint region
[2025-10-02T08:34:36.518+0000][44375.504s][5523][5530][info ] Total time for which application threads were stopped: 0.0001404 seconds, Stopping threads took: 0.0000255 seconds
[2025-10-02T08:34:37.518+0000][44376.505s][5523][5530][info ] Application time: 1.0000872 seconds
[2025-10-02T08:34:37.518+0000][44376.505s][5523][5530][info ] Entering safepoint region: Cleanup
[2025-10-02T08:34:37.518+0000][44376.505s][5523][5530][info ] Leaving safepoint region
[2025-10-02T08:34:37.518+0000][44376.505s][5523][5530][info ] Total time for which application threads were stopped: 0.0001402 seconds, Stopping threads took: 0.0000252 seconds
[2025-10-02T08:34:38.519+0000][44377.505s][5523][5530][info ] Application time: 1.0001011 seconds
[2025-10-02T08:34:38.519+0000][44377.505s][5523][5530][info ] Entering safepoint region: Cleanup
[2025-10-02T08:34:38.519+0000][44377.505s][5523][5530][info ] Leaving safepoint region
[2025-10-02T08:34:38.519+0000][44377.505s][5523][5530][info ] Total time for which application threads were stopped: 0.0001994 seconds, Stopping threads took: 0.0000752 seconds
[2025-10-02T08:34:39.519+0000][44378.505s][5523][5530][info ] Application time: 1.0001011 seconds
[2025-10-02T08:34:39.519+0000][44378.505s][5523][5530][info ] Entering safepoint region: Cleanup
[2025-10-02T08:34:39.519+0000][44378.505s][5523][5530][info ] Leaving safepoint region
[2025-10-02T08:34:39.519+0000][44378.505s][5523][5530][info ] Total time for which application threads were stopped: 0.0001668 seconds, Stopping threads took: 0.0000358 seconds
[2025-10-02T08:34:40.519+0000][44379.506s][5523][5530][info ] Application time: 1.0001049 seconds
[2025-10-02T08:34:40.519+0000][44379.506s][5523][5530][info ] Entering safepoint region: Cleanup
[2025-10-02T08:34:40.520+0000][44379.506s][5523][5530][info ] Leaving safepoint region
[2025-10-02T08:34:40.520+0000][44379.506s][5523][5530][info ] Total time for which application threads were stopped: 0.0001558 seconds, Stopping threads took: 0.0000261 seconds
[2025-10-02T08:34:41.520+0000][44380.506s][5523][5530][info ] Application time: 1.0000980 seconds
[2025-10-02T08:34:41.520+0000][44380.506s][5523][5530][info ] Entering safepoint region: Cleanup
[2025-10-02T08:34:41.520+0000][44380.506s][5523][5530][info ] Leaving safepoint region
[2025-10-02T08:34:41.520+0000][44380.506s][5523][5530][info ] Total time for which application threads were stopped: 0.0001388 seconds, Stopping threads took: 0.0000261 seconds
[2025-10-02T08:34:42.520+0000][44381.506s][5523][5530][info ] Application time: 1.0001074 seconds
[2025-10-02T08:34:42.520+0000][44381.506s][5523][5530][info ] Entering safepoint region: Cleanup
[2025-10-02T08:34:42.520+0000][44381.506s][5523][5530][info ] Leaving safepoint region
[2025-10-02T08:34:42.520+0000][44381.506s][5523][5530][info ] Total time for which application threads were stopped: 0.0001344 seconds, Stopping threads took: 0.0000250 seconds
[2025-10-02T08:34:43.520+0000][44382.506s][5523][5530][info ] Application time: 1.0001042 seconds
[2025-10-02T08:34:43.520+0000][44382.507s][5523][5530][info ] Entering safepoint region: Cleanup
[2025-10-02T08:34:43.520+0000][44382.507s][5523][5530][info ] Leaving safepoint region
[2025-10-02T08:34:43.520+0000][44382.507s][5523][5530][info ] Total time for which application threads were stopped: 0.0001396 seconds, Stopping threads took: 0.0000312 seconds
[2025-10-02T08:34:44.521+0000][44383.507s][5523][5530][info ] Application time: 1.0000988 seconds
[2025-10-02T08:34:44.521+0000][44383.507s][5523][5530][info ] Entering safepoint region: Cleanup
[2025-10-02T08:34:44.521+0000][44383.507s][5523][5530][info ] Leaving safepoint region
[2025-10-02T08:34:44.521+0000][44383.507s][5523][5530][info ] Total time for which application threads were stopped: 0.0001384 seconds, Stopping threads took: 0.0000278 seconds
[2025-10-02T08:34:45.521+0000][44384.507s][5523][5530][info ] Application time: 1.0001003 seconds
[2025-10-02T08:34:45.521+0000][44384.507s][5523][5530][info ] Entering safepoint region: Cleanup
[2025-10-02T08:34:45.521+0000][44384.507s][5523][5530][info ] Leaving safepoint region
[2025-10-02T08:34:45.521+0000][44384.507s][5523][5530][info ] Total time for which application threads were stopped: 0.0001443 seconds, Stopping threads took: 0.0000240 seconds
[2025-10-02T08:34:46.312+0000][44385.298s][5523][5529][trace] CMS: promo attempt is safe: available(765483624) >= av_promo(4228508), max_promo(101809840)
[2025-10-02T08:34:46.521+0000][44385.507s][5523][5530][info ] Application time: 1.0001048 seconds
[2025-10-02T08:34:46.521+0000][44385.507s][5523][5530][info ] Entering safepoint region: Cleanup
[2025-10-02T08:34:46.521+0000][44385.508s][5523][5530][info ] Leaving safepoint region
[2025-10-02T08:34:46.521+0000][44385.508s][5523][5530][info ] Total time for which application threads were stopped: 0.0001536 seconds, Stopping threads took: 0.0000245 seconds
[2025-10-02T08:34:47.521+0000][44386.508s][5523][5530][info ] Application time: 1.0001029 seconds
[2025-10-02T08:34:47.522+0000][44386.508s][5523][5530][info ] Entering safepoint region: Cleanup
[2025-10-02T08:34:47.522+0000][44386.508s][5523][5530][info ] Leaving safepoint region
[2025-10-02T08:34:47.522+0000][44386.508s][5523][5530][info ] Total time for which application threads were stopped: 0.0001863 seconds, Stopping threads took: 0.0000720 seconds
[2025-10-02T08:34:48.522+0000][44387.508s][5523][5530][info ] Application time: 1.0001162 seconds
[2025-10-02T08:34:48.522+0000][44387.508s][5523][5530][info ] Entering safepoint region: Cleanup
[2025-10-02T08:34:48.522+0000][44387.508s][5523][5530][info ] Leaving safepoint region
[2025-10-02T08:34:48.522+0000][44387.508s][5523][5530][info ] Total time for which application threads were stopped: 0.0001451 seconds, Stopping threads took: 0.0000284 seconds
[2025-10-02T08:34:49.522+0000][44388.508s][5523][5530][info ] Application time: 1.0000965 seconds
[2025-10-02T08:34:49.522+0000][44388.508s][5523][5530][info ] Entering safepoint region: Cleanup
[2025-10-02T08:34:49.522+0000][44388.509s][5523][5530][info ] Leaving safepoint region
[2025-10-02T08:34:49.522+0000][44388.509s][5523][5530][info ] Total time for which application threads were stopped: 0.0001399 seconds, Stopping threads took: 0.0000264 seconds
[2025-10-02T08:34:50.522+0000][44389.509s][5523][5530][info ] Application time: 1.0000872 seconds
[2025-10-02T08:34:50.522+0000][44389.509s][5523][5530][info ] Entering safepoint region: Cleanup
[2025-10-02T08:34:50.523+0000][44389.509s][5523][5530][info ] Leaving safepoint region
[2025-10-02T08:34:50.523+0000][44389.509s][5523][5530][info ] Total time for which application threads were stopped: 0.0001544 seconds, Stopping threads took: 0.0000236 seconds
[2025-10-02T08:34:51.523+0000][44390.509s][5523][5530][info ] Application time: 1.0000746 seconds
[2025-10-02T08:34:51.523+0000][44390.509s][5523][5530][info ] Entering safepoint region: Cleanup
[2025-10-02T08:34:51.523+0000][44390.509s][5523][5530][info ] Leaving safepoint region
[2025-10-02T08:34:51.523+0000][44390.509s][5523][5530][info ] Total time for which application threads were stopped: 0.0001358 seconds, Stopping threads took: 0.0000261 seconds
[2025-10-02T08:34:52.523+0000][44391.509s][5523][5530][info ] Application time: 1.0000943 seconds
[2025-10-02T08:34:52.523+0000][44391.509s][5523][5530][info ] Entering safepoint region: Cleanup
[2025-10-02T08:34:52.523+0000][44391.509s][5523][5530][info ] Leaving safepoint region
[2025-10-02T08:34:52.523+0000][44391.509s][5523][5530][info ] Total time for which application threads were stopped: 0.0001513 seconds, Stopping threads took: 0.0000361 seconds
[2025-10-02T08:34:53.523+0000][44392.510s][5523][5530][info ] Application time: 1.0000837 seconds
[2025-10-02T08:34:53.523+0000][44392.510s][5523][5530][info ] Entering safepoint region: Cleanup
[2025-10-02T08:34:53.523+0000][44392.510s][5523][5530][info ] Leaving safepoint region
[2025-10-02T08:34:53.523+0000][44392.510s][5523][5530][info ] Total time for which application threads were stopped: 0.0001401 seconds, Stopping threads took: 0.0000247 seconds
[2025-10-02T08:34:54.524+0000][44393.510s][5523][5530][info ] Application time: 1.0000926 seconds
[2025-10-02T08:34:54.524+0000][44393.510s][5523][5530][info ] Entering safepoint region: Cleanup
[2025-10-02T08:34:54.524+0000][44393.510s][5523][5530][info ] Leaving safepoint region
[2025-10-02T08:34:54.524+0000][44393.510s][5523][5530][info ] Total time for which application threads were stopped: 0.0001440 seconds, Stopping threads took: 0.0000319 seconds
[2025-10-02T08:34:55.524+0000][44394.510s][5523][5530][info ] Application time: 1.0001060 seconds
[2025-10-02T08:34:55.524+0000][44394.510s][5523][5530][info ] Entering safepoint region: Cleanup
[2025-10-02T08:34:55.524+0000][44394.510s][5523][5530][info ] Leaving safepoint region
[2025-10-02T08:34:55.524+0000][44394.510s][5523][5530][info ] Total time for which application threads were stopped: 0.0001357 seconds, Stopping threads took: 0.0000266 seconds
[2025-10-02T08:34:56.312+0000][44395.298s][5523][5529][trace] CMS: promo attempt is safe: available(765483624) >= av_promo(4228508), max_promo(101943944)
[2025-10-02T08:34:56.524+0000][44395.510s][5523][5530][info ] Application time: 1.0000843 seconds
[2025-10-02T08:34:56.524+0000][44395.510s][5523][5530][info ] Entering safepoint region: Cleanup
[2025-10-02T08:34:56.524+0000][44395.511s][5523][5530][info ] Leaving safepoint region
[2025-10-02T08:34:56.524+0000][44395.511s][5523][5530][info ] Total time for which application threads were stopped: 0.0001384 seconds, Stopping threads took: 0.0000282 seconds
[2025-10-02T08:34:57.524+0000][44396.511s][5523][5530][info ] Application time: 1.0000920 seconds
[2025-10-02T08:34:57.525+0000][44396.511s][5523][5530][info ] Entering safepoint region: Cleanup
[2025-10-02T08:34:57.525+0000][44396.511s][5523][5530][info ] Leaving safepoint region
[2025-10-02T08:34:57.525+0000][44396.511s][5523][5530][info ] Total time for which application threads were stopped: 0.0001524 seconds, Stopping threads took: 0.0000442 seconds
[2025-10-02T08:34:58.525+0000][44397.511s][5523][5530][info ] Application time: 1.0000783 seconds
[2025-10-02T08:34:58.525+0000][44397.511s][5523][5530][info ] Entering safepoint region: Cleanup
[2025-10-02T08:34:58.525+0000][44397.511s][5523][5530][info ] Leaving safepoint region
[2025-10-02T08:34:58.525+0000][44397.511s][5523][5530][info ] Total time for which application threads were stopped: 0.0001327 seconds, Stopping threads took: 0.0000255 seconds
[2025-10-02T08:34:59.525+0000][44398.511s][5523][5530][info ] Application time: 1.0000831 seconds
[2025-10-02T08:34:59.525+0000][44398.511s][5523][5530][info ] Entering safepoint region: Cleanup
[2025-10-02T08:34:59.525+0000][44398.511s][5523][5530][info ] Leaving safepoint region
[2025-10-02T08:34:59.525+0000][44398.511s][5523][5530][info ] Total time for which application threads were stopped: 0.0001309 seconds, Stopping threads took: 0.0000247 seconds
[2025-10-02T08:35:00.525+0000][44399.512s][5523][5530][info ] Application time: 1.0000860 seconds
[2025-10-02T08:35:00.525+0000][44399.512s][5523][5530][info ] Entering safepoint region: Cleanup
[2025-10-02T08:35:00.525+0000][44399.512s][5523][5530][info ] Leaving safepoint region
[2025-10-02T08:35:00.525+0000][44399.512s][5523][5530][info ] Total time for which application threads were stopped: 0.0001389 seconds, Stopping threads took: 0.0000260 seconds
[2025-10-02T08:35:01.526+0000][44400.512s][5523][5530][info ] Application time: 1.0002643 seconds
[2025-10-02T08:35:01.526+0000][44400.512s][5523][5530][info ] Entering safepoint region: Cleanup
[2025-10-02T08:35:01.526+0000][44400.512s][5523][5530][info ] Leaving safepoint region
[2025-10-02T08:35:01.526+0000][44400.512s][5523][5530][info ] Total time for which application threads were stopped: 0.0001402 seconds, Stopping threads took: 0.0000270 seconds
[2025-10-02T08:35:02.526+0000][44401.512s][5523][5530][info ] Application time: 1.0001078 seconds
[2025-10-02T08:35:02.526+0000][44401.512s][5523][5530][info ] Entering safepoint region: Cleanup
[2025-10-02T08:35:02.526+0000][44401.512s][5523][5530][info ] Leaving safepoint region
[2025-10-02T08:35:02.526+0000][44401.512s][5523][5530][info ] Total time for which application threads were stopped: 0.0001478 seconds, Stopping threads took: 0.0000282 seconds
[2025-10-02T08:35:03.526+0000][44402.513s][5523][5530][info ] Application time: 1.0000801 seconds
[2025-10-02T08:35:03.526+0000][44402.513s][5523][5530][info ] Entering safepoint region: Cleanup
[2025-10-02T08:35:03.527+0000][44402.513s][5523][5530][info ] Leaving safepoint region
[2025-10-02T08:35:03.527+0000][44402.513s][5523][5530][info ] Total time for which application threads were stopped: 0.0001571 seconds, Stopping threads took: 0.0000284 seconds
[2025-10-02T08:35:04.527+0000][44403.513s][5523][5530][info ] Application time: 1.0001000 seconds
[2025-10-02T08:35:04.527+0000][44403.513s][5523][5530][info ] Entering safepoint region: Cleanup
[2025-10-02T08:35:04.527+0000][44403.513s][5523][5530][info ] Leaving safepoint region
[2025-10-02T08:35:04.527+0000][44403.513s][5523][5530][info ] Total time for which application threads were stopped: 0.0001358 seconds, Stopping threads took: 0.0000266 seconds
[2025-10-02T08:35:05.527+0000][44404.513s][5523][5530][info ] Application time: 1.0001072 seconds
[2025-10-02T08:35:05.527+0000][44404.513s][5523][5530][info ] Entering safepoint region: Cleanup
[2025-10-02T08:35:05.527+0000][44404.513s][5523][5530][info ] Leaving safepoint region
[2025-10-02T08:35:05.527+0000][44404.513s][5523][5530][info ] Total time for which application threads were stopped: 0.0001473 seconds, Stopping threads took: 0.0000369 seconds
[2025-10-02T08:35:06.312+0000][44405.299s][5523][5529][trace] CMS: promo attempt is safe: available(765483624) >= av_promo(4228508), max_promo(101946600)
[2025-10-02T08:35:06.527+0000][44405.514s][5523][5530][info ] Application time: 1.0000992 seconds
[2025-10-02T08:35:06.527+0000][44405.514s][5523][5530][info ] Entering safepoint region: Cleanup
[2025-10-02T08:35:06.527+0000][44405.514s][5523][5530][info ] Leaving safepoint region
[2025-10-02T08:35:06.527+0000][44405.514s][5523][5530][info ] Total time for which application threads were stopped: 0.0001386 seconds, Stopping threads took: 0.0000249 seconds
[2025-10-02T08:35:07.528+0000][44406.514s][5523][5530][info ] Application time: 1.0000957 seconds
[2025-10-02T08:35:07.528+0000][44406.514s][5523][5530][info ] Entering safepoint region: Cleanup
[2025-10-02T08:35:07.528+0000][44406.514s][5523][5530][info ] Leaving safepoint region
[2025-10-02T08:35:07.528+0000][44406.514s][5523][5530][info ] Total time for which application threads were stopped: 0.0001430 seconds, Stopping threads took: 0.0000302 seconds
[2025-10-02T08:35:08.528+0000][44407.514s][5523][5530][info ] Application time: 1.0000941 seconds
[2025-10-02T08:35:08.528+0000][44407.514s][5523][5530][info ] Entering safepoint region: Cleanup
[2025-10-02T08:35:08.528+0000][44407.514s][5523][5530][info ] Leaving safepoint region
[2025-10-02T08:35:08.529+0000][44407.515s][5523][5530][info ] Total time for which application threads were stopped: 0.0012004 seconds, Stopping threads took: 0.0000263 seconds
[2025-10-02T08:35:09.529+0000][44408.516s][5523][5530][info ] Application time: 1.0000918 seconds
[2025-10-02T08:35:09.529+0000][44408.516s][5523][5530][info ] Entering safepoint region: Cleanup
[2025-10-02T08:35:09.529+0000][44408.516s][5523][5530][info ] Leaving safepoint region
[2025-10-02T08:35:09.529+0000][44408.516s][5523][5530][info ] Total time for which application threads were stopped: 0.0001490 seconds, Stopping threads took: 0.0000276 seconds
[2025-10-02T08:35:10.530+0000][44409.516s][5523][5530][info ] Application time: 1.0001111 seconds
[2025-10-02T08:35:10.530+0000][44409.516s][5523][5530][info ] Entering safepoint region: Cleanup
[2025-10-02T08:35:10.530+0000][44409.516s][5523][5530][info ] Leaving safepoint region
[2025-10-02T08:35:10.530+0000][44409.516s][5523][5530][info ] Total time for which application threads were stopped: 0.0001402 seconds, Stopping threads took: 0.0000288 seconds
[2025-10-02T08:35:11.530+0000][44410.516s][5523][5530][info ] Application time: 1.0001009 seconds
[2025-10-02T08:35:11.530+0000][44410.516s][5523][5530][info ] Entering safepoint region: Cleanup
[2025-10-02T08:35:11.530+0000][44410.516s][5523][5530][info ] Leaving safepoint region
[2025-10-02T08:35:11.530+0000][44410.516s][5523][5530][info ] Total time for which application threads were stopped: 0.0001411 seconds, Stopping threads took: 0.0000250 seconds
[2025-10-02T08:35:12.530+0000][44411.516s][5523][5530][info ] Application time: 1.0001185 seconds
[2025-10-02T08:35:12.530+0000][44411.517s][5523][5530][info ] Entering safepoint region: Cleanup
[2025-10-02T08:35:12.530+0000][44411.517s][5523][5530][info ] Leaving safepoint region
[2025-10-02T08:35:12.530+0000][44411.517s][5523][5530][info ] Total time for which application threads were stopped: 0.0001465 seconds, Stopping threads took: 0.0000276 seconds
[2025-10-02T08:35:13.531+0000][44412.517s][5523][5530][info ] Application time: 1.0001032 seconds
[2025-10-02T08:35:13.531+0000][44412.517s][5523][5530][info ] Entering safepoint region: Cleanup
[2025-10-02T08:35:13.531+0000][44412.517s][5523][5530][info ] Leaving safepoint region
[2025-10-02T08:35:13.531+0000][44412.517s][5523][5530][info ] Total time for which application threads were stopped: 0.0001557 seconds, Stopping threads took: 0.0000272 seconds
[2025-10-02T08:35:14.531+0000][44413.517s][5523][5530][info ] Application time: 1.0001087 seconds
[2025-10-02T08:35:14.531+0000][44413.517s][5523][5530][info ] Entering safepoint region: Cleanup
[2025-10-02T08:35:14.531+0000][44413.517s][5523][5530][info ] Leaving safepoint region
[2025-10-02T08:35:14.531+0000][44413.517s][5523][5530][info ] Total time for which application threads were stopped: 0.0002375 seconds, Stopping threads took: 0.0000259 seconds
[2025-10-02T08:35:15.531+0000][44414.517s][5523][5530][info ] Application time: 1.0000894 seconds
[2025-10-02T08:35:15.531+0000][44414.518s][5523][5530][info ] Entering safepoint region: Cleanup
[2025-10-02T08:35:15.531+0000][44414.518s][5523][5530][info ] Leaving safepoint region
[2025-10-02T08:35:15.531+0000][44414.518s][5523][5530][info ] Total time for which application threads were stopped: 0.0001369 seconds, Stopping threads took: 0.0000258 seconds
[2025-10-02T08:35:16.312+0000][44415.298s][5523][5529][trace] CMS: promo attempt is safe: available(765483624) >= av_promo(4228508), max_promo(102405672)
[2025-10-02T08:35:16.532+0000][44415.518s][5523][5530][info ] Application time: 1.0000976 seconds
[2025-10-02T08:35:16.532+0000][44415.518s][5523][5530][info ] Entering safepoint region: Cleanup
[2025-10-02T08:35:16.532+0000][44415.518s][5523][5530][info ] Leaving safepoint region
[2025-10-02T08:35:16.532+0000][44415.518s][5523][5530][info ] Total time for which application threads were stopped: 0.0001366 seconds, Stopping threads took: 0.0000266 seconds
[2025-10-02T08:35:17.532+0000][44416.518s][5523][5530][info ] Application time: 1.0001040 seconds
[2025-10-02T08:35:17.532+0000][44416.518s][5523][5530][info ] Entering safepoint region: Cleanup
[2025-10-02T08:35:17.532+0000][44416.518s][5523][5530][info ] Leaving safepoint region
[2025-10-02T08:35:17.532+0000][44416.518s][5523][5530][info ] Total time for which application threads were stopped: 0.0001447 seconds, Stopping threads took: 0.0000270 seconds
[2025-10-02T08:35:18.532+0000][44417.518s][5523][5530][info ] Application time: 1.0000794 seconds
[2025-10-02T08:35:18.532+0000][44417.518s][5523][5530][info ] Entering safepoint region: Cleanup
[2025-10-02T08:35:18.532+0000][44417.519s][5523][5530][info ] Leaving safepoint region
[2025-10-02T08:35:18.532+0000][44417.519s][5523][5530][info ] Total time for which application threads were stopped: 0.0001514 seconds, Stopping threads took: 0.0000272 seconds
[2025-10-02T08:35:19.532+0000][44418.519s][5523][5530][info ] Application time: 1.0001025 seconds
[2025-10-02T08:35:19.532+0000][44418.519s][5523][5530][info ] Entering safepoint region: Cleanup
[2025-10-02T08:35:19.533+0000][44418.519s][5523][5530][info ] Leaving safepoint region
[2025-10-02T08:35:19.533+0000][44418.519s][5523][5530][info ] Total time for which application threads were stopped: 0.0001674 seconds, Stopping threads took: 0.0000539 seconds
[2025-10-02T08:35:20.533+0000][44419.519s][5523][5530][info ] Application time: 1.0000718 seconds
[2025-10-02T08:35:20.533+0000][44419.519s][5523][5530][info ] Entering safepoint region: Cleanup
[2025-10-02T08:35:20.533+0000][44419.519s][5523][5530][info ] Leaving safepoint region
[2025-10-02T08:35:20.533+0000][44419.519s][5523][5530][info ] Total time for which application threads were stopped: 0.0001373 seconds, Stopping threads took: 0.0000254 seconds
[2025-10-02T08:35:21.533+0000][44420.519s][5523][5530][info ] Application time: 1.0001040 seconds
[2025-10-02T08:35:21.533+0000][44420.519s][5523][5530][info ] Entering safepoint region: Cleanup
[2025-10-02T08:35:21.533+0000][44420.519s][5523][5530][info ] Leaving safepoint region
[2025-10-02T08:35:21.533+0000][44420.519s][5523][5530][info ] Total time for which application threads were stopped: 0.0001359 seconds, Stopping threads took: 0.0000244 seconds
[2025-10-02T08:35:22.533+0000][44421.520s][5523][5530][info ] Application time: 1.0001427 seconds
[2025-10-02T08:35:22.533+0000][44421.520s][5523][5530][info ] Entering safepoint region: Cleanup
[2025-10-02T08:35:22.534+0000][44421.520s][5523][5530][info ] Leaving safepoint region
[2025-10-02T08:35:22.534+0000][44421.520s][5523][5530][info ] Total time for which application threads were stopped: 0.0001552 seconds, Stopping threads took: 0.0000310 seconds
[2025-10-02T08:35:23.534+0000][44422.520s][5523][5530][info ] Application time: 1.0000966 seconds
[2025-10-02T08:35:23.534+0000][44422.520s][5523][5530][info ] Entering safepoint region: Cleanup
[2025-10-02T08:35:23.534+0000][44422.520s][5523][5530][info ] Leaving safepoint region
[2025-10-02T08:35:23.534+0000][44422.520s][5523][5530][info ] Total time for which application threads were stopped: 0.0001424 seconds, Stopping threads took: 0.0000232 seconds
[2025-10-02T08:35:24.534+0000][44423.520s][5523][5530][info ] Application time: 1.0000984 seconds
[2025-10-02T08:35:24.534+0000][44423.520s][5523][5530][info ] Entering safepoint region: Cleanup
[2025-10-02T08:35:24.534+0000][44423.520s][5523][5530][info ] Leaving safepoint region
[2025-10-02T08:35:24.534+0000][44423.520s][5523][5530][info ] Total time for which application threads were stopped: 0.0001386 seconds, Stopping threads took: 0.0000253 seconds
[2025-10-02T08:35:25.534+0000][44424.520s][5523][5530][info ] Application time: 1.0000899 seconds
[2025-10-02T08:35:25.534+0000][44424.521s][5523][5530][info ] Entering safepoint region: Cleanup
[2025-10-02T08:35:25.534+0000][44424.521s][5523][5530][info ] Leaving safepoint region
[2025-10-02T08:35:25.534+0000][44424.521s][5523][5530][info ] Total time for which application threads were stopped: 0.0001376 seconds, Stopping threads took: 0.0000288 seconds
[2025-10-02T08:35:26.312+0000][44425.298s][5523][5529][trace] CMS: promo attempt is safe: available(765483624) >= av_promo(4228508), max_promo(103264656)
[2025-10-02T08:35:26.535+0000][44425.521s][5523][5530][info ] Application time: 1.0000803 seconds
[2025-10-02T08:35:26.535+0000][44425.521s][5523][5530][info ] Entering safepoint region: Cleanup
[2025-10-02T08:35:26.535+0000][44425.521s][5523][5530][info ] Leaving safepoint region
[2025-10-02T08:35:26.535+0000][44425.521s][5523][5530][info ] Total time for which application threads were stopped: 0.0001521 seconds, Stopping threads took: 0.0000281 seconds
[2025-10-02T08:35:27.535+0000][44426.521s][5523][5530][info ] Application time: 1.0000857 seconds
[2025-10-02T08:35:27.535+0000][44426.521s][5523][5530][info ] Entering safepoint region: Cleanup
[2025-10-02T08:35:27.535+0000][44426.521s][5523][5530][info ] Leaving safepoint region
[2025-10-02T08:35:27.535+0000][44426.521s][5523][5530][info ] Total time for which application threads were stopped: 0.0002071 seconds, Stopping threads took: 0.0000263 seconds
[2025-10-02T08:35:28.535+0000][44427.521s][5523][5530][info ] Application time: 1.0001124 seconds
[2025-10-02T08:35:28.535+0000][44427.522s][5523][5530][info ] Entering safepoint region: Cleanup
[2025-10-02T08:35:28.535+0000][44427.522s][5523][5530][info ] Leaving safepoint region
[2025-10-02T08:35:28.535+0000][44427.522s][5523][5530][info ] Total time for which application threads were stopped: 0.0001617 seconds, Stopping threads took: 0.0000373 seconds
[2025-10-02T08:35:29.536+0000][44428.522s][5523][5530][info ] Application time: 1.0000832 seconds
[2025-10-02T08:35:29.536+0000][44428.522s][5523][5530][info ] Entering safepoint region: Cleanup
[2025-10-02T08:35:29.536+0000][44428.522s][5523][5530][info ] Leaving safepoint region
[2025-10-02T08:35:29.536+0000][44428.522s][5523][5530][info ] Total time for which application threads were stopped: 0.0001510 seconds, Stopping threads took: 0.0000261 seconds
[2025-10-02T08:35:30.536+0000][44429.522s][5523][5530][info ] Application time: 1.0001113 seconds
[2025-10-02T08:35:30.536+0000][44429.522s][5523][5530][info ] Entering safepoint region: Cleanup
[2025-10-02T08:35:30.536+0000][44429.522s][5523][5530][info ] Leaving safepoint region
[2025-10-02T08:35:30.536+0000][44429.522s][5523][5530][info ] Total time for which application threads were stopped: 0.0001485 seconds, Stopping threads took: 0.0000262 seconds
[2025-10-02T08:35:31.536+0000][44430.522s][5523][5530][info ] Application time: 1.0001065 seconds
[2025-10-02T08:35:31.536+0000][44430.522s][5523][5530][info ] Entering safepoint region: Cleanup
[2025-10-02T08:35:31.536+0000][44430.523s][5523][5530][info ] Leaving safepoint region
[2025-10-02T08:35:31.536+0000][44430.523s][5523][5530][info ] Total time for which application threads were stopped: 0.0001422 seconds, Stopping threads took: 0.0000287 seconds
[2025-10-02T08:35:32.536+0000][44431.523s][5523][5530][info ] Application time: 1.0001076 seconds
[2025-10-02T08:35:32.537+0000][44431.523s][5523][5530][info ] Entering safepoint region: Cleanup
[2025-10-02T08:35:32.537+0000][44431.523s][5523][5530][info ] Leaving safepoint region
[2025-10-02T08:35:32.537+0000][44431.523s][5523][5530][info ] Total time for which application threads were stopped: 0.0001362 seconds, Stopping threads took: 0.0000251 seconds
[2025-10-02T08:35:33.537+0000][44432.523s][5523][5530][info ] Application time: 1.0001074 seconds
[2025-10-02T08:35:33.537+0000][44432.523s][5523][5530][info ] Entering safepoint region: Cleanup
[2025-10-02T08:35:33.537+0000][44432.523s][5523][5530][info ] Leaving safepoint region
[2025-10-02T08:35:33.537+0000][44432.523s][5523][5530][info ] Total time for which application threads were stopped: 0.0001360 seconds, Stopping threads took: 0.0000277 seconds
[2025-10-02T08:35:34.537+0000][44433.523s][5523][5530][info ] Application time: 1.0001016 seconds
[2025-10-02T08:35:34.537+0000][44433.523s][5523][5530][info ] Entering safepoint region: Cleanup
[2025-10-02T08:35:34.537+0000][44433.523s][5523][5530][info ] Leaving safepoint region
[2025-10-02T08:35:34.537+0000][44433.523s][5523][5530][info ] Total time for which application threads were stopped: 0.0001375 seconds, Stopping threads took: 0.0000270 seconds
[2025-10-02T08:35:35.537+0000][44434.524s][5523][5530][info ] Application time: 1.0000866 seconds
[2025-10-02T08:35:35.537+0000][44434.524s][5523][5530][info ] Entering safepoint region: Cleanup
[2025-10-02T08:35:35.538+0000][44434.524s][5523][5530][info ] Leaving safepoint region
[2025-10-02T08:35:35.538+0000][44434.524s][5523][5530][info ] Total time for which application threads were stopped: 0.0001767 seconds, Stopping threads took: 0.0000267 seconds
[2025-10-02T08:35:36.312+0000][44435.298s][5523][5529][trace] CMS: promo attempt is safe: available(765483624) >= av_promo(4228508), max_promo(104435912)
[2025-10-02T08:35:36.538+0000][44435.524s][5523][5530][info ] Application time: 1.0000862 seconds
[2025-10-02T08:35:36.538+0000][44435.524s][5523][5530][info ] Entering safepoint region: Cleanup
[2025-10-02T08:35:36.538+0000][44435.524s][5523][5530][info ] Leaving safepoint region
[2025-10-02T08:35:36.538+0000][44435.524s][5523][5530][info ] Total time for which application threads were stopped: 0.0001392 seconds, Stopping threads took: 0.0000275 seconds
[2025-10-02T08:35:37.538+0000][44436.524s][5523][5530][info ] Application time: 1.0000983 seconds
[2025-10-02T08:35:37.538+0000][44436.524s][5523][5530][info ] Entering safepoint region: Cleanup
[2025-10-02T08:35:37.538+0000][44436.524s][5523][5530][info ] Leaving safepoint region
[2025-10-02T08:35:37.538+0000][44436.524s][5523][5530][info ] Total time for which application threads were stopped: 0.0001489 seconds, Stopping threads took: 0.0000271 seconds
[2025-10-02T08:35:38.538+0000][44437.525s][5523][5530][info ] Application time: 1.0000950 seconds
[2025-10-02T08:35:38.538+0000][44437.525s][5523][5530][info ] Entering safepoint region: Cleanup
[2025-10-02T08:35:38.540+0000][44437.526s][5523][5530][info ] Leaving safepoint region
[2025-10-02T08:35:38.540+0000][44437.526s][5523][5530][info ] Total time for which application threads were stopped: 0.0012449 seconds, Stopping threads took: 0.0010617 seconds
[2025-10-02T08:35:39.540+0000][44438.526s][5523][5530][info ] Application time: 1.0001015 seconds
[2025-10-02T08:35:39.540+0000][44438.526s][5523][5530][info ] Entering safepoint region: Cleanup
[2025-10-02T08:35:39.540+0000][44438.526s][5523][5530][info ] Leaving safepoint region
[2025-10-02T08:35:39.540+0000][44438.526s][5523][5530][info ] Total time for which application threads were stopped: 0.0001561 seconds, Stopping threads took: 0.0000456 seconds
[2025-10-02T08:35:40.540+0000][44439.526s][5523][5530][info ] Application time: 1.0000813 seconds
[2025-10-02T08:35:40.540+0000][44439.526s][5523][5530][info ] Entering safepoint region: Cleanup
[2025-10-02T08:35:40.540+0000][44439.526s][5523][5530][info ] Leaving safepoint region
[2025-10-02T08:35:40.540+0000][44439.526s][5523][5530][info ] Total time for which application threads were stopped: 0.0001368 seconds, Stopping threads took: 0.0000251 seconds
[2025-10-02T08:35:41.540+0000][44440.527s][5523][5530][info ] Application time: 1.0000918 seconds
[2025-10-02T08:35:41.540+0000][44440.527s][5523][5530][info ] Entering safepoint region: Cleanup
[2025-10-02T08:35:41.540+0000][44440.527s][5523][5530][info ] Leaving safepoint region
[2025-10-02T08:35:41.540+0000][44440.527s][5523][5530][info ] Total time for which application threads were stopped: 0.0001363 seconds, Stopping threads took: 0.0000252 seconds
[2025-10-02T08:35:42.541+0000][44441.527s][5523][5530][info ] Application time: 1.0001068 seconds
[2025-10-02T08:35:42.541+0000][44441.527s][5523][5530][info ] Entering safepoint region: Cleanup
[2025-10-02T08:35:42.541+0000][44441.527s][5523][5530][info ] Leaving safepoint region
[2025-10-02T08:35:42.541+0000][44441.527s][5523][5530][info ] Total time for which application threads were stopped: 0.0001346 seconds, Stopping threads took: 0.0000261 seconds
[2025-10-02T08:35:43.541+0000][44442.527s][5523][5530][info ] Application time: 1.0000792 seconds
[2025-10-02T08:35:43.541+0000][44442.527s][5523][5530][info ] Entering safepoint region: Cleanup
[2025-10-02T08:35:43.541+0000][44442.527s][5523][5530][info ] Leaving safepoint region
[2025-10-02T08:35:43.541+0000][44442.527s][5523][5530][info ] Total time for which application threads were stopped: 0.0001332 seconds, Stopping threads took: 0.0000249 seconds
[2025-10-02T08:35:44.541+0000][44443.527s][5523][5530][info ] Application time: 1.0000849 seconds
[2025-10-02T08:35:44.541+0000][44443.527s][5523][5530][info ] Entering safepoint region: Cleanup
[2025-10-02T08:35:44.541+0000][44443.528s][5523][5530][info ] Leaving safepoint region
[2025-10-02T08:35:44.541+0000][44443.528s][5523][5530][info ] Total time for which application threads were stopped: 0.0001472 seconds, Stopping threads took: 0.0000275 seconds
[2025-10-02T08:35:45.541+0000][44444.528s][5523][5530][info ] Application time: 1.0000987 seconds
[2025-10-02T08:35:45.541+0000][44444.528s][5523][5530][info ] Entering safepoint region: Cleanup
[2025-10-02T08:35:45.542+0000][44444.528s][5523][5530][info ] Leaving safepoint region
[2025-10-02T08:35:45.542+0000][44444.528s][5523][5530][info ] Total time for which application threads were stopped: 0.0001590 seconds, Stopping threads took: 0.0000270 seconds
[2025-10-02T08:35:46.312+0000][44445.298s][5523][5529][trace] CMS: promo attempt is safe: available(765483624) >= av_promo(4228508), max_promo(105606168)
[2025-10-02T08:35:46.542+0000][44445.528s][5523][5530][info ] Application time: 1.0000856 seconds
[2025-10-02T08:35:46.542+0000][44445.528s][5523][5530][info ] Entering safepoint region: Cleanup
[2025-10-02T08:35:46.542+0000][44445.528s][5523][5530][info ] Leaving safepoint region
[2025-10-02T08:35:46.542+0000][44445.528s][5523][5530][info ] Total time for which application threads were stopped: 0.0001461 seconds, Stopping threads took: 0.0000285 seconds
[2025-10-02T08:35:47.542+0000][44446.528s][5523][5530][info ] Application time: 1.0001024 seconds
[2025-10-02T08:35:47.542+0000][44446.528s][5523][5530][info ] Entering safepoint region: Cleanup
[2025-10-02T08:35:47.542+0000][44446.528s][5523][5530][info ] Leaving safepoint region
[2025-10-02T08:35:47.542+0000][44446.528s][5523][5530][info ] Total time for which application threads were stopped: 0.0001340 seconds, Stopping threads took: 0.0000267 seconds
[2025-10-02T08:35:48.542+0000][44447.529s][5523][5530][info ] Application time: 1.0001240 seconds
[2025-10-02T08:35:48.542+0000][44447.529s][5523][5530][info ] Entering safepoint region: Cleanup
[2025-10-02T08:35:48.543+0000][44447.529s][5523][5530][info ] Leaving safepoint region
[2025-10-02T08:35:48.543+0000][44447.529s][5523][5530][info ] Total time for which application threads were stopped: 0.0001685 seconds, Stopping threads took: 0.0000315 seconds
[2025-10-02T08:35:49.543+0000][44448.529s][5523][5530][info ] Application time: 1.0001003 seconds
[2025-10-02T08:35:49.543+0000][44448.529s][5523][5530][info ] Entering safepoint region: Cleanup
[2025-10-02T08:35:49.543+0000][44448.529s][5523][5530][info ] Leaving safepoint region
[2025-10-02T08:35:49.543+0000][44448.529s][5523][5530][info ] Total time for which application threads were stopped: 0.0001295 seconds, Stopping threads took: 0.0000230 seconds
[2025-10-02T08:35:50.543+0000][44449.529s][5523][5530][info ] Application time: 1.0000929 seconds
[2025-10-02T08:35:50.543+0000][44449.529s][5523][5530][info ] Entering safepoint region: Cleanup
[2025-10-02T08:35:50.543+0000][44449.529s][5523][5530][info ] Leaving safepoint region
[2025-10-02T08:35:50.543+0000][44449.529s][5523][5530][info ] Total time for which application threads were stopped: 0.0001477 seconds, Stopping threads took: 0.0000371 seconds
[2025-10-02T08:35:51.543+0000][44450.530s][5523][5530][info ] Application time: 1.0000801 seconds
[2025-10-02T08:35:51.543+0000][44450.530s][5523][5530][info ] Entering safepoint region: Cleanup
[2025-10-02T08:35:51.543+0000][44450.530s][5523][5530][info ] Leaving safepoint region
[2025-10-02T08:35:51.543+0000][44450.530s][5523][5530][info ] Total time for which application threads were stopped: 0.0001445 seconds, Stopping threads took: 0.0000265 seconds
[2025-10-02T08:35:52.544+0000][44451.530s][5523][5530][info ] Application time: 1.0001203 seconds
[2025-10-02T08:35:52.544+0000][44451.530s][5523][5530][info ] Entering safepoint region: Cleanup
[2025-10-02T08:35:52.544+0000][44451.530s][5523][5530][info ] Leaving safepoint region
[2025-10-02T08:35:52.544+0000][44451.530s][5523][5530][info ] Total time for which application threads were stopped: 0.0001475 seconds, Stopping threads took: 0.0000247 seconds
[2025-10-02T08:35:53.544+0000][44452.530s][5523][5530][info ] Application time: 1.0000744 seconds
[2025-10-02T08:35:53.544+0000][44452.530s][5523][5530][info ] Entering safepoint region: Cleanup
[2025-10-02T08:35:53.544+0000][44452.530s][5523][5530][info ] Leaving safepoint region
[2025-10-02T08:35:53.544+0000][44452.530s][5523][5530][info ] Total time for which application threads were stopped: 0.0001391 seconds, Stopping threads took: 0.0000322 seconds
[2025-10-02T08:35:54.544+0000][44453.530s][5523][5530][info ] Application time: 1.0000814 seconds
[2025-10-02T08:35:54.544+0000][44453.530s][5523][5530][info ] Entering safepoint region: Cleanup
[2025-10-02T08:35:54.544+0000][44453.531s][5523][5530][info ] Leaving safepoint region
[2025-10-02T08:35:54.544+0000][44453.531s][5523][5530][info ] Total time for which application threads were stopped: 0.0001367 seconds, Stopping threads took: 0.0000258 seconds
[2025-10-02T08:35:55.544+0000][44454.531s][5523][5530][info ] Application time: 1.0001068 seconds
[2025-10-02T08:35:55.545+0000][44454.531s][5523][5530][info ] Entering safepoint region: Cleanup
[2025-10-02T08:35:55.545+0000][44454.531s][5523][5530][info ] Leaving safepoint region
[2025-10-02T08:35:55.545+0000][44454.531s][5523][5530][info ] Total time for which application threads were stopped: 0.0001345 seconds, Stopping threads took: 0.0000259 seconds
[2025-10-02T08:35:56.312+0000][44455.298s][5523][5529][trace] CMS: promo attempt is safe: available(765483624) >= av_promo(4228508), max_promo(105626872)
[2025-10-02T08:35:56.545+0000][44455.531s][5523][5530][info ] Application time: 1.0000985 seconds
[2025-10-02T08:35:56.545+0000][44455.531s][5523][5530][info ] Entering safepoint region: Cleanup
[2025-10-02T08:35:56.545+0000][44455.531s][5523][5530][info ] Leaving safepoint region
[2025-10-02T08:35:56.545+0000][44455.531s][5523][5530][info ] Total time for which application threads were stopped: 0.0001563 seconds, Stopping threads took: 0.0000442 seconds
[2025-10-02T08:35:57.545+0000][44456.531s][5523][5530][info ] Application time: 1.0000966 seconds
[2025-10-02T08:35:57.545+0000][44456.531s][5523][5530][info ] Entering safepoint region: Cleanup
[2025-10-02T08:35:57.545+0000][44456.531s][5523][5530][info ] Leaving safepoint region
[2025-10-02T08:35:57.545+0000][44456.531s][5523][5530][info ] Total time for which application threads were stopped: 0.0001506 seconds, Stopping threads took: 0.0000257 seconds
[2025-10-02T08:35:58.545+0000][44457.532s][5523][5530][info ] Application time: 1.0000813 seconds
[2025-10-02T08:35:58.545+0000][44457.532s][5523][5530][info ] Entering safepoint region: Cleanup
[2025-10-02T08:35:58.546+0000][44457.532s][5523][5530][info ] Leaving safepoint region
[2025-10-02T08:35:58.546+0000][44457.533s][5523][5530][info ] Total time for which application threads were stopped: 0.0010748 seconds, Stopping threads took: 0.0000280 seconds
[2025-10-02T08:35:59.547+0000][44458.533s][5523][5530][info ] Application time: 1.0001139 seconds
[2025-10-02T08:35:59.547+0000][44458.533s][5523][5530][info ] Entering safepoint region: Cleanup
[2025-10-02T08:35:59.547+0000][44458.533s][5523][5530][info ] Leaving safepoint region
[2025-10-02T08:35:59.547+0000][44458.533s][5523][5530][info ] Total time for which application threads were stopped: 0.0001405 seconds, Stopping threads took: 0.0000263 seconds
[2025-10-02T08:36:00.547+0000][44459.533s][5523][5530][info ] Application time: 1.0001031 seconds
[2025-10-02T08:36:00.547+0000][44459.533s][5523][5530][info ] Entering safepoint region: Cleanup
[2025-10-02T08:36:00.547+0000][44459.533s][5523][5530][info ] Leaving safepoint region
[2025-10-02T08:36:00.547+0000][44459.533s][5523][5530][info ] Total time for which application threads were stopped: 0.0002695 seconds, Stopping threads took: 0.0000361 seconds
[2025-10-02T08:36:01.547+0000][44460.534s][5523][5530][info ] Application time: 1.0001110 seconds
[2025-10-02T08:36:01.547+0000][44460.534s][5523][5530][info ] Entering safepoint region: Cleanup
[2025-10-02T08:36:01.548+0000][44460.534s][5523][5530][info ] Leaving safepoint region
[2025-10-02T08:36:01.548+0000][44460.534s][5523][5530][info ] Total time for which application threads were stopped: 0.0004066 seconds, Stopping threads took: 0.0000309 seconds
[2025-10-02T08:36:02.548+0000][44461.534s][5523][5530][info ] Application time: 1.0002060 seconds
[2025-10-02T08:36:02.548+0000][44461.534s][5523][5530][info ] Entering safepoint region: Cleanup
[2025-10-02T08:36:02.548+0000][44461.534s][5523][5530][info ] Leaving safepoint region
[2025-10-02T08:36:02.548+0000][44461.534s][5523][5530][info ] Total time for which application threads were stopped: 0.0001393 seconds, Stopping threads took: 0.0000248 seconds
[2025-10-02T08:36:03.548+0000][44462.535s][5523][5530][info ] Application time: 1.0001010 seconds
[2025-10-02T08:36:03.548+0000][44462.535s][5523][5530][info ] Entering safepoint region: Cleanup
[2025-10-02T08:36:03.548+0000][44462.535s][5523][5530][info ] Leaving safepoint region
[2025-10-02T08:36:03.548+0000][44462.535s][5523][5530][info ] Total time for which application threads were stopped: 0.0001485 seconds, Stopping threads took: 0.0000261 seconds
[2025-10-02T08:36:04.549+0000][44463.535s][5523][5530][info ] Application time: 1.0000839 seconds
[2025-10-02T08:36:04.549+0000][44463.535s][5523][5530][info ] Entering safepoint region: Cleanup
[2025-10-02T08:36:04.549+0000][44463.535s][5523][5530][info ] Leaving safepoint region
[2025-10-02T08:36:04.549+0000][44463.535s][5523][5530][info ] Total time for which application threads were stopped: 0.0001501 seconds, Stopping threads took: 0.0000253 seconds
[2025-10-02T08:36:05.549+0000][44464.535s][5523][5530][info ] Application time: 1.0000944 seconds
[2025-10-02T08:36:05.549+0000][44464.535s][5523][5530][info ] Entering safepoint region: Cleanup
[2025-10-02T08:36:05.549+0000][44464.535s][5523][5530][info ] Leaving safepoint region
[2025-10-02T08:36:05.549+0000][44464.535s][5523][5530][info ] Total time for which application threads were stopped: 0.0001512 seconds, Stopping threads took: 0.0000435 seconds
[2025-10-02T08:36:06.311+0000][44465.297s][5523][5529][trace] CMS: promo attempt is safe: available(765483624) >= av_promo(4228508), max_promo(107555632)
[2025-10-02T08:36:06.549+0000][44465.535s][5523][5530][info ] Application time: 1.0001010 seconds
[2025-10-02T08:36:06.549+0000][44465.535s][5523][5530][info ] Entering safepoint region: Cleanup
[2025-10-02T08:36:06.549+0000][44465.536s][5523][5530][info ] Leaving safepoint region
[2025-10-02T08:36:06.549+0000][44465.536s][5523][5530][info ] Total time for which application threads were stopped: 0.0001465 seconds, Stopping threads took: 0.0000270 seconds
[2025-10-02T08:36:07.550+0000][44466.536s][5523][5530][info ] Application time: 1.0001231 seconds
[2025-10-02T08:36:07.550+0000][44466.536s][5523][5530][info ] Entering safepoint region: Cleanup
[2025-10-02T08:36:07.550+0000][44466.536s][5523][5530][info ] Leaving safepoint region
[2025-10-02T08:36:07.550+0000][44466.536s][5523][5530][info ] Total time for which application threads were stopped: 0.0001405 seconds, Stopping threads took: 0.0000249 seconds
[2025-10-02T08:36:08.550+0000][44467.536s][5523][5530][info ] Application time: 1.0000996 seconds
[2025-10-02T08:36:08.550+0000][44467.536s][5523][5530][info ] Entering safepoint region: Cleanup
[2025-10-02T08:36:08.550+0000][44467.536s][5523][5530][info ] Leaving safepoint region
[2025-10-02T08:36:08.550+0000][44467.536s][5523][5530][info ] Total time for which application threads were stopped: 0.0001315 seconds, Stopping threads took: 0.0000237 seconds
[2025-10-02T08:36:09.550+0000][44468.536s][5523][5530][info ] Application time: 1.0000941 seconds
[2025-10-02T08:36:09.550+0000][44468.536s][5523][5530][info ] Entering safepoint region: Cleanup
[2025-10-02T08:36:09.550+0000][44468.537s][5523][5530][info ] Leaving safepoint region
[2025-10-02T08:36:09.550+0000][44468.537s][5523][5530][info ] Total time for which application threads were stopped: 0.0001461 seconds, Stopping threads took: 0.0000253 seconds
[2025-10-02T08:36:10.550+0000][44469.537s][5523][5530][info ] Application time: 1.0000910 seconds
[2025-10-02T08:36:10.550+0000][44469.537s][5523][5530][info ] Entering safepoint region: Cleanup
[2025-10-02T08:36:10.551+0000][44469.537s][5523][5530][info ] Leaving safepoint region
[2025-10-02T08:36:10.551+0000][44469.537s][5523][5530][info ] Total time for which application threads were stopped: 0.0001736 seconds, Stopping threads took: 0.0000246 seconds
[2025-10-02T08:36:11.551+0000][44470.537s][5523][5530][info ] Application time: 1.0000784 seconds
[2025-10-02T08:36:11.551+0000][44470.537s][5523][5530][info ] Entering safepoint region: Cleanup
[2025-10-02T08:36:11.551+0000][44470.537s][5523][5530][info ] Leaving safepoint region
[2025-10-02T08:36:11.551+0000][44470.537s][5523][5530][info ] Total time for which application threads were stopped: 0.0001342 seconds, Stopping threads took: 0.0000255 seconds
[2025-10-02T08:36:12.551+0000][44471.537s][5523][5530][info ] Application time: 1.0001590 seconds
[2025-10-02T08:36:12.551+0000][44471.537s][5523][5530][info ] Entering safepoint region: Cleanup
[2025-10-02T08:36:12.551+0000][44471.537s][5523][5530][info ] Leaving safepoint region
[2025-10-02T08:36:12.551+0000][44471.537s][5523][5530][info ] Total time for which application threads were stopped: 0.0001426 seconds, Stopping threads took: 0.0000277 seconds
[2025-10-02T08:36:13.551+0000][44472.538s][5523][5530][info ] Application time: 1.0000953 seconds
[2025-10-02T08:36:13.551+0000][44472.538s][5523][5530][info ] Entering safepoint region: Cleanup
[2025-10-02T08:36:13.552+0000][44472.538s][5523][5530][info ] Leaving safepoint region
[2025-10-02T08:36:13.552+0000][44472.538s][5523][5530][info ] Total time for which application threads were stopped: 0.0001644 seconds, Stopping threads took: 0.0000246 seconds
[2025-10-02T08:36:14.552+0000][44473.538s][5523][5530][info ] Application time: 1.0000918 seconds
[2025-10-02T08:36:14.552+0000][44473.538s][5523][5530][info ] Entering safepoint region: Cleanup
[2025-10-02T08:36:14.552+0000][44473.538s][5523][5530][info ] Leaving safepoint region
[2025-10-02T08:36:14.552+0000][44473.538s][5523][5530][info ] Total time for which application threads were stopped: 0.0001379 seconds, Stopping threads took: 0.0000255 seconds
[2025-10-02T08:36:15.552+0000][44474.538s][5523][5530][info ] Application time: 1.0001077 seconds
[2025-10-02T08:36:15.552+0000][44474.538s][5523][5530][info ] Entering safepoint region: Cleanup
[2025-10-02T08:36:15.552+0000][44474.538s][5523][5530][info ] Leaving safepoint region
[2025-10-02T08:36:15.552+0000][44474.538s][5523][5530][info ] Total time for which application threads were stopped: 0.0001596 seconds, Stopping threads took: 0.0000264 seconds
[2025-10-02T08:36:16.311+0000][44475.298s][5523][5529][trace] CMS: promo attempt is safe: available(765483624) >= av_promo(4228508), max_promo(107737664)
[2025-10-02T08:36:16.552+0000][44475.539s][5523][5530][info ] Application time: 1.0000977 seconds
[2025-10-02T08:36:16.552+0000][44475.539s][5523][5530][info ] Entering safepoint region: Cleanup
[2025-10-02T08:36:16.552+0000][44475.539s][5523][5530][info ] Leaving safepoint region
[2025-10-02T08:36:16.553+0000][44475.539s][5523][5530][info ] Total time for which application threads were stopped: 0.0001803 seconds, Stopping threads took: 0.0000274 seconds
[2025-10-02T08:36:17.553+0000][44476.539s][5523][5530][info ] Application time: 1.0001002 seconds
[2025-10-02T08:36:17.553+0000][44476.539s][5523][5530][info ] Entering safepoint region: Cleanup
[2025-10-02T08:36:17.553+0000][44476.539s][5523][5530][info ] Leaving safepoint region
[2025-10-02T08:36:17.553+0000][44476.539s][5523][5530][info ] Total time for which application threads were stopped: 0.0001415 seconds, Stopping threads took: 0.0000284 seconds
[2025-10-02T08:36:18.553+0000][44477.539s][5523][5530][info ] Application time: 1.0000917 seconds
[2025-10-02T08:36:18.553+0000][44477.539s][5523][5530][info ] Entering safepoint region: Cleanup
[2025-10-02T08:36:18.554+0000][44477.541s][5523][5530][info ] Leaving safepoint region
[2025-10-02T08:36:18.554+0000][44477.541s][5523][5530][info ] Total time for which application threads were stopped: 0.0013114 seconds, Stopping threads took: 0.0011799 seconds
[2025-10-02T08:36:19.554+0000][44478.541s][5523][5530][info ] Application time: 1.0000952 seconds
[2025-10-02T08:36:19.554+0000][44478.541s][5523][5530][info ] Entering safepoint region: Cleanup
[2025-10-02T08:36:19.555+0000][44478.541s][5523][5530][info ] Leaving safepoint region
[2025-10-02T08:36:19.555+0000][44478.541s][5523][5530][info ] Total time for which application threads were stopped: 0.0001603 seconds, Stopping threads took: 0.0000254 seconds
[2025-10-02T08:36:20.555+0000][44479.541s][5523][5530][info ] Application time: 1.0000891 seconds
[2025-10-02T08:36:20.555+0000][44479.541s][5523][5530][info ] Entering safepoint region: Cleanup
[2025-10-02T08:36:20.555+0000][44479.541s][5523][5530][info ] Leaving safepoint region
[2025-10-02T08:36:20.555+0000][44479.541s][5523][5530][info ] Total time for which application threads were stopped: 0.0001384 seconds, Stopping threads took: 0.0000275 seconds
[2025-10-02T08:36:21.555+0000][44480.541s][5523][5530][info ] Application time: 1.0001563 seconds
[2025-10-02T08:36:21.555+0000][44480.541s][5523][5530][info ] Entering safepoint region: Cleanup
[2025-10-02T08:36:21.555+0000][44480.541s][5523][5530][info ] Leaving safepoint region
[2025-10-02T08:36:21.555+0000][44480.541s][5523][5530][info ] Total time for which application threads were stopped: 0.0001349 seconds, Stopping threads took: 0.0000268 seconds
[2025-10-02T08:36:22.555+0000][44481.542s][5523][5530][info ] Application time: 1.0000925 seconds
[2025-10-02T08:36:22.555+0000][44481.542s][5523][5530][info ] Entering safepoint region: Cleanup
[2025-10-02T08:36:22.556+0000][44481.542s][5523][5530][info ] Leaving safepoint region
[2025-10-02T08:36:22.556+0000][44481.542s][5523][5530][info ] Total time for which application threads were stopped: 0.0001880 seconds, Stopping threads took: 0.0000299 seconds
[2025-10-02T08:36:23.556+0000][44482.542s][5523][5530][info ] Application time: 1.0000864 seconds
[2025-10-02T08:36:23.556+0000][44482.542s][5523][5530][info ] Entering safepoint region: Cleanup
[2025-10-02T08:36:23.556+0000][44482.542s][5523][5530][info ] Leaving safepoint region
[2025-10-02T08:36:23.556+0000][44482.542s][5523][5530][info ] Total time for which application threads were stopped: 0.0001510 seconds, Stopping threads took: 0.0000394 seconds
[2025-10-02T08:36:24.556+0000][44483.542s][5523][5530][info ] Application time: 1.0001006 seconds
[2025-10-02T08:36:24.556+0000][44483.542s][5523][5530][info ] Entering safepoint region: Cleanup
[2025-10-02T08:36:24.556+0000][44483.542s][5523][5530][info ] Leaving safepoint region
[2025-10-02T08:36:24.556+0000][44483.542s][5523][5530][info ] Total time for which application threads were stopped: 0.0001348 seconds, Stopping threads took: 0.0000247 seconds
[2025-10-02T08:36:25.556+0000][44484.543s][5523][5530][info ] Application time: 1.0001172 seconds
[2025-10-02T08:36:25.556+0000][44484.543s][5523][5530][info ] Entering safepoint region: Cleanup
[2025-10-02T08:36:25.556+0000][44484.543s][5523][5530][info ] Leaving safepoint region
[2025-10-02T08:36:25.556+0000][44484.543s][5523][5530][info ] Total time for which application threads were stopped: 0.0001339 seconds, Stopping threads took: 0.0000242 seconds
[2025-10-02T08:36:26.311+0000][44485.297s][5523][5529][trace] CMS: promo attempt is safe: available(765483624) >= av_promo(4228508), max_promo(107871792)
[2025-10-02T08:36:26.557+0000][44485.543s][5523][5530][info ] Application time: 1.0000951 seconds
[2025-10-02T08:36:26.557+0000][44485.543s][5523][5530][info ] Entering safepoint region: Cleanup
[2025-10-02T08:36:26.557+0000][44485.543s][5523][5530][info ] Leaving safepoint region
[2025-10-02T08:36:26.557+0000][44485.543s][5523][5530][info ] Total time for which application threads were stopped: 0.0001366 seconds, Stopping threads took: 0.0000252 seconds
[2025-10-02T08:36:27.557+0000][44486.543s][5523][5530][info ] Application time: 1.0001058 seconds
[2025-10-02T08:36:27.557+0000][44486.543s][5523][5530][info ] Entering safepoint region: Cleanup
[2025-10-02T08:36:27.557+0000][44486.543s][5523][5530][info ] Leaving safepoint region
[2025-10-02T08:36:27.557+0000][44486.543s][5523][5530][info ] Total time for which application threads were stopped: 0.0001542 seconds, Stopping threads took: 0.0000275 seconds
[2025-10-02T08:36:28.557+0000][44487.543s][5523][5530][info ] Application time: 1.0000906 seconds
[2025-10-02T08:36:28.557+0000][44487.543s][5523][5530][info ] Entering safepoint region: Cleanup
[2025-10-02T08:36:28.557+0000][44487.544s][5523][5530][info ] Leaving safepoint region
[2025-10-02T08:36:28.557+0000][44487.544s][5523][5530][info ] Total time for which application threads were stopped: 0.0001505 seconds, Stopping threads took: 0.0000353 seconds
[2025-10-02T08:36:29.558+0000][44488.544s][5523][5530][info ] Application time: 1.0001095 seconds
[2025-10-02T08:36:29.558+0000][44488.544s][5523][5530][info ] Entering safepoint region: Cleanup
[2025-10-02T08:36:29.558+0000][44488.544s][5523][5530][info ] Leaving safepoint region
[2025-10-02T08:36:29.558+0000][44488.544s][5523][5530][info ] Total time for which application threads were stopped: 0.0001404 seconds, Stopping threads took: 0.0000281 seconds
[2025-10-02T08:36:30.558+0000][44489.544s][5523][5530][info ] Application time: 1.0000879 seconds
[2025-10-02T08:36:30.558+0000][44489.544s][5523][5530][info ] Entering safepoint region: Cleanup
[2025-10-02T08:36:30.558+0000][44489.544s][5523][5530][info ] Leaving safepoint region
[2025-10-02T08:36:30.558+0000][44489.544s][5523][5530][info ] Total time for which application threads were stopped: 0.0001371 seconds, Stopping threads took: 0.0000259 seconds
[2025-10-02T08:36:31.558+0000][44490.544s][5523][5530][info ] Application time: 1.0001018 seconds
[2025-10-02T08:36:31.558+0000][44490.544s][5523][5530][info ] Entering safepoint region: Cleanup
[2025-10-02T08:36:31.558+0000][44490.545s][5523][5530][info ] Leaving safepoint region
[2025-10-02T08:36:31.558+0000][44490.545s][5523][5530][info ] Total time for which application threads were stopped: 0.0001384 seconds, Stopping threads took: 0.0000286 seconds
[2025-10-02T08:36:32.558+0000][44491.545s][5523][5530][info ] Application time: 1.0000992 seconds
[2025-10-02T08:36:32.558+0000][44491.545s][5523][5530][info ] Entering safepoint region: Cleanup
[2025-10-02T08:36:32.559+0000][44491.545s][5523][5530][info ] Leaving safepoint region
[2025-10-02T08:36:32.559+0000][44491.545s][5523][5530][info ] Total time for which application threads were stopped: 0.0001590 seconds, Stopping threads took: 0.0000248 seconds
[2025-10-02T08:36:33.559+0000][44492.545s][5523][5530][info ] Application time: 1.0000961 seconds
[2025-10-02T08:36:33.559+0000][44492.545s][5523][5530][info ] Entering safepoint region: Cleanup
[2025-10-02T08:36:33.559+0000][44492.545s][5523][5530][info ] Leaving safepoint region
[2025-10-02T08:36:33.559+0000][44492.545s][5523][5530][info ] Total time for which application threads were stopped: 0.0001435 seconds, Stopping threads took: 0.0000265 seconds
[2025-10-02T08:36:34.559+0000][44493.545s][5523][5530][info ] Application time: 1.0001528 seconds
[2025-10-02T08:36:34.559+0000][44493.545s][5523][5530][info ] Entering safepoint region: Cleanup
[2025-10-02T08:36:34.559+0000][44493.546s][5523][5530][info ] Leaving safepoint region
[2025-10-02T08:36:34.559+0000][44493.546s][5523][5530][info ] Total time for which application threads were stopped: 0.0001447 seconds, Stopping threads took: 0.0000270 seconds
[2025-10-02T08:36:35.559+0000][44494.546s][5523][5530][info ] Application time: 1.0000790 seconds
[2025-10-02T08:36:35.559+0000][44494.546s][5523][5530][info ] Entering safepoint region: Cleanup
[2025-10-02T08:36:35.560+0000][44494.546s][5523][5530][info ] Leaving safepoint region
[2025-10-02T08:36:35.560+0000][44494.546s][5523][5530][info ] Total time for which application threads were stopped: 0.0001597 seconds, Stopping threads took: 0.0000256 seconds
[2025-10-02T08:36:36.311+0000][44495.297s][5523][5529][trace] CMS: promo attempt is safe: available(765483624) >= av_promo(4228508), max_promo(107876792)
[2025-10-02T08:36:36.560+0000][44495.546s][5523][5530][info ] Application time: 1.0000967 seconds
[2025-10-02T08:36:36.560+0000][44495.546s][5523][5530][info ] Entering safepoint region: Cleanup
[2025-10-02T08:36:36.560+0000][44495.546s][5523][5530][info ] Leaving safepoint region
[2025-10-02T08:36:36.560+0000][44495.546s][5523][5530][info ] Total time for which application threads were stopped: 0.0001367 seconds, Stopping threads took: 0.0000264 seconds
[2025-10-02T08:36:37.560+0000][44496.546s][5523][5530][info ] Application time: 1.0000915 seconds
[2025-10-02T08:36:37.560+0000][44496.546s][5523][5530][info ] Entering safepoint region: Cleanup
[2025-10-02T08:36:37.560+0000][44496.546s][5523][5530][info ] Leaving safepoint region
[2025-10-02T08:36:37.560+0000][44496.546s][5523][5530][info ] Total time for which application threads were stopped: 0.0001294 seconds, Stopping threads took: 0.0000246 seconds
[2025-10-02T08:36:38.560+0000][44497.546s][5523][5530][info ] Application time: 1.0000911 seconds
[2025-10-02T08:36:38.560+0000][44497.547s][5523][5530][info ] Entering safepoint region: Cleanup
[2025-10-02T08:36:38.560+0000][44497.547s][5523][5530][info ] Leaving safepoint region
[2025-10-02T08:36:38.560+0000][44497.547s][5523][5530][info ] Total time for which application threads were stopped: 0.0001376 seconds, Stopping threads took: 0.0000279 seconds
[2025-10-02T08:36:39.561+0000][44498.547s][5523][5530][info ] Application time: 1.0000985 seconds
[2025-10-02T08:36:39.561+0000][44498.547s][5523][5530][info ] Entering safepoint region: Cleanup
[2025-10-02T08:36:39.561+0000][44498.547s][5523][5530][info ] Leaving safepoint region
[2025-10-02T08:36:39.561+0000][44498.547s][5523][5530][info ] Total time for which application threads were stopped: 0.0001432 seconds, Stopping threads took: 0.0000258 seconds
[2025-10-02T08:36:40.561+0000][44499.547s][5523][5530][info ] Application time: 1.0001023 seconds
[2025-10-02T08:36:40.561+0000][44499.547s][5523][5530][info ] Entering safepoint region: Cleanup
[2025-10-02T08:36:40.561+0000][44499.547s][5523][5530][info ] Leaving safepoint region
[2025-10-02T08:36:40.561+0000][44499.547s][5523][5530][info ] Total time for which application threads were stopped: 0.0001336 seconds, Stopping threads took: 0.0000252 seconds
[2025-10-02T08:36:41.561+0000][44500.547s][5523][5530][info ] Application time: 1.0000825 seconds
[2025-10-02T08:36:41.561+0000][44500.547s][5523][5530][info ] Entering safepoint region: Cleanup
[2025-10-02T08:36:41.561+0000][44500.548s][5523][5530][info ] Leaving safepoint region
[2025-10-02T08:36:41.561+0000][44500.548s][5523][5530][info ] Total time for which application threads were stopped: 0.0001386 seconds, Stopping threads took: 0.0000250 seconds
[2025-10-02T08:36:42.561+0000][44501.548s][5523][5530][info ] Application time: 1.0000938 seconds
[2025-10-02T08:36:42.561+0000][44501.548s][5523][5530][info ] Entering safepoint region: Cleanup
[2025-10-02T08:36:42.562+0000][44501.548s][5523][5530][info ] Leaving safepoint region
[2025-10-02T08:36:42.562+0000][44501.548s][5523][5530][info ] Total time for which application threads were stopped: 0.0001631 seconds, Stopping threads took: 0.0000249 seconds
[2025-10-02T08:36:43.562+0000][44502.548s][5523][5530][info ] Application time: 1.0001045 seconds
[2025-10-02T08:36:43.562+0000][44502.548s][5523][5530][info ] Entering safepoint region: Cleanup
[2025-10-02T08:36:43.562+0000][44502.548s][5523][5530][info ] Leaving safepoint region
[2025-10-02T08:36:43.562+0000][44502.548s][5523][5530][info ] Total time for which application threads were stopped: 0.0001549 seconds, Stopping threads took: 0.0000233 seconds
[2025-10-02T08:36:44.562+0000][44503.548s][5523][5530][info ] Application time: 1.0001024 seconds
[2025-10-02T08:36:44.562+0000][44503.548s][5523][5530][info ] Entering safepoint region: Cleanup
[2025-10-02T08:36:44.562+0000][44503.548s][5523][5530][info ] Leaving safepoint region
[2025-10-02T08:36:44.562+0000][44503.548s][5523][5530][info ] Total time for which application threads were stopped: 0.0001369 seconds, Stopping threads took: 0.0000247 seconds
[2025-10-02T08:36:45.562+0000][44504.549s][5523][5530][info ] Application time: 1.0000945 seconds
[2025-10-02T08:36:45.562+0000][44504.549s][5523][5530][info ] Entering safepoint region: Cleanup
[2025-10-02T08:36:45.563+0000][44504.549s][5523][5530][info ] Leaving safepoint region
[2025-10-02T08:36:45.563+0000][44504.549s][5523][5530][info ] Total time for which application threads were stopped: 0.0001514 seconds, Stopping threads took: 0.0000247 seconds
[2025-10-02T08:36:46.311+0000][44505.297s][5523][5529][trace] CMS: promo attempt is safe: available(765483624) >= av_promo(4228508), max_promo(107950736)
[2025-10-02T08:36:46.563+0000][44505.549s][5523][5530][info ] Application time: 1.0001090 seconds
[2025-10-02T08:36:46.563+0000][44505.549s][5523][5530][info ] Entering safepoint region: Cleanup
[2025-10-02T08:36:46.563+0000][44505.549s][5523][5530][info ] Leaving safepoint region
[2025-10-02T08:36:46.563+0000][44505.549s][5523][5530][info ] Total time for which application threads were stopped: 0.0001375 seconds, Stopping threads took: 0.0000270 seconds
[2025-10-02T08:36:47.563+0000][44506.549s][5523][5530][info ] Application time: 1.0000806 seconds
[2025-10-02T08:36:47.563+0000][44506.549s][5523][5530][info ] Entering safepoint region: Cleanup
[2025-10-02T08:36:47.563+0000][44506.549s][5523][5530][info ] Leaving safepoint region
[2025-10-02T08:36:47.563+0000][44506.549s][5523][5530][info ] Total time for which application threads were stopped: 0.0002226 seconds, Stopping threads took: 0.0000236 seconds
[2025-10-02T08:36:48.563+0000][44507.550s][5523][5530][info ] Application time: 1.0001030 seconds
[2025-10-02T08:36:48.563+0000][44507.550s][5523][5530][info ] Entering safepoint region: Cleanup
[2025-10-02T08:36:48.565+0000][44507.551s][5523][5530][info ] Leaving safepoint region
[2025-10-02T08:36:48.565+0000][44507.551s][5523][5530][info ] Total time for which application threads were stopped: 0.0013411 seconds, Stopping threads took: 0.0011997 seconds
[2025-10-02T08:36:49.565+0000][44508.551s][5523][5530][info ] Application time: 1.0001037 seconds
[2025-10-02T08:36:49.565+0000][44508.551s][5523][5530][info ] Entering safepoint region: Cleanup
[2025-10-02T08:36:49.565+0000][44508.551s][5523][5530][info ] Leaving safepoint region
[2025-10-02T08:36:49.565+0000][44508.551s][5523][5530][info ] Total time for which application threads were stopped: 0.0001406 seconds, Stopping threads took: 0.0000306 seconds
[2025-10-02T08:36:50.565+0000][44509.551s][5523][5530][info ] Application time: 1.0000822 seconds
[2025-10-02T08:36:50.565+0000][44509.551s][5523][5530][info ] Entering safepoint region: Cleanup
[2025-10-02T08:36:50.565+0000][44509.551s][5523][5530][info ] Leaving safepoint region
[2025-10-02T08:36:50.565+0000][44509.552s][5523][5530][info ] Total time for which application threads were stopped: 0.0001373 seconds, Stopping threads took: 0.0000263 seconds
[2025-10-02T08:36:51.565+0000][44510.552s][5523][5530][info ] Application time: 1.0000792 seconds
[2025-10-02T08:36:51.565+0000][44510.552s][5523][5530][info ] Entering safepoint region: Cleanup
[2025-10-02T08:36:51.566+0000][44510.552s][5523][5530][info ] Leaving safepoint region
[2025-10-02T08:36:51.566+0000][44510.552s][5523][5530][info ] Total time for which application threads were stopped: 0.0001674 seconds, Stopping threads took: 0.0000236 seconds
[2025-10-02T08:36:52.566+0000][44511.552s][5523][5530][info ] Application time: 1.0000803 seconds
[2025-10-02T08:36:52.566+0000][44511.552s][5523][5530][info ] Entering safepoint region: Cleanup
[2025-10-02T08:36:52.566+0000][44511.552s][5523][5530][info ] Leaving safepoint region
[2025-10-02T08:36:52.566+0000][44511.552s][5523][5530][info ] Total time for which application threads were stopped: 0.0001496 seconds, Stopping threads took: 0.0000380 seconds
[2025-10-02T08:36:53.566+0000][44512.552s][5523][5530][info ] Application time: 1.0001046 seconds
[2025-10-02T08:36:53.566+0000][44512.552s][5523][5530][info ] Entering safepoint region: Cleanup
[2025-10-02T08:36:53.566+0000][44512.552s][5523][5530][info ] Leaving safepoint region
[2025-10-02T08:36:53.566+0000][44512.552s][5523][5530][info ] Total time for which application threads were stopped: 0.0001337 seconds, Stopping threads took: 0.0000239 seconds
[2025-10-02T08:36:54.566+0000][44513.552s][5523][5530][info ] Application time: 1.0000885 seconds
[2025-10-02T08:36:54.566+0000][44513.553s][5523][5530][info ] Entering safepoint region: Cleanup
[2025-10-02T08:36:54.566+0000][44513.553s][5523][5530][info ] Leaving safepoint region
[2025-10-02T08:36:54.566+0000][44513.553s][5523][5530][info ] Total time for which application threads were stopped: 0.0001457 seconds, Stopping threads took: 0.0000249 seconds
[2025-10-02T08:36:55.567+0000][44514.553s][5523][5530][info ] Application time: 1.0000865 seconds
[2025-10-02T08:36:55.567+0000][44514.553s][5523][5530][info ] Entering safepoint region: Cleanup
[2025-10-02T08:36:55.567+0000][44514.553s][5523][5530][info ] Leaving safepoint region
[2025-10-02T08:36:55.567+0000][44514.553s][5523][5530][info ] Total time for which application threads were stopped: 0.0001412 seconds, Stopping threads took: 0.0000277 seconds
[2025-10-02T08:36:56.310+0000][44515.296s][5523][5529][trace] CMS: promo attempt is safe: available(765483624) >= av_promo(4228508), max_promo(108678272)
[2025-10-02T08:36:56.567+0000][44515.553s][5523][5530][info ] Application time: 1.0000810 seconds
[2025-10-02T08:36:56.567+0000][44515.553s][5523][5530][info ] Entering safepoint region: Cleanup
[2025-10-02T08:36:56.567+0000][44515.553s][5523][5530][info ] Leaving safepoint region
[2025-10-02T08:36:56.567+0000][44515.553s][5523][5530][info ] Total time for which application threads were stopped: 0.0001358 seconds, Stopping threads took: 0.0000243 seconds
[2025-10-02T08:36:57.567+0000][44516.553s][5523][5530][info ] Application time: 1.0001585 seconds
[2025-10-02T08:36:57.567+0000][44516.554s][5523][5530][info ] Entering safepoint region: Cleanup
[2025-10-02T08:36:57.567+0000][44516.554s][5523][5530][info ] Leaving safepoint region
[2025-10-02T08:36:57.567+0000][44516.554s][5523][5530][info ] Total time for which application threads were stopped: 0.0001397 seconds, Stopping threads took: 0.0000272 seconds
[2025-10-02T08:36:58.568+0000][44517.554s][5523][5530][info ] Application time: 1.0001004 seconds
[2025-10-02T08:36:58.568+0000][44517.554s][5523][5530][info ] Entering safepoint region: Cleanup
[2025-10-02T08:36:58.568+0000][44517.554s][5523][5530][info ] Leaving safepoint region
[2025-10-02T08:36:58.568+0000][44517.554s][5523][5530][info ] Total time for which application threads were stopped: 0.0001385 seconds, Stopping threads took: 0.0000281 seconds
[2025-10-02T08:36:59.568+0000][44518.554s][5523][5530][info ] Application time: 1.0001009 seconds
[2025-10-02T08:36:59.568+0000][44518.554s][5523][5530][info ] Entering safepoint region: Cleanup
[2025-10-02T08:36:59.568+0000][44518.554s][5523][5530][info ] Leaving safepoint region
[2025-10-02T08:36:59.568+0000][44518.554s][5523][5530][info ] Total time for which application threads were stopped: 0.0001311 seconds, Stopping threads took: 0.0000240 seconds
[2025-10-02T08:37:00.568+0000][44519.554s][5523][5530][info ] Application time: 1.0000988 seconds
[2025-10-02T08:37:00.568+0000][44519.554s][5523][5530][info ] Entering safepoint region: Cleanup
[2025-10-02T08:37:00.568+0000][44519.555s][5523][5530][info ] Leaving safepoint region
[2025-10-02T08:37:00.568+0000][44519.555s][5523][5530][info ] Total time for which application threads were stopped: 0.0001365 seconds, Stopping threads took: 0.0000261 seconds
[2025-10-02T08:37:01.568+0000][44520.555s][5523][5530][info ] Application time: 1.0001113 seconds
[2025-10-02T08:37:01.569+0000][44520.555s][5523][5530][info ] Entering safepoint region: Cleanup
[2025-10-02T08:37:01.569+0000][44520.555s][5523][5530][info ] Leaving safepoint region
[2025-10-02T08:37:01.569+0000][44520.555s][5523][5530][info ] Total time for which application threads were stopped: 0.0001667 seconds, Stopping threads took: 0.0000514 seconds
[2025-10-02T08:37:02.569+0000][44521.555s][5523][5530][info ] Application time: 1.0001067 seconds
[2025-10-02T08:37:02.569+0000][44521.555s][5523][5530][info ] Entering safepoint region: Cleanup
[2025-10-02T08:37:02.569+0000][44521.555s][5523][5530][info ] Leaving safepoint region
[2025-10-02T08:37:02.569+0000][44521.555s][5523][5530][info ] Total time for which application threads were stopped: 0.0001399 seconds, Stopping threads took: 0.0000276 seconds
[2025-10-02T08:37:03.569+0000][44522.555s][5523][5530][info ] Application time: 1.0001092 seconds
[2025-10-02T08:37:03.569+0000][44522.555s][5523][5530][info ] Entering safepoint region: Cleanup
[2025-10-02T08:37:03.569+0000][44522.555s][5523][5530][info ] Leaving safepoint region
[2025-10-02T08:37:03.569+0000][44522.555s][5523][5530][info ] Total time for which application threads were stopped: 0.0001449 seconds, Stopping threads took: 0.0000268 seconds
[2025-10-02T08:37:04.569+0000][44523.556s][5523][5530][info ] Application time: 1.0001174 seconds
[2025-10-02T08:37:04.569+0000][44523.556s][5523][5530][info ] Entering safepoint region: Cleanup
[2025-10-02T08:37:04.570+0000][44523.556s][5523][5530][info ] Leaving safepoint region
[2025-10-02T08:37:04.570+0000][44523.556s][5523][5530][info ] Total time for which application threads were stopped: 0.0001755 seconds, Stopping threads took: 0.0000351 seconds
[2025-10-02T08:37:05.570+0000][44524.556s][5523][5530][info ] Application time: 1.0001114 seconds
[2025-10-02T08:37:05.570+0000][44524.556s][5523][5530][info ] Entering safepoint region: Cleanup
[2025-10-02T08:37:05.570+0000][44524.556s][5523][5530][info ] Leaving safepoint region
[2025-10-02T08:37:05.570+0000][44524.556s][5523][5530][info ] Total time for which application threads were stopped: 0.0001442 seconds, Stopping threads took: 0.0000273 seconds
[2025-10-02T08:37:06.309+0000][44525.295s][5523][5529][trace] CMS: promo attempt is safe: available(765483624) >= av_promo(4228508), max_promo(109849528)
[2025-10-02T08:37:06.570+0000][44525.556s][5523][5530][info ] Application time: 1.0001125 seconds
[2025-10-02T08:37:06.570+0000][44525.556s][5523][5530][info ] Entering safepoint region: Cleanup
[2025-10-02T08:37:06.570+0000][44525.556s][5523][5530][info ] Leaving safepoint region
[2025-10-02T08:37:06.570+0000][44525.556s][5523][5530][info ] Total time for which application threads were stopped: 0.0001612 seconds, Stopping threads took: 0.0000377 seconds
[2025-10-02T08:37:07.570+0000][44526.557s][5523][5530][info ] Application time: 1.0000988 seconds
[2025-10-02T08:37:07.570+0000][44526.557s][5523][5530][info ] Entering safepoint region: Cleanup
[2025-10-02T08:37:07.571+0000][44526.557s][5523][5530][info ] Leaving safepoint region
[2025-10-02T08:37:07.571+0000][44526.557s][5523][5530][info ] Total time for which application threads were stopped: 0.0001624 seconds, Stopping threads took: 0.0000280 seconds
[2025-10-02T08:37:08.571+0000][44527.557s][5523][5530][info ] Application time: 1.0000958 seconds
[2025-10-02T08:37:08.571+0000][44527.557s][5523][5530][info ] Entering safepoint region: Cleanup
[2025-10-02T08:37:08.572+0000][44527.558s][5523][5530][info ] Leaving safepoint region
[2025-10-02T08:37:08.572+0000][44527.558s][5523][5530][info ] Total time for which application threads were stopped: 0.0012681 seconds, Stopping threads took: 0.0011322 seconds
[2025-10-02T08:37:09.572+0000][44528.558s][5523][5530][info ] Application time: 1.0001016 seconds
[2025-10-02T08:37:09.572+0000][44528.558s][5523][5530][info ] Entering safepoint region: Cleanup
[2025-10-02T08:37:09.572+0000][44528.559s][5523][5530][info ] Leaving safepoint region
[2025-10-02T08:37:09.572+0000][44528.559s][5523][5530][info ] Total time for which application threads were stopped: 0.0001568 seconds, Stopping threads took: 0.0000258 seconds
[2025-10-02T08:37:10.572+0000][44529.559s][5523][5530][info ] Application time: 1.0000945 seconds
[2025-10-02T08:37:10.573+0000][44529.559s][5523][5530][info ] Entering safepoint region: Cleanup
[2025-10-02T08:37:10.573+0000][44529.559s][5523][5530][info ] Leaving safepoint region
[2025-10-02T08:37:10.573+0000][44529.559s][5523][5530][info ] Total time for which application threads were stopped: 0.0001466 seconds, Stopping threads took: 0.0000388 seconds
[2025-10-02T08:37:11.573+0000][44530.559s][5523][5530][info ] Application time: 1.0000768 seconds
[2025-10-02T08:37:11.573+0000][44530.559s][5523][5530][info ] Entering safepoint region: Cleanup
[2025-10-02T08:37:11.573+0000][44530.559s][5523][5530][info ] Leaving safepoint region
[2025-10-02T08:37:11.573+0000][44530.559s][5523][5530][info ] Total time for which application threads were stopped: 0.0001366 seconds, Stopping threads took: 0.0000255 seconds
[2025-10-02T08:37:12.573+0000][44531.559s][5523][5530][info ] Application time: 1.0001003 seconds
[2025-10-02T08:37:12.573+0000][44531.559s][5523][5530][info ] Entering safepoint region: Cleanup
[2025-10-02T08:37:12.573+0000][44531.559s][5523][5530][info ] Leaving safepoint region
[2025-10-02T08:37:12.573+0000][44531.559s][5523][5530][info ] Total time for which application threads were stopped: 0.0001388 seconds, Stopping threads took: 0.0000270 seconds
[2025-10-02T08:37:13.573+0000][44532.560s][5523][5530][info ] Application time: 1.0001054 seconds
[2025-10-02T08:37:13.573+0000][44532.560s][5523][5530][info ] Entering safepoint region: Cleanup
[2025-10-02T08:37:13.574+0000][44532.560s][5523][5530][info ] Leaving safepoint region
[2025-10-02T08:37:13.574+0000][44532.560s][5523][5530][info ] Total time for which application threads were stopped: 0.0001680 seconds, Stopping threads took: 0.0000295 seconds
[2025-10-02T08:37:14.574+0000][44533.560s][5523][5530][info ] Application time: 1.0000728 seconds
[2025-10-02T08:37:14.574+0000][44533.560s][5523][5530][info ] Entering safepoint region: Cleanup
[2025-10-02T08:37:14.574+0000][44533.560s][5523][5530][info ] Leaving safepoint region
[2025-10-02T08:37:14.574+0000][44533.560s][5523][5530][info ] Total time for which application threads were stopped: 0.0001584 seconds, Stopping threads took: 0.0000460 seconds
[2025-10-02T08:37:15.574+0000][44534.560s][5523][5530][info ] Application time: 1.0001240 seconds
[2025-10-02T08:37:15.574+0000][44534.560s][5523][5530][info ] Entering safepoint region: Cleanup
[2025-10-02T08:37:15.574+0000][44534.560s][5523][5530][info ] Leaving safepoint region
[2025-10-02T08:37:15.574+0000][44534.560s][5523][5530][info ] Total time for which application threads were stopped: 0.0001892 seconds, Stopping threads took: 0.0000723 seconds
[2025-10-02T08:37:16.308+0000][44535.295s][5523][5529][trace] CMS: promo attempt is safe: available(765483624) >= av_promo(4228508), max_promo(110239840)
[2025-10-02T08:37:16.574+0000][44535.561s][5523][5530][info ] Application time: 1.0000842 seconds
[2025-10-02T08:37:16.574+0000][44535.561s][5523][5530][info ] Entering safepoint region: Cleanup
[2025-10-02T08:37:16.575+0000][44535.561s][5523][5530][info ] Leaving safepoint region
[2025-10-02T08:37:16.575+0000][44535.561s][5523][5530][info ] Total time for which application threads were stopped: 0.0001551 seconds, Stopping threads took: 0.0000254 seconds
[2025-10-02T08:37:17.575+0000][44536.561s][5523][5530][info ] Application time: 1.0001055 seconds
[2025-10-02T08:37:17.575+0000][44536.561s][5523][5530][info ] Entering safepoint region: Cleanup
[2025-10-02T08:37:17.575+0000][44536.561s][5523][5530][info ] Leaving safepoint region
[2025-10-02T08:37:17.575+0000][44536.561s][5523][5530][info ] Total time for which application threads were stopped: 0.0001479 seconds, Stopping threads took: 0.0000253 seconds
[2025-10-02T08:37:18.575+0000][44537.561s][5523][5530][info ] Application time: 1.0000880 seconds
[2025-10-02T08:37:18.575+0000][44537.561s][5523][5530][info ] Entering safepoint region: Cleanup
[2025-10-02T08:37:18.575+0000][44537.561s][5523][5530][info ] Leaving safepoint region
[2025-10-02T08:37:18.575+0000][44537.561s][5523][5530][info ] Total time for which application threads were stopped: 0.0002083 seconds, Stopping threads took: 0.0000254 seconds
[2025-10-02T08:37:19.575+0000][44538.562s][5523][5530][info ] Application time: 1.0001012 seconds
[2025-10-02T08:37:19.575+0000][44538.562s][5523][5530][info ] Entering safepoint region: Cleanup
[2025-10-02T08:37:19.576+0000][44538.562s][5523][5530][info ] Leaving safepoint region
[2025-10-02T08:37:19.576+0000][44538.562s][5523][5530][info ] Total time for which application threads were stopped: 0.0001714 seconds, Stopping threads took: 0.0000276 seconds
[2025-10-02T08:37:20.576+0000][44539.562s][5523][5530][info ] Application time: 1.0001076 seconds
[2025-10-02T08:37:20.576+0000][44539.562s][5523][5530][info ] Entering safepoint region: Cleanup
[2025-10-02T08:37:20.576+0000][44539.562s][5523][5530][info ] Leaving safepoint region
[2025-10-02T08:37:20.576+0000][44539.562s][5523][5530][info ] Total time for which application threads were stopped: 0.0001507 seconds, Stopping threads took: 0.0000272 seconds
[2025-10-02T08:37:21.576+0000][44540.562s][5523][5530][info ] Application time: 1.0001047 seconds
[2025-10-02T08:37:21.576+0000][44540.562s][5523][5530][info ] Entering safepoint region: Cleanup
[2025-10-02T08:37:21.576+0000][44540.562s][5523][5530][info ] Leaving safepoint region
[2025-10-02T08:37:21.576+0000][44540.562s][5523][5530][info ] Total time for which application threads were stopped: 0.0001383 seconds, Stopping threads took: 0.0000274 seconds
[2025-10-02T08:37:22.576+0000][44541.562s][5523][5530][info ] Application time: 1.0000760 seconds
[2025-10-02T08:37:22.576+0000][44541.563s][5523][5530][info ] Entering safepoint region: Cleanup
[2025-10-02T08:37:22.576+0000][44541.563s][5523][5530][info ] Leaving safepoint region
[2025-10-02T08:37:22.576+0000][44541.563s][5523][5530][info ] Total time for which application threads were stopped: 0.0001377 seconds, Stopping threads took: 0.0000270 seconds
[2025-10-02T08:37:23.577+0000][44542.563s][5523][5530][info ] Application time: 1.0000743 seconds
[2025-10-02T08:37:23.577+0000][44542.563s][5523][5530][info ] Entering safepoint region: Cleanup
[2025-10-02T08:37:23.577+0000][44542.563s][5523][5530][info ] Leaving safepoint region
[2025-10-02T08:37:23.577+0000][44542.563s][5523][5530][info ] Total time for which application threads were stopped: 0.0001401 seconds, Stopping threads took: 0.0000247 seconds
[2025-10-02T08:37:24.577+0000][44543.563s][5523][5530][info ] Application time: 1.0000934 seconds
[2025-10-02T08:37:24.577+0000][44543.563s][5523][5530][info ] Entering safepoint region: Cleanup
[2025-10-02T08:37:24.577+0000][44543.563s][5523][5530][info ] Leaving safepoint region
[2025-10-02T08:37:24.577+0000][44543.563s][5523][5530][info ] Total time for which application threads were stopped: 0.0001457 seconds, Stopping threads took: 0.0000256 seconds
[2025-10-02T08:37:25.577+0000][44544.563s][5523][5530][info ] Application time: 1.0000769 seconds
[2025-10-02T08:37:25.577+0000][44544.563s][5523][5530][info ] Entering safepoint region: Cleanup
[2025-10-02T08:37:25.577+0000][44544.564s][5523][5530][info ] Leaving safepoint region
[2025-10-02T08:37:25.577+0000][44544.564s][5523][5530][info ] Total time for which application threads were stopped: 0.0001410 seconds, Stopping threads took: 0.0000280 seconds
[2025-10-02T08:37:26.308+0000][44545.295s][5523][5529][trace] CMS: promo attempt is safe: available(765483624) >= av_promo(4228508), max_promo(110276128)
[2025-10-02T08:37:26.577+0000][44545.564s][5523][5530][info ] Application time: 1.0000927 seconds
[2025-10-02T08:37:26.577+0000][44545.564s][5523][5530][info ] Entering safepoint region: Cleanup
[2025-10-02T08:37:26.578+0000][44545.564s][5523][5530][info ] Leaving safepoint region
[2025-10-02T08:37:26.578+0000][44545.564s][5523][5530][info ] Total time for which application threads were stopped: 0.0001568 seconds, Stopping threads took: 0.0000288 seconds
[2025-10-02T08:37:27.578+0000][44546.564s][5523][5530][info ] Application time: 1.0000871 seconds
[2025-10-02T08:37:27.578+0000][44546.564s][5523][5530][info ] Entering safepoint region: Cleanup
[2025-10-02T08:37:27.578+0000][44546.564s][5523][5530][info ] Leaving safepoint region
[2025-10-02T08:37:27.578+0000][44546.564s][5523][5530][info ] Total time for which application threads were stopped: 0.0001401 seconds, Stopping threads took: 0.0000282 seconds
[2025-10-02T08:37:28.578+0000][44547.564s][5523][5530][info ] Application time: 1.0000837 seconds
[2025-10-02T08:37:28.578+0000][44547.564s][5523][5530][info ] Entering safepoint region: Cleanup
[2025-10-02T08:37:28.578+0000][44547.564s][5523][5530][info ] Leaving safepoint region
[2025-10-02T08:37:28.578+0000][44547.564s][5523][5530][info ] Total time for which application threads were stopped: 0.0001520 seconds, Stopping threads took: 0.0000348 seconds
[2025-10-02T08:37:29.578+0000][44548.565s][5523][5530][info ] Application time: 1.0001006 seconds
[2025-10-02T08:37:29.578+0000][44548.565s][5523][5530][info ] Entering safepoint region: Cleanup
[2025-10-02T08:37:29.578+0000][44548.565s][5523][5530][info ] Leaving safepoint region
[2025-10-02T08:37:29.578+0000][44548.565s][5523][5530][info ] Total time for which application threads were stopped: 0.0001417 seconds, Stopping threads took: 0.0000277 seconds
[2025-10-02T08:37:30.579+0000][44549.565s][5523][5530][info ] Application time: 1.0000813 seconds
[2025-10-02T08:37:30.579+0000][44549.565s][5523][5530][info ] Entering safepoint region: Cleanup
[2025-10-02T08:37:30.579+0000][44549.565s][5523][5530][info ] Leaving safepoint region
[2025-10-02T08:37:30.579+0000][44549.565s][5523][5530][info ] Total time for which application threads were stopped: 0.0001338 seconds, Stopping threads took: 0.0000245 seconds
[2025-10-02T08:37:31.579+0000][44550.565s][5523][5530][info ] Application time: 1.0001084 seconds
[2025-10-02T08:37:31.579+0000][44550.565s][5523][5530][info ] Entering safepoint region: Cleanup
[2025-10-02T08:37:31.579+0000][44550.565s][5523][5530][info ] Leaving safepoint region
[2025-10-02T08:37:31.579+0000][44550.565s][5523][5530][info ] Total time for which application threads were stopped: 0.0003118 seconds, Stopping threads took: 0.0001685 seconds
[2025-10-02T08:37:32.579+0000][44551.566s][5523][5530][info ] Application time: 1.0000992 seconds
[2025-10-02T08:37:32.579+0000][44551.566s][5523][5530][info ] Entering safepoint region: Cleanup
[2025-10-02T08:37:32.580+0000][44551.566s][5523][5530][info ] Leaving safepoint region
[2025-10-02T08:37:32.580+0000][44551.566s][5523][5530][info ] Total time for which application threads were stopped: 0.0001741 seconds, Stopping threads took: 0.0000285 seconds
[2025-10-02T08:37:33.580+0000][44552.566s][5523][5530][info ] Application time: 1.0001079 seconds
[2025-10-02T08:37:33.580+0000][44552.566s][5523][5530][info ] Entering safepoint region: Cleanup
[2025-10-02T08:37:33.580+0000][44552.566s][5523][5530][info ] Leaving safepoint region
[2025-10-02T08:37:33.580+0000][44552.566s][5523][5530][info ] Total time for which application threads were stopped: 0.0001407 seconds, Stopping threads took: 0.0000264 seconds
[2025-10-02T08:37:34.580+0000][44553.566s][5523][5530][info ] Application time: 1.0000922 seconds
[2025-10-02T08:37:34.580+0000][44553.566s][5523][5530][info ] Entering safepoint region: Cleanup
[2025-10-02T08:37:34.580+0000][44553.566s][5523][5530][info ] Leaving safepoint region
[2025-10-02T08:37:34.580+0000][44553.566s][5523][5530][info ] Total time for which application threads were stopped: 0.0001380 seconds, Stopping threads took: 0.0000249 seconds
[2025-10-02T08:37:35.580+0000][44554.567s][5523][5530][info ] Application time: 1.0000999 seconds
[2025-10-02T08:37:35.580+0000][44554.567s][5523][5530][info ] Entering safepoint region: Cleanup
[2025-10-02T08:37:35.580+0000][44554.567s][5523][5530][info ] Leaving safepoint region
[2025-10-02T08:37:35.580+0000][44554.567s][5523][5530][info ] Total time for which application threads were stopped: 0.0001313 seconds, Stopping threads took: 0.0000243 seconds
[2025-10-02T08:37:36.308+0000][44555.294s][5523][5529][trace] CMS: promo attempt is safe: available(765483624) >= av_promo(4228508), max_promo(111131440)
[2025-10-02T08:37:36.581+0000][44555.567s][5523][5530][info ] Application time: 1.0000965 seconds
[2025-10-02T08:37:36.581+0000][44555.567s][5523][5530][info ] Entering safepoint region: Cleanup
[2025-10-02T08:37:36.581+0000][44555.567s][5523][5530][info ] Leaving safepoint region
[2025-10-02T08:37:36.581+0000][44555.567s][5523][5530][info ] Total time for which application threads were stopped: 0.0001389 seconds, Stopping threads took: 0.0000281 seconds
[2025-10-02T08:37:37.581+0000][44556.567s][5523][5530][info ] Application time: 1.0001155 seconds
[2025-10-02T08:37:37.581+0000][44556.567s][5523][5530][info ] Entering safepoint region: Cleanup
[2025-10-02T08:37:37.581+0000][44556.567s][5523][5530][info ] Leaving safepoint region
[2025-10-02T08:37:37.581+0000][44556.567s][5523][5530][info ] Total time for which application threads were stopped: 0.0001410 seconds, Stopping threads took: 0.0000255 seconds
[2025-10-02T08:37:38.581+0000][44557.567s][5523][5530][info ] Application time: 1.0001080 seconds
[2025-10-02T08:37:38.581+0000][44557.567s][5523][5530][info ] Entering safepoint region: Cleanup
[2025-10-02T08:37:38.582+0000][44557.569s][5523][5530][info ] Leaving safepoint region
[2025-10-02T08:37:38.583+0000][44557.569s][5523][5530][info ] Total time for which application threads were stopped: 0.0012688 seconds, Stopping threads took: 0.0011161 seconds
[2025-10-02T08:37:39.583+0000][44558.569s][5523][5530][info ] Application time: 1.0001114 seconds
[2025-10-02T08:37:39.583+0000][44558.569s][5523][5530][info ] Entering safepoint region: Cleanup
[2025-10-02T08:37:39.583+0000][44558.569s][5523][5530][info ] Leaving safepoint region
[2025-10-02T08:37:39.583+0000][44558.569s][5523][5530][info ] Total time for which application threads were stopped: 0.0001405 seconds, Stopping threads took: 0.0000287 seconds
[2025-10-02T08:37:40.583+0000][44559.569s][5523][5530][info ] Application time: 1.0000923 seconds
[2025-10-02T08:37:40.583+0000][44559.569s][5523][5530][info ] Entering safepoint region: Cleanup
[2025-10-02T08:37:40.583+0000][44559.569s][5523][5530][info ] Leaving safepoint region
[2025-10-02T08:37:40.583+0000][44559.569s][5523][5530][info ] Total time for which application threads were stopped: 0.0001486 seconds, Stopping threads took: 0.0000374 seconds
[2025-10-02T08:37:41.583+0000][44560.570s][5523][5530][info ] Application time: 1.0000933 seconds
[2025-10-02T08:37:41.583+0000][44560.570s][5523][5530][info ] Entering safepoint region: Cleanup
[2025-10-02T08:37:41.583+0000][44560.570s][5523][5530][info ] Leaving safepoint region
[2025-10-02T08:37:41.583+0000][44560.570s][5523][5530][info ] Total time for which application threads were stopped: 0.0001354 seconds, Stopping threads took: 0.0000253 seconds
[2025-10-02T08:37:42.584+0000][44561.570s][5523][5530][info ] Application time: 1.0001232 seconds
[2025-10-02T08:37:42.584+0000][44561.570s][5523][5530][info ] Entering safepoint region: Cleanup
[2025-10-02T08:37:42.584+0000][44561.570s][5523][5530][info ] Leaving safepoint region
[2025-10-02T08:37:42.584+0000][44561.570s][5523][5530][info ] Total time for which application threads were stopped: 0.0001366 seconds, Stopping threads took: 0.0000269 seconds
[2025-10-02T08:37:43.584+0000][44562.570s][5523][5530][info ] Application time: 1.0001017 seconds
[2025-10-02T08:37:43.584+0000][44562.570s][5523][5530][info ] Entering safepoint region: Cleanup
[2025-10-02T08:37:43.584+0000][44562.570s][5523][5530][info ] Leaving safepoint region
[2025-10-02T08:37:43.584+0000][44562.570s][5523][5530][info ] Total time for which application threads were stopped: 0.0001421 seconds, Stopping threads took: 0.0000262 seconds
[2025-10-02T08:37:44.584+0000][44563.570s][5523][5530][info ] Application time: 1.0000843 seconds
[2025-10-02T08:37:44.584+0000][44563.570s][5523][5530][info ] Entering safepoint region: Cleanup
[2025-10-02T08:37:44.584+0000][44563.571s][5523][5530][info ] Leaving safepoint region
[2025-10-02T08:37:44.584+0000][44563.571s][5523][5530][info ] Total time for which application threads were stopped: 0.0001397 seconds, Stopping threads took: 0.0000256 seconds
[2025-10-02T08:37:45.585+0000][44564.571s][5523][5530][info ] Application time: 1.0001000 seconds
[2025-10-02T08:37:45.585+0000][44564.571s][5523][5530][info ] Entering safepoint region: Cleanup
[2025-10-02T08:37:45.585+0000][44564.571s][5523][5530][info ] Leaving safepoint region
[2025-10-02T08:37:45.585+0000][44564.571s][5523][5530][info ] Total time for which application threads were stopped: 0.0001449 seconds, Stopping threads took: 0.0000329 seconds
[2025-10-02T08:37:46.307+0000][44565.293s][5523][5529][trace] CMS: promo attempt is safe: available(765483624) >= av_promo(4228508), max_promo(111173280)
[2025-10-02T08:37:46.585+0000][44565.571s][5523][5530][info ] Application time: 1.0000941 seconds
[2025-10-02T08:37:46.585+0000][44565.571s][5523][5530][info ] Entering safepoint region: Cleanup
[2025-10-02T08:37:46.585+0000][44565.571s][5523][5530][info ] Leaving safepoint region
[2025-10-02T08:37:46.585+0000][44565.571s][5523][5530][info ] Total time for which application threads were stopped: 0.0001360 seconds, Stopping threads took: 0.0000264 seconds
[2025-10-02T08:37:47.585+0000][44566.571s][5523][5530][info ] Application time: 1.0000864 seconds
[2025-10-02T08:37:47.585+0000][44566.571s][5523][5530][info ] Entering safepoint region: Cleanup
[2025-10-02T08:37:47.585+0000][44566.571s][5523][5530][info ] Leaving safepoint region
[2025-10-02T08:37:47.585+0000][44566.571s][5523][5530][info ] Total time for which application threads were stopped: 0.0001392 seconds, Stopping threads took: 0.0000281 seconds
[2025-10-02T08:37:48.585+0000][44567.572s][5523][5530][info ] Application time: 1.0000783 seconds
[2025-10-02T08:37:48.585+0000][44567.572s][5523][5530][info ] Entering safepoint region: Cleanup
[2025-10-02T08:37:48.586+0000][44567.572s][5523][5530][info ] Leaving safepoint region
[2025-10-02T08:37:48.587+0000][44567.573s][5523][5530][info ] Total time for which application threads were stopped: 0.0010775 seconds, Stopping threads took: 0.0000281 seconds
[2025-10-02T08:37:49.587+0000][44568.573s][5523][5530][info ] Application time: 1.0001133 seconds
[2025-10-02T08:37:49.587+0000][44568.573s][5523][5530][info ] Entering safepoint region: Cleanup
[2025-10-02T08:37:49.587+0000][44568.573s][5523][5530][info ] Leaving safepoint region
[2025-10-02T08:37:49.587+0000][44568.573s][5523][5530][info ] Total time for which application threads were stopped: 0.0001493 seconds, Stopping threads took: 0.0000287 seconds
[2025-10-02T08:37:50.587+0000][44569.573s][5523][5530][info ] Application time: 1.0000863 seconds
[2025-10-02T08:37:50.587+0000][44569.573s][5523][5530][info ] Entering safepoint region: Cleanup
[2025-10-02T08:37:50.587+0000][44569.573s][5523][5530][info ] Leaving safepoint region
[2025-10-02T08:37:50.587+0000][44569.573s][5523][5530][info ] Total time for which application threads were stopped: 0.0001413 seconds, Stopping threads took: 0.0000291 seconds
[2025-10-02T08:37:51.587+0000][44570.574s][5523][5530][info ] Application time: 1.0001086 seconds
[2025-10-02T08:37:51.587+0000][44570.574s][5523][5530][info ] Entering safepoint region: Cleanup
[2025-10-02T08:37:51.588+0000][44570.574s][5523][5530][info ] Leaving safepoint region
[2025-10-02T08:37:51.588+0000][44570.574s][5523][5530][info ] Total time for which application threads were stopped: 0.0001625 seconds, Stopping threads took: 0.0000253 seconds
[2025-10-02T08:37:52.588+0000][44571.574s][5523][5530][info ] Application time: 1.0001019 seconds
[2025-10-02T08:37:52.588+0000][44571.574s][5523][5530][info ] Entering safepoint region: Cleanup
[2025-10-02T08:37:52.588+0000][44571.574s][5523][5530][info ] Leaving safepoint region
[2025-10-02T08:37:52.588+0000][44571.574s][5523][5530][info ] Total time for which application threads were stopped: 0.0001401 seconds, Stopping threads took: 0.0000261 seconds
[2025-10-02T08:37:53.588+0000][44572.574s][5523][5530][info ] Application time: 1.0000949 seconds
[2025-10-02T08:37:53.588+0000][44572.574s][5523][5530][info ] Entering safepoint region: Cleanup
[2025-10-02T08:37:53.588+0000][44572.574s][5523][5530][info ] Leaving safepoint region
[2025-10-02T08:37:53.588+0000][44572.574s][5523][5530][info ] Total time for which application threads were stopped: 0.0001662 seconds, Stopping threads took: 0.0000363 seconds
[2025-10-02T08:37:54.588+0000][44573.575s][5523][5530][info ] Application time: 1.0001066 seconds
[2025-10-02T08:37:54.588+0000][44573.575s][5523][5530][info ] Entering safepoint region: Cleanup
[2025-10-02T08:37:54.589+0000][44573.575s][5523][5530][info ] Leaving safepoint region
[2025-10-02T08:37:54.589+0000][44573.575s][5523][5530][info ] Total time for which application threads were stopped: 0.0001690 seconds, Stopping threads took: 0.0000265 seconds
[2025-10-02T08:37:55.589+0000][44574.575s][5523][5530][info ] Application time: 1.0001035 seconds
[2025-10-02T08:37:55.589+0000][44574.575s][5523][5530][info ] Entering safepoint region: Cleanup
[2025-10-02T08:37:55.589+0000][44574.575s][5523][5530][info ] Leaving safepoint region
[2025-10-02T08:37:55.589+0000][44574.575s][5523][5530][info ] Total time for which application threads were stopped: 0.0001440 seconds, Stopping threads took: 0.0000287 seconds
[2025-10-02T08:37:56.306+0000][44575.292s][5523][5529][trace] CMS: promo attempt is safe: available(765483624) >= av_promo(4228508), max_promo(111178272)
[2025-10-02T08:37:56.589+0000][44575.575s][5523][5530][info ] Application time: 1.0000977 seconds
[2025-10-02T08:37:56.589+0000][44575.575s][5523][5530][info ] Entering safepoint region: Cleanup
[2025-10-02T08:37:56.589+0000][44575.575s][5523][5530][info ] Leaving safepoint region
[2025-10-02T08:37:56.589+0000][44575.575s][5523][5530][info ] Total time for which application threads were stopped: 0.0001364 seconds, Stopping threads took: 0.0000262 seconds
[2025-10-02T08:37:57.589+0000][44576.575s][5523][5530][info ] Application time: 1.0001039 seconds
[2025-10-02T08:37:57.589+0000][44576.576s][5523][5530][info ] Entering safepoint region: Cleanup
[2025-10-02T08:37:57.589+0000][44576.576s][5523][5530][info ] Leaving safepoint region
[2025-10-02T08:37:57.589+0000][44576.576s][5523][5530][info ] Total time for which application threads were stopped: 0.0001631 seconds, Stopping threads took: 0.0000450 seconds
[2025-10-02T08:37:58.590+0000][44577.576s][5523][5530][info ] Application time: 1.0001163 seconds
[2025-10-02T08:37:58.590+0000][44577.576s][5523][5530][info ] Entering safepoint region: Cleanup
[2025-10-02T08:37:58.590+0000][44577.576s][5523][5530][info ] Leaving safepoint region
[2025-10-02T08:37:58.590+0000][44577.576s][5523][5530][info ] Total time for which application threads were stopped: 0.0001422 seconds, Stopping threads took: 0.0000310 seconds
[2025-10-02T08:37:59.590+0000][44578.576s][5523][5530][info ] Application time: 1.0001028 seconds
[2025-10-02T08:37:59.590+0000][44578.576s][5523][5530][info ] Entering safepoint region: Cleanup
[2025-10-02T08:37:59.590+0000][44578.576s][5523][5530][info ] Leaving safepoint region
[2025-10-02T08:37:59.590+0000][44578.576s][5523][5530][info ] Total time for which application threads were stopped: 0.0001388 seconds, Stopping threads took: 0.0000263 seconds
[2025-10-02T08:38:00.590+0000][44579.576s][5523][5530][info ] Application time: 1.0001155 seconds
[2025-10-02T08:38:00.590+0000][44579.577s][5523][5530][info ] Entering safepoint region: Cleanup
[2025-10-02T08:38:00.590+0000][44579.577s][5523][5530][info ] Leaving safepoint region
[2025-10-02T08:38:00.590+0000][44579.577s][5523][5530][info ] Total time for which application threads were stopped: 0.0001475 seconds, Stopping threads took: 0.0000263 seconds
[2025-10-02T08:38:01.591+0000][44580.577s][5523][5530][info ] Application time: 1.0001062 seconds
[2025-10-02T08:38:01.591+0000][44580.577s][5523][5530][info ] Entering safepoint region: Cleanup
[2025-10-02T08:38:01.592+0000][44580.578s][5523][5530][info ] Leaving safepoint region
[2025-10-02T08:38:01.592+0000][44580.578s][5523][5530][info ] Total time for which application threads were stopped: 0.0006467 seconds, Stopping threads took: 0.0000407 seconds
[2025-10-02T08:38:02.592+0000][44581.578s][5523][5530][info ] Application time: 1.0001014 seconds
[2025-10-02T08:38:02.592+0000][44581.578s][5523][5530][info ] Entering safepoint region: Cleanup
[2025-10-02T08:38:02.592+0000][44581.578s][5523][5530][info ] Leaving safepoint region
[2025-10-02T08:38:02.592+0000][44581.578s][5523][5530][info ] Total time for which application threads were stopped: 0.0001482 seconds, Stopping threads took: 0.0000274 seconds
[2025-10-02T08:38:03.592+0000][44582.578s][5523][5530][info ] Application time: 1.0000977 seconds
[2025-10-02T08:38:03.592+0000][44582.578s][5523][5530][info ] Entering safepoint region: Cleanup
[2025-10-02T08:38:03.592+0000][44582.578s][5523][5530][info ] Leaving safepoint region
[2025-10-02T08:38:03.592+0000][44582.578s][5523][5530][info ] Total time for which application threads were stopped: 0.0001408 seconds, Stopping threads took: 0.0000282 seconds
[2025-10-02T08:38:04.592+0000][44583.578s][5523][5530][info ] Application time: 1.0000932 seconds
[2025-10-02T08:38:04.592+0000][44583.579s][5523][5530][info ] Entering safepoint region: Cleanup
[2025-10-02T08:38:04.592+0000][44583.579s][5523][5530][info ] Leaving safepoint region
[2025-10-02T08:38:04.592+0000][44583.579s][5523][5530][info ] Total time for which application threads were stopped: 0.0001398 seconds, Stopping threads took: 0.0000272 seconds
[2025-10-02T08:38:05.593+0000][44584.579s][5523][5530][info ] Application time: 1.0000972 seconds
[2025-10-02T08:38:05.593+0000][44584.579s][5523][5530][info ] Entering safepoint region: Cleanup
[2025-10-02T08:38:05.593+0000][44584.579s][5523][5530][info ] Leaving safepoint region
[2025-10-02T08:38:05.593+0000][44584.579s][5523][5530][info ] Total time for which application threads were stopped: 0.0001477 seconds, Stopping threads took: 0.0000270 seconds
[2025-10-02T08:38:06.306+0000][44585.292s][5523][5529][trace] CMS: promo attempt is safe: available(765483624) >= av_promo(4228508), max_promo(112354832)
[2025-10-02T08:38:06.593+0000][44585.579s][5523][5530][info ] Application time: 1.0001027 seconds
[2025-10-02T08:38:06.593+0000][44585.579s][5523][5530][info ] Entering safepoint region: Cleanup
[2025-10-02T08:38:06.593+0000][44585.579s][5523][5530][info ] Leaving safepoint region
[2025-10-02T08:38:06.593+0000][44585.579s][5523][5530][info ] Total time for which application threads were stopped: 0.0001440 seconds, Stopping threads took: 0.0000266 seconds
[2025-10-02T08:38:07.593+0000][44586.579s][5523][5530][info ] Application time: 1.0001067 seconds
[2025-10-02T08:38:07.593+0000][44586.579s][5523][5530][info ] Entering safepoint region: Cleanup
[2025-10-02T08:38:07.593+0000][44586.580s][5523][5530][info ] Leaving safepoint region
[2025-10-02T08:38:07.593+0000][44586.580s][5523][5530][info ] Total time for which application threads were stopped: 0.0001397 seconds, Stopping threads took: 0.0000270 seconds
[2025-10-02T08:38:08.593+0000][44587.580s][5523][5530][info ] Application time: 1.0001062 seconds
[2025-10-02T08:38:08.594+0000][44587.580s][5523][5530][info ] Entering safepoint region: Cleanup
[2025-10-02T08:38:08.595+0000][44587.581s][5523][5530][info ] Leaving safepoint region
[2025-10-02T08:38:08.595+0000][44587.581s][5523][5530][info ] Total time for which application threads were stopped: 0.0012389 seconds, Stopping threads took: 0.0010973 seconds
[2025-10-02T08:38:09.595+0000][44588.581s][5523][5530][info ] Application time: 1.0001105 seconds
[2025-10-02T08:38:09.595+0000][44588.581s][5523][5530][info ] Entering safepoint region: Cleanup
[2025-10-02T08:38:09.595+0000][44588.581s][5523][5530][info ] Leaving safepoint region
[2025-10-02T08:38:09.595+0000][44588.581s][5523][5530][info ] Total time for which application threads were stopped: 0.0002641 seconds, Stopping threads took: 0.0000288 seconds
[2025-10-02T08:38:10.595+0000][44589.582s][5523][5530][info ] Application time: 1.0001124 seconds
[2025-10-02T08:38:10.595+0000][44589.582s][5523][5530][info ] Entering safepoint region: Cleanup
[2025-10-02T08:38:10.596+0000][44589.582s][5523][5530][info ] Leaving safepoint region
[2025-10-02T08:38:10.596+0000][44589.582s][5523][5530][info ] Total time for which application threads were stopped: 0.0001752 seconds, Stopping threads took: 0.0000269 seconds
[2025-10-02T08:38:11.596+0000][44590.582s][5523][5530][info ] Application time: 1.0000738 seconds
[2025-10-02T08:38:11.596+0000][44590.582s][5523][5530][info ] Entering safepoint region: Cleanup
[2025-10-02T08:38:11.596+0000][44590.582s][5523][5530][info ] Leaving safepoint region
[2025-10-02T08:38:11.596+0000][44590.582s][5523][5530][info ] Total time for which application threads were stopped: 0.0001375 seconds, Stopping threads took: 0.0000271 seconds
[2025-10-02T08:38:12.596+0000][44591.582s][5523][5530][info ] Application time: 1.0001003 seconds
[2025-10-02T08:38:12.596+0000][44591.582s][5523][5530][info ] Entering safepoint region: Cleanup
[2025-10-02T08:38:12.596+0000][44591.582s][5523][5530][info ] Leaving safepoint region
[2025-10-02T08:38:12.596+0000][44591.582s][5523][5530][info ] Total time for which application threads were stopped: 0.0001347 seconds, Stopping threads took: 0.0000270 seconds
[2025-10-02T08:38:13.596+0000][44592.582s][5523][5530][info ] Application time: 1.0000996 seconds
[2025-10-02T08:38:13.596+0000][44592.583s][5523][5530][info ] Entering safepoint region: Cleanup
[2025-10-02T08:38:13.596+0000][44592.583s][5523][5530][info ] Leaving safepoint region
[2025-10-02T08:38:13.596+0000][44592.583s][5523][5530][info ] Total time for which application threads were stopped: 0.0001368 seconds, Stopping threads took: 0.0000262 seconds
[2025-10-02T08:38:14.597+0000][44593.583s][5523][5530][info ] Application time: 1.0000846 seconds
[2025-10-02T08:38:14.597+0000][44593.583s][5523][5530][info ] Entering safepoint region: Cleanup
[2025-10-02T08:38:14.597+0000][44593.583s][5523][5530][info ] Leaving safepoint region
[2025-10-02T08:38:14.597+0000][44593.583s][5523][5530][info ] Total time for which application threads were stopped: 0.0001369 seconds, Stopping threads took: 0.0000275 seconds
[2025-10-02T08:38:15.597+0000][44594.583s][5523][5530][info ] Application time: 1.0000740 seconds
[2025-10-02T08:38:15.597+0000][44594.583s][5523][5530][info ] Entering safepoint region: Cleanup
[2025-10-02T08:38:15.597+0000][44594.583s][5523][5530][info ] Leaving safepoint region
[2025-10-02T08:38:15.597+0000][44594.583s][5523][5530][info ] Total time for which application threads were stopped: 0.0001350 seconds, Stopping threads took: 0.0000253 seconds
[2025-10-02T08:38:16.305+0000][44595.291s][5523][5529][trace] CMS: promo attempt is safe: available(765483624) >= av_promo(4228508), max_promo(112428792)
[2025-10-02T08:38:16.597+0000][44595.583s][5523][5530][info ] Application time: 1.0000883 seconds
[2025-10-02T08:38:16.597+0000][44595.583s][5523][5530][info ] Entering safepoint region: Cleanup
[2025-10-02T08:38:16.597+0000][44595.583s][5523][5530][info ] Leaving safepoint region
[2025-10-02T08:38:16.597+0000][44595.583s][5523][5530][info ] Total time for which application threads were stopped: 0.0001459 seconds, Stopping threads took: 0.0000255 seconds
[2025-10-02T08:38:17.597+0000][44596.584s][5523][5530][info ] Application time: 1.0000890 seconds
[2025-10-02T08:38:17.597+0000][44596.584s][5523][5530][info ] Entering safepoint region: Cleanup
[2025-10-02T08:38:17.598+0000][44596.584s][5523][5530][info ] Leaving safepoint region
[2025-10-02T08:38:17.598+0000][44596.584s][5523][5530][info ] Total time for which application threads were stopped: 0.0001552 seconds, Stopping threads took: 0.0000268 seconds
[2025-10-02T08:38:18.598+0000][44597.584s][5523][5530][info ] Application time: 1.0000903 seconds
[2025-10-02T08:38:18.598+0000][44597.584s][5523][5530][info ] Entering safepoint region: Cleanup
[2025-10-02T08:38:18.598+0000][44597.584s][5523][5530][info ] Leaving safepoint region
[2025-10-02T08:38:18.598+0000][44597.584s][5523][5530][info ] Total time for which application threads were stopped: 0.0001449 seconds, Stopping threads took: 0.0000338 seconds
[2025-10-02T08:38:19.598+0000][44598.584s][5523][5530][info ] Application time: 1.0001026 seconds
[2025-10-02T08:38:19.598+0000][44598.584s][5523][5530][info ] Entering safepoint region: Cleanup
[2025-10-02T08:38:19.598+0000][44598.584s][5523][5530][info ] Leaving safepoint region
[2025-10-02T08:38:19.598+0000][44598.584s][5523][5530][info ] Total time for which application threads were stopped: 0.0001370 seconds, Stopping threads took: 0.0000273 seconds
[2025-10-02T08:38:20.598+0000][44599.584s][5523][5530][info ] Application time: 1.0000963 seconds
[2025-10-02T08:38:20.598+0000][44599.585s][5523][5530][info ] Entering safepoint region: Cleanup
[2025-10-02T08:38:20.598+0000][44599.585s][5523][5530][info ] Leaving safepoint region
[2025-10-02T08:38:20.598+0000][44599.585s][5523][5530][info ] Total time for which application threads were stopped: 0.0001359 seconds, Stopping threads took: 0.0000260 seconds
[2025-10-02T08:38:21.599+0000][44600.585s][5523][5530][info ] Application time: 1.0001110 seconds
[2025-10-02T08:38:21.599+0000][44600.585s][5523][5530][info ] Entering safepoint region: Cleanup
[2025-10-02T08:38:21.599+0000][44600.585s][5523][5530][info ] Leaving safepoint region
[2025-10-02T08:38:21.599+0000][44600.585s][5523][5530][info ] Total time for which application threads were stopped: 0.0001393 seconds, Stopping threads took: 0.0000278 seconds
[2025-10-02T08:38:22.599+0000][44601.585s][5523][5530][info ] Application time: 1.0001005 seconds
[2025-10-02T08:38:22.599+0000][44601.585s][5523][5530][info ] Entering safepoint region: Cleanup
[2025-10-02T08:38:22.599+0000][44601.585s][5523][5530][info ] Leaving safepoint region
[2025-10-02T08:38:22.599+0000][44601.585s][5523][5530][info ] Total time for which application threads were stopped: 0.0002203 seconds, Stopping threads took: 0.0000276 seconds
[2025-10-02T08:38:23.599+0000][44602.585s][5523][5530][info ] Application time: 1.0001032 seconds
[2025-10-02T08:38:23.599+0000][44602.586s][5523][5530][info ] Entering safepoint region: Cleanup
[2025-10-02T08:38:23.599+0000][44602.586s][5523][5530][info ] Leaving safepoint region
[2025-10-02T08:38:23.599+0000][44602.586s][5523][5530][info ] Total time for which application threads were stopped: 0.0001541 seconds, Stopping threads took: 0.0000431 seconds
[2025-10-02T08:38:24.600+0000][44603.586s][5523][5530][info ] Application time: 1.0001140 seconds
[2025-10-02T08:38:24.600+0000][44603.586s][5523][5530][info ] Entering safepoint region: Cleanup
[2025-10-02T08:38:24.600+0000][44603.586s][5523][5530][info ] Leaving safepoint region
[2025-10-02T08:38:24.600+0000][44603.586s][5523][5530][info ] Total time for which application threads were stopped: 0.0001454 seconds, Stopping threads took: 0.0000292 seconds
[2025-10-02T08:38:25.600+0000][44604.586s][5523][5530][info ] Application time: 1.0000978 seconds
[2025-10-02T08:38:25.600+0000][44604.586s][5523][5530][info ] Entering safepoint region: Cleanup
[2025-10-02T08:38:25.600+0000][44604.586s][5523][5530][info ] Leaving safepoint region
[2025-10-02T08:38:25.600+0000][44604.586s][5523][5530][info ] Total time for which application threads were stopped: 0.0001427 seconds, Stopping threads took: 0.0000259 seconds
[2025-10-02T08:38:26.305+0000][44605.291s][5523][5529][trace] CMS: promo attempt is safe: available(765483624) >= av_promo(4228508), max_promo(113153672)
[2025-10-02T08:38:26.600+0000][44605.586s][5523][5530][info ] Application time: 1.0000756 seconds
[2025-10-02T08:38:26.600+0000][44605.586s][5523][5530][info ] Entering safepoint region: Cleanup
[2025-10-02T08:38:26.600+0000][44605.587s][5523][5530][info ] Leaving safepoint region
[2025-10-02T08:38:26.600+0000][44605.587s][5523][5530][info ] Total time for which application threads were stopped: 0.0001345 seconds, Stopping threads took: 0.0000257 seconds
[2025-10-02T08:38:27.600+0000][44606.587s][5523][5530][info ] Application time: 1.0000984 seconds
[2025-10-02T08:38:27.601+0000][44606.587s][5523][5530][info ] Entering safepoint region: Cleanup
[2025-10-02T08:38:27.601+0000][44606.587s][5523][5530][info ] Leaving safepoint region
[2025-10-02T08:38:27.601+0000][44606.587s][5523][5530][info ] Total time for which application threads were stopped: 0.0001471 seconds, Stopping threads took: 0.0000322 seconds
[2025-10-02T08:38:28.601+0000][44607.587s][5523][5530][info ] Application time: 1.0001025 seconds
[2025-10-02T08:38:28.601+0000][44607.587s][5523][5530][info ] Entering safepoint region: Cleanup
[2025-10-02T08:38:28.602+0000][44607.588s][5523][5530][info ] Leaving safepoint region
[2025-10-02T08:38:28.602+0000][44607.588s][5523][5530][info ] Total time for which application threads were stopped: 0.0012111 seconds, Stopping threads took: 0.0010762 seconds
[2025-10-02T08:38:29.602+0000][44608.588s][5523][5530][info ] Application time: 1.0001022 seconds
[2025-10-02T08:38:29.602+0000][44608.588s][5523][5530][info ] Entering safepoint region: Cleanup
[2025-10-02T08:38:29.602+0000][44608.589s][5523][5530][info ] Leaving safepoint region
[2025-10-02T08:38:29.602+0000][44608.589s][5523][5530][info ] Total time for which application threads were stopped: 0.0001422 seconds, Stopping threads took: 0.0000279 seconds
[2025-10-02T08:38:30.603+0000][44609.589s][5523][5530][info ] Application time: 1.0001039 seconds
[2025-10-02T08:38:30.603+0000][44609.589s][5523][5530][info ] Entering safepoint region: Cleanup
[2025-10-02T08:38:30.603+0000][44609.589s][5523][5530][info ] Leaving safepoint region
[2025-10-02T08:38:30.603+0000][44609.589s][5523][5530][info ] Total time for which application threads were stopped: 0.0001357 seconds, Stopping threads took: 0.0000244 seconds
[2025-10-02T08:38:31.603+0000][44610.589s][5523][5530][info ] Application time: 1.0000992 seconds
[2025-10-02T08:38:31.603+0000][44610.589s][5523][5530][info ] Entering safepoint region: Cleanup
[2025-10-02T08:38:31.603+0000][44610.589s][5523][5530][info ] Leaving safepoint region
[2025-10-02T08:38:31.603+0000][44610.589s][5523][5530][info ] Total time for which application threads were stopped: 0.0001985 seconds, Stopping threads took: 0.0000271 seconds
[2025-10-02T08:38:32.603+0000][44611.589s][5523][5530][info ] Application time: 1.0001210 seconds
[2025-10-02T08:38:32.603+0000][44611.589s][5523][5530][info ] Entering safepoint region: Cleanup
[2025-10-02T08:38:32.603+0000][44611.590s][5523][5530][info ] Leaving safepoint region
[2025-10-02T08:38:32.603+0000][44611.590s][5523][5530][info ] Total time for which application threads were stopped: 0.0001417 seconds, Stopping threads took: 0.0000289 seconds
[2025-10-02T08:38:33.604+0000][44612.590s][5523][5530][info ] Application time: 1.0001378 seconds
[2025-10-02T08:38:33.604+0000][44612.590s][5523][5530][info ] Entering safepoint region: Cleanup
[2025-10-02T08:38:33.604+0000][44612.590s][5523][5530][info ] Leaving safepoint region
[2025-10-02T08:38:33.604+0000][44612.590s][5523][5530][info ] Total time for which application threads were stopped: 0.0001378 seconds, Stopping threads took: 0.0000281 seconds
[2025-10-02T08:38:34.604+0000][44613.590s][5523][5530][info ] Application time: 1.0000778 seconds
[2025-10-02T08:38:34.604+0000][44613.590s][5523][5530][info ] Entering safepoint region: Cleanup
[2025-10-02T08:38:34.604+0000][44613.590s][5523][5530][info ] Leaving safepoint region
[2025-10-02T08:38:34.604+0000][44613.590s][5523][5530][info ] Total time for which application threads were stopped: 0.0001329 seconds, Stopping threads took: 0.0000262 seconds
[2025-10-02T08:38:35.604+0000][44614.590s][5523][5530][info ] Application time: 1.0001046 seconds
[2025-10-02T08:38:35.604+0000][44614.590s][5523][5530][info ] Entering safepoint region: Cleanup
[2025-10-02T08:38:35.604+0000][44614.590s][5523][5530][info ] Leaving safepoint region
[2025-10-02T08:38:35.604+0000][44614.591s][5523][5530][info ] Total time for which application threads were stopped: 0.0001374 seconds, Stopping threads took: 0.0000262 seconds
[2025-10-02T08:38:36.304+0000][44615.291s][5523][5529][trace] CMS: promo attempt is safe: available(765483624) >= av_promo(4228508), max_promo(113158672)
[2025-10-02T08:38:36.604+0000][44615.591s][5523][5530][info ] Application time: 1.0000907 seconds
[2025-10-02T08:38:36.604+0000][44615.591s][5523][5530][info ] Entering safepoint region: Cleanup
[2025-10-02T08:38:36.605+0000][44615.591s][5523][5530][info ] Leaving safepoint region
[2025-10-02T08:38:36.605+0000][44615.591s][5523][5530][info ] Total time for which application threads were stopped: 0.0001549 seconds, Stopping threads took: 0.0000235 seconds
[2025-10-02T08:38:37.605+0000][44616.591s][5523][5530][info ] Application time: 1.0000826 seconds
[2025-10-02T08:38:37.605+0000][44616.591s][5523][5530][info ] Entering safepoint region: Cleanup
[2025-10-02T08:38:37.605+0000][44616.591s][5523][5530][info ] Leaving safepoint region
[2025-10-02T08:38:37.605+0000][44616.591s][5523][5530][info ] Total time for which application threads were stopped: 0.0001434 seconds, Stopping threads took: 0.0000317 seconds
[2025-10-02T08:38:38.605+0000][44617.591s][5523][5530][info ] Application time: 1.0000913 seconds
[2025-10-02T08:38:38.605+0000][44617.591s][5523][5530][info ] Entering safepoint region: Cleanup
[2025-10-02T08:38:38.605+0000][44617.591s][5523][5530][info ] Leaving safepoint region
[2025-10-02T08:38:38.605+0000][44617.591s][5523][5530][info ] Total time for which application threads were stopped: 0.0001505 seconds, Stopping threads took: 0.0000340 seconds
[2025-10-02T08:38:39.605+0000][44618.592s][5523][5530][info ] Application time: 1.0001047 seconds
[2025-10-02T08:38:39.605+0000][44618.592s][5523][5530][info ] Entering safepoint region: Cleanup
[2025-10-02T08:38:39.605+0000][44618.592s][5523][5530][info ] Leaving safepoint region
[2025-10-02T08:38:39.605+0000][44618.592s][5523][5530][info ] Total time for which application threads were stopped: 0.0001527 seconds, Stopping threads took: 0.0000316 seconds
[2025-10-02T08:38:40.606+0000][44619.592s][5523][5530][info ] Application time: 1.0000851 seconds
[2025-10-02T08:38:40.606+0000][44619.592s][5523][5530][info ] Entering safepoint region: Cleanup
[2025-10-02T08:38:40.606+0000][44619.592s][5523][5530][info ] Leaving safepoint region
[2025-10-02T08:38:40.606+0000][44619.592s][5523][5530][info ] Total time for which application threads were stopped: 0.0001497 seconds, Stopping threads took: 0.0000257 seconds
[2025-10-02T08:38:41.606+0000][44620.592s][5523][5530][info ] Application time: 1.0000800 seconds
[2025-10-02T08:38:41.606+0000][44620.592s][5523][5530][info ] Entering safepoint region: Cleanup
[2025-10-02T08:38:41.606+0000][44620.592s][5523][5530][info ] Leaving safepoint region
[2025-10-02T08:38:41.606+0000][44620.592s][5523][5530][info ] Total time for which application threads were stopped: 0.0001394 seconds, Stopping threads took: 0.0000246 seconds
[2025-10-02T08:38:42.606+0000][44621.592s][5523][5530][info ] Application time: 1.0001024 seconds
[2025-10-02T08:38:42.606+0000][44621.592s][5523][5530][info ] Entering safepoint region: Cleanup
[2025-10-02T08:38:42.606+0000][44621.593s][5523][5530][info ] Leaving safepoint region
[2025-10-02T08:38:42.606+0000][44621.593s][5523][5530][info ] Total time for which application threads were stopped: 0.0001396 seconds, Stopping threads took: 0.0000257 seconds
[2025-10-02T08:38:43.606+0000][44622.593s][5523][5530][info ] Application time: 1.0001008 seconds
[2025-10-02T08:38:43.607+0000][44622.593s][5523][5530][info ] Entering safepoint region: Cleanup
[2025-10-02T08:38:43.607+0000][44622.593s][5523][5530][info ] Leaving safepoint region
[2025-10-02T08:38:43.607+0000][44622.593s][5523][5530][info ] Total time for which application threads were stopped: 0.0001431 seconds, Stopping threads took: 0.0000288 seconds
[2025-10-02T08:38:44.607+0000][44623.593s][5523][5530][info ] Application time: 1.0000847 seconds
[2025-10-02T08:38:44.607+0000][44623.593s][5523][5530][info ] Entering safepoint region: Cleanup
[2025-10-02T08:38:44.607+0000][44623.593s][5523][5530][info ] Leaving safepoint region
[2025-10-02T08:38:44.607+0000][44623.593s][5523][5530][info ] Total time for which application threads were stopped: 0.0002255 seconds, Stopping threads took: 0.0000373 seconds
[2025-10-02T08:38:45.607+0000][44624.593s][5523][5530][info ] Application time: 1.0000951 seconds
[2025-10-02T08:38:45.607+0000][44624.593s][5523][5530][info ] Entering safepoint region: Cleanup
[2025-10-02T08:38:45.607+0000][44624.594s][5523][5530][info ] Leaving safepoint region
[2025-10-02T08:38:45.607+0000][44624.594s][5523][5530][info ] Total time for which application threads were stopped: 0.0001479 seconds, Stopping threads took: 0.0000261 seconds
[2025-10-02T08:38:46.305+0000][44625.291s][5523][5529][trace] CMS: promo attempt is safe: available(765483624) >= av_promo(4228508), max_promo(113292784)
[2025-10-02T08:38:46.607+0000][44625.594s][5523][5530][info ] Application time: 1.0001105 seconds
[2025-10-02T08:38:46.608+0000][44625.594s][5523][5530][info ] Entering safepoint region: Cleanup
[2025-10-02T08:38:46.608+0000][44625.594s][5523][5530][info ] Leaving safepoint region
[2025-10-02T08:38:46.608+0000][44625.594s][5523][5530][info ] Total time for which application threads were stopped: 0.0001384 seconds, Stopping threads took: 0.0000293 seconds
[2025-10-02T08:38:47.608+0000][44626.594s][5523][5530][info ] Application time: 1.0001004 seconds
[2025-10-02T08:38:47.608+0000][44626.594s][5523][5530][info ] Entering safepoint region: Cleanup
[2025-10-02T08:38:47.608+0000][44626.594s][5523][5530][info ] Leaving safepoint region
[2025-10-02T08:38:47.608+0000][44626.594s][5523][5530][info ] Total time for which application threads were stopped: 0.0001330 seconds, Stopping threads took: 0.0000247 seconds
[2025-10-02T08:38:48.608+0000][44627.594s][5523][5530][info ] Application time: 1.0000980 seconds
[2025-10-02T08:38:48.608+0000][44627.594s][5523][5530][info ] Entering safepoint region: Cleanup
[2025-10-02T08:38:48.609+0000][44627.596s][5523][5530][info ] Leaving safepoint region
[2025-10-02T08:38:48.609+0000][44627.596s][5523][5530][info ] Total time for which application threads were stopped: 0.0012164 seconds, Stopping threads took: 0.0010844 seconds
[2025-10-02T08:38:49.609+0000][44628.596s][5523][5530][info ] Application time: 1.0001002 seconds
[2025-10-02T08:38:49.610+0000][44628.596s][5523][5530][info ] Entering safepoint region: Cleanup
[2025-10-02T08:38:49.610+0000][44628.596s][5523][5530][info ] Leaving safepoint region
[2025-10-02T08:38:49.610+0000][44628.596s][5523][5530][info ] Total time for which application threads were stopped: 0.0001337 seconds, Stopping threads took: 0.0000264 seconds
[2025-10-02T08:38:50.610+0000][44629.596s][5523][5530][info ] Application time: 1.0001065 seconds
[2025-10-02T08:38:50.610+0000][44629.596s][5523][5530][info ] Entering safepoint region: Cleanup
[2025-10-02T08:38:50.610+0000][44629.596s][5523][5530][info ] Leaving safepoint region
[2025-10-02T08:38:50.610+0000][44629.596s][5523][5530][info ] Total time for which application threads were stopped: 0.0001359 seconds, Stopping threads took: 0.0000271 seconds
[2025-10-02T08:38:51.610+0000][44630.596s][5523][5530][info ] Application time: 1.0001147 seconds
[2025-10-02T08:38:51.610+0000][44630.596s][5523][5530][info ] Entering safepoint region: Cleanup
[2025-10-02T08:38:51.610+0000][44630.596s][5523][5530][info ] Leaving safepoint region
[2025-10-02T08:38:51.610+0000][44630.596s][5523][5530][info ] Total time for which application threads were stopped: 0.0001389 seconds, Stopping threads took: 0.0000245 seconds
[2025-10-02T08:38:52.610+0000][44631.597s][5523][5530][info ] Application time: 1.0000836 seconds
[2025-10-02T08:38:52.610+0000][44631.597s][5523][5530][info ] Entering safepoint region: Cleanup
[2025-10-02T08:38:52.611+0000][44631.597s][5523][5530][info ] Leaving safepoint region
[2025-10-02T08:38:52.611+0000][44631.597s][5523][5530][info ] Total time for which application threads were stopped: 0.0001602 seconds, Stopping threads took: 0.0000261 seconds
[2025-10-02T08:38:53.611+0000][44632.597s][5523][5530][info ] Application time: 1.0000900 seconds
[2025-10-02T08:38:53.611+0000][44632.597s][5523][5530][info ] Entering safepoint region: Cleanup
[2025-10-02T08:38:53.611+0000][44632.597s][5523][5530][info ] Leaving safepoint region
[2025-10-02T08:38:53.611+0000][44632.597s][5523][5530][info ] Total time for which application threads were stopped: 0.0001406 seconds, Stopping threads took: 0.0000306 seconds
[2025-10-02T08:38:54.611+0000][44633.597s][5523][5530][info ] Application time: 1.0001023 seconds
[2025-10-02T08:38:54.611+0000][44633.597s][5523][5530][info ] Entering safepoint region: Cleanup
[2025-10-02T08:38:54.611+0000][44633.597s][5523][5530][info ] Leaving safepoint region
[2025-10-02T08:38:54.611+0000][44633.597s][5523][5530][info ] Total time for which application threads were stopped: 0.0001454 seconds, Stopping threads took: 0.0000258 seconds
[2025-10-02T08:38:55.611+0000][44634.598s][5523][5530][info ] Application time: 1.0000989 seconds
[2025-10-02T08:38:55.611+0000][44634.598s][5523][5530][info ] Entering safepoint region: Cleanup
[2025-10-02T08:38:55.611+0000][44634.598s][5523][5530][info ] Leaving safepoint region
[2025-10-02T08:38:55.612+0000][44634.598s][5523][5530][info ] Total time for which application threads were stopped: 0.0001716 seconds, Stopping threads took: 0.0000274 seconds
[2025-10-02T08:38:56.305+0000][44635.291s][5523][5529][trace] CMS: promo attempt is safe: available(765483624) >= av_promo(4228508), max_promo(113366728)
[2025-10-02T08:38:56.612+0000][44635.598s][5523][5530][info ] Application time: 1.0001055 seconds
[2025-10-02T08:38:56.612+0000][44635.598s][5523][5530][info ] Entering safepoint region: Cleanup
[2025-10-02T08:38:56.612+0000][44635.598s][5523][5530][info ] Leaving safepoint region
[2025-10-02T08:38:56.612+0000][44635.598s][5523][5530][info ] Total time for which application threads were stopped: 0.0001491 seconds, Stopping threads took: 0.0000369 seconds
[2025-10-02T08:38:57.612+0000][44636.598s][5523][5530][info ] Application time: 1.0001036 seconds
[2025-10-02T08:38:57.612+0000][44636.598s][5523][5530][info ] Entering safepoint region: Cleanup
[2025-10-02T08:38:57.612+0000][44636.598s][5523][5530][info ] Leaving safepoint region
[2025-10-02T08:38:57.612+0000][44636.598s][5523][5530][info ] Total time for which application threads were stopped: 0.0001399 seconds, Stopping threads took: 0.0000276 seconds
[2025-10-02T08:38:58.612+0000][44637.598s][5523][5530][info ] Application time: 1.0000766 seconds
[2025-10-02T08:38:58.612+0000][44637.599s][5523][5530][info ] Entering safepoint region: Cleanup
[2025-10-02T08:38:58.612+0000][44637.599s][5523][5530][info ] Leaving safepoint region
[2025-10-02T08:38:58.612+0000][44637.599s][5523][5530][info ] Total time for which application threads were stopped: 0.0001385 seconds, Stopping threads took: 0.0000260 seconds
[2025-10-02T08:38:59.613+0000][44638.599s][5523][5530][info ] Application time: 1.0001055 seconds
[2025-10-02T08:38:59.613+0000][44638.599s][5523][5530][info ] Entering safepoint region: Cleanup
[2025-10-02T08:38:59.613+0000][44638.599s][5523][5530][info ] Leaving safepoint region
[2025-10-02T08:38:59.613+0000][44638.599s][5523][5530][info ] Total time for which application threads were stopped: 0.0001287 seconds, Stopping threads took: 0.0000236 seconds
[2025-10-02T08:39:00.613+0000][44639.599s][5523][5530][info ] Application time: 1.0000827 seconds
[2025-10-02T08:39:00.613+0000][44639.599s][5523][5530][info ] Entering safepoint region: Cleanup
[2025-10-02T08:39:00.613+0000][44639.599s][5523][5530][info ] Leaving safepoint region
[2025-10-02T08:39:00.613+0000][44639.599s][5523][5530][info ] Total time for which application threads were stopped: 0.0001351 seconds, Stopping threads took: 0.0000260 seconds
[2025-10-02T08:39:01.613+0000][44640.599s][5523][5530][info ] Application time: 1.0001134 seconds
[2025-10-02T08:39:01.613+0000][44640.599s][5523][5530][info ] Entering safepoint region: Cleanup
[2025-10-02T08:39:01.613+0000][44640.600s][5523][5530][info ] Leaving safepoint region
[2025-10-02T08:39:01.613+0000][44640.600s][5523][5530][info ] Total time for which application threads were stopped: 0.0001370 seconds, Stopping threads took: 0.0000274 seconds
[2025-10-02T08:39:02.613+0000][44641.600s][5523][5530][info ] Application time: 1.0001192 seconds
[2025-10-02T08:39:02.613+0000][44641.600s][5523][5530][info ] Entering safepoint region: Cleanup
[2025-10-02T08:39:02.614+0000][44641.600s][5523][5530][info ] Leaving safepoint region
[2025-10-02T08:39:02.614+0000][44641.600s][5523][5530][info ] Total time for which application threads were stopped: 0.0001712 seconds, Stopping threads took: 0.0000288 seconds
[2025-10-02T08:39:03.614+0000][44642.600s][5523][5530][info ] Application time: 1.0001096 seconds
[2025-10-02T08:39:03.614+0000][44642.600s][5523][5530][info ] Entering safepoint region: Cleanup
[2025-10-02T08:39:03.614+0000][44642.600s][5523][5530][info ] Leaving safepoint region
[2025-10-02T08:39:03.614+0000][44642.600s][5523][5530][info ] Total time for which application threads were stopped: 0.0001490 seconds, Stopping threads took: 0.0000282 seconds
[2025-10-02T08:39:04.614+0000][44643.600s][5523][5530][info ] Application time: 1.0001087 seconds
[2025-10-02T08:39:04.614+0000][44643.600s][5523][5530][info ] Entering safepoint region: Cleanup
[2025-10-02T08:39:04.614+0000][44643.600s][5523][5530][info ] Leaving safepoint region
[2025-10-02T08:39:04.614+0000][44643.600s][5523][5530][info ] Total time for which application threads were stopped: 0.0001359 seconds, Stopping threads took: 0.0000247 seconds
[2025-10-02T08:39:05.614+0000][44644.601s][5523][5530][info ] Application time: 1.0001000 seconds
[2025-10-02T08:39:05.614+0000][44644.601s][5523][5530][info ] Entering safepoint region: Cleanup
[2025-10-02T08:39:05.615+0000][44644.601s][5523][5530][info ] Leaving safepoint region
[2025-10-02T08:39:05.615+0000][44644.601s][5523][5530][info ] Total time for which application threads were stopped: 0.0001649 seconds, Stopping threads took: 0.0000258 seconds
[2025-10-02T08:39:06.305+0000][44645.291s][5523][5529][trace] CMS: promo attempt is safe: available(765483624) >= av_promo(4228508), max_promo(115224176)
[2025-10-02T08:39:06.615+0000][44645.601s][5523][5530][info ] Application time: 1.0001011 seconds
[2025-10-02T08:39:06.615+0000][44645.601s][5523][5530][info ] Entering safepoint region: Cleanup
[2025-10-02T08:39:06.615+0000][44645.601s][5523][5530][info ] Leaving safepoint region
[2025-10-02T08:39:06.615+0000][44645.601s][5523][5530][info ] Total time for which application threads were stopped: 0.0001567 seconds, Stopping threads took: 0.0000444 seconds
[2025-10-02T08:39:07.615+0000][44646.601s][5523][5530][info ] Application time: 1.0001789 seconds
[2025-10-02T08:39:07.615+0000][44646.601s][5523][5530][info ] Entering safepoint region: Cleanup
[2025-10-02T08:39:07.615+0000][44646.601s][5523][5530][info ] Leaving safepoint region
[2025-10-02T08:39:07.615+0000][44646.601s][5523][5530][info ] Total time for which application threads were stopped: 0.0001364 seconds, Stopping threads took: 0.0000268 seconds
[2025-10-02T08:39:08.615+0000][44647.602s][5523][5530][info ] Application time: 1.0001029 seconds
[2025-10-02T08:39:08.615+0000][44647.602s][5523][5530][info ] Entering safepoint region: Cleanup
[2025-10-02T08:39:08.616+0000][44647.602s][5523][5530][info ] Leaving safepoint region
[2025-10-02T08:39:08.616+0000][44647.603s][5523][5530][info ] Total time for which application threads were stopped: 0.0010440 seconds, Stopping threads took: 0.0000268 seconds
[2025-10-02T08:39:09.617+0000][44648.603s][5523][5530][info ] Application time: 1.0001073 seconds
[2025-10-02T08:39:09.617+0000][44648.603s][5523][5530][info ] Entering safepoint region: Cleanup
[2025-10-02T08:39:09.617+0000][44648.603s][5523][5530][info ] Leaving safepoint region
[2025-10-02T08:39:09.617+0000][44648.603s][5523][5530][info ] Total time for which application threads were stopped: 0.0001319 seconds, Stopping threads took: 0.0000259 seconds
[2025-10-02T08:39:10.617+0000][44649.603s][5523][5530][info ] Application time: 1.0000907 seconds
[2025-10-02T08:39:10.617+0000][44649.603s][5523][5530][info ] Entering safepoint region: Cleanup
[2025-10-02T08:39:10.617+0000][44649.603s][5523][5530][info ] Leaving safepoint region
[2025-10-02T08:39:10.617+0000][44649.603s][5523][5530][info ] Total time for which application threads were stopped: 0.0001302 seconds, Stopping threads took: 0.0000229 seconds
[2025-10-02T08:39:11.617+0000][44650.603s][5523][5530][info ] Application time: 1.0001028 seconds
[2025-10-02T08:39:11.617+0000][44650.603s][5523][5530][info ] Entering safepoint region: Cleanup
[2025-10-02T08:39:11.617+0000][44650.604s][5523][5530][info ] Leaving safepoint region
[2025-10-02T08:39:11.617+0000][44650.604s][5523][5530][info ] Total time for which application threads were stopped: 0.0001395 seconds, Stopping threads took: 0.0000269 seconds
[2025-10-02T08:39:12.617+0000][44651.604s][5523][5530][info ] Application time: 1.0000858 seconds
[2025-10-02T08:39:12.618+0000][44651.604s][5523][5530][info ] Entering safepoint region: Cleanup
[2025-10-02T08:39:12.618+0000][44651.604s][5523][5530][info ] Leaving safepoint region
[2025-10-02T08:39:12.618+0000][44651.604s][5523][5530][info ] Total time for which application threads were stopped: 0.0001954 seconds, Stopping threads took: 0.0000679 seconds
[2025-10-02T08:39:13.618+0000][44652.604s][5523][5530][info ] Application time: 1.0000842 seconds
[2025-10-02T08:39:13.618+0000][44652.604s][5523][5530][info ] Entering safepoint region: Cleanup
[2025-10-02T08:39:13.618+0000][44652.604s][5523][5530][info ] Leaving safepoint region
[2025-10-02T08:39:13.618+0000][44652.604s][5523][5530][info ] Total time for which application threads were stopped: 0.0001353 seconds, Stopping threads took: 0.0000277 seconds
[2025-10-02T08:39:14.618+0000][44653.604s][5523][5530][info ] Application time: 1.0001004 seconds
[2025-10-02T08:39:14.618+0000][44653.604s][5523][5530][info ] Entering safepoint region: Cleanup
[2025-10-02T08:39:14.618+0000][44653.604s][5523][5530][info ] Leaving safepoint region
[2025-10-02T08:39:14.618+0000][44653.604s][5523][5530][info ] Total time for which application threads were stopped: 0.0001426 seconds, Stopping threads took: 0.0000274 seconds
[2025-10-02T08:39:15.618+0000][44654.605s][5523][5530][info ] Application time: 1.0000975 seconds
[2025-10-02T08:39:15.618+0000][44654.605s][5523][5530][info ] Entering safepoint region: Cleanup
[2025-10-02T08:39:15.619+0000][44654.605s][5523][5530][info ] Leaving safepoint region
[2025-10-02T08:39:15.619+0000][44654.605s][5523][5530][info ] Total time for which application threads were stopped: 0.0002017 seconds, Stopping threads took: 0.0000425 seconds
[2025-10-02T08:39:16.305+0000][44655.291s][5523][5529][trace] CMS: promo attempt is safe: available(765483624) >= av_promo(4228508), max_promo(115656304)
[2025-10-02T08:39:16.619+0000][44655.605s][5523][5530][info ] Application time: 1.0001128 seconds
[2025-10-02T08:39:16.619+0000][44655.605s][5523][5530][info ] Entering safepoint region: Cleanup
[2025-10-02T08:39:16.619+0000][44655.605s][5523][5530][info ] Leaving safepoint region
[2025-10-02T08:39:16.619+0000][44655.605s][5523][5530][info ] Total time for which application threads were stopped: 0.0001320 seconds, Stopping threads took: 0.0000243 seconds
[2025-10-02T08:39:17.619+0000][44656.605s][5523][5530][info ] Application time: 1.0001889 seconds
[2025-10-02T08:39:17.619+0000][44656.605s][5523][5530][info ] Entering safepoint region: Cleanup
[2025-10-02T08:39:17.619+0000][44656.606s][5523][5530][info ] Leaving safepoint region
[2025-10-02T08:39:17.619+0000][44656.606s][5523][5530][info ] Total time for which application threads were stopped: 0.0001373 seconds, Stopping threads took: 0.0000261 seconds
[2025-10-02T08:39:18.619+0000][44657.606s][5523][5530][info ] Application time: 1.0001025 seconds
[2025-10-02T08:39:18.619+0000][44657.606s][5523][5530][info ] Entering safepoint region: Cleanup
[2025-10-02T08:39:18.621+0000][44657.607s][5523][5530][info ] Leaving safepoint region
[2025-10-02T08:39:18.621+0000][44657.607s][5523][5530][info ] Total time for which application threads were stopped: 0.0013362 seconds, Stopping threads took: 0.0012069 seconds
[2025-10-02T08:39:19.621+0000][44658.607s][5523][5530][info ] Application time: 1.0001035 seconds
[2025-10-02T08:39:19.621+0000][44658.607s][5523][5530][info ] Entering safepoint region: Cleanup
[2025-10-02T08:39:19.621+0000][44658.607s][5523][5530][info ] Leaving safepoint region
[2025-10-02T08:39:19.621+0000][44658.607s][5523][5530][info ] Total time for which application threads were stopped: 0.0001414 seconds, Stopping threads took: 0.0000303 seconds
[2025-10-02T08:39:20.621+0000][44659.607s][5523][5530][info ] Application time: 1.0001030 seconds
[2025-10-02T08:39:20.621+0000][44659.608s][5523][5530][info ] Entering safepoint region: Cleanup
[2025-10-02T08:39:20.621+0000][44659.608s][5523][5530][info ] Leaving safepoint region
[2025-10-02T08:39:20.621+0000][44659.608s][5523][5530][info ] Total time for which application threads were stopped: 0.0001410 seconds, Stopping threads took: 0.0000334 seconds
[2025-10-02T08:39:21.622+0000][44660.608s][5523][5530][info ] Application time: 1.0000835 seconds
[2025-10-02T08:39:21.622+0000][44660.608s][5523][5530][info ] Entering safepoint region: Cleanup
[2025-10-02T08:39:21.622+0000][44660.608s][5523][5530][info ] Leaving safepoint region
[2025-10-02T08:39:21.622+0000][44660.608s][5523][5530][info ] Total time for which application threads were stopped: 0.0001347 seconds, Stopping threads took: 0.0000262 seconds
[2025-10-02T08:39:22.622+0000][44661.608s][5523][5530][info ] Application time: 1.0000978 seconds
[2025-10-02T08:39:22.622+0000][44661.608s][5523][5530][info ] Entering safepoint region: Cleanup
[2025-10-02T08:39:22.622+0000][44661.608s][5523][5530][info ] Leaving safepoint region
[2025-10-02T08:39:22.622+0000][44661.608s][5523][5530][info ] Total time for which application threads were stopped: 0.0001322 seconds, Stopping threads took: 0.0000241 seconds
[2025-10-02T08:39:23.622+0000][44662.608s][5523][5530][info ] Application time: 1.0000945 seconds
[2025-10-02T08:39:23.622+0000][44662.608s][5523][5530][info ] Entering safepoint region: Cleanup
[2025-10-02T08:39:23.622+0000][44662.608s][5523][5530][info ] Leaving safepoint region
[2025-10-02T08:39:23.622+0000][44662.609s][5523][5530][info ] Total time for which application threads were stopped: 0.0001508 seconds, Stopping threads took: 0.0000253 seconds
[2025-10-02T08:39:24.622+0000][44663.609s][5523][5530][info ] Application time: 1.0000969 seconds
[2025-10-02T08:39:24.622+0000][44663.609s][5523][5530][info ] Entering safepoint region: Cleanup
[2025-10-02T08:39:24.623+0000][44663.609s][5523][5530][info ] Leaving safepoint region
[2025-10-02T08:39:24.623+0000][44663.609s][5523][5530][info ] Total time for which application threads were stopped: 0.0001595 seconds, Stopping threads took: 0.0000269 seconds
[2025-10-02T08:39:25.623+0000][44664.609s][5523][5530][info ] Application time: 1.0000975 seconds
[2025-10-02T08:39:25.623+0000][44664.609s][5523][5530][info ] Entering safepoint region: Cleanup
[2025-10-02T08:39:25.623+0000][44664.609s][5523][5530][info ] Leaving safepoint region
[2025-10-02T08:39:25.623+0000][44664.609s][5523][5530][info ] Total time for which application threads were stopped: 0.0001409 seconds, Stopping threads took: 0.0000295 seconds
[2025-10-02T08:39:26.304+0000][44665.290s][5523][5529][trace] CMS: promo attempt is safe: available(765483624) >= av_promo(4228508), max_promo(115656304)
[2025-10-02T08:39:26.623+0000][44665.609s][5523][5530][info ] Application time: 1.0001621 seconds
[2025-10-02T08:39:26.623+0000][44665.609s][5523][5530][info ] Entering safepoint region: Cleanup
[2025-10-02T08:39:26.623+0000][44665.609s][5523][5530][info ] Leaving safepoint region
[2025-10-02T08:39:26.623+0000][44665.609s][5523][5530][info ] Total time for which application threads were stopped: 0.0001321 seconds, Stopping threads took: 0.0000244 seconds
[2025-10-02T08:39:27.623+0000][44666.610s][5523][5530][info ] Application time: 1.0001039 seconds
[2025-10-02T08:39:27.623+0000][44666.610s][5523][5530][info ] Entering safepoint region: Cleanup
[2025-10-02T08:39:27.624+0000][44666.610s][5523][5530][info ] Leaving safepoint region
[2025-10-02T08:39:27.624+0000][44666.610s][5523][5530][info ] Total time for which application threads were stopped: 0.0001597 seconds, Stopping threads took: 0.0000249 seconds
[2025-10-02T08:39:28.624+0000][44667.610s][5523][5530][info ] Application time: 1.0000946 seconds
[2025-10-02T08:39:28.624+0000][44667.610s][5523][5530][info ] Entering safepoint region: Cleanup
[2025-10-02T08:39:28.624+0000][44667.610s][5523][5530][info ] Leaving safepoint region
[2025-10-02T08:39:28.624+0000][44667.610s][5523][5530][info ] Total time for which application threads were stopped: 0.0001446 seconds, Stopping threads took: 0.0000290 seconds
[2025-10-02T08:39:29.624+0000][44668.610s][5523][5530][info ] Application time: 1.0000888 seconds
[2025-10-02T08:39:29.624+0000][44668.610s][5523][5530][info ] Entering safepoint region: Cleanup
[2025-10-02T08:39:29.624+0000][44668.610s][5523][5530][info ] Leaving safepoint region
[2025-10-02T08:39:29.624+0000][44668.610s][5523][5530][info ] Total time for which application threads were stopped: 0.0001328 seconds, Stopping threads took: 0.0000265 seconds
[2025-10-02T08:39:30.624+0000][44669.610s][5523][5530][info ] Application time: 1.0001039 seconds
[2025-10-02T08:39:30.624+0000][44669.611s][5523][5530][info ] Entering safepoint region: Cleanup
[2025-10-02T08:39:30.624+0000][44669.611s][5523][5530][info ] Leaving safepoint region
[2025-10-02T08:39:30.624+0000][44669.611s][5523][5530][info ] Total time for which application threads were stopped: 0.0001387 seconds, Stopping threads took: 0.0000260 seconds
[2025-10-02T08:39:31.625+0000][44670.611s][5523][5530][info ] Application time: 1.0000723 seconds
[2025-10-02T08:39:31.625+0000][44670.611s][5523][5530][info ] Entering safepoint region: Cleanup
[2025-10-02T08:39:31.625+0000][44670.611s][5523][5530][info ] Leaving safepoint region
[2025-10-02T08:39:31.625+0000][44670.611s][5523][5530][info ] Total time for which application threads were stopped: 0.0001328 seconds, Stopping threads took: 0.0000243 seconds
[2025-10-02T08:39:32.625+0000][44671.611s][5523][5530][info ] Application time: 1.0000796 seconds
[2025-10-02T08:39:32.625+0000][44671.611s][5523][5530][info ] Entering safepoint region: Cleanup
[2025-10-02T08:39:32.625+0000][44671.611s][5523][5530][info ] Leaving safepoint region
[2025-10-02T08:39:32.625+0000][44671.611s][5523][5530][info ] Total time for which application threads were stopped: 0.0001649 seconds, Stopping threads took: 0.0000255 seconds
[2025-10-02T08:39:33.625+0000][44672.611s][5523][5530][info ] Application time: 1.0000843 seconds
[2025-10-02T08:39:33.625+0000][44672.611s][5523][5530][info ] Entering safepoint region: Cleanup
[2025-10-02T08:39:33.625+0000][44672.612s][5523][5530][info ] Leaving safepoint region
[2025-10-02T08:39:33.625+0000][44672.612s][5523][5530][info ] Total time for which application threads were stopped: 0.0001333 seconds, Stopping threads took: 0.0000257 seconds
[2025-10-02T08:39:34.625+0000][44673.612s][5523][5530][info ] Application time: 1.0000787 seconds
[2025-10-02T08:39:34.625+0000][44673.612s][5523][5530][info ] Entering safepoint region: Cleanup
[2025-10-02T08:39:34.626+0000][44673.612s][5523][5530][info ] Leaving safepoint region
[2025-10-02T08:39:34.626+0000][44673.612s][5523][5530][info ] Total time for which application threads were stopped: 0.0001596 seconds, Stopping threads took: 0.0000283 seconds
[2025-10-02T08:39:35.626+0000][44674.612s][5523][5530][info ] Application time: 1.0001088 seconds
[2025-10-02T08:39:35.626+0000][44674.612s][5523][5530][info ] Entering safepoint region: Cleanup
[2025-10-02T08:39:35.626+0000][44674.612s][5523][5530][info ] Leaving safepoint region
[2025-10-02T08:39:35.626+0000][44674.612s][5523][5530][info ] Total time for which application threads were stopped: 0.0001428 seconds, Stopping threads took: 0.0000283 seconds
[2025-10-02T08:39:36.304+0000][44675.290s][5523][5529][trace] CMS: promo attempt is safe: available(765483624) >= av_promo(4228508), max_promo(115656304)
[2025-10-02T08:39:36.626+0000][44675.612s][5523][5530][info ] Application time: 1.0001064 seconds
[2025-10-02T08:39:36.626+0000][44675.612s][5523][5530][info ] Entering safepoint region: Cleanup
[2025-10-02T08:39:36.626+0000][44675.612s][5523][5530][info ] Leaving safepoint region
[2025-10-02T08:39:36.626+0000][44675.612s][5523][5530][info ] Total time for which application threads were stopped: 0.0001439 seconds, Stopping threads took: 0.0000263 seconds
[2025-10-02T08:39:37.626+0000][44676.613s][5523][5530][info ] Application time: 1.0001016 seconds
[2025-10-02T08:39:37.626+0000][44676.613s][5523][5530][info ] Entering safepoint region: Cleanup
[2025-10-02T08:39:37.627+0000][44676.613s][5523][5530][info ] Leaving safepoint region
[2025-10-02T08:39:37.627+0000][44676.613s][5523][5530][info ] Total time for which application threads were stopped: 0.0001736 seconds, Stopping threads took: 0.0000268 seconds
[2025-10-02T08:39:38.627+0000][44677.613s][5523][5530][info ] Application time: 1.0001120 seconds
[2025-10-02T08:39:38.627+0000][44677.613s][5523][5530][info ] Entering safepoint region: Cleanup
[2025-10-02T08:39:38.628+0000][44677.614s][5523][5530][info ] Leaving safepoint region
[2025-10-02T08:39:38.628+0000][44677.614s][5523][5530][info ] Total time for which application threads were stopped: 0.0013293 seconds, Stopping threads took: 0.0011832 seconds
[2025-10-02T08:39:39.628+0000][44678.614s][5523][5530][info ] Application time: 1.0001118 seconds
[2025-10-02T08:39:39.628+0000][44678.614s][5523][5530][info ] Entering safepoint region: Cleanup
[2025-10-02T08:39:39.628+0000][44678.615s][5523][5530][info ] Leaving safepoint region
[2025-10-02T08:39:39.628+0000][44678.615s][5523][5530][info ] Total time for which application threads were stopped: 0.0001343 seconds, Stopping threads took: 0.0000268 seconds
[2025-10-02T08:39:40.628+0000][44679.615s][5523][5530][info ] Application time: 1.0001005 seconds
[2025-10-02T08:39:40.629+0000][44679.615s][5523][5530][info ] Entering safepoint region: Cleanup
[2025-10-02T08:39:40.629+0000][44679.615s][5523][5530][info ] Leaving safepoint region
[2025-10-02T08:39:40.629+0000][44679.615s][5523][5530][info ] Total time for which application threads were stopped: 0.0001548 seconds, Stopping threads took: 0.0000474 seconds
[2025-10-02T08:39:41.629+0000][44680.615s][5523][5530][info ] Application time: 1.0000986 seconds
[2025-10-02T08:39:41.629+0000][44680.615s][5523][5530][info ] Entering safepoint region: Cleanup
[2025-10-02T08:39:41.629+0000][44680.615s][5523][5530][info ] Leaving safepoint region
[2025-10-02T08:39:41.629+0000][44680.615s][5523][5530][info ] Total time for which application threads were stopped: 0.0001379 seconds, Stopping threads took: 0.0000276 seconds
[2025-10-02T08:39:42.629+0000][44681.615s][5523][5530][info ] Application time: 1.0001086 seconds
[2025-10-02T08:39:42.629+0000][44681.615s][5523][5530][info ] Entering safepoint region: Cleanup
[2025-10-02T08:39:42.629+0000][44681.615s][5523][5530][info ] Leaving safepoint region
[2025-10-02T08:39:42.629+0000][44681.615s][5523][5530][info ] Total time for which application threads were stopped: 0.0001389 seconds, Stopping threads took: 0.0000262 seconds
[2025-10-02T08:39:43.629+0000][44682.616s][5523][5530][info ] Application time: 1.0001037 seconds
[2025-10-02T08:39:43.629+0000][44682.616s][5523][5530][info ] Entering safepoint region: Cleanup
[2025-10-02T08:39:43.630+0000][44682.616s][5523][5530][info ] Leaving safepoint region
[2025-10-02T08:39:43.630+0000][44682.616s][5523][5530][info ] Total time for which application threads were stopped: 0.0001611 seconds, Stopping threads took: 0.0000266 seconds
[2025-10-02T08:39:44.630+0000][44683.616s][5523][5530][info ] Application time: 1.0000992 seconds
[2025-10-02T08:39:44.630+0000][44683.616s][5523][5530][info ] Entering safepoint region: Cleanup
[2025-10-02T08:39:44.630+0000][44683.616s][5523][5530][info ] Leaving safepoint region
[2025-10-02T08:39:44.630+0000][44683.616s][5523][5530][info ] Total time for which application threads were stopped: 0.0001357 seconds, Stopping threads took: 0.0000246 seconds
[2025-10-02T08:39:45.630+0000][44684.616s][5523][5530][info ] Application time: 1.0000916 seconds
[2025-10-02T08:39:45.630+0000][44684.616s][5523][5530][info ] Entering safepoint region: Cleanup
[2025-10-02T08:39:45.630+0000][44684.616s][5523][5530][info ] Leaving safepoint region
[2025-10-02T08:39:45.630+0000][44684.616s][5523][5530][info ] Total time for which application threads were stopped: 0.0001370 seconds, Stopping threads took: 0.0000261 seconds
[2025-10-02T08:39:46.303+0000][44685.289s][5523][5529][trace] CMS: promo attempt is safe: available(765483624) >= av_promo(4228508), max_promo(115730296)
[2025-10-02T08:39:46.630+0000][44685.616s][5523][5530][info ] Application time: 1.0001036 seconds
[2025-10-02T08:39:46.630+0000][44685.617s][5523][5530][info ] Entering safepoint region: Cleanup
[2025-10-02T08:39:46.630+0000][44685.617s][5523][5530][info ] Leaving safepoint region
[2025-10-02T08:39:46.630+0000][44685.617s][5523][5530][info ] Total time for which application threads were stopped: 0.0001414 seconds, Stopping threads took: 0.0000280 seconds
[2025-10-02T08:39:47.631+0000][44686.617s][5523][5530][info ] Application time: 1.0000913 seconds
[2025-10-02T08:39:47.631+0000][44686.617s][5523][5530][info ] Entering safepoint region: Cleanup
[2025-10-02T08:39:47.631+0000][44686.617s][5523][5530][info ] Leaving safepoint region
[2025-10-02T08:39:47.631+0000][44686.617s][5523][5530][info ] Total time for which application threads were stopped: 0.0001358 seconds, Stopping threads took: 0.0000269 seconds
[2025-10-02T08:39:48.631+0000][44687.617s][5523][5530][info ] Application time: 1.0000910 seconds
[2025-10-02T08:39:48.631+0000][44687.617s][5523][5530][info ] Entering safepoint region: Cleanup
[2025-10-02T08:39:48.631+0000][44687.617s][5523][5530][info ] Leaving safepoint region
[2025-10-02T08:39:48.631+0000][44687.617s][5523][5530][info ] Total time for which application threads were stopped: 0.0002644 seconds, Stopping threads took: 0.0000324 seconds
[2025-10-02T08:39:49.631+0000][44688.617s][5523][5530][info ] Application time: 1.0000809 seconds
[2025-10-02T08:39:49.631+0000][44688.618s][5523][5530][info ] Entering safepoint region: Cleanup
[2025-10-02T08:39:49.631+0000][44688.618s][5523][5530][info ] Leaving safepoint region
[2025-10-02T08:39:49.631+0000][44688.618s][5523][5530][info ] Total time for which application threads were stopped: 0.0001368 seconds, Stopping threads took: 0.0000252 seconds
[2025-10-02T08:39:50.632+0000][44689.618s][5523][5530][info ] Application time: 1.0000966 seconds
[2025-10-02T08:39:50.632+0000][44689.618s][5523][5530][info ] Entering safepoint region: Cleanup
[2025-10-02T08:39:50.632+0000][44689.618s][5523][5530][info ] Leaving safepoint region
[2025-10-02T08:39:50.632+0000][44689.618s][5523][5530][info ] Total time for which application threads were stopped: 0.0001379 seconds, Stopping threads took: 0.0000257 seconds
[2025-10-02T08:39:51.632+0000][44690.618s][5523][5530][info ] Application time: 1.0000879 seconds
[2025-10-02T08:39:51.632+0000][44690.618s][5523][5530][info ] Entering safepoint region: Cleanup
[2025-10-02T08:39:51.632+0000][44690.618s][5523][5530][info ] Leaving safepoint region
[2025-10-02T08:39:51.632+0000][44690.618s][5523][5530][info ] Total time for which application threads were stopped: 0.0001294 seconds, Stopping threads took: 0.0000246 seconds
[2025-10-02T08:39:52.632+0000][44691.618s][5523][5530][info ] Application time: 1.0000781 seconds
[2025-10-02T08:39:52.632+0000][44691.618s][5523][5530][info ] Entering safepoint region: Cleanup
[2025-10-02T08:39:52.632+0000][44691.618s][5523][5530][info ] Leaving safepoint region
[2025-10-02T08:39:52.632+0000][44691.618s][5523][5530][info ] Total time for which application threads were stopped: 0.0001377 seconds, Stopping threads took: 0.0000286 seconds
[2025-10-02T08:39:53.632+0000][44692.619s][5523][5530][info ] Application time: 1.0000964 seconds
[2025-10-02T08:39:53.632+0000][44692.619s][5523][5530][info ] Entering safepoint region: Cleanup
[2025-10-02T08:39:53.633+0000][44692.619s][5523][5530][info ] Leaving safepoint region
[2025-10-02T08:39:53.633+0000][44692.619s][5523][5530][info ] Total time for which application threads were stopped: 0.0001609 seconds, Stopping threads took: 0.0000257 seconds
[2025-10-02T08:39:54.633+0000][44693.619s][5523][5530][info ] Application time: 1.0000944 seconds
[2025-10-02T08:39:54.633+0000][44693.619s][5523][5530][info ] Entering safepoint region: Cleanup
[2025-10-02T08:39:54.633+0000][44693.619s][5523][5530][info ] Leaving safepoint region
[2025-10-02T08:39:54.633+0000][44693.619s][5523][5530][info ] Total time for which application threads were stopped: 0.0001352 seconds, Stopping threads took: 0.0000270 seconds
[2025-10-02T08:39:55.633+0000][44694.619s][5523][5530][info ] Application time: 1.0000980 seconds
[2025-10-02T08:39:55.633+0000][44694.619s][5523][5530][info ] Entering safepoint region: Cleanup
[2025-10-02T08:39:55.633+0000][44694.619s][5523][5530][info ] Leaving safepoint region
[2025-10-02T08:39:55.633+0000][44694.619s][5523][5530][info ] Total time for which application threads were stopped: 0.0001386 seconds, Stopping threads took: 0.0000266 seconds
[2025-10-02T08:39:56.303+0000][44695.290s][5523][5529][trace] CMS: promo attempt is safe: available(765483624) >= av_promo(4228508), max_promo(116594272)
[2025-10-02T08:39:56.633+0000][44695.620s][5523][5530][info ] Application time: 1.0001108 seconds
[2025-10-02T08:39:56.633+0000][44695.620s][5523][5530][info ] Entering safepoint region: Cleanup
[2025-10-02T08:39:56.633+0000][44695.620s][5523][5530][info ] Leaving safepoint region
[2025-10-02T08:39:56.633+0000][44695.620s][5523][5530][info ] Total time for which application threads were stopped: 0.0001402 seconds, Stopping threads took: 0.0000287 seconds
[2025-10-02T08:39:57.634+0000][44696.620s][5523][5530][info ] Application time: 1.0000969 seconds
[2025-10-02T08:39:57.634+0000][44696.620s][5523][5530][info ] Entering safepoint region: Cleanup
[2025-10-02T08:39:57.634+0000][44696.620s][5523][5530][info ] Leaving safepoint region
[2025-10-02T08:39:57.634+0000][44696.620s][5523][5530][info ] Total time for which application threads were stopped: 0.0001338 seconds, Stopping threads took: 0.0000249 seconds
[2025-10-02T08:39:58.634+0000][44697.620s][5523][5530][info ] Application time: 1.0000785 seconds
[2025-10-02T08:39:58.634+0000][44697.620s][5523][5530][info ] Entering safepoint region: Cleanup
[2025-10-02T08:39:58.635+0000][44697.621s][5523][5530][info ] Leaving safepoint region
[2025-10-02T08:39:58.635+0000][44697.621s][5523][5530][info ] Total time for which application threads were stopped: 0.0011899 seconds, Stopping threads took: 0.0009938 seconds
[2025-10-02T08:39:59.635+0000][44698.621s][5523][5530][info ] Application time: 1.0001053 seconds
[2025-10-02T08:39:59.635+0000][44698.621s][5523][5530][info ] Entering safepoint region: Cleanup
[2025-10-02T08:39:59.635+0000][44698.622s][5523][5530][info ] Leaving safepoint region
[2025-10-02T08:39:59.635+0000][44698.622s][5523][5530][info ] Total time for which application threads were stopped: 0.0001434 seconds, Stopping threads took: 0.0000274 seconds
[2025-10-02T08:40:00.636+0000][44699.622s][5523][5530][info ] Application time: 1.0000948 seconds
[2025-10-02T08:40:00.636+0000][44699.622s][5523][5530][info ] Entering safepoint region: Cleanup
[2025-10-02T08:40:00.636+0000][44699.622s][5523][5530][info ] Leaving safepoint region
[2025-10-02T08:40:00.636+0000][44699.622s][5523][5530][info ] Total time for which application threads were stopped: 0.0001386 seconds, Stopping threads took: 0.0000259 seconds
[2025-10-02T08:40:01.636+0000][44700.622s][5523][5530][info ] Application time: 1.0001909 seconds
[2025-10-02T08:40:01.636+0000][44700.622s][5523][5530][info ] Entering safepoint region: Cleanup
[2025-10-02T08:40:01.636+0000][44700.622s][5523][5530][info ] Leaving safepoint region
[2025-10-02T08:40:01.636+0000][44700.622s][5523][5530][info ] Total time for which application threads were stopped: 0.0001407 seconds, Stopping threads took: 0.0000264 seconds
[2025-10-02T08:40:02.636+0000][44701.622s][5523][5530][info ] Application time: 1.0001127 seconds
[2025-10-02T08:40:02.636+0000][44701.623s][5523][5530][info ] Entering safepoint region: Cleanup
[2025-10-02T08:40:02.636+0000][44701.623s][5523][5530][info ] Leaving safepoint region
[2025-10-02T08:40:02.636+0000][44701.623s][5523][5530][info ] Total time for which application threads were stopped: 0.0001511 seconds, Stopping threads took: 0.0000277 seconds
[2025-10-02T08:40:03.637+0000][44702.623s][5523][5530][info ] Application time: 1.0001098 seconds
[2025-10-02T08:40:03.637+0000][44702.623s][5523][5530][info ] Entering safepoint region: Cleanup
[2025-10-02T08:40:03.637+0000][44702.623s][5523][5530][info ] Leaving safepoint region
[2025-10-02T08:40:03.637+0000][44702.623s][5523][5530][info ] Total time for which application threads were stopped: 0.0001446 seconds, Stopping threads took: 0.0000272 seconds
[2025-10-02T08:40:04.637+0000][44703.623s][5523][5530][info ] Application time: 1.0001098 seconds
[2025-10-02T08:40:04.637+0000][44703.623s][5523][5530][info ] Entering safepoint region: Cleanup
[2025-10-02T08:40:04.637+0000][44703.623s][5523][5530][info ] Leaving safepoint region
[2025-10-02T08:40:04.637+0000][44703.623s][5523][5530][info ] Total time for which application threads were stopped: 0.0001444 seconds, Stopping threads took: 0.0000270 seconds
[2025-10-02T08:40:05.637+0000][44704.623s][5523][5530][info ] Application time: 1.0001219 seconds
[2025-10-02T08:40:05.637+0000][44704.623s][5523][5530][info ] Entering safepoint region: Cleanup
[2025-10-02T08:40:05.637+0000][44704.624s][5523][5530][info ] Leaving safepoint region
[2025-10-02T08:40:05.637+0000][44704.624s][5523][5530][info ] Total time for which application threads were stopped: 0.0001402 seconds, Stopping threads took: 0.0000282 seconds
[2025-10-02T08:40:06.302+0000][44705.289s][5523][5529][trace] CMS: promo attempt is safe: available(765483624) >= av_promo(4228508), max_promo(117768184)
[2025-10-02T08:40:06.637+0000][44705.624s][5523][5530][info ] Application time: 1.0001042 seconds
[2025-10-02T08:40:06.638+0000][44705.624s][5523][5530][info ] Entering safepoint region: Cleanup
[2025-10-02T08:40:06.638+0000][44705.624s][5523][5530][info ] Leaving safepoint region
[2025-10-02T08:40:06.638+0000][44705.624s][5523][5530][info ] Total time for which application threads were stopped: 0.0001367 seconds, Stopping threads took: 0.0000276 seconds
[2025-10-02T08:40:07.638+0000][44706.624s][5523][5530][info ] Application time: 1.0001081 seconds
[2025-10-02T08:40:07.638+0000][44706.624s][5523][5530][info ] Entering safepoint region: Cleanup
[2025-10-02T08:40:07.638+0000][44706.624s][5523][5530][info ] Leaving safepoint region
[2025-10-02T08:40:07.638+0000][44706.624s][5523][5530][info ] Total time for which application threads were stopped: 0.0001370 seconds, Stopping threads took: 0.0000274 seconds
[2025-10-02T08:40:08.638+0000][44707.624s][5523][5530][info ] Application time: 1.0000978 seconds
[2025-10-02T08:40:08.638+0000][44707.624s][5523][5530][info ] Entering safepoint region: Cleanup
[2025-10-02T08:40:08.638+0000][44707.625s][5523][5530][info ] Leaving safepoint region
[2025-10-02T08:40:08.638+0000][44707.625s][5523][5530][info ] Total time for which application threads were stopped: 0.0001454 seconds, Stopping threads took: 0.0000284 seconds
[2025-10-02T08:40:09.638+0000][44708.625s][5523][5530][info ] Application time: 1.0000984 seconds
[2025-10-02T08:40:09.638+0000][44708.625s][5523][5530][info ] Entering safepoint region: Cleanup
[2025-10-02T08:40:09.639+0000][44708.625s][5523][5530][info ] Leaving safepoint region
[2025-10-02T08:40:09.639+0000][44708.625s][5523][5530][info ] Total time for which application threads were stopped: 0.0001532 seconds, Stopping threads took: 0.0000253 seconds
[2025-10-02T08:40:10.639+0000][44709.625s][5523][5530][info ] Application time: 1.0001064 seconds
[2025-10-02T08:40:10.639+0000][44709.625s][5523][5530][info ] Entering safepoint region: Cleanup
[2025-10-02T08:40:10.639+0000][44709.625s][5523][5530][info ] Leaving safepoint region
[2025-10-02T08:40:10.639+0000][44709.625s][5523][5530][info ] Total time for which application threads were stopped: 0.0001426 seconds, Stopping threads took: 0.0000267 seconds
[2025-10-02T08:40:11.639+0000][44710.625s][5523][5530][info ] Application time: 1.0001560 seconds
[2025-10-02T08:40:11.639+0000][44710.625s][5523][5530][info ] Entering safepoint region: Cleanup
[2025-10-02T08:40:11.639+0000][44710.625s][5523][5530][info ] Leaving safepoint region
[2025-10-02T08:40:11.639+0000][44710.625s][5523][5530][info ] Total time for which application threads were stopped: 0.0001344 seconds, Stopping threads took: 0.0000246 seconds
[2025-10-02T08:40:12.639+0000][44711.626s][5523][5530][info ] Application time: 1.0000917 seconds
[2025-10-02T08:40:12.639+0000][44711.626s][5523][5530][info ] Entering safepoint region: Cleanup
[2025-10-02T08:40:12.640+0000][44711.626s][5523][5530][info ] Leaving safepoint region
[2025-10-02T08:40:12.640+0000][44711.626s][5523][5530][info ] Total time for which application threads were stopped: 0.0001542 seconds, Stopping threads took: 0.0000257 seconds
[2025-10-02T08:40:13.640+0000][44712.626s][5523][5530][info ] Application time: 1.0000993 seconds
[2025-10-02T08:40:13.640+0000][44712.626s][5523][5530][info ] Entering safepoint region: Cleanup
[2025-10-02T08:40:13.640+0000][44712.626s][5523][5530][info ] Leaving safepoint region
[2025-10-02T08:40:13.640+0000][44712.626s][5523][5530][info ] Total time for which application threads were stopped: 0.0001416 seconds, Stopping threads took: 0.0000267 seconds
[2025-10-02T08:40:14.640+0000][44713.626s][5523][5530][info ] Application time: 1.0001026 seconds
[2025-10-02T08:40:14.640+0000][44713.626s][5523][5530][info ] Entering safepoint region: Cleanup
[2025-10-02T08:40:14.640+0000][44713.626s][5523][5530][info ] Leaving safepoint region
[2025-10-02T08:40:14.640+0000][44713.626s][5523][5530][info ] Total time for which application threads were stopped: 0.0001325 seconds, Stopping threads took: 0.0000234 seconds
[2025-10-02T08:40:15.640+0000][44714.627s][5523][5530][info ] Application time: 1.0001027 seconds
[2025-10-02T08:40:15.640+0000][44714.627s][5523][5530][info ] Entering safepoint region: Cleanup
[2025-10-02T08:40:15.640+0000][44714.627s][5523][5530][info ] Leaving safepoint region
[2025-10-02T08:40:15.640+0000][44714.627s][5523][5530][info ] Total time for which application threads were stopped: 0.0001380 seconds, Stopping threads took: 0.0000265 seconds
[2025-10-02T08:40:16.303+0000][44715.289s][5523][5529][trace] CMS: promo attempt is safe: available(765483624) >= av_promo(4228508), max_promo(117897968)
[2025-10-02T08:40:16.641+0000][44715.627s][5523][5530][info ] Application time: 1.0000750 seconds
[2025-10-02T08:40:16.641+0000][44715.627s][5523][5530][info ] Entering safepoint region: Cleanup
[2025-10-02T08:40:16.641+0000][44715.627s][5523][5530][info ] Leaving safepoint region
[2025-10-02T08:40:16.641+0000][44715.627s][5523][5530][info ] Total time for which application threads were stopped: 0.0001355 seconds, Stopping threads took: 0.0000252 seconds
[2025-10-02T08:40:17.641+0000][44716.627s][5523][5530][info ] Application time: 1.0000974 seconds
[2025-10-02T08:40:17.641+0000][44716.627s][5523][5530][info ] Entering safepoint region: Cleanup
[2025-10-02T08:40:17.641+0000][44716.627s][5523][5530][info ] Leaving safepoint region
[2025-10-02T08:40:17.641+0000][44716.627s][5523][5530][info ] Total time for which application threads were stopped: 0.0001374 seconds, Stopping threads took: 0.0000271 seconds
[2025-10-02T08:40:18.641+0000][44717.627s][5523][5530][info ] Application time: 1.0000820 seconds
[2025-10-02T08:40:18.641+0000][44717.627s][5523][5530][info ] Entering safepoint region: Cleanup
[2025-10-02T08:40:18.641+0000][44717.628s][5523][5530][info ] Leaving safepoint region
[2025-10-02T08:40:18.641+0000][44717.628s][5523][5530][info ] Total time for which application threads were stopped: 0.0001515 seconds, Stopping threads took: 0.0000312 seconds
[2025-10-02T08:40:19.641+0000][44718.628s][5523][5530][info ] Application time: 1.0000982 seconds
[2025-10-02T08:40:19.642+0000][44718.628s][5523][5530][info ] Entering safepoint region: Cleanup
[2025-10-02T08:40:19.642+0000][44718.628s][5523][5530][info ] Leaving safepoint region
[2025-10-02T08:40:19.642+0000][44718.628s][5523][5530][info ] Total time for which application threads were stopped: 0.0001379 seconds, Stopping threads took: 0.0000285 seconds
[2025-10-02T08:40:20.642+0000][44719.628s][5523][5530][info ] Application time: 1.0000910 seconds
[2025-10-02T08:40:20.642+0000][44719.628s][5523][5530][info ] Entering safepoint region: Cleanup
[2025-10-02T08:40:20.642+0000][44719.628s][5523][5530][info ] Leaving safepoint region
[2025-10-02T08:40:20.642+0000][44719.628s][5523][5530][info ] Total time for which application threads were stopped: 0.0001368 seconds, Stopping threads took: 0.0000269 seconds
[2025-10-02T08:40:21.642+0000][44720.628s][5523][5530][info ] Application time: 1.0001003 seconds
[2025-10-02T08:40:21.642+0000][44720.628s][5523][5530][info ] Entering safepoint region: Cleanup
[2025-10-02T08:40:21.642+0000][44720.628s][5523][5530][info ] Leaving safepoint region
[2025-10-02T08:40:21.642+0000][44720.628s][5523][5530][info ] Total time for which application threads were stopped: 0.0001374 seconds, Stopping threads took: 0.0000270 seconds
[2025-10-02T08:40:22.642+0000][44721.629s][5523][5530][info ] Application time: 1.0000955 seconds
[2025-10-02T08:40:22.642+0000][44721.629s][5523][5530][info ] Entering safepoint region: Cleanup
[2025-10-02T08:40:22.643+0000][44721.629s][5523][5530][info ] Leaving safepoint region
[2025-10-02T08:40:22.643+0000][44721.629s][5523][5530][info ] Total time for which application threads were stopped: 0.0001571 seconds, Stopping threads took: 0.0000268 seconds
[2025-10-02T08:40:23.643+0000][44722.629s][5523][5530][info ] Application time: 1.0000739 seconds
[2025-10-02T08:40:23.643+0000][44722.629s][5523][5530][info ] Entering safepoint region: Cleanup
[2025-10-02T08:40:23.643+0000][44722.629s][5523][5530][info ] Leaving safepoint region
[2025-10-02T08:40:23.643+0000][44722.629s][5523][5530][info ] Total time for which application threads were stopped: 0.0001436 seconds, Stopping threads took: 0.0000339 seconds
[2025-10-02T08:40:24.643+0000][44723.629s][5523][5530][info ] Application time: 1.0000880 seconds
[2025-10-02T08:40:24.643+0000][44723.629s][5523][5530][info ] Entering safepoint region: Cleanup
[2025-10-02T08:40:24.643+0000][44723.629s][5523][5530][info ] Leaving safepoint region
[2025-10-02T08:40:24.643+0000][44723.629s][5523][5530][info ] Total time for which application threads were stopped: 0.0001754 seconds, Stopping threads took: 0.0000570 seconds
[2025-10-02T08:40:25.643+0000][44724.630s][5523][5530][info ] Application time: 1.0001108 seconds
[2025-10-02T08:40:25.643+0000][44724.630s][5523][5530][info ] Entering safepoint region: Cleanup
[2025-10-02T08:40:25.644+0000][44724.630s][5523][5530][info ] Leaving safepoint region
[2025-10-02T08:40:25.644+0000][44724.630s][5523][5530][info ] Total time for which application threads were stopped: 0.0001646 seconds, Stopping threads took: 0.0000300 seconds
[2025-10-02T08:40:26.303+0000][44725.289s][5523][5529][trace] CMS: promo attempt is safe: available(765483624) >= av_promo(4228508), max_promo(117971960)
[2025-10-02T08:40:26.644+0000][44725.630s][5523][5530][info ] Application time: 1.0001005 seconds
[2025-10-02T08:40:26.644+0000][44725.630s][5523][5530][info ] Entering safepoint region: Cleanup
[2025-10-02T08:40:26.644+0000][44725.630s][5523][5530][info ] Leaving safepoint region
[2025-10-02T08:40:26.644+0000][44725.630s][5523][5530][info ] Total time for which application threads were stopped: 0.0001439 seconds, Stopping threads took: 0.0000267 seconds
[2025-10-02T08:40:27.644+0000][44726.630s][5523][5530][info ] Application time: 1.0001073 seconds
[2025-10-02T08:40:27.644+0000][44726.630s][5523][5530][info ] Entering safepoint region: Cleanup
[2025-10-02T08:40:27.644+0000][44726.630s][5523][5530][info ] Leaving safepoint region
[2025-10-02T08:40:27.644+0000][44726.630s][5523][5530][info ] Total time for which application threads were stopped: 0.0001288 seconds, Stopping threads took: 0.0000238 seconds
[2025-10-02T08:40:28.644+0000][44727.630s][5523][5530][info ] Application time: 1.0001072 seconds
[2025-10-02T08:40:28.644+0000][44727.631s][5523][5530][info ] Entering safepoint region: Cleanup
[2025-10-02T08:40:28.645+0000][44727.632s][5523][5530][info ] Leaving safepoint region
[2025-10-02T08:40:28.646+0000][44727.632s][5523][5530][info ] Total time for which application threads were stopped: 0.0012193 seconds, Stopping threads took: 0.0010575 seconds
[2025-10-02T08:40:29.646+0000][44728.632s][5523][5530][info ] Application time: 1.0001057 seconds
[2025-10-02T08:40:29.646+0000][44728.632s][5523][5530][info ] Entering safepoint region: Cleanup
[2025-10-02T08:40:29.646+0000][44728.632s][5523][5530][info ] Leaving safepoint region
[2025-10-02T08:40:29.646+0000][44728.632s][5523][5530][info ] Total time for which application threads were stopped: 0.0001453 seconds, Stopping threads took: 0.0000260 seconds
[2025-10-02T08:40:30.646+0000][44729.632s][5523][5530][info ] Application time: 1.0000924 seconds
[2025-10-02T08:40:30.646+0000][44729.632s][5523][5530][info ] Entering safepoint region: Cleanup
[2025-10-02T08:40:30.646+0000][44729.632s][5523][5530][info ] Leaving safepoint region
[2025-10-02T08:40:30.646+0000][44729.632s][5523][5530][info ] Total time for which application threads were stopped: 0.0001339 seconds, Stopping threads took: 0.0000259 seconds
[2025-10-02T08:40:31.646+0000][44730.632s][5523][5530][info ] Application time: 1.0000977 seconds
[2025-10-02T08:40:31.646+0000][44730.633s][5523][5530][info ] Entering safepoint region: Cleanup
[2025-10-02T08:40:31.646+0000][44730.633s][5523][5530][info ] Leaving safepoint region
[2025-10-02T08:40:31.646+0000][44730.633s][5523][5530][info ] Total time for which application threads were stopped: 0.0001513 seconds, Stopping threads took: 0.0000261 seconds
[2025-10-02T08:40:32.647+0000][44731.633s][5523][5530][info ] Application time: 1.0001004 seconds
[2025-10-02T08:40:32.647+0000][44731.633s][5523][5530][info ] Entering safepoint region: Cleanup
[2025-10-02T08:40:32.647+0000][44731.633s][5523][5530][info ] Leaving safepoint region
[2025-10-02T08:40:32.647+0000][44731.633s][5523][5530][info ] Total time for which application threads were stopped: 0.0001407 seconds, Stopping threads took: 0.0000260 seconds
[2025-10-02T08:40:33.647+0000][44732.633s][5523][5530][info ] Application time: 1.0000987 seconds
[2025-10-02T08:40:33.647+0000][44732.633s][5523][5530][info ] Entering safepoint region: Cleanup
[2025-10-02T08:40:33.647+0000][44732.633s][5523][5530][info ] Leaving safepoint region
[2025-10-02T08:40:33.647+0000][44732.633s][5523][5530][info ] Total time for which application threads were stopped: 0.0002083 seconds, Stopping threads took: 0.0000274 seconds
[2025-10-02T08:40:34.647+0000][44733.633s][5523][5530][info ] Application time: 1.0000985 seconds
[2025-10-02T08:40:34.647+0000][44733.634s][5523][5530][info ] Entering safepoint region: Cleanup
[2025-10-02T08:40:34.647+0000][44733.634s][5523][5530][info ] Leaving safepoint region
[2025-10-02T08:40:34.647+0000][44733.634s][5523][5530][info ] Total time for which application threads were stopped: 0.0001399 seconds, Stopping threads took: 0.0000258 seconds
[2025-10-02T08:40:35.648+0000][44734.634s][5523][5530][info ] Application time: 1.0001134 seconds
[2025-10-02T08:40:35.648+0000][44734.634s][5523][5530][info ] Entering safepoint region: Cleanup
[2025-10-02T08:40:35.648+0000][44734.634s][5523][5530][info ] Leaving safepoint region
[2025-10-02T08:40:35.648+0000][44734.634s][5523][5530][info ] Total time for which application threads were stopped: 0.0001379 seconds, Stopping threads took: 0.0000254 seconds
[2025-10-02T08:40:36.302+0000][44735.288s][5523][5529][trace] CMS: promo attempt is safe: available(765483624) >= av_promo(4228508), max_promo(118660512)
[2025-10-02T08:40:36.648+0000][44735.634s][5523][5530][info ] Application time: 1.0001063 seconds
[2025-10-02T08:40:36.648+0000][44735.634s][5523][5530][info ] Entering safepoint region: Cleanup
[2025-10-02T08:40:36.648+0000][44735.634s][5523][5530][info ] Leaving safepoint region
[2025-10-02T08:40:36.648+0000][44735.634s][5523][5530][info ] Total time for which application threads were stopped: 0.0001388 seconds, Stopping threads took: 0.0000283 seconds
[2025-10-02T08:40:37.648+0000][44736.634s][5523][5530][info ] Application time: 1.0001149 seconds
[2025-10-02T08:40:37.648+0000][44736.634s][5523][5530][info ] Entering safepoint region: Cleanup
[2025-10-02T08:40:37.648+0000][44736.635s][5523][5530][info ] Leaving safepoint region
[2025-10-02T08:40:37.648+0000][44736.635s][5523][5530][info ] Total time for which application threads were stopped: 0.0001436 seconds, Stopping threads took: 0.0000289 seconds
[2025-10-02T08:40:38.648+0000][44737.635s][5523][5530][info ] Application time: 1.0000835 seconds
[2025-10-02T08:40:38.648+0000][44737.635s][5523][5530][info ] Entering safepoint region: Cleanup
[2025-10-02T08:40:38.649+0000][44737.635s][5523][5530][info ] Leaving safepoint region
[2025-10-02T08:40:38.649+0000][44737.635s][5523][5530][info ] Total time for which application threads were stopped: 0.0001715 seconds, Stopping threads took: 0.0000508 seconds
[2025-10-02T08:40:39.649+0000][44738.635s][5523][5530][info ] Application time: 1.0000998 seconds
[2025-10-02T08:40:39.649+0000][44738.635s][5523][5530][info ] Entering safepoint region: Cleanup
[2025-10-02T08:40:39.649+0000][44738.635s][5523][5530][info ] Leaving safepoint region
[2025-10-02T08:40:39.649+0000][44738.635s][5523][5530][info ] Total time for which application threads were stopped: 0.0001432 seconds, Stopping threads took: 0.0000257 seconds
[2025-10-02T08:40:40.649+0000][44739.635s][5523][5530][info ] Application time: 1.0001111 seconds
[2025-10-02T08:40:40.649+0000][44739.635s][5523][5530][info ] Entering safepoint region: Cleanup
[2025-10-02T08:40:40.649+0000][44739.635s][5523][5530][info ] Leaving safepoint region
[2025-10-02T08:40:40.649+0000][44739.635s][5523][5530][info ] Total time for which application threads were stopped: 0.0001402 seconds, Stopping threads took: 0.0000271 seconds
[2025-10-02T08:40:41.649+0000][44740.636s][5523][5530][info ] Application time: 1.0001019 seconds
[2025-10-02T08:40:41.649+0000][44740.636s][5523][5530][info ] Entering safepoint region: Cleanup
[2025-10-02T08:40:41.650+0000][44740.636s][5523][5530][info ] Leaving safepoint region
[2025-10-02T08:40:41.650+0000][44740.636s][5523][5530][info ] Total time for which application threads were stopped: 0.0003043 seconds, Stopping threads took: 0.0000288 seconds
[2025-10-02T08:40:42.650+0000][44741.636s][5523][5530][info ] Application time: 1.0001013 seconds
[2025-10-02T08:40:42.650+0000][44741.636s][5523][5530][info ] Entering safepoint region: Cleanup
[2025-10-02T08:40:42.650+0000][44741.636s][5523][5530][info ] Leaving safepoint region
[2025-10-02T08:40:42.650+0000][44741.636s][5523][5530][info ] Total time for which application threads were stopped: 0.0001391 seconds, Stopping threads took: 0.0000259 seconds
[2025-10-02T08:40:43.650+0000][44742.636s][5523][5530][info ] Application time: 1.0001036 seconds
[2025-10-02T08:40:43.650+0000][44742.636s][5523][5530][info ] Entering safepoint region: Cleanup
[2025-10-02T08:40:43.650+0000][44742.637s][5523][5530][info ] Leaving safepoint region
[2025-10-02T08:40:43.650+0000][44742.637s][5523][5530][info ] Total time for which application threads were stopped: 0.0001322 seconds, Stopping threads took: 0.0000240 seconds
[2025-10-02T08:40:44.650+0000][44743.637s][5523][5530][info ] Application time: 1.0001022 seconds
[2025-10-02T08:40:44.650+0000][44743.637s][5523][5530][info ] Entering safepoint region: Cleanup
[2025-10-02T08:40:44.651+0000][44743.637s][5523][5530][info ] Leaving safepoint region
[2025-10-02T08:40:44.651+0000][44743.637s][5523][5530][info ] Total time for which application threads were stopped: 0.0001601 seconds, Stopping threads took: 0.0000479 seconds
[2025-10-02T08:40:45.651+0000][44744.637s][5523][5530][info ] Application time: 1.0001018 seconds
[2025-10-02T08:40:45.651+0000][44744.637s][5523][5530][info ] Entering safepoint region: Cleanup
[2025-10-02T08:40:45.651+0000][44744.637s][5523][5530][info ] Leaving safepoint region
[2025-10-02T08:40:45.651+0000][44744.637s][5523][5530][info ] Total time for which application threads were stopped: 0.0001436 seconds, Stopping threads took: 0.0000287 seconds
[2025-10-02T08:40:46.301+0000][44745.287s][5523][5529][trace] CMS: promo attempt is safe: available(765483624) >= av_promo(4228508), max_promo(121042856)
[2025-10-02T08:40:46.651+0000][44745.637s][5523][5530][info ] Application time: 1.0001973 seconds
[2025-10-02T08:40:46.651+0000][44745.637s][5523][5530][info ] Entering safepoint region: Cleanup
[2025-10-02T08:40:46.651+0000][44745.638s][5523][5530][info ] Leaving safepoint region
[2025-10-02T08:40:46.651+0000][44745.638s][5523][5530][info ] Total time for which application threads were stopped: 0.0001479 seconds, Stopping threads took: 0.0000262 seconds
[2025-10-02T08:40:47.651+0000][44746.638s][5523][5530][info ] Application time: 1.0000951 seconds
[2025-10-02T08:40:47.652+0000][44746.638s][5523][5530][info ] Entering safepoint region: Cleanup
[2025-10-02T08:40:47.652+0000][44746.638s][5523][5530][info ] Leaving safepoint region
[2025-10-02T08:40:47.652+0000][44746.638s][5523][5530][info ] Total time for which application threads were stopped: 0.0001599 seconds, Stopping threads took: 0.0000456 seconds
[2025-10-02T08:40:48.652+0000][44747.638s][5523][5530][info ] Application time: 1.0000996 seconds
[2025-10-02T08:40:48.652+0000][44747.638s][5523][5530][info ] Entering safepoint region: Cleanup
[2025-10-02T08:40:48.652+0000][44747.638s][5523][5530][info ] Leaving safepoint region
[2025-10-02T08:40:48.652+0000][44747.638s][5523][5530][info ] Total time for which application threads were stopped: 0.0002901 seconds, Stopping threads took: 0.0001636 seconds
[2025-10-02T08:40:49.652+0000][44748.638s][5523][5530][info ] Application time: 1.0000847 seconds
[2025-10-02T08:40:49.652+0000][44748.638s][5523][5530][info ] Entering safepoint region: Cleanup
[2025-10-02T08:40:49.652+0000][44748.639s][5523][5530][info ] Leaving safepoint region
[2025-10-02T08:40:49.652+0000][44748.639s][5523][5530][info ] Total time for which application threads were stopped: 0.0001479 seconds, Stopping threads took: 0.0000267 seconds
[2025-10-02T08:40:50.652+0000][44749.639s][5523][5530][info ] Application time: 1.0000801 seconds
[2025-10-02T08:40:50.653+0000][44749.639s][5523][5530][info ] Entering safepoint region: Cleanup
[2025-10-02T08:40:50.653+0000][44749.639s][5523][5530][info ] Leaving safepoint region
[2025-10-02T08:40:50.653+0000][44749.639s][5523][5530][info ] Total time for which application threads were stopped: 0.0001361 seconds, Stopping threads took: 0.0000267 seconds
[2025-10-02T08:40:51.653+0000][44750.639s][5523][5530][info ] Application time: 1.0001013 seconds
[2025-10-02T08:40:51.653+0000][44750.639s][5523][5530][info ] Entering safepoint region: Cleanup
[2025-10-02T08:40:51.653+0000][44750.639s][5523][5530][info ] Leaving safepoint region
[2025-10-02T08:40:51.653+0000][44750.639s][5523][5530][info ] Total time for which application threads were stopped: 0.0001343 seconds, Stopping threads took: 0.0000271 seconds
[2025-10-02T08:40:52.653+0000][44751.639s][5523][5530][info ] Application time: 1.0001124 seconds
[2025-10-02T08:40:52.653+0000][44751.639s][5523][5530][info ] Entering safepoint region: Cleanup
[2025-10-02T08:40:52.653+0000][44751.640s][5523][5530][info ] Leaving safepoint region
[2025-10-02T08:40:52.653+0000][44751.640s][5523][5530][info ] Total time for which application threads were stopped: 0.0001417 seconds, Stopping threads took: 0.0000276 seconds
[2025-10-02T08:40:53.653+0000][44752.640s][5523][5530][info ] Application time: 1.0001029 seconds
[2025-10-02T08:40:53.653+0000][44752.640s][5523][5530][info ] Entering safepoint region: Cleanup
[2025-10-02T08:40:53.654+0000][44752.640s][5523][5530][info ] Leaving safepoint region
[2025-10-02T08:40:53.654+0000][44752.640s][5523][5530][info ] Total time for which application threads were stopped: 0.0001619 seconds, Stopping threads took: 0.0000304 seconds
[2025-10-02T08:40:54.654+0000][44753.640s][5523][5530][info ] Application time: 1.0000864 seconds
[2025-10-02T08:40:54.654+0000][44753.640s][5523][5530][info ] Entering safepoint region: Cleanup
[2025-10-02T08:40:54.654+0000][44753.640s][5523][5530][info ] Leaving safepoint region
[2025-10-02T08:40:54.654+0000][44753.640s][5523][5530][info ] Total time for which application threads were stopped: 0.0001331 seconds, Stopping threads took: 0.0000257 seconds
[2025-10-02T08:40:55.654+0000][44754.640s][5523][5530][info ] Application time: 1.0001058 seconds
[2025-10-02T08:40:55.654+0000][44754.640s][5523][5530][info ] Entering safepoint region: Cleanup
[2025-10-02T08:40:55.654+0000][44754.640s][5523][5530][info ] Leaving safepoint region
[2025-10-02T08:40:55.654+0000][44754.640s][5523][5530][info ] Total time for which application threads were stopped: 0.0001454 seconds, Stopping threads took: 0.0000270 seconds
[2025-10-02T08:40:56.300+0000][44755.287s][5523][5529][trace] CMS: promo attempt is safe: available(765483624) >= av_promo(4228508), max_promo(121055920)
[2025-10-02T08:40:56.654+0000][44755.641s][5523][5530][info ] Application time: 1.0001101 seconds
[2025-10-02T08:40:56.654+0000][44755.641s][5523][5530][info ] Entering safepoint region: Cleanup
[2025-10-02T08:40:56.654+0000][44755.641s][5523][5530][info ] Leaving safepoint region
[2025-10-02T08:40:56.654+0000][44755.641s][5523][5530][info ] Total time for which application threads were stopped: 0.0001340 seconds, Stopping threads took: 0.0000258 seconds
[2025-10-02T08:40:57.655+0000][44756.641s][5523][5530][info ] Application time: 1.0001216 seconds
[2025-10-02T08:40:57.655+0000][44756.641s][5523][5530][info ] Entering safepoint region: Cleanup
[2025-10-02T08:40:57.655+0000][44756.641s][5523][5530][info ] Leaving safepoint region
[2025-10-02T08:40:57.655+0000][44756.641s][5523][5530][info ] Total time for which application threads were stopped: 0.0001538 seconds, Stopping threads took: 0.0000338 seconds
[2025-10-02T08:40:58.655+0000][44757.641s][5523][5530][info ] Application time: 1.0001008 seconds
[2025-10-02T08:40:58.655+0000][44757.641s][5523][5530][info ] Entering safepoint region: Cleanup
[2025-10-02T08:40:58.655+0000][44757.641s][5523][5530][info ] Leaving safepoint region
[2025-10-02T08:40:58.655+0000][44757.641s][5523][5530][info ] Total time for which application threads were stopped: 0.0002561 seconds, Stopping threads took: 0.0001428 seconds
[2025-10-02T08:40:59.655+0000][44758.642s][5523][5530][info ] Application time: 1.0000897 seconds
[2025-10-02T08:40:59.655+0000][44758.642s][5523][5530][info ] Entering safepoint region: Cleanup
[2025-10-02T08:40:59.656+0000][44758.642s][5523][5530][info ] Leaving safepoint region
[2025-10-02T08:40:59.656+0000][44758.642s][5523][5530][info ] Total time for which application threads were stopped: 0.0001715 seconds, Stopping threads took: 0.0000391 seconds
[2025-10-02T08:41:00.656+0000][44759.642s][5523][5530][info ] Application time: 1.0000988 seconds
[2025-10-02T08:41:00.656+0000][44759.642s][5523][5530][info ] Entering safepoint region: Cleanup
[2025-10-02T08:41:00.656+0000][44759.642s][5523][5530][info ] Leaving safepoint region
[2025-10-02T08:41:00.656+0000][44759.642s][5523][5530][info ] Total time for which application threads were stopped: 0.0001420 seconds, Stopping threads took: 0.0000258 seconds
[2025-10-02T08:41:01.656+0000][44760.642s][5523][5530][info ] Application time: 1.0001585 seconds
[2025-10-02T08:41:01.656+0000][44760.642s][5523][5530][info ] Entering safepoint region: Cleanup
[2025-10-02T08:41:01.656+0000][44760.642s][5523][5530][info ] Leaving safepoint region
[2025-10-02T08:41:01.656+0000][44760.642s][5523][5530][info ] Total time for which application threads were stopped: 0.0001562 seconds, Stopping threads took: 0.0000278 seconds
[2025-10-02T08:41:02.656+0000][44761.643s][5523][5530][info ] Application time: 1.0001150 seconds
[2025-10-02T08:41:02.656+0000][44761.643s][5523][5530][info ] Entering safepoint region: Cleanup
[2025-10-02T08:41:02.657+0000][44761.643s][5523][5530][info ] Leaving safepoint region
[2025-10-02T08:41:02.657+0000][44761.643s][5523][5530][info ] Total time for which application threads were stopped: 0.0001886 seconds, Stopping threads took: 0.0000274 seconds
[2025-10-02T08:41:03.657+0000][44762.643s][5523][5530][info ] Application time: 1.0000908 seconds
[2025-10-02T08:41:03.657+0000][44762.643s][5523][5530][info ] Entering safepoint region: Cleanup
[2025-10-02T08:41:03.657+0000][44762.643s][5523][5530][info ] Leaving safepoint region
[2025-10-02T08:41:03.657+0000][44762.643s][5523][5530][info ] Total time for which application threads were stopped: 0.0001454 seconds, Stopping threads took: 0.0000275 seconds
[2025-10-02T08:41:04.657+0000][44763.643s][5523][5530][info ] Application time: 1.0001103 seconds
[2025-10-02T08:41:04.657+0000][44763.643s][5523][5530][info ] Entering safepoint region: Cleanup
[2025-10-02T08:41:04.657+0000][44763.643s][5523][5530][info ] Leaving safepoint region
[2025-10-02T08:41:04.657+0000][44763.643s][5523][5530][info ] Total time for which application threads were stopped: 0.0001380 seconds, Stopping threads took: 0.0000265 seconds
[2025-10-02T08:41:05.657+0000][44764.644s][5523][5530][info ] Application time: 1.0001118 seconds
[2025-10-02T08:41:05.657+0000][44764.644s][5523][5530][info ] Entering safepoint region: Cleanup
[2025-10-02T08:41:05.657+0000][44764.644s][5523][5530][info ] Leaving safepoint region
[2025-10-02T08:41:05.658+0000][44764.644s][5523][5530][info ] Total time for which application threads were stopped: 0.0001596 seconds, Stopping threads took: 0.0000255 seconds
[2025-10-02T08:41:06.300+0000][44765.286s][5523][5529][trace] CMS: promo attempt is safe: available(765483624) >= av_promo(4228508), max_promo(121190024)
[2025-10-02T08:41:06.658+0000][44765.644s][5523][5530][info ] Application time: 1.0001114 seconds
[2025-10-02T08:41:06.658+0000][44765.644s][5523][5530][info ] Entering safepoint region: Cleanup
[2025-10-02T08:41:06.658+0000][44765.644s][5523][5530][info ] Leaving safepoint region
[2025-10-02T08:41:06.658+0000][44765.644s][5523][5530][info ] Total time for which application threads were stopped: 0.0001619 seconds, Stopping threads took: 0.0000332 seconds
[2025-10-02T08:41:07.658+0000][44766.644s][5523][5530][info ] Application time: 1.0000995 seconds
[2025-10-02T08:41:07.658+0000][44766.644s][5523][5530][info ] Entering safepoint region: Cleanup
[2025-10-02T08:41:07.658+0000][44766.644s][5523][5530][info ] Leaving safepoint region
[2025-10-02T08:41:07.658+0000][44766.644s][5523][5530][info ] Total time for which application threads were stopped: 0.0001561 seconds, Stopping threads took: 0.0000457 seconds
[2025-10-02T08:41:08.658+0000][44767.644s][5523][5530][info ] Application time: 1.0000863 seconds
[2025-10-02T08:41:08.658+0000][44767.645s][5523][5530][info ] Entering safepoint region: Cleanup
[2025-10-02T08:41:08.658+0000][44767.645s][5523][5530][info ] Leaving safepoint region
[2025-10-02T08:41:08.658+0000][44767.645s][5523][5530][info ] Total time for which application threads were stopped: 0.0001455 seconds, Stopping threads took: 0.0000343 seconds
[2025-10-02T08:41:09.659+0000][44768.645s][5523][5530][info ] Application time: 1.0000594 seconds
[2025-10-02T08:41:09.659+0000][44768.645s][5523][5530][info ] Entering safepoint region: Cleanup
[2025-10-02T08:41:09.659+0000][44768.645s][5523][5530][info ] Leaving safepoint region
[2025-10-02T08:41:09.659+0000][44768.645s][5523][5530][info ] Total time for which application threads were stopped: 0.0001419 seconds, Stopping threads took: 0.0000278 seconds
[2025-10-02T08:41:10.659+0000][44769.645s][5523][5530][info ] Application time: 1.0001041 seconds
[2025-10-02T08:41:10.659+0000][44769.645s][5523][5530][info ] Entering safepoint region: Cleanup
[2025-10-02T08:41:10.659+0000][44769.645s][5523][5530][info ] Leaving safepoint region
[2025-10-02T08:41:10.659+0000][44769.645s][5523][5530][info ] Total time for which application threads were stopped: 0.0002443 seconds, Stopping threads took: 0.0000253 seconds
[2025-10-02T08:41:11.659+0000][44770.645s][5523][5530][info ] Application time: 1.0001006 seconds
[2025-10-02T08:41:11.659+0000][44770.646s][5523][5530][info ] Entering safepoint region: Cleanup
[2025-10-02T08:41:11.659+0000][44770.646s][5523][5530][info ] Leaving safepoint region
[2025-10-02T08:41:11.659+0000][44770.646s][5523][5530][info ] Total time for which application threads were stopped: 0.0001367 seconds, Stopping threads took: 0.0000270 seconds
[2025-10-02T08:41:12.660+0000][44771.646s][5523][5530][info ] Application time: 1.0001076 seconds
[2025-10-02T08:41:12.660+0000][44771.646s][5523][5530][info ] Entering safepoint region: Cleanup
[2025-10-02T08:41:12.660+0000][44771.646s][5523][5530][info ] Leaving safepoint region
[2025-10-02T08:41:12.660+0000][44771.646s][5523][5530][info ] Total time for which application threads were stopped: 0.0001331 seconds, Stopping threads took: 0.0000246 seconds
[2025-10-02T08:41:13.660+0000][44772.646s][5523][5530][info ] Application time: 1.0001050 seconds
[2025-10-02T08:41:13.660+0000][44772.646s][5523][5530][info ] Entering safepoint region: Cleanup
[2025-10-02T08:41:13.660+0000][44772.646s][5523][5530][info ] Leaving safepoint region
[2025-10-02T08:41:13.660+0000][44772.646s][5523][5530][info ] Total time for which application threads were stopped: 0.0001333 seconds, Stopping threads took: 0.0000268 seconds
[2025-10-02T08:41:14.660+0000][44773.646s][5523][5530][info ] Application time: 1.0000794 seconds
[2025-10-02T08:41:14.660+0000][44773.646s][5523][5530][info ] Entering safepoint region: Cleanup
[2025-10-02T08:41:14.660+0000][44773.646s][5523][5530][info ] Leaving safepoint region
[2025-10-02T08:41:14.660+0000][44773.646s][5523][5530][info ] Total time for which application threads were stopped: 0.0001343 seconds, Stopping threads took: 0.0000258 seconds
[2025-10-02T08:41:15.660+0000][44774.647s][5523][5530][info ] Application time: 1.0001014 seconds
[2025-10-02T08:41:15.660+0000][44774.647s][5523][5530][info ] Entering safepoint region: Cleanup
[2025-10-02T08:41:15.661+0000][44774.647s][5523][5530][info ] Leaving safepoint region
[2025-10-02T08:41:15.661+0000][44774.647s][5523][5530][info ] Total time for which application threads were stopped: 0.0001754 seconds, Stopping threads took: 0.0000245 seconds
[2025-10-02T08:41:16.300+0000][44775.286s][5523][5529][trace] CMS: promo attempt is safe: available(765483624) >= av_promo(4228508), max_promo(121670304)
[2025-10-02T08:41:16.661+0000][44775.647s][5523][5530][info ] Application time: 1.0001030 seconds
[2025-10-02T08:41:16.661+0000][44775.647s][5523][5530][info ] Entering safepoint region: Cleanup
[2025-10-02T08:41:16.661+0000][44775.647s][5523][5530][info ] Leaving safepoint region
[2025-10-02T08:41:16.661+0000][44775.647s][5523][5530][info ] Total time for which application threads were stopped: 0.0001368 seconds, Stopping threads took: 0.0000259 seconds
[2025-10-02T08:41:17.661+0000][44776.647s][5523][5530][info ] Application time: 1.0000844 seconds
[2025-10-02T08:41:17.661+0000][44776.647s][5523][5530][info ] Entering safepoint region: Cleanup
[2025-10-02T08:41:17.661+0000][44776.647s][5523][5530][info ] Leaving safepoint region
[2025-10-02T08:41:17.661+0000][44776.647s][5523][5530][info ] Total time for which application threads were stopped: 0.0001487 seconds, Stopping threads took: 0.0000392 seconds
[2025-10-02T08:41:18.661+0000][44777.648s][5523][5530][info ] Application time: 1.0000768 seconds
[2025-10-02T08:41:18.661+0000][44777.648s][5523][5530][info ] Entering safepoint region: Cleanup
[2025-10-02T08:41:18.661+0000][44777.648s][5523][5530][info ] Leaving safepoint region
[2025-10-02T08:41:18.661+0000][44777.648s][5523][5530][info ] Total time for which application threads were stopped: 0.0001617 seconds, Stopping threads took: 0.0000330 seconds
[2025-10-02T08:41:19.662+0000][44778.648s][5523][5530][info ] Application time: 1.0000967 seconds
[2025-10-02T08:41:19.662+0000][44778.648s][5523][5530][info ] Entering safepoint region: Cleanup
[2025-10-02T08:41:19.662+0000][44778.648s][5523][5530][info ] Leaving safepoint region
[2025-10-02T08:41:19.662+0000][44778.648s][5523][5530][info ] Total time for which application threads were stopped: 0.0001491 seconds, Stopping threads took: 0.0000279 seconds
[2025-10-02T08:41:20.662+0000][44779.648s][5523][5530][info ] Application time: 1.0000856 seconds
[2025-10-02T08:41:20.662+0000][44779.648s][5523][5530][info ] Entering safepoint region: Cleanup
[2025-10-02T08:41:20.662+0000][44779.648s][5523][5530][info ] Leaving safepoint region
[2025-10-02T08:41:20.662+0000][44779.648s][5523][5530][info ] Total time for which application threads were stopped: 0.0001646 seconds, Stopping threads took: 0.0000268 seconds
[2025-10-02T08:41:21.662+0000][44780.648s][5523][5530][info ] Application time: 1.0000974 seconds
[2025-10-02T08:41:21.662+0000][44780.649s][5523][5530][info ] Entering safepoint region: Cleanup
[2025-10-02T08:41:21.662+0000][44780.649s][5523][5530][info ] Leaving safepoint region
[2025-10-02T08:41:21.662+0000][44780.649s][5523][5530][info ] Total time for which application threads were stopped: 0.0001586 seconds, Stopping threads took: 0.0000259 seconds
[2025-10-02T08:41:22.663+0000][44781.649s][5523][5530][info ] Application time: 1.0001002 seconds
[2025-10-02T08:41:22.663+0000][44781.649s][5523][5530][info ] Entering safepoint region: Cleanup
[2025-10-02T08:41:22.663+0000][44781.649s][5523][5530][info ] Leaving safepoint region
[2025-10-02T08:41:22.663+0000][44781.649s][5523][5530][info ] Total time for which application threads were stopped: 0.0001444 seconds, Stopping threads took: 0.0000302 seconds
[2025-10-02T08:41:23.663+0000][44782.649s][5523][5530][info ] Application time: 1.0001085 seconds
[2025-10-02T08:41:23.663+0000][44782.649s][5523][5530][info ] Entering safepoint region: Cleanup
[2025-10-02T08:41:23.663+0000][44782.649s][5523][5530][info ] Leaving safepoint region
[2025-10-02T08:41:23.663+0000][44782.649s][5523][5530][info ] Total time for which application threads were stopped: 0.0002471 seconds, Stopping threads took: 0.0000266 seconds
[2025-10-02T08:41:24.663+0000][44783.650s][5523][5530][info ] Application time: 1.0001032 seconds
[2025-10-02T08:41:24.663+0000][44783.650s][5523][5530][info ] Entering safepoint region: Cleanup
[2025-10-02T08:41:24.663+0000][44783.650s][5523][5530][info ] Leaving safepoint region
[2025-10-02T08:41:24.663+0000][44783.650s][5523][5530][info ] Total time for which application threads were stopped: 0.0001463 seconds, Stopping threads took: 0.0000354 seconds
[2025-10-02T08:41:25.664+0000][44784.650s][5523][5530][info ] Application time: 1.0001039 seconds
[2025-10-02T08:41:25.664+0000][44784.650s][5523][5530][info ] Entering safepoint region: Cleanup
[2025-10-02T08:41:25.664+0000][44784.650s][5523][5530][info ] Leaving safepoint region
[2025-10-02T08:41:25.664+0000][44784.650s][5523][5530][info ] Total time for which application threads were stopped: 0.0001388 seconds, Stopping threads took: 0.0000271 seconds
[2025-10-02T08:41:26.299+0000][44785.285s][5523][5529][trace] CMS: promo attempt is safe: available(765483624) >= av_promo(4228508), max_promo(123566440)
[2025-10-02T08:41:26.664+0000][44785.650s][5523][5530][info ] Application time: 1.0000916 seconds
[2025-10-02T08:41:26.664+0000][44785.650s][5523][5530][info ] Entering safepoint region: Cleanup
[2025-10-02T08:41:26.664+0000][44785.650s][5523][5530][info ] Leaving safepoint region
[2025-10-02T08:41:26.664+0000][44785.650s][5523][5530][info ] Total time for which application threads were stopped: 0.0001494 seconds, Stopping threads took: 0.0000261 seconds
[2025-10-02T08:41:27.664+0000][44786.650s][5523][5530][info ] Application time: 1.0000764 seconds
[2025-10-02T08:41:27.664+0000][44786.650s][5523][5530][info ] Entering safepoint region: Cleanup
[2025-10-02T08:41:27.664+0000][44786.651s][5523][5530][info ] Leaving safepoint region
[2025-10-02T08:41:27.664+0000][44786.651s][5523][5530][info ] Total time for which application threads were stopped: 0.0001411 seconds, Stopping threads took: 0.0000258 seconds
[2025-10-02T08:41:28.664+0000][44787.651s][5523][5530][info ] Application time: 1.0001021 seconds
[2025-10-02T08:41:28.665+0000][44787.651s][5523][5530][info ] Entering safepoint region: Cleanup
[2025-10-02T08:41:28.665+0000][44787.651s][5523][5530][info ] Leaving safepoint region
[2025-10-02T08:41:28.665+0000][44787.651s][5523][5530][info ] Total time for which application threads were stopped: 0.0001364 seconds, Stopping threads took: 0.0000276 seconds
[2025-10-02T08:41:29.665+0000][44788.651s][5523][5530][info ] Application time: 1.0000781 seconds
[2025-10-02T08:41:29.665+0000][44788.651s][5523][5530][info ] Entering safepoint region: Cleanup
[2025-10-02T08:41:29.665+0000][44788.651s][5523][5530][info ] Leaving safepoint region
[2025-10-02T08:41:29.665+0000][44788.651s][5523][5530][info ] Total time for which application threads were stopped: 0.0001373 seconds, Stopping threads took: 0.0000264 seconds
[2025-10-02T08:41:30.665+0000][44789.651s][5523][5530][info ] Application time: 1.0001090 seconds
[2025-10-02T08:41:30.665+0000][44789.651s][5523][5530][info ] Entering safepoint region: Cleanup
[2025-10-02T08:41:30.665+0000][44789.651s][5523][5530][info ] Leaving safepoint region
[2025-10-02T08:41:30.665+0000][44789.651s][5523][5530][info ] Total time for which application threads were stopped: 0.0001384 seconds, Stopping threads took: 0.0000269 seconds
[2025-10-02T08:41:31.665+0000][44790.652s][5523][5530][info ] Application time: 1.0000925 seconds
[2025-10-02T08:41:31.665+0000][44790.652s][5523][5530][info ] Entering safepoint region: Cleanup
[2025-10-02T08:41:31.666+0000][44790.652s][5523][5530][info ] Leaving safepoint region
[2025-10-02T08:41:31.666+0000][44790.652s][5523][5530][info ] Total time for which application threads were stopped: 0.0001570 seconds, Stopping threads took: 0.0000264 seconds
[2025-10-02T08:41:32.666+0000][44791.652s][5523][5530][info ] Application time: 1.0000900 seconds
[2025-10-02T08:41:32.666+0000][44791.652s][5523][5530][info ] Entering safepoint region: Cleanup
[2025-10-02T08:41:32.666+0000][44791.652s][5523][5530][info ] Leaving safepoint region
[2025-10-02T08:41:32.666+0000][44791.652s][5523][5530][info ] Total time for which application threads were stopped: 0.0001392 seconds, Stopping threads took: 0.0000263 seconds
[2025-10-02T08:41:33.666+0000][44792.652s][5523][5530][info ] Application time: 1.0000981 seconds
[2025-10-02T08:41:33.666+0000][44792.652s][5523][5530][info ] Entering safepoint region: Cleanup
[2025-10-02T08:41:33.666+0000][44792.652s][5523][5530][info ] Leaving safepoint region
[2025-10-02T08:41:33.666+0000][44792.652s][5523][5530][info ] Total time for which application threads were stopped: 0.0001598 seconds, Stopping threads took: 0.0000470 seconds
[2025-10-02T08:41:34.666+0000][44793.652s][5523][5530][info ] Application time: 1.0000872 seconds
[2025-10-02T08:41:34.666+0000][44793.653s][5523][5530][info ] Entering safepoint region: Cleanup
[2025-10-02T08:41:34.666+0000][44793.653s][5523][5530][info ] Leaving safepoint region
[2025-10-02T08:41:34.666+0000][44793.653s][5523][5530][info ] Total time for which application threads were stopped: 0.0001333 seconds, Stopping threads took: 0.0000255 seconds
[2025-10-02T08:41:35.667+0000][44794.653s][5523][5530][info ] Application time: 1.0001030 seconds
[2025-10-02T08:41:35.667+0000][44794.653s][5523][5530][info ] Entering safepoint region: Cleanup
[2025-10-02T08:41:35.667+0000][44794.653s][5523][5530][info ] Leaving safepoint region
[2025-10-02T08:41:35.667+0000][44794.653s][5523][5530][info ] Total time for which application threads were stopped: 0.0001391 seconds, Stopping threads took: 0.0000280 seconds
[2025-10-02T08:41:36.299+0000][44795.285s][5523][5529][trace] CMS: promo attempt is safe: available(765483624) >= av_promo(4228508), max_promo(123566440)
[2025-10-02T08:41:36.667+0000][44795.653s][5523][5530][info ] Application time: 1.0001027 seconds
[2025-10-02T08:41:36.667+0000][44795.653s][5523][5530][info ] Entering safepoint region: Cleanup
[2025-10-02T08:41:36.667+0000][44795.653s][5523][5530][info ] Leaving safepoint region
[2025-10-02T08:41:36.667+0000][44795.653s][5523][5530][info ] Total time for which application threads were stopped: 0.0002433 seconds, Stopping threads took: 0.0000271 seconds
[2025-10-02T08:41:37.667+0000][44796.653s][5523][5530][info ] Application time: 1.0000913 seconds
[2025-10-02T08:41:37.667+0000][44796.654s][5523][5530][info ] Entering safepoint region: Cleanup
[2025-10-02T08:41:37.667+0000][44796.654s][5523][5530][info ] Leaving safepoint region
[2025-10-02T08:41:37.667+0000][44796.654s][5523][5530][info ] Total time for which application threads were stopped: 0.0001459 seconds, Stopping threads took: 0.0000270 seconds
[2025-10-02T08:41:38.668+0000][44797.654s][5523][5530][info ] Application time: 1.0001115 seconds
[2025-10-02T08:41:38.668+0000][44797.654s][5523][5530][info ] Entering safepoint region: Cleanup
[2025-10-02T08:41:38.668+0000][44797.654s][5523][5530][info ] Leaving safepoint region
[2025-10-02T08:41:38.668+0000][44797.654s][5523][5530][info ] Total time for which application threads were stopped: 0.0001432 seconds, Stopping threads took: 0.0000270 seconds
[2025-10-02T08:41:39.668+0000][44798.654s][5523][5530][info ] Application time: 1.0001004 seconds
[2025-10-02T08:41:39.668+0000][44798.654s][5523][5530][info ] Entering safepoint region: Cleanup
[2025-10-02T08:41:39.668+0000][44798.654s][5523][5530][info ] Leaving safepoint region
[2025-10-02T08:41:39.668+0000][44798.654s][5523][5530][info ] Total time for which application threads were stopped: 0.0001644 seconds, Stopping threads took: 0.0000261 seconds
[2025-10-02T08:41:40.668+0000][44799.654s][5523][5530][info ] Application time: 1.0000850 seconds
[2025-10-02T08:41:40.668+0000][44799.654s][5523][5530][info ] Entering safepoint region: Cleanup
[2025-10-02T08:41:40.668+0000][44799.655s][5523][5530][info ] Leaving safepoint region
[2025-10-02T08:41:40.668+0000][44799.655s][5523][5530][info ] Total time for which application threads were stopped: 0.0001337 seconds, Stopping threads took: 0.0000252 seconds
[2025-10-02T08:41:41.668+0000][44800.655s][5523][5530][info ] Application time: 1.0001045 seconds
[2025-10-02T08:41:41.669+0000][44800.655s][5523][5530][info ] Entering safepoint region: Cleanup
[2025-10-02T08:41:41.669+0000][44800.655s][5523][5530][info ] Leaving safepoint region
[2025-10-02T08:41:41.669+0000][44800.655s][5523][5530][info ] Total time for which application threads were stopped: 0.0001540 seconds, Stopping threads took: 0.0000456 seconds
[2025-10-02T08:41:42.669+0000][44801.655s][5523][5530][info ] Application time: 1.0000816 seconds
[2025-10-02T08:41:42.669+0000][44801.655s][5523][5530][info ] Entering safepoint region: Cleanup
[2025-10-02T08:41:42.669+0000][44801.655s][5523][5530][info ] Leaving safepoint region
[2025-10-02T08:41:42.669+0000][44801.655s][5523][5530][info ] Total time for which application threads were stopped: 0.0001359 seconds, Stopping threads took: 0.0000247 seconds
[2025-10-02T08:41:43.669+0000][44802.655s][5523][5530][info ] Application time: 1.0000984 seconds
[2025-10-02T08:41:43.669+0000][44802.655s][5523][5530][info ] Entering safepoint region: Cleanup
[2025-10-02T08:41:43.669+0000][44802.655s][5523][5530][info ] Leaving safepoint region
[2025-10-02T08:41:43.669+0000][44802.655s][5523][5530][info ] Total time for which application threads were stopped: 0.0001358 seconds, Stopping threads took: 0.0000253 seconds
[2025-10-02T08:41:44.669+0000][44803.656s][5523][5530][info ] Application time: 1.0001034 seconds
[2025-10-02T08:41:44.669+0000][44803.656s][5523][5530][info ] Entering safepoint region: Cleanup
[2025-10-02T08:41:44.670+0000][44803.656s][5523][5530][info ] Leaving safepoint region
[2025-10-02T08:41:44.670+0000][44803.656s][5523][5530][info ] Total time for which application threads were stopped: 0.0001613 seconds, Stopping threads took: 0.0000258 seconds
[2025-10-02T08:41:45.670+0000][44804.656s][5523][5530][info ] Application time: 1.0000987 seconds
[2025-10-02T08:41:45.670+0000][44804.656s][5523][5530][info ] Entering safepoint region: Cleanup
[2025-10-02T08:41:45.670+0000][44804.656s][5523][5530][info ] Leaving safepoint region
[2025-10-02T08:41:45.670+0000][44804.656s][5523][5530][info ] Total time for which application threads were stopped: 0.0001380 seconds, Stopping threads took: 0.0000266 seconds
[2025-10-02T08:41:46.299+0000][44805.285s][5523][5529][trace] CMS: promo attempt is safe: available(765483624) >= av_promo(4228508), max_promo(123566440)
[2025-10-02T08:41:46.670+0000][44805.656s][5523][5530][info ] Application time: 1.0001005 seconds
[2025-10-02T08:41:46.670+0000][44805.656s][5523][5530][info ] Entering safepoint region: Cleanup
[2025-10-02T08:41:46.670+0000][44805.656s][5523][5530][info ] Leaving safepoint region
[2025-10-02T08:41:46.670+0000][44805.656s][5523][5530][info ] Total time for which application threads were stopped: 0.0001281 seconds, Stopping threads took: 0.0000232 seconds
[2025-10-02T08:41:47.670+0000][44806.656s][5523][5530][info ] Application time: 1.0001101 seconds
[2025-10-02T08:41:47.670+0000][44806.657s][5523][5530][info ] Entering safepoint region: Cleanup
[2025-10-02T08:41:47.670+0000][44806.657s][5523][5530][info ] Leaving safepoint region
[2025-10-02T08:41:47.670+0000][44806.657s][5523][5530][info ] Total time for which application threads were stopped: 0.0001391 seconds, Stopping threads took: 0.0000268 seconds
[2025-10-02T08:41:48.671+0000][44807.657s][5523][5530][info ] Application time: 1.0001205 seconds
[2025-10-02T08:41:48.671+0000][44807.657s][5523][5530][info ] Entering safepoint region: Cleanup
[2025-10-02T08:41:48.672+0000][44807.658s][5523][5530][info ] Leaving safepoint region
[2025-10-02T08:41:48.672+0000][44807.658s][5523][5530][info ] Total time for which application threads were stopped: 0.0012180 seconds, Stopping threads took: 0.0010780 seconds
[2025-10-02T08:41:49.672+0000][44808.658s][5523][5530][info ] Application time: 1.0001276 seconds
[2025-10-02T08:41:49.672+0000][44808.658s][5523][5530][info ] Entering safepoint region: Cleanup
[2025-10-02T08:41:49.672+0000][44808.658s][5523][5530][info ] Leaving safepoint region
[2025-10-02T08:41:49.672+0000][44808.658s][5523][5530][info ] Total time for which application threads were stopped: 0.0001384 seconds, Stopping threads took: 0.0000280 seconds
[2025-10-02T08:41:50.672+0000][44809.658s][5523][5530][info ] Application time: 1.0000984 seconds
[2025-10-02T08:41:50.672+0000][44809.659s][5523][5530][info ] Entering safepoint region: Cleanup
[2025-10-02T08:41:50.672+0000][44809.659s][5523][5530][info ] Leaving safepoint region
[2025-10-02T08:41:50.672+0000][44809.659s][5523][5530][info ] Total time for which application threads were stopped: 0.0001673 seconds, Stopping threads took: 0.0000368 seconds
[2025-10-02T08:41:51.673+0000][44810.659s][5523][5530][info ] Application time: 1.0000746 seconds
[2025-10-02T08:41:51.673+0000][44810.659s][5523][5530][info ] Entering safepoint region: Cleanup
[2025-10-02T08:41:51.673+0000][44810.659s][5523][5530][info ] Leaving safepoint region
[2025-10-02T08:41:51.673+0000][44810.659s][5523][5530][info ] Total time for which application threads were stopped: 0.0001325 seconds, Stopping threads took: 0.0000241 seconds
[2025-10-02T08:41:52.673+0000][44811.659s][5523][5530][info ] Application time: 1.0001057 seconds
[2025-10-02T08:41:52.673+0000][44811.659s][5523][5530][info ] Entering safepoint region: Cleanup
[2025-10-02T08:41:52.673+0000][44811.659s][5523][5530][info ] Leaving safepoint region
[2025-10-02T08:41:52.673+0000][44811.659s][5523][5530][info ] Total time for which application threads were stopped: 0.0001360 seconds, Stopping threads took: 0.0000254 seconds
[2025-10-02T08:41:53.673+0000][44812.659s][5523][5530][info ] Application time: 1.0001035 seconds
[2025-10-02T08:41:53.673+0000][44812.659s][5523][5530][info ] Entering safepoint region: Cleanup
[2025-10-02T08:41:53.673+0000][44812.660s][5523][5530][info ] Leaving safepoint region
[2025-10-02T08:41:53.673+0000][44812.660s][5523][5530][info ] Total time for which application threads were stopped: 0.0001377 seconds, Stopping threads took: 0.0000282 seconds
[2025-10-02T08:41:54.673+0000][44813.660s][5523][5530][info ] Application time: 1.0000854 seconds
[2025-10-02T08:41:54.673+0000][44813.660s][5523][5530][info ] Entering safepoint region: Cleanup
[2025-10-02T08:41:54.674+0000][44813.660s][5523][5530][info ] Leaving safepoint region
[2025-10-02T08:41:54.674+0000][44813.660s][5523][5530][info ] Total time for which application threads were stopped: 0.0001639 seconds, Stopping threads took: 0.0000255 seconds
[2025-10-02T08:41:55.674+0000][44814.660s][5523][5530][info ] Application time: 1.0000773 seconds
[2025-10-02T08:41:55.674+0000][44814.660s][5523][5530][info ] Entering safepoint region: Cleanup
[2025-10-02T08:41:55.674+0000][44814.660s][5523][5530][info ] Leaving safepoint region
[2025-10-02T08:41:55.674+0000][44814.660s][5523][5530][info ] Total time for which application threads were stopped: 0.0001394 seconds, Stopping threads took: 0.0000276 seconds
[2025-10-02T08:41:56.299+0000][44815.285s][5523][5529][trace] CMS: promo attempt is safe: available(765483624) >= av_promo(4228508), max_promo(123645480)
[2025-10-02T08:41:56.674+0000][44815.660s][5523][5530][info ] Application time: 1.0000923 seconds
[2025-10-02T08:41:56.674+0000][44815.660s][5523][5530][info ] Entering safepoint region: Cleanup
[2025-10-02T08:41:56.674+0000][44815.660s][5523][5530][info ] Leaving safepoint region
[2025-10-02T08:41:56.674+0000][44815.660s][5523][5530][info ] Total time for which application threads were stopped: 0.0001414 seconds, Stopping threads took: 0.0000290 seconds
[2025-10-02T08:41:57.674+0000][44816.661s][5523][5530][info ] Application time: 1.0000979 seconds
[2025-10-02T08:41:57.674+0000][44816.661s][5523][5530][info ] Entering safepoint region: Cleanup
[2025-10-02T08:41:57.675+0000][44816.661s][5523][5530][info ] Leaving safepoint region
[2025-10-02T08:41:57.675+0000][44816.661s][5523][5530][info ] Total time for which application threads were stopped: 0.0002143 seconds, Stopping threads took: 0.0000347 seconds
[2025-10-02T08:41:58.675+0000][44817.661s][5523][5530][info ] Application time: 1.0000980 seconds
[2025-10-02T08:41:58.675+0000][44817.661s][5523][5530][info ] Entering safepoint region: Cleanup
[2025-10-02T08:41:58.675+0000][44817.661s][5523][5530][info ] Leaving safepoint region
[2025-10-02T08:41:58.675+0000][44817.661s][5523][5530][info ] Total time for which application threads were stopped: 0.0001700 seconds, Stopping threads took: 0.0000250 seconds
[2025-10-02T08:41:59.675+0000][44818.661s][5523][5530][info ] Application time: 1.0001851 seconds
[2025-10-02T08:41:59.675+0000][44818.661s][5523][5530][info ] Entering safepoint region: Cleanup
[2025-10-02T08:41:59.675+0000][44818.662s][5523][5530][info ] Leaving safepoint region
[2025-10-02T08:41:59.675+0000][44818.662s][5523][5530][info ] Total time for which application threads were stopped: 0.0001586 seconds, Stopping threads took: 0.0000365 seconds
[2025-10-02T08:42:00.675+0000][44819.662s][5523][5530][info ] Application time: 1.0001066 seconds
[2025-10-02T08:42:00.676+0000][44819.662s][5523][5530][info ] Entering safepoint region: Cleanup
[2025-10-02T08:42:00.676+0000][44819.662s][5523][5530][info ] Leaving safepoint region
[2025-10-02T08:42:00.676+0000][44819.662s][5523][5530][info ] Total time for which application threads were stopped: 0.0001632 seconds, Stopping threads took: 0.0000519 seconds
[2025-10-02T08:42:01.676+0000][44820.662s][5523][5530][info ] Application time: 1.0001192 seconds
[2025-10-02T08:42:01.676+0000][44820.662s][5523][5530][info ] Entering safepoint region: Cleanup
[2025-10-02T08:42:01.676+0000][44820.662s][5523][5530][info ] Leaving safepoint region
[2025-10-02T08:42:01.676+0000][44820.662s][5523][5530][info ] Total time for which application threads were stopped: 0.0003244 seconds, Stopping threads took: 0.0000318 seconds
[2025-10-02T08:42:02.676+0000][44821.663s][5523][5530][info ] Application time: 1.0000909 seconds
[2025-10-02T08:42:02.676+0000][44821.663s][5523][5530][info ] Entering safepoint region: Cleanup
[2025-10-02T08:42:02.677+0000][44821.663s][5523][5530][info ] Leaving safepoint region
[2025-10-02T08:42:02.677+0000][44821.663s][5523][5530][info ] Total time for which application threads were stopped: 0.0001639 seconds, Stopping threads took: 0.0000278 seconds
[2025-10-02T08:42:03.677+0000][44822.663s][5523][5530][info ] Application time: 1.0000768 seconds
[2025-10-02T08:42:03.677+0000][44822.663s][5523][5530][info ] Entering safepoint region: Cleanup
[2025-10-02T08:42:03.677+0000][44822.663s][5523][5530][info ] Leaving safepoint region
[2025-10-02T08:42:03.677+0000][44822.663s][5523][5530][info ] Total time for which application threads were stopped: 0.0001318 seconds, Stopping threads took: 0.0000267 seconds
[2025-10-02T08:42:04.677+0000][44823.663s][5523][5530][info ] Application time: 1.0000990 seconds
[2025-10-02T08:42:04.677+0000][44823.663s][5523][5530][info ] Entering safepoint region: Cleanup
[2025-10-02T08:42:04.677+0000][44823.663s][5523][5530][info ] Leaving safepoint region
[2025-10-02T08:42:04.677+0000][44823.663s][5523][5530][info ] Total time for which application threads were stopped: 0.0001391 seconds, Stopping threads took: 0.0000265 seconds
[2025-10-02T08:42:05.677+0000][44824.663s][5523][5530][info ] Application time: 1.0001116 seconds
[2025-10-02T08:42:05.677+0000][44824.664s][5523][5530][info ] Entering safepoint region: Cleanup
[2025-10-02T08:42:05.677+0000][44824.664s][5523][5530][info ] Leaving safepoint region
[2025-10-02T08:42:05.677+0000][44824.664s][5523][5530][info ] Total time for which application threads were stopped: 0.0001453 seconds, Stopping threads took: 0.0000281 seconds
[2025-10-02T08:42:06.299+0000][44825.285s][5523][5529][trace] CMS: promo attempt is safe: available(765483624) >= av_promo(4228508), max_promo(127572728)
[2025-10-02T08:42:06.678+0000][44825.664s][5523][5530][info ] Application time: 1.0000963 seconds
[2025-10-02T08:42:06.678+0000][44825.664s][5523][5530][info ] Entering safepoint region: Cleanup
[2025-10-02T08:42:06.678+0000][44825.664s][5523][5530][info ] Leaving safepoint region
[2025-10-02T08:42:06.678+0000][44825.664s][5523][5530][info ] Total time for which application threads were stopped: 0.0001337 seconds, Stopping threads took: 0.0000263 seconds
[2025-10-02T08:42:07.678+0000][44826.664s][5523][5530][info ] Application time: 1.0000743 seconds
[2025-10-02T08:42:07.678+0000][44826.664s][5523][5530][info ] Entering safepoint region: Cleanup
[2025-10-02T08:42:07.678+0000][44826.664s][5523][5530][info ] Leaving safepoint region
[2025-10-02T08:42:07.678+0000][44826.664s][5523][5530][info ] Total time for which application threads were stopped: 0.0001428 seconds, Stopping threads took: 0.0000263 seconds
[2025-10-02T08:42:08.678+0000][44827.664s][5523][5530][info ] Application time: 1.0000984 seconds
[2025-10-02T08:42:08.678+0000][44827.664s][5523][5530][info ] Entering safepoint region: Cleanup
[2025-10-02T08:42:08.678+0000][44827.664s][5523][5530][info ] Leaving safepoint region
[2025-10-02T08:42:08.678+0000][44827.664s][5523][5530][info ] Total time for which application threads were stopped: 0.0001306 seconds, Stopping threads took: 0.0000249 seconds
[2025-10-02T08:42:09.678+0000][44828.665s][5523][5530][info ] Application time: 1.0001013 seconds
[2025-10-02T08:42:09.678+0000][44828.665s][5523][5530][info ] Entering safepoint region: Cleanup
[2025-10-02T08:42:09.679+0000][44828.665s][5523][5530][info ] Leaving safepoint region
[2025-10-02T08:42:09.679+0000][44828.665s][5523][5530][info ] Total time for which application threads were stopped: 0.0001673 seconds, Stopping threads took: 0.0000298 seconds
[2025-10-02T08:42:10.679+0000][44829.665s][5523][5530][info ] Application time: 1.0000795 seconds
[2025-10-02T08:42:10.679+0000][44829.665s][5523][5530][info ] Entering safepoint region: Cleanup
[2025-10-02T08:42:10.679+0000][44829.665s][5523][5530][info ] Leaving safepoint region
[2025-10-02T08:42:10.679+0000][44829.665s][5523][5530][info ] Total time for which application threads were stopped: 0.0001356 seconds, Stopping threads took: 0.0000258 seconds
[2025-10-02T08:42:11.679+0000][44830.665s][5523][5530][info ] Application time: 1.0001612 seconds
[2025-10-02T08:42:11.679+0000][44830.665s][5523][5530][info ] Entering safepoint region: Cleanup
[2025-10-02T08:42:11.679+0000][44830.665s][5523][5530][info ] Leaving safepoint region
[2025-10-02T08:42:11.679+0000][44830.665s][5523][5530][info ] Total time for which application threads were stopped: 0.0001314 seconds, Stopping threads took: 0.0000243 seconds
[2025-10-02T08:42:12.679+0000][44831.666s][5523][5530][info ] Application time: 1.0000908 seconds
[2025-10-02T08:42:12.679+0000][44831.666s][5523][5530][info ] Entering safepoint region: Cleanup
[2025-10-02T08:42:12.680+0000][44831.666s][5523][5530][info ] Leaving safepoint region
[2025-10-02T08:42:12.680+0000][44831.666s][5523][5530][info ] Total time for which application threads were stopped: 0.0001632 seconds, Stopping threads took: 0.0000270 seconds
[2025-10-02T08:42:13.680+0000][44832.666s][5523][5530][info ] Application time: 1.0000889 seconds
[2025-10-02T08:42:13.680+0000][44832.666s][5523][5530][info ] Entering safepoint region: Cleanup
[2025-10-02T08:42:13.680+0000][44832.666s][5523][5530][info ] Leaving safepoint region
[2025-10-02T08:42:13.680+0000][44832.666s][5523][5530][info ] Total time for which application threads were stopped: 0.0001603 seconds, Stopping threads took: 0.0000272 seconds
[2025-10-02T08:42:14.680+0000][44833.666s][5523][5530][info ] Application time: 1.0001104 seconds
[2025-10-02T08:42:14.680+0000][44833.666s][5523][5530][info ] Entering safepoint region: Cleanup
[2025-10-02T08:42:14.680+0000][44833.666s][5523][5530][info ] Leaving safepoint region
[2025-10-02T08:42:14.680+0000][44833.666s][5523][5530][info ] Total time for which application threads were stopped: 0.0001373 seconds, Stopping threads took: 0.0000259 seconds
[2025-10-02T08:42:15.680+0000][44834.666s][5523][5530][info ] Application time: 1.0000732 seconds
[2025-10-02T08:42:15.680+0000][44834.667s][5523][5530][info ] Entering safepoint region: Cleanup
[2025-10-02T08:42:15.680+0000][44834.667s][5523][5530][info ] Leaving safepoint region
[2025-10-02T08:42:15.680+0000][44834.667s][5523][5530][info ] Total time for which application threads were stopped: 0.0001321 seconds, Stopping threads took: 0.0000258 seconds
[2025-10-02T08:42:16.299+0000][44835.285s][5523][5529][trace] CMS: promo attempt is safe: available(765483624) >= av_promo(4228508), max_promo(127748672)
[2025-10-02T08:42:16.681+0000][44835.667s][5523][5530][info ] Application time: 1.0000953 seconds
[2025-10-02T08:42:16.681+0000][44835.667s][5523][5530][info ] Entering safepoint region: Cleanup
[2025-10-02T08:42:16.681+0000][44835.667s][5523][5530][info ] Leaving safepoint region
[2025-10-02T08:42:16.681+0000][44835.667s][5523][5530][info ] Total time for which application threads were stopped: 0.0001584 seconds, Stopping threads took: 0.0000494 seconds
[2025-10-02T08:42:17.681+0000][44836.667s][5523][5530][info ] Application time: 1.0001057 seconds
[2025-10-02T08:42:17.681+0000][44836.667s][5523][5530][info ] Entering safepoint region: Cleanup
[2025-10-02T08:42:17.681+0000][44836.667s][5523][5530][info ] Leaving safepoint region
[2025-10-02T08:42:17.681+0000][44836.667s][5523][5530][info ] Total time for which application threads were stopped: 0.0001435 seconds, Stopping threads took: 0.0000276 seconds
[2025-10-02T08:42:18.681+0000][44837.667s][5523][5530][info ] Application time: 1.0001048 seconds
[2025-10-02T08:42:18.681+0000][44837.667s][5523][5530][info ] Entering safepoint region: Cleanup
[2025-10-02T08:42:18.681+0000][44837.668s][5523][5530][info ] Leaving safepoint region
[2025-10-02T08:42:18.681+0000][44837.668s][5523][5530][info ] Total time for which application threads were stopped: 0.0001462 seconds, Stopping threads took: 0.0000291 seconds
[2025-10-02T08:42:19.681+0000][44838.668s][5523][5530][info ] Application time: 1.0000998 seconds
[2025-10-02T08:42:19.682+0000][44838.668s][5523][5530][info ] Entering safepoint region: Cleanup
[2025-10-02T08:42:19.682+0000][44838.668s][5523][5530][info ] Leaving safepoint region
[2025-10-02T08:42:19.682+0000][44838.668s][5523][5530][info ] Total time for which application threads were stopped: 0.0001397 seconds, Stopping threads took: 0.0000279 seconds
[2025-10-02T08:42:20.682+0000][44839.668s][5523][5530][info ] Application time: 1.0001035 seconds
[2025-10-02T08:42:20.682+0000][44839.668s][5523][5530][info ] Entering safepoint region: Cleanup
[2025-10-02T08:42:20.682+0000][44839.668s][5523][5530][info ] Leaving safepoint region
[2025-10-02T08:42:20.682+0000][44839.668s][5523][5530][info ] Total time for which application threads were stopped: 0.0001406 seconds, Stopping threads took: 0.0000262 seconds
[2025-10-02T08:42:21.682+0000][44840.668s][5523][5530][info ] Application time: 1.0000778 seconds
[2025-10-02T08:42:21.682+0000][44840.668s][5523][5530][info ] Entering safepoint region: Cleanup
[2025-10-02T08:42:21.682+0000][44840.668s][5523][5530][info ] Leaving safepoint region
[2025-10-02T08:42:21.682+0000][44840.668s][5523][5530][info ] Total time for which application threads were stopped: 0.0001372 seconds, Stopping threads took: 0.0000254 seconds
[2025-10-02T08:42:22.682+0000][44841.669s][5523][5530][info ] Application time: 1.0001192 seconds
[2025-10-02T08:42:22.682+0000][44841.669s][5523][5530][info ] Entering safepoint region: Cleanup
[2025-10-02T08:42:22.683+0000][44841.669s][5523][5530][info ] Leaving safepoint region
[2025-10-02T08:42:22.683+0000][44841.669s][5523][5530][info ] Total time for which application threads were stopped: 0.0001593 seconds, Stopping threads took: 0.0000261 seconds
[2025-10-02T08:42:23.683+0000][44842.669s][5523][5530][info ] Application time: 1.0000954 seconds
[2025-10-02T08:42:23.683+0000][44842.669s][5523][5530][info ] Entering safepoint region: Cleanup
[2025-10-02T08:42:23.683+0000][44842.669s][5523][5530][info ] Leaving safepoint region
[2025-10-02T08:42:23.683+0000][44842.669s][5523][5530][info ] Total time for which application threads were stopped: 0.0001371 seconds, Stopping threads took: 0.0000254 seconds
[2025-10-02T08:42:24.683+0000][44843.669s][5523][5530][info ] Application time: 1.0001670 seconds
[2025-10-02T08:42:24.683+0000][44843.669s][5523][5530][info ] Entering safepoint region: Cleanup
[2025-10-02T08:42:24.683+0000][44843.669s][5523][5530][info ] Leaving safepoint region
[2025-10-02T08:42:24.683+0000][44843.669s][5523][5530][info ] Total time for which application threads were stopped: 0.0001425 seconds, Stopping threads took: 0.0000288 seconds
[2025-10-02T08:42:25.683+0000][44844.670s][5523][5530][info ] Application time: 1.0000928 seconds
[2025-10-02T08:42:25.683+0000][44844.670s][5523][5530][info ] Entering safepoint region: Cleanup
[2025-10-02T08:42:25.684+0000][44844.670s][5523][5530][info ] Leaving safepoint region
[2025-10-02T08:42:25.684+0000][44844.670s][5523][5530][info ] Total time for which application threads were stopped: 0.0001929 seconds, Stopping threads took: 0.0000464 seconds
[2025-10-02T08:42:26.298+0000][44845.284s][5523][5529][trace] CMS: promo attempt is safe: available(765483624) >= av_promo(4228508), max_promo(129056776)
[2025-10-02T08:42:26.684+0000][44845.670s][5523][5530][info ] Application time: 1.0001008 seconds
[2025-10-02T08:42:26.684+0000][44845.670s][5523][5530][info ] Entering safepoint region: Cleanup
[2025-10-02T08:42:26.684+0000][44845.670s][5523][5530][info ] Leaving safepoint region
[2025-10-02T08:42:26.684+0000][44845.670s][5523][5530][info ] Total time for which application threads were stopped: 0.0001379 seconds, Stopping threads took: 0.0000243 seconds
[2025-10-02T08:42:27.684+0000][44846.670s][5523][5530][info ] Application time: 1.0000986 seconds
[2025-10-02T08:42:27.684+0000][44846.670s][5523][5530][info ] Entering safepoint region: Cleanup
[2025-10-02T08:42:27.684+0000][44846.670s][5523][5530][info ] Leaving safepoint region
[2025-10-02T08:42:27.684+0000][44846.670s][5523][5530][info ] Total time for which application threads were stopped: 0.0001335 seconds, Stopping threads took: 0.0000259 seconds
[2025-10-02T08:42:28.684+0000][44847.671s][5523][5530][info ] Application time: 1.0000945 seconds
[2025-10-02T08:42:28.684+0000][44847.671s][5523][5530][info ] Entering safepoint region: Cleanup
[2025-10-02T08:42:28.684+0000][44847.671s][5523][5530][info ] Leaving safepoint region
[2025-10-02T08:42:28.684+0000][44847.671s][5523][5530][info ] Total time for which application threads were stopped: 0.0001325 seconds, Stopping threads took: 0.0000246 seconds
[2025-10-02T08:42:29.685+0000][44848.671s][5523][5530][info ] Application time: 1.0000682 seconds
[2025-10-02T08:42:29.685+0000][44848.671s][5523][5530][info ] Entering safepoint region: Cleanup
[2025-10-02T08:42:29.685+0000][44848.671s][5523][5530][info ] Leaving safepoint region
[2025-10-02T08:42:29.685+0000][44848.671s][5523][5530][info ] Total time for which application threads were stopped: 0.0001428 seconds, Stopping threads took: 0.0000279 seconds
[2025-10-02T08:42:30.685+0000][44849.671s][5523][5530][info ] Application time: 1.0001093 seconds
[2025-10-02T08:42:30.685+0000][44849.671s][5523][5530][info ] Entering safepoint region: Cleanup
[2025-10-02T08:42:30.685+0000][44849.671s][5523][5530][info ] Leaving safepoint region
[2025-10-02T08:42:30.685+0000][44849.671s][5523][5530][info ] Total time for which application threads were stopped: 0.0001464 seconds, Stopping threads took: 0.0000286 seconds
[2025-10-02T08:42:31.685+0000][44850.671s][5523][5530][info ] Application time: 1.0000905 seconds
[2025-10-02T08:42:31.685+0000][44850.671s][5523][5530][info ] Entering safepoint region: Cleanup
[2025-10-02T08:42:31.685+0000][44850.672s][5523][5530][info ] Leaving safepoint region
[2025-10-02T08:42:31.685+0000][44850.672s][5523][5530][info ] Total time for which application threads were stopped: 0.0001520 seconds, Stopping threads took: 0.0000282 seconds
[2025-10-02T08:42:32.685+0000][44851.672s][5523][5530][info ] Application time: 1.0001025 seconds
[2025-10-02T08:42:32.686+0000][44851.672s][5523][5530][info ] Entering safepoint region: Cleanup
[2025-10-02T08:42:32.686+0000][44851.672s][5523][5530][info ] Leaving safepoint region
[2025-10-02T08:42:32.686+0000][44851.672s][5523][5530][info ] Total time for which application threads were stopped: 0.0001475 seconds, Stopping threads took: 0.0000250 seconds
[2025-10-02T08:42:33.686+0000][44852.672s][5523][5530][info ] Application time: 1.0001094 seconds
[2025-10-02T08:42:33.686+0000][44852.672s][5523][5530][info ] Entering safepoint region: Cleanup
[2025-10-02T08:42:33.686+0000][44852.672s][5523][5530][info ] Leaving safepoint region
[2025-10-02T08:42:33.686+0000][44852.672s][5523][5530][info ] Total time for which application threads were stopped: 0.0001465 seconds, Stopping threads took: 0.0000273 seconds
[2025-10-02T08:42:34.686+0000][44853.672s][5523][5530][info ] Application time: 1.0000993 seconds
[2025-10-02T08:42:34.686+0000][44853.672s][5523][5530][info ] Entering safepoint region: Cleanup
[2025-10-02T08:42:34.686+0000][44853.673s][5523][5530][info ] Leaving safepoint region
[2025-10-02T08:42:34.686+0000][44853.673s][5523][5530][info ] Total time for which application threads were stopped: 0.0001373 seconds, Stopping threads took: 0.0000273 seconds
[2025-10-02T08:42:35.686+0000][44854.673s][5523][5530][info ] Application time: 1.0000984 seconds
[2025-10-02T08:42:35.686+0000][44854.673s][5523][5530][info ] Entering safepoint region: Cleanup
[2025-10-02T08:42:35.687+0000][44854.673s][5523][5530][info ] Leaving safepoint region
[2025-10-02T08:42:35.687+0000][44854.673s][5523][5530][info ] Total time for which application threads were stopped: 0.0001587 seconds, Stopping threads took: 0.0000255 seconds
[2025-10-02T08:42:36.298+0000][44855.284s][5523][5529][trace] CMS: promo attempt is safe: available(765483624) >= av_promo(4228508), max_promo(129099448)
[2025-10-02T08:42:36.687+0000][44855.673s][5523][5530][info ] Application time: 1.0000809 seconds
[2025-10-02T08:42:36.687+0000][44855.673s][5523][5530][info ] Entering safepoint region: Cleanup
[2025-10-02T08:42:36.687+0000][44855.673s][5523][5530][info ] Leaving safepoint region
[2025-10-02T08:42:36.687+0000][44855.673s][5523][5530][info ] Total time for which application threads were stopped: 0.0001392 seconds, Stopping threads took: 0.0000262 seconds
[2025-10-02T08:42:37.687+0000][44856.673s][5523][5530][info ] Application time: 1.0000824 seconds
[2025-10-02T08:42:37.687+0000][44856.673s][5523][5530][info ] Entering safepoint region: Cleanup
[2025-10-02T08:42:37.687+0000][44856.673s][5523][5530][info ] Leaving safepoint region
[2025-10-02T08:42:37.687+0000][44856.673s][5523][5530][info ] Total time for which application threads were stopped: 0.0001424 seconds, Stopping threads took: 0.0000332 seconds
[2025-10-02T08:42:38.687+0000][44857.674s][5523][5530][info ] Application time: 1.0001054 seconds
[2025-10-02T08:42:38.687+0000][44857.674s][5523][5530][info ] Entering safepoint region: Cleanup
[2025-10-02T08:42:38.688+0000][44857.674s][5523][5530][info ] Leaving safepoint region
[2025-10-02T08:42:38.688+0000][44857.674s][5523][5530][info ] Total time for which application threads were stopped: 0.0001572 seconds, Stopping threads took: 0.0000268 seconds
[2025-10-02T08:42:39.688+0000][44858.674s][5523][5530][info ] Application time: 1.0000967 seconds
[2025-10-02T08:42:39.688+0000][44858.674s][5523][5530][info ] Entering safepoint region: Cleanup
[2025-10-02T08:42:39.688+0000][44858.674s][5523][5530][info ] Leaving safepoint region
[2025-10-02T08:42:39.688+0000][44858.674s][5523][5530][info ] Total time for which application threads were stopped: 0.0001369 seconds, Stopping threads took: 0.0000257 seconds
[2025-10-02T08:42:40.688+0000][44859.674s][5523][5530][info ] Application time: 1.0001003 seconds
[2025-10-02T08:42:40.688+0000][44859.674s][5523][5530][info ] Entering safepoint region: Cleanup
[2025-10-02T08:42:40.688+0000][44859.674s][5523][5530][info ] Leaving safepoint region
[2025-10-02T08:42:40.688+0000][44859.674s][5523][5530][info ] Total time for which application threads were stopped: 0.0001443 seconds, Stopping threads took: 0.0000271 seconds
[2025-10-02T08:42:41.688+0000][44860.674s][5523][5530][info ] Application time: 1.0000735 seconds
[2025-10-02T08:42:41.688+0000][44860.675s][5523][5530][info ] Entering safepoint region: Cleanup
[2025-10-02T08:42:41.688+0000][44860.675s][5523][5530][info ] Leaving safepoint region
[2025-10-02T08:42:41.688+0000][44860.675s][5523][5530][info ] Total time for which application threads were stopped: 0.0001394 seconds, Stopping threads took: 0.0000277 seconds
[2025-10-02T08:42:42.689+0000][44861.675s][5523][5530][info ] Application time: 1.0001242 seconds
[2025-10-02T08:42:42.689+0000][44861.675s][5523][5530][info ] Entering safepoint region: Cleanup
[2025-10-02T08:42:42.689+0000][44861.675s][5523][5530][info ] Leaving safepoint region
[2025-10-02T08:42:42.689+0000][44861.675s][5523][5530][info ] Total time for which application threads were stopped: 0.0001587 seconds, Stopping threads took: 0.0000445 seconds
[2025-10-02T08:42:43.689+0000][44862.675s][5523][5530][info ] Application time: 1.0000789 seconds
[2025-10-02T08:42:43.689+0000][44862.675s][5523][5530][info ] Entering safepoint region: Cleanup
[2025-10-02T08:42:43.689+0000][44862.675s][5523][5530][info ] Leaving safepoint region
[2025-10-02T08:42:43.689+0000][44862.675s][5523][5530][info ] Total time for which application threads were stopped: 0.0001409 seconds, Stopping threads took: 0.0000246 seconds
[2025-10-02T08:42:44.689+0000][44863.675s][5523][5530][info ] Application time: 1.0001105 seconds
[2025-10-02T08:42:44.689+0000][44863.675s][5523][5530][info ] Entering safepoint region: Cleanup
[2025-10-02T08:42:44.689+0000][44863.676s][5523][5530][info ] Leaving safepoint region
[2025-10-02T08:42:44.689+0000][44863.676s][5523][5530][info ] Total time for which application threads were stopped: 0.0001363 seconds, Stopping threads took: 0.0000256 seconds
[2025-10-02T08:42:45.689+0000][44864.676s][5523][5530][info ] Application time: 1.0001094 seconds
[2025-10-02T08:42:45.689+0000][44864.676s][5523][5530][info ] Entering safepoint region: Cleanup
[2025-10-02T08:42:45.690+0000][44864.676s][5523][5530][info ] Leaving safepoint region
[2025-10-02T08:42:45.690+0000][44864.676s][5523][5530][info ] Total time for which application threads were stopped: 0.0001829 seconds, Stopping threads took: 0.0000247 seconds
[2025-10-02T08:42:46.298+0000][44865.284s][5523][5529][trace] CMS: promo attempt is safe: available(765483624) >= av_promo(4228508), max_promo(129269928)
[2025-10-02T08:42:46.690+0000][44865.676s][5523][5530][info ] Application time: 1.0000918 seconds
[2025-10-02T08:42:46.690+0000][44865.676s][5523][5530][info ] Entering safepoint region: Cleanup
[2025-10-02T08:42:46.690+0000][44865.676s][5523][5530][info ] Leaving safepoint region
[2025-10-02T08:42:46.690+0000][44865.676s][5523][5530][info ] Total time for which application threads were stopped: 0.0001480 seconds, Stopping threads took: 0.0000288 seconds
[2025-10-02T08:42:47.690+0000][44866.676s][5523][5530][info ] Application time: 1.0001032 seconds
[2025-10-02T08:42:47.690+0000][44866.676s][5523][5530][info ] Entering safepoint region: Cleanup
[2025-10-02T08:42:47.690+0000][44866.676s][5523][5530][info ] Leaving safepoint region
[2025-10-02T08:42:47.690+0000][44866.676s][5523][5530][info ] Total time for which application threads were stopped: 0.0001360 seconds, Stopping threads took: 0.0000253 seconds
[2025-10-02T08:42:48.690+0000][44867.677s][5523][5530][info ] Application time: 1.0001012 seconds
[2025-10-02T08:42:48.690+0000][44867.677s][5523][5530][info ] Entering safepoint region: Cleanup
[2025-10-02T08:42:48.691+0000][44867.677s][5523][5530][info ] Leaving safepoint region
[2025-10-02T08:42:48.691+0000][44867.677s][5523][5530][info ] Total time for which application threads were stopped: 0.0001847 seconds, Stopping threads took: 0.0000364 seconds
[2025-10-02T08:42:49.691+0000][44868.677s][5523][5530][info ] Application time: 1.0000778 seconds
[2025-10-02T08:42:49.691+0000][44868.677s][5523][5530][info ] Entering safepoint region: Cleanup
[2025-10-02T08:42:49.691+0000][44868.677s][5523][5530][info ] Leaving safepoint region
[2025-10-02T08:42:49.691+0000][44868.677s][5523][5530][info ] Total time for which application threads were stopped: 0.0001363 seconds, Stopping threads took: 0.0000243 seconds
[2025-10-02T08:42:50.691+0000][44869.677s][5523][5530][info ] Application time: 1.0000771 seconds
[2025-10-02T08:42:50.691+0000][44869.677s][5523][5530][info ] Entering safepoint region: Cleanup
[2025-10-02T08:42:50.691+0000][44869.677s][5523][5530][info ] Leaving safepoint region
[2025-10-02T08:42:50.691+0000][44869.677s][5523][5530][info ] Total time for which application threads were stopped: 0.0001914 seconds, Stopping threads took: 0.0000774 seconds
[2025-10-02T08:42:51.691+0000][44870.678s][5523][5530][info ] Application time: 1.0001217 seconds
[2025-10-02T08:42:51.691+0000][44870.678s][5523][5530][info ] Entering safepoint region: Cleanup
[2025-10-02T08:42:51.692+0000][44870.678s][5523][5530][info ] Leaving safepoint region
[2025-10-02T08:42:51.692+0000][44870.678s][5523][5530][info ] Total time for which application threads were stopped: 0.0001792 seconds, Stopping threads took: 0.0000263 seconds
[2025-10-02T08:42:52.692+0000][44871.678s][5523][5530][info ] Application time: 1.0000869 seconds
[2025-10-02T08:42:52.692+0000][44871.678s][5523][5530][info ] Entering safepoint region: Cleanup
[2025-10-02T08:42:52.692+0000][44871.678s][5523][5530][info ] Leaving safepoint region
[2025-10-02T08:42:52.692+0000][44871.678s][5523][5530][info ] Total time for which application threads were stopped: 0.0001327 seconds, Stopping threads took: 0.0000240 seconds
[2025-10-02T08:42:53.692+0000][44872.678s][5523][5530][info ] Application time: 1.0001049 seconds
[2025-10-02T08:42:53.692+0000][44872.678s][5523][5530][info ] Entering safepoint region: Cleanup
[2025-10-02T08:42:53.692+0000][44872.678s][5523][5530][info ] Leaving safepoint region
[2025-10-02T08:42:53.692+0000][44872.678s][5523][5530][info ] Total time for which application threads were stopped: 0.0001358 seconds, Stopping threads took: 0.0000271 seconds
[2025-10-02T08:42:54.692+0000][44873.678s][5523][5530][info ] Application time: 1.0000831 seconds
[2025-10-02T08:42:54.692+0000][44873.678s][5523][5530][info ] Entering safepoint region: Cleanup
[2025-10-02T08:42:54.692+0000][44873.679s][5523][5530][info ] Leaving safepoint region
[2025-10-02T08:42:54.692+0000][44873.679s][5523][5530][info ] Total time for which application threads were stopped: 0.0001394 seconds, Stopping threads took: 0.0000264 seconds
[2025-10-02T08:42:55.692+0000][44874.679s][5523][5530][info ] Application time: 1.0000825 seconds
[2025-10-02T08:42:55.693+0000][44874.679s][5523][5530][info ] Entering safepoint region: Cleanup
[2025-10-02T08:42:55.693+0000][44874.679s][5523][5530][info ] Leaving safepoint region
[2025-10-02T08:42:55.693+0000][44874.679s][5523][5530][info ] Total time for which application threads were stopped: 0.0001357 seconds, Stopping threads took: 0.0000268 seconds
[2025-10-02T08:42:56.298+0000][44875.284s][5523][5529][trace] CMS: promo attempt is safe: available(765483624) >= av_promo(4228508), max_promo(130128912)
[2025-10-02T08:42:56.693+0000][44875.679s][5523][5530][info ] Application time: 1.0000829 seconds
[2025-10-02T08:42:56.693+0000][44875.679s][5523][5530][info ] Entering safepoint region: Cleanup
[2025-10-02T08:42:56.693+0000][44875.679s][5523][5530][info ] Leaving safepoint region
[2025-10-02T08:42:56.693+0000][44875.679s][5523][5530][info ] Total time for which application threads were stopped: 0.0001390 seconds, Stopping threads took: 0.0000279 seconds
[2025-10-02T08:42:57.693+0000][44876.679s][5523][5530][info ] Application time: 1.0000933 seconds
[2025-10-02T08:42:57.693+0000][44876.679s][5523][5530][info ] Entering safepoint region: Cleanup
[2025-10-02T08:42:57.693+0000][44876.679s][5523][5530][info ] Leaving safepoint region
[2025-10-02T08:42:57.693+0000][44876.679s][5523][5530][info ] Total time for which application threads were stopped: 0.0001396 seconds, Stopping threads took: 0.0000260 seconds
[2025-10-02T08:42:58.693+0000][44877.680s][5523][5530][info ] Application time: 1.0001065 seconds
[2025-10-02T08:42:58.693+0000][44877.680s][5523][5530][info ] Entering safepoint region: Cleanup
[2025-10-02T08:42:58.695+0000][44877.681s][5523][5530][info ] Leaving safepoint region
[2025-10-02T08:42:58.695+0000][44877.681s][5523][5530][info ] Total time for which application threads were stopped: 0.0011805 seconds, Stopping threads took: 0.0010246 seconds
[2025-10-02T08:42:59.695+0000][44878.681s][5523][5530][info ] Application time: 1.0000961 seconds
[2025-10-02T08:42:59.695+0000][44878.681s][5523][5530][info ] Entering safepoint region: Cleanup
[2025-10-02T08:42:59.695+0000][44878.681s][5523][5530][info ] Leaving safepoint region
[2025-10-02T08:42:59.695+0000][44878.681s][5523][5530][info ] Total time for which application threads were stopped: 0.0001652 seconds, Stopping threads took: 0.0000328 seconds
[2025-10-02T08:43:00.695+0000][44879.681s][5523][5530][info ] Application time: 1.0001759 seconds
[2025-10-02T08:43:00.695+0000][44879.681s][5523][5530][info ] Entering safepoint region: Cleanup
[2025-10-02T08:43:00.695+0000][44879.682s][5523][5530][info ] Leaving safepoint region
[2025-10-02T08:43:00.695+0000][44879.682s][5523][5530][info ] Total time for which application threads were stopped: 0.0001367 seconds, Stopping threads took: 0.0000255 seconds
[2025-10-02T08:43:01.695+0000][44880.682s][5523][5530][info ] Application time: 1.0001578 seconds
[2025-10-02T08:43:01.696+0000][44880.682s][5523][5530][info ] Entering safepoint region: Cleanup
[2025-10-02T08:43:01.696+0000][44880.682s][5523][5530][info ] Leaving safepoint region
[2025-10-02T08:43:01.696+0000][44880.682s][5523][5530][info ] Total time for which application threads were stopped: 0.0001410 seconds, Stopping threads took: 0.0000279 seconds
[2025-10-02T08:43:02.696+0000][44881.682s][5523][5530][info ] Application time: 1.0002246 seconds
[2025-10-02T08:43:02.696+0000][44881.682s][5523][5530][info ] Entering safepoint region: Cleanup
[2025-10-02T08:43:02.696+0000][44881.682s][5523][5530][info ] Leaving safepoint region
[2025-10-02T08:43:02.696+0000][44881.682s][5523][5530][info ] Total time for which application threads were stopped: 0.0001365 seconds, Stopping threads took: 0.0000252 seconds
[2025-10-02T08:43:03.696+0000][44882.682s][5523][5530][info ] Application time: 1.0000748 seconds
[2025-10-02T08:43:03.696+0000][44882.682s][5523][5530][info ] Entering safepoint region: Cleanup
[2025-10-02T08:43:03.696+0000][44882.683s][5523][5530][info ] Leaving safepoint region
[2025-10-02T08:43:03.696+0000][44882.683s][5523][5530][info ] Total time for which application threads were stopped: 0.0001332 seconds, Stopping threads took: 0.0000260 seconds
[2025-10-02T08:43:04.696+0000][44883.683s][5523][5530][info ] Application time: 1.0001043 seconds
[2025-10-02T08:43:04.697+0000][44883.683s][5523][5530][info ] Entering safepoint region: Cleanup
[2025-10-02T08:43:04.697+0000][44883.683s][5523][5530][info ] Leaving safepoint region
[2025-10-02T08:43:04.697+0000][44883.683s][5523][5530][info ] Total time for which application threads were stopped: 0.0001361 seconds, Stopping threads took: 0.0000269 seconds
[2025-10-02T08:43:05.697+0000][44884.683s][5523][5530][info ] Application time: 1.0001020 seconds
[2025-10-02T08:43:05.697+0000][44884.683s][5523][5530][info ] Entering safepoint region: Cleanup
[2025-10-02T08:43:05.697+0000][44884.683s][5523][5530][info ] Leaving safepoint region
[2025-10-02T08:43:05.697+0000][44884.683s][5523][5530][info ] Total time for which application threads were stopped: 0.0001327 seconds, Stopping threads took: 0.0000269 seconds
[2025-10-02T08:43:06.297+0000][44885.283s][5523][5529][trace] CMS: promo attempt is safe: available(765483624) >= av_promo(4228508), max_promo(130263056)
[2025-10-02T08:43:06.697+0000][44885.683s][5523][5530][info ] Application time: 1.0001030 seconds
[2025-10-02T08:43:06.697+0000][44885.683s][5523][5530][info ] Entering safepoint region: Cleanup
[2025-10-02T08:43:06.697+0000][44885.683s][5523][5530][info ] Leaving safepoint region
[2025-10-02T08:43:06.697+0000][44885.683s][5523][5530][info ] Total time for which application threads were stopped: 0.0001385 seconds, Stopping threads took: 0.0000261 seconds
[2025-10-02T08:43:07.697+0000][44886.684s][5523][5530][info ] Application time: 1.0001105 seconds
[2025-10-02T08:43:07.697+0000][44886.684s][5523][5530][info ] Entering safepoint region: Cleanup
[2025-10-02T08:43:07.698+0000][44886.684s][5523][5530][info ] Leaving safepoint region
[2025-10-02T08:43:07.698+0000][44886.684s][5523][5530][info ] Total time for which application threads were stopped: 0.0001537 seconds, Stopping threads took: 0.0000285 seconds
[2025-10-02T08:43:08.698+0000][44887.684s][5523][5530][info ] Application time: 1.0000832 seconds
[2025-10-02T08:43:08.698+0000][44887.684s][5523][5530][info ] Entering safepoint region: Cleanup
[2025-10-02T08:43:08.698+0000][44887.684s][5523][5530][info ] Leaving safepoint region
[2025-10-02T08:43:08.698+0000][44887.684s][5523][5530][info ] Total time for which application threads were stopped: 0.0001368 seconds, Stopping threads took: 0.0000251 seconds
[2025-10-02T08:43:09.698+0000][44888.684s][5523][5530][info ] Application time: 1.0001029 seconds
[2025-10-02T08:43:09.698+0000][44888.684s][5523][5530][info ] Entering safepoint region: Cleanup
[2025-10-02T08:43:09.698+0000][44888.684s][5523][5530][info ] Leaving safepoint region
[2025-10-02T08:43:09.698+0000][44888.684s][5523][5530][info ] Total time for which application threads were stopped: 0.0001435 seconds, Stopping threads took: 0.0000291 seconds
[2025-10-02T08:43:10.698+0000][44889.685s][5523][5530][info ] Application time: 1.0001015 seconds
[2025-10-02T08:43:10.698+0000][44889.685s][5523][5530][info ] Entering safepoint region: Cleanup
[2025-10-02T08:43:10.698+0000][44889.685s][5523][5530][info ] Leaving safepoint region
[2025-10-02T08:43:10.698+0000][44889.685s][5523][5530][info ] Total time for which application threads were stopped: 0.0001440 seconds, Stopping threads took: 0.0000238 seconds
[2025-10-02T08:43:11.699+0000][44890.685s][5523][5530][info ] Application time: 1.0001108 seconds
[2025-10-02T08:43:11.699+0000][44890.685s][5523][5530][info ] Entering safepoint region: Cleanup
[2025-10-02T08:43:11.699+0000][44890.685s][5523][5530][info ] Leaving safepoint region
[2025-10-02T08:43:11.699+0000][44890.685s][5523][5530][info ] Total time for which application threads were stopped: 0.0001343 seconds, Stopping threads took: 0.0000258 seconds
[2025-10-02T08:43:12.699+0000][44891.685s][5523][5530][info ] Application time: 1.0000892 seconds
[2025-10-02T08:43:12.699+0000][44891.685s][5523][5530][info ] Entering safepoint region: Cleanup
[2025-10-02T08:43:12.699+0000][44891.685s][5523][5530][info ] Leaving safepoint region
[2025-10-02T08:43:12.699+0000][44891.685s][5523][5530][info ] Total time for which application threads were stopped: 0.0002136 seconds, Stopping threads took: 0.0000250 seconds
[2025-10-02T08:43:13.699+0000][44892.685s][5523][5530][info ] Application time: 1.0001034 seconds
[2025-10-02T08:43:13.699+0000][44892.686s][5523][5530][info ] Entering safepoint region: Cleanup
[2025-10-02T08:43:13.699+0000][44892.686s][5523][5530][info ] Leaving safepoint region
[2025-10-02T08:43:13.699+0000][44892.686s][5523][5530][info ] Total time for which application threads were stopped: 0.0001382 seconds, Stopping threads took: 0.0000248 seconds
[2025-10-02T08:43:14.700+0000][44893.686s][5523][5530][info ] Application time: 1.0000921 seconds
[2025-10-02T08:43:14.700+0000][44893.686s][5523][5530][info ] Entering safepoint region: Cleanup
[2025-10-02T08:43:14.700+0000][44893.686s][5523][5530][info ] Leaving safepoint region
[2025-10-02T08:43:14.700+0000][44893.686s][5523][5530][info ] Total time for which application threads were stopped: 0.0001374 seconds, Stopping threads took: 0.0000249 seconds
[2025-10-02T08:43:15.700+0000][44894.686s][5523][5530][info ] Application time: 1.0000751 seconds
[2025-10-02T08:43:15.700+0000][44894.686s][5523][5530][info ] Entering safepoint region: Cleanup
[2025-10-02T08:43:15.700+0000][44894.686s][5523][5530][info ] Leaving safepoint region
[2025-10-02T08:43:15.700+0000][44894.686s][5523][5530][info ] Total time for which application threads were stopped: 0.0001305 seconds, Stopping threads took: 0.0000247 seconds
[2025-10-02T08:43:16.297+0000][44895.283s][5523][5529][trace] CMS: promo attempt is safe: available(765483624) >= av_promo(4228508), max_promo(130526504)
[2025-10-02T08:43:16.700+0000][44895.686s][5523][5530][info ] Application time: 1.0001007 seconds
[2025-10-02T08:43:16.700+0000][44895.686s][5523][5530][info ] Entering safepoint region: Cleanup
[2025-10-02T08:43:16.700+0000][44895.687s][5523][5530][info ] Leaving safepoint region
[2025-10-02T08:43:16.700+0000][44895.687s][5523][5530][info ] Total time for which application threads were stopped: 0.0001483 seconds, Stopping threads took: 0.0000258 seconds
[2025-10-02T08:43:17.700+0000][44896.687s][5523][5530][info ] Application time: 1.0001012 seconds
[2025-10-02T08:43:17.700+0000][44896.687s][5523][5530][info ] Entering safepoint region: Cleanup
[2025-10-02T08:43:17.701+0000][44896.687s][5523][5530][info ] Leaving safepoint region
[2025-10-02T08:43:17.701+0000][44896.687s][5523][5530][info ] Total time for which application threads were stopped: 0.0001613 seconds, Stopping threads took: 0.0000245 seconds
[2025-10-02T08:43:18.701+0000][44897.687s][5523][5530][info ] Application time: 1.0001005 seconds
[2025-10-02T08:43:18.701+0000][44897.687s][5523][5530][info ] Entering safepoint region: Cleanup
[2025-10-02T08:43:18.701+0000][44897.687s][5523][5530][info ] Leaving safepoint region
[2025-10-02T08:43:18.701+0000][44897.687s][5523][5530][info ] Total time for which application threads were stopped: 0.0001388 seconds, Stopping threads took: 0.0000246 seconds
[2025-10-02T08:43:19.701+0000][44898.687s][5523][5530][info ] Application time: 1.0000950 seconds
[2025-10-02T08:43:19.701+0000][44898.687s][5523][5530][info ] Entering safepoint region: Cleanup
[2025-10-02T08:43:19.701+0000][44898.687s][5523][5530][info ] Leaving safepoint region
[2025-10-02T08:43:19.701+0000][44898.687s][5523][5530][info ] Total time for which application threads were stopped: 0.0001363 seconds, Stopping threads took: 0.0000255 seconds
[2025-10-02T08:43:20.701+0000][44899.688s][5523][5530][info ] Application time: 1.0001057 seconds
[2025-10-02T08:43:20.701+0000][44899.688s][5523][5530][info ] Entering safepoint region: Cleanup
[2025-10-02T08:43:20.702+0000][44899.688s][5523][5530][info ] Leaving safepoint region
[2025-10-02T08:43:20.702+0000][44899.688s][5523][5530][info ] Total time for which application threads were stopped: 0.0001805 seconds, Stopping threads took: 0.0000281 seconds
[2025-10-02T08:43:21.702+0000][44900.688s][5523][5530][info ] Application time: 1.0000992 seconds
[2025-10-02T08:43:21.702+0000][44900.688s][5523][5530][info ] Entering safepoint region: Cleanup
[2025-10-02T08:43:21.702+0000][44900.688s][5523][5530][info ] Leaving safepoint region
[2025-10-02T08:43:21.702+0000][44900.688s][5523][5530][info ] Total time for which application threads were stopped: 0.0001349 seconds, Stopping threads took: 0.0000235 seconds
[2025-10-02T08:43:22.702+0000][44901.688s][5523][5530][info ] Application time: 1.0000927 seconds
[2025-10-02T08:43:22.702+0000][44901.688s][5523][5530][info ] Entering safepoint region: Cleanup
[2025-10-02T08:43:22.702+0000][44901.688s][5523][5530][info ] Leaving safepoint region
[2025-10-02T08:43:22.702+0000][44901.688s][5523][5530][info ] Total time for which application threads were stopped: 0.0001344 seconds, Stopping threads took: 0.0000267 seconds
[2025-10-02T08:43:23.702+0000][44902.688s][5523][5530][info ] Application time: 1.0001141 seconds
[2025-10-02T08:43:23.702+0000][44902.689s][5523][5530][info ] Entering safepoint region: Cleanup
[2025-10-02T08:43:23.702+0000][44902.689s][5523][5530][info ] Leaving safepoint region
[2025-10-02T08:43:23.702+0000][44902.689s][5523][5530][info ] Total time for which application threads were stopped: 0.0001343 seconds, Stopping threads took: 0.0000251 seconds
[2025-10-02T08:43:24.703+0000][44903.689s][5523][5530][info ] Application time: 1.0000940 seconds
[2025-10-02T08:43:24.703+0000][44903.689s][5523][5530][info ] Entering safepoint region: Cleanup
[2025-10-02T08:43:24.703+0000][44903.689s][5523][5530][info ] Leaving safepoint region
[2025-10-02T08:43:24.703+0000][44903.689s][5523][5530][info ] Total time for which application threads were stopped: 0.0001365 seconds, Stopping threads took: 0.0000240 seconds
[2025-10-02T08:43:25.703+0000][44904.689s][5523][5530][info ] Application time: 1.0001004 seconds
[2025-10-02T08:43:25.703+0000][44904.689s][5523][5530][info ] Entering safepoint region: Cleanup
[2025-10-02T08:43:25.703+0000][44904.689s][5523][5530][info ] Leaving safepoint region
[2025-10-02T08:43:25.703+0000][44904.689s][5523][5530][info ] Total time for which application threads were stopped: 0.0002201 seconds, Stopping threads took: 0.0000251 seconds
[2025-10-02T08:43:26.297+0000][44905.283s][5523][5529][trace] CMS: promo attempt is safe: available(765483624) >= av_promo(4228508), max_promo(131908488)
[2025-10-02T08:43:26.703+0000][44905.689s][5523][5530][info ] Application time: 1.0001028 seconds
[2025-10-02T08:43:26.703+0000][44905.689s][5523][5530][info ] Entering safepoint region: Cleanup
[2025-10-02T08:43:26.703+0000][44905.690s][5523][5530][info ] Leaving safepoint region
[2025-10-02T08:43:26.703+0000][44905.690s][5523][5530][info ] Total time for which application threads were stopped: 0.0001329 seconds, Stopping threads took: 0.0000239 seconds
[2025-10-02T08:43:27.704+0000][44906.690s][5523][5530][info ] Application time: 1.0000894 seconds
[2025-10-02T08:43:27.704+0000][44906.690s][5523][5530][info ] Entering safepoint region: Cleanup
[2025-10-02T08:43:27.704+0000][44906.690s][5523][5530][info ] Leaving safepoint region
[2025-10-02T08:43:27.704+0000][44906.690s][5523][5530][info ] Total time for which application threads were stopped: 0.0001321 seconds, Stopping threads took: 0.0000268 seconds
[2025-10-02T08:43:28.704+0000][44907.690s][5523][5530][info ] Application time: 1.0000934 seconds
[2025-10-02T08:43:28.704+0000][44907.690s][5523][5530][info ] Entering safepoint region: Cleanup
[2025-10-02T08:43:28.704+0000][44907.690s][5523][5530][info ] Leaving safepoint region
[2025-10-02T08:43:28.704+0000][44907.690s][5523][5530][info ] Total time for which application threads were stopped: 0.0001475 seconds, Stopping threads took: 0.0000341 seconds
[2025-10-02T08:43:29.704+0000][44908.690s][5523][5530][info ] Application time: 1.0000981 seconds
[2025-10-02T08:43:29.704+0000][44908.690s][5523][5530][info ] Entering safepoint region: Cleanup
[2025-10-02T08:43:29.704+0000][44908.691s][5523][5530][info ] Leaving safepoint region
[2025-10-02T08:43:29.704+0000][44908.691s][5523][5530][info ] Total time for which application threads were stopped: 0.0001378 seconds, Stopping threads took: 0.0000274 seconds
[2025-10-02T08:43:30.704+0000][44909.691s][5523][5530][info ] Application time: 1.0000841 seconds
[2025-10-02T08:43:30.704+0000][44909.691s][5523][5530][info ] Entering safepoint region: Cleanup
[2025-10-02T08:43:30.705+0000][44909.691s][5523][5530][info ] Leaving safepoint region
[2025-10-02T08:43:30.705+0000][44909.691s][5523][5530][info ] Total time for which application threads were stopped: 0.0001806 seconds, Stopping threads took: 0.0000354 seconds
[2025-10-02T08:43:31.705+0000][44910.691s][5523][5530][info ] Application time: 1.0000731 seconds
[2025-10-02T08:43:31.705+0000][44910.691s][5523][5530][info ] Entering safepoint region: Cleanup
[2025-10-02T08:43:31.705+0000][44910.691s][5523][5530][info ] Leaving safepoint region
[2025-10-02T08:43:31.705+0000][44910.691s][5523][5530][info ] Total time for which application threads were stopped: 0.0001389 seconds, Stopping threads took: 0.0000274 seconds
[2025-10-02T08:43:32.705+0000][44911.691s][5523][5530][info ] Application time: 1.0000849 seconds
[2025-10-02T08:43:32.705+0000][44911.691s][5523][5530][info ] Entering safepoint region: Cleanup
[2025-10-02T08:43:32.705+0000][44911.691s][5523][5530][info ] Leaving safepoint region
[2025-10-02T08:43:32.705+0000][44911.691s][5523][5530][info ] Total time for which application threads were stopped: 0.0001384 seconds, Stopping threads took: 0.0000259 seconds
[2025-10-02T08:43:33.705+0000][44912.692s][5523][5530][info ] Application time: 1.0001099 seconds
[2025-10-02T08:43:33.705+0000][44912.692s][5523][5530][info ] Entering safepoint region: Cleanup
[2025-10-02T08:43:33.705+0000][44912.692s][5523][5530][info ] Leaving safepoint region
[2025-10-02T08:43:33.705+0000][44912.692s][5523][5530][info ] Total time for which application threads were stopped: 0.0001415 seconds, Stopping threads took: 0.0000348 seconds
[2025-10-02T08:43:34.706+0000][44913.692s][5523][5530][info ] Application time: 1.0000960 seconds
[2025-10-02T08:43:34.706+0000][44913.692s][5523][5530][info ] Entering safepoint region: Cleanup
[2025-10-02T08:43:34.706+0000][44913.692s][5523][5530][info ] Leaving safepoint region
[2025-10-02T08:43:34.706+0000][44913.692s][5523][5530][info ] Total time for which application threads were stopped: 0.0001530 seconds, Stopping threads took: 0.0000425 seconds
[2025-10-02T08:43:35.706+0000][44914.692s][5523][5530][info ] Application time: 1.0000973 seconds
[2025-10-02T08:43:35.706+0000][44914.692s][5523][5530][info ] Entering safepoint region: Cleanup
[2025-10-02T08:43:35.706+0000][44914.692s][5523][5530][info ] Leaving safepoint region
[2025-10-02T08:43:35.706+0000][44914.692s][5523][5530][info ] Total time for which application threads were stopped: 0.0001353 seconds, Stopping threads took: 0.0000256 seconds
[2025-10-02T08:43:36.297+0000][44915.283s][5523][5529][trace] CMS: promo attempt is safe: available(765483624) >= av_promo(4228508), max_promo(132832048)
[2025-10-02T08:43:36.706+0000][44915.692s][5523][5530][info ] Application time: 1.0001042 seconds
[2025-10-02T08:43:36.706+0000][44915.692s][5523][5530][info ] Entering safepoint region: Cleanup
[2025-10-02T08:43:36.706+0000][44915.693s][5523][5530][info ] Leaving safepoint region
[2025-10-02T08:43:36.706+0000][44915.693s][5523][5530][info ] Total time for which application threads were stopped: 0.0001348 seconds, Stopping threads took: 0.0000272 seconds
[2025-10-02T08:43:37.706+0000][44916.693s][5523][5530][info ] Application time: 1.0000964 seconds
[2025-10-02T08:43:37.707+0000][44916.693s][5523][5530][info ] Entering safepoint region: Cleanup
[2025-10-02T08:43:37.707+0000][44916.693s][5523][5530][info ] Leaving safepoint region
[2025-10-02T08:43:37.707+0000][44916.693s][5523][5530][info ] Total time for which application threads were stopped: 0.0001444 seconds, Stopping threads took: 0.0000343 seconds
[2025-10-02T08:43:38.707+0000][44917.693s][5523][5530][info ] Application time: 1.0000994 seconds
[2025-10-02T08:43:38.707+0000][44917.693s][5523][5530][info ] Entering safepoint region: Cleanup
[2025-10-02T08:43:38.707+0000][44917.693s][5523][5530][info ] Leaving safepoint region
[2025-10-02T08:43:38.707+0000][44917.693s][5523][5530][info ] Total time for which application threads were stopped: 0.0001381 seconds, Stopping threads took: 0.0000281 seconds
[2025-10-02T08:43:39.707+0000][44918.693s][5523][5530][info ] Application time: 1.0001059 seconds
[2025-10-02T08:43:39.707+0000][44918.693s][5523][5530][info ] Entering safepoint region: Cleanup
[2025-10-02T08:43:39.707+0000][44918.693s][5523][5530][info ] Leaving safepoint region
[2025-10-02T08:43:39.707+0000][44918.693s][5523][5530][info ] Total time for which application threads were stopped: 0.0001403 seconds, Stopping threads took: 0.0000242 seconds
[2025-10-02T08:43:40.707+0000][44919.694s][5523][5530][info ] Application time: 1.0001064 seconds
[2025-10-02T08:43:40.707+0000][44919.694s][5523][5530][info ] Entering safepoint region: Cleanup
[2025-10-02T08:43:40.708+0000][44919.694s][5523][5530][info ] Leaving safepoint region
[2025-10-02T08:43:40.708+0000][44919.694s][5523][5530][info ] Total time for which application threads were stopped: 0.0001514 seconds, Stopping threads took: 0.0000260 seconds
[2025-10-02T08:43:41.708+0000][44920.694s][5523][5530][info ] Application time: 1.0001087 seconds
[2025-10-02T08:43:41.708+0000][44920.694s][5523][5530][info ] Entering safepoint region: Cleanup
[2025-10-02T08:43:41.708+0000][44920.694s][5523][5530][info ] Leaving safepoint region
[2025-10-02T08:43:41.708+0000][44920.694s][5523][5530][info ] Total time for which application threads were stopped: 0.0001593 seconds, Stopping threads took: 0.0000263 seconds
[2025-10-02T08:43:42.708+0000][44921.694s][5523][5530][info ] Application time: 1.0000899 seconds
[2025-10-02T08:43:42.708+0000][44921.694s][5523][5530][info ] Entering safepoint region: Cleanup
[2025-10-02T08:43:42.708+0000][44921.694s][5523][5530][info ] Leaving safepoint region
[2025-10-02T08:43:42.708+0000][44921.694s][5523][5530][info ] Total time for which application threads were stopped: 0.0001596 seconds, Stopping threads took: 0.0000294 seconds
[2025-10-02T08:43:43.708+0000][44922.695s][5523][5530][info ] Application time: 1.0001017 seconds
[2025-10-02T08:43:43.708+0000][44922.695s][5523][5530][info ] Entering safepoint region: Cleanup
[2025-10-02T08:43:43.709+0000][44922.695s][5523][5530][info ] Leaving safepoint region
[2025-10-02T08:43:43.709+0000][44922.695s][5523][5530][info ] Total time for which application threads were stopped: 0.0001612 seconds, Stopping threads took: 0.0000255 seconds
[2025-10-02T08:43:44.709+0000][44923.695s][5523][5530][info ] Application time: 1.0000820 seconds
[2025-10-02T08:43:44.709+0000][44923.695s][5523][5530][info ] Entering safepoint region: Cleanup
[2025-10-02T08:43:44.709+0000][44923.695s][5523][5530][info ] Leaving safepoint region
[2025-10-02T08:43:44.709+0000][44923.695s][5523][5530][info ] Total time for which application threads were stopped: 0.0001428 seconds, Stopping threads took: 0.0000290 seconds
[2025-10-02T08:43:45.709+0000][44924.695s][5523][5530][info ] Application time: 1.0001050 seconds
[2025-10-02T08:43:45.709+0000][44924.695s][5523][5530][info ] Entering safepoint region: Cleanup
[2025-10-02T08:43:45.709+0000][44924.695s][5523][5530][info ] Leaving safepoint region
[2025-10-02T08:43:45.709+0000][44924.695s][5523][5530][info ] Total time for which application threads were stopped: 0.0001332 seconds, Stopping threads took: 0.0000247 seconds
[2025-10-02T08:43:46.297+0000][44925.283s][5523][5529][trace] CMS: promo attempt is safe: available(765483624) >= av_promo(4228508), max_promo(133007992)
[2025-10-02T08:43:46.709+0000][44925.695s][5523][5530][info ] Application time: 1.0001017 seconds
[2025-10-02T08:43:46.709+0000][44925.696s][5523][5530][info ] Entering safepoint region: Cleanup
[2025-10-02T08:43:46.709+0000][44925.696s][5523][5530][info ] Leaving safepoint region
[2025-10-02T08:43:46.709+0000][44925.696s][5523][5530][info ] Total time for which application threads were stopped: 0.0001313 seconds, Stopping threads took: 0.0000244 seconds
[2025-10-02T08:43:47.710+0000][44926.696s][5523][5530][info ] Application time: 1.0001197 seconds
[2025-10-02T08:43:47.710+0000][44926.696s][5523][5530][info ] Entering safepoint region: Cleanup
[2025-10-02T08:43:47.710+0000][44926.696s][5523][5530][info ] Leaving safepoint region
[2025-10-02T08:43:47.710+0000][44926.696s][5523][5530][info ] Total time for which application threads were stopped: 0.0001345 seconds, Stopping threads took: 0.0000238 seconds
[2025-10-02T08:43:48.710+0000][44927.696s][5523][5530][info ] Application time: 1.0001012 seconds
[2025-10-02T08:43:48.710+0000][44927.696s][5523][5530][info ] Entering safepoint region: Cleanup
[2025-10-02T08:43:48.710+0000][44927.696s][5523][5530][info ] Leaving safepoint region
[2025-10-02T08:43:48.710+0000][44927.696s][5523][5530][info ] Total time for which application threads were stopped: 0.0001448 seconds, Stopping threads took: 0.0000342 seconds
[2025-10-02T08:43:49.710+0000][44928.696s][5523][5530][info ] Application time: 1.0001046 seconds
[2025-10-02T08:43:49.710+0000][44928.696s][5523][5530][info ] Entering safepoint region: Cleanup
[2025-10-02T08:43:49.710+0000][44928.697s][5523][5530][info ] Leaving safepoint region
[2025-10-02T08:43:49.710+0000][44928.697s][5523][5530][info ] Total time for which application threads were stopped: 0.0001387 seconds, Stopping threads took: 0.0000291 seconds
[2025-10-02T08:43:50.710+0000][44929.697s][5523][5530][info ] Application time: 1.0000997 seconds
[2025-10-02T08:43:50.710+0000][44929.697s][5523][5530][info ] Entering safepoint region: Cleanup
[2025-10-02T08:43:50.711+0000][44929.697s][5523][5530][info ] Leaving safepoint region
[2025-10-02T08:43:50.711+0000][44929.697s][5523][5530][info ] Total time for which application threads were stopped: 0.0001459 seconds, Stopping threads took: 0.0000248 seconds
[2025-10-02T08:43:51.711+0000][44930.697s][5523][5530][info ] Application time: 1.0000725 seconds
[2025-10-02T08:43:51.711+0000][44930.697s][5523][5530][info ] Entering safepoint region: Cleanup
[2025-10-02T08:43:51.711+0000][44930.697s][5523][5530][info ] Leaving safepoint region
[2025-10-02T08:43:51.711+0000][44930.697s][5523][5530][info ] Total time for which application threads were stopped: 0.0001541 seconds, Stopping threads took: 0.0000256 seconds
[2025-10-02T08:43:52.711+0000][44931.697s][5523][5530][info ] Application time: 1.0000879 seconds
[2025-10-02T08:43:52.711+0000][44931.697s][5523][5530][info ] Entering safepoint region: Cleanup
[2025-10-02T08:43:52.711+0000][44931.697s][5523][5530][info ] Leaving safepoint region
[2025-10-02T08:43:52.711+0000][44931.697s][5523][5530][info ] Total time for which application threads were stopped: 0.0001304 seconds, Stopping threads took: 0.0000239 seconds
[2025-10-02T08:43:53.711+0000][44932.698s][5523][5530][info ] Application time: 1.0000847 seconds
[2025-10-02T08:43:53.711+0000][44932.698s][5523][5530][info ] Entering safepoint region: Cleanup
[2025-10-02T08:43:53.712+0000][44932.698s][5523][5530][info ] Leaving safepoint region
[2025-10-02T08:43:53.712+0000][44932.698s][5523][5530][info ] Total time for which application threads were stopped: 0.0001545 seconds, Stopping threads took: 0.0000263 seconds
[2025-10-02T08:43:54.712+0000][44933.698s][5523][5530][info ] Application time: 1.0001043 seconds
[2025-10-02T08:43:54.712+0000][44933.698s][5523][5530][info ] Entering safepoint region: Cleanup
[2025-10-02T08:43:54.712+0000][44933.698s][5523][5530][info ] Leaving safepoint region
[2025-10-02T08:43:54.712+0000][44933.698s][5523][5530][info ] Total time for which application threads were stopped: 0.0001362 seconds, Stopping threads took: 0.0000255 seconds
[2025-10-02T08:43:55.712+0000][44934.698s][5523][5530][info ] Application time: 1.0000944 seconds
[2025-10-02T08:43:55.712+0000][44934.698s][5523][5530][info ] Entering safepoint region: Cleanup
[2025-10-02T08:43:55.712+0000][44934.698s][5523][5530][info ] Leaving safepoint region
[2025-10-02T08:43:55.712+0000][44934.698s][5523][5530][info ] Total time for which application threads were stopped: 0.0001532 seconds, Stopping threads took: 0.0000255 seconds
[2025-10-02T08:43:56.297+0000][44935.284s][5523][5529][trace] CMS: promo attempt is safe: available(765483624) >= av_promo(4228508), max_promo(133013072)
[2025-10-02T08:43:56.712+0000][44935.698s][5523][5530][info ] Application time: 1.0001060 seconds
[2025-10-02T08:43:56.712+0000][44935.699s][5523][5530][info ] Entering safepoint region: Cleanup
[2025-10-02T08:43:56.712+0000][44935.699s][5523][5530][info ] Leaving safepoint region
[2025-10-02T08:43:56.712+0000][44935.699s][5523][5530][info ] Total time for which application threads were stopped: 0.0001360 seconds, Stopping threads took: 0.0000273 seconds
[2025-10-02T08:43:57.713+0000][44936.699s][5523][5530][info ] Application time: 1.0001144 seconds
[2025-10-02T08:43:57.713+0000][44936.699s][5523][5530][info ] Entering safepoint region: Cleanup
[2025-10-02T08:43:57.713+0000][44936.699s][5523][5530][info ] Leaving safepoint region
[2025-10-02T08:43:57.713+0000][44936.699s][5523][5530][info ] Total time for which application threads were stopped: 0.0001348 seconds, Stopping threads took: 0.0000250 seconds
[2025-10-02T08:43:58.713+0000][44937.699s][5523][5530][info ] Application time: 1.0000935 seconds
[2025-10-02T08:43:58.713+0000][44937.699s][5523][5530][info ] Entering safepoint region: Cleanup
[2025-10-02T08:43:58.714+0000][44937.700s][5523][5530][info ] Leaving safepoint region
[2025-10-02T08:43:58.714+0000][44937.700s][5523][5530][info ] Total time for which application threads were stopped: 0.0012386 seconds, Stopping threads took: 0.0011175 seconds
[2025-10-02T08:43:59.714+0000][44938.700s][5523][5530][info ] Application time: 1.0000939 seconds
[2025-10-02T08:43:59.714+0000][44938.701s][5523][5530][info ] Entering safepoint region: Cleanup
[2025-10-02T08:43:59.714+0000][44938.701s][5523][5530][info ] Leaving safepoint region
[2025-10-02T08:43:59.714+0000][44938.701s][5523][5530][info ] Total time for which application threads were stopped: 0.0001406 seconds, Stopping threads took: 0.0000263 seconds
[2025-10-02T08:44:00.715+0000][44939.701s][5523][5530][info ] Application time: 1.0001081 seconds
[2025-10-02T08:44:00.715+0000][44939.701s][5523][5530][info ] Entering safepoint region: Cleanup
[2025-10-02T08:44:00.715+0000][44939.701s][5523][5530][info ] Leaving safepoint region
[2025-10-02T08:44:00.715+0000][44939.701s][5523][5530][info ] Total time for which application threads were stopped: 0.0001385 seconds, Stopping threads took: 0.0000275 seconds
[2025-10-02T08:44:01.715+0000][44940.701s][5523][5530][info ] Application time: 1.0003918 seconds
[2025-10-02T08:44:01.715+0000][44940.701s][5523][5530][info ] Entering safepoint region: Cleanup
[2025-10-02T08:44:01.715+0000][44940.702s][5523][5530][info ] Leaving safepoint region
[2025-10-02T08:44:01.715+0000][44940.702s][5523][5530][info ] Total time for which application threads were stopped: 0.0001375 seconds, Stopping threads took: 0.0000263 seconds
[2025-10-02T08:44:02.715+0000][44941.702s][5523][5530][info ] Application time: 1.0001110 seconds
[2025-10-02T08:44:02.716+0000][44941.702s][5523][5530][info ] Entering safepoint region: Cleanup
[2025-10-02T08:44:02.716+0000][44941.702s][5523][5530][info ] Leaving safepoint region
[2025-10-02T08:44:02.716+0000][44941.702s][5523][5530][info ] Total time for which application threads were stopped: 0.0001373 seconds, Stopping threads took: 0.0000265 seconds
[2025-10-02T08:44:03.716+0000][44942.702s][5523][5530][info ] Application time: 1.0001131 seconds
[2025-10-02T08:44:03.716+0000][44942.702s][5523][5530][info ] Entering safepoint region: Cleanup
[2025-10-02T08:44:03.716+0000][44942.702s][5523][5530][info ] Leaving safepoint region
[2025-10-02T08:44:03.716+0000][44942.702s][5523][5530][info ] Total time for which application threads were stopped: 0.0001365 seconds, Stopping threads took: 0.0000257 seconds
[2025-10-02T08:44:04.716+0000][44943.702s][5523][5530][info ] Application time: 1.0001258 seconds
[2025-10-02T08:44:04.716+0000][44943.702s][5523][5530][info ] Entering safepoint region: Cleanup
[2025-10-02T08:44:04.716+0000][44943.703s][5523][5530][info ] Leaving safepoint region
[2025-10-02T08:44:04.716+0000][44943.703s][5523][5530][info ] Total time for which application threads were stopped: 0.0001361 seconds, Stopping threads took: 0.0000247 seconds
[2025-10-02T08:44:05.716+0000][44944.703s][5523][5530][info ] Application time: 1.0001006 seconds
[2025-10-02T08:44:05.716+0000][44944.703s][5523][5530][info ] Entering safepoint region: Cleanup
[2025-10-02T08:44:05.717+0000][44944.703s][5523][5530][info ] Leaving safepoint region
[2025-10-02T08:44:05.717+0000][44944.703s][5523][5530][info ] Total time for which application threads were stopped: 0.0001577 seconds, Stopping threads took: 0.0000260 seconds
[2025-10-02T08:44:06.297+0000][44945.283s][5523][5529][trace] CMS: promo attempt is safe: available(765483624) >= av_promo(4228508), max_promo(133483616)
[2025-10-02T08:44:06.717+0000][44945.703s][5523][5530][info ] Application time: 1.0001323 seconds
[2025-10-02T08:44:06.717+0000][44945.703s][5523][5530][info ] Entering safepoint region: Cleanup
[2025-10-02T08:44:06.717+0000][44945.703s][5523][5530][info ] Leaving safepoint region
[2025-10-02T08:44:06.717+0000][44945.703s][5523][5530][info ] Total time for which application threads were stopped: 0.0001359 seconds, Stopping threads took: 0.0000254 seconds
[2025-10-02T08:44:07.717+0000][44946.703s][5523][5530][info ] Application time: 1.0001026 seconds
[2025-10-02T08:44:07.717+0000][44946.703s][5523][5530][info ] Entering safepoint region: Cleanup
[2025-10-02T08:44:07.717+0000][44946.703s][5523][5530][info ] Leaving safepoint region
[2025-10-02T08:44:07.717+0000][44946.703s][5523][5530][info ] Total time for which application threads were stopped: 0.0001294 seconds, Stopping threads took: 0.0000238 seconds
[2025-10-02T08:44:08.717+0000][44947.704s][5523][5530][info ] Application time: 1.0001141 seconds
[2025-10-02T08:44:08.717+0000][44947.704s][5523][5530][info ] Entering safepoint region: Cleanup
[2025-10-02T08:44:08.718+0000][44947.704s][5523][5530][info ] Leaving safepoint region
[2025-10-02T08:44:08.719+0000][44947.705s][5523][5530][info ] Total time for which application threads were stopped: 0.0011260 seconds, Stopping threads took: 0.0000261 seconds
[2025-10-02T08:44:09.719+0000][44948.705s][5523][5530][info ] Application time: 1.0001113 seconds
[2025-10-02T08:44:09.719+0000][44948.705s][5523][5530][info ] Entering safepoint region: Cleanup
[2025-10-02T08:44:09.719+0000][44948.705s][5523][5530][info ] Leaving safepoint region
[2025-10-02T08:44:09.719+0000][44948.705s][5523][5530][info ] Total time for which application threads were stopped: 0.0001374 seconds, Stopping threads took: 0.0000279 seconds
[2025-10-02T08:44:10.719+0000][44949.705s][5523][5530][info ] Application time: 1.0000987 seconds
[2025-10-02T08:44:10.719+0000][44949.705s][5523][5530][info ] Entering safepoint region: Cleanup
[2025-10-02T08:44:10.719+0000][44949.705s][5523][5530][info ] Leaving safepoint region
[2025-10-02T08:44:10.719+0000][44949.705s][5523][5530][info ] Total time for which application threads were stopped: 0.0001364 seconds, Stopping threads took: 0.0000274 seconds
[2025-10-02T08:44:11.719+0000][44950.706s][5523][5530][info ] Application time: 1.0000879 seconds
[2025-10-02T08:44:11.719+0000][44950.706s][5523][5530][info ] Entering safepoint region: Cleanup
[2025-10-02T08:44:11.719+0000][44950.706s][5523][5530][info ] Leaving safepoint region
[2025-10-02T08:44:11.719+0000][44950.706s][5523][5530][info ] Total time for which application threads were stopped: 0.0001386 seconds, Stopping threads took: 0.0000228 seconds
[2025-10-02T08:44:12.720+0000][44951.706s][5523][5530][info ] Application time: 1.0001159 seconds
[2025-10-02T08:44:12.720+0000][44951.706s][5523][5530][info ] Entering safepoint region: Cleanup
[2025-10-02T08:44:12.720+0000][44951.706s][5523][5530][info ] Leaving safepoint region
[2025-10-02T08:44:12.720+0000][44951.706s][5523][5530][info ] Total time for which application threads were stopped: 0.0001481 seconds, Stopping threads took: 0.0000251 seconds
[2025-10-02T08:44:13.720+0000][44952.706s][5523][5530][info ] Application time: 1.0000917 seconds
[2025-10-02T08:44:13.720+0000][44952.706s][5523][5530][info ] Entering safepoint region: Cleanup
[2025-10-02T08:44:13.720+0000][44952.706s][5523][5530][info ] Leaving safepoint region
[2025-10-02T08:44:13.720+0000][44952.706s][5523][5530][info ] Total time for which application threads were stopped: 0.0001352 seconds, Stopping threads took: 0.0000250 seconds
[2025-10-02T08:44:14.720+0000][44953.706s][5523][5530][info ] Application time: 1.0000999 seconds
[2025-10-02T08:44:14.720+0000][44953.706s][5523][5530][info ] Entering safepoint region: Cleanup
[2025-10-02T08:44:14.720+0000][44953.707s][5523][5530][info ] Leaving safepoint region
[2025-10-02T08:44:14.720+0000][44953.707s][5523][5530][info ] Total time for which application threads were stopped: 0.0001371 seconds, Stopping threads took: 0.0000258 seconds
[2025-10-02T08:44:15.720+0000][44954.707s][5523][5530][info ] Application time: 1.0001017 seconds
[2025-10-02T08:44:15.721+0000][44954.707s][5523][5530][info ] Entering safepoint region: Cleanup
[2025-10-02T08:44:15.721+0000][44954.707s][5523][5530][info ] Leaving safepoint region
[2025-10-02T08:44:15.721+0000][44954.707s][5523][5530][info ] Total time for which application threads were stopped: 0.0001348 seconds, Stopping threads took: 0.0000256 seconds
[2025-10-02T08:44:16.297+0000][44955.283s][5523][5529][trace] CMS: promo attempt is safe: available(765483624) >= av_promo(4228508), max_promo(134674208)
[2025-10-02T08:44:16.721+0000][44955.707s][5523][5530][info ] Application time: 1.0000912 seconds
[2025-10-02T08:44:16.721+0000][44955.707s][5523][5530][info ] Entering safepoint region: Cleanup
[2025-10-02T08:44:16.721+0000][44955.707s][5523][5530][info ] Leaving safepoint region
[2025-10-02T08:44:16.721+0000][44955.707s][5523][5530][info ] Total time for which application threads were stopped: 0.0001383 seconds, Stopping threads took: 0.0000257 seconds
[2025-10-02T08:44:17.721+0000][44956.707s][5523][5530][info ] Application time: 1.0000881 seconds
[2025-10-02T08:44:17.721+0000][44956.707s][5523][5530][info ] Entering safepoint region: Cleanup
[2025-10-02T08:44:17.721+0000][44956.707s][5523][5530][info ] Leaving safepoint region
[2025-10-02T08:44:17.721+0000][44956.707s][5523][5530][info ] Total time for which application threads were stopped: 0.0001537 seconds, Stopping threads took: 0.0000425 seconds
[2025-10-02T08:44:18.721+0000][44957.708s][5523][5530][info ] Application time: 1.0001035 seconds
[2025-10-02T08:44:18.721+0000][44957.708s][5523][5530][info ] Entering safepoint region: Cleanup
[2025-10-02T08:44:18.722+0000][44957.708s][5523][5530][info ] Leaving safepoint region
[2025-10-02T08:44:18.722+0000][44957.708s][5523][5530][info ] Total time for which application threads were stopped: 0.0001493 seconds, Stopping threads took: 0.0000246 seconds
[2025-10-02T08:44:19.722+0000][44958.708s][5523][5530][info ] Application time: 1.0000993 seconds
[2025-10-02T08:44:19.722+0000][44958.708s][5523][5530][info ] Entering safepoint region: Cleanup
[2025-10-02T08:44:19.722+0000][44958.708s][5523][5530][info ] Leaving safepoint region
[2025-10-02T08:44:19.722+0000][44958.708s][5523][5530][info ] Total time for which application threads were stopped: 0.0001674 seconds, Stopping threads took: 0.0000416 seconds
[2025-10-02T08:44:20.722+0000][44959.708s][5523][5530][info ] Application time: 1.0001009 seconds
[2025-10-02T08:44:20.722+0000][44959.708s][5523][5530][info ] Entering safepoint region: Cleanup
[2025-10-02T08:44:20.722+0000][44959.708s][5523][5530][info ] Leaving safepoint region
[2025-10-02T08:44:20.722+0000][44959.708s][5523][5530][info ] Total time for which application threads were stopped: 0.0001335 seconds, Stopping threads took: 0.0000250 seconds
[2025-10-02T08:44:21.722+0000][44960.709s][5523][5530][info ] Application time: 1.0001007 seconds
[2025-10-02T08:44:21.722+0000][44960.709s][5523][5530][info ] Entering safepoint region: Cleanup
[2025-10-02T08:44:21.722+0000][44960.709s][5523][5530][info ] Leaving safepoint region
[2025-10-02T08:44:21.722+0000][44960.709s][5523][5530][info ] Total time for which application threads were stopped: 0.0001484 seconds, Stopping threads took: 0.0000243 seconds
[2025-10-02T08:44:22.723+0000][44961.709s][5523][5530][info ] Application time: 1.0001248 seconds
[2025-10-02T08:44:22.723+0000][44961.709s][5523][5530][info ] Entering safepoint region: Cleanup
[2025-10-02T08:44:22.723+0000][44961.709s][5523][5530][info ] Leaving safepoint region
[2025-10-02T08:44:22.723+0000][44961.709s][5523][5530][info ] Total time for which application threads were stopped: 0.0002501 seconds, Stopping threads took: 0.0000801 seconds
[2025-10-02T08:44:23.723+0000][44962.709s][5523][5530][info ] Application time: 1.0000947 seconds
[2025-10-02T08:44:23.723+0000][44962.709s][5523][5530][info ] Entering safepoint region: Cleanup
[2025-10-02T08:44:23.723+0000][44962.709s][5523][5530][info ] Leaving safepoint region
[2025-10-02T08:44:23.723+0000][44962.709s][5523][5530][info ] Total time for which application threads were stopped: 0.0001376 seconds, Stopping threads took: 0.0000253 seconds
[2025-10-02T08:44:24.723+0000][44963.710s][5523][5530][info ] Application time: 1.0000881 seconds
[2025-10-02T08:44:24.723+0000][44963.710s][5523][5530][info ] Entering safepoint region: Cleanup
[2025-10-02T08:44:24.723+0000][44963.710s][5523][5530][info ] Leaving safepoint region
[2025-10-02T08:44:24.723+0000][44963.710s][5523][5530][info ] Total time for which application threads were stopped: 0.0001470 seconds, Stopping threads took: 0.0000250 seconds
[2025-10-02T08:44:25.724+0000][44964.710s][5523][5530][info ] Application time: 1.0000921 seconds
[2025-10-02T08:44:25.724+0000][44964.710s][5523][5530][info ] Entering safepoint region: Cleanup
[2025-10-02T08:44:25.724+0000][44964.710s][5523][5530][info ] Leaving safepoint region
[2025-10-02T08:44:25.724+0000][44964.710s][5523][5530][info ] Total time for which application threads were stopped: 0.0001405 seconds, Stopping threads took: 0.0000232 seconds
[2025-10-02T08:44:26.296+0000][44965.282s][5523][5529][trace] CMS: promo attempt is safe: available(765483624) >= av_promo(4228508), max_promo(136020952)
[2025-10-02T08:44:26.724+0000][44965.710s][5523][5530][info ] Application time: 1.0001083 seconds
[2025-10-02T08:44:26.724+0000][44965.710s][5523][5530][info ] Entering safepoint region: Cleanup
[2025-10-02T08:44:26.724+0000][44965.710s][5523][5530][info ] Leaving safepoint region
[2025-10-02T08:44:26.724+0000][44965.710s][5523][5530][info ] Total time for which application threads were stopped: 0.0001345 seconds, Stopping threads took: 0.0000238 seconds
[2025-10-02T08:44:27.724+0000][44966.710s][5523][5530][info ] Application time: 1.0001069 seconds
[2025-10-02T08:44:27.724+0000][44966.710s][5523][5530][info ] Entering safepoint region: Cleanup
[2025-10-02T08:44:27.724+0000][44966.711s][5523][5530][info ] Leaving safepoint region
[2025-10-02T08:44:27.724+0000][44966.711s][5523][5530][info ] Total time for which application threads were stopped: 0.0001349 seconds, Stopping threads took: 0.0000263 seconds
[2025-10-02T08:44:28.724+0000][44967.711s][5523][5530][info ] Application time: 1.0001004 seconds
[2025-10-02T08:44:28.725+0000][44967.711s][5523][5530][info ] Entering safepoint region: Cleanup
[2025-10-02T08:44:28.725+0000][44967.711s][5523][5530][info ] Leaving safepoint region
[2025-10-02T08:44:28.725+0000][44967.711s][5523][5530][info ] Total time for which application threads were stopped: 0.0001447 seconds, Stopping threads took: 0.0000258 seconds
[2025-10-02T08:44:29.725+0000][44968.711s][5523][5530][info ] Application time: 1.0000940 seconds
[2025-10-02T08:44:29.725+0000][44968.711s][5523][5530][info ] Entering safepoint region: Cleanup
[2025-10-02T08:44:29.725+0000][44968.711s][5523][5530][info ] Leaving safepoint region
[2025-10-02T08:44:29.725+0000][44968.711s][5523][5530][info ] Total time for which application threads were stopped: 0.0001409 seconds, Stopping threads took: 0.0000269 seconds
[2025-10-02T08:44:30.725+0000][44969.711s][5523][5530][info ] Application time: 1.0001050 seconds
[2025-10-02T08:44:30.725+0000][44969.711s][5523][5530][info ] Entering safepoint region: Cleanup
[2025-10-02T08:44:30.725+0000][44969.711s][5523][5530][info ] Leaving safepoint region
[2025-10-02T08:44:30.725+0000][44969.711s][5523][5530][info ] Total time for which application threads were stopped: 0.0001370 seconds, Stopping threads took: 0.0000261 seconds
[2025-10-02T08:44:31.725+0000][44970.712s][5523][5530][info ] Application time: 1.0001118 seconds
[2025-10-02T08:44:31.725+0000][44970.712s][5523][5530][info ] Entering safepoint region: Cleanup
[2025-10-02T08:44:31.726+0000][44970.712s][5523][5530][info ] Leaving safepoint region
[2025-10-02T08:44:31.726+0000][44970.712s][5523][5530][info ] Total time for which application threads were stopped: 0.0001609 seconds, Stopping threads took: 0.0000255 seconds
[2025-10-02T08:44:32.726+0000][44971.712s][5523][5530][info ] Application time: 1.0000968 seconds
[2025-10-02T08:44:32.726+0000][44971.712s][5523][5530][info ] Entering safepoint region: Cleanup
[2025-10-02T08:44:32.726+0000][44971.712s][5523][5530][info ] Leaving safepoint region
[2025-10-02T08:44:32.726+0000][44971.712s][5523][5530][info ] Total time for which application threads were stopped: 0.0001375 seconds, Stopping threads took: 0.0000255 seconds
[2025-10-02T08:44:33.726+0000][44972.712s][5523][5530][info ] Application time: 1.0000829 seconds
[2025-10-02T08:44:33.726+0000][44972.712s][5523][5530][info ] Entering safepoint region: Cleanup
[2025-10-02T08:44:33.726+0000][44972.712s][5523][5530][info ] Leaving safepoint region
[2025-10-02T08:44:33.726+0000][44972.712s][5523][5530][info ] Total time for which application threads were stopped: 0.0001359 seconds, Stopping threads took: 0.0000251 seconds
[2025-10-02T08:44:34.726+0000][44973.713s][5523][5530][info ] Application time: 1.0000961 seconds
[2025-10-02T08:44:34.726+0000][44973.713s][5523][5530][info ] Entering safepoint region: Cleanup
[2025-10-02T08:44:34.726+0000][44973.713s][5523][5530][info ] Leaving safepoint region
[2025-10-02T08:44:34.726+0000][44973.713s][5523][5530][info ] Total time for which application threads were stopped: 0.0001331 seconds, Stopping threads took: 0.0000258 seconds
[2025-10-02T08:44:35.727+0000][44974.713s][5523][5530][info ] Application time: 1.0000903 seconds
[2025-10-02T08:44:35.727+0000][44974.713s][5523][5530][info ] Entering safepoint region: Cleanup
[2025-10-02T08:44:35.727+0000][44974.713s][5523][5530][info ] Leaving safepoint region
[2025-10-02T08:44:35.727+0000][44974.713s][5523][5530][info ] Total time for which application threads were stopped: 0.0001396 seconds, Stopping threads took: 0.0000252 seconds
[2025-10-02T08:44:36.296+0000][44975.282s][5523][5529][trace] CMS: promo attempt is safe: available(765483624) >= av_promo(4228508), max_promo(136023608)
[2025-10-02T08:44:36.727+0000][44975.713s][5523][5530][info ] Application time: 1.0000857 seconds
[2025-10-02T08:44:36.727+0000][44975.713s][5523][5530][info ] Entering safepoint region: Cleanup
[2025-10-02T08:44:36.727+0000][44975.713s][5523][5530][info ] Leaving safepoint region
[2025-10-02T08:44:36.727+0000][44975.713s][5523][5530][info ] Total time for which application threads were stopped: 0.0002470 seconds, Stopping threads took: 0.0000248 seconds
[2025-10-02T08:44:37.727+0000][44976.713s][5523][5530][info ] Application time: 1.0000824 seconds
[2025-10-02T08:44:37.727+0000][44976.714s][5523][5530][info ] Entering safepoint region: Cleanup
[2025-10-02T08:44:37.727+0000][44976.714s][5523][5530][info ] Leaving safepoint region
[2025-10-02T08:44:37.727+0000][44976.714s][5523][5530][info ] Total time for which application threads were stopped: 0.0001277 seconds, Stopping threads took: 0.0000217 seconds
[2025-10-02T08:44:38.728+0000][44977.714s][5523][5530][info ] Application time: 1.0001053 seconds
[2025-10-02T08:44:38.728+0000][44977.714s][5523][5530][info ] Entering safepoint region: Cleanup
[2025-10-02T08:44:38.728+0000][44977.714s][5523][5530][info ] Leaving safepoint region
[2025-10-02T08:44:38.728+0000][44977.714s][5523][5530][info ] Total time for which application threads were stopped: 0.0001449 seconds, Stopping threads took: 0.0000334 seconds
[2025-10-02T08:44:39.728+0000][44978.714s][5523][5530][info ] Application time: 1.0000966 seconds
[2025-10-02T08:44:39.728+0000][44978.714s][5523][5530][info ] Entering safepoint region: Cleanup
[2025-10-02T08:44:39.728+0000][44978.714s][5523][5530][info ] Leaving safepoint region
[2025-10-02T08:44:39.728+0000][44978.714s][5523][5530][info ] Total time for which application threads were stopped: 0.0001328 seconds, Stopping threads took: 0.0000232 seconds
[2025-10-02T08:44:40.728+0000][44979.714s][5523][5530][info ] Application time: 1.0001043 seconds
[2025-10-02T08:44:40.728+0000][44979.714s][5523][5530][info ] Entering safepoint region: Cleanup
[2025-10-02T08:44:40.728+0000][44979.715s][5523][5530][info ] Leaving safepoint region
[2025-10-02T08:44:40.728+0000][44979.715s][5523][5530][info ] Total time for which application threads were stopped: 0.0001359 seconds, Stopping threads took: 0.0000237 seconds
[2025-10-02T08:44:41.728+0000][44980.715s][5523][5530][info ] Application time: 1.0000955 seconds
[2025-10-02T08:44:41.728+0000][44980.715s][5523][5530][info ] Entering safepoint region: Cleanup
[2025-10-02T08:44:41.729+0000][44980.715s][5523][5530][info ] Leaving safepoint region
[2025-10-02T08:44:41.729+0000][44980.715s][5523][5530][info ] Total time for which application threads were stopped: 0.0001498 seconds, Stopping threads took: 0.0000250 seconds
[2025-10-02T08:44:42.729+0000][44981.715s][5523][5530][info ] Application time: 1.0000717 seconds
[2025-10-02T08:44:42.729+0000][44981.715s][5523][5530][info ] Entering safepoint region: Cleanup
[2025-10-02T08:44:42.729+0000][44981.715s][5523][5530][info ] Leaving safepoint region
[2025-10-02T08:44:42.729+0000][44981.715s][5523][5530][info ] Total time for which application threads were stopped: 0.0001331 seconds, Stopping threads took: 0.0000249 seconds
[2025-10-02T08:44:43.729+0000][44982.715s][5523][5530][info ] Application time: 1.0000822 seconds
[2025-10-02T08:44:43.729+0000][44982.715s][5523][5530][info ] Entering safepoint region: Cleanup
[2025-10-02T08:44:43.729+0000][44982.715s][5523][5530][info ] Leaving safepoint region
[2025-10-02T08:44:43.729+0000][44982.715s][5523][5530][info ] Total time for which application threads were stopped: 0.0001572 seconds, Stopping threads took: 0.0000385 seconds
[2025-10-02T08:44:44.729+0000][44983.715s][5523][5530][info ] Application time: 1.0000811 seconds
[2025-10-02T08:44:44.729+0000][44983.715s][5523][5530][info ] Entering safepoint region: Cleanup
[2025-10-02T08:44:44.729+0000][44983.716s][5523][5530][info ] Leaving safepoint region
[2025-10-02T08:44:44.729+0000][44983.716s][5523][5530][info ] Total time for which application threads were stopped: 0.0001360 seconds, Stopping threads took: 0.0000230 seconds
[2025-10-02T08:44:45.730+0000][44984.716s][5523][5530][info ] Application time: 1.0001292 seconds
[2025-10-02T08:44:45.730+0000][44984.716s][5523][5530][info ] Entering safepoint region: Cleanup
[2025-10-02T08:44:45.730+0000][44984.716s][5523][5530][info ] Leaving safepoint region
[2025-10-02T08:44:45.730+0000][44984.716s][5523][5530][info ] Total time for which application threads were stopped: 0.0001334 seconds, Stopping threads took: 0.0000240 seconds
[2025-10-02T08:44:46.296+0000][44985.282s][5523][5529][trace] CMS: promo attempt is safe: available(765483624) >= av_promo(4228508), max_promo(136162752)
[2025-10-02T08:44:46.730+0000][44985.716s][5523][5530][info ] Application time: 1.0000831 seconds
[2025-10-02T08:44:46.730+0000][44985.716s][5523][5530][info ] Entering safepoint region: Cleanup
[2025-10-02T08:44:46.730+0000][44985.716s][5523][5530][info ] Leaving safepoint region
[2025-10-02T08:44:46.730+0000][44985.716s][5523][5530][info ] Total time for which application threads were stopped: 0.0001323 seconds, Stopping threads took: 0.0000240 seconds
[2025-10-02T08:44:47.730+0000][44986.716s][5523][5530][info ] Application time: 1.0001021 seconds
[2025-10-02T08:44:47.730+0000][44986.716s][5523][5530][info ] Entering safepoint region: Cleanup
[2025-10-02T08:44:47.730+0000][44986.716s][5523][5530][info ] Leaving safepoint region
[2025-10-02T08:44:47.730+0000][44986.716s][5523][5530][info ] Total time for which application threads were stopped: 0.0001363 seconds, Stopping threads took: 0.0000240 seconds
[2025-10-02T08:44:48.730+0000][44987.717s][5523][5530][info ] Application time: 1.0001030 seconds
[2025-10-02T08:44:48.730+0000][44987.717s][5523][5530][info ] Entering safepoint region: Cleanup
[2025-10-02T08:44:48.731+0000][44987.717s][5523][5530][info ] Leaving safepoint region
[2025-10-02T08:44:48.731+0000][44987.717s][5523][5530][info ] Total time for which application threads were stopped: 0.0001528 seconds, Stopping threads took: 0.0000240 seconds
[2025-10-02T08:44:49.731+0000][44988.717s][5523][5530][info ] Application time: 1.0000712 seconds
[2025-10-02T08:44:49.731+0000][44988.717s][5523][5530][info ] Entering safepoint region: Cleanup
[2025-10-02T08:44:49.731+0000][44988.717s][5523][5530][info ] Leaving safepoint region
[2025-10-02T08:44:49.731+0000][44988.717s][5523][5530][info ] Total time for which application threads were stopped: 0.0001318 seconds, Stopping threads took: 0.0000237 seconds
[2025-10-02T08:44:50.731+0000][44989.717s][5523][5530][info ] Application time: 1.0000894 seconds
[2025-10-02T08:44:50.731+0000][44989.717s][5523][5530][info ] Entering safepoint region: Cleanup
[2025-10-02T08:44:50.731+0000][44989.717s][5523][5530][info ] Leaving safepoint region
[2025-10-02T08:44:50.731+0000][44989.717s][5523][5530][info ] Total time for which application threads were stopped: 0.0002236 seconds, Stopping threads took: 0.0001129 seconds
[2025-10-02T08:44:51.731+0000][44990.718s][5523][5530][info ] Application time: 1.0001051 seconds
[2025-10-02T08:44:51.731+0000][44990.718s][5523][5530][info ] Entering safepoint region: Cleanup
[2025-10-02T08:44:51.732+0000][44990.718s][5523][5530][info ] Leaving safepoint region
[2025-10-02T08:44:51.732+0000][44990.718s][5523][5530][info ] Total time for which application threads were stopped: 0.0001671 seconds, Stopping threads took: 0.0000327 seconds
[2025-10-02T08:44:52.732+0000][44991.718s][5523][5530][info ] Application time: 1.0001018 seconds
[2025-10-02T08:44:52.732+0000][44991.718s][5523][5530][info ] Entering safepoint region: Cleanup
[2025-10-02T08:44:52.732+0000][44991.718s][5523][5530][info ] Leaving safepoint region
[2025-10-02T08:44:52.732+0000][44991.718s][5523][5530][info ] Total time for which application threads were stopped: 0.0001383 seconds, Stopping threads took: 0.0000241 seconds
[2025-10-02T08:44:53.732+0000][44992.718s][5523][5530][info ] Application time: 1.0001026 seconds
[2025-10-02T08:44:53.732+0000][44992.718s][5523][5530][info ] Entering safepoint region: Cleanup
[2025-10-02T08:44:53.732+0000][44992.718s][5523][5530][info ] Leaving safepoint region
[2025-10-02T08:44:53.732+0000][44992.718s][5523][5530][info ] Total time for which application threads were stopped: 0.0001333 seconds, Stopping threads took: 0.0000240 seconds
[2025-10-02T08:44:54.732+0000][44993.718s][5523][5530][info ] Application time: 1.0001013 seconds
[2025-10-02T08:44:54.732+0000][44993.719s][5523][5530][info ] Entering safepoint region: Cleanup
[2025-10-02T08:44:54.732+0000][44993.719s][5523][5530][info ] Leaving safepoint region
[2025-10-02T08:44:54.732+0000][44993.719s][5523][5530][info ] Total time for which application threads were stopped: 0.0001399 seconds, Stopping threads took: 0.0000244 seconds
[2025-10-02T08:44:55.733+0000][44994.719s][5523][5530][info ] Application time: 1.0001054 seconds
[2025-10-02T08:44:55.733+0000][44994.719s][5523][5530][info ] Entering safepoint region: Cleanup
[2025-10-02T08:44:55.733+0000][44994.719s][5523][5530][info ] Leaving safepoint region
[2025-10-02T08:44:55.733+0000][44994.719s][5523][5530][info ] Total time for which application threads were stopped: 0.0001314 seconds, Stopping threads took: 0.0000230 seconds
[2025-10-02T08:44:56.296+0000][44995.282s][5523][5529][trace] CMS: promo attempt is safe: available(765483624) >= av_promo(4228508), max_promo(136370872)
[2025-10-02T08:44:56.733+0000][44995.719s][5523][5530][info ] Application time: 1.0001066 seconds
[2025-10-02T08:44:56.733+0000][44995.719s][5523][5530][info ] Entering safepoint region: Cleanup
[2025-10-02T08:44:56.733+0000][44995.719s][5523][5530][info ] Leaving safepoint region
[2025-10-02T08:44:56.733+0000][44995.719s][5523][5530][info ] Total time for which application threads were stopped: 0.0001401 seconds, Stopping threads took: 0.0000227 seconds
[2025-10-02T08:44:57.733+0000][44996.719s][5523][5530][info ] Application time: 1.0001063 seconds
[2025-10-02T08:44:57.733+0000][44996.719s][5523][5530][info ] Entering safepoint region: Cleanup
[2025-10-02T08:44:57.733+0000][44996.720s][5523][5530][info ] Leaving safepoint region
[2025-10-02T08:44:57.733+0000][44996.720s][5523][5530][info ] Total time for which application threads were stopped: 0.0001461 seconds, Stopping threads took: 0.0000245 seconds
[2025-10-02T08:44:58.733+0000][44997.720s][5523][5530][info ] Application time: 1.0001062 seconds
[2025-10-02T08:44:58.733+0000][44997.720s][5523][5530][info ] Entering safepoint region: Cleanup
[2025-10-02T08:44:58.734+0000][44997.720s][5523][5530][info ] Leaving safepoint region
[2025-10-02T08:44:58.734+0000][44997.720s][5523][5530][info ] Total time for which application threads were stopped: 0.0001607 seconds, Stopping threads took: 0.0000378 seconds
[2025-10-02T08:44:59.734+0000][44998.720s][5523][5530][info ] Application time: 1.0000792 seconds
[2025-10-02T08:44:59.734+0000][44998.720s][5523][5530][info ] Entering safepoint region: Cleanup
[2025-10-02T08:44:59.734+0000][44998.720s][5523][5530][info ] Leaving safepoint region
[2025-10-02T08:44:59.734+0000][44998.720s][5523][5530][info ] Total time for which application threads were stopped: 0.0001333 seconds, Stopping threads took: 0.0000237 seconds
[2025-10-02T08:45:00.734+0000][44999.720s][5523][5530][info ] Application time: 1.0001036 seconds
[2025-10-02T08:45:00.734+0000][44999.720s][5523][5530][info ] Entering safepoint region: Cleanup
[2025-10-02T08:45:00.734+0000][44999.720s][5523][5530][info ] Leaving safepoint region
[2025-10-02T08:45:00.734+0000][44999.720s][5523][5530][info ] Total time for which application threads were stopped: 0.0001461 seconds, Stopping threads took: 0.0000237 seconds
[2025-10-02T08:45:01.734+0000][45000.721s][5523][5530][info ] Application time: 1.0002031 seconds
[2025-10-02T08:45:01.735+0000][45000.721s][5523][5530][info ] Entering safepoint region: Cleanup
[2025-10-02T08:45:01.735+0000][45000.721s][5523][5530][info ] Leaving safepoint region
[2025-10-02T08:45:01.735+0000][45000.721s][5523][5530][info ] Total time for which application threads were stopped: 0.0001732 seconds, Stopping threads took: 0.0000510 seconds
[2025-10-02T08:45:02.735+0000][45001.721s][5523][5530][info ] Application time: 1.0001011 seconds
[2025-10-02T08:45:02.735+0000][45001.721s][5523][5530][info ] Entering safepoint region: Cleanup
[2025-10-02T08:45:02.735+0000][45001.721s][5523][5530][info ] Leaving safepoint region
[2025-10-02T08:45:02.735+0000][45001.721s][5523][5530][info ] Total time for which application threads were stopped: 0.0001295 seconds, Stopping threads took: 0.0000227 seconds
[2025-10-02T08:45:03.735+0000][45002.721s][5523][5530][info ] Application time: 1.0002712 seconds
[2025-10-02T08:45:03.735+0000][45002.722s][5523][5530][info ] Entering safepoint region: Cleanup
[2025-10-02T08:45:03.735+0000][45002.722s][5523][5530][info ] Leaving safepoint region
[2025-10-02T08:45:03.735+0000][45002.722s][5523][5530][info ] Total time for which application threads were stopped: 0.0001425 seconds, Stopping threads took: 0.0000235 seconds
[2025-10-02T08:45:04.736+0000][45003.722s][5523][5530][info ] Application time: 1.0001201 seconds
[2025-10-02T08:45:04.736+0000][45003.722s][5523][5530][info ] Entering safepoint region: Cleanup
[2025-10-02T08:45:04.736+0000][45003.722s][5523][5530][info ] Leaving safepoint region
[2025-10-02T08:45:04.736+0000][45003.722s][5523][5530][info ] Total time for which application threads were stopped: 0.0001321 seconds, Stopping threads took: 0.0000242 seconds
[2025-10-02T08:45:05.736+0000][45004.722s][5523][5530][info ] Application time: 1.0000974 seconds
[2025-10-02T08:45:05.736+0000][45004.722s][5523][5530][info ] Entering safepoint region: Cleanup
[2025-10-02T08:45:05.736+0000][45004.722s][5523][5530][info ] Leaving safepoint region
[2025-10-02T08:45:05.736+0000][45004.722s][5523][5530][info ] Total time for which application threads were stopped: 0.0001405 seconds, Stopping threads took: 0.0000251 seconds
[2025-10-02T08:45:06.295+0000][45005.281s][5523][5529][trace] CMS: promo attempt is safe: available(765483624) >= av_promo(4228508), max_promo(137054408)
[2025-10-02T08:45:06.736+0000][45005.722s][5523][5530][info ] Application time: 1.0001023 seconds
[2025-10-02T08:45:06.736+0000][45005.722s][5523][5530][info ] Entering safepoint region: Cleanup
[2025-10-02T08:45:06.736+0000][45005.723s][5523][5530][info ] Leaving safepoint region
[2025-10-02T08:45:06.736+0000][45005.723s][5523][5530][info ] Total time for which application threads were stopped: 0.0001375 seconds, Stopping threads took: 0.0000262 seconds
[2025-10-02T08:45:07.736+0000][45006.723s][5523][5530][info ] Application time: 1.0001017 seconds
[2025-10-02T08:45:07.736+0000][45006.723s][5523][5530][info ] Entering safepoint region: Cleanup
[2025-10-02T08:45:07.737+0000][45006.723s][5523][5530][info ] Leaving safepoint region
[2025-10-02T08:45:07.737+0000][45006.723s][5523][5530][info ] Total time for which application threads were stopped: 0.0001549 seconds, Stopping threads took: 0.0000247 seconds
[2025-10-02T08:45:08.737+0000][45007.723s][5523][5530][info ] Application time: 1.0000994 seconds
[2025-10-02T08:45:08.737+0000][45007.723s][5523][5530][info ] Entering safepoint region: Cleanup
[2025-10-02T08:45:08.738+0000][45007.724s][5523][5530][info ] Leaving safepoint region
[2025-10-02T08:45:08.738+0000][45007.724s][5523][5530][info ] Total time for which application threads were stopped: 0.0013524 seconds, Stopping threads took: 0.0012042 seconds
[2025-10-02T08:45:09.738+0000][45008.724s][5523][5530][info ] Application time: 1.0000851 seconds
[2025-10-02T08:45:09.738+0000][45008.725s][5523][5530][info ] Entering safepoint region: Cleanup
[2025-10-02T08:45:09.738+0000][45008.725s][5523][5530][info ] Leaving safepoint region
[2025-10-02T08:45:09.738+0000][45008.725s][5523][5530][info ] Total time for which application threads were stopped: 0.0001429 seconds, Stopping threads took: 0.0000245 seconds
[2025-10-02T08:45:10.739+0000][45009.725s][5523][5530][info ] Application time: 1.0000914 seconds
[2025-10-02T08:45:10.739+0000][45009.725s][5523][5530][info ] Entering safepoint region: Cleanup
[2025-10-02T08:45:10.739+0000][45009.725s][5523][5530][info ] Leaving safepoint region
[2025-10-02T08:45:10.739+0000][45009.725s][5523][5530][info ] Total time for which application threads were stopped: 0.0001413 seconds, Stopping threads took: 0.0000224 seconds
[2025-10-02T08:45:11.739+0000][45010.725s][5523][5530][info ] Application time: 1.0001056 seconds
[2025-10-02T08:45:11.739+0000][45010.725s][5523][5530][info ] Entering safepoint region: Cleanup
[2025-10-02T08:45:11.739+0000][45010.725s][5523][5530][info ] Leaving safepoint region
[2025-10-02T08:45:11.739+0000][45010.725s][5523][5530][info ] Total time for which application threads were stopped: 0.0002089 seconds, Stopping threads took: 0.0000253 seconds
[2025-10-02T08:45:12.739+0000][45011.725s][5523][5530][info ] Application time: 1.0001028 seconds
[2025-10-02T08:45:12.739+0000][45011.726s][5523][5530][info ] Entering safepoint region: Cleanup
[2025-10-02T08:45:12.739+0000][45011.726s][5523][5530][info ] Leaving safepoint region
[2025-10-02T08:45:12.739+0000][45011.726s][5523][5530][info ] Total time for which application threads were stopped: 0.0001807 seconds, Stopping threads took: 0.0000564 seconds
[2025-10-02T08:45:13.740+0000][45012.726s][5523][5530][info ] Application time: 1.0001010 seconds
[2025-10-02T08:45:13.740+0000][45012.726s][5523][5530][info ] Entering safepoint region: Cleanup
[2025-10-02T08:45:13.740+0000][45012.726s][5523][5530][info ] Leaving safepoint region
[2025-10-02T08:45:13.740+0000][45012.726s][5523][5530][info ] Total time for which application threads were stopped: 0.0001404 seconds, Stopping threads took: 0.0000271 seconds
[2025-10-02T08:45:14.740+0000][45013.726s][5523][5530][info ] Application time: 1.0001055 seconds
[2025-10-02T08:45:14.740+0000][45013.726s][5523][5530][info ] Entering safepoint region: Cleanup
[2025-10-02T08:45:14.740+0000][45013.726s][5523][5530][info ] Leaving safepoint region
[2025-10-02T08:45:14.740+0000][45013.726s][5523][5530][info ] Total time for which application threads were stopped: 0.0001430 seconds, Stopping threads took: 0.0000243 seconds
[2025-10-02T08:45:15.740+0000][45014.726s][5523][5530][info ] Application time: 1.0000968 seconds
[2025-10-02T08:45:15.740+0000][45014.726s][5523][5530][info ] Entering safepoint region: Cleanup
[2025-10-02T08:45:15.740+0000][45014.727s][5523][5530][info ] Leaving safepoint region
[2025-10-02T08:45:15.740+0000][45014.727s][5523][5530][info ] Total time for which application threads were stopped: 0.0001384 seconds, Stopping threads took: 0.0000266 seconds
[2025-10-02T08:45:16.294+0000][45015.281s][5523][5529][trace] CMS: promo attempt is safe: available(765483624) >= av_promo(4228508), max_promo(138682760)
[2025-10-02T08:45:16.740+0000][45015.727s][5523][5530][info ] Application time: 1.0000849 seconds
[2025-10-02T08:45:16.740+0000][45015.727s][5523][5530][info ] Entering safepoint region: Cleanup
[2025-10-02T08:45:16.741+0000][45015.727s][5523][5530][info ] Leaving safepoint region
[2025-10-02T08:45:16.741+0000][45015.727s][5523][5530][info ] Total time for which application threads were stopped: 0.0001597 seconds, Stopping threads took: 0.0000272 seconds
[2025-10-02T08:45:17.741+0000][45016.727s][5523][5530][info ] Application time: 1.0000953 seconds
[2025-10-02T08:45:17.741+0000][45016.727s][5523][5530][info ] Entering safepoint region: Cleanup
[2025-10-02T08:45:17.741+0000][45016.727s][5523][5530][info ] Leaving safepoint region
[2025-10-02T08:45:17.741+0000][45016.727s][5523][5530][info ] Total time for which application threads were stopped: 0.0001459 seconds, Stopping threads took: 0.0000267 seconds
[2025-10-02T08:45:18.741+0000][45017.727s][5523][5530][info ] Application time: 1.0000741 seconds
[2025-10-02T08:45:18.741+0000][45017.727s][5523][5530][info ] Entering safepoint region: Cleanup
[2025-10-02T08:45:18.741+0000][45017.727s][5523][5530][info ] Leaving safepoint region
[2025-10-02T08:45:18.741+0000][45017.727s][5523][5530][info ] Total time for which application threads were stopped: 0.0001440 seconds, Stopping threads took: 0.0000343 seconds
[2025-10-02T08:45:19.741+0000][45018.728s][5523][5530][info ] Application time: 1.0000981 seconds
[2025-10-02T08:45:19.741+0000][45018.728s][5523][5530][info ] Entering safepoint region: Cleanup
[2025-10-02T08:45:19.741+0000][45018.728s][5523][5530][info ] Leaving safepoint region
[2025-10-02T08:45:19.742+0000][45018.728s][5523][5530][info ] Total time for which application threads were stopped: 0.0001340 seconds, Stopping threads took: 0.0000266 seconds
[2025-10-02T08:45:20.742+0000][45019.728s][5523][5530][info ] Application time: 1.0000733 seconds
[2025-10-02T08:45:20.742+0000][45019.728s][5523][5530][info ] Entering safepoint region: Cleanup
[2025-10-02T08:45:20.742+0000][45019.728s][5523][5530][info ] Leaving safepoint region
[2025-10-02T08:45:20.742+0000][45019.728s][5523][5530][info ] Total time for which application threads were stopped: 0.0001495 seconds, Stopping threads took: 0.0000376 seconds
[2025-10-02T08:45:21.742+0000][45020.728s][5523][5530][info ] Application time: 1.0000824 seconds
[2025-10-02T08:45:21.742+0000][45020.728s][5523][5530][info ] Entering safepoint region: Cleanup
[2025-10-02T08:45:21.742+0000][45020.728s][5523][5530][info ] Leaving safepoint region
[2025-10-02T08:45:21.742+0000][45020.728s][5523][5530][info ] Total time for which application threads were stopped: 0.0001305 seconds, Stopping threads took: 0.0000250 seconds
[2025-10-02T08:45:22.742+0000][45021.728s][5523][5530][info ] Application time: 1.0000992 seconds
[2025-10-02T08:45:22.742+0000][45021.728s][5523][5530][info ] Entering safepoint region: Cleanup
[2025-10-02T08:45:22.742+0000][45021.729s][5523][5530][info ] Leaving safepoint region
[2025-10-02T08:45:22.742+0000][45021.729s][5523][5530][info ] Total time for which application threads were stopped: 0.0001511 seconds, Stopping threads took: 0.0000274 seconds
[2025-10-02T08:45:23.742+0000][45022.729s][5523][5530][info ] Application time: 1.0001013 seconds
[2025-10-02T08:45:23.743+0000][45022.729s][5523][5530][info ] Entering safepoint region: Cleanup
[2025-10-02T08:45:23.743+0000][45022.729s][5523][5530][info ] Leaving safepoint region
[2025-10-02T08:45:23.743+0000][45022.729s][5523][5530][info ] Total time for which application threads were stopped: 0.0001453 seconds, Stopping threads took: 0.0000338 seconds
[2025-10-02T08:45:24.743+0000][45023.729s][5523][5530][info ] Application time: 1.0000954 seconds
[2025-10-02T08:45:24.743+0000][45023.729s][5523][5530][info ] Entering safepoint region: Cleanup
[2025-10-02T08:45:24.743+0000][45023.729s][5523][5530][info ] Leaving safepoint region
[2025-10-02T08:45:24.743+0000][45023.729s][5523][5530][info ] Total time for which application threads were stopped: 0.0001374 seconds, Stopping threads took: 0.0000266 seconds
[2025-10-02T08:45:25.743+0000][45024.729s][5523][5530][info ] Application time: 1.0001814 seconds
[2025-10-02T08:45:25.743+0000][45024.729s][5523][5530][info ] Entering safepoint region: Cleanup
[2025-10-02T08:45:25.743+0000][45024.730s][5523][5530][info ] Leaving safepoint region
[2025-10-02T08:45:25.743+0000][45024.730s][5523][5530][info ] Total time for which application threads were stopped: 0.0001396 seconds, Stopping threads took: 0.0000335 seconds
[2025-10-02T08:45:26.294+0000][45025.281s][5523][5529][trace] CMS: promo attempt is safe: available(765483624) >= av_promo(4228508), max_promo(138687752)
[2025-10-02T08:45:26.743+0000][45025.730s][5523][5530][info ] Application time: 1.0000865 seconds
[2025-10-02T08:45:26.743+0000][45025.730s][5523][5530][info ] Entering safepoint region: Cleanup
[2025-10-02T08:45:26.744+0000][45025.730s][5523][5530][info ] Leaving safepoint region
[2025-10-02T08:45:26.744+0000][45025.730s][5523][5530][info ] Total time for which application threads were stopped: 0.0001730 seconds, Stopping threads took: 0.0000585 seconds
[2025-10-02T08:45:27.744+0000][45026.730s][5523][5530][info ] Application time: 1.0001087 seconds
[2025-10-02T08:45:27.744+0000][45026.730s][5523][5530][info ] Entering safepoint region: Cleanup
[2025-10-02T08:45:27.744+0000][45026.730s][5523][5530][info ] Leaving safepoint region
[2025-10-02T08:45:27.744+0000][45026.730s][5523][5530][info ] Total time for which application threads were stopped: 0.0001459 seconds, Stopping threads took: 0.0000276 seconds
[2025-10-02T08:45:28.744+0000][45027.730s][5523][5530][info ] Application time: 1.0001155 seconds
[2025-10-02T08:45:28.744+0000][45027.730s][5523][5530][info ] Entering safepoint region: Cleanup
[2025-10-02T08:45:28.744+0000][45027.730s][5523][5530][info ] Leaving safepoint region
[2025-10-02T08:45:28.744+0000][45027.730s][5523][5530][info ] Total time for which application threads were stopped: 0.0001388 seconds, Stopping threads took: 0.0000267 seconds
[2025-10-02T08:45:29.744+0000][45028.731s][5523][5530][info ] Application time: 1.0000854 seconds
[2025-10-02T08:45:29.744+0000][45028.731s][5523][5530][info ] Entering safepoint region: Cleanup
[2025-10-02T08:45:29.745+0000][45028.731s][5523][5530][info ] Leaving safepoint region
[2025-10-02T08:45:29.745+0000][45028.731s][5523][5530][info ] Total time for which application threads were stopped: 0.0001609 seconds, Stopping threads took: 0.0000268 seconds
[2025-10-02T08:45:30.745+0000][45029.731s][5523][5530][info ] Application time: 1.0000966 seconds
[2025-10-02T08:45:30.745+0000][45029.731s][5523][5530][info ] Entering safepoint region: Cleanup
[2025-10-02T08:45:30.745+0000][45029.731s][5523][5530][info ] Leaving safepoint region
[2025-10-02T08:45:30.745+0000][45029.731s][5523][5530][info ] Total time for which application threads were stopped: 0.0001395 seconds, Stopping threads took: 0.0000265 seconds
[2025-10-02T08:45:31.745+0000][45030.731s][5523][5530][info ] Application time: 1.0001120 seconds
[2025-10-02T08:45:31.745+0000][45030.731s][5523][5530][info ] Entering safepoint region: Cleanup
[2025-10-02T08:45:31.745+0000][45030.731s][5523][5530][info ] Leaving safepoint region
[2025-10-02T08:45:31.745+0000][45030.731s][5523][5530][info ] Total time for which application threads were stopped: 0.0001416 seconds, Stopping threads took: 0.0000254 seconds
[2025-10-02T08:45:32.745+0000][45031.732s][5523][5530][info ] Application time: 1.0001137 seconds
[2025-10-02T08:45:32.745+0000][45031.732s][5523][5530][info ] Entering safepoint region: Cleanup
[2025-10-02T08:45:32.745+0000][45031.732s][5523][5530][info ] Leaving safepoint region
[2025-10-02T08:45:32.745+0000][45031.732s][5523][5530][info ] Total time for which application threads were stopped: 0.0001424 seconds, Stopping threads took: 0.0000280 seconds
[2025-10-02T08:45:33.746+0000][45032.732s][5523][5530][info ] Application time: 1.0000767 seconds
[2025-10-02T08:45:33.746+0000][45032.732s][5523][5530][info ] Entering safepoint region: Cleanup
[2025-10-02T08:45:33.746+0000][45032.732s][5523][5530][info ] Leaving safepoint region
[2025-10-02T08:45:33.746+0000][45032.732s][5523][5530][info ] Total time for which application threads were stopped: 0.0001342 seconds, Stopping threads took: 0.0000257 seconds
[2025-10-02T08:45:34.746+0000][45033.732s][5523][5530][info ] Application time: 1.0000908 seconds
[2025-10-02T08:45:34.746+0000][45033.732s][5523][5530][info ] Entering safepoint region: Cleanup
[2025-10-02T08:45:34.746+0000][45033.732s][5523][5530][info ] Leaving safepoint region
[2025-10-02T08:45:34.746+0000][45033.732s][5523][5530][info ] Total time for which application threads were stopped: 0.0001365 seconds, Stopping threads took: 0.0000259 seconds
[2025-10-02T08:45:35.746+0000][45034.732s][5523][5530][info ] Application time: 1.0001003 seconds
[2025-10-02T08:45:35.746+0000][45034.732s][5523][5530][info ] Entering safepoint region: Cleanup
[2025-10-02T08:45:35.746+0000][45034.733s][5523][5530][info ] Leaving safepoint region
[2025-10-02T08:45:35.746+0000][45034.733s][5523][5530][info ] Total time for which application threads were stopped: 0.0001594 seconds, Stopping threads took: 0.0000394 seconds
[2025-10-02T08:45:36.294+0000][45035.281s][5523][5529][trace] CMS: promo attempt is safe: available(765483624) >= av_promo(4228508), max_promo(138805728)
[2025-10-02T08:45:36.747+0000][45035.733s][5523][5530][info ] Application time: 1.0000988 seconds
[2025-10-02T08:45:36.747+0000][45035.733s][5523][5530][info ] Entering safepoint region: Cleanup
[2025-10-02T08:45:36.747+0000][45035.733s][5523][5530][info ] Leaving safepoint region
[2025-10-02T08:45:36.747+0000][45035.733s][5523][5530][info ] Total time for which application threads were stopped: 0.0001346 seconds, Stopping threads took: 0.0000259 seconds
[2025-10-02T08:45:37.747+0000][45036.733s][5523][5530][info ] Application time: 1.0001056 seconds
[2025-10-02T08:45:37.747+0000][45036.733s][5523][5530][info ] Entering safepoint region: Cleanup
[2025-10-02T08:45:37.747+0000][45036.733s][5523][5530][info ] Leaving safepoint region
[2025-10-02T08:45:37.747+0000][45036.733s][5523][5530][info ] Total time for which application threads were stopped: 0.0002984 seconds, Stopping threads took: 0.0000696 seconds
[2025-10-02T08:45:38.747+0000][45037.733s][5523][5530][info ] Application time: 1.0001060 seconds
[2025-10-02T08:45:38.747+0000][45037.734s][5523][5530][info ] Entering safepoint region: Cleanup
[2025-10-02T08:45:38.747+0000][45037.734s][5523][5530][info ] Leaving safepoint region
[2025-10-02T08:45:38.747+0000][45037.734s][5523][5530][info ] Total time for which application threads were stopped: 0.0001362 seconds, Stopping threads took: 0.0000259 seconds
[2025-10-02T08:45:39.748+0000][45038.734s][5523][5530][info ] Application time: 1.0001061 seconds
[2025-10-02T08:45:39.748+0000][45038.734s][5523][5530][info ] Entering safepoint region: Cleanup
[2025-10-02T08:45:39.748+0000][45038.734s][5523][5530][info ] Leaving safepoint region
[2025-10-02T08:45:39.748+0000][45038.734s][5523][5530][info ] Total time for which application threads were stopped: 0.0001350 seconds, Stopping threads took: 0.0000259 seconds
[2025-10-02T08:45:40.748+0000][45039.734s][5523][5530][info ] Application time: 1.0001143 seconds
[2025-10-02T08:45:40.748+0000][45039.734s][5523][5530][info ] Entering safepoint region: Cleanup
[2025-10-02T08:45:40.748+0000][45039.734s][5523][5530][info ] Leaving safepoint region
[2025-10-02T08:45:40.748+0000][45039.734s][5523][5530][info ] Total time for which application threads were stopped: 0.0001418 seconds, Stopping threads took: 0.0000247 seconds
[2025-10-02T08:45:41.748+0000][45040.734s][5523][5530][info ] Application time: 1.0001077 seconds
[2025-10-02T08:45:41.748+0000][45040.734s][5523][5530][info ] Entering safepoint region: Cleanup
[2025-10-02T08:45:41.748+0000][45040.735s][5523][5530][info ] Leaving safepoint region
[2025-10-02T08:45:41.748+0000][45040.735s][5523][5530][info ] Total time for which application threads were stopped: 0.0001387 seconds, Stopping threads took: 0.0000253 seconds
[2025-10-02T08:45:42.748+0000][45041.735s][5523][5530][info ] Application time: 1.0000970 seconds
[2025-10-02T08:45:42.749+0000][45041.735s][5523][5530][info ] Entering safepoint region: Cleanup
[2025-10-02T08:45:42.749+0000][45041.735s][5523][5530][info ] Leaving safepoint region
[2025-10-02T08:45:42.749+0000][45041.735s][5523][5530][info ] Total time for which application threads were stopped: 0.0001407 seconds, Stopping threads took: 0.0000287 seconds
[2025-10-02T08:45:43.749+0000][45042.735s][5523][5530][info ] Application time: 1.0001030 seconds
[2025-10-02T08:45:43.749+0000][45042.735s][5523][5530][info ] Entering safepoint region: Cleanup
[2025-10-02T08:45:43.749+0000][45042.735s][5523][5530][info ] Leaving safepoint region
[2025-10-02T08:45:43.749+0000][45042.735s][5523][5530][info ] Total time for which application threads were stopped: 0.0001354 seconds, Stopping threads took: 0.0000274 seconds
[2025-10-02T08:45:44.749+0000][45043.735s][5523][5530][info ] Application time: 1.0000983 seconds
[2025-10-02T08:45:44.749+0000][45043.735s][5523][5530][info ] Entering safepoint region: Cleanup
[2025-10-02T08:45:44.749+0000][45043.735s][5523][5530][info ] Leaving safepoint region
[2025-10-02T08:45:44.749+0000][45043.735s][5523][5530][info ] Total time for which application threads were stopped: 0.0001351 seconds, Stopping threads took: 0.0000269 seconds
[2025-10-02T08:45:45.749+0000][45044.736s][5523][5530][info ] Application time: 1.0000838 seconds
[2025-10-02T08:45:45.749+0000][45044.736s][5523][5530][info ] Entering safepoint region: Cleanup
[2025-10-02T08:45:45.750+0000][45044.736s][5523][5530][info ] Leaving safepoint region
[2025-10-02T08:45:45.750+0000][45044.736s][5523][5530][info ] Total time for which application threads were stopped: 0.0001686 seconds, Stopping threads took: 0.0000349 seconds
[2025-10-02T08:45:46.294+0000][45045.280s][5523][5529][trace] CMS: promo attempt is safe: available(765483624) >= av_promo(4228508), max_promo(141829784)
[2025-10-02T08:45:46.750+0000][45045.736s][5523][5530][info ] Application time: 1.0000985 seconds
[2025-10-02T08:45:46.750+0000][45045.736s][5523][5530][info ] Entering safepoint region: Cleanup
[2025-10-02T08:45:46.750+0000][45045.736s][5523][5530][info ] Leaving safepoint region
[2025-10-02T08:45:46.750+0000][45045.736s][5523][5530][info ] Total time for which application threads were stopped: 0.0001383 seconds, Stopping threads took: 0.0000263 seconds
[2025-10-02T08:45:47.750+0000][45046.736s][5523][5530][info ] Application time: 1.0000861 seconds
[2025-10-02T08:45:47.750+0000][45046.736s][5523][5530][info ] Entering safepoint region: Cleanup
[2025-10-02T08:45:47.750+0000][45046.736s][5523][5530][info ] Leaving safepoint region
[2025-10-02T08:45:47.750+0000][45046.736s][5523][5530][info ] Total time for which application threads were stopped: 0.0001342 seconds, Stopping threads took: 0.0000256 seconds
[2025-10-02T08:45:48.750+0000][45047.736s][5523][5530][info ] Application time: 1.0000849 seconds
[2025-10-02T08:45:48.750+0000][45047.737s][5523][5530][info ] Entering safepoint region: Cleanup
[2025-10-02T08:45:48.750+0000][45047.737s][5523][5530][info ] Leaving safepoint region
[2025-10-02T08:45:48.750+0000][45047.737s][5523][5530][info ] Total time for which application threads were stopped: 0.0001322 seconds, Stopping threads took: 0.0000261 seconds
[2025-10-02T08:45:49.751+0000][45048.737s][5523][5530][info ] Application time: 1.0000774 seconds
[2025-10-02T08:45:49.751+0000][45048.737s][5523][5530][info ] Entering safepoint region: Cleanup
[2025-10-02T08:45:49.751+0000][45048.737s][5523][5530][info ] Leaving safepoint region
[2025-10-02T08:45:49.751+0000][45048.737s][5523][5530][info ] Total time for which application threads were stopped: 0.0001311 seconds, Stopping threads took: 0.0000255 seconds
[2025-10-02T08:45:50.751+0000][45049.737s][5523][5530][info ] Application time: 1.0000865 seconds
[2025-10-02T08:45:50.751+0000][45049.737s][5523][5530][info ] Entering safepoint region: Cleanup
[2025-10-02T08:45:50.751+0000][45049.737s][5523][5530][info ] Leaving safepoint region
[2025-10-02T08:45:50.751+0000][45049.737s][5523][5530][info ] Total time for which application threads were stopped: 0.0001472 seconds, Stopping threads took: 0.0000278 seconds
[2025-10-02T08:45:51.751+0000][45050.737s][5523][5530][info ] Application time: 1.0002365 seconds
[2025-10-02T08:45:51.751+0000][45050.738s][5523][5530][info ] Entering safepoint region: Cleanup
[2025-10-02T08:45:51.751+0000][45050.738s][5523][5530][info ] Leaving safepoint region
[2025-10-02T08:45:51.751+0000][45050.738s][5523][5530][info ] Total time for which application threads were stopped: 0.0001503 seconds, Stopping threads took: 0.0000281 seconds
[2025-10-02T08:45:52.752+0000][45051.738s][5523][5530][info ] Application time: 1.0001184 seconds
[2025-10-02T08:45:52.752+0000][45051.738s][5523][5530][info ] Entering safepoint region: Cleanup
[2025-10-02T08:45:52.752+0000][45051.738s][5523][5530][info ] Leaving safepoint region
[2025-10-02T08:45:52.752+0000][45051.738s][5523][5530][info ] Total time for which application threads were stopped: 0.0001644 seconds, Stopping threads took: 0.0000460 seconds
[2025-10-02T08:45:53.752+0000][45052.738s][5523][5530][info ] Application time: 1.0001375 seconds
[2025-10-02T08:45:53.752+0000][45052.738s][5523][5530][info ] Entering safepoint region: Cleanup
[2025-10-02T08:45:53.752+0000][45052.738s][5523][5530][info ] Leaving safepoint region
[2025-10-02T08:45:53.752+0000][45052.738s][5523][5530][info ] Total time for which application threads were stopped: 0.0001369 seconds, Stopping threads took: 0.0000268 seconds
[2025-10-02T08:45:54.752+0000][45053.738s][5523][5530][info ] Application time: 1.0000941 seconds
[2025-10-02T08:45:54.752+0000][45053.738s][5523][5530][info ] Entering safepoint region: Cleanup
[2025-10-02T08:45:54.752+0000][45053.739s][5523][5530][info ] Leaving safepoint region
[2025-10-02T08:45:54.752+0000][45053.739s][5523][5530][info ] Total time for which application threads were stopped: 0.0001396 seconds, Stopping threads took: 0.0000259 seconds
[2025-10-02T08:45:55.753+0000][45054.739s][5523][5530][info ] Application time: 1.0000973 seconds
[2025-10-02T08:45:55.753+0000][45054.739s][5523][5530][info ] Entering safepoint region: Cleanup
[2025-10-02T08:45:55.753+0000][45054.739s][5523][5530][info ] Leaving safepoint region
[2025-10-02T08:45:55.753+0000][45054.739s][5523][5530][info ] Total time for which application threads were stopped: 0.0001320 seconds, Stopping threads took: 0.0000258 seconds
[2025-10-02T08:45:56.294+0000][45055.280s][5523][5529][trace] CMS: promo attempt is safe: available(765483624) >= av_promo(4228508), max_promo(141842800)
[2025-10-02T08:45:56.753+0000][45055.739s][5523][5530][info ] Application time: 1.0000762 seconds
[2025-10-02T08:45:56.753+0000][45055.739s][5523][5530][info ] Entering safepoint region: Cleanup
[2025-10-02T08:45:56.753+0000][45055.739s][5523][5530][info ] Leaving safepoint region
[2025-10-02T08:45:56.753+0000][45055.739s][5523][5530][info ] Total time for which application threads were stopped: 0.0001350 seconds, Stopping threads took: 0.0000264 seconds
[2025-10-02T08:45:57.753+0000][45056.739s][5523][5530][info ] Application time: 1.0000787 seconds
[2025-10-02T08:45:57.753+0000][45056.739s][5523][5530][info ] Entering safepoint region: Cleanup
[2025-10-02T08:45:57.753+0000][45056.739s][5523][5530][info ] Leaving safepoint region
[2025-10-02T08:45:57.753+0000][45056.739s][5523][5530][info ] Total time for which application threads were stopped: 0.0001355 seconds, Stopping threads took: 0.0000264 seconds
[2025-10-02T08:45:58.753+0000][45057.740s][5523][5530][info ] Application time: 1.0000988 seconds
[2025-10-02T08:45:58.753+0000][45057.740s][5523][5530][info ] Entering safepoint region: Cleanup
[2025-10-02T08:45:58.754+0000][45057.740s][5523][5530][info ] Leaving safepoint region
[2025-10-02T08:45:58.754+0000][45057.741s][5523][5530][info ] Total time for which application threads were stopped: 0.0010987 seconds, Stopping threads took: 0.0000283 seconds
[2025-10-02T08:45:59.755+0000][45058.741s][5523][5530][info ] Application time: 1.0000972 seconds
[2025-10-02T08:45:59.755+0000][45058.741s][5523][5530][info ] Entering safepoint region: Cleanup
[2025-10-02T08:45:59.755+0000][45058.741s][5523][5530][info ] Leaving safepoint region
[2025-10-02T08:45:59.755+0000][45058.741s][5523][5530][info ] Total time for which application threads were stopped: 0.0001375 seconds, Stopping threads took: 0.0000256 seconds
[2025-10-02T08:46:00.755+0000][45059.741s][5523][5530][info ] Application time: 1.0000838 seconds
[2025-10-02T08:46:00.755+0000][45059.741s][5523][5530][info ] Entering safepoint region: Cleanup
[2025-10-02T08:46:00.755+0000][45059.741s][5523][5530][info ] Leaving safepoint region
[2025-10-02T08:46:00.755+0000][45059.741s][5523][5530][info ] Total time for which application threads were stopped: 0.0002059 seconds, Stopping threads took: 0.0000258 seconds
[2025-10-02T08:46:01.755+0000][45060.742s][5523][5530][info ] Application time: 1.0001216 seconds
[2025-10-02T08:46:01.755+0000][45060.742s][5523][5530][info ] Entering safepoint region: Cleanup
[2025-10-02T08:46:01.755+0000][45060.742s][5523][5530][info ] Leaving safepoint region
[2025-10-02T08:46:01.755+0000][45060.742s][5523][5530][info ] Total time for which application threads were stopped: 0.0001367 seconds, Stopping threads took: 0.0000256 seconds
[2025-10-02T08:46:02.756+0000][45061.742s][5523][5530][info ] Application time: 1.0000675 seconds
[2025-10-02T08:46:02.756+0000][45061.742s][5523][5530][info ] Entering safepoint region: Cleanup
[2025-10-02T08:46:02.756+0000][45061.742s][5523][5530][info ] Leaving safepoint region
[2025-10-02T08:46:02.756+0000][45061.742s][5523][5530][info ] Total time for which application threads were stopped: 0.0001398 seconds, Stopping threads took: 0.0000266 seconds
[2025-10-02T08:46:03.756+0000][45062.742s][5523][5530][info ] Application time: 1.0001076 seconds
[2025-10-02T08:46:03.756+0000][45062.742s][5523][5530][info ] Entering safepoint region: Cleanup
[2025-10-02T08:46:03.756+0000][45062.742s][5523][5530][info ] Leaving safepoint region
[2025-10-02T08:46:03.756+0000][45062.742s][5523][5530][info ] Total time for which application threads were stopped: 0.0001345 seconds, Stopping threads took: 0.0000255 seconds
[2025-10-02T08:46:04.756+0000][45063.742s][5523][5530][info ] Application time: 1.0001022 seconds
[2025-10-02T08:46:04.756+0000][45063.742s][5523][5530][info ] Entering safepoint region: Cleanup
[2025-10-02T08:46:04.756+0000][45063.743s][5523][5530][info ] Leaving safepoint region
[2025-10-02T08:46:04.756+0000][45063.743s][5523][5530][info ] Total time for which application threads were stopped: 0.0001334 seconds, Stopping threads took: 0.0000262 seconds
[2025-10-02T08:46:05.756+0000][45064.743s][5523][5530][info ] Application time: 1.0000822 seconds
[2025-10-02T08:46:05.756+0000][45064.743s][5523][5530][info ] Entering safepoint region: Cleanup
[2025-10-02T08:46:05.757+0000][45064.743s][5523][5530][info ] Leaving safepoint region
[2025-10-02T08:46:05.757+0000][45064.743s][5523][5530][info ] Total time for which application threads were stopped: 0.0001697 seconds, Stopping threads took: 0.0000518 seconds
[2025-10-02T08:46:06.294+0000][45065.280s][5523][5529][trace] CMS: promo attempt is safe: available(765483624) >= av_promo(4228508), max_promo(141850552)
[2025-10-02T08:46:06.757+0000][45065.743s][5523][5530][info ] Application time: 1.0001056 seconds
[2025-10-02T08:46:06.757+0000][45065.743s][5523][5530][info ] Entering safepoint region: Cleanup
[2025-10-02T08:46:06.757+0000][45065.743s][5523][5530][info ] Leaving safepoint region
[2025-10-02T08:46:06.757+0000][45065.743s][5523][5530][info ] Total time for which application threads were stopped: 0.0001373 seconds, Stopping threads took: 0.0000266 seconds
[2025-10-02T08:46:07.757+0000][45066.743s][5523][5530][info ] Application time: 1.0001018 seconds
[2025-10-02T08:46:07.757+0000][45066.743s][5523][5530][info ] Entering safepoint region: Cleanup
[2025-10-02T08:46:07.757+0000][45066.743s][5523][5530][info ] Leaving safepoint region
[2025-10-02T08:46:07.757+0000][45066.743s][5523][5530][info ] Total time for which application threads were stopped: 0.0001366 seconds, Stopping threads took: 0.0000272 seconds
[2025-10-02T08:46:08.757+0000][45067.744s][5523][5530][info ] Application time: 1.0001028 seconds
[2025-10-02T08:46:08.757+0000][45067.744s][5523][5530][info ] Entering safepoint region: Cleanup
[2025-10-02T08:46:08.758+0000][45067.744s][5523][5530][info ] Leaving safepoint region
[2025-10-02T08:46:08.758+0000][45067.744s][5523][5530][info ] Total time for which application threads were stopped: 0.0001703 seconds, Stopping threads took: 0.0000339 seconds
[2025-10-02T08:46:09.758+0000][45068.744s][5523][5530][info ] Application time: 1.0000833 seconds
[2025-10-02T08:46:09.758+0000][45068.744s][5523][5530][info ] Entering safepoint region: Cleanup
[2025-10-02T08:46:09.758+0000][45068.744s][5523][5530][info ] Leaving safepoint region
[2025-10-02T08:46:09.758+0000][45068.744s][5523][5530][info ] Total time for which application threads were stopped: 0.0001589 seconds, Stopping threads took: 0.0000288 seconds
[2025-10-02T08:46:10.758+0000][45069.744s][5523][5530][info ] Application time: 1.0000979 seconds
[2025-10-02T08:46:10.758+0000][45069.744s][5523][5530][info ] Entering safepoint region: Cleanup
[2025-10-02T08:46:10.758+0000][45069.744s][5523][5530][info ] Leaving safepoint region
[2025-10-02T08:46:10.758+0000][45069.744s][5523][5530][info ] Total time for which application threads were stopped: 0.0001447 seconds, Stopping threads took: 0.0000330 seconds
[2025-10-02T08:46:11.758+0000][45070.744s][5523][5530][info ] Application time: 1.0000748 seconds
[2025-10-02T08:46:11.758+0000][45070.745s][5523][5530][info ] Entering safepoint region: Cleanup
[2025-10-02T08:46:11.758+0000][45070.745s][5523][5530][info ] Leaving safepoint region
[2025-10-02T08:46:11.758+0000][45070.745s][5523][5530][info ] Total time for which application threads were stopped: 0.0001383 seconds, Stopping threads took: 0.0000252 seconds
[2025-10-02T08:46:12.759+0000][45071.745s][5523][5530][info ] Application time: 1.0001075 seconds
[2025-10-02T08:46:12.759+0000][45071.745s][5523][5530][info ] Entering safepoint region: Cleanup
[2025-10-02T08:46:12.759+0000][45071.745s][5523][5530][info ] Leaving safepoint region
[2025-10-02T08:46:12.759+0000][45071.745s][5523][5530][info ] Total time for which application threads were stopped: 0.0001516 seconds, Stopping threads took: 0.0000366 seconds
[2025-10-02T08:46:13.759+0000][45072.745s][5523][5530][info ] Application time: 1.0001024 seconds
[2025-10-02T08:46:13.759+0000][45072.745s][5523][5530][info ] Entering safepoint region: Cleanup
[2025-10-02T08:46:13.759+0000][45072.745s][5523][5530][info ] Leaving safepoint region
[2025-10-02T08:46:13.759+0000][45072.745s][5523][5530][info ] Total time for which application threads were stopped: 0.0001963 seconds, Stopping threads took: 0.0000267 seconds
[2025-10-02T08:46:14.759+0000][45073.745s][5523][5530][info ] Application time: 1.0001265 seconds
[2025-10-02T08:46:14.759+0000][45073.746s][5523][5530][info ] Entering safepoint region: Cleanup
[2025-10-02T08:46:14.759+0000][45073.746s][5523][5530][info ] Leaving safepoint region
[2025-10-02T08:46:14.759+0000][45073.746s][5523][5530][info ] Total time for which application threads were stopped: 0.0001450 seconds, Stopping threads took: 0.0000307 seconds
[2025-10-02T08:46:15.760+0000][45074.746s][5523][5530][info ] Application time: 1.0001124 seconds
[2025-10-02T08:46:15.760+0000][45074.746s][5523][5530][info ] Entering safepoint region: Cleanup
[2025-10-02T08:46:15.760+0000][45074.746s][5523][5530][info ] Leaving safepoint region
[2025-10-02T08:46:15.760+0000][45074.746s][5523][5530][info ] Total time for which application threads were stopped: 0.0001510 seconds, Stopping threads took: 0.0000346 seconds
[2025-10-02T08:46:16.294+0000][45075.280s][5523][5529][trace] CMS: promo attempt is safe: available(765483624) >= av_promo(4228508), max_promo(142056248)
[2025-10-02T08:46:16.760+0000][45075.746s][5523][5530][info ] Application time: 1.0001142 seconds
[2025-10-02T08:46:16.760+0000][45075.746s][5523][5530][info ] Entering safepoint region: Cleanup
[2025-10-02T08:46:16.760+0000][45075.746s][5523][5530][info ] Leaving safepoint region
[2025-10-02T08:46:16.760+0000][45075.746s][5523][5530][info ] Total time for which application threads were stopped: 0.0001547 seconds, Stopping threads took: 0.0000259 seconds
[2025-10-02T08:46:17.760+0000][45076.746s][5523][5530][info ] Application time: 1.0000893 seconds
[2025-10-02T08:46:17.760+0000][45076.746s][5523][5530][info ] Entering safepoint region: Cleanup
[2025-10-02T08:46:17.760+0000][45076.747s][5523][5530][info ] Leaving safepoint region
[2025-10-02T08:46:17.760+0000][45076.747s][5523][5530][info ] Total time for which application threads were stopped: 0.0001461 seconds, Stopping threads took: 0.0000275 seconds
[2025-10-02T08:46:18.760+0000][45077.747s][5523][5530][info ] Application time: 1.0000810 seconds
[2025-10-02T08:46:18.761+0000][45077.747s][5523][5530][info ] Entering safepoint region: Cleanup
[2025-10-02T08:46:18.762+0000][45077.748s][5523][5530][info ] Leaving safepoint region
[2025-10-02T08:46:18.762+0000][45077.748s][5523][5530][info ] Total time for which application threads were stopped: 0.0011523 seconds, Stopping threads took: 0.0010136 seconds
[2025-10-02T08:46:19.762+0000][45078.748s][5523][5530][info ] Application time: 1.0000775 seconds
[2025-10-02T08:46:19.762+0000][45078.748s][5523][5530][info ] Entering safepoint region: Cleanup
[2025-10-02T08:46:19.762+0000][45078.748s][5523][5530][info ] Leaving safepoint region
[2025-10-02T08:46:19.762+0000][45078.748s][5523][5530][info ] Total time for which application threads were stopped: 0.0001386 seconds, Stopping threads took: 0.0000291 seconds
[2025-10-02T08:46:20.762+0000][45079.748s][5523][5530][info ] Application time: 1.0000888 seconds
[2025-10-02T08:46:20.762+0000][45079.748s][5523][5530][info ] Entering safepoint region: Cleanup
[2025-10-02T08:46:20.762+0000][45079.748s][5523][5530][info ] Leaving safepoint region
[2025-10-02T08:46:20.762+0000][45079.748s][5523][5530][info ] Total time for which application threads were stopped: 0.0001457 seconds, Stopping threads took: 0.0000283 seconds
[2025-10-02T08:46:21.762+0000][45080.749s][5523][5530][info ] Application time: 1.0000800 seconds
[2025-10-02T08:46:21.762+0000][45080.749s][5523][5530][info ] Entering safepoint region: Cleanup
[2025-10-02T08:46:21.762+0000][45080.749s][5523][5530][info ] Leaving safepoint region
[2025-10-02T08:46:21.763+0000][45080.749s][5523][5530][info ] Total time for which application threads were stopped: 0.0001698 seconds, Stopping threads took: 0.0000229 seconds
[2025-10-02T08:46:22.763+0000][45081.749s][5523][5530][info ] Application time: 1.0000805 seconds
[2025-10-02T08:46:22.763+0000][45081.749s][5523][5530][info ] Entering safepoint region: Cleanup
[2025-10-02T08:46:22.763+0000][45081.749s][5523][5530][info ] Leaving safepoint region
[2025-10-02T08:46:22.763+0000][45081.749s][5523][5530][info ] Total time for which application threads were stopped: 0.0001380 seconds, Stopping threads took: 0.0000255 seconds
[2025-10-02T08:46:23.763+0000][45082.749s][5523][5530][info ] Application time: 1.0001068 seconds
[2025-10-02T08:46:23.763+0000][45082.749s][5523][5530][info ] Entering safepoint region: Cleanup
[2025-10-02T08:46:23.763+0000][45082.749s][5523][5530][info ] Leaving safepoint region
[2025-10-02T08:46:23.763+0000][45082.749s][5523][5530][info ] Total time for which application threads were stopped: 0.0002206 seconds, Stopping threads took: 0.0001097 seconds
[2025-10-02T08:46:24.763+0000][45083.750s][5523][5530][info ] Application time: 1.0000983 seconds
[2025-10-02T08:46:24.763+0000][45083.750s][5523][5530][info ] Entering safepoint region: Cleanup
[2025-10-02T08:46:24.763+0000][45083.750s][5523][5530][info ] Leaving safepoint region
[2025-10-02T08:46:24.763+0000][45083.750s][5523][5530][info ] Total time for which application threads were stopped: 0.0001334 seconds, Stopping threads took: 0.0000248 seconds
[2025-10-02T08:46:25.764+0000][45084.750s][5523][5530][info ] Application time: 1.0001048 seconds
[2025-10-02T08:46:25.764+0000][45084.750s][5523][5530][info ] Entering safepoint region: Cleanup
[2025-10-02T08:46:25.764+0000][45084.750s][5523][5530][info ] Leaving safepoint region
[2025-10-02T08:46:25.764+0000][45084.750s][5523][5530][info ] Total time for which application threads were stopped: 0.0001386 seconds, Stopping threads took: 0.0000250 seconds
[2025-10-02T08:46:26.294+0000][45085.280s][5523][5529][trace] CMS: promo attempt is safe: available(765483624) >= av_promo(4228508), max_promo(142306288)
[2025-10-02T08:46:26.764+0000][45085.750s][5523][5530][info ] Application time: 1.0001065 seconds
[2025-10-02T08:46:26.764+0000][45085.750s][5523][5530][info ] Entering safepoint region: Cleanup
[2025-10-02T08:46:26.764+0000][45085.750s][5523][5530][info ] Leaving safepoint region
[2025-10-02T08:46:26.764+0000][45085.750s][5523][5530][info ] Total time for which application threads were stopped: 0.0001353 seconds, Stopping threads took: 0.0000246 seconds
[2025-10-02T08:46:27.764+0000][45086.750s][5523][5530][info ] Application time: 1.0001033 seconds
[2025-10-02T08:46:27.764+0000][45086.750s][5523][5530][info ] Entering safepoint region: Cleanup
[2025-10-02T08:46:27.764+0000][45086.751s][5523][5530][info ] Leaving safepoint region
[2025-10-02T08:46:27.764+0000][45086.751s][5523][5530][info ] Total time for which application threads were stopped: 0.0001382 seconds, Stopping threads took: 0.0000296 seconds
[2025-10-02T08:46:28.765+0000][45087.751s][5523][5530][info ] Application time: 1.0001469 seconds
[2025-10-02T08:46:28.765+0000][45087.751s][5523][5530][info ] Entering safepoint region: Cleanup
[2025-10-02T08:46:28.765+0000][45087.751s][5523][5530][info ] Leaving safepoint region
[2025-10-02T08:46:28.765+0000][45087.751s][5523][5530][info ] Total time for which application threads were stopped: 0.0001518 seconds, Stopping threads took: 0.0000260 seconds
[2025-10-02T08:46:29.765+0000][45088.751s][5523][5530][info ] Application time: 1.0000960 seconds
[2025-10-02T08:46:29.765+0000][45088.751s][5523][5530][info ] Entering safepoint region: Cleanup
[2025-10-02T08:46:29.765+0000][45088.751s][5523][5530][info ] Leaving safepoint region
[2025-10-02T08:46:29.765+0000][45088.751s][5523][5530][info ] Total time for which application threads were stopped: 0.0001559 seconds, Stopping threads took: 0.0000256 seconds
[2025-10-02T08:46:30.765+0000][45089.751s][5523][5530][info ] Application time: 1.0001073 seconds
[2025-10-02T08:46:30.765+0000][45089.751s][5523][5530][info ] Entering safepoint region: Cleanup
[2025-10-02T08:46:30.765+0000][45089.752s][5523][5530][info ] Leaving safepoint region
[2025-10-02T08:46:30.765+0000][45089.752s][5523][5530][info ] Total time for which application threads were stopped: 0.0001360 seconds, Stopping threads took: 0.0000250 seconds
[2025-10-02T08:46:31.765+0000][45090.752s][5523][5530][info ] Application time: 1.0001015 seconds
[2025-10-02T08:46:31.766+0000][45090.752s][5523][5530][info ] Entering safepoint region: Cleanup
[2025-10-02T08:46:31.766+0000][45090.752s][5523][5530][info ] Leaving safepoint region
[2025-10-02T08:46:31.766+0000][45090.752s][5523][5530][info ] Total time for which application threads were stopped: 0.0001415 seconds, Stopping threads took: 0.0000286 seconds
[2025-10-02T08:46:32.766+0000][45091.752s][5523][5530][info ] Application time: 1.0000995 seconds
[2025-10-02T08:46:32.766+0000][45091.752s][5523][5530][info ] Entering safepoint region: Cleanup
[2025-10-02T08:46:32.766+0000][45091.752s][5523][5530][info ] Leaving safepoint region
[2025-10-02T08:46:32.766+0000][45091.752s][5523][5530][info ] Total time for which application threads were stopped: 0.0001445 seconds, Stopping threads took: 0.0000271 seconds
[2025-10-02T08:46:33.766+0000][45092.752s][5523][5530][info ] Application time: 1.0001156 seconds
[2025-10-02T08:46:33.766+0000][45092.752s][5523][5530][info ] Entering safepoint region: Cleanup
[2025-10-02T08:46:33.766+0000][45092.753s][5523][5530][info ] Leaving safepoint region
[2025-10-02T08:46:33.766+0000][45092.753s][5523][5530][info ] Total time for which application threads were stopped: 0.0001433 seconds, Stopping threads took: 0.0000284 seconds
[2025-10-02T08:46:34.766+0000][45093.753s][5523][5530][info ] Application time: 1.0001016 seconds
[2025-10-02T08:46:34.766+0000][45093.753s][5523][5530][info ] Entering safepoint region: Cleanup
[2025-10-02T08:46:34.767+0000][45093.753s][5523][5530][info ] Leaving safepoint region
[2025-10-02T08:46:34.767+0000][45093.753s][5523][5530][info ] Total time for which application threads were stopped: 0.0001542 seconds, Stopping threads took: 0.0000251 seconds
[2025-10-02T08:46:35.767+0000][45094.753s][5523][5530][info ] Application time: 1.0001176 seconds
[2025-10-02T08:46:35.767+0000][45094.753s][5523][5530][info ] Entering safepoint region: Cleanup
[2025-10-02T08:46:35.767+0000][45094.753s][5523][5530][info ] Leaving safepoint region
[2025-10-02T08:46:35.767+0000][45094.753s][5523][5530][info ] Total time for which application threads were stopped: 0.0001478 seconds, Stopping threads took: 0.0000292 seconds
[2025-10-02T08:46:36.293+0000][45095.279s][5523][5529][trace] CMS: promo attempt is safe: available(765483624) >= av_promo(4228508), max_promo(143095728)
[2025-10-02T08:46:36.767+0000][45095.754s][5523][5530][info ] Application time: 1.0003988 seconds
[2025-10-02T08:46:36.767+0000][45095.754s][5523][5530][info ] Entering safepoint region: Cleanup
[2025-10-02T08:46:36.768+0000][45095.754s][5523][5530][info ] Leaving safepoint region
[2025-10-02T08:46:36.768+0000][45095.754s][5523][5530][info ] Total time for which application threads were stopped: 0.0001658 seconds, Stopping threads took: 0.0000252 seconds
[2025-10-02T08:46:37.768+0000][45096.754s][5523][5530][info ] Application time: 1.0001202 seconds
[2025-10-02T08:46:37.768+0000][45096.754s][5523][5530][info ] Entering safepoint region: Cleanup
[2025-10-02T08:46:37.768+0000][45096.754s][5523][5530][info ] Leaving safepoint region
[2025-10-02T08:46:37.768+0000][45096.754s][5523][5530][info ] Total time for which application threads were stopped: 0.0001493 seconds, Stopping threads took: 0.0000283 seconds
[2025-10-02T08:46:38.768+0000][45097.754s][5523][5530][info ] Application time: 1.0001046 seconds
[2025-10-02T08:46:38.768+0000][45097.754s][5523][5530][info ] Entering safepoint region: Cleanup
[2025-10-02T08:46:38.768+0000][45097.754s][5523][5530][info ] Leaving safepoint region
[2025-10-02T08:46:38.768+0000][45097.754s][5523][5530][info ] Total time for which application threads were stopped: 0.0001468 seconds, Stopping threads took: 0.0000340 seconds
[2025-10-02T08:46:39.768+0000][45098.755s][5523][5530][info ] Application time: 1.0001123 seconds
[2025-10-02T08:46:39.768+0000][45098.755s][5523][5530][info ] Entering safepoint region: Cleanup
[2025-10-02T08:46:39.769+0000][45098.755s][5523][5530][info ] Leaving safepoint region
[2025-10-02T08:46:39.769+0000][45098.755s][5523][5530][info ] Total time for which application threads were stopped: 0.0001577 seconds, Stopping threads took: 0.0000285 seconds
[2025-10-02T08:46:40.769+0000][45099.755s][5523][5530][info ] Application time: 1.0001148 seconds
[2025-10-02T08:46:40.769+0000][45099.755s][5523][5530][info ] Entering safepoint region: Cleanup
[2025-10-02T08:46:40.769+0000][45099.755s][5523][5530][info ] Leaving safepoint region
[2025-10-02T08:46:40.769+0000][45099.755s][5523][5530][info ] Total time for which application threads were stopped: 0.0001413 seconds, Stopping threads took: 0.0000277 seconds
[2025-10-02T08:46:41.769+0000][45100.755s][5523][5530][info ] Application time: 1.0001168 seconds
[2025-10-02T08:46:41.769+0000][45100.755s][5523][5530][info ] Entering safepoint region: Cleanup
[2025-10-02T08:46:41.769+0000][45100.755s][5523][5530][info ] Leaving safepoint region
[2025-10-02T08:46:41.769+0000][45100.755s][5523][5530][info ] Total time for which application threads were stopped: 0.0001631 seconds, Stopping threads took: 0.0000510 seconds
[2025-10-02T08:46:42.769+0000][45101.756s][5523][5530][info ] Application time: 1.0001099 seconds
[2025-10-02T08:46:42.769+0000][45101.756s][5523][5530][info ] Entering safepoint region: Cleanup
[2025-10-02T08:46:42.769+0000][45101.756s][5523][5530][info ] Leaving safepoint region
[2025-10-02T08:46:42.769+0000][45101.756s][5523][5530][info ] Total time for which application threads were stopped: 0.0001405 seconds, Stopping threads took: 0.0000279 seconds
[2025-10-02T08:46:43.770+0000][45102.756s][5523][5530][info ] Application time: 1.0001290 seconds
[2025-10-02T08:46:43.770+0000][45102.756s][5523][5530][info ] Entering safepoint region: Cleanup
[2025-10-02T08:46:43.770+0000][45102.756s][5523][5530][info ] Leaving safepoint region
[2025-10-02T08:46:43.770+0000][45102.756s][5523][5530][info ] Total time for which application threads were stopped: 0.0001571 seconds, Stopping threads took: 0.0000302 seconds
[2025-10-02T08:46:44.770+0000][45103.756s][5523][5530][info ] Application time: 1.0000898 seconds
[2025-10-02T08:46:44.770+0000][45103.756s][5523][5530][info ] Entering safepoint region: Cleanup
[2025-10-02T08:46:44.770+0000][45103.756s][5523][5530][info ] Leaving safepoint region
[2025-10-02T08:46:44.770+0000][45103.756s][5523][5530][info ] Total time for which application threads were stopped: 0.0001697 seconds, Stopping threads took: 0.0000530 seconds
[2025-10-02T08:46:45.770+0000][45104.756s][5523][5530][info ] Application time: 1.0001053 seconds
[2025-10-02T08:46:45.770+0000][45104.757s][5523][5530][info ] Entering safepoint region: Cleanup
[2025-10-02T08:46:45.770+0000][45104.757s][5523][5530][info ] Leaving safepoint region
[2025-10-02T08:46:45.770+0000][45104.757s][5523][5530][info ] Total time for which application threads were stopped: 0.0001373 seconds, Stopping threads took: 0.0000278 seconds
[2025-10-02T08:46:46.293+0000][45105.279s][5523][5529][trace] CMS: promo attempt is safe: available(765483624) >= av_promo(4228508), max_promo(144274640)
[2025-10-02T08:46:46.771+0000][45105.757s][5523][5530][info ] Application time: 1.0000965 seconds
[2025-10-02T08:46:46.771+0000][45105.757s][5523][5530][info ] Entering safepoint region: Cleanup
[2025-10-02T08:46:46.771+0000][45105.757s][5523][5530][info ] Leaving safepoint region
[2025-10-02T08:46:46.771+0000][45105.757s][5523][5530][info ] Total time for which application threads were stopped: 0.0001360 seconds, Stopping threads took: 0.0000275 seconds
[2025-10-02T08:46:47.771+0000][45106.757s][5523][5530][info ] Application time: 1.0001129 seconds
[2025-10-02T08:46:47.771+0000][45106.757s][5523][5530][info ] Entering safepoint region: Cleanup
[2025-10-02T08:46:47.771+0000][45106.757s][5523][5530][info ] Leaving safepoint region
[2025-10-02T08:46:47.771+0000][45106.757s][5523][5530][info ] Total time for which application threads were stopped: 0.0001564 seconds, Stopping threads took: 0.0000271 seconds
[2025-10-02T08:46:48.771+0000][45107.757s][5523][5530][info ] Application time: 1.0001045 seconds
[2025-10-02T08:46:48.771+0000][45107.757s][5523][5530][info ] Entering safepoint region: Cleanup
[2025-10-02T08:46:48.771+0000][45107.758s][5523][5530][info ] Leaving safepoint region
[2025-10-02T08:46:48.771+0000][45107.758s][5523][5530][info ] Total time for which application threads were stopped: 0.0001563 seconds, Stopping threads took: 0.0000290 seconds
[2025-10-02T08:46:49.771+0000][45108.758s][5523][5530][info ] Application time: 1.0000991 seconds
[2025-10-02T08:46:49.772+0000][45108.758s][5523][5530][info ] Entering safepoint region: Cleanup
[2025-10-02T08:46:49.772+0000][45108.758s][5523][5530][info ] Leaving safepoint region
[2025-10-02T08:46:49.772+0000][45108.758s][5523][5530][info ] Total time for which application threads were stopped: 0.0001395 seconds, Stopping threads took: 0.0000282 seconds
[2025-10-02T08:46:50.772+0000][45109.758s][5523][5530][info ] Application time: 1.0001401 seconds
[2025-10-02T08:46:50.772+0000][45109.758s][5523][5530][info ] Entering safepoint region: Cleanup
[2025-10-02T08:46:50.772+0000][45109.758s][5523][5530][info ] Leaving safepoint region
[2025-10-02T08:46:50.772+0000][45109.758s][5523][5530][info ] Total time for which application threads were stopped: 0.0001404 seconds, Stopping threads took: 0.0000279 seconds
[2025-10-02T08:46:51.772+0000][45110.758s][5523][5530][info ] Application time: 1.0000795 seconds
[2025-10-02T08:46:51.772+0000][45110.758s][5523][5530][info ] Entering safepoint region: Cleanup
[2025-10-02T08:46:51.772+0000][45110.759s][5523][5530][info ] Leaving safepoint region
[2025-10-02T08:46:51.772+0000][45110.759s][5523][5530][info ] Total time for which application threads were stopped: 0.0001354 seconds, Stopping threads took: 0.0000258 seconds
[2025-10-02T08:46:52.772+0000][45111.759s][5523][5530][info ] Application time: 1.0001069 seconds
[2025-10-02T08:46:52.773+0000][45111.759s][5523][5530][info ] Entering safepoint region: Cleanup
[2025-10-02T08:46:52.773+0000][45111.759s][5523][5530][info ] Leaving safepoint region
[2025-10-02T08:46:52.773+0000][45111.759s][5523][5530][info ] Total time for which application threads were stopped: 0.0001650 seconds, Stopping threads took: 0.0000479 seconds
[2025-10-02T08:46:53.773+0000][45112.759s][5523][5530][info ] Application time: 1.0000950 seconds
[2025-10-02T08:46:53.773+0000][45112.759s][5523][5530][info ] Entering safepoint region: Cleanup
[2025-10-02T08:46:53.773+0000][45112.759s][5523][5530][info ] Leaving safepoint region
[2025-10-02T08:46:53.773+0000][45112.759s][5523][5530][info ] Total time for which application threads were stopped: 0.0001464 seconds, Stopping threads took: 0.0000287 seconds
[2025-10-02T08:46:54.773+0000][45113.759s][5523][5530][info ] Application time: 1.0001022 seconds
[2025-10-02T08:46:54.773+0000][45113.759s][5523][5530][info ] Entering safepoint region: Cleanup
[2025-10-02T08:46:54.773+0000][45113.759s][5523][5530][info ] Leaving safepoint region
[2025-10-02T08:46:54.773+0000][45113.759s][5523][5530][info ] Total time for which application threads were stopped: 0.0001408 seconds, Stopping threads took: 0.0000284 seconds
[2025-10-02T08:46:55.773+0000][45114.760s][5523][5530][info ] Application time: 1.0001001 seconds
[2025-10-02T08:46:55.773+0000][45114.760s][5523][5530][info ] Entering safepoint region: Cleanup
[2025-10-02T08:46:55.774+0000][45114.760s][5523][5530][info ] Leaving safepoint region
[2025-10-02T08:46:55.774+0000][45114.760s][5523][5530][info ] Total time for which application threads were stopped: 0.0001585 seconds, Stopping threads took: 0.0000255 seconds
[2025-10-02T08:46:56.293+0000][45115.279s][5523][5529][trace] CMS: promo attempt is safe: available(765483624) >= av_promo(4228508), max_promo(144274640)
[2025-10-02T08:46:56.774+0000][45115.760s][5523][5530][info ] Application time: 1.0000948 seconds
[2025-10-02T08:46:56.774+0000][45115.760s][5523][5530][info ] Entering safepoint region: Cleanup
[2025-10-02T08:46:56.774+0000][45115.760s][5523][5530][info ] Leaving safepoint region
[2025-10-02T08:46:56.774+0000][45115.760s][5523][5530][info ] Total time for which application threads were stopped: 0.0001420 seconds, Stopping threads took: 0.0000277 seconds
[2025-10-02T08:46:57.774+0000][45116.760s][5523][5530][info ] Application time: 1.0001094 seconds
[2025-10-02T08:46:57.774+0000][45116.760s][5523][5530][info ] Entering safepoint region: Cleanup
[2025-10-02T08:46:57.774+0000][45116.760s][5523][5530][info ] Leaving safepoint region
[2025-10-02T08:46:57.774+0000][45116.760s][5523][5530][info ] Total time for which application threads were stopped: 0.0001377 seconds, Stopping threads took: 0.0000270 seconds
[2025-10-02T08:46:58.774+0000][45117.761s][5523][5530][info ] Application time: 1.0000980 seconds
[2025-10-02T08:46:58.774+0000][45117.761s][5523][5530][info ] Entering safepoint region: Cleanup
[2025-10-02T08:46:58.774+0000][45117.761s][5523][5530][info ] Leaving safepoint region
[2025-10-02T08:46:58.774+0000][45117.761s][5523][5530][info ] Total time for which application threads were stopped: 0.0001393 seconds, Stopping threads took: 0.0000264 seconds
[2025-10-02T08:46:59.775+0000][45118.761s][5523][5530][info ] Application time: 1.0000908 seconds
[2025-10-02T08:46:59.775+0000][45118.761s][5523][5530][info ] Entering safepoint region: Cleanup
[2025-10-02T08:46:59.775+0000][45118.761s][5523][5530][info ] Leaving safepoint region
[2025-10-02T08:46:59.775+0000][45118.761s][5523][5530][info ] Total time for which application threads were stopped: 0.0001357 seconds, Stopping threads took: 0.0000267 seconds
[2025-10-02T08:47:00.775+0000][45119.761s][5523][5530][info ] Application time: 1.0001059 seconds
[2025-10-02T08:47:00.775+0000][45119.761s][5523][5530][info ] Entering safepoint region: Cleanup
[2025-10-02T08:47:00.775+0000][45119.761s][5523][5530][info ] Leaving safepoint region
[2025-10-02T08:47:00.775+0000][45119.761s][5523][5530][info ] Total time for which application threads were stopped: 0.0002167 seconds, Stopping threads took: 0.0000275 seconds
[2025-10-02T08:47:01.775+0000][45120.761s][5523][5530][info ] Application time: 1.0000965 seconds
[2025-10-02T08:47:01.775+0000][45120.762s][5523][5530][info ] Entering safepoint region: Cleanup
[2025-10-02T08:47:01.775+0000][45120.762s][5523][5530][info ] Leaving safepoint region
[2025-10-02T08:47:01.775+0000][45120.762s][5523][5530][info ] Total time for which application threads were stopped: 0.0001646 seconds, Stopping threads took: 0.0000546 seconds
[2025-10-02T08:47:02.776+0000][45121.762s][5523][5530][info ] Application time: 1.0001047 seconds
[2025-10-02T08:47:02.776+0000][45121.762s][5523][5530][info ] Entering safepoint region: Cleanup
[2025-10-02T08:47:02.776+0000][45121.762s][5523][5530][info ] Leaving safepoint region
[2025-10-02T08:47:02.776+0000][45121.762s][5523][5530][info ] Total time for which application threads were stopped: 0.0001402 seconds, Stopping threads took: 0.0000317 seconds
[2025-10-02T08:47:03.776+0000][45122.762s][5523][5530][info ] Application time: 1.0001028 seconds
[2025-10-02T08:47:03.776+0000][45122.762s][5523][5530][info ] Entering safepoint region: Cleanup
[2025-10-02T08:47:03.776+0000][45122.762s][5523][5530][info ] Leaving safepoint region
[2025-10-02T08:47:03.776+0000][45122.762s][5523][5530][info ] Total time for which application threads were stopped: 0.0001528 seconds, Stopping threads took: 0.0000257 seconds
[2025-10-02T08:47:04.776+0000][45123.762s][5523][5530][info ] Application time: 1.0000949 seconds
[2025-10-02T08:47:04.776+0000][45123.762s][5523][5530][info ] Entering safepoint region: Cleanup
[2025-10-02T08:47:04.776+0000][45123.763s][5523][5530][info ] Leaving safepoint region
[2025-10-02T08:47:04.776+0000][45123.763s][5523][5530][info ] Total time for which application threads were stopped: 0.0001349 seconds, Stopping threads took: 0.0000247 seconds
[2025-10-02T08:47:05.776+0000][45124.763s][5523][5530][info ] Application time: 1.0001078 seconds
[2025-10-02T08:47:05.777+0000][45124.763s][5523][5530][info ] Entering safepoint region: Cleanup
[2025-10-02T08:47:05.777+0000][45124.763s][5523][5530][info ] Leaving safepoint region
[2025-10-02T08:47:05.777+0000][45124.763s][5523][5530][info ] Total time for which application threads were stopped: 0.0001376 seconds, Stopping threads took: 0.0000264 seconds
[2025-10-02T08:47:06.293+0000][45125.279s][5523][5529][trace] CMS: promo attempt is safe: available(765483624) >= av_promo(4228508), max_promo(144461560)
[2025-10-02T08:47:06.777+0000][45125.763s][5523][5530][info ] Application time: 1.0000985 seconds
[2025-10-02T08:47:06.777+0000][45125.763s][5523][5530][info ] Entering safepoint region: Cleanup
[2025-10-02T08:47:06.777+0000][45125.763s][5523][5530][info ] Leaving safepoint region
[2025-10-02T08:47:06.777+0000][45125.763s][5523][5530][info ] Total time for which application threads were stopped: 0.0001512 seconds, Stopping threads took: 0.0000346 seconds
[2025-10-02T08:47:07.777+0000][45126.763s][5523][5530][info ] Application time: 1.0001066 seconds
[2025-10-02T08:47:07.777+0000][45126.763s][5523][5530][info ] Entering safepoint region: Cleanup
[2025-10-02T08:47:07.777+0000][45126.764s][5523][5530][info ] Leaving safepoint region
[2025-10-02T08:47:07.777+0000][45126.764s][5523][5530][info ] Total time for which application threads were stopped: 0.0001413 seconds, Stopping threads took: 0.0000263 seconds
[2025-10-02T08:47:08.777+0000][45127.764s][5523][5530][info ] Application time: 1.0000847 seconds
[2025-10-02T08:47:08.777+0000][45127.764s][5523][5530][info ] Entering safepoint region: Cleanup
[2025-10-02T08:47:08.779+0000][45127.765s][5523][5530][info ] Leaving safepoint region
[2025-10-02T08:47:08.779+0000][45127.765s][5523][5530][info ] Total time for which application threads were stopped: 0.0012143 seconds, Stopping threads took: 0.0010736 seconds
[2025-10-02T08:47:09.779+0000][45128.765s][5523][5530][info ] Application time: 1.0000931 seconds
[2025-10-02T08:47:09.779+0000][45128.765s][5523][5530][info ] Entering safepoint region: Cleanup
[2025-10-02T08:47:09.779+0000][45128.765s][5523][5530][info ] Leaving safepoint region
[2025-10-02T08:47:09.779+0000][45128.765s][5523][5530][info ] Total time for which application threads were stopped: 0.0001375 seconds, Stopping threads took: 0.0000275 seconds
[2025-10-02T08:47:10.779+0000][45129.765s][5523][5530][info ] Application time: 1.0002135 seconds
[2025-10-02T08:47:10.779+0000][45129.765s][5523][5530][info ] Entering safepoint region: Cleanup
[2025-10-02T08:47:10.779+0000][45129.766s][5523][5530][info ] Leaving safepoint region
[2025-10-02T08:47:10.779+0000][45129.766s][5523][5530][info ] Total time for which application threads were stopped: 0.0001387 seconds, Stopping threads took: 0.0000270 seconds
[2025-10-02T08:47:11.779+0000][45130.766s][5523][5530][info ] Application time: 1.0001022 seconds
[2025-10-02T08:47:11.780+0000][45130.766s][5523][5530][info ] Entering safepoint region: Cleanup
[2025-10-02T08:47:11.780+0000][45130.766s][5523][5530][info ] Leaving safepoint region
[2025-10-02T08:47:11.780+0000][45130.766s][5523][5530][info ] Total time for which application threads were stopped: 0.0001769 seconds, Stopping threads took: 0.0000650 seconds
[2025-10-02T08:47:12.780+0000][45131.766s][5523][5530][info ] Application time: 1.0000992 seconds
[2025-10-02T08:47:12.780+0000][45131.766s][5523][5530][info ] Entering safepoint region: Cleanup
[2025-10-02T08:47:12.780+0000][45131.766s][5523][5530][info ] Leaving safepoint region
[2025-10-02T08:47:12.780+0000][45131.766s][5523][5530][info ] Total time for which application threads were stopped: 0.0001352 seconds, Stopping threads took: 0.0000256 seconds
[2025-10-02T08:47:13.780+0000][45132.766s][5523][5530][info ] Application time: 1.0001015 seconds
[2025-10-02T08:47:13.780+0000][45132.766s][5523][5530][info ] Entering safepoint region: Cleanup
[2025-10-02T08:47:13.780+0000][45132.767s][5523][5530][info ] Leaving safepoint region
[2025-10-02T08:47:13.780+0000][45132.767s][5523][5530][info ] Total time for which application threads were stopped: 0.0001365 seconds, Stopping threads took: 0.0000280 seconds
[2025-10-02T08:47:14.780+0000][45133.767s][5523][5530][info ] Application time: 1.0000931 seconds
[2025-10-02T08:47:14.780+0000][45133.767s][5523][5530][info ] Entering safepoint region: Cleanup
[2025-10-02T08:47:14.781+0000][45133.767s][5523][5530][info ] Leaving safepoint region
[2025-10-02T08:47:14.781+0000][45133.767s][5523][5530][info ] Total time for which application threads were stopped: 0.0001689 seconds, Stopping threads took: 0.0000273 seconds
[2025-10-02T08:47:15.781+0000][45134.767s][5523][5530][info ] Application time: 1.0000762 seconds
[2025-10-02T08:47:15.781+0000][45134.767s][5523][5530][info ] Entering safepoint region: Cleanup
[2025-10-02T08:47:15.781+0000][45134.767s][5523][5530][info ] Leaving safepoint region
[2025-10-02T08:47:15.781+0000][45134.767s][5523][5530][info ] Total time for which application threads were stopped: 0.0001321 seconds, Stopping threads took: 0.0000266 seconds
[2025-10-02T08:47:16.292+0000][45135.278s][5523][5529][trace] CMS: promo attempt is safe: available(765483624) >= av_promo(4228508), max_promo(145331696)
[2025-10-02T08:47:16.781+0000][45135.767s][5523][5530][info ] Application time: 1.0000842 seconds
[2025-10-02T08:47:16.781+0000][45135.767s][5523][5530][info ] Entering safepoint region: Cleanup
[2025-10-02T08:47:16.781+0000][45135.767s][5523][5530][info ] Leaving safepoint region
[2025-10-02T08:47:16.781+0000][45135.767s][5523][5530][info ] Total time for which application threads were stopped: 0.0001361 seconds, Stopping threads took: 0.0000273 seconds
[2025-10-02T08:47:17.781+0000][45136.767s][5523][5530][info ] Application time: 1.0000812 seconds
[2025-10-02T08:47:17.781+0000][45136.768s][5523][5530][info ] Entering safepoint region: Cleanup
[2025-10-02T08:47:17.781+0000][45136.768s][5523][5530][info ] Leaving safepoint region
[2025-10-02T08:47:17.781+0000][45136.768s][5523][5530][info ] Total time for which application threads were stopped: 0.0001300 seconds, Stopping threads took: 0.0000261 seconds
[2025-10-02T08:47:18.782+0000][45137.768s][5523][5530][info ] Application time: 1.0001161 seconds
[2025-10-02T08:47:18.782+0000][45137.768s][5523][5530][info ] Entering safepoint region: Cleanup
[2025-10-02T08:47:18.782+0000][45137.768s][5523][5530][info ] Leaving safepoint region
[2025-10-02T08:47:18.782+0000][45137.768s][5523][5530][info ] Total time for which application threads were stopped: 0.0001515 seconds, Stopping threads took: 0.0000246 seconds
[2025-10-02T08:47:19.782+0000][45138.768s][5523][5530][info ] Application time: 1.0000999 seconds
[2025-10-02T08:47:19.782+0000][45138.768s][5523][5530][info ] Entering safepoint region: Cleanup
[2025-10-02T08:47:19.782+0000][45138.768s][5523][5530][info ] Leaving safepoint region
[2025-10-02T08:47:19.782+0000][45138.768s][5523][5530][info ] Total time for which application threads were stopped: 0.0001447 seconds, Stopping threads took: 0.0000328 seconds
[2025-10-02T08:47:20.782+0000][45139.768s][5523][5530][info ] Application time: 1.0001066 seconds
[2025-10-02T08:47:20.782+0000][45139.768s][5523][5530][info ] Entering safepoint region: Cleanup
[2025-10-02T08:47:20.782+0000][45139.769s][5523][5530][info ] Leaving safepoint region
[2025-10-02T08:47:20.782+0000][45139.769s][5523][5530][info ] Total time for which application threads were stopped: 0.0001374 seconds, Stopping threads took: 0.0000272 seconds
[2025-10-02T08:47:21.782+0000][45140.769s][5523][5530][info ] Application time: 1.0001096 seconds
[2025-10-02T08:47:21.783+0000][45140.769s][5523][5530][info ] Entering safepoint region: Cleanup
[2025-10-02T08:47:21.783+0000][45140.769s][5523][5530][info ] Leaving safepoint region
[2025-10-02T08:47:21.783+0000][45140.769s][5523][5530][info ] Total time for which application threads were stopped: 0.0001354 seconds, Stopping threads took: 0.0000271 seconds
[2025-10-02T08:47:22.783+0000][45141.769s][5523][5530][info ] Application time: 1.0000971 seconds
[2025-10-02T08:47:22.783+0000][45141.769s][5523][5530][info ] Entering safepoint region: Cleanup
[2025-10-02T08:47:22.783+0000][45141.769s][5523][5530][info ] Leaving safepoint region
[2025-10-02T08:47:22.783+0000][45141.769s][5523][5530][info ] Total time for which application threads were stopped: 0.0001429 seconds, Stopping threads took: 0.0000305 seconds
[2025-10-02T08:47:23.783+0000][45142.769s][5523][5530][info ] Application time: 1.0001602 seconds
[2025-10-02T08:47:23.783+0000][45142.769s][5523][5530][info ] Entering safepoint region: Cleanup
[2025-10-02T08:47:23.783+0000][45142.770s][5523][5530][info ] Leaving safepoint region
[2025-10-02T08:47:23.783+0000][45142.770s][5523][5530][info ] Total time for which application threads were stopped: 0.0001310 seconds, Stopping threads took: 0.0000248 seconds
[2025-10-02T08:47:24.783+0000][45143.770s][5523][5530][info ] Application time: 1.0001085 seconds
[2025-10-02T08:47:24.783+0000][45143.770s][5523][5530][info ] Entering safepoint region: Cleanup
[2025-10-02T08:47:24.784+0000][45143.770s][5523][5530][info ] Leaving safepoint region
[2025-10-02T08:47:24.784+0000][45143.770s][5523][5530][info ] Total time for which application threads were stopped: 0.0001658 seconds, Stopping threads took: 0.0000252 seconds
[2025-10-02T08:47:25.784+0000][45144.770s][5523][5530][info ] Application time: 1.0001059 seconds
[2025-10-02T08:47:25.784+0000][45144.770s][5523][5530][info ] Entering safepoint region: Cleanup
[2025-10-02T08:47:25.784+0000][45144.770s][5523][5530][info ] Leaving safepoint region
[2025-10-02T08:47:25.784+0000][45144.770s][5523][5530][info ] Total time for which application threads were stopped: 0.0001359 seconds, Stopping threads took: 0.0000266 seconds
[2025-10-02T08:47:26.292+0000][45145.278s][5523][5529][trace] CMS: promo attempt is safe: available(765483624) >= av_promo(4228508), max_promo(145470816)
[2025-10-02T08:47:26.784+0000][45145.770s][5523][5530][info ] Application time: 1.0001023 seconds
[2025-10-02T08:47:26.784+0000][45145.770s][5523][5530][info ] Entering safepoint region: Cleanup
[2025-10-02T08:47:26.784+0000][45145.770s][5523][5530][info ] Leaving safepoint region
[2025-10-02T08:47:26.784+0000][45145.770s][5523][5530][info ] Total time for which application threads were stopped: 0.0001507 seconds, Stopping threads took: 0.0000278 seconds
[2025-10-02T08:47:27.784+0000][45146.771s][5523][5530][info ] Application time: 1.0001054 seconds
[2025-10-02T08:47:27.784+0000][45146.771s][5523][5530][info ] Entering safepoint region: Cleanup
[2025-10-02T08:47:27.785+0000][45146.771s][5523][5530][info ] Leaving safepoint region
[2025-10-02T08:47:27.785+0000][45146.771s][5523][5530][info ] Total time for which application threads were stopped: 0.0001578 seconds, Stopping threads took: 0.0000262 seconds
[2025-10-02T08:47:28.785+0000][45147.771s][5523][5530][info ] Application time: 1.0000737 seconds
[2025-10-02T08:47:28.785+0000][45147.771s][5523][5530][info ] Entering safepoint region: Cleanup
[2025-10-02T08:47:28.785+0000][45147.771s][5523][5530][info ] Leaving safepoint region
[2025-10-02T08:47:28.785+0000][45147.771s][5523][5530][info ] Total time for which application threads were stopped: 0.0001374 seconds, Stopping threads took: 0.0000263 seconds
[2025-10-02T08:47:29.785+0000][45148.771s][5523][5530][info ] Application time: 1.0001008 seconds
[2025-10-02T08:47:29.785+0000][45148.771s][5523][5530][info ] Entering safepoint region: Cleanup
[2025-10-02T08:47:29.785+0000][45148.771s][5523][5530][info ] Leaving safepoint region
[2025-10-02T08:47:29.785+0000][45148.771s][5523][5530][info ] Total time for which application threads were stopped: 0.0001349 seconds, Stopping threads took: 0.0000256 seconds
[2025-10-02T08:47:30.785+0000][45149.771s][5523][5530][info ] Application time: 1.0001107 seconds
[2025-10-02T08:47:30.785+0000][45149.772s][5523][5530][info ] Entering safepoint region: Cleanup
[2025-10-02T08:47:30.785+0000][45149.772s][5523][5530][info ] Leaving safepoint region
[2025-10-02T08:47:30.785+0000][45149.772s][5523][5530][info ] Total time for which application threads were stopped: 0.0001343 seconds, Stopping threads took: 0.0000250 seconds
[2025-10-02T08:47:31.786+0000][45150.772s][5523][5530][info ] Application time: 1.0001029 seconds
[2025-10-02T08:47:31.786+0000][45150.772s][5523][5530][info ] Entering safepoint region: Cleanup
[2025-10-02T08:47:31.786+0000][45150.772s][5523][5530][info ] Leaving safepoint region
[2025-10-02T08:47:31.786+0000][45150.772s][5523][5530][info ] Total time for which application threads were stopped: 0.0001304 seconds, Stopping threads took: 0.0000255 seconds
[2025-10-02T08:47:32.786+0000][45151.772s][5523][5530][info ] Application time: 1.0000986 seconds
[2025-10-02T08:47:32.786+0000][45151.772s][5523][5530][info ] Entering safepoint region: Cleanup
[2025-10-02T08:47:32.786+0000][45151.772s][5523][5530][info ] Leaving safepoint region
[2025-10-02T08:47:32.786+0000][45151.772s][5523][5530][info ] Total time for which application threads were stopped: 0.0001366 seconds, Stopping threads took: 0.0000275 seconds
[2025-10-02T08:47:33.786+0000][45152.772s][5523][5530][info ] Application time: 1.0000949 seconds
[2025-10-02T08:47:33.786+0000][45152.772s][5523][5530][info ] Entering safepoint region: Cleanup
[2025-10-02T08:47:33.786+0000][45152.773s][5523][5530][info ] Leaving safepoint region
[2025-10-02T08:47:33.786+0000][45152.773s][5523][5530][info ] Total time for which application threads were stopped: 0.0001466 seconds, Stopping threads took: 0.0000293 seconds
[2025-10-02T08:47:34.786+0000][45153.773s][5523][5530][info ] Application time: 1.0000993 seconds
[2025-10-02T08:47:34.786+0000][45153.773s][5523][5530][info ] Entering safepoint region: Cleanup
[2025-10-02T08:47:34.787+0000][45153.773s][5523][5530][info ] Leaving safepoint region
[2025-10-02T08:47:34.787+0000][45153.773s][5523][5530][info ] Total time for which application threads were stopped: 0.0001600 seconds, Stopping threads took: 0.0000255 seconds
[2025-10-02T08:47:35.787+0000][45154.773s][5523][5530][info ] Application time: 1.0000787 seconds
[2025-10-02T08:47:35.787+0000][45154.773s][5523][5530][info ] Entering safepoint region: Cleanup
[2025-10-02T08:47:35.787+0000][45154.773s][5523][5530][info ] Leaving safepoint region
[2025-10-02T08:47:35.787+0000][45154.773s][5523][5530][info ] Total time for which application threads were stopped: 0.0001544 seconds, Stopping threads took: 0.0000275 seconds
[2025-10-02T08:47:36.292+0000][45155.278s][5523][5529][trace] CMS: promo attempt is safe: available(765483624) >= av_promo(4228508), max_promo(145470816)
[2025-10-02T08:47:36.787+0000][45155.773s][5523][5530][info ] Application time: 1.0001228 seconds
[2025-10-02T08:47:36.787+0000][45155.773s][5523][5530][info ] Entering safepoint region: Cleanup
[2025-10-02T08:47:36.787+0000][45155.773s][5523][5530][info ] Leaving safepoint region
[2025-10-02T08:47:36.787+0000][45155.773s][5523][5530][info ] Total time for which application threads were stopped: 0.0001384 seconds, Stopping threads took: 0.0000287 seconds
[2025-10-02T08:47:37.787+0000][45156.774s][5523][5530][info ] Application time: 1.0000919 seconds
[2025-10-02T08:47:37.787+0000][45156.774s][5523][5530][info ] Entering safepoint region: Cleanup
[2025-10-02T08:47:37.788+0000][45156.774s][5523][5530][info ] Leaving safepoint region
[2025-10-02T08:47:37.788+0000][45156.774s][5523][5530][info ] Total time for which application threads were stopped: 0.0001696 seconds, Stopping threads took: 0.0000301 seconds
[2025-10-02T08:47:38.788+0000][45157.774s][5523][5530][info ] Application time: 1.0000765 seconds
[2025-10-02T08:47:38.788+0000][45157.774s][5523][5530][info ] Entering safepoint region: Cleanup
[2025-10-02T08:47:38.788+0000][45157.774s][5523][5530][info ] Leaving safepoint region
[2025-10-02T08:47:38.788+0000][45157.774s][5523][5530][info ] Total time for which application threads were stopped: 0.0001325 seconds, Stopping threads took: 0.0000262 seconds
[2025-10-02T08:47:39.788+0000][45158.774s][5523][5530][info ] Application time: 1.0000786 seconds
[2025-10-02T08:47:39.788+0000][45158.774s][5523][5530][info ] Entering safepoint region: Cleanup
[2025-10-02T08:47:39.788+0000][45158.774s][5523][5530][info ] Leaving safepoint region
[2025-10-02T08:47:39.788+0000][45158.774s][5523][5530][info ] Total time for which application threads were stopped: 0.0001442 seconds, Stopping threads took: 0.0000351 seconds
[2025-10-02T08:47:40.788+0000][45159.774s][5523][5530][info ] Application time: 1.0001014 seconds
[2025-10-02T08:47:40.788+0000][45159.775s][5523][5530][info ] Entering safepoint region: Cleanup
[2025-10-02T08:47:40.788+0000][45159.775s][5523][5530][info ] Leaving safepoint region
[2025-10-02T08:47:40.788+0000][45159.775s][5523][5530][info ] Total time for which application threads were stopped: 0.0001400 seconds, Stopping threads took: 0.0000298 seconds
[2025-10-02T08:47:41.788+0000][45160.775s][5523][5530][info ] Application time: 1.0000802 seconds
[2025-10-02T08:47:41.789+0000][45160.775s][5523][5530][info ] Entering safepoint region: Cleanup
[2025-10-02T08:47:41.789+0000][45160.775s][5523][5530][info ] Leaving safepoint region
[2025-10-02T08:47:41.789+0000][45160.775s][5523][5530][info ] Total time for which application threads were stopped: 0.0001356 seconds, Stopping threads took: 0.0000277 seconds
[2025-10-02T08:47:42.789+0000][45161.775s][5523][5530][info ] Application time: 1.0000960 seconds
[2025-10-02T08:47:42.789+0000][45161.775s][5523][5530][info ] Entering safepoint region: Cleanup
[2025-10-02T08:47:42.789+0000][45161.775s][5523][5530][info ] Leaving safepoint region
[2025-10-02T08:47:42.789+0000][45161.775s][5523][5530][info ] Total time for which application threads were stopped: 0.0001405 seconds, Stopping threads took: 0.0000257 seconds
[2025-10-02T08:47:43.789+0000][45162.775s][5523][5530][info ] Application time: 1.0000872 seconds
[2025-10-02T08:47:43.789+0000][45162.775s][5523][5530][info ] Entering safepoint region: Cleanup
[2025-10-02T08:47:43.789+0000][45162.775s][5523][5530][info ] Leaving safepoint region
[2025-10-02T08:47:43.789+0000][45162.776s][5523][5530][info ] Total time for which application threads were stopped: 0.0001548 seconds, Stopping threads took: 0.0000266 seconds
[2025-10-02T08:47:44.789+0000][45163.776s][5523][5530][info ] Application time: 1.0001066 seconds
[2025-10-02T08:47:44.789+0000][45163.776s][5523][5530][info ] Entering safepoint region: Cleanup
[2025-10-02T08:47:44.790+0000][45163.776s][5523][5530][info ] Leaving safepoint region
[2025-10-02T08:47:44.790+0000][45163.776s][5523][5530][info ] Total time for which application threads were stopped: 0.0001625 seconds, Stopping threads took: 0.0000281 seconds
[2025-10-02T08:47:45.790+0000][45164.776s][5523][5530][info ] Application time: 1.0000995 seconds
[2025-10-02T08:47:45.790+0000][45164.776s][5523][5530][info ] Entering safepoint region: Cleanup
[2025-10-02T08:47:45.790+0000][45164.776s][5523][5530][info ] Leaving safepoint region
[2025-10-02T08:47:45.790+0000][45164.776s][5523][5530][info ] Total time for which application threads were stopped: 0.0001472 seconds, Stopping threads took: 0.0000241 seconds
[2025-10-02T08:47:46.292+0000][45165.278s][5523][5529][trace] CMS: promo attempt is safe: available(765483624) >= av_promo(4228508), max_promo(146682400)
[2025-10-02T08:47:46.790+0000][45165.776s][5523][5530][info ] Application time: 1.0001075 seconds
[2025-10-02T08:47:46.790+0000][45165.776s][5523][5530][info ] Entering safepoint region: Cleanup
[2025-10-02T08:47:46.790+0000][45165.776s][5523][5530][info ] Leaving safepoint region
[2025-10-02T08:47:46.790+0000][45165.776s][5523][5530][info ] Total time for which application threads were stopped: 0.0001490 seconds, Stopping threads took: 0.0000265 seconds
[2025-10-02T08:47:47.790+0000][45166.777s][5523][5530][info ] Application time: 1.0001034 seconds
[2025-10-02T08:47:47.790+0000][45166.777s][5523][5530][info ] Entering safepoint region: Cleanup
[2025-10-02T08:47:47.791+0000][45166.777s][5523][5530][info ] Leaving safepoint region
[2025-10-02T08:47:47.791+0000][45166.777s][5523][5530][info ] Total time for which application threads were stopped: 0.0001602 seconds, Stopping threads took: 0.0000248 seconds
[2025-10-02T08:47:48.791+0000][45167.777s][5523][5530][info ] Application time: 1.0001056 seconds
[2025-10-02T08:47:48.791+0000][45167.777s][5523][5530][info ] Entering safepoint region: Cleanup
[2025-10-02T08:47:48.791+0000][45167.777s][5523][5530][info ] Leaving safepoint region
[2025-10-02T08:47:48.791+0000][45167.777s][5523][5530][info ] Total time for which application threads were stopped: 0.0001392 seconds, Stopping threads took: 0.0000271 seconds
[2025-10-02T08:47:49.791+0000][45168.777s][5523][5530][info ] Application time: 1.0000986 seconds
[2025-10-02T08:47:49.791+0000][45168.777s][5523][5530][info ] Entering safepoint region: Cleanup
[2025-10-02T08:47:49.791+0000][45168.777s][5523][5530][info ] Leaving safepoint region
[2025-10-02T08:47:49.791+0000][45168.778s][5523][5530][info ] Total time for which application threads were stopped: 0.0001622 seconds, Stopping threads took: 0.0000311 seconds
[2025-10-02T08:47:50.791+0000][45169.778s][5523][5530][info ] Application time: 1.0000933 seconds
[2025-10-02T08:47:50.791+0000][45169.778s][5523][5530][info ] Entering safepoint region: Cleanup
[2025-10-02T08:47:50.792+0000][45169.778s][5523][5530][info ] Leaving safepoint region
[2025-10-02T08:47:50.792+0000][45169.778s][5523][5530][info ] Total time for which application threads were stopped: 0.0001623 seconds, Stopping threads took: 0.0000260 seconds
[2025-10-02T08:47:51.792+0000][45170.778s][5523][5530][info ] Application time: 1.0000752 seconds
[2025-10-02T08:47:51.792+0000][45170.778s][5523][5530][info ] Entering safepoint region: Cleanup
[2025-10-02T08:47:51.792+0000][45170.778s][5523][5530][info ] Leaving safepoint region
[2025-10-02T08:47:51.792+0000][45170.778s][5523][5530][info ] Total time for which application threads were stopped: 0.0001344 seconds, Stopping threads took: 0.0000257 seconds
[2025-10-02T08:47:52.792+0000][45171.778s][5523][5530][info ] Application time: 1.0001098 seconds
[2025-10-02T08:47:52.792+0000][45171.778s][5523][5530][info ] Entering safepoint region: Cleanup
[2025-10-02T08:47:52.792+0000][45171.778s][5523][5530][info ] Leaving safepoint region
[2025-10-02T08:47:52.792+0000][45171.778s][5523][5530][info ] Total time for which application threads were stopped: 0.0001448 seconds, Stopping threads took: 0.0000301 seconds
[2025-10-02T08:47:53.792+0000][45172.779s][5523][5530][info ] Application time: 1.0001061 seconds
[2025-10-02T08:47:53.792+0000][45172.779s][5523][5530][info ] Entering safepoint region: Cleanup
[2025-10-02T08:47:53.792+0000][45172.779s][5523][5530][info ] Leaving safepoint region
[2025-10-02T08:47:53.792+0000][45172.779s][5523][5530][info ] Total time for which application threads were stopped: 0.0001561 seconds, Stopping threads took: 0.0000445 seconds
[2025-10-02T08:47:54.793+0000][45173.779s][5523][5530][info ] Application time: 1.0000441 seconds
[2025-10-02T08:47:54.793+0000][45173.779s][5523][5530][info ] Entering safepoint region: Cleanup
[2025-10-02T08:47:54.793+0000][45173.779s][5523][5530][info ] Leaving safepoint region
[2025-10-02T08:47:54.793+0000][45173.779s][5523][5530][info ] Total time for which application threads were stopped: 0.0001370 seconds, Stopping threads took: 0.0000271 seconds
[2025-10-02T08:47:55.793+0000][45174.779s][5523][5530][info ] Application time: 1.0000749 seconds
[2025-10-02T08:47:55.793+0000][45174.779s][5523][5530][info ] Entering safepoint region: Cleanup
[2025-10-02T08:47:55.793+0000][45174.779s][5523][5530][info ] Leaving safepoint region
[2025-10-02T08:47:55.793+0000][45174.779s][5523][5530][info ] Total time for which application threads were stopped: 0.0001411 seconds, Stopping threads took: 0.0000288 seconds
[2025-10-02T08:47:56.292+0000][45175.278s][5523][5529][trace] CMS: promo attempt is safe: available(765483624) >= av_promo(4228508), max_promo(146760512)
[2025-10-02T08:47:56.793+0000][45175.779s][5523][5530][info ] Application time: 1.0000906 seconds
[2025-10-02T08:47:56.793+0000][45175.779s][5523][5530][info ] Entering safepoint region: Cleanup
[2025-10-02T08:47:56.793+0000][45175.779s][5523][5530][info ] Leaving safepoint region
[2025-10-02T08:47:56.793+0000][45175.779s][5523][5530][info ] Total time for which application threads were stopped: 0.0001372 seconds, Stopping threads took: 0.0000263 seconds
[2025-10-02T08:47:57.793+0000][45176.780s][5523][5530][info ] Application time: 1.0000937 seconds
[2025-10-02T08:47:57.793+0000][45176.780s][5523][5530][info ] Entering safepoint region: Cleanup
[2025-10-02T08:47:57.794+0000][45176.780s][5523][5530][info ] Leaving safepoint region
[2025-10-02T08:47:57.794+0000][45176.780s][5523][5530][info ] Total time for which application threads were stopped: 0.0001772 seconds, Stopping threads took: 0.0000264 seconds
[2025-10-02T08:47:58.794+0000][45177.780s][5523][5530][info ] Application time: 1.0000838 seconds
[2025-10-02T08:47:58.794+0000][45177.780s][5523][5530][info ] Entering safepoint region: Cleanup
[2025-10-02T08:47:58.794+0000][45177.780s][5523][5530][info ] Leaving safepoint region
[2025-10-02T08:47:58.794+0000][45177.780s][5523][5530][info ] Total time for which application threads were stopped: 0.0001369 seconds, Stopping threads took: 0.0000259 seconds
[2025-10-02T08:47:59.794+0000][45178.780s][5523][5530][info ] Application time: 1.0001034 seconds
[2025-10-02T08:47:59.794+0000][45178.780s][5523][5530][info ] Entering safepoint region: Cleanup
[2025-10-02T08:47:59.794+0000][45178.780s][5523][5530][info ] Leaving safepoint region
[2025-10-02T08:47:59.794+0000][45178.780s][5523][5530][info ] Total time for which application threads were stopped: 0.0001364 seconds, Stopping threads took: 0.0000261 seconds
[2025-10-02T08:48:00.794+0000][45179.781s][5523][5530][info ] Application time: 1.0001147 seconds
[2025-10-02T08:48:00.794+0000][45179.781s][5523][5530][info ] Entering safepoint region: Cleanup
[2025-10-02T08:48:00.794+0000][45179.781s][5523][5530][info ] Leaving safepoint region
[2025-10-02T08:48:00.795+0000][45179.781s][5523][5530][info ] Total time for which application threads were stopped: 0.0001916 seconds, Stopping threads took: 0.0000384 seconds
[2025-10-02T08:48:01.795+0000][45180.781s][5523][5530][info ] Application time: 1.0001923 seconds
[2025-10-02T08:48:01.795+0000][45180.781s][5523][5530][info ] Entering safepoint region: Cleanup
[2025-10-02T08:48:01.796+0000][45180.782s][5523][5530][info ] Leaving safepoint region
[2025-10-02T08:48:01.796+0000][45180.782s][5523][5530][info ] Total time for which application threads were stopped: 0.0008216 seconds, Stopping threads took: 0.0000283 seconds
[2025-10-02T08:48:02.796+0000][45181.782s][5523][5530][info ] Application time: 1.0001083 seconds
[2025-10-02T08:48:02.796+0000][45181.782s][5523][5530][info ] Entering safepoint region: Cleanup
[2025-10-02T08:48:02.796+0000][45181.782s][5523][5530][info ] Leaving safepoint region
[2025-10-02T08:48:02.796+0000][45181.782s][5523][5530][info ] Total time for which application threads were stopped: 0.0001427 seconds, Stopping threads took: 0.0000270 seconds
[2025-10-02T08:48:03.796+0000][45182.782s][5523][5530][info ] Application time: 1.0001141 seconds
[2025-10-02T08:48:03.796+0000][45182.782s][5523][5530][info ] Entering safepoint region: Cleanup
[2025-10-02T08:48:03.796+0000][45182.782s][5523][5530][info ] Leaving safepoint region
[2025-10-02T08:48:03.796+0000][45182.782s][5523][5530][info ] Total time for which application threads were stopped: 0.0001584 seconds, Stopping threads took: 0.0000286 seconds
[2025-10-02T08:48:04.796+0000][45183.783s][5523][5530][info ] Application time: 1.0001162 seconds
[2025-10-02T08:48:04.796+0000][45183.783s][5523][5530][info ] Entering safepoint region: Cleanup
[2025-10-02T08:48:04.797+0000][45183.783s][5523][5530][info ] Leaving safepoint region
[2025-10-02T08:48:04.797+0000][45183.783s][5523][5530][info ] Total time for which application threads were stopped: 0.0001685 seconds, Stopping threads took: 0.0000280 seconds
[2025-10-02T08:48:05.797+0000][45184.783s][5523][5530][info ] Application time: 1.0000757 seconds
[2025-10-02T08:48:05.797+0000][45184.783s][5523][5530][info ] Entering safepoint region: Cleanup
[2025-10-02T08:48:05.797+0000][45184.783s][5523][5530][info ] Leaving safepoint region
[2025-10-02T08:48:05.797+0000][45184.783s][5523][5530][info ] Total time for which application threads were stopped: 0.0001389 seconds, Stopping threads took: 0.0000278 seconds
[2025-10-02T08:48:06.292+0000][45185.278s][5523][5529][trace] CMS: promo attempt is safe: available(765483624) >= av_promo(4228508), max_promo(147451704)
[2025-10-02T08:48:06.797+0000][45185.783s][5523][5530][info ] Application time: 1.0000975 seconds
[2025-10-02T08:48:06.797+0000][45185.783s][5523][5530][info ] Entering safepoint region: Cleanup
[2025-10-02T08:48:06.797+0000][45185.783s][5523][5530][info ] Leaving safepoint region
[2025-10-02T08:48:06.797+0000][45185.783s][5523][5530][info ] Total time for which application threads were stopped: 0.0001438 seconds, Stopping threads took: 0.0000264 seconds
[2025-10-02T08:48:07.797+0000][45186.784s][5523][5530][info ] Application time: 1.0000945 seconds
[2025-10-02T08:48:07.797+0000][45186.784s][5523][5530][info ] Entering safepoint region: Cleanup
[2025-10-02T08:48:07.797+0000][45186.784s][5523][5530][info ] Leaving safepoint region
[2025-10-02T08:48:07.797+0000][45186.784s][5523][5530][info ] Total time for which application threads were stopped: 0.0001423 seconds, Stopping threads took: 0.0000272 seconds
[2025-10-02T08:48:08.798+0000][45187.784s][5523][5530][info ] Application time: 1.0001068 seconds
[2025-10-02T08:48:08.798+0000][45187.784s][5523][5530][info ] Entering safepoint region: Cleanup
[2025-10-02T08:48:08.798+0000][45187.784s][5523][5530][info ] Leaving safepoint region
[2025-10-02T08:48:08.798+0000][45187.784s][5523][5530][info ] Total time for which application threads were stopped: 0.0001426 seconds, Stopping threads took: 0.0000272 seconds
[2025-10-02T08:48:09.798+0000][45188.784s][5523][5530][info ] Application time: 1.0000990 seconds
[2025-10-02T08:48:09.798+0000][45188.784s][5523][5530][info ] Entering safepoint region: Cleanup
[2025-10-02T08:48:09.798+0000][45188.784s][5523][5530][info ] Leaving safepoint region
[2025-10-02T08:48:09.798+0000][45188.784s][5523][5530][info ] Total time for which application threads were stopped: 0.0001426 seconds, Stopping threads took: 0.0000256 seconds
[2025-10-02T08:48:10.798+0000][45189.784s][5523][5530][info ] Application time: 1.0001005 seconds
[2025-10-02T08:48:10.798+0000][45189.784s][5523][5530][info ] Entering safepoint region: Cleanup
[2025-10-02T08:48:10.798+0000][45189.785s][5523][5530][info ] Leaving safepoint region
[2025-10-02T08:48:10.798+0000][45189.785s][5523][5530][info ] Total time for which application threads were stopped: 0.0001563 seconds, Stopping threads took: 0.0000272 seconds
[2025-10-02T08:48:11.799+0000][45190.785s][5523][5530][info ] Application time: 1.0001300 seconds
[2025-10-02T08:48:11.799+0000][45190.785s][5523][5530][info ] Entering safepoint region: Cleanup
[2025-10-02T08:48:11.799+0000][45190.785s][5523][5530][info ] Leaving safepoint region
[2025-10-02T08:48:11.799+0000][45190.785s][5523][5530][info ] Total time for which application threads were stopped: 0.0001334 seconds, Stopping threads took: 0.0000235 seconds
[2025-10-02T08:48:12.799+0000][45191.785s][5523][5530][info ] Application time: 1.0000977 seconds
[2025-10-02T08:48:12.799+0000][45191.785s][5523][5530][info ] Entering safepoint region: Cleanup
[2025-10-02T08:48:12.799+0000][45191.785s][5523][5530][info ] Leaving safepoint region
[2025-10-02T08:48:12.799+0000][45191.785s][5523][5530][info ] Total time for which application threads were stopped: 0.0002565 seconds, Stopping threads took: 0.0000248 seconds
[2025-10-02T08:48:13.799+0000][45192.785s][5523][5530][info ] Application time: 1.0000911 seconds
[2025-10-02T08:48:13.799+0000][45192.786s][5523][5530][info ] Entering safepoint region: Cleanup
[2025-10-02T08:48:13.799+0000][45192.786s][5523][5530][info ] Leaving safepoint region
[2025-10-02T08:48:13.799+0000][45192.786s][5523][5530][info ] Total time for which application threads were stopped: 0.0001403 seconds, Stopping threads took: 0.0000246 seconds
[2025-10-02T08:48:14.799+0000][45193.786s][5523][5530][info ] Application time: 1.0000756 seconds
[2025-10-02T08:48:14.800+0000][45193.786s][5523][5530][info ] Entering safepoint region: Cleanup
[2025-10-02T08:48:14.800+0000][45193.786s][5523][5530][info ] Leaving safepoint region
[2025-10-02T08:48:14.800+0000][45193.786s][5523][5530][info ] Total time for which application threads were stopped: 0.0001481 seconds, Stopping threads took: 0.0000261 seconds
[2025-10-02T08:48:15.800+0000][45194.786s][5523][5530][info ] Application time: 1.0000998 seconds
[2025-10-02T08:48:15.800+0000][45194.786s][5523][5530][info ] Entering safepoint region: Cleanup
[2025-10-02T08:48:15.800+0000][45194.786s][5523][5530][info ] Leaving safepoint region
[2025-10-02T08:48:15.800+0000][45194.786s][5523][5530][info ] Total time for which application threads were stopped: 0.0001353 seconds, Stopping threads took: 0.0000245 seconds
[2025-10-02T08:48:16.291+0000][45195.277s][5523][5529][trace] CMS: promo attempt is safe: available(765483624) >= av_promo(4228508), max_promo(147736776)
[2025-10-02T08:48:16.800+0000][45195.786s][5523][5530][info ] Application time: 1.0001043 seconds
[2025-10-02T08:48:16.800+0000][45195.786s][5523][5530][info ] Entering safepoint region: Cleanup
[2025-10-02T08:48:16.800+0000][45195.787s][5523][5530][info ] Leaving safepoint region
[2025-10-02T08:48:16.800+0000][45195.787s][5523][5530][info ] Total time for which application threads were stopped: 0.0001377 seconds, Stopping threads took: 0.0000249 seconds
[2025-10-02T08:48:17.800+0000][45196.787s][5523][5530][info ] Application time: 1.0001103 seconds
[2025-10-02T08:48:17.800+0000][45196.787s][5523][5530][info ] Entering safepoint region: Cleanup
[2025-10-02T08:48:17.801+0000][45196.787s][5523][5530][info ] Leaving safepoint region
[2025-10-02T08:48:17.801+0000][45196.787s][5523][5530][info ] Total time for which application threads were stopped: 0.0001665 seconds, Stopping threads took: 0.0000263 seconds
[2025-10-02T08:48:18.801+0000][45197.787s][5523][5530][info ] Application time: 1.0001110 seconds
[2025-10-02T08:48:18.801+0000][45197.787s][5523][5530][info ] Entering safepoint region: Cleanup
[2025-10-02T08:48:18.801+0000][45197.787s][5523][5530][info ] Leaving safepoint region
[2025-10-02T08:48:18.801+0000][45197.787s][5523][5530][info ] Total time for which application threads were stopped: 0.0001382 seconds, Stopping threads took: 0.0000255 seconds
[2025-10-02T08:48:19.801+0000][45198.787s][5523][5530][info ] Application time: 1.0001033 seconds
[2025-10-02T08:48:19.801+0000][45198.787s][5523][5530][info ] Entering safepoint region: Cleanup
[2025-10-02T08:48:19.801+0000][45198.787s][5523][5530][info ] Leaving safepoint region
[2025-10-02T08:48:19.801+0000][45198.787s][5523][5530][info ] Total time for which application threads were stopped: 0.0001350 seconds, Stopping threads took: 0.0000246 seconds
[2025-10-02T08:48:20.801+0000][45199.788s][5523][5530][info ] Application time: 1.0001116 seconds
[2025-10-02T08:48:20.801+0000][45199.788s][5523][5530][info ] Entering safepoint region: Cleanup
[2025-10-02T08:48:20.802+0000][45199.788s][5523][5530][info ] Leaving safepoint region
[2025-10-02T08:48:20.802+0000][45199.788s][5523][5530][info ] Total time for which application threads were stopped: 0.0001631 seconds, Stopping threads took: 0.0000253 seconds
[2025-10-02T08:48:21.802+0000][45200.788s][5523][5530][info ] Application time: 1.0001081 seconds
[2025-10-02T08:48:21.802+0000][45200.788s][5523][5530][info ] Entering safepoint region: Cleanup
[2025-10-02T08:48:21.802+0000][45200.788s][5523][5530][info ] Leaving safepoint region
[2025-10-02T08:48:21.802+0000][45200.788s][5523][5530][info ] Total time for which application threads were stopped: 0.0001506 seconds, Stopping threads took: 0.0000250 seconds
[2025-10-02T08:48:22.802+0000][45201.788s][5523][5530][info ] Application time: 1.0001051 seconds
[2025-10-02T08:48:22.802+0000][45201.788s][5523][5530][info ] Entering safepoint region: Cleanup
[2025-10-02T08:48:22.802+0000][45201.788s][5523][5530][info ] Leaving safepoint region
[2025-10-02T08:48:22.802+0000][45201.788s][5523][5530][info ] Total time for which application threads were stopped: 0.0001466 seconds, Stopping threads took: 0.0000314 seconds
[2025-10-02T08:48:23.802+0000][45202.789s][5523][5530][info ] Application time: 1.0001045 seconds
[2025-10-02T08:48:23.802+0000][45202.789s][5523][5530][info ] Entering safepoint region: Cleanup
[2025-10-02T08:48:23.803+0000][45202.789s][5523][5530][info ] Leaving safepoint region
[2025-10-02T08:48:23.803+0000][45202.789s][5523][5530][info ] Total time for which application threads were stopped: 0.0001667 seconds, Stopping threads took: 0.0000264 seconds
[2025-10-02T08:48:24.803+0000][45203.789s][5523][5530][info ] Application time: 1.0001073 seconds
[2025-10-02T08:48:24.803+0000][45203.789s][5523][5530][info ] Entering safepoint region: Cleanup
[2025-10-02T08:48:24.803+0000][45203.789s][5523][5530][info ] Leaving safepoint region
[2025-10-02T08:48:24.803+0000][45203.789s][5523][5530][info ] Total time for which application threads were stopped: 0.0001367 seconds, Stopping threads took: 0.0000272 seconds
[2025-10-02T08:48:25.803+0000][45204.789s][5523][5530][info ] Application time: 1.0001064 seconds
[2025-10-02T08:48:25.803+0000][45204.789s][5523][5530][info ] Entering safepoint region: Cleanup
[2025-10-02T08:48:25.803+0000][45204.789s][5523][5530][info ] Leaving safepoint region
[2025-10-02T08:48:25.803+0000][45204.789s][5523][5530][info ] Total time for which application threads were stopped: 0.0001391 seconds, Stopping threads took: 0.0000280 seconds
[2025-10-02T08:48:26.290+0000][45205.277s][5523][5529][trace] CMS: promo attempt is safe: available(765483624) >= av_promo(4228508), max_promo(147736776)
[2025-10-02T08:48:26.803+0000][45205.790s][5523][5530][info ] Application time: 1.0000814 seconds
[2025-10-02T08:48:26.803+0000][45205.790s][5523][5530][info ] Entering safepoint region: Cleanup
[2025-10-02T08:48:26.804+0000][45205.790s][5523][5530][info ] Leaving safepoint region
[2025-10-02T08:48:26.804+0000][45205.790s][5523][5530][info ] Total time for which application threads were stopped: 0.0001652 seconds, Stopping threads took: 0.0000232 seconds
[2025-10-02T08:48:27.804+0000][45206.790s][5523][5530][info ] Application time: 1.0001132 seconds
[2025-10-02T08:48:27.804+0000][45206.790s][5523][5530][info ] Entering safepoint region: Cleanup
[2025-10-02T08:48:27.804+0000][45206.790s][5523][5530][info ] Leaving safepoint region
[2025-10-02T08:48:27.804+0000][45206.790s][5523][5530][info ] Total time for which application threads were stopped: 0.0001624 seconds, Stopping threads took: 0.0000242 seconds
[2025-10-02T08:48:28.804+0000][45207.790s][5523][5530][info ] Application time: 1.0001070 seconds
[2025-10-02T08:48:28.804+0000][45207.790s][5523][5530][info ] Entering safepoint region: Cleanup
[2025-10-02T08:48:28.804+0000][45207.790s][5523][5530][info ] Leaving safepoint region
[2025-10-02T08:48:28.804+0000][45207.790s][5523][5530][info ] Total time for which application threads were stopped: 0.0001505 seconds, Stopping threads took: 0.0000281 seconds
[2025-10-02T08:48:29.804+0000][45208.791s][5523][5530][info ] Application time: 1.0001194 seconds
[2025-10-02T08:48:29.804+0000][45208.791s][5523][5530][info ] Entering safepoint region: Cleanup
[2025-10-02T08:48:29.805+0000][45208.791s][5523][5530][info ] Leaving safepoint region
[2025-10-02T08:48:29.805+0000][45208.791s][5523][5530][info ] Total time for which application threads were stopped: 0.0001458 seconds, Stopping threads took: 0.0000252 seconds
[2025-10-02T08:48:30.805+0000][45209.791s][5523][5530][info ] Application time: 1.0001082 seconds
[2025-10-02T08:48:30.805+0000][45209.791s][5523][5530][info ] Entering safepoint region: Cleanup
[2025-10-02T08:48:30.805+0000][45209.791s][5523][5530][info ] Leaving safepoint region
[2025-10-02T08:48:30.805+0000][45209.791s][5523][5530][info ] Total time for which application threads were stopped: 0.0001376 seconds, Stopping threads took: 0.0000278 seconds
[2025-10-02T08:48:31.805+0000][45210.791s][5523][5530][info ] Application time: 1.0001207 seconds
[2025-10-02T08:48:31.805+0000][45210.791s][5523][5530][info ] Entering safepoint region: Cleanup
[2025-10-02T08:48:31.805+0000][45210.791s][5523][5530][info ] Leaving safepoint region
[2025-10-02T08:48:31.805+0000][45210.791s][5523][5530][info ] Total time for which application threads were stopped: 0.0001379 seconds, Stopping threads took: 0.0000267 seconds
[2025-10-02T08:48:32.805+0000][45211.792s][5523][5530][info ] Application time: 1.0001105 seconds
[2025-10-02T08:48:32.805+0000][45211.792s][5523][5530][info ] Entering safepoint region: Cleanup
[2025-10-02T08:48:32.805+0000][45211.792s][5523][5530][info ] Leaving safepoint region
[2025-10-02T08:48:32.805+0000][45211.792s][5523][5530][info ] Total time for which application threads were stopped: 0.0001388 seconds, Stopping threads took: 0.0000262 seconds
[2025-10-02T08:48:33.806+0000][45212.792s][5523][5530][info ] Application time: 1.0000976 seconds
[2025-10-02T08:48:33.806+0000][45212.792s][5523][5530][info ] Entering safepoint region: Cleanup
[2025-10-02T08:48:33.806+0000][45212.792s][5523][5530][info ] Leaving safepoint region
[2025-10-02T08:48:33.806+0000][45212.792s][5523][5530][info ] Total time for which application threads were stopped: 0.0001334 seconds, Stopping threads took: 0.0000263 seconds
[2025-10-02T08:48:34.806+0000][45213.792s][5523][5530][info ] Application time: 1.0001057 seconds
[2025-10-02T08:48:34.806+0000][45213.792s][5523][5530][info ] Entering safepoint region: Cleanup
[2025-10-02T08:48:34.806+0000][45213.792s][5523][5530][info ] Leaving safepoint region
[2025-10-02T08:48:34.806+0000][45213.792s][5523][5530][info ] Total time for which application threads were stopped: 0.0001374 seconds, Stopping threads took: 0.0000270 seconds
[2025-10-02T08:48:35.806+0000][45214.792s][5523][5530][info ] Application time: 1.0000890 seconds
[2025-10-02T08:48:35.806+0000][45214.792s][5523][5530][info ] Entering safepoint region: Cleanup
[2025-10-02T08:48:35.806+0000][45214.793s][5523][5530][info ] Leaving safepoint region
[2025-10-02T08:48:35.806+0000][45214.793s][5523][5530][info ] Total time for which application threads were stopped: 0.0001342 seconds, Stopping threads took: 0.0000228 seconds
[2025-10-02T08:48:36.290+0000][45215.277s][5523][5529][trace] CMS: promo attempt is safe: available(765483624) >= av_promo(4228508), max_promo(148038768)
[2025-10-02T08:48:36.806+0000][45215.793s][5523][5530][info ] Application time: 1.0001007 seconds
[2025-10-02T08:48:36.807+0000][45215.793s][5523][5530][info ] Entering safepoint region: Cleanup
[2025-10-02T08:48:36.807+0000][45215.793s][5523][5530][info ] Leaving safepoint region
[2025-10-02T08:48:36.807+0000][45215.793s][5523][5530][info ] Total time for which application threads were stopped: 0.0001336 seconds, Stopping threads took: 0.0000270 seconds
[2025-10-02T08:48:37.807+0000][45216.793s][5523][5530][info ] Application time: 1.0000970 seconds
[2025-10-02T08:48:37.807+0000][45216.793s][5523][5530][info ] Entering safepoint region: Cleanup
[2025-10-02T08:48:37.807+0000][45216.793s][5523][5530][info ] Leaving safepoint region
[2025-10-02T08:48:37.807+0000][45216.793s][5523][5530][info ] Total time for which application threads were stopped: 0.0001523 seconds, Stopping threads took: 0.0000406 seconds
[2025-10-02T08:48:38.807+0000][45217.793s][5523][5530][info ] Application time: 1.0001491 seconds
[2025-10-02T08:48:38.807+0000][45217.793s][5523][5530][info ] Entering safepoint region: Cleanup
[2025-10-02T08:48:38.807+0000][45217.794s][5523][5530][info ] Leaving safepoint region
[2025-10-02T08:48:38.807+0000][45217.794s][5523][5530][info ] Total time for which application threads were stopped: 0.0001373 seconds, Stopping threads took: 0.0000284 seconds
[2025-10-02T08:48:39.807+0000][45218.794s][5523][5530][info ] Application time: 1.0001134 seconds
[2025-10-02T08:48:39.808+0000][45218.794s][5523][5530][info ] Entering safepoint region: Cleanup
[2025-10-02T08:48:39.808+0000][45218.794s][5523][5530][info ] Leaving safepoint region
[2025-10-02T08:48:39.808+0000][45218.794s][5523][5530][info ] Total time for which application threads were stopped: 0.0002800 seconds, Stopping threads took: 0.0000863 seconds
[2025-10-02T08:48:40.808+0000][45219.794s][5523][5530][info ] Application time: 1.0001000 seconds
[2025-10-02T08:48:40.808+0000][45219.794s][5523][5530][info ] Entering safepoint region: Cleanup
[2025-10-02T08:48:40.808+0000][45219.794s][5523][5530][info ] Leaving safepoint region
[2025-10-02T08:48:40.808+0000][45219.794s][5523][5530][info ] Total time for which application threads were stopped: 0.0001376 seconds, Stopping threads took: 0.0000257 seconds
[2025-10-02T08:48:41.808+0000][45220.794s][5523][5530][info ] Application time: 1.0000912 seconds
[2025-10-02T08:48:41.808+0000][45220.794s][5523][5530][info ] Entering safepoint region: Cleanup
[2025-10-02T08:48:41.808+0000][45220.795s][5523][5530][info ] Leaving safepoint region
[2025-10-02T08:48:41.808+0000][45220.795s][5523][5530][info ] Total time for which application threads were stopped: 0.0001409 seconds, Stopping threads took: 0.0000250 seconds
[2025-10-02T08:48:42.808+0000][45221.795s][5523][5530][info ] Application time: 1.0001075 seconds
[2025-10-02T08:48:42.809+0000][45221.795s][5523][5530][info ] Entering safepoint region: Cleanup
[2025-10-02T08:48:42.809+0000][45221.795s][5523][5530][info ] Leaving safepoint region
[2025-10-02T08:48:42.809+0000][45221.795s][5523][5530][info ] Total time for which application threads were stopped: 0.0001432 seconds, Stopping threads took: 0.0000287 seconds
[2025-10-02T08:48:43.809+0000][45222.795s][5523][5530][info ] Application time: 1.0000739 seconds
[2025-10-02T08:48:43.809+0000][45222.795s][5523][5530][info ] Entering safepoint region: Cleanup
[2025-10-02T08:48:43.809+0000][45222.795s][5523][5530][info ] Leaving safepoint region
[2025-10-02T08:48:43.809+0000][45222.795s][5523][5530][info ] Total time for which application threads were stopped: 0.0001356 seconds, Stopping threads took: 0.0000242 seconds
[2025-10-02T08:48:44.809+0000][45223.795s][5523][5530][info ] Application time: 1.0000958 seconds
[2025-10-02T08:48:44.809+0000][45223.795s][5523][5530][info ] Entering safepoint region: Cleanup
[2025-10-02T08:48:44.809+0000][45223.795s][5523][5530][info ] Leaving safepoint region
[2025-10-02T08:48:44.809+0000][45223.795s][5523][5530][info ] Total time for which application threads were stopped: 0.0001324 seconds, Stopping threads took: 0.0000244 seconds
[2025-10-02T08:48:45.809+0000][45224.796s][5523][5530][info ] Application time: 1.0001044 seconds
[2025-10-02T08:48:45.809+0000][45224.796s][5523][5530][info ] Entering safepoint region: Cleanup
[2025-10-02T08:48:45.810+0000][45224.796s][5523][5530][info ] Leaving safepoint region
[2025-10-02T08:48:45.810+0000][45224.796s][5523][5530][info ] Total time for which application threads were stopped: 0.0001619 seconds, Stopping threads took: 0.0000252 seconds
[2025-10-02T08:48:46.290+0000][45225.276s][5523][5529][trace] CMS: promo attempt is safe: available(765483624) >= av_promo(4228508), max_promo(149898552)
[2025-10-02T08:48:46.810+0000][45225.796s][5523][5530][info ] Application time: 1.0000748 seconds
[2025-10-02T08:48:46.810+0000][45225.796s][5523][5530][info ] Entering safepoint region: Cleanup
[2025-10-02T08:48:46.810+0000][45225.796s][5523][5530][info ] Leaving safepoint region
[2025-10-02T08:48:46.810+0000][45225.796s][5523][5530][info ] Total time for which application threads were stopped: 0.0001414 seconds, Stopping threads took: 0.0000250 seconds
[2025-10-02T08:48:47.810+0000][45226.796s][5523][5530][info ] Application time: 1.0001119 seconds
[2025-10-02T08:48:47.810+0000][45226.796s][5523][5530][info ] Entering safepoint region: Cleanup
[2025-10-02T08:48:47.810+0000][45226.796s][5523][5530][info ] Leaving safepoint region
[2025-10-02T08:48:47.810+0000][45226.796s][5523][5530][info ] Total time for which application threads were stopped: 0.0001377 seconds, Stopping threads took: 0.0000258 seconds
[2025-10-02T08:48:48.810+0000][45227.796s][5523][5530][info ] Application time: 1.0000782 seconds
[2025-10-02T08:48:48.810+0000][45227.797s][5523][5530][info ] Entering safepoint region: Cleanup
[2025-10-02T08:48:48.810+0000][45227.797s][5523][5530][info ] Leaving safepoint region
[2025-10-02T08:48:48.810+0000][45227.797s][5523][5530][info ] Total time for which application threads were stopped: 0.0001386 seconds, Stopping threads took: 0.0000276 seconds
[2025-10-02T08:48:49.811+0000][45228.797s][5523][5530][info ] Application time: 1.0001193 seconds
[2025-10-02T08:48:49.811+0000][45228.797s][5523][5530][info ] Entering safepoint region: Cleanup
[2025-10-02T08:48:49.811+0000][45228.797s][5523][5530][info ] Leaving safepoint region
[2025-10-02T08:48:49.811+0000][45228.797s][5523][5530][info ] Total time for which application threads were stopped: 0.0001319 seconds, Stopping threads took: 0.0000248 seconds
[2025-10-02T08:48:50.811+0000][45229.797s][5523][5530][info ] Application time: 1.0000792 seconds
[2025-10-02T08:48:50.811+0000][45229.797s][5523][5530][info ] Entering safepoint region: Cleanup
[2025-10-02T08:48:50.811+0000][45229.797s][5523][5530][info ] Leaving safepoint region
[2025-10-02T08:48:50.811+0000][45229.797s][5523][5530][info ] Total time for which application threads were stopped: 0.0002180 seconds, Stopping threads took: 0.0000287 seconds
[2025-10-02T08:48:51.811+0000][45230.797s][5523][5530][info ] Application time: 1.0001021 seconds
[2025-10-02T08:48:51.811+0000][45230.797s][5523][5530][info ] Entering safepoint region: Cleanup
[2025-10-02T08:48:51.811+0000][45230.798s][5523][5530][info ] Leaving safepoint region
[2025-10-02T08:48:51.811+0000][45230.798s][5523][5530][info ] Total time for which application threads were stopped: 0.0001338 seconds, Stopping threads took: 0.0000255 seconds
[2025-10-02T08:48:52.812+0000][45231.798s][5523][5530][info ] Application time: 1.0001105 seconds
[2025-10-02T08:48:52.812+0000][45231.798s][5523][5530][info ] Entering safepoint region: Cleanup
[2025-10-02T08:48:52.812+0000][45231.798s][5523][5530][info ] Leaving safepoint region
[2025-10-02T08:48:52.812+0000][45231.798s][5523][5530][info ] Total time for which application threads were stopped: 0.0001406 seconds, Stopping threads took: 0.0000239 seconds
[2025-10-02T08:48:53.812+0000][45232.798s][5523][5530][info ] Application time: 1.0000782 seconds
[2025-10-02T08:48:53.812+0000][45232.798s][5523][5530][info ] Entering safepoint region: Cleanup
[2025-10-02T08:48:53.812+0000][45232.798s][5523][5530][info ] Leaving safepoint region
[2025-10-02T08:48:53.812+0000][45232.798s][5523][5530][info ] Total time for which application threads were stopped: 0.0001323 seconds, Stopping threads took: 0.0000250 seconds
[2025-10-02T08:48:54.812+0000][45233.798s][5523][5530][info ] Application time: 1.0001029 seconds
[2025-10-02T08:48:54.812+0000][45233.798s][5523][5530][info ] Entering safepoint region: Cleanup
[2025-10-02T08:48:54.812+0000][45233.798s][5523][5530][info ] Leaving safepoint region
[2025-10-02T08:48:54.812+0000][45233.799s][5523][5530][info ] Total time for which application threads were stopped: 0.0001376 seconds, Stopping threads took: 0.0000265 seconds
[2025-10-02T08:48:55.812+0000][45234.799s][5523][5530][info ] Application time: 1.0000933 seconds
[2025-10-02T08:48:55.812+0000][45234.799s][5523][5530][info ] Entering safepoint region: Cleanup
[2025-10-02T08:48:55.813+0000][45234.799s][5523][5530][info ] Leaving safepoint region
[2025-10-02T08:48:55.813+0000][45234.799s][5523][5530][info ] Total time for which application threads were stopped: 0.0001584 seconds, Stopping threads took: 0.0000261 seconds
[2025-10-02T08:48:56.290+0000][45235.276s][5523][5529][trace] CMS: promo attempt is safe: available(765483624) >= av_promo(4228508), max_promo(149901208)
[2025-10-02T08:48:56.813+0000][45235.799s][5523][5530][info ] Application time: 1.0000810 seconds
[2025-10-02T08:48:56.813+0000][45235.799s][5523][5530][info ] Entering safepoint region: Cleanup
[2025-10-02T08:48:56.813+0000][45235.799s][5523][5530][info ] Leaving safepoint region
[2025-10-02T08:48:56.813+0000][45235.799s][5523][5530][info ] Total time for which application threads were stopped: 0.0001597 seconds, Stopping threads took: 0.0000231 seconds
[2025-10-02T08:48:57.813+0000][45236.799s][5523][5530][info ] Application time: 1.0001005 seconds
[2025-10-02T08:48:57.813+0000][45236.799s][5523][5530][info ] Entering safepoint region: Cleanup
[2025-10-02T08:48:57.813+0000][45236.799s][5523][5530][info ] Leaving safepoint region
[2025-10-02T08:48:57.813+0000][45236.799s][5523][5530][info ] Total time for which application threads were stopped: 0.0001375 seconds, Stopping threads took: 0.0000247 seconds
[2025-10-02T08:48:58.813+0000][45237.800s][5523][5530][info ] Application time: 1.0000859 seconds
[2025-10-02T08:48:58.813+0000][45237.800s][5523][5530][info ] Entering safepoint region: Cleanup
[2025-10-02T08:48:58.813+0000][45237.800s][5523][5530][info ] Leaving safepoint region
[2025-10-02T08:48:58.813+0000][45237.800s][5523][5530][info ] Total time for which application threads were stopped: 0.0001499 seconds, Stopping threads took: 0.0000258 seconds
[2025-10-02T08:48:59.814+0000][45238.800s][5523][5530][info ] Application time: 1.0000445 seconds
[2025-10-02T08:48:59.814+0000][45238.800s][5523][5530][info ] Entering safepoint region: Cleanup
[2025-10-02T08:48:59.814+0000][45238.800s][5523][5530][info ] Leaving safepoint region
[2025-10-02T08:48:59.814+0000][45238.800s][5523][5530][info ] Total time for which application threads were stopped: 0.0001348 seconds, Stopping threads took: 0.0000254 seconds
[2025-10-02T08:49:00.814+0000][45239.800s][5523][5530][info ] Application time: 1.0000966 seconds
[2025-10-02T08:49:00.814+0000][45239.800s][5523][5530][info ] Entering safepoint region: Cleanup
[2025-10-02T08:49:00.814+0000][45239.800s][5523][5530][info ] Leaving safepoint region
[2025-10-02T08:49:00.814+0000][45239.800s][5523][5530][info ] Total time for which application threads were stopped: 0.0001337 seconds, Stopping threads took: 0.0000249 seconds
[2025-10-02T08:49:01.814+0000][45240.801s][5523][5530][info ] Application time: 1.0004285 seconds
[2025-10-02T08:49:01.815+0000][45240.801s][5523][5530][info ] Entering safepoint region: Cleanup
[2025-10-02T08:49:01.815+0000][45240.801s][5523][5530][info ] Leaving safepoint region
[2025-10-02T08:49:01.815+0000][45240.802s][5523][5530][info ] Total time for which application threads were stopped: 0.0001527 seconds, Stopping threads took: 0.0000406 seconds
[2025-10-02T08:49:02.816+0000][45241.802s][5523][5530][info ] Application time: 1.0002417 seconds
[2025-10-02T08:49:02.816+0000][45241.802s][5523][5530][info ] Entering safepoint region: Cleanup
[2025-10-02T08:49:02.816+0000][45241.802s][5523][5530][info ] Leaving safepoint region
[2025-10-02T08:49:02.816+0000][45241.802s][5523][5530][info ] Total time for which application threads were stopped: 0.0001591 seconds, Stopping threads took: 0.0000401 seconds
[2025-10-02T08:49:03.816+0000][45242.802s][5523][5530][info ] Application time: 1.0001027 seconds
[2025-10-02T08:49:03.816+0000][45242.802s][5523][5530][info ] Entering safepoint region: Cleanup
[2025-10-02T08:49:03.816+0000][45242.802s][5523][5530][info ] Leaving safepoint region
[2025-10-02T08:49:03.816+0000][45242.802s][5523][5530][info ] Total time for which application threads were stopped: 0.0001312 seconds, Stopping threads took: 0.0000239 seconds
[2025-10-02T08:49:04.816+0000][45243.802s][5523][5530][info ] Application time: 1.0001063 seconds
[2025-10-02T08:49:04.816+0000][45243.802s][5523][5530][info ] Entering safepoint region: Cleanup
[2025-10-02T08:49:04.816+0000][45243.803s][5523][5530][info ] Leaving safepoint region
[2025-10-02T08:49:04.816+0000][45243.803s][5523][5530][info ] Total time for which application threads were stopped: 0.0001435 seconds, Stopping threads took: 0.0000241 seconds
[2025-10-02T08:49:05.816+0000][45244.803s][5523][5530][info ] Application time: 1.0000834 seconds
[2025-10-02T08:49:05.817+0000][45244.803s][5523][5530][info ] Entering safepoint region: Cleanup
[2025-10-02T08:49:05.817+0000][45244.803s][5523][5530][info ] Leaving safepoint region
[2025-10-02T08:49:05.817+0000][45244.803s][5523][5530][info ] Total time for which application threads were stopped: 0.0001566 seconds, Stopping threads took: 0.0000473 seconds
[2025-10-02T08:49:06.290+0000][45245.276s][5523][5529][trace] CMS: promo attempt is safe: available(765483624) >= av_promo(4228508), max_promo(150007104)
[2025-10-02T08:49:06.817+0000][45245.803s][5523][5530][info ] Application time: 1.0000963 seconds
[2025-10-02T08:49:06.817+0000][45245.803s][5523][5530][info ] Entering safepoint region: Cleanup
[2025-10-02T08:49:06.817+0000][45245.803s][5523][5530][info ] Leaving safepoint region
[2025-10-02T08:49:06.817+0000][45245.803s][5523][5530][info ] Total time for which application threads were stopped: 0.0001293 seconds, Stopping threads took: 0.0000234 seconds
[2025-10-02T08:49:07.817+0000][45246.803s][5523][5530][info ] Application time: 1.0000967 seconds
[2025-10-02T08:49:07.817+0000][45246.803s][5523][5530][info ] Entering safepoint region: Cleanup
[2025-10-02T08:49:07.817+0000][45246.803s][5523][5530][info ] Leaving safepoint region
[2025-10-02T08:49:07.817+0000][45246.803s][5523][5530][info ] Total time for which application threads were stopped: 0.0001328 seconds, Stopping threads took: 0.0000250 seconds
[2025-10-02T08:49:08.817+0000][45247.804s][5523][5530][info ] Application time: 1.0000958 seconds
[2025-10-02T08:49:08.817+0000][45247.804s][5523][5530][info ] Entering safepoint region: Cleanup
[2025-10-02T08:49:08.817+0000][45247.804s][5523][5530][info ] Leaving safepoint region
[2025-10-02T08:49:08.818+0000][45247.805s][5523][5530][info ] Total time for which application threads were stopped: 0.0009641 seconds, Stopping threads took: 0.0000248 seconds
[2025-10-02T08:49:09.818+0000][45248.805s][5523][5530][info ] Application time: 1.0001035 seconds
[2025-10-02T08:49:09.819+0000][45248.805s][5523][5530][info ] Entering safepoint region: Cleanup
[2025-10-02T08:49:09.819+0000][45248.805s][5523][5530][info ] Leaving safepoint region
[2025-10-02T08:49:09.819+0000][45248.805s][5523][5530][info ] Total time for which application threads were stopped: 0.0001310 seconds, Stopping threads took: 0.0000248 seconds
[2025-10-02T08:49:10.819+0000][45249.805s][5523][5530][info ] Application time: 1.0001208 seconds
[2025-10-02T08:49:10.819+0000][45249.805s][5523][5530][info ] Entering safepoint region: Cleanup
[2025-10-02T08:49:10.819+0000][45249.805s][5523][5530][info ] Leaving safepoint region
[2025-10-02T08:49:10.819+0000][45249.805s][5523][5530][info ] Total time for which application threads were stopped: 0.0001461 seconds, Stopping threads took: 0.0000278 seconds
[2025-10-02T08:49:11.819+0000][45250.805s][5523][5530][info ] Application time: 1.0001049 seconds
[2025-10-02T08:49:11.819+0000][45250.805s][5523][5530][info ] Entering safepoint region: Cleanup
[2025-10-02T08:49:11.819+0000][45250.806s][5523][5530][info ] Leaving safepoint region
[2025-10-02T08:49:11.819+0000][45250.806s][5523][5530][info ] Total time for which application threads were stopped: 0.0001366 seconds, Stopping threads took: 0.0000257 seconds
[2025-10-02T08:49:12.820+0000][45251.806s][5523][5530][info ] Application time: 1.0001263 seconds
[2025-10-02T08:49:12.820+0000][45251.806s][5523][5530][info ] Entering safepoint region: Cleanup
[2025-10-02T08:49:12.820+0000][45251.806s][5523][5530][info ] Leaving safepoint region
[2025-10-02T08:49:12.820+0000][45251.806s][5523][5530][info ] Total time for which application threads were stopped: 0.0001349 seconds, Stopping threads took: 0.0000271 seconds
[2025-10-02T08:49:13.820+0000][45252.806s][5523][5530][info ] Application time: 1.0001063 seconds
[2025-10-02T08:49:13.820+0000][45252.806s][5523][5530][info ] Entering safepoint region: Cleanup
[2025-10-02T08:49:13.820+0000][45252.806s][5523][5530][info ] Leaving safepoint region
[2025-10-02T08:49:13.820+0000][45252.806s][5523][5530][info ] Total time for which application threads were stopped: 0.0001358 seconds, Stopping threads took: 0.0000277 seconds
[2025-10-02T08:49:14.820+0000][45253.806s][5523][5530][info ] Application time: 1.0001041 seconds
[2025-10-02T08:49:14.820+0000][45253.806s][5523][5530][info ] Entering safepoint region: Cleanup
[2025-10-02T08:49:14.820+0000][45253.807s][5523][5530][info ] Leaving safepoint region
[2025-10-02T08:49:14.820+0000][45253.807s][5523][5530][info ] Total time for which application threads were stopped: 0.0001428 seconds, Stopping threads took: 0.0000271 seconds
[2025-10-02T08:49:15.820+0000][45254.807s][5523][5530][info ] Application time: 1.0001072 seconds
[2025-10-02T08:49:15.820+0000][45254.807s][5523][5530][info ] Entering safepoint region: Cleanup
[2025-10-02T08:49:15.821+0000][45254.807s][5523][5530][info ] Leaving safepoint region
[2025-10-02T08:49:15.821+0000][45254.807s][5523][5530][info ] Total time for which application threads were stopped: 0.0001678 seconds, Stopping threads took: 0.0000535 seconds
[2025-10-02T08:49:16.290+0000][45255.276s][5523][5529][trace] CMS: promo attempt is safe: available(765483624) >= av_promo(4228508), max_promo(150324480)
[2025-10-02T08:49:16.821+0000][45255.807s][5523][5530][info ] Application time: 1.0000980 seconds
[2025-10-02T08:49:16.821+0000][45255.807s][5523][5530][info ] Entering safepoint region: Cleanup
[2025-10-02T08:49:16.821+0000][45255.807s][5523][5530][info ] Leaving safepoint region
[2025-10-02T08:49:16.821+0000][45255.807s][5523][5530][info ] Total time for which application threads were stopped: 0.0001433 seconds, Stopping threads took: 0.0000285 seconds
[2025-10-02T08:49:17.821+0000][45256.807s][5523][5530][info ] Application time: 1.0001065 seconds
[2025-10-02T08:49:17.821+0000][45256.807s][5523][5530][info ] Entering safepoint region: Cleanup
[2025-10-02T08:49:17.821+0000][45256.807s][5523][5530][info ] Leaving safepoint region
[2025-10-02T08:49:17.821+0000][45256.807s][5523][5530][info ] Total time for which application threads were stopped: 0.0001374 seconds, Stopping threads took: 0.0000280 seconds
[2025-10-02T08:49:18.821+0000][45257.808s][5523][5530][info ] Application time: 1.0001004 seconds
[2025-10-02T08:49:18.821+0000][45257.808s][5523][5530][info ] Entering safepoint region: Cleanup
[2025-10-02T08:49:18.823+0000][45257.809s][5523][5530][info ] Leaving safepoint region
[2025-10-02T08:49:18.823+0000][45257.809s][5523][5530][info ] Total time for which application threads were stopped: 0.0012627 seconds, Stopping threads took: 0.0010922 seconds
[2025-10-02T08:49:19.823+0000][45258.809s][5523][5530][info ] Application time: 1.0000880 seconds
[2025-10-02T08:49:19.823+0000][45258.809s][5523][5530][info ] Entering safepoint region: Cleanup
[2025-10-02T08:49:19.823+0000][45258.809s][5523][5530][info ] Leaving safepoint region
[2025-10-02T08:49:19.823+0000][45258.809s][5523][5530][info ] Total time for which application threads were stopped: 0.0001599 seconds, Stopping threads took: 0.0000322 seconds
[2025-10-02T08:49:20.823+0000][45259.809s][5523][5530][info ] Application time: 1.0002055 seconds
[2025-10-02T08:49:20.823+0000][45259.809s][5523][5530][info ] Entering safepoint region: Cleanup
[2025-10-02T08:49:20.823+0000][45259.810s][5523][5530][info ] Leaving safepoint region
[2025-10-02T08:49:20.823+0000][45259.810s][5523][5530][info ] Total time for which application threads were stopped: 0.0001386 seconds, Stopping threads took: 0.0000255 seconds
[2025-10-02T08:49:21.823+0000][45260.810s][5523][5530][info ] Application time: 1.0000981 seconds
[2025-10-02T08:49:21.824+0000][45260.810s][5523][5530][info ] Entering safepoint region: Cleanup
[2025-10-02T08:49:21.824+0000][45260.810s][5523][5530][info ] Leaving safepoint region
[2025-10-02T08:49:21.824+0000][45260.810s][5523][5530][info ] Total time for which application threads were stopped: 0.0001351 seconds, Stopping threads took: 0.0000270 seconds
[2025-10-02T08:49:22.824+0000][45261.810s][5523][5530][info ] Application time: 1.0001301 seconds
[2025-10-02T08:49:22.824+0000][45261.810s][5523][5530][info ] Entering safepoint region: Cleanup
[2025-10-02T08:49:22.824+0000][45261.810s][5523][5530][info ] Leaving safepoint region
[2025-10-02T08:49:22.824+0000][45261.810s][5523][5530][info ] Total time for which application threads were stopped: 0.0001440 seconds, Stopping threads took: 0.0000328 seconds
[2025-10-02T08:49:23.824+0000][45262.810s][5523][5530][info ] Application time: 1.0000999 seconds
[2025-10-02T08:49:23.824+0000][45262.810s][5523][5530][info ] Entering safepoint region: Cleanup
[2025-10-02T08:49:23.824+0000][45262.811s][5523][5530][info ] Leaving safepoint region
[2025-10-02T08:49:23.824+0000][45262.811s][5523][5530][info ] Total time for which application threads were stopped: 0.0001400 seconds, Stopping threads took: 0.0000263 seconds
[2025-10-02T08:49:24.825+0000][45263.811s][5523][5530][info ] Application time: 1.0001223 seconds
[2025-10-02T08:49:24.825+0000][45263.811s][5523][5530][info ] Entering safepoint region: Cleanup
[2025-10-02T08:49:24.825+0000][45263.811s][5523][5530][info ] Leaving safepoint region
[2025-10-02T08:49:24.825+0000][45263.811s][5523][5530][info ] Total time for which application threads were stopped: 0.0001496 seconds, Stopping threads took: 0.0000273 seconds
[2025-10-02T08:49:25.825+0000][45264.811s][5523][5530][info ] Application time: 1.0000905 seconds
[2025-10-02T08:49:25.825+0000][45264.811s][5523][5530][info ] Entering safepoint region: Cleanup
[2025-10-02T08:49:25.825+0000][45264.811s][5523][5530][info ] Leaving safepoint region
[2025-10-02T08:49:25.825+0000][45264.811s][5523][5530][info ] Total time for which application threads were stopped: 0.0001438 seconds, Stopping threads took: 0.0000256 seconds
[2025-10-02T08:49:26.289+0000][45265.275s][5523][5529][trace] CMS: promo attempt is safe: available(765483624) >= av_promo(4228508), max_promo(150407608)
[2025-10-02T08:49:26.825+0000][45265.811s][5523][5530][info ] Application time: 1.0001078 seconds
[2025-10-02T08:49:26.825+0000][45265.811s][5523][5530][info ] Entering safepoint region: Cleanup
[2025-10-02T08:49:26.825+0000][45265.812s][5523][5530][info ] Leaving safepoint region
[2025-10-02T08:49:26.825+0000][45265.812s][5523][5530][info ] Total time for which application threads were stopped: 0.0001738 seconds, Stopping threads took: 0.0000303 seconds
[2025-10-02T08:49:27.825+0000][45266.812s][5523][5530][info ] Application time: 1.0000761 seconds
[2025-10-02T08:49:27.826+0000][45266.812s][5523][5530][info ] Entering safepoint region: Cleanup
[2025-10-02T08:49:27.826+0000][45266.812s][5523][5530][info ] Leaving safepoint region
[2025-10-02T08:49:27.826+0000][45266.812s][5523][5530][info ] Total time for which application threads were stopped: 0.0001579 seconds, Stopping threads took: 0.0000485 seconds
[2025-10-02T08:49:28.826+0000][45267.812s][5523][5530][info ] Application time: 1.0001064 seconds
[2025-10-02T08:49:28.826+0000][45267.812s][5523][5530][info ] Entering safepoint region: Cleanup
[2025-10-02T08:49:28.826+0000][45267.812s][5523][5530][info ] Leaving safepoint region
[2025-10-02T08:49:28.826+0000][45267.812s][5523][5530][info ] Total time for which application threads were stopped: 0.0001388 seconds, Stopping threads took: 0.0000264 seconds
[2025-10-02T08:49:29.826+0000][45268.812s][5523][5530][info ] Application time: 1.0001077 seconds
[2025-10-02T08:49:29.826+0000][45268.812s][5523][5530][info ] Entering safepoint region: Cleanup
[2025-10-02T08:49:29.826+0000][45268.812s][5523][5530][info ] Leaving safepoint region
[2025-10-02T08:49:29.826+0000][45268.812s][5523][5530][info ] Total time for which application threads were stopped: 0.0001355 seconds, Stopping threads took: 0.0000263 seconds
[2025-10-02T08:49:30.826+0000][45269.813s][5523][5530][info ] Application time: 1.0000974 seconds
[2025-10-02T08:49:30.826+0000][45269.813s][5523][5530][info ] Entering safepoint region: Cleanup
[2025-10-02T08:49:30.827+0000][45269.813s][5523][5530][info ] Leaving safepoint region
[2025-10-02T08:49:30.827+0000][45269.813s][5523][5530][info ] Total time for which application threads were stopped: 0.0001620 seconds, Stopping threads took: 0.0000328 seconds
[2025-10-02T08:49:31.827+0000][45270.813s][5523][5530][info ] Application time: 1.0001089 seconds
[2025-10-02T08:49:31.827+0000][45270.813s][5523][5530][info ] Entering safepoint region: Cleanup
[2025-10-02T08:49:31.827+0000][45270.813s][5523][5530][info ] Leaving safepoint region
[2025-10-02T08:49:31.827+0000][45270.813s][5523][5530][info ] Total time for which application threads were stopped: 0.0001308 seconds, Stopping threads took: 0.0000242 seconds
[2025-10-02T08:49:32.827+0000][45271.813s][5523][5530][info ] Application time: 1.0000894 seconds
[2025-10-02T08:49:32.827+0000][45271.813s][5523][5530][info ] Entering safepoint region: Cleanup
[2025-10-02T08:49:32.827+0000][45271.813s][5523][5530][info ] Leaving safepoint region
[2025-10-02T08:49:32.827+0000][45271.813s][5523][5530][info ] Total time for which application threads were stopped: 0.0001762 seconds, Stopping threads took: 0.0000331 seconds
[2025-10-02T08:49:33.827+0000][45272.814s][5523][5530][info ] Application time: 1.0001019 seconds
[2025-10-02T08:49:33.827+0000][45272.814s][5523][5530][info ] Entering safepoint region: Cleanup
[2025-10-02T08:49:33.828+0000][45272.814s][5523][5530][info ] Leaving safepoint region
[2025-10-02T08:49:33.828+0000][45272.814s][5523][5530][info ] Total time for which application threads were stopped: 0.0001664 seconds, Stopping threads took: 0.0000281 seconds
[2025-10-02T08:49:34.828+0000][45273.814s][5523][5530][info ] Application time: 1.0000983 seconds
[2025-10-02T08:49:34.828+0000][45273.814s][5523][5530][info ] Entering safepoint region: Cleanup
[2025-10-02T08:49:34.828+0000][45273.814s][5523][5530][info ] Leaving safepoint region
[2025-10-02T08:49:34.828+0000][45273.814s][5523][5530][info ] Total time for which application threads were stopped: 0.0001405 seconds, Stopping threads took: 0.0000308 seconds
[2025-10-02T08:49:35.828+0000][45274.814s][5523][5530][info ] Application time: 1.0001073 seconds
[2025-10-02T08:49:35.828+0000][45274.814s][5523][5530][info ] Entering safepoint region: Cleanup
[2025-10-02T08:49:35.828+0000][45274.814s][5523][5530][info ] Leaving safepoint region
[2025-10-02T08:49:35.828+0000][45274.814s][5523][5530][info ] Total time for which application threads were stopped: 0.0001392 seconds, Stopping threads took: 0.0000262 seconds
[2025-10-02T08:49:36.289+0000][45275.276s][5523][5529][trace] CMS: promo attempt is safe: available(765483624) >= av_promo(4228508), max_promo(151350944)
[2025-10-02T08:49:36.828+0000][45275.815s][5523][5530][info ] Application time: 1.0001061 seconds
[2025-10-02T08:49:36.828+0000][45275.815s][5523][5530][info ] Entering safepoint region: Cleanup
[2025-10-02T08:49:36.828+0000][45275.815s][5523][5530][info ] Leaving safepoint region
[2025-10-02T08:49:36.828+0000][45275.815s][5523][5530][info ] Total time for which application threads were stopped: 0.0001508 seconds, Stopping threads took: 0.0000270 seconds
[2025-10-02T08:49:37.829+0000][45276.815s][5523][5530][info ] Application time: 1.0001015 seconds
[2025-10-02T08:49:37.829+0000][45276.815s][5523][5530][info ] Entering safepoint region: Cleanup
[2025-10-02T08:49:37.829+0000][45276.815s][5523][5530][info ] Leaving safepoint region
[2025-10-02T08:49:37.829+0000][45276.815s][5523][5530][info ] Total time for which application threads were stopped: 0.0001388 seconds, Stopping threads took: 0.0000248 seconds
[2025-10-02T08:49:38.829+0000][45277.815s][5523][5530][info ] Application time: 1.0000742 seconds
[2025-10-02T08:49:38.829+0000][45277.815s][5523][5530][info ] Entering safepoint region: Cleanup
[2025-10-02T08:49:38.829+0000][45277.815s][5523][5530][info ] Leaving safepoint region
[2025-10-02T08:49:38.829+0000][45277.815s][5523][5530][info ] Total time for which application threads were stopped: 0.0001512 seconds, Stopping threads took: 0.0000350 seconds
[2025-10-02T08:49:39.829+0000][45278.815s][5523][5530][info ] Application time: 1.0000957 seconds
[2025-10-02T08:49:39.829+0000][45278.815s][5523][5530][info ] Entering safepoint region: Cleanup
[2025-10-02T08:49:39.829+0000][45278.816s][5523][5530][info ] Leaving safepoint region
[2025-10-02T08:49:39.829+0000][45278.816s][5523][5530][info ] Total time for which application threads were stopped: 0.0001386 seconds, Stopping threads took: 0.0000271 seconds
[2025-10-02T08:49:40.829+0000][45279.816s][5523][5530][info ] Application time: 1.0000844 seconds
[2025-10-02T08:49:40.830+0000][45279.816s][5523][5530][info ] Entering safepoint region: Cleanup
[2025-10-02T08:49:40.830+0000][45279.816s][5523][5530][info ] Leaving safepoint region
[2025-10-02T08:49:40.830+0000][45279.816s][5523][5530][info ] Total time for which application threads were stopped: 0.0001447 seconds, Stopping threads took: 0.0000327 seconds
[2025-10-02T08:49:41.830+0000][45280.816s][5523][5530][info ] Application time: 1.0000747 seconds
[2025-10-02T08:49:41.830+0000][45280.816s][5523][5530][info ] Entering safepoint region: Cleanup
[2025-10-02T08:49:41.830+0000][45280.816s][5523][5530][info ] Leaving safepoint region
[2025-10-02T08:49:41.830+0000][45280.816s][5523][5530][info ] Total time for which application threads were stopped: 0.0001348 seconds, Stopping threads took: 0.0000265 seconds
[2025-10-02T08:49:42.830+0000][45281.816s][5523][5530][info ] Application time: 1.0000991 seconds
[2025-10-02T08:49:42.830+0000][45281.816s][5523][5530][info ] Entering safepoint region: Cleanup
[2025-10-02T08:49:42.830+0000][45281.816s][5523][5530][info ] Leaving safepoint region
[2025-10-02T08:49:42.830+0000][45281.816s][5523][5530][info ] Total time for which application threads were stopped: 0.0001393 seconds, Stopping threads took: 0.0000255 seconds
[2025-10-02T08:49:43.830+0000][45282.817s][5523][5530][info ] Application time: 1.0001284 seconds
[2025-10-02T08:49:43.830+0000][45282.817s][5523][5530][info ] Entering safepoint region: Cleanup
[2025-10-02T08:49:43.831+0000][45282.817s][5523][5530][info ] Leaving safepoint region
[2025-10-02T08:49:43.831+0000][45282.817s][5523][5530][info ] Total time for which application threads were stopped: 0.0001730 seconds, Stopping threads took: 0.0000271 seconds
[2025-10-02T08:49:44.831+0000][45283.817s][5523][5530][info ] Application time: 1.0001075 seconds
[2025-10-02T08:49:44.831+0000][45283.817s][5523][5530][info ] Entering safepoint region: Cleanup
[2025-10-02T08:49:44.831+0000][45283.817s][5523][5530][info ] Leaving safepoint region
[2025-10-02T08:49:44.831+0000][45283.817s][5523][5530][info ] Total time for which application threads were stopped: 0.0001437 seconds, Stopping threads took: 0.0000283 seconds
[2025-10-02T08:49:45.831+0000][45284.817s][5523][5530][info ] Application time: 1.0001415 seconds
[2025-10-02T08:49:45.831+0000][45284.817s][5523][5530][info ] Entering safepoint region: Cleanup
[2025-10-02T08:49:45.831+0000][45284.817s][5523][5530][info ] Leaving safepoint region
[2025-10-02T08:49:45.831+0000][45284.818s][5523][5530][info ] Total time for which application threads were stopped: 0.0001545 seconds, Stopping threads took: 0.0000288 seconds
[2025-10-02T08:49:46.289+0000][45285.276s][5523][5529][trace] CMS: promo attempt is safe: available(765483624) >= av_promo(4228508), max_promo(152656328)
[2025-10-02T08:49:46.831+0000][45285.818s][5523][5530][info ] Application time: 1.0001014 seconds
[2025-10-02T08:49:46.831+0000][45285.818s][5523][5530][info ] Entering safepoint region: Cleanup
[2025-10-02T08:49:46.832+0000][45285.818s][5523][5530][info ] Leaving safepoint region
[2025-10-02T08:49:46.832+0000][45285.818s][5523][5530][info ] Total time for which application threads were stopped: 0.0001685 seconds, Stopping threads took: 0.0000276 seconds
[2025-10-02T08:49:47.832+0000][45286.818s][5523][5530][info ] Application time: 1.0000978 seconds
[2025-10-02T08:49:47.832+0000][45286.818s][5523][5530][info ] Entering safepoint region: Cleanup
[2025-10-02T08:49:47.832+0000][45286.818s][5523][5530][info ] Leaving safepoint region
[2025-10-02T08:49:47.832+0000][45286.818s][5523][5530][info ] Total time for which application threads were stopped: 0.0001390 seconds, Stopping threads took: 0.0000276 seconds
[2025-10-02T08:49:48.832+0000][45287.818s][5523][5530][info ] Application time: 1.0000790 seconds
[2025-10-02T08:49:48.832+0000][45287.818s][5523][5530][info ] Entering safepoint region: Cleanup
[2025-10-02T08:49:48.832+0000][45287.818s][5523][5530][info ] Leaving safepoint region
[2025-10-02T08:49:48.832+0000][45287.818s][5523][5530][info ] Total time for which application threads were stopped: 0.0001406 seconds, Stopping threads took: 0.0000270 seconds
[2025-10-02T08:49:49.832+0000][45288.819s][5523][5530][info ] Application time: 1.0000925 seconds
[2025-10-02T08:49:49.832+0000][45288.819s][5523][5530][info ] Entering safepoint region: Cleanup
[2025-10-02T08:49:49.832+0000][45288.819s][5523][5530][info ] Leaving safepoint region
[2025-10-02T08:49:49.832+0000][45288.819s][5523][5530][info ] Total time for which application threads were stopped: 0.0001367 seconds, Stopping threads took: 0.0000233 seconds
[2025-10-02T08:49:50.833+0000][45289.819s][5523][5530][info ] Application time: 1.0001020 seconds
[2025-10-02T08:49:50.833+0000][45289.819s][5523][5530][info ] Entering safepoint region: Cleanup
[2025-10-02T08:49:50.833+0000][45289.819s][5523][5530][info ] Leaving safepoint region
[2025-10-02T08:49:50.833+0000][45289.819s][5523][5530][info ] Total time for which application threads were stopped: 0.0001365 seconds, Stopping threads took: 0.0000253 seconds
[2025-10-02T08:49:51.833+0000][45290.819s][5523][5530][info ] Application time: 1.0001136 seconds
[2025-10-02T08:49:51.833+0000][45290.819s][5523][5530][info ] Entering safepoint region: Cleanup
[2025-10-02T08:49:51.833+0000][45290.819s][5523][5530][info ] Leaving safepoint region
[2025-10-02T08:49:51.833+0000][45290.819s][5523][5530][info ] Total time for which application threads were stopped: 0.0001438 seconds, Stopping threads took: 0.0000280 seconds
[2025-10-02T08:49:52.833+0000][45291.819s][5523][5530][info ] Application time: 1.0000834 seconds
[2025-10-02T08:49:52.833+0000][45291.819s][5523][5530][info ] Entering safepoint region: Cleanup
[2025-10-02T08:49:52.833+0000][45291.820s][5523][5530][info ] Leaving safepoint region
[2025-10-02T08:49:52.833+0000][45291.820s][5523][5530][info ] Total time for which application threads were stopped: 0.0001372 seconds, Stopping threads took: 0.0000273 seconds
[2025-10-02T08:49:53.833+0000][45292.820s][5523][5530][info ] Application time: 1.0000715 seconds
[2025-10-02T08:49:53.834+0000][45292.820s][5523][5530][info ] Entering safepoint region: Cleanup
[2025-10-02T08:49:53.834+0000][45292.820s][5523][5530][info ] Leaving safepoint region
[2025-10-02T08:49:53.834+0000][45292.820s][5523][5530][info ] Total time for which application threads were stopped: 0.0001581 seconds, Stopping threads took: 0.0000482 seconds
[2025-10-02T08:49:54.834+0000][45293.820s][5523][5530][info ] Application time: 1.0000964 seconds
[2025-10-02T08:49:54.834+0000][45293.820s][5523][5530][info ] Entering safepoint region: Cleanup
[2025-10-02T08:49:54.834+0000][45293.820s][5523][5530][info ] Leaving safepoint region
[2025-10-02T08:49:54.834+0000][45293.820s][5523][5530][info ] Total time for which application threads were stopped: 0.0001544 seconds, Stopping threads took: 0.0000275 seconds
[2025-10-02T08:49:55.834+0000][45294.820s][5523][5530][info ] Application time: 1.0000997 seconds
[2025-10-02T08:49:55.834+0000][45294.820s][5523][5530][info ] Entering safepoint region: Cleanup
[2025-10-02T08:49:55.834+0000][45294.820s][5523][5530][info ] Leaving safepoint region
[2025-10-02T08:49:55.834+0000][45294.820s][5523][5530][info ] Total time for which application threads were stopped: 0.0001436 seconds, Stopping threads took: 0.0000267 seconds
[2025-10-02T08:49:56.289+0000][45295.276s][5523][5529][trace] CMS: promo attempt is safe: available(765483624) >= av_promo(4228508), max_promo(152658984)
[2025-10-02T08:49:56.834+0000][45295.821s][5523][5530][info ] Application time: 1.0001004 seconds
[2025-10-02T08:49:56.834+0000][45295.821s][5523][5530][info ] Entering safepoint region: Cleanup
[2025-10-02T08:49:56.835+0000][45295.821s][5523][5530][info ] Leaving safepoint region
[2025-10-02T08:49:56.835+0000][45295.821s][5523][5530][info ] Total time for which application threads were stopped: 0.0001699 seconds, Stopping threads took: 0.0000306 seconds
[2025-10-02T08:49:57.835+0000][45296.821s][5523][5530][info ] Application time: 1.0001037 seconds
[2025-10-02T08:49:57.835+0000][45296.821s][5523][5530][info ] Entering safepoint region: Cleanup
[2025-10-02T08:49:57.835+0000][45296.821s][5523][5530][info ] Leaving safepoint region
[2025-10-02T08:49:57.835+0000][45296.821s][5523][5530][info ] Total time for which application threads were stopped: 0.0001427 seconds, Stopping threads took: 0.0000277 seconds
[2025-10-02T08:49:58.835+0000][45297.821s][5523][5530][info ] Application time: 1.0001230 seconds
[2025-10-02T08:49:58.835+0000][45297.821s][5523][5530][info ] Entering safepoint region: Cleanup
[2025-10-02T08:49:58.835+0000][45297.821s][5523][5530][info ] Leaving safepoint region
[2025-10-02T08:49:58.835+0000][45297.821s][5523][5530][info ] Total time for which application threads were stopped: 0.0001396 seconds, Stopping threads took: 0.0000269 seconds
[2025-10-02T08:49:59.835+0000][45298.822s][5523][5530][info ] Application time: 1.0001013 seconds
[2025-10-02T08:49:59.835+0000][45298.822s][5523][5530][info ] Entering safepoint region: Cleanup
[2025-10-02T08:49:59.836+0000][45298.822s][5523][5530][info ] Leaving safepoint region
[2025-10-02T08:49:59.836+0000][45298.822s][5523][5530][info ] Total time for which application threads were stopped: 0.0001533 seconds, Stopping threads took: 0.0000285 seconds
[2025-10-02T08:50:00.836+0000][45299.822s][5523][5530][info ] Application time: 1.0000969 seconds
[2025-10-02T08:50:00.836+0000][45299.822s][5523][5530][info ] Entering safepoint region: Cleanup
[2025-10-02T08:50:00.836+0000][45299.822s][5523][5530][info ] Leaving safepoint region
[2025-10-02T08:50:00.836+0000][45299.822s][5523][5530][info ] Total time for which application threads were stopped: 0.0001499 seconds, Stopping threads took: 0.0000314 seconds
[2025-10-02T08:50:01.836+0000][45300.822s][5523][5530][info ] Application time: 1.0001209 seconds
[2025-10-02T08:50:01.836+0000][45300.822s][5523][5530][info ] Entering safepoint region: Cleanup
[2025-10-02T08:50:01.836+0000][45300.823s][5523][5530][info ] Leaving safepoint region
[2025-10-02T08:50:01.836+0000][45300.823s][5523][5530][info ] Total time for which application threads were stopped: 0.0002493 seconds, Stopping threads took: 0.0001377 seconds
[2025-10-02T08:50:02.836+0000][45301.823s][5523][5530][info ] Application time: 1.0001112 seconds
[2025-10-02T08:50:02.837+0000][45301.823s][5523][5530][info ] Entering safepoint region: Cleanup
[2025-10-02T08:50:02.837+0000][45301.823s][5523][5530][info ] Leaving safepoint region
[2025-10-02T08:50:02.837+0000][45301.823s][5523][5530][info ] Total time for which application threads were stopped: 0.0001355 seconds, Stopping threads took: 0.0000252 seconds
[2025-10-02T08:50:03.837+0000][45302.823s][5523][5530][info ] Application time: 1.0000967 seconds
[2025-10-02T08:50:03.837+0000][45302.823s][5523][5530][info ] Entering safepoint region: Cleanup
[2025-10-02T08:50:03.837+0000][45302.823s][5523][5530][info ] Leaving safepoint region
[2025-10-02T08:50:03.837+0000][45302.823s][5523][5530][info ] Total time for which application threads were stopped: 0.0001401 seconds, Stopping threads took: 0.0000260 seconds
[2025-10-02T08:50:04.837+0000][45303.823s][5523][5530][info ] Application time: 1.0001046 seconds
[2025-10-02T08:50:04.837+0000][45303.823s][5523][5530][info ] Entering safepoint region: Cleanup
[2025-10-02T08:50:04.837+0000][45303.824s][5523][5530][info ] Leaving safepoint region
[2025-10-02T08:50:04.837+0000][45303.824s][5523][5530][info ] Total time for which application threads were stopped: 0.0001366 seconds, Stopping threads took: 0.0000262 seconds
[2025-10-02T08:50:05.837+0000][45304.824s][5523][5530][info ] Application time: 1.0000955 seconds
[2025-10-02T08:50:05.837+0000][45304.824s][5523][5530][info ] Entering safepoint region: Cleanup
[2025-10-02T08:50:05.838+0000][45304.824s][5523][5530][info ] Leaving safepoint region
[2025-10-02T08:50:05.838+0000][45304.824s][5523][5530][info ] Total time for which application threads were stopped: 0.0001569 seconds, Stopping threads took: 0.0000275 seconds
[2025-10-02T08:50:06.289+0000][45305.275s][5523][5529][trace] CMS: promo attempt is safe: available(765483624) >= av_promo(4228508), max_promo(152781976)
[2025-10-02T08:50:06.838+0000][45305.824s][5523][5530][info ] Application time: 1.0000768 seconds
[2025-10-02T08:50:06.838+0000][45305.824s][5523][5530][info ] Entering safepoint region: Cleanup
[2025-10-02T08:50:06.838+0000][45305.824s][5523][5530][info ] Leaving safepoint region
[2025-10-02T08:50:06.838+0000][45305.824s][5523][5530][info ] Total time for which application threads were stopped: 0.0001386 seconds, Stopping threads took: 0.0000272 seconds
[2025-10-02T08:50:07.838+0000][45306.824s][5523][5530][info ] Application time: 1.0001034 seconds
[2025-10-02T08:50:07.838+0000][45306.824s][5523][5530][info ] Entering safepoint region: Cleanup
[2025-10-02T08:50:07.838+0000][45306.824s][5523][5530][info ] Leaving safepoint region
[2025-10-02T08:50:07.838+0000][45306.824s][5523][5530][info ] Total time for which application threads were stopped: 0.0001382 seconds, Stopping threads took: 0.0000276 seconds
[2025-10-02T08:50:08.838+0000][45307.824s][5523][5530][info ] Application time: 1.0000827 seconds
[2025-10-02T08:50:08.838+0000][45307.825s][5523][5530][info ] Entering safepoint region: Cleanup
[2025-10-02T08:50:08.838+0000][45307.825s][5523][5530][info ] Leaving safepoint region
[2025-10-02T08:50:08.838+0000][45307.825s][5523][5530][info ] Total time for which application threads were stopped: 0.0001464 seconds, Stopping threads took: 0.0000302 seconds
[2025-10-02T08:50:09.839+0000][45308.825s][5523][5530][info ] Application time: 1.0000981 seconds
[2025-10-02T08:50:09.839+0000][45308.825s][5523][5530][info ] Entering safepoint region: Cleanup
[2025-10-02T08:50:09.839+0000][45308.825s][5523][5530][info ] Leaving safepoint region
[2025-10-02T08:50:09.839+0000][45308.825s][5523][5530][info ] Total time for which application threads were stopped: 0.0001407 seconds, Stopping threads took: 0.0000262 seconds
[2025-10-02T08:50:10.839+0000][45309.825s][5523][5530][info ] Application time: 1.0001018 seconds
[2025-10-02T08:50:10.839+0000][45309.825s][5523][5530][info ] Entering safepoint region: Cleanup
[2025-10-02T08:50:10.839+0000][45309.825s][5523][5530][info ] Leaving safepoint region
[2025-10-02T08:50:10.839+0000][45309.825s][5523][5530][info ] Total time for which application threads were stopped: 0.0002107 seconds, Stopping threads took: 0.0000262 seconds
[2025-10-02T08:50:11.839+0000][45310.825s][5523][5530][info ] Application time: 1.0001094 seconds
[2025-10-02T08:50:11.839+0000][45310.826s][5523][5530][info ] Entering safepoint region: Cleanup
[2025-10-02T08:50:11.839+0000][45310.826s][5523][5530][info ] Leaving safepoint region
[2025-10-02T08:50:11.839+0000][45310.826s][5523][5530][info ] Total time for which application threads were stopped: 0.0001528 seconds, Stopping threads took: 0.0000421 seconds
[2025-10-02T08:50:12.840+0000][45311.826s][5523][5530][info ] Application time: 1.0001134 seconds
[2025-10-02T08:50:12.840+0000][45311.826s][5523][5530][info ] Entering safepoint region: Cleanup
[2025-10-02T08:50:12.840+0000][45311.826s][5523][5530][info ] Leaving safepoint region
[2025-10-02T08:50:12.840+0000][45311.826s][5523][5530][info ] Total time for which application threads were stopped: 0.0001422 seconds, Stopping threads took: 0.0000252 seconds
[2025-10-02T08:50:13.840+0000][45312.826s][5523][5530][info ] Application time: 1.0001032 seconds
[2025-10-02T08:50:13.840+0000][45312.826s][5523][5530][info ] Entering safepoint region: Cleanup
[2025-10-02T08:50:13.840+0000][45312.826s][5523][5530][info ] Leaving safepoint region
[2025-10-02T08:50:13.840+0000][45312.826s][5523][5530][info ] Total time for which application threads were stopped: 0.0001492 seconds, Stopping threads took: 0.0000278 seconds
[2025-10-02T08:50:14.840+0000][45313.826s][5523][5530][info ] Application time: 1.0000905 seconds
[2025-10-02T08:50:14.840+0000][45313.826s][5523][5530][info ] Entering safepoint region: Cleanup
[2025-10-02T08:50:14.840+0000][45313.827s][5523][5530][info ] Leaving safepoint region
[2025-10-02T08:50:14.840+0000][45313.827s][5523][5530][info ] Total time for which application threads were stopped: 0.0001370 seconds, Stopping threads took: 0.0000273 seconds
[2025-10-02T08:50:15.840+0000][45314.827s][5523][5530][info ] Application time: 1.0000954 seconds
[2025-10-02T08:50:15.841+0000][45314.827s][5523][5530][info ] Entering safepoint region: Cleanup
[2025-10-02T08:50:15.841+0000][45314.827s][5523][5530][info ] Leaving safepoint region
[2025-10-02T08:50:15.841+0000][45314.827s][5523][5530][info ] Total time for which application threads were stopped: 0.0001516 seconds, Stopping threads took: 0.0000398 seconds
[2025-10-02T08:50:16.289+0000][45315.275s][5523][5529][trace] CMS: promo attempt is safe: available(765483624) >= av_promo(4228508), max_promo(153657800)
[2025-10-02T08:50:16.841+0000][45315.827s][5523][5530][info ] Application time: 1.0001128 seconds
[2025-10-02T08:50:16.841+0000][45315.827s][5523][5530][info ] Entering safepoint region: Cleanup
[2025-10-02T08:50:16.841+0000][45315.827s][5523][5530][info ] Leaving safepoint region
[2025-10-02T08:50:16.841+0000][45315.827s][5523][5530][info ] Total time for which application threads were stopped: 0.0001411 seconds, Stopping threads took: 0.0000284 seconds
[2025-10-02T08:50:17.841+0000][45316.827s][5523][5530][info ] Application time: 1.0000902 seconds
[2025-10-02T08:50:17.841+0000][45316.827s][5523][5530][info ] Entering safepoint region: Cleanup
[2025-10-02T08:50:17.841+0000][45316.827s][5523][5530][info ] Leaving safepoint region
[2025-10-02T08:50:17.841+0000][45316.827s][5523][5530][info ] Total time for which application threads were stopped: 0.0001349 seconds, Stopping threads took: 0.0000263 seconds
[2025-10-02T08:50:18.841+0000][45317.828s][5523][5530][info ] Application time: 1.0000786 seconds
[2025-10-02T08:50:18.841+0000][45317.828s][5523][5530][info ] Entering safepoint region: Cleanup
[2025-10-02T08:50:18.842+0000][45317.828s][5523][5530][info ] Leaving safepoint region
[2025-10-02T08:50:18.842+0000][45317.828s][5523][5530][info ] Total time for which application threads were stopped: 0.0001686 seconds, Stopping threads took: 0.0000328 seconds
[2025-10-02T08:50:19.842+0000][45318.828s][5523][5530][info ] Application time: 1.0000770 seconds
[2025-10-02T08:50:19.842+0000][45318.828s][5523][5530][info ] Entering safepoint region: Cleanup
[2025-10-02T08:50:19.842+0000][45318.828s][5523][5530][info ] Leaving safepoint region
[2025-10-02T08:50:19.842+0000][45318.828s][5523][5530][info ] Total time for which application threads were stopped: 0.0001371 seconds, Stopping threads took: 0.0000272 seconds
[2025-10-02T08:50:20.842+0000][45319.828s][5523][5530][info ] Application time: 1.0000824 seconds
[2025-10-02T08:50:20.842+0000][45319.828s][5523][5530][info ] Entering safepoint region: Cleanup
[2025-10-02T08:50:20.842+0000][45319.828s][5523][5530][info ] Leaving safepoint region
[2025-10-02T08:50:20.842+0000][45319.828s][5523][5530][info ] Total time for which application threads were stopped: 0.0001427 seconds, Stopping threads took: 0.0000285 seconds
[2025-10-02T08:50:21.842+0000][45320.828s][5523][5530][info ] Application time: 1.0000991 seconds
[2025-10-02T08:50:21.842+0000][45320.829s][5523][5530][info ] Entering safepoint region: Cleanup
[2025-10-02T08:50:21.842+0000][45320.829s][5523][5530][info ] Leaving safepoint region
[2025-10-02T08:50:21.842+0000][45320.829s][5523][5530][info ] Total time for which application threads were stopped: 0.0001427 seconds, Stopping threads took: 0.0000283 seconds
[2025-10-02T08:50:22.843+0000][45321.829s][5523][5530][info ] Application time: 1.0001090 seconds
[2025-10-02T08:50:22.843+0000][45321.829s][5523][5530][info ] Entering safepoint region: Cleanup
[2025-10-02T08:50:22.843+0000][45321.829s][5523][5530][info ] Leaving safepoint region
[2025-10-02T08:50:22.843+0000][45321.829s][5523][5530][info ] Total time for which application threads were stopped: 0.0001454 seconds, Stopping threads took: 0.0000356 seconds
[2025-10-02T08:50:23.843+0000][45322.829s][5523][5530][info ] Application time: 1.0001085 seconds
[2025-10-02T08:50:23.843+0000][45322.829s][5523][5530][info ] Entering safepoint region: Cleanup
[2025-10-02T08:50:23.843+0000][45322.829s][5523][5530][info ] Leaving safepoint region
[2025-10-02T08:50:23.843+0000][45322.829s][5523][5530][info ] Total time for which application threads were stopped: 0.0002099 seconds, Stopping threads took: 0.0000254 seconds
[2025-10-02T08:50:24.843+0000][45323.829s][5523][5530][info ] Application time: 1.0001015 seconds
[2025-10-02T08:50:24.843+0000][45323.829s][5523][5530][info ] Entering safepoint region: Cleanup
[2025-10-02T08:50:24.843+0000][45323.830s][5523][5530][info ] Leaving safepoint region
[2025-10-02T08:50:24.843+0000][45323.830s][5523][5530][info ] Total time for which application threads were stopped: 0.0001364 seconds, Stopping threads took: 0.0000273 seconds
[2025-10-02T08:50:25.844+0000][45324.830s][5523][5530][info ] Application time: 1.0001187 seconds
[2025-10-02T08:50:25.844+0000][45324.830s][5523][5530][info ] Entering safepoint region: Cleanup
[2025-10-02T08:50:25.844+0000][45324.830s][5523][5530][info ] Leaving safepoint region
[2025-10-02T08:50:25.844+0000][45324.830s][5523][5530][info ] Total time for which application threads were stopped: 0.0001414 seconds, Stopping threads took: 0.0000249 seconds
[2025-10-02T08:50:26.289+0000][45325.275s][5523][5529][trace] CMS: promo attempt is safe: available(765483624) >= av_promo(4228508), max_promo(153657800)
[2025-10-02T08:50:26.844+0000][45325.830s][5523][5530][info ] Application time: 1.0000884 seconds
[2025-10-02T08:50:26.844+0000][45325.830s][5523][5530][info ] Entering safepoint region: Cleanup
[2025-10-02T08:50:26.844+0000][45325.830s][5523][5530][info ] Leaving safepoint region
[2025-10-02T08:50:26.844+0000][45325.830s][5523][5530][info ] Total time for which application threads were stopped: 0.0001316 seconds, Stopping threads took: 0.0000254 seconds
[2025-10-02T08:50:27.844+0000][45326.830s][5523][5530][info ] Application time: 1.0000891 seconds
[2025-10-02T08:50:27.844+0000][45326.830s][5523][5530][info ] Entering safepoint region: Cleanup
[2025-10-02T08:50:27.844+0000][45326.830s][5523][5530][info ] Leaving safepoint region
[2025-10-02T08:50:27.844+0000][45326.830s][5523][5530][info ] Total time for which application threads were stopped: 0.0001483 seconds, Stopping threads took: 0.0000262 seconds
[2025-10-02T08:50:28.844+0000][45327.831s][5523][5530][info ] Application time: 1.0000900 seconds
[2025-10-02T08:50:28.844+0000][45327.831s][5523][5530][info ] Entering safepoint region: Cleanup
[2025-10-02T08:50:28.845+0000][45327.831s][5523][5530][info ] Leaving safepoint region
[2025-10-02T08:50:28.846+0000][45327.832s][5523][5530][info ] Total time for which application threads were stopped: 0.0011523 seconds, Stopping threads took: 0.0000258 seconds
[2025-10-02T08:50:29.846+0000][45328.832s][5523][5530][info ] Application time: 1.0001038 seconds
[2025-10-02T08:50:29.846+0000][45328.832s][5523][5530][info ] Entering safepoint region: Cleanup
[2025-10-02T08:50:29.846+0000][45328.832s][5523][5530][info ] Leaving safepoint region
[2025-10-02T08:50:29.846+0000][45328.832s][5523][5530][info ] Total time for which application threads were stopped: 0.0001383 seconds, Stopping threads took: 0.0000281 seconds
[2025-10-02T08:50:30.846+0000][45329.832s][5523][5530][info ] Application time: 1.0000822 seconds
[2025-10-02T08:50:30.846+0000][45329.832s][5523][5530][info ] Entering safepoint region: Cleanup
[2025-10-02T08:50:30.846+0000][45329.832s][5523][5530][info ] Leaving safepoint region
[2025-10-02T08:50:30.846+0000][45329.832s][5523][5530][info ] Total time for which application threads were stopped: 0.0001470 seconds, Stopping threads took: 0.0000259 seconds
[2025-10-02T08:50:31.846+0000][45330.832s][5523][5530][info ] Application time: 1.0000797 seconds
[2025-10-02T08:50:31.846+0000][45330.833s][5523][5530][info ] Entering safepoint region: Cleanup
[2025-10-02T08:50:31.846+0000][45330.833s][5523][5530][info ] Leaving safepoint region
[2025-10-02T08:50:31.846+0000][45330.833s][5523][5530][info ] Total time for which application threads were stopped: 0.0001498 seconds, Stopping threads took: 0.0000262 seconds
[2025-10-02T08:50:32.847+0000][45331.833s][5523][5530][info ] Application time: 1.0001078 seconds
[2025-10-02T08:50:32.847+0000][45331.833s][5523][5530][info ] Entering safepoint region: Cleanup
[2025-10-02T08:50:32.847+0000][45331.833s][5523][5530][info ] Leaving safepoint region
[2025-10-02T08:50:32.847+0000][45331.833s][5523][5530][info ] Total time for which application threads were stopped: 0.0001538 seconds, Stopping threads took: 0.0000273 seconds
[2025-10-02T08:50:33.847+0000][45332.833s][5523][5530][info ] Application time: 1.0001034 seconds
[2025-10-02T08:50:33.847+0000][45332.833s][5523][5530][info ] Entering safepoint region: Cleanup
[2025-10-02T08:50:33.847+0000][45332.833s][5523][5530][info ] Leaving safepoint region
[2025-10-02T08:50:33.847+0000][45332.833s][5523][5530][info ] Total time for which application threads were stopped: 0.0002190 seconds, Stopping threads took: 0.0000283 seconds
[2025-10-02T08:50:34.847+0000][45333.833s][5523][5530][info ] Application time: 1.0000937 seconds
[2025-10-02T08:50:34.847+0000][45333.834s][5523][5530][info ] Entering safepoint region: Cleanup
[2025-10-02T08:50:34.847+0000][45333.834s][5523][5530][info ] Leaving safepoint region
[2025-10-02T08:50:34.847+0000][45333.834s][5523][5530][info ] Total time for which application threads were stopped: 0.0001355 seconds, Stopping threads took: 0.0000253 seconds
[2025-10-02T08:50:35.848+0000][45334.834s][5523][5530][info ] Application time: 1.0000893 seconds
[2025-10-02T08:50:35.848+0000][45334.834s][5523][5530][info ] Entering safepoint region: Cleanup
[2025-10-02T08:50:35.848+0000][45334.834s][5523][5530][info ] Leaving safepoint region
[2025-10-02T08:50:35.848+0000][45334.834s][5523][5530][info ] Total time for which application threads were stopped: 0.0001418 seconds, Stopping threads took: 0.0000263 seconds
[2025-10-02T08:50:36.289+0000][45335.275s][5523][5529][trace] CMS: promo attempt is safe: available(765483624) >= av_promo(4228508), max_promo(154706392)
[2025-10-02T08:50:36.848+0000][45335.834s][5523][5530][info ] Application time: 1.0001018 seconds
[2025-10-02T08:50:36.848+0000][45335.834s][5523][5530][info ] Entering safepoint region: Cleanup
[2025-10-02T08:50:36.848+0000][45335.834s][5523][5530][info ] Leaving safepoint region
[2025-10-02T08:50:36.848+0000][45335.834s][5523][5530][info ] Total time for which application threads were stopped: 0.0001424 seconds, Stopping threads took: 0.0000272 seconds
[2025-10-02T08:50:37.848+0000][45336.834s][5523][5530][info ] Application time: 1.0000880 seconds
[2025-10-02T08:50:37.848+0000][45336.834s][5523][5530][info ] Entering safepoint region: Cleanup
[2025-10-02T08:50:37.848+0000][45336.835s][5523][5530][info ] Leaving safepoint region
[2025-10-02T08:50:37.848+0000][45336.835s][5523][5530][info ] Total time for which application threads were stopped: 0.0001426 seconds, Stopping threads took: 0.0000313 seconds
[2025-10-02T08:50:38.848+0000][45337.835s][5523][5530][info ] Application time: 1.0001216 seconds
[2025-10-02T08:50:38.848+0000][45337.835s][5523][5530][info ] Entering safepoint region: Cleanup
[2025-10-02T08:50:38.849+0000][45337.835s][5523][5530][info ] Leaving safepoint region
[2025-10-02T08:50:38.849+0000][45337.835s][5523][5530][info ] Total time for which application threads were stopped: 0.0001498 seconds, Stopping threads took: 0.0000399 seconds
[2025-10-02T08:50:39.849+0000][45338.835s][5523][5530][info ] Application time: 1.0001165 seconds
[2025-10-02T08:50:39.849+0000][45338.835s][5523][5530][info ] Entering safepoint region: Cleanup
[2025-10-02T08:50:39.849+0000][45338.835s][5523][5530][info ] Leaving safepoint region
[2025-10-02T08:50:39.849+0000][45338.835s][5523][5530][info ] Total time for which application threads were stopped: 0.0001432 seconds, Stopping threads took: 0.0000300 seconds
[2025-10-02T08:50:40.849+0000][45339.835s][5523][5530][info ] Application time: 1.0000898 seconds
[2025-10-02T08:50:40.849+0000][45339.835s][5523][5530][info ] Entering safepoint region: Cleanup
[2025-10-02T08:50:40.849+0000][45339.835s][5523][5530][info ] Leaving safepoint region
[2025-10-02T08:50:40.849+0000][45339.835s][5523][5530][info ] Total time for which application threads were stopped: 0.0001339 seconds, Stopping threads took: 0.0000260 seconds
[2025-10-02T08:50:41.849+0000][45340.836s][5523][5530][info ] Application time: 1.0000927 seconds
[2025-10-02T08:50:41.849+0000][45340.836s][5523][5530][info ] Entering safepoint region: Cleanup
[2025-10-02T08:50:41.850+0000][45340.836s][5523][5530][info ] Leaving safepoint region
[2025-10-02T08:50:41.850+0000][45340.836s][5523][5530][info ] Total time for which application threads were stopped: 0.0001677 seconds, Stopping threads took: 0.0000296 seconds
[2025-10-02T08:50:42.850+0000][45341.836s][5523][5530][info ] Application time: 1.0000968 seconds
[2025-10-02T08:50:42.850+0000][45341.836s][5523][5530][info ] Entering safepoint region: Cleanup
[2025-10-02T08:50:42.850+0000][45341.836s][5523][5530][info ] Leaving safepoint region
[2025-10-02T08:50:42.850+0000][45341.836s][5523][5530][info ] Total time for which application threads were stopped: 0.0001474 seconds, Stopping threads took: 0.0000284 seconds
[2025-10-02T08:50:43.850+0000][45342.836s][5523][5530][info ] Application time: 1.0000786 seconds
[2025-10-02T08:50:43.850+0000][45342.836s][5523][5530][info ] Entering safepoint region: Cleanup
[2025-10-02T08:50:43.850+0000][45342.836s][5523][5530][info ] Leaving safepoint region
[2025-10-02T08:50:43.850+0000][45342.836s][5523][5530][info ] Total time for which application threads were stopped: 0.0001352 seconds, Stopping threads took: 0.0000276 seconds
[2025-10-02T08:50:44.850+0000][45343.836s][5523][5530][info ] Application time: 1.0000993 seconds
[2025-10-02T08:50:44.850+0000][45343.836s][5523][5530][info ] Entering safepoint region: Cleanup
[2025-10-02T08:50:44.850+0000][45343.837s][5523][5530][info ] Leaving safepoint region
[2025-10-02T08:50:44.850+0000][45343.837s][5523][5530][info ] Total time for which application threads were stopped: 0.0001292 seconds, Stopping threads took: 0.0000248 seconds
[2025-10-02T08:50:45.850+0000][45344.837s][5523][5530][info ] Application time: 1.0000761 seconds
[2025-10-02T08:50:45.851+0000][45344.837s][5523][5530][info ] Entering safepoint region: Cleanup
[2025-10-02T08:50:45.851+0000][45344.837s][5523][5530][info ] Leaving safepoint region
[2025-10-02T08:50:45.851+0000][45344.837s][5523][5530][info ] Total time for which application threads were stopped: 0.0001393 seconds, Stopping threads took: 0.0000263 seconds
[2025-10-02T08:50:46.289+0000][45345.275s][5523][5529][trace] CMS: promo attempt is safe: available(765483624) >= av_promo(4228508), max_promo(157126888)
[2025-10-02T08:50:46.851+0000][45345.837s][5523][5530][info ] Application time: 1.0000866 seconds
[2025-10-02T08:50:46.851+0000][45345.837s][5523][5530][info ] Entering safepoint region: Cleanup
[2025-10-02T08:50:46.851+0000][45345.837s][5523][5530][info ] Leaving safepoint region
[2025-10-02T08:50:46.851+0000][45345.837s][5523][5530][info ] Total time for which application threads were stopped: 0.0001399 seconds, Stopping threads took: 0.0000271 seconds
[2025-10-02T08:50:47.851+0000][45346.837s][5523][5530][info ] Application time: 1.0002455 seconds
[2025-10-02T08:50:47.851+0000][45346.837s][5523][5530][info ] Entering safepoint region: Cleanup
[2025-10-02T08:50:47.851+0000][45346.838s][5523][5530][info ] Leaving safepoint region
[2025-10-02T08:50:47.851+0000][45346.838s][5523][5530][info ] Total time for which application threads were stopped: 0.0001391 seconds, Stopping threads took: 0.0000259 seconds
[2025-10-02T08:50:48.852+0000][45347.838s][5523][5530][info ] Application time: 1.0000912 seconds
[2025-10-02T08:50:48.852+0000][45347.838s][5523][5530][info ] Entering safepoint region: Cleanup
[2025-10-02T08:50:48.852+0000][45347.838s][5523][5530][info ] Leaving safepoint region
[2025-10-02T08:50:48.852+0000][45347.838s][5523][5530][info ] Total time for which application threads were stopped: 0.0001421 seconds, Stopping threads took: 0.0000259 seconds
[2025-10-02T08:50:49.852+0000][45348.838s][5523][5530][info ] Application time: 1.0000982 seconds
[2025-10-02T08:50:49.852+0000][45348.838s][5523][5530][info ] Entering safepoint region: Cleanup
[2025-10-02T08:50:49.852+0000][45348.838s][5523][5530][info ] Leaving safepoint region
[2025-10-02T08:50:49.852+0000][45348.838s][5523][5530][info ] Total time for which application threads were stopped: 0.0001334 seconds, Stopping threads took: 0.0000273 seconds
[2025-10-02T08:50:50.852+0000][45349.838s][5523][5530][info ] Application time: 1.0001003 seconds
[2025-10-02T08:50:50.852+0000][45349.838s][5523][5530][info ] Entering safepoint region: Cleanup
[2025-10-02T08:50:50.852+0000][45349.838s][5523][5530][info ] Leaving safepoint region
[2025-10-02T08:50:50.852+0000][45349.839s][5523][5530][info ] Total time for which application threads were stopped: 0.0001426 seconds, Stopping threads took: 0.0000257 seconds
[2025-10-02T08:50:51.852+0000][45350.839s][5523][5530][info ] Application time: 1.0001006 seconds
[2025-10-02T08:50:51.852+0000][45350.839s][5523][5530][info ] Entering safepoint region: Cleanup
[2025-10-02T08:50:51.853+0000][45350.839s][5523][5530][info ] Leaving safepoint region
[2025-10-02T08:50:51.853+0000][45350.839s][5523][5530][info ] Total time for which application threads were stopped: 0.0001681 seconds, Stopping threads took: 0.0000269 seconds
[2025-10-02T08:50:52.853+0000][45351.839s][5523][5530][info ] Application time: 1.0000784 seconds
[2025-10-02T08:50:52.853+0000][45351.839s][5523][5530][info ] Entering safepoint region: Cleanup
[2025-10-02T08:50:52.853+0000][45351.839s][5523][5530][info ] Leaving safepoint region
[2025-10-02T08:50:52.853+0000][45351.839s][5523][5530][info ] Total time for which application threads were stopped: 0.0001363 seconds, Stopping threads took: 0.0000267 seconds
[2025-10-02T08:50:53.853+0000][45352.839s][5523][5530][info ] Application time: 1.0000991 seconds
[2025-10-02T08:50:53.853+0000][45352.839s][5523][5530][info ] Entering safepoint region: Cleanup
[2025-10-02T08:50:53.853+0000][45352.839s][5523][5530][info ] Leaving safepoint region
[2025-10-02T08:50:53.853+0000][45352.839s][5523][5530][info ] Total time for which application threads were stopped: 0.0001362 seconds, Stopping threads took: 0.0000272 seconds
[2025-10-02T08:50:54.853+0000][45353.840s][5523][5530][info ] Application time: 1.0001018 seconds
[2025-10-02T08:50:54.853+0000][45353.840s][5523][5530][info ] Entering safepoint region: Cleanup
[2025-10-02T08:50:54.853+0000][45353.840s][5523][5530][info ] Leaving safepoint region
[2025-10-02T08:50:54.853+0000][45353.840s][5523][5530][info ] Total time for which application threads were stopped: 0.0001666 seconds, Stopping threads took: 0.0000318 seconds
[2025-10-02T08:50:55.854+0000][45354.840s][5523][5530][info ] Application time: 1.0001022 seconds
[2025-10-02T08:50:55.854+0000][45354.840s][5523][5530][info ] Entering safepoint region: Cleanup
[2025-10-02T08:50:55.854+0000][45354.840s][5523][5530][info ] Leaving safepoint region
[2025-10-02T08:50:55.854+0000][45354.840s][5523][5530][info ] Total time for which application threads were stopped: 0.0001322 seconds, Stopping threads took: 0.0000247 seconds
[2025-10-02T08:50:56.289+0000][45355.275s][5523][5529][trace] CMS: promo attempt is safe: available(765483624) >= av_promo(4228508), max_promo(157315888)
[2025-10-02T08:50:56.854+0000][45355.840s][5523][5530][info ] Application time: 1.0001021 seconds
[2025-10-02T08:50:56.854+0000][45355.840s][5523][5530][info ] Entering safepoint region: Cleanup
[2025-10-02T08:50:56.854+0000][45355.840s][5523][5530][info ] Leaving safepoint region
[2025-10-02T08:50:56.854+0000][45355.840s][5523][5530][info ] Total time for which application threads were stopped: 0.0001384 seconds, Stopping threads took: 0.0000273 seconds
[2025-10-02T08:50:57.854+0000][45356.840s][5523][5530][info ] Application time: 1.0000862 seconds
[2025-10-02T08:50:57.854+0000][45356.840s][5523][5530][info ] Entering safepoint region: Cleanup
[2025-10-02T08:50:57.854+0000][45356.841s][5523][5530][info ] Leaving safepoint region
[2025-10-02T08:50:57.854+0000][45356.841s][5523][5530][info ] Total time for which application threads were stopped: 0.0001379 seconds, Stopping threads took: 0.0000262 seconds
[2025-10-02T08:50:58.855+0000][45357.841s][5523][5530][info ] Application time: 1.0001260 seconds
[2025-10-02T08:50:58.855+0000][45357.841s][5523][5530][info ] Entering safepoint region: Cleanup
[2025-10-02T08:50:58.855+0000][45357.841s][5523][5530][info ] Leaving safepoint region
[2025-10-02T08:50:58.855+0000][45357.841s][5523][5530][info ] Total time for which application threads were stopped: 0.0001653 seconds, Stopping threads took: 0.0000507 seconds
[2025-10-02T08:50:59.855+0000][45358.841s][5523][5530][info ] Application time: 1.0000843 seconds
[2025-10-02T08:50:59.855+0000][45358.841s][5523][5530][info ] Entering safepoint region: Cleanup
[2025-10-02T08:50:59.855+0000][45358.841s][5523][5530][info ] Leaving safepoint region
[2025-10-02T08:50:59.855+0000][45358.841s][5523][5530][info ] Total time for which application threads were stopped: 0.0001981 seconds, Stopping threads took: 0.0000246 seconds
[2025-10-02T08:51:00.855+0000][45359.841s][5523][5530][info ] Application time: 1.0001018 seconds
[2025-10-02T08:51:00.855+0000][45359.841s][5523][5530][info ] Entering safepoint region: Cleanup
[2025-10-02T08:51:00.855+0000][45359.842s][5523][5530][info ] Leaving safepoint region
[2025-10-02T08:51:00.855+0000][45359.842s][5523][5530][info ] Total time for which application threads were stopped: 0.0001400 seconds, Stopping threads took: 0.0000282 seconds
[2025-10-02T08:51:01.856+0000][45360.842s][5523][5530][info ] Application time: 1.0001262 seconds
[2025-10-02T08:51:01.856+0000][45360.842s][5523][5530][info ] Entering safepoint region: Cleanup
[2025-10-02T08:51:01.856+0000][45360.842s][5523][5530][info ] Leaving safepoint region
[2025-10-02T08:51:01.856+0000][45360.842s][5523][5530][info ] Total time for which application threads were stopped: 0.0001390 seconds, Stopping threads took: 0.0000265 seconds
[2025-10-02T08:51:02.856+0000][45361.842s][5523][5530][info ] Application time: 1.0001238 seconds
[2025-10-02T08:51:02.856+0000][45361.842s][5523][5530][info ] Entering safepoint region: Cleanup
[2025-10-02T08:51:02.856+0000][45361.842s][5523][5530][info ] Leaving safepoint region
[2025-10-02T08:51:02.856+0000][45361.842s][5523][5530][info ] Total time for which application threads were stopped: 0.0001393 seconds, Stopping threads took: 0.0000262 seconds
[2025-10-02T08:51:03.856+0000][45362.842s][5523][5530][info ] Application time: 1.0000904 seconds
[2025-10-02T08:51:03.856+0000][45362.842s][5523][5530][info ] Entering safepoint region: Cleanup
[2025-10-02T08:51:03.856+0000][45362.843s][5523][5530][info ] Leaving safepoint region
[2025-10-02T08:51:03.856+0000][45362.843s][5523][5530][info ] Total time for which application threads were stopped: 0.0001557 seconds, Stopping threads took: 0.0000436 seconds
[2025-10-02T08:51:04.856+0000][45363.843s][5523][5530][info ] Application time: 1.0000942 seconds
[2025-10-02T08:51:04.856+0000][45363.843s][5523][5530][info ] Entering safepoint region: Cleanup
[2025-10-02T08:51:04.857+0000][45363.843s][5523][5530][info ] Leaving safepoint region
[2025-10-02T08:51:04.857+0000][45363.843s][5523][5530][info ] Total time for which application threads were stopped: 0.0001590 seconds, Stopping threads took: 0.0000471 seconds
[2025-10-02T08:51:05.857+0000][45364.843s][5523][5530][info ] Application time: 1.0000904 seconds
[2025-10-02T08:51:05.857+0000][45364.843s][5523][5530][info ] Entering safepoint region: Cleanup
[2025-10-02T08:51:05.857+0000][45364.843s][5523][5530][info ] Leaving safepoint region
[2025-10-02T08:51:05.857+0000][45364.843s][5523][5530][info ] Total time for which application threads were stopped: 0.0001591 seconds, Stopping threads took: 0.0000291 seconds
[2025-10-02T08:51:06.289+0000][45365.275s][5523][5529][trace] CMS: promo attempt is safe: available(765483624) >= av_promo(4228508), max_promo(159173336)
[2025-10-02T08:51:06.857+0000][45365.843s][5523][5530][info ] Application time: 1.0001108 seconds
[2025-10-02T08:51:06.857+0000][45365.843s][5523][5530][info ] Entering safepoint region: Cleanup
[2025-10-02T08:51:06.857+0000][45365.843s][5523][5530][info ] Leaving safepoint region
[2025-10-02T08:51:06.857+0000][45365.843s][5523][5530][info ] Total time for which application threads were stopped: 0.0001418 seconds, Stopping threads took: 0.0000259 seconds
[2025-10-02T08:51:07.857+0000][45366.844s][5523][5530][info ] Application time: 1.0001185 seconds
[2025-10-02T08:51:07.857+0000][45366.844s][5523][5530][info ] Entering safepoint region: Cleanup
[2025-10-02T08:51:07.858+0000][45366.844s][5523][5530][info ] Leaving safepoint region
[2025-10-02T08:51:07.858+0000][45366.844s][5523][5530][info ] Total time for which application threads were stopped: 0.0001693 seconds, Stopping threads took: 0.0000340 seconds
[2025-10-02T08:51:08.858+0000][45367.844s][5523][5530][info ] Application time: 1.0000965 seconds
[2025-10-02T08:51:08.858+0000][45367.844s][5523][5530][info ] Entering safepoint region: Cleanup
[2025-10-02T08:51:08.858+0000][45367.844s][5523][5530][info ] Leaving safepoint region
[2025-10-02T08:51:08.858+0000][45367.844s][5523][5530][info ] Total time for which application threads were stopped: 0.0001409 seconds, Stopping threads took: 0.0000251 seconds
[2025-10-02T08:51:09.858+0000][45368.844s][5523][5530][info ] Application time: 1.0000938 seconds
[2025-10-02T08:51:09.858+0000][45368.844s][5523][5530][info ] Entering safepoint region: Cleanup
[2025-10-02T08:51:09.858+0000][45368.844s][5523][5530][info ] Leaving safepoint region
[2025-10-02T08:51:09.858+0000][45368.844s][5523][5530][info ] Total time for which application threads were stopped: 0.0001468 seconds, Stopping threads took: 0.0000268 seconds
[2025-10-02T08:51:10.858+0000][45369.845s][5523][5530][info ] Application time: 1.0000843 seconds
[2025-10-02T08:51:10.858+0000][45369.845s][5523][5530][info ] Entering safepoint region: Cleanup
[2025-10-02T08:51:10.858+0000][45369.845s][5523][5530][info ] Leaving safepoint region
[2025-10-02T08:51:10.858+0000][45369.845s][5523][5530][info ] Total time for which application threads were stopped: 0.0001428 seconds, Stopping threads took: 0.0000262 seconds
[2025-10-02T08:51:11.859+0000][45370.845s][5523][5530][info ] Application time: 1.0001003 seconds
[2025-10-02T08:51:11.859+0000][45370.845s][5523][5530][info ] Entering safepoint region: Cleanup
[2025-10-02T08:51:11.859+0000][45370.845s][5523][5530][info ] Leaving safepoint region
[2025-10-02T08:51:11.859+0000][45370.845s][5523][5530][info ] Total time for which application threads were stopped: 0.0001558 seconds, Stopping threads took: 0.0000251 seconds
[2025-10-02T08:51:12.859+0000][45371.845s][5523][5530][info ] Application time: 1.0000823 seconds
[2025-10-02T08:51:12.859+0000][45371.845s][5523][5530][info ] Entering safepoint region: Cleanup
[2025-10-02T08:51:12.859+0000][45371.845s][5523][5530][info ] Leaving safepoint region
[2025-10-02T08:51:12.859+0000][45371.845s][5523][5530][info ] Total time for which application threads were stopped: 0.0002028 seconds, Stopping threads took: 0.0000262 seconds
[2025-10-02T08:51:13.859+0000][45372.845s][5523][5530][info ] Application time: 1.0001071 seconds
[2025-10-02T08:51:13.859+0000][45372.846s][5523][5530][info ] Entering safepoint region: Cleanup
[2025-10-02T08:51:13.859+0000][45372.846s][5523][5530][info ] Leaving safepoint region
[2025-10-02T08:51:13.859+0000][45372.846s][5523][5530][info ] Total time for which application threads were stopped: 0.0001434 seconds, Stopping threads took: 0.0000254 seconds
[2025-10-02T08:51:14.860+0000][45373.846s][5523][5530][info ] Application time: 1.0000743 seconds
[2025-10-02T08:51:14.860+0000][45373.846s][5523][5530][info ] Entering safepoint region: Cleanup
[2025-10-02T08:51:14.860+0000][45373.846s][5523][5530][info ] Leaving safepoint region
[2025-10-02T08:51:14.860+0000][45373.846s][5523][5530][info ] Total time for which application threads were stopped: 0.0001392 seconds, Stopping threads took: 0.0000259 seconds
[2025-10-02T08:51:15.860+0000][45374.846s][5523][5530][info ] Application time: 1.0001048 seconds
[2025-10-02T08:51:15.860+0000][45374.846s][5523][5530][info ] Entering safepoint region: Cleanup
[2025-10-02T08:51:15.860+0000][45374.846s][5523][5530][info ] Leaving safepoint region
[2025-10-02T08:51:15.860+0000][45374.846s][5523][5530][info ] Total time for which application threads were stopped: 0.0001342 seconds, Stopping threads took: 0.0000246 seconds
[2025-10-02T08:51:16.289+0000][45375.275s][5523][5529][trace] CMS: promo attempt is safe: available(765483624) >= av_promo(4228508), max_promo(159373392)
[2025-10-02T08:51:16.860+0000][45375.846s][5523][5530][info ] Application time: 1.0001070 seconds
[2025-10-02T08:51:16.860+0000][45375.846s][5523][5530][info ] Entering safepoint region: Cleanup
[2025-10-02T08:51:16.860+0000][45375.847s][5523][5530][info ] Leaving safepoint region
[2025-10-02T08:51:16.860+0000][45375.847s][5523][5530][info ] Total time for which application threads were stopped: 0.0001703 seconds, Stopping threads took: 0.0000337 seconds
[2025-10-02T08:51:17.860+0000][45376.847s][5523][5530][info ] Application time: 1.0000915 seconds
[2025-10-02T08:51:17.861+0000][45376.847s][5523][5530][info ] Entering safepoint region: Cleanup
[2025-10-02T08:51:17.861+0000][45376.847s][5523][5530][info ] Leaving safepoint region
[2025-10-02T08:51:17.861+0000][45376.847s][5523][5530][info ] Total time for which application threads were stopped: 0.0001582 seconds, Stopping threads took: 0.0000452 seconds
[2025-10-02T08:51:18.861+0000][45377.847s][5523][5530][info ] Application time: 1.0000791 seconds
[2025-10-02T08:51:18.861+0000][45377.847s][5523][5530][info ] Entering safepoint region: Cleanup
[2025-10-02T08:51:18.861+0000][45377.847s][5523][5530][info ] Leaving safepoint region
[2025-10-02T08:51:18.861+0000][45377.847s][5523][5530][info ] Total time for which application threads were stopped: 0.0001381 seconds, Stopping threads took: 0.0000267 seconds
[2025-10-02T08:51:19.861+0000][45378.847s][5523][5530][info ] Application time: 1.0000977 seconds
[2025-10-02T08:51:19.861+0000][45378.847s][5523][5530][info ] Entering safepoint region: Cleanup
[2025-10-02T08:51:19.861+0000][45378.847s][5523][5530][info ] Leaving safepoint region
[2025-10-02T08:51:19.861+0000][45378.847s][5523][5530][info ] Total time for which application threads were stopped: 0.0001418 seconds, Stopping threads took: 0.0000275 seconds
[2025-10-02T08:51:20.861+0000][45379.848s][5523][5530][info ] Application time: 1.0000985 seconds
[2025-10-02T08:51:20.861+0000][45379.848s][5523][5530][info ] Entering safepoint region: Cleanup
[2025-10-02T08:51:20.862+0000][45379.848s][5523][5530][info ] Leaving safepoint region
[2025-10-02T08:51:20.862+0000][45379.848s][5523][5530][info ] Total time for which application threads were stopped: 0.0001756 seconds, Stopping threads took: 0.0000422 seconds
[2025-10-02T08:51:21.862+0000][45380.848s][5523][5530][info ] Application time: 1.0000966 seconds
[2025-10-02T08:51:21.862+0000][45380.848s][5523][5530][info ] Entering safepoint region: Cleanup
[2025-10-02T08:51:21.862+0000][45380.848s][5523][5530][info ] Leaving safepoint region
[2025-10-02T08:51:21.862+0000][45380.848s][5523][5530][info ] Total time for which application threads were stopped: 0.0001455 seconds, Stopping threads took: 0.0000294 seconds
[2025-10-02T08:51:22.862+0000][45381.848s][5523][5530][info ] Application time: 1.0000996 seconds
[2025-10-02T08:51:22.862+0000][45381.848s][5523][5530][info ] Entering safepoint region: Cleanup
[2025-10-02T08:51:22.862+0000][45381.848s][5523][5530][info ] Leaving safepoint region
[2025-10-02T08:51:22.862+0000][45381.848s][5523][5530][info ] Total time for which application threads were stopped: 0.0001434 seconds, Stopping threads took: 0.0000261 seconds
[2025-10-02T08:51:23.862+0000][45382.848s][5523][5530][info ] Application time: 1.0000806 seconds
[2025-10-02T08:51:23.862+0000][45382.849s][5523][5530][info ] Entering safepoint region: Cleanup
[2025-10-02T08:51:23.862+0000][45382.849s][5523][5530][info ] Leaving safepoint region
[2025-10-02T08:51:23.862+0000][45382.849s][5523][5530][info ] Total time for which application threads were stopped: 0.0001450 seconds, Stopping threads took: 0.0000269 seconds
[2025-10-02T08:51:24.863+0000][45383.849s][5523][5530][info ] Application time: 1.0000994 seconds
[2025-10-02T08:51:24.863+0000][45383.849s][5523][5530][info ] Entering safepoint region: Cleanup
[2025-10-02T08:51:24.863+0000][45383.849s][5523][5530][info ] Leaving safepoint region
[2025-10-02T08:51:24.863+0000][45383.849s][5523][5530][info ] Total time for which application threads were stopped: 0.0001392 seconds, Stopping threads took: 0.0000257 seconds
[2025-10-02T08:51:25.863+0000][45384.849s][5523][5530][info ] Application time: 1.0000877 seconds
[2025-10-02T08:51:25.863+0000][45384.849s][5523][5530][info ] Entering safepoint region: Cleanup
[2025-10-02T08:51:25.863+0000][45384.849s][5523][5530][info ] Leaving safepoint region
[2025-10-02T08:51:25.863+0000][45384.849s][5523][5530][info ] Total time for which application threads were stopped: 0.0002392 seconds, Stopping threads took: 0.0000260 seconds
[2025-10-02T08:51:26.289+0000][45385.275s][5523][5529][trace] CMS: promo attempt is safe: available(765483624) >= av_promo(4228508), max_promo(159416176)
[2025-10-02T08:51:26.863+0000][45385.849s][5523][5530][info ] Application time: 1.0001019 seconds
[2025-10-02T08:51:26.863+0000][45385.849s][5523][5530][info ] Entering safepoint region: Cleanup
[2025-10-02T08:51:26.863+0000][45385.850s][5523][5530][info ] Leaving safepoint region
[2025-10-02T08:51:26.863+0000][45385.850s][5523][5530][info ] Total time for which application threads were stopped: 0.0001423 seconds, Stopping threads took: 0.0000288 seconds
[2025-10-02T08:51:27.864+0000][45386.850s][5523][5530][info ] Application time: 1.0001218 seconds
[2025-10-02T08:51:27.864+0000][45386.850s][5523][5530][info ] Entering safepoint region: Cleanup
[2025-10-02T08:51:27.864+0000][45386.850s][5523][5530][info ] Leaving safepoint region
[2025-10-02T08:51:27.864+0000][45386.850s][5523][5530][info ] Total time for which application threads were stopped: 0.0001365 seconds, Stopping threads took: 0.0000275 seconds
[2025-10-02T08:51:28.864+0000][45387.850s][5523][5530][info ] Application time: 1.0000979 seconds
[2025-10-02T08:51:28.864+0000][45387.850s][5523][5530][info ] Entering safepoint region: Cleanup
[2025-10-02T08:51:28.865+0000][45387.851s][5523][5530][info ] Leaving safepoint region
[2025-10-02T08:51:28.865+0000][45387.851s][5523][5530][info ] Total time for which application threads were stopped: 0.0011530 seconds, Stopping threads took: 0.0010097 seconds
[2025-10-02T08:51:29.865+0000][45388.851s][5523][5530][info ] Application time: 1.0001033 seconds
[2025-10-02T08:51:29.865+0000][45388.851s][5523][5530][info ] Entering safepoint region: Cleanup
[2025-10-02T08:51:29.865+0000][45388.852s][5523][5530][info ] Leaving safepoint region
[2025-10-02T08:51:29.865+0000][45388.852s][5523][5530][info ] Total time for which application threads were stopped: 0.0001468 seconds, Stopping threads took: 0.0000336 seconds
[2025-10-02T08:51:30.865+0000][45389.852s][5523][5530][info ] Application time: 1.0001053 seconds
[2025-10-02T08:51:30.866+0000][45389.852s][5523][5530][info ] Entering safepoint region: Cleanup
[2025-10-02T08:51:30.866+0000][45389.852s][5523][5530][info ] Leaving safepoint region
[2025-10-02T08:51:30.866+0000][45389.852s][5523][5530][info ] Total time for which application threads were stopped: 0.0001467 seconds, Stopping threads took: 0.0000282 seconds
[2025-10-02T08:51:31.866+0000][45390.852s][5523][5530][info ] Application time: 1.0000794 seconds
[2025-10-02T08:51:31.866+0000][45390.852s][5523][5530][info ] Entering safepoint region: Cleanup
[2025-10-02T08:51:31.866+0000][45390.852s][5523][5530][info ] Leaving safepoint region
[2025-10-02T08:51:31.866+0000][45390.852s][5523][5530][info ] Total time for which application threads were stopped: 0.0001517 seconds, Stopping threads took: 0.0000259 seconds
[2025-10-02T08:51:32.866+0000][45391.852s][5523][5530][info ] Application time: 1.0001115 seconds
[2025-10-02T08:51:32.866+0000][45391.852s][5523][5530][info ] Entering safepoint region: Cleanup
[2025-10-02T08:51:32.866+0000][45391.852s][5523][5530][info ] Leaving safepoint region
[2025-10-02T08:51:32.866+0000][45391.852s][5523][5530][info ] Total time for which application threads were stopped: 0.0001379 seconds, Stopping threads took: 0.0000241 seconds
[2025-10-02T08:51:33.866+0000][45392.853s][5523][5530][info ] Application time: 1.0001013 seconds
[2025-10-02T08:51:33.866+0000][45392.853s][5523][5530][info ] Entering safepoint region: Cleanup
[2025-10-02T08:51:33.867+0000][45392.853s][5523][5530][info ] Leaving safepoint region
[2025-10-02T08:51:33.867+0000][45392.853s][5523][5530][info ] Total time for which application threads were stopped: 0.0001617 seconds, Stopping threads took: 0.0000247 seconds
[2025-10-02T08:51:34.867+0000][45393.853s][5523][5530][info ] Application time: 1.0000974 seconds
[2025-10-02T08:51:34.867+0000][45393.853s][5523][5530][info ] Entering safepoint region: Cleanup
[2025-10-02T08:51:34.867+0000][45393.853s][5523][5530][info ] Leaving safepoint region
[2025-10-02T08:51:34.867+0000][45393.853s][5523][5530][info ] Total time for which application threads were stopped: 0.0001384 seconds, Stopping threads took: 0.0000258 seconds
[2025-10-02T08:51:35.867+0000][45394.853s][5523][5530][info ] Application time: 1.0002533 seconds
[2025-10-02T08:51:35.867+0000][45394.853s][5523][5530][info ] Entering safepoint region: Cleanup
[2025-10-02T08:51:35.867+0000][45394.854s][5523][5530][info ] Leaving safepoint region
[2025-10-02T08:51:35.867+0000][45394.854s][5523][5530][info ] Total time for which application threads were stopped: 0.0001407 seconds, Stopping threads took: 0.0000273 seconds
[2025-10-02T08:51:36.289+0000][45395.275s][5523][5529][trace] CMS: promo attempt is safe: available(765483624) >= av_promo(4228508), max_promo(159599696)
[2025-10-02T08:51:36.867+0000][45395.854s][5523][5530][info ] Application time: 1.0000981 seconds
[2025-10-02T08:51:36.868+0000][45395.854s][5523][5530][info ] Entering safepoint region: Cleanup
[2025-10-02T08:51:36.868+0000][45395.854s][5523][5530][info ] Leaving safepoint region
[2025-10-02T08:51:36.868+0000][45395.854s][5523][5530][info ] Total time for which application threads were stopped: 0.0001715 seconds, Stopping threads took: 0.0000470 seconds
[2025-10-02T08:51:37.868+0000][45396.854s][5523][5530][info ] Application time: 1.0000938 seconds
[2025-10-02T08:51:37.868+0000][45396.854s][5523][5530][info ] Entering safepoint region: Cleanup
[2025-10-02T08:51:37.868+0000][45396.854s][5523][5530][info ] Leaving safepoint region
[2025-10-02T08:51:37.868+0000][45396.854s][5523][5530][info ] Total time for which application threads were stopped: 0.0001531 seconds, Stopping threads took: 0.0000258 seconds
[2025-10-02T08:51:38.868+0000][45397.854s][5523][5530][info ] Application time: 1.0001112 seconds
[2025-10-02T08:51:38.868+0000][45397.854s][5523][5530][info ] Entering safepoint region: Cleanup
[2025-10-02T08:51:38.868+0000][45397.854s][5523][5530][info ] Leaving safepoint region
[2025-10-02T08:51:38.868+0000][45397.854s][5523][5530][info ] Total time for which application threads were stopped: 0.0001319 seconds, Stopping threads took: 0.0000249 seconds
[2025-10-02T08:51:39.868+0000][45398.855s][5523][5530][info ] Application time: 1.0001039 seconds
[2025-10-02T08:51:39.868+0000][45398.855s][5523][5530][info ] Entering safepoint region: Cleanup
[2025-10-02T08:51:39.869+0000][45398.855s][5523][5530][info ] Leaving safepoint region
[2025-10-02T08:51:39.869+0000][45398.855s][5523][5530][info ] Total time for which application threads were stopped: 0.0001631 seconds, Stopping threads took: 0.0000285 seconds
[2025-10-02T08:51:40.869+0000][45399.855s][5523][5530][info ] Application time: 1.0000852 seconds
[2025-10-02T08:51:40.869+0000][45399.855s][5523][5530][info ] Entering safepoint region: Cleanup
[2025-10-02T08:51:40.869+0000][45399.855s][5523][5530][info ] Leaving safepoint region
[2025-10-02T08:51:40.869+0000][45399.855s][5523][5530][info ] Total time for which application threads were stopped: 0.0001454 seconds, Stopping threads took: 0.0000303 seconds
[2025-10-02T08:51:41.869+0000][45400.855s][5523][5530][info ] Application time: 1.0001159 seconds
[2025-10-02T08:51:41.869+0000][45400.855s][5523][5530][info ] Entering safepoint region: Cleanup
[2025-10-02T08:51:41.869+0000][45400.855s][5523][5530][info ] Leaving safepoint region
[2025-10-02T08:51:41.869+0000][45400.855s][5523][5530][info ] Total time for which application threads were stopped: 0.0001383 seconds, Stopping threads took: 0.0000273 seconds
[2025-10-02T08:51:42.869+0000][45401.856s][5523][5530][info ] Application time: 1.0000995 seconds
[2025-10-02T08:51:42.869+0000][45401.856s][5523][5530][info ] Entering safepoint region: Cleanup
[2025-10-02T08:51:42.869+0000][45401.856s][5523][5530][info ] Leaving safepoint region
[2025-10-02T08:51:42.869+0000][45401.856s][5523][5530][info ] Total time for which application threads were stopped: 0.0001385 seconds, Stopping threads took: 0.0000250 seconds
[2025-10-02T08:51:43.870+0000][45402.856s][5523][5530][info ] Application time: 1.0001033 seconds
[2025-10-02T08:51:43.870+0000][45402.856s][5523][5530][info ] Entering safepoint region: Cleanup
[2025-10-02T08:51:43.870+0000][45402.856s][5523][5530][info ] Leaving safepoint region
[2025-10-02T08:51:43.870+0000][45402.856s][5523][5530][info ] Total time for which application threads were stopped: 0.0001353 seconds, Stopping threads took: 0.0000248 seconds
[2025-10-02T08:51:44.870+0000][45403.856s][5523][5530][info ] Application time: 1.0001069 seconds
[2025-10-02T08:51:44.870+0000][45403.856s][5523][5530][info ] Entering safepoint region: Cleanup
[2025-10-02T08:51:44.870+0000][45403.856s][5523][5530][info ] Leaving safepoint region
[2025-10-02T08:51:44.870+0000][45403.856s][5523][5530][info ] Total time for which application threads were stopped: 0.0001334 seconds, Stopping threads took: 0.0000264 seconds
[2025-10-02T08:51:45.870+0000][45404.856s][5523][5530][info ] Application time: 1.0001041 seconds
[2025-10-02T08:51:45.870+0000][45404.856s][5523][5530][info ] Entering safepoint region: Cleanup
[2025-10-02T08:51:45.870+0000][45404.857s][5523][5530][info ] Leaving safepoint region
[2025-10-02T08:51:45.870+0000][45404.857s][5523][5530][info ] Total time for which application threads were stopped: 0.0001426 seconds, Stopping threads took: 0.0000282 seconds
[2025-10-02T08:51:46.288+0000][45405.275s][5523][5529][trace] CMS: promo attempt is safe: available(765483624) >= av_promo(4228508), max_promo(160283232)
[2025-10-02T08:51:46.870+0000][45405.857s][5523][5530][info ] Application time: 1.0001096 seconds
[2025-10-02T08:51:46.871+0000][45405.857s][5523][5530][info ] Entering safepoint region: Cleanup
[2025-10-02T08:51:46.871+0000][45405.857s][5523][5530][info ] Leaving safepoint region
[2025-10-02T08:51:46.871+0000][45405.857s][5523][5530][info ] Total time for which application threads were stopped: 0.0001490 seconds, Stopping threads took: 0.0000251 seconds
[2025-10-02T08:51:47.871+0000][45406.857s][5523][5530][info ] Application time: 1.0001125 seconds
[2025-10-02T08:51:47.871+0000][45406.857s][5523][5530][info ] Entering safepoint region: Cleanup
[2025-10-02T08:51:47.871+0000][45406.857s][5523][5530][info ] Leaving safepoint region
[2025-10-02T08:51:47.871+0000][45406.857s][5523][5530][info ] Total time for which application threads were stopped: 0.0002165 seconds, Stopping threads took: 0.0000253 seconds
[2025-10-02T08:51:48.871+0000][45407.857s][5523][5530][info ] Application time: 1.0000930 seconds
[2025-10-02T08:51:48.871+0000][45407.858s][5523][5530][info ] Entering safepoint region: Cleanup
[2025-10-02T08:51:48.871+0000][45407.858s][5523][5530][info ] Leaving safepoint region
[2025-10-02T08:51:48.871+0000][45407.858s][5523][5530][info ] Total time for which application threads were stopped: 0.0001594 seconds, Stopping threads took: 0.0000348 seconds
[2025-10-02T08:51:49.872+0000][45408.858s][5523][5530][info ] Application time: 1.0000965 seconds
[2025-10-02T08:51:49.872+0000][45408.858s][5523][5530][info ] Entering safepoint region: Cleanup
[2025-10-02T08:51:49.872+0000][45408.858s][5523][5530][info ] Leaving safepoint region
[2025-10-02T08:51:49.872+0000][45408.858s][5523][5530][info ] Total time for which application threads were stopped: 0.0001434 seconds, Stopping threads took: 0.0000268 seconds
[2025-10-02T08:51:50.872+0000][45409.858s][5523][5530][info ] Application time: 1.0001033 seconds
[2025-10-02T08:51:50.872+0000][45409.858s][5523][5530][info ] Entering safepoint region: Cleanup
[2025-10-02T08:51:50.872+0000][45409.858s][5523][5530][info ] Leaving safepoint region
[2025-10-02T08:51:50.872+0000][45409.858s][5523][5530][info ] Total time for which application threads were stopped: 0.0001442 seconds, Stopping threads took: 0.0000277 seconds
[2025-10-02T08:51:51.872+0000][45410.858s][5523][5530][info ] Application time: 1.0000839 seconds
[2025-10-02T08:51:51.872+0000][45410.858s][5523][5530][info ] Entering safepoint region: Cleanup
[2025-10-02T08:51:51.872+0000][45410.859s][5523][5530][info ] Leaving safepoint region
[2025-10-02T08:51:51.872+0000][45410.859s][5523][5530][info ] Total time for which application threads were stopped: 0.0001324 seconds, Stopping threads took: 0.0000249 seconds
[2025-10-02T08:51:52.872+0000][45411.859s][5523][5530][info ] Application time: 1.0001289 seconds
[2025-10-02T08:51:52.873+0000][45411.859s][5523][5530][info ] Entering safepoint region: Cleanup
[2025-10-02T08:51:52.873+0000][45411.859s][5523][5530][info ] Leaving safepoint region
[2025-10-02T08:51:52.873+0000][45411.859s][5523][5530][info ] Total time for which application threads were stopped: 0.0001665 seconds, Stopping threads took: 0.0000533 seconds
[2025-10-02T08:51:53.873+0000][45412.859s][5523][5530][info ] Application time: 1.0000822 seconds
[2025-10-02T08:51:53.873+0000][45412.859s][5523][5530][info ] Entering safepoint region: Cleanup
[2025-10-02T08:51:53.873+0000][45412.859s][5523][5530][info ] Leaving safepoint region
[2025-10-02T08:51:53.873+0000][45412.859s][5523][5530][info ] Total time for which application threads were stopped: 0.0001354 seconds, Stopping threads took: 0.0000266 seconds
[2025-10-02T08:51:54.873+0000][45413.859s][5523][5530][info ] Application time: 1.0001106 seconds
[2025-10-02T08:51:54.873+0000][45413.859s][5523][5530][info ] Entering safepoint region: Cleanup
[2025-10-02T08:51:54.873+0000][45413.859s][5523][5530][info ] Leaving safepoint region
[2025-10-02T08:51:54.873+0000][45413.859s][5523][5530][info ] Total time for which application threads were stopped: 0.0001573 seconds, Stopping threads took: 0.0000269 seconds
[2025-10-02T08:51:55.873+0000][45414.860s][5523][5530][info ] Application time: 1.0000826 seconds
[2025-10-02T08:51:55.873+0000][45414.860s][5523][5530][info ] Entering safepoint region: Cleanup
[2025-10-02T08:51:55.874+0000][45414.860s][5523][5530][info ] Leaving safepoint region
[2025-10-02T08:51:55.874+0000][45414.860s][5523][5530][info ] Total time for which application threads were stopped: 0.0001661 seconds, Stopping threads took: 0.0000288 seconds
[2025-10-02T08:51:56.288+0000][45415.274s][5523][5529][trace] CMS: promo attempt is safe: available(765483624) >= av_promo(4228508), max_promo(160283232)
[2025-10-02T08:51:56.874+0000][45415.860s][5523][5530][info ] Application time: 1.0001110 seconds
[2025-10-02T08:51:56.874+0000][45415.860s][5523][5530][info ] Entering safepoint region: Cleanup
[2025-10-02T08:51:56.874+0000][45415.860s][5523][5530][info ] Leaving safepoint region
[2025-10-02T08:51:56.874+0000][45415.860s][5523][5530][info ] Total time for which application threads were stopped: 0.0001456 seconds, Stopping threads took: 0.0000279 seconds
[2025-10-02T08:51:57.874+0000][45416.860s][5523][5530][info ] Application time: 1.0001015 seconds
[2025-10-02T08:51:57.874+0000][45416.860s][5523][5530][info ] Entering safepoint region: Cleanup
[2025-10-02T08:51:57.874+0000][45416.860s][5523][5530][info ] Leaving safepoint region
[2025-10-02T08:51:57.874+0000][45416.860s][5523][5530][info ] Total time for which application threads were stopped: 0.0001486 seconds, Stopping threads took: 0.0000269 seconds
[2025-10-02T08:51:58.874+0000][45417.861s][5523][5530][info ] Application time: 1.0000900 seconds
[2025-10-02T08:51:58.874+0000][45417.861s][5523][5530][info ] Entering safepoint region: Cleanup
[2025-10-02T08:51:58.874+0000][45417.861s][5523][5530][info ] Leaving safepoint region
[2025-10-02T08:51:58.874+0000][45417.861s][5523][5530][info ] Total time for which application threads were stopped: 0.0001455 seconds, Stopping threads took: 0.0000265 seconds
[2025-10-02T08:51:59.875+0000][45418.861s][5523][5530][info ] Application time: 1.0001074 seconds
[2025-10-02T08:51:59.875+0000][45418.861s][5523][5530][info ] Entering safepoint region: Cleanup
[2025-10-02T08:51:59.875+0000][45418.861s][5523][5530][info ] Leaving safepoint region
[2025-10-02T08:51:59.875+0000][45418.861s][5523][5530][info ] Total time for which application threads were stopped: 0.0001638 seconds, Stopping threads took: 0.0000265 seconds
[2025-10-02T08:52:00.875+0000][45419.861s][5523][5530][info ] Application time: 1.0000952 seconds
[2025-10-02T08:52:00.875+0000][45419.861s][5523][5530][info ] Entering safepoint region: Cleanup
[2025-10-02T08:52:00.875+0000][45419.861s][5523][5530][info ] Leaving safepoint region
[2025-10-02T08:52:00.875+0000][45419.861s][5523][5530][info ] Total time for which application threads were stopped: 0.0002584 seconds, Stopping threads took: 0.0001377 seconds
[2025-10-02T08:52:01.875+0000][45420.862s][5523][5530][info ] Application time: 1.0001153 seconds
[2025-10-02T08:52:01.875+0000][45420.862s][5523][5530][info ] Entering safepoint region: Cleanup
[2025-10-02T08:52:01.876+0000][45420.862s][5523][5530][info ] Leaving safepoint region
[2025-10-02T08:52:01.876+0000][45420.862s][5523][5530][info ] Total time for which application threads were stopped: 0.0001599 seconds, Stopping threads took: 0.0000262 seconds
[2025-10-02T08:52:02.876+0000][45421.862s][5523][5530][info ] Application time: 1.0000893 seconds
[2025-10-02T08:52:02.876+0000][45421.862s][5523][5530][info ] Entering safepoint region: Cleanup
[2025-10-02T08:52:02.876+0000][45421.862s][5523][5530][info ] Leaving safepoint region
[2025-10-02T08:52:02.876+0000][45421.862s][5523][5530][info ] Total time for which application threads were stopped: 0.0001382 seconds, Stopping threads took: 0.0000266 seconds
[2025-10-02T08:52:03.876+0000][45422.862s][5523][5530][info ] Application time: 1.0000748 seconds
[2025-10-02T08:52:03.876+0000][45422.862s][5523][5530][info ] Entering safepoint region: Cleanup
[2025-10-02T08:52:03.876+0000][45422.862s][5523][5530][info ] Leaving safepoint region
[2025-10-02T08:52:03.876+0000][45422.862s][5523][5530][info ] Total time for which application threads were stopped: 0.0001391 seconds, Stopping threads took: 0.0000290 seconds
[2025-10-02T08:52:04.876+0000][45423.862s][5523][5530][info ] Application time: 1.0000984 seconds
[2025-10-02T08:52:04.876+0000][45423.863s][5523][5530][info ] Entering safepoint region: Cleanup
[2025-10-02T08:52:04.876+0000][45423.863s][5523][5530][info ] Leaving safepoint region
[2025-10-02T08:52:04.876+0000][45423.863s][5523][5530][info ] Total time for which application threads were stopped: 0.0001404 seconds, Stopping threads took: 0.0000257 seconds
[2025-10-02T08:52:05.877+0000][45424.863s][5523][5530][info ] Application time: 1.0001116 seconds
[2025-10-02T08:52:05.877+0000][45424.863s][5523][5530][info ] Entering safepoint region: Cleanup
[2025-10-02T08:52:05.877+0000][45424.863s][5523][5530][info ] Leaving safepoint region
[2025-10-02T08:52:05.877+0000][45424.863s][5523][5530][info ] Total time for which application threads were stopped: 0.0001379 seconds, Stopping threads took: 0.0000281 seconds
[2025-10-02T08:52:06.287+0000][45425.273s][5523][5529][trace] CMS: promo attempt is safe: available(765483624) >= av_promo(4228508), max_promo(161596328)
[2025-10-02T08:52:06.877+0000][45425.863s][5523][5530][info ] Application time: 1.0001047 seconds
[2025-10-02T08:52:06.877+0000][45425.863s][5523][5530][info ] Entering safepoint region: Cleanup
[2025-10-02T08:52:06.877+0000][45425.863s][5523][5530][info ] Leaving safepoint region
[2025-10-02T08:52:06.877+0000][45425.863s][5523][5530][info ] Total time for which application threads were stopped: 0.0001484 seconds, Stopping threads took: 0.0000266 seconds
[2025-10-02T08:52:07.877+0000][45426.863s][5523][5530][info ] Application time: 1.0000944 seconds
[2025-10-02T08:52:07.877+0000][45426.863s][5523][5530][info ] Entering safepoint region: Cleanup
[2025-10-02T08:52:07.877+0000][45426.864s][5523][5530][info ] Leaving safepoint region
[2025-10-02T08:52:07.877+0000][45426.864s][5523][5530][info ] Total time for which application threads were stopped: 0.0001479 seconds, Stopping threads took: 0.0000251 seconds
[2025-10-02T08:52:08.877+0000][45427.864s][5523][5530][info ] Application time: 1.0001101 seconds
[2025-10-02T08:52:08.878+0000][45427.864s][5523][5530][info ] Entering safepoint region: Cleanup
[2025-10-02T08:52:08.878+0000][45427.864s][5523][5530][info ] Leaving safepoint region
[2025-10-02T08:52:08.878+0000][45427.864s][5523][5530][info ] Total time for which application threads were stopped: 0.0001557 seconds, Stopping threads took: 0.0000430 seconds
[2025-10-02T08:52:09.878+0000][45428.864s][5523][5530][info ] Application time: 1.0000982 seconds
[2025-10-02T08:52:09.878+0000][45428.864s][5523][5530][info ] Entering safepoint region: Cleanup
[2025-10-02T08:52:09.878+0000][45428.864s][5523][5530][info ] Leaving safepoint region
[2025-10-02T08:52:09.878+0000][45428.864s][5523][5530][info ] Total time for which application threads were stopped: 0.0001441 seconds, Stopping threads took: 0.0000284 seconds
[2025-10-02T08:52:10.878+0000][45429.864s][5523][5530][info ] Application time: 1.0000948 seconds
[2025-10-02T08:52:10.878+0000][45429.864s][5523][5530][info ] Entering safepoint region: Cleanup
[2025-10-02T08:52:10.878+0000][45429.864s][5523][5530][info ] Leaving safepoint region
[2025-10-02T08:52:10.878+0000][45429.864s][5523][5530][info ] Total time for which application threads were stopped: 0.0001729 seconds, Stopping threads took: 0.0000275 seconds
[2025-10-02T08:52:11.878+0000][45430.865s][5523][5530][info ] Application time: 1.0001029 seconds
[2025-10-02T08:52:11.878+0000][45430.865s][5523][5530][info ] Entering safepoint region: Cleanup
[2025-10-02T08:52:11.879+0000][45430.865s][5523][5530][info ] Leaving safepoint region
[2025-10-02T08:52:11.879+0000][45430.865s][5523][5530][info ] Total time for which application threads were stopped: 0.0001611 seconds, Stopping threads took: 0.0000255 seconds
[2025-10-02T08:52:12.879+0000][45431.865s][5523][5530][info ] Application time: 1.0000813 seconds
[2025-10-02T08:52:12.879+0000][45431.865s][5523][5530][info ] Entering safepoint region: Cleanup
[2025-10-02T08:52:12.879+0000][45431.865s][5523][5530][info ] Leaving safepoint region
[2025-10-02T08:52:12.879+0000][45431.865s][5523][5530][info ] Total time for which application threads were stopped: 0.0001545 seconds, Stopping threads took: 0.0000428 seconds
[2025-10-02T08:52:13.879+0000][45432.865s][5523][5530][info ] Application time: 1.0000905 seconds
[2025-10-02T08:52:13.879+0000][45432.865s][5523][5530][info ] Entering safepoint region: Cleanup
[2025-10-02T08:52:13.879+0000][45432.865s][5523][5530][info ] Leaving safepoint region
[2025-10-02T08:52:13.879+0000][45432.865s][5523][5530][info ] Total time for which application threads were stopped: 0.0001391 seconds, Stopping threads took: 0.0000304 seconds
[2025-10-02T08:52:14.879+0000][45433.866s][5523][5530][info ] Application time: 1.0001073 seconds
[2025-10-02T08:52:14.879+0000][45433.866s][5523][5530][info ] Entering safepoint region: Cleanup
[2025-10-02T08:52:14.880+0000][45433.866s][5523][5530][info ] Leaving safepoint region
[2025-10-02T08:52:14.880+0000][45433.866s][5523][5530][info ] Total time for which application threads were stopped: 0.0001707 seconds, Stopping threads took: 0.0000255 seconds
[2025-10-02T08:52:15.880+0000][45434.866s][5523][5530][info ] Application time: 1.0000858 seconds
[2025-10-02T08:52:15.880+0000][45434.866s][5523][5530][info ] Entering safepoint region: Cleanup
[2025-10-02T08:52:15.880+0000][45434.866s][5523][5530][info ] Leaving safepoint region
[2025-10-02T08:52:15.880+0000][45434.866s][5523][5530][info ] Total time for which application threads were stopped: 0.0001407 seconds, Stopping threads took: 0.0000305 seconds
[2025-10-02T08:52:16.287+0000][45435.273s][5523][5529][trace] CMS: promo attempt is safe: available(765483624) >= av_promo(4228508), max_promo(161862120)
[2025-10-02T08:52:16.880+0000][45435.866s][5523][5530][info ] Application time: 1.0001035 seconds
[2025-10-02T08:52:16.880+0000][45435.866s][5523][5530][info ] Entering safepoint region: Cleanup
[2025-10-02T08:52:16.880+0000][45435.866s][5523][5530][info ] Leaving safepoint region
[2025-10-02T08:52:16.880+0000][45435.866s][5523][5530][info ] Total time for which application threads were stopped: 0.0001373 seconds, Stopping threads took: 0.0000266 seconds
[2025-10-02T08:52:17.880+0000][45436.866s][5523][5530][info ] Application time: 1.0001220 seconds
[2025-10-02T08:52:17.880+0000][45436.867s][5523][5530][info ] Entering safepoint region: Cleanup
[2025-10-02T08:52:17.880+0000][45436.867s][5523][5530][info ] Leaving safepoint region
[2025-10-02T08:52:17.880+0000][45436.867s][5523][5530][info ] Total time for which application threads were stopped: 0.0001602 seconds, Stopping threads took: 0.0000266 seconds
[2025-10-02T08:52:18.881+0000][45437.867s][5523][5530][info ] Application time: 1.0000912 seconds
[2025-10-02T08:52:18.881+0000][45437.867s][5523][5530][info ] Entering safepoint region: Cleanup
[2025-10-02T08:52:18.881+0000][45437.867s][5523][5530][info ] Leaving safepoint region
[2025-10-02T08:52:18.881+0000][45437.867s][5523][5530][info ] Total time for which application threads were stopped: 0.0001358 seconds, Stopping threads took: 0.0000262 seconds
[2025-10-02T08:52:19.881+0000][45438.867s][5523][5530][info ] Application time: 1.0000949 seconds
[2025-10-02T08:52:19.881+0000][45438.867s][5523][5530][info ] Entering safepoint region: Cleanup
[2025-10-02T08:52:19.881+0000][45438.867s][5523][5530][info ] Leaving safepoint region
[2025-10-02T08:52:19.881+0000][45438.867s][5523][5530][info ] Total time for which application threads were stopped: 0.0001368 seconds, Stopping threads took: 0.0000259 seconds
[2025-10-02T08:52:20.881+0000][45439.867s][5523][5530][info ] Application time: 1.0000967 seconds
[2025-10-02T08:52:20.881+0000][45439.867s][5523][5530][info ] Entering safepoint region: Cleanup
[2025-10-02T08:52:20.881+0000][45439.868s][5523][5530][info ] Leaving safepoint region
[2025-10-02T08:52:20.881+0000][45439.868s][5523][5530][info ] Total time for which application threads were stopped: 0.0001355 seconds, Stopping threads took: 0.0000254 seconds
[2025-10-02T08:52:21.881+0000][45440.868s][5523][5530][info ] Application time: 1.0000948 seconds
[2025-10-02T08:52:21.882+0000][45440.868s][5523][5530][info ] Entering safepoint region: Cleanup
[2025-10-02T08:52:21.882+0000][45440.868s][5523][5530][info ] Leaving safepoint region
[2025-10-02T08:52:21.882+0000][45440.868s][5523][5530][info ] Total time for which application threads were stopped: 0.0001377 seconds, Stopping threads took: 0.0000274 seconds
[2025-10-02T08:52:22.882+0000][45441.868s][5523][5530][info ] Application time: 1.0000831 seconds
[2025-10-02T08:52:22.882+0000][45441.868s][5523][5530][info ] Entering safepoint region: Cleanup
[2025-10-02T08:52:22.882+0000][45441.868s][5523][5530][info ] Leaving safepoint region
[2025-10-02T08:52:22.882+0000][45441.868s][5523][5530][info ] Total time for which application threads were stopped: 0.0001445 seconds, Stopping threads took: 0.0000255 seconds
[2025-10-02T08:52:23.883+0000][45442.869s][5523][5530][info ] Application time: 1.0005834 seconds
[2025-10-02T08:52:23.883+0000][45442.869s][5523][5530][info ] Entering safepoint region: Cleanup
[2025-10-02T08:52:23.883+0000][45442.869s][5523][5530][info ] Leaving safepoint region
[2025-10-02T08:52:23.883+0000][45442.869s][5523][5530][info ] Total time for which application threads were stopped: 0.0001669 seconds, Stopping threads took: 0.0000303 seconds
[2025-10-02T08:52:24.883+0000][45443.869s][5523][5530][info ] Application time: 1.0000878 seconds
[2025-10-02T08:52:24.883+0000][45443.869s][5523][5530][info ] Entering safepoint region: Cleanup
[2025-10-02T08:52:24.883+0000][45443.869s][5523][5530][info ] Leaving safepoint region
[2025-10-02T08:52:24.883+0000][45443.869s][5523][5530][info ] Total time for which application threads were stopped: 0.0002804 seconds, Stopping threads took: 0.0000276 seconds
[2025-10-02T08:52:25.883+0000][45444.870s][5523][5530][info ] Application time: 1.0000960 seconds
[2025-10-02T08:52:25.883+0000][45444.870s][5523][5530][info ] Entering safepoint region: Cleanup
[2025-10-02T08:52:25.883+0000][45444.870s][5523][5530][info ] Leaving safepoint region
[2025-10-02T08:52:25.883+0000][45444.870s][5523][5530][info ] Total time for which application threads were stopped: 0.0001584 seconds, Stopping threads took: 0.0000384 seconds
[2025-10-02T08:52:26.287+0000][45445.273s][5523][5529][trace] CMS: promo attempt is safe: available(765483624) >= av_promo(4228508), max_promo(161903960)
[2025-10-02T08:52:26.884+0000][45445.870s][5523][5530][info ] Application time: 1.0000573 seconds
[2025-10-02T08:52:26.884+0000][45445.870s][5523][5530][info ] Entering safepoint region: Cleanup
[2025-10-02T08:52:26.884+0000][45445.870s][5523][5530][info ] Leaving safepoint region
[2025-10-02T08:52:26.884+0000][45445.870s][5523][5530][info ] Total time for which application threads were stopped: 0.0001362 seconds, Stopping threads took: 0.0000250 seconds
[2025-10-02T08:52:27.884+0000][45446.870s][5523][5530][info ] Application time: 1.0000784 seconds
[2025-10-02T08:52:27.884+0000][45446.870s][5523][5530][info ] Entering safepoint region: Cleanup
[2025-10-02T08:52:27.884+0000][45446.870s][5523][5530][info ] Leaving safepoint region
[2025-10-02T08:52:27.884+0000][45446.870s][5523][5530][info ] Total time for which application threads were stopped: 0.0001500 seconds, Stopping threads took: 0.0000259 seconds
[2025-10-02T08:52:28.884+0000][45447.870s][5523][5530][info ] Application time: 1.0001093 seconds
[2025-10-02T08:52:28.884+0000][45447.870s][5523][5530][info ] Entering safepoint region: Cleanup
[2025-10-02T08:52:28.884+0000][45447.871s][5523][5530][info ] Leaving safepoint region
[2025-10-02T08:52:28.884+0000][45447.871s][5523][5530][info ] Total time for which application threads were stopped: 0.0001512 seconds, Stopping threads took: 0.0000342 seconds
[2025-10-02T08:52:29.884+0000][45448.871s][5523][5530][info ] Application time: 1.0001016 seconds
[2025-10-02T08:52:29.885+0000][45448.871s][5523][5530][info ] Entering safepoint region: Cleanup
[2025-10-02T08:52:29.885+0000][45448.871s][5523][5530][info ] Leaving safepoint region
[2025-10-02T08:52:29.885+0000][45448.871s][5523][5530][info ] Total time for which application threads were stopped: 0.0001851 seconds, Stopping threads took: 0.0000513 seconds
[2025-10-02T08:52:30.885+0000][45449.871s][5523][5530][info ] Application time: 1.0000958 seconds
[2025-10-02T08:52:30.885+0000][45449.871s][5523][5530][info ] Entering safepoint region: Cleanup
[2025-10-02T08:52:30.885+0000][45449.871s][5523][5530][info ] Leaving safepoint region
[2025-10-02T08:52:30.885+0000][45449.871s][5523][5530][info ] Total time for which application threads were stopped: 0.0001948 seconds, Stopping threads took: 0.0000843 seconds
[2025-10-02T08:52:31.885+0000][45450.871s][5523][5530][info ] Application time: 1.0001004 seconds
[2025-10-02T08:52:31.885+0000][45450.871s][5523][5530][info ] Entering safepoint region: Cleanup
[2025-10-02T08:52:31.885+0000][45450.872s][5523][5530][info ] Leaving safepoint region
[2025-10-02T08:52:31.885+0000][45450.872s][5523][5530][info ] Total time for which application threads were stopped: 0.0001326 seconds, Stopping threads took: 0.0000231 seconds
[2025-10-02T08:52:32.885+0000][45451.872s][5523][5530][info ] Application time: 1.0000982 seconds
[2025-10-02T08:52:32.886+0000][45451.872s][5523][5530][info ] Entering safepoint region: Cleanup
[2025-10-02T08:52:32.886+0000][45451.872s][5523][5530][info ] Leaving safepoint region
[2025-10-02T08:52:32.886+0000][45451.872s][5523][5530][info ] Total time for which application threads were stopped: 0.0001688 seconds, Stopping threads took: 0.0000572 seconds
[2025-10-02T08:52:33.886+0000][45452.872s][5523][5530][info ] Application time: 1.0001015 seconds
[2025-10-02T08:52:33.886+0000][45452.872s][5523][5530][info ] Entering safepoint region: Cleanup
[2025-10-02T08:52:33.886+0000][45452.872s][5523][5530][info ] Leaving safepoint region
[2025-10-02T08:52:33.886+0000][45452.872s][5523][5530][info ] Total time for which application threads were stopped: 0.0001377 seconds, Stopping threads took: 0.0000266 seconds
[2025-10-02T08:52:34.886+0000][45453.872s][5523][5530][info ] Application time: 1.0000912 seconds
[2025-10-02T08:52:34.886+0000][45453.872s][5523][5530][info ] Entering safepoint region: Cleanup
[2025-10-02T08:52:34.886+0000][45453.872s][5523][5530][info ] Leaving safepoint region
[2025-10-02T08:52:34.886+0000][45453.872s][5523][5530][info ] Total time for which application threads were stopped: 0.0001357 seconds, Stopping threads took: 0.0000245 seconds
[2025-10-02T08:52:35.886+0000][45454.873s][5523][5530][info ] Application time: 1.0001043 seconds
[2025-10-02T08:52:35.886+0000][45454.873s][5523][5530][info ] Entering safepoint region: Cleanup
[2025-10-02T08:52:35.887+0000][45454.873s][5523][5530][info ] Leaving safepoint region
[2025-10-02T08:52:35.887+0000][45454.873s][5523][5530][info ] Total time for which application threads were stopped: 0.0001650 seconds, Stopping threads took: 0.0000265 seconds
[2025-10-02T08:52:36.287+0000][45455.273s][5523][5529][trace] CMS: promo attempt is safe: available(765483624) >= av_promo(4228508), max_promo(162847296)
[2025-10-02T08:52:36.887+0000][45455.873s][5523][5530][info ] Application time: 1.0001093 seconds
[2025-10-02T08:52:36.887+0000][45455.873s][5523][5530][info ] Entering safepoint region: Cleanup
[2025-10-02T08:52:36.887+0000][45455.873s][5523][5530][info ] Leaving safepoint region
[2025-10-02T08:52:36.887+0000][45455.873s][5523][5530][info ] Total time for which application threads were stopped: 0.0001389 seconds, Stopping threads took: 0.0000256 seconds
[2025-10-02T08:52:37.887+0000][45456.873s][5523][5530][info ] Application time: 1.0001086 seconds
[2025-10-02T08:52:37.887+0000][45456.873s][5523][5530][info ] Entering safepoint region: Cleanup
[2025-10-02T08:52:37.887+0000][45456.873s][5523][5530][info ] Leaving safepoint region
[2025-10-02T08:52:37.887+0000][45456.873s][5523][5530][info ] Total time for which application threads were stopped: 0.0001478 seconds, Stopping threads took: 0.0000277 seconds
[2025-10-02T08:52:38.887+0000][45457.874s][5523][5530][info ] Application time: 1.0001031 seconds
[2025-10-02T08:52:38.887+0000][45457.874s][5523][5530][info ] Entering safepoint region: Cleanup
[2025-10-02T08:52:38.888+0000][45457.874s][5523][5530][info ] Leaving safepoint region
[2025-10-02T08:52:38.889+0000][45457.876s][5523][5530][info ] Total time for which application threads were stopped: 0.0019980 seconds, Stopping threads took: 0.0000271 seconds
[2025-10-02T08:52:39.890+0000][45458.876s][5523][5530][info ] Application time: 1.0001045 seconds
[2025-10-02T08:52:39.890+0000][45458.876s][5523][5530][info ] Entering safepoint region: Cleanup
[2025-10-02T08:52:39.890+0000][45458.876s][5523][5530][info ] Leaving safepoint region
[2025-10-02T08:52:39.890+0000][45458.876s][5523][5530][info ] Total time for which application threads were stopped: 0.0001642 seconds, Stopping threads took: 0.0000264 seconds
[2025-10-02T08:52:40.890+0000][45459.876s][5523][5530][info ] Application time: 1.0001015 seconds
[2025-10-02T08:52:40.890+0000][45459.876s][5523][5530][info ] Entering safepoint region: Cleanup
[2025-10-02T08:52:40.890+0000][45459.876s][5523][5530][info ] Leaving safepoint region
[2025-10-02T08:52:40.890+0000][45459.876s][5523][5530][info ] Total time for which application threads were stopped: 0.0001370 seconds, Stopping threads took: 0.0000266 seconds
[2025-10-02T08:52:41.890+0000][45460.876s][5523][5530][info ] Application time: 1.0001060 seconds
[2025-10-02T08:52:41.890+0000][45460.876s][5523][5530][info ] Entering safepoint region: Cleanup
[2025-10-02T08:52:41.890+0000][45460.877s][5523][5530][info ] Leaving safepoint region
[2025-10-02T08:52:41.890+0000][45460.877s][5523][5530][info ] Total time for which application threads were stopped: 0.0001393 seconds, Stopping threads took: 0.0000254 seconds
[2025-10-02T08:52:42.891+0000][45461.877s][5523][5530][info ] Application time: 1.0001346 seconds
[2025-10-02T08:52:42.891+0000][45461.877s][5523][5530][info ] Entering safepoint region: Cleanup
[2025-10-02T08:52:42.891+0000][45461.877s][5523][5530][info ] Leaving safepoint region
[2025-10-02T08:52:42.891+0000][45461.877s][5523][5530][info ] Total time for which application threads were stopped: 0.0001352 seconds, Stopping threads took: 0.0000271 seconds
[2025-10-02T08:52:43.891+0000][45462.877s][5523][5530][info ] Application time: 1.0000889 seconds
[2025-10-02T08:52:43.891+0000][45462.877s][5523][5530][info ] Entering safepoint region: Cleanup
[2025-10-02T08:52:43.891+0000][45462.877s][5523][5530][info ] Leaving safepoint region
[2025-10-02T08:52:43.891+0000][45462.877s][5523][5530][info ] Total time for which application threads were stopped: 0.0002077 seconds, Stopping threads took: 0.0000266 seconds
[2025-10-02T08:52:44.891+0000][45463.877s][5523][5530][info ] Application time: 1.0000931 seconds
[2025-10-02T08:52:44.891+0000][45463.877s][5523][5530][info ] Entering safepoint region: Cleanup
[2025-10-02T08:52:44.891+0000][45463.878s][5523][5530][info ] Leaving safepoint region
[2025-10-02T08:52:44.891+0000][45463.878s][5523][5530][info ] Total time for which application threads were stopped: 0.0001355 seconds, Stopping threads took: 0.0000257 seconds
[2025-10-02T08:52:45.891+0000][45464.878s][5523][5530][info ] Application time: 1.0001042 seconds
[2025-10-02T08:52:45.892+0000][45464.878s][5523][5530][info ] Entering safepoint region: Cleanup
[2025-10-02T08:52:45.892+0000][45464.878s][5523][5530][info ] Leaving safepoint region
[2025-10-02T08:52:45.892+0000][45464.878s][5523][5530][info ] Total time for which application threads were stopped: 0.0001352 seconds, Stopping threads took: 0.0000261 seconds
[2025-10-02T08:52:46.287+0000][45465.273s][5523][5529][trace] CMS: promo attempt is safe: available(765483624) >= av_promo(4228508), max_promo(162958224)
[2025-10-02T08:52:46.892+0000][45465.878s][5523][5530][info ] Application time: 1.0000976 seconds
[2025-10-02T08:52:46.892+0000][45465.878s][5523][5530][info ] Entering safepoint region: Cleanup
[2025-10-02T08:52:46.892+0000][45465.878s][5523][5530][info ] Leaving safepoint region
[2025-10-02T08:52:46.892+0000][45465.878s][5523][5530][info ] Total time for which application threads were stopped: 0.0001510 seconds, Stopping threads took: 0.0000243 seconds
[2025-10-02T08:52:47.892+0000][45466.878s][5523][5530][info ] Application time: 1.0000975 seconds
[2025-10-02T08:52:47.892+0000][45466.878s][5523][5530][info ] Entering safepoint region: Cleanup
[2025-10-02T08:52:47.892+0000][45466.878s][5523][5530][info ] Leaving safepoint region
[2025-10-02T08:52:47.892+0000][45466.879s][5523][5530][info ] Total time for which application threads were stopped: 0.0001450 seconds, Stopping threads took: 0.0000264 seconds
[2025-10-02T08:52:48.892+0000][45467.879s][5523][5530][info ] Application time: 1.0000930 seconds
[2025-10-02T08:52:48.892+0000][45467.879s][5523][5530][info ] Entering safepoint region: Cleanup
[2025-10-02T08:52:48.893+0000][45467.879s][5523][5530][info ] Leaving safepoint region
[2025-10-02T08:52:48.893+0000][45467.879s][5523][5530][info ] Total time for which application threads were stopped: 0.0003978 seconds, Stopping threads took: 0.0000957 seconds
[2025-10-02T08:52:49.893+0000][45468.879s][5523][5530][info ] Application time: 1.0000841 seconds
[2025-10-02T08:52:49.893+0000][45468.879s][5523][5530][info ] Entering safepoint region: Cleanup
[2025-10-02T08:52:49.893+0000][45468.879s][5523][5530][info ] Leaving safepoint region
[2025-10-02T08:52:49.893+0000][45468.879s][5523][5530][info ] Total time for which application threads were stopped: 0.0001348 seconds, Stopping threads took: 0.0000239 seconds
[2025-10-02T08:52:50.893+0000][45469.879s][5523][5530][info ] Application time: 1.0000833 seconds
[2025-10-02T08:52:50.893+0000][45469.879s][5523][5530][info ] Entering safepoint region: Cleanup
[2025-10-02T08:52:50.893+0000][45469.880s][5523][5530][info ] Leaving safepoint region
[2025-10-02T08:52:50.893+0000][45469.880s][5523][5530][info ] Total time for which application threads were stopped: 0.0001412 seconds, Stopping threads took: 0.0000292 seconds
[2025-10-02T08:52:51.894+0000][45470.880s][5523][5530][info ] Application time: 1.0001164 seconds
[2025-10-02T08:52:51.894+0000][45470.880s][5523][5530][info ] Entering safepoint region: Cleanup
[2025-10-02T08:52:51.894+0000][45470.880s][5523][5530][info ] Leaving safepoint region
[2025-10-02T08:52:51.894+0000][45470.880s][5523][5530][info ] Total time for which application threads were stopped: 0.0001470 seconds, Stopping threads took: 0.0000266 seconds
[2025-10-02T08:52:52.894+0000][45471.880s][5523][5530][info ] Application time: 1.0000769 seconds
[2025-10-02T08:52:52.894+0000][45471.880s][5523][5530][info ] Entering safepoint region: Cleanup
[2025-10-02T08:52:52.894+0000][45471.880s][5523][5530][info ] Leaving safepoint region
[2025-10-02T08:52:52.894+0000][45471.880s][5523][5530][info ] Total time for which application threads were stopped: 0.0001381 seconds, Stopping threads took: 0.0000244 seconds
[2025-10-02T08:52:53.894+0000][45472.880s][5523][5530][info ] Application time: 1.0000932 seconds
[2025-10-02T08:52:53.894+0000][45472.880s][5523][5530][info ] Entering safepoint region: Cleanup
[2025-10-02T08:52:53.894+0000][45472.880s][5523][5530][info ] Leaving safepoint region
[2025-10-02T08:52:53.894+0000][45472.880s][5523][5530][info ] Total time for which application threads were stopped: 0.0001387 seconds, Stopping threads took: 0.0000267 seconds
[2025-10-02T08:52:54.894+0000][45473.881s][5523][5530][info ] Application time: 1.0000886 seconds
[2025-10-02T08:52:54.894+0000][45473.881s][5523][5530][info ] Entering safepoint region: Cleanup
[2025-10-02T08:52:54.895+0000][45473.881s][5523][5530][info ] Leaving safepoint region
[2025-10-02T08:52:54.895+0000][45473.881s][5523][5530][info ] Total time for which application threads were stopped: 0.0001577 seconds, Stopping threads took: 0.0000286 seconds
[2025-10-02T08:52:55.895+0000][45474.881s][5523][5530][info ] Application time: 1.0001040 seconds
[2025-10-02T08:52:55.895+0000][45474.881s][5523][5530][info ] Entering safepoint region: Cleanup
[2025-10-02T08:52:55.895+0000][45474.881s][5523][5530][info ] Leaving safepoint region
[2025-10-02T08:52:55.895+0000][45474.881s][5523][5530][info ] Total time for which application threads were stopped: 0.0001628 seconds, Stopping threads took: 0.0000314 seconds
[2025-10-02T08:52:56.286+0000][45475.272s][5523][5529][trace] CMS: promo attempt is safe: available(765483624) >= av_promo(4228508), max_promo(163130000)
[2025-10-02T08:52:56.895+0000][45475.881s][5523][5530][info ] Application time: 1.0000859 seconds
[2025-10-02T08:52:56.895+0000][45475.881s][5523][5530][info ] Entering safepoint region: Cleanup
[2025-10-02T08:52:56.895+0000][45475.881s][5523][5530][info ] Leaving safepoint region
[2025-10-02T08:52:56.895+0000][45475.881s][5523][5530][info ] Total time for which application threads were stopped: 0.0001459 seconds, Stopping threads took: 0.0000324 seconds
[2025-10-02T08:52:57.895+0000][45476.882s][5523][5530][info ] Application time: 1.0000869 seconds
[2025-10-02T08:52:57.895+0000][45476.882s][5523][5530][info ] Entering safepoint region: Cleanup
[2025-10-02T08:52:57.896+0000][45476.882s][5523][5530][info ] Leaving safepoint region
[2025-10-02T08:52:57.896+0000][45476.882s][5523][5530][info ] Total time for which application threads were stopped: 0.0001699 seconds, Stopping threads took: 0.0000270 seconds
[2025-10-02T08:52:58.896+0000][45477.882s][5523][5530][info ] Application time: 1.0000891 seconds
[2025-10-02T08:52:58.896+0000][45477.882s][5523][5530][info ] Entering safepoint region: Cleanup
[2025-10-02T08:52:58.896+0000][45477.882s][5523][5530][info ] Leaving safepoint region
[2025-10-02T08:52:58.896+0000][45477.882s][5523][5530][info ] Total time for which application threads were stopped: 0.0001378 seconds, Stopping threads took: 0.0000266 seconds
[2025-10-02T08:52:59.896+0000][45478.882s][5523][5530][info ] Application time: 1.0000896 seconds
[2025-10-02T08:52:59.896+0000][45478.882s][5523][5530][info ] Entering safepoint region: Cleanup
[2025-10-02T08:52:59.896+0000][45478.882s][5523][5530][info ] Leaving safepoint region
[2025-10-02T08:52:59.896+0000][45478.882s][5523][5530][info ] Total time for which application threads were stopped: 0.0001427 seconds, Stopping threads took: 0.0000290 seconds
[2025-10-02T08:53:00.896+0000][45479.882s][5523][5530][info ] Application time: 1.0000995 seconds
[2025-10-02T08:53:00.896+0000][45479.883s][5523][5530][info ] Entering safepoint region: Cleanup
[2025-10-02T08:53:00.896+0000][45479.883s][5523][5530][info ] Leaving safepoint region
[2025-10-02T08:53:00.896+0000][45479.883s][5523][5530][info ] Total time for which application threads were stopped: 0.0001368 seconds, Stopping threads took: 0.0000263 seconds
[2025-10-02T08:53:01.897+0000][45480.883s][5523][5530][info ] Application time: 1.0001014 seconds
[2025-10-02T08:53:01.897+0000][45480.883s][5523][5530][info ] Entering safepoint region: Cleanup
[2025-10-02T08:53:01.897+0000][45480.883s][5523][5530][info ] Leaving safepoint region
[2025-10-02T08:53:01.897+0000][45480.883s][5523][5530][info ] Total time for which application threads were stopped: 0.0003440 seconds, Stopping threads took: 0.0001415 seconds
[2025-10-02T08:53:02.898+0000][45481.884s][5523][5530][info ] Application time: 1.0003350 seconds
[2025-10-02T08:53:02.898+0000][45481.884s][5523][5530][info ] Entering safepoint region: Cleanup
[2025-10-02T08:53:02.898+0000][45481.884s][5523][5530][info ] Leaving safepoint region
[2025-10-02T08:53:02.898+0000][45481.884s][5523][5530][info ] Total time for which application threads were stopped: 0.0001899 seconds, Stopping threads took: 0.0000286 seconds
[2025-10-02T08:53:03.898+0000][45482.884s][5523][5530][info ] Application time: 1.0001052 seconds
[2025-10-02T08:53:03.898+0000][45482.884s][5523][5530][info ] Entering safepoint region: Cleanup
[2025-10-02T08:53:03.898+0000][45482.884s][5523][5530][info ] Leaving safepoint region
[2025-10-02T08:53:03.898+0000][45482.884s][5523][5530][info ] Total time for which application threads were stopped: 0.0001371 seconds, Stopping threads took: 0.0000274 seconds
[2025-10-02T08:53:04.898+0000][45483.884s][5523][5530][info ] Application time: 1.0001104 seconds
[2025-10-02T08:53:04.898+0000][45483.885s][5523][5530][info ] Entering safepoint region: Cleanup
[2025-10-02T08:53:04.898+0000][45483.885s][5523][5530][info ] Leaving safepoint region
[2025-10-02T08:53:04.898+0000][45483.885s][5523][5530][info ] Total time for which application threads were stopped: 0.0001362 seconds, Stopping threads took: 0.0000269 seconds
[2025-10-02T08:53:05.899+0000][45484.885s][5523][5530][info ] Application time: 1.0001109 seconds
[2025-10-02T08:53:05.899+0000][45484.885s][5523][5530][info ] Entering safepoint region: Cleanup
[2025-10-02T08:53:05.899+0000][45484.885s][5523][5530][info ] Leaving safepoint region
[2025-10-02T08:53:05.899+0000][45484.885s][5523][5530][info ] Total time for which application threads were stopped: 0.0001436 seconds, Stopping threads took: 0.0000278 seconds
[2025-10-02T08:53:06.286+0000][45485.272s][5523][5529][trace] CMS: promo attempt is safe: available(765483624) >= av_promo(4228508), max_promo(164381552)
[2025-10-02T08:53:06.899+0000][45485.885s][5523][5530][info ] Application time: 1.0001100 seconds
[2025-10-02T08:53:06.899+0000][45485.885s][5523][5530][info ] Entering safepoint region: Cleanup
[2025-10-02T08:53:06.899+0000][45485.885s][5523][5530][info ] Leaving safepoint region
[2025-10-02T08:53:06.899+0000][45485.885s][5523][5530][info ] Total time for which application threads were stopped: 0.0002346 seconds, Stopping threads took: 0.0000270 seconds
[2025-10-02T08:53:07.899+0000][45486.886s][5523][5530][info ] Application time: 1.0001175 seconds
[2025-10-02T08:53:07.899+0000][45486.886s][5523][5530][info ] Entering safepoint region: Cleanup
[2025-10-02T08:53:07.899+0000][45486.886s][5523][5530][info ] Leaving safepoint region
[2025-10-02T08:53:07.899+0000][45486.886s][5523][5530][info ] Total time for which application threads were stopped: 0.0001332 seconds, Stopping threads took: 0.0000257 seconds
[2025-10-02T08:53:08.900+0000][45487.886s][5523][5530][info ] Application time: 1.0000950 seconds
[2025-10-02T08:53:08.900+0000][45487.886s][5523][5530][info ] Entering safepoint region: Cleanup
[2025-10-02T08:53:08.900+0000][45487.886s][5523][5530][info ] Leaving safepoint region
[2025-10-02T08:53:08.900+0000][45487.886s][5523][5530][info ] Total time for which application threads were stopped: 0.0002942 seconds, Stopping threads took: 0.0001671 seconds
[2025-10-02T08:53:09.900+0000][45488.886s][5523][5530][info ] Application time: 1.0000759 seconds
[2025-10-02T08:53:09.900+0000][45488.886s][5523][5530][info ] Entering safepoint region: Cleanup
[2025-10-02T08:53:09.900+0000][45488.886s][5523][5530][info ] Leaving safepoint region
[2025-10-02T08:53:09.900+0000][45488.886s][5523][5530][info ] Total time for which application threads were stopped: 0.0001320 seconds, Stopping threads took: 0.0000251 seconds
[2025-10-02T08:53:10.900+0000][45489.887s][5523][5530][info ] Application time: 1.0001061 seconds
[2025-10-02T08:53:10.900+0000][45489.887s][5523][5530][info ] Entering safepoint region: Cleanup
[2025-10-02T08:53:10.900+0000][45489.887s][5523][5530][info ] Leaving safepoint region
[2025-10-02T08:53:10.901+0000][45489.887s][5523][5530][info ] Total time for which application threads were stopped: 0.0001411 seconds, Stopping threads took: 0.0000270 seconds
[2025-10-02T08:53:11.901+0000][45490.887s][5523][5530][info ] Application time: 1.0000986 seconds
[2025-10-02T08:53:11.901+0000][45490.887s][5523][5530][info ] Entering safepoint region: Cleanup
[2025-10-02T08:53:11.901+0000][45490.887s][5523][5530][info ] Leaving safepoint region
[2025-10-02T08:53:11.901+0000][45490.887s][5523][5530][info ] Total time for which application threads were stopped: 0.0001390 seconds, Stopping threads took: 0.0000277 seconds
[2025-10-02T08:53:12.901+0000][45491.887s][5523][5530][info ] Application time: 1.0000859 seconds
[2025-10-02T08:53:12.901+0000][45491.887s][5523][5530][info ] Entering safepoint region: Cleanup
[2025-10-02T08:53:12.901+0000][45491.887s][5523][5530][info ] Leaving safepoint region
[2025-10-02T08:53:12.901+0000][45491.887s][5523][5530][info ] Total time for which application threads were stopped: 0.0001554 seconds, Stopping threads took: 0.0000329 seconds
[2025-10-02T08:53:13.901+0000][45492.887s][5523][5530][info ] Application time: 1.0001004 seconds
[2025-10-02T08:53:13.901+0000][45492.888s][5523][5530][info ] Entering safepoint region: Cleanup
[2025-10-02T08:53:13.901+0000][45492.888s][5523][5530][info ] Leaving safepoint region
[2025-10-02T08:53:13.901+0000][45492.888s][5523][5530][info ] Total time for which application threads were stopped: 0.0001780 seconds, Stopping threads took: 0.0000350 seconds
[2025-10-02T08:53:14.902+0000][45493.888s][5523][5530][info ] Application time: 1.0000985 seconds
[2025-10-02T08:53:14.902+0000][45493.888s][5523][5530][info ] Entering safepoint region: Cleanup
[2025-10-02T08:53:14.902+0000][45493.888s][5523][5530][info ] Leaving safepoint region
[2025-10-02T08:53:14.902+0000][45493.888s][5523][5530][info ] Total time for which application threads were stopped: 0.0001385 seconds, Stopping threads took: 0.0000312 seconds
[2025-10-02T08:53:15.902+0000][45494.888s][5523][5530][info ] Application time: 1.0001182 seconds
[2025-10-02T08:53:15.902+0000][45494.888s][5523][5530][info ] Entering safepoint region: Cleanup
[2025-10-02T08:53:15.902+0000][45494.888s][5523][5530][info ] Leaving safepoint region
[2025-10-02T08:53:15.902+0000][45494.888s][5523][5530][info ] Total time for which application threads were stopped: 0.0001387 seconds, Stopping threads took: 0.0000270 seconds
[2025-10-02T08:53:16.285+0000][45495.271s][5523][5529][trace] CMS: promo attempt is safe: available(765483624) >= av_promo(4228508), max_promo(165481992)
[2025-10-02T08:53:16.902+0000][45495.888s][5523][5530][info ] Application time: 1.0001006 seconds
[2025-10-02T08:53:16.902+0000][45495.888s][5523][5530][info ] Entering safepoint region: Cleanup
[2025-10-02T08:53:16.902+0000][45495.889s][5523][5530][info ] Leaving safepoint region
[2025-10-02T08:53:16.902+0000][45495.889s][5523][5530][info ] Total time for which application threads were stopped: 0.0001357 seconds, Stopping threads took: 0.0000247 seconds
[2025-10-02T08:53:17.902+0000][45496.889s][5523][5530][info ] Application time: 1.0001114 seconds
[2025-10-02T08:53:17.903+0000][45496.889s][5523][5530][info ] Entering safepoint region: Cleanup
[2025-10-02T08:53:17.903+0000][45496.889s][5523][5530][info ] Leaving safepoint region
[2025-10-02T08:53:17.903+0000][45496.889s][5523][5530][info ] Total time for which application threads were stopped: 0.0001412 seconds, Stopping threads took: 0.0000258 seconds
[2025-10-02T08:53:18.903+0000][45497.889s][5523][5530][info ] Application time: 1.0001015 seconds
[2025-10-02T08:53:18.903+0000][45497.889s][5523][5530][info ] Entering safepoint region: Cleanup
[2025-10-02T08:53:18.903+0000][45497.889s][5523][5530][info ] Leaving safepoint region
[2025-10-02T08:53:18.903+0000][45497.889s][5523][5530][info ] Total time for which application threads were stopped: 0.0002193 seconds, Stopping threads took: 0.0000273 seconds
[2025-10-02T08:53:19.903+0000][45498.889s][5523][5530][info ] Application time: 1.0001021 seconds
[2025-10-02T08:53:19.903+0000][45498.889s][5523][5530][info ] Entering safepoint region: Cleanup
[2025-10-02T08:53:19.903+0000][45498.890s][5523][5530][info ] Leaving safepoint region
[2025-10-02T08:53:19.903+0000][45498.890s][5523][5530][info ] Total time for which application threads were stopped: 0.0001406 seconds, Stopping threads took: 0.0000269 seconds
[2025-10-02T08:53:20.904+0000][45499.890s][5523][5530][info ] Application time: 1.0001032 seconds
[2025-10-02T08:53:20.904+0000][45499.890s][5523][5530][info ] Entering safepoint region: Cleanup
[2025-10-02T08:53:20.904+0000][45499.890s][5523][5530][info ] Leaving safepoint region
[2025-10-02T08:53:20.904+0000][45499.890s][5523][5530][info ] Total time for which application threads were stopped: 0.0001399 seconds, Stopping threads took: 0.0000249 seconds
[2025-10-02T08:53:21.904+0000][45500.890s][5523][5530][info ] Application time: 1.0001040 seconds
[2025-10-02T08:53:21.904+0000][45500.890s][5523][5530][info ] Entering safepoint region: Cleanup
[2025-10-02T08:53:21.904+0000][45500.890s][5523][5530][info ] Leaving safepoint region
[2025-10-02T08:53:21.904+0000][45500.890s][5523][5530][info ] Total time for which application threads were stopped: 0.0001536 seconds, Stopping threads took: 0.0000434 seconds
[2025-10-02T08:53:22.904+0000][45501.890s][5523][5530][info ] Application time: 1.0001856 seconds
[2025-10-02T08:53:22.904+0000][45501.891s][5523][5530][info ] Entering safepoint region: Cleanup
[2025-10-02T08:53:22.904+0000][45501.891s][5523][5530][info ] Leaving safepoint region
[2025-10-02T08:53:22.904+0000][45501.891s][5523][5530][info ] Total time for which application threads were stopped: 0.0001482 seconds, Stopping threads took: 0.0000281 seconds
[2025-10-02T08:53:23.905+0000][45502.891s][5523][5530][info ] Application time: 1.0001215 seconds
[2025-10-02T08:53:23.905+0000][45502.891s][5523][5530][info ] Entering safepoint region: Cleanup
[2025-10-02T08:53:23.905+0000][45502.891s][5523][5530][info ] Leaving safepoint region
[2025-10-02T08:53:23.905+0000][45502.891s][5523][5530][info ] Total time for which application threads were stopped: 0.0001404 seconds, Stopping threads took: 0.0000257 seconds
[2025-10-02T08:53:24.905+0000][45503.891s][5523][5530][info ] Application time: 1.0001017 seconds
[2025-10-02T08:53:24.905+0000][45503.891s][5523][5530][info ] Entering safepoint region: Cleanup
[2025-10-02T08:53:24.905+0000][45503.891s][5523][5530][info ] Leaving safepoint region
[2025-10-02T08:53:24.905+0000][45503.891s][5523][5530][info ] Total time for which application threads were stopped: 0.0001402 seconds, Stopping threads took: 0.0000260 seconds
[2025-10-02T08:53:25.905+0000][45504.891s][5523][5530][info ] Application time: 1.0001071 seconds
[2025-10-02T08:53:25.905+0000][45504.891s][5523][5530][info ] Entering safepoint region: Cleanup
[2025-10-02T08:53:25.905+0000][45504.892s][5523][5530][info ] Leaving safepoint region
[2025-10-02T08:53:25.905+0000][45504.892s][5523][5530][info ] Total time for which application threads were stopped: 0.0001381 seconds, Stopping threads took: 0.0000285 seconds
[2025-10-02T08:53:26.284+0000][45505.271s][5523][5529][trace] CMS: promo attempt is safe: available(765483624) >= av_promo(4228508), max_promo(165486992)
[2025-10-02T08:53:26.905+0000][45505.892s][5523][5530][info ] Application time: 1.0000819 seconds
[2025-10-02T08:53:26.905+0000][45505.892s][5523][5530][info ] Entering safepoint region: Cleanup
[2025-10-02T08:53:26.906+0000][45505.892s][5523][5530][info ] Leaving safepoint region
[2025-10-02T08:53:26.906+0000][45505.892s][5523][5530][info ] Total time for which application threads were stopped: 0.0001650 seconds, Stopping threads took: 0.0000265 seconds
[2025-10-02T08:53:27.906+0000][45506.892s][5523][5530][info ] Application time: 1.0000965 seconds
[2025-10-02T08:53:27.906+0000][45506.892s][5523][5530][info ] Entering safepoint region: Cleanup
[2025-10-02T08:53:27.906+0000][45506.892s][5523][5530][info ] Leaving safepoint region
[2025-10-02T08:53:27.906+0000][45506.892s][5523][5530][info ] Total time for which application threads were stopped: 0.0001451 seconds, Stopping threads took: 0.0000303 seconds
[2025-10-02T08:53:28.906+0000][45507.892s][5523][5530][info ] Application time: 1.0001039 seconds
[2025-10-02T08:53:28.906+0000][45507.892s][5523][5530][info ] Entering safepoint region: Cleanup
[2025-10-02T08:53:28.906+0000][45507.892s][5523][5530][info ] Leaving safepoint region
[2025-10-02T08:53:28.906+0000][45507.892s][5523][5530][info ] Total time for which application threads were stopped: 0.0001461 seconds, Stopping threads took: 0.0000271 seconds
[2025-10-02T08:53:29.906+0000][45508.893s][5523][5530][info ] Application time: 1.0000803 seconds
[2025-10-02T08:53:29.906+0000][45508.893s][5523][5530][info ] Entering safepoint region: Cleanup
[2025-10-02T08:53:29.907+0000][45508.893s][5523][5530][info ] Leaving safepoint region
[2025-10-02T08:53:29.907+0000][45508.893s][5523][5530][info ] Total time for which application threads were stopped: 0.0001630 seconds, Stopping threads took: 0.0000291 seconds
[2025-10-02T08:53:30.907+0000][45509.893s][5523][5530][info ] Application time: 1.0001116 seconds
[2025-10-02T08:53:30.907+0000][45509.893s][5523][5530][info ] Entering safepoint region: Cleanup
[2025-10-02T08:53:30.907+0000][45509.893s][5523][5530][info ] Leaving safepoint region
[2025-10-02T08:53:30.907+0000][45509.893s][5523][5530][info ] Total time for which application threads were stopped: 0.0001406 seconds, Stopping threads took: 0.0000263 seconds
[2025-10-02T08:53:31.907+0000][45510.893s][5523][5530][info ] Application time: 1.0000891 seconds
[2025-10-02T08:53:31.907+0000][45510.893s][5523][5530][info ] Entering safepoint region: Cleanup
[2025-10-02T08:53:31.907+0000][45510.893s][5523][5530][info ] Leaving safepoint region
[2025-10-02T08:53:31.907+0000][45510.893s][5523][5530][info ] Total time for which application threads were stopped: 0.0001417 seconds, Stopping threads took: 0.0000289 seconds
[2025-10-02T08:53:32.907+0000][45511.893s][5523][5530][info ] Application time: 1.0001012 seconds
[2025-10-02T08:53:32.907+0000][45511.894s][5523][5530][info ] Entering safepoint region: Cleanup
[2025-10-02T08:53:32.907+0000][45511.894s][5523][5530][info ] Leaving safepoint region
[2025-10-02T08:53:32.907+0000][45511.894s][5523][5530][info ] Total time for which application threads were stopped: 0.0001507 seconds, Stopping threads took: 0.0000276 seconds
[2025-10-02T08:53:33.908+0000][45512.894s][5523][5530][info ] Application time: 1.0001068 seconds
[2025-10-02T08:53:33.908+0000][45512.894s][5523][5530][info ] Entering safepoint region: Cleanup
[2025-10-02T08:53:33.908+0000][45512.894s][5523][5530][info ] Leaving safepoint region
[2025-10-02T08:53:33.908+0000][45512.894s][5523][5530][info ] Total time for which application threads were stopped: 0.0001407 seconds, Stopping threads took: 0.0000280 seconds
[2025-10-02T08:53:34.908+0000][45513.894s][5523][5530][info ] Application time: 1.0001158 seconds
[2025-10-02T08:53:34.908+0000][45513.894s][5523][5530][info ] Entering safepoint region: Cleanup
[2025-10-02T08:53:34.908+0000][45513.894s][5523][5530][info ] Leaving safepoint region
[2025-10-02T08:53:34.908+0000][45513.894s][5523][5530][info ] Total time for which application threads were stopped: 0.0001480 seconds, Stopping threads took: 0.0000283 seconds
[2025-10-02T08:53:35.908+0000][45514.894s][5523][5530][info ] Application time: 1.0001074 seconds
[2025-10-02T08:53:35.908+0000][45514.894s][5523][5530][info ] Entering safepoint region: Cleanup
[2025-10-02T08:53:35.908+0000][45514.895s][5523][5530][info ] Leaving safepoint region
[2025-10-02T08:53:35.908+0000][45514.895s][5523][5530][info ] Total time for which application threads were stopped: 0.0001363 seconds, Stopping threads took: 0.0000273 seconds
[2025-10-02T08:53:36.285+0000][45515.271s][5523][5529][trace] CMS: promo attempt is safe: available(765483624) >= av_promo(4228508), max_promo(165621096)
[2025-10-02T08:53:36.909+0000][45515.895s][5523][5530][info ] Application time: 1.0000985 seconds
[2025-10-02T08:53:36.909+0000][45515.895s][5523][5530][info ] Entering safepoint region: Cleanup
[2025-10-02T08:53:36.909+0000][45515.895s][5523][5530][info ] Leaving safepoint region
[2025-10-02T08:53:36.909+0000][45515.895s][5523][5530][info ] Total time for which application threads were stopped: 0.0001418 seconds, Stopping threads took: 0.0000278 seconds
[2025-10-02T08:53:37.909+0000][45516.895s][5523][5530][info ] Application time: 1.0000783 seconds
[2025-10-02T08:53:37.909+0000][45516.895s][5523][5530][info ] Entering safepoint region: Cleanup
[2025-10-02T08:53:37.909+0000][45516.895s][5523][5530][info ] Leaving safepoint region
[2025-10-02T08:53:37.909+0000][45516.895s][5523][5530][info ] Total time for which application threads were stopped: 0.0001359 seconds, Stopping threads took: 0.0000271 seconds
[2025-10-02T08:53:38.909+0000][45517.895s][5523][5530][info ] Application time: 1.0001050 seconds
[2025-10-02T08:53:38.909+0000][45517.895s][5523][5530][info ] Entering safepoint region: Cleanup
[2025-10-02T08:53:38.910+0000][45517.897s][5523][5530][info ] Leaving safepoint region
[2025-10-02T08:53:38.910+0000][45517.897s][5523][5530][info ] Total time for which application threads were stopped: 0.0012138 seconds, Stopping threads took: 0.0010593 seconds
[2025-10-02T08:53:39.911+0000][45518.897s][5523][5530][info ] Application time: 1.0001024 seconds
[2025-10-02T08:53:39.911+0000][45518.897s][5523][5530][info ] Entering safepoint region: Cleanup
[2025-10-02T08:53:39.911+0000][45518.897s][5523][5530][info ] Leaving safepoint region
[2025-10-02T08:53:39.911+0000][45518.897s][5523][5530][info ] Total time for which application threads were stopped: 0.0001395 seconds, Stopping threads took: 0.0000273 seconds
[2025-10-02T08:53:40.911+0000][45519.897s][5523][5530][info ] Application time: 1.0001031 seconds
[2025-10-02T08:53:40.911+0000][45519.897s][5523][5530][info ] Entering safepoint region: Cleanup
[2025-10-02T08:53:40.911+0000][45519.897s][5523][5530][info ] Leaving safepoint region
[2025-10-02T08:53:40.911+0000][45519.897s][5523][5530][info ] Total time for which application threads were stopped: 0.0001367 seconds, Stopping threads took: 0.0000250 seconds
[2025-10-02T08:53:41.911+0000][45520.897s][5523][5530][info ] Application time: 1.0001618 seconds
[2025-10-02T08:53:41.911+0000][45520.897s][5523][5530][info ] Entering safepoint region: Cleanup
[2025-10-02T08:53:41.911+0000][45520.898s][5523][5530][info ] Leaving safepoint region
[2025-10-02T08:53:41.911+0000][45520.898s][5523][5530][info ] Total time for which application threads were stopped: 0.0001350 seconds, Stopping threads took: 0.0000257 seconds
[2025-10-02T08:53:42.911+0000][45521.898s][5523][5530][info ] Application time: 1.0000965 seconds
[2025-10-02T08:53:42.912+0000][45521.898s][5523][5530][info ] Entering safepoint region: Cleanup
[2025-10-02T08:53:42.912+0000][45521.898s][5523][5530][info ] Leaving safepoint region
[2025-10-02T08:53:42.912+0000][45521.898s][5523][5530][info ] Total time for which application threads were stopped: 0.0001573 seconds, Stopping threads took: 0.0000427 seconds
[2025-10-02T08:53:43.912+0000][45522.898s][5523][5530][info ] Application time: 1.0001047 seconds
[2025-10-02T08:53:43.912+0000][45522.898s][5523][5530][info ] Entering safepoint region: Cleanup
[2025-10-02T08:53:43.912+0000][45522.898s][5523][5530][info ] Leaving safepoint region
[2025-10-02T08:53:43.912+0000][45522.898s][5523][5530][info ] Total time for which application threads were stopped: 0.0001459 seconds, Stopping threads took: 0.0000307 seconds
[2025-10-02T08:53:44.912+0000][45523.898s][5523][5530][info ] Application time: 1.0001024 seconds
[2025-10-02T08:53:44.912+0000][45523.898s][5523][5530][info ] Entering safepoint region: Cleanup
[2025-10-02T08:53:44.912+0000][45523.898s][5523][5530][info ] Leaving safepoint region
[2025-10-02T08:53:44.912+0000][45523.898s][5523][5530][info ] Total time for which application threads were stopped: 0.0001315 seconds, Stopping threads took: 0.0000257 seconds
[2025-10-02T08:53:45.912+0000][45524.899s][5523][5530][info ] Application time: 1.0000783 seconds
[2025-10-02T08:53:45.912+0000][45524.899s][5523][5530][info ] Entering safepoint region: Cleanup
[2025-10-02T08:53:45.913+0000][45524.899s][5523][5530][info ] Leaving safepoint region
[2025-10-02T08:53:45.913+0000][45524.899s][5523][5530][info ] Total time for which application threads were stopped: 0.0001663 seconds, Stopping threads took: 0.0000252 seconds
[2025-10-02T08:53:46.285+0000][45525.271s][5523][5529][trace] CMS: promo attempt is safe: available(765483624) >= av_promo(4228508), max_promo(165695056)
[2025-10-02T08:53:46.913+0000][45525.899s][5523][5530][info ] Application time: 1.0001001 seconds
[2025-10-02T08:53:46.913+0000][45525.899s][5523][5530][info ] Entering safepoint region: Cleanup
[2025-10-02T08:53:46.913+0000][45525.899s][5523][5530][info ] Leaving safepoint region
[2025-10-02T08:53:46.913+0000][45525.899s][5523][5530][info ] Total time for which application threads were stopped: 0.0001323 seconds, Stopping threads took: 0.0000241 seconds
[2025-10-02T08:53:47.913+0000][45526.899s][5523][5530][info ] Application time: 1.0001071 seconds
[2025-10-02T08:53:47.913+0000][45526.899s][5523][5530][info ] Entering safepoint region: Cleanup
[2025-10-02T08:53:47.913+0000][45526.899s][5523][5530][info ] Leaving safepoint region
[2025-10-02T08:53:47.913+0000][45526.899s][5523][5530][info ] Total time for which application threads were stopped: 0.0001381 seconds, Stopping threads took: 0.0000263 seconds
[2025-10-02T08:53:48.913+0000][45527.899s][5523][5530][info ] Application time: 1.0000929 seconds
[2025-10-02T08:53:48.913+0000][45527.900s][5523][5530][info ] Entering safepoint region: Cleanup
[2025-10-02T08:53:48.913+0000][45527.900s][5523][5530][info ] Leaving safepoint region
[2025-10-02T08:53:48.913+0000][45527.900s][5523][5530][info ] Total time for which application threads were stopped: 0.0001436 seconds, Stopping threads took: 0.0000248 seconds
[2025-10-02T08:53:49.914+0000][45528.900s][5523][5530][info ] Application time: 1.0000978 seconds
[2025-10-02T08:53:49.914+0000][45528.900s][5523][5530][info ] Entering safepoint region: Cleanup
[2025-10-02T08:53:49.914+0000][45528.900s][5523][5530][info ] Leaving safepoint region
[2025-10-02T08:53:49.914+0000][45528.900s][5523][5530][info ] Total time for which application threads were stopped: 0.0001376 seconds, Stopping threads took: 0.0000259 seconds
[2025-10-02T08:53:50.914+0000][45529.900s][5523][5530][info ] Application time: 1.0001058 seconds
[2025-10-02T08:53:50.914+0000][45529.900s][5523][5530][info ] Entering safepoint region: Cleanup
[2025-10-02T08:53:50.914+0000][45529.900s][5523][5530][info ] Leaving safepoint region
[2025-10-02T08:53:50.914+0000][45529.900s][5523][5530][info ] Total time for which application threads were stopped: 0.0001330 seconds, Stopping threads took: 0.0000261 seconds
[2025-10-02T08:53:51.914+0000][45530.900s][5523][5530][info ] Application time: 1.0000969 seconds
[2025-10-02T08:53:51.914+0000][45530.900s][5523][5530][info ] Entering safepoint region: Cleanup
[2025-10-02T08:53:51.914+0000][45530.901s][5523][5530][info ] Leaving safepoint region
[2025-10-02T08:53:51.914+0000][45530.901s][5523][5530][info ] Total time for which application threads were stopped: 0.0001338 seconds, Stopping threads took: 0.0000279 seconds
[2025-10-02T08:53:52.915+0000][45531.901s][5523][5530][info ] Application time: 1.0001441 seconds
[2025-10-02T08:53:52.915+0000][45531.901s][5523][5530][info ] Entering safepoint region: Cleanup
[2025-10-02T08:53:52.915+0000][45531.901s][5523][5530][info ] Leaving safepoint region
[2025-10-02T08:53:52.915+0000][45531.901s][5523][5530][info ] Total time for which application threads were stopped: 0.0001455 seconds, Stopping threads took: 0.0000277 seconds
[2025-10-02T08:53:53.915+0000][45532.901s][5523][5530][info ] Application time: 1.0000776 seconds
[2025-10-02T08:53:53.915+0000][45532.901s][5523][5530][info ] Entering safepoint region: Cleanup
[2025-10-02T08:53:53.915+0000][45532.901s][5523][5530][info ] Leaving safepoint region
[2025-10-02T08:53:53.915+0000][45532.901s][5523][5530][info ] Total time for which application threads were stopped: 0.0001988 seconds, Stopping threads took: 0.0000347 seconds
[2025-10-02T08:53:54.915+0000][45533.901s][5523][5530][info ] Application time: 1.0001001 seconds
[2025-10-02T08:53:54.915+0000][45533.901s][5523][5530][info ] Entering safepoint region: Cleanup
[2025-10-02T08:53:54.915+0000][45533.902s][5523][5530][info ] Leaving safepoint region
[2025-10-02T08:53:54.915+0000][45533.902s][5523][5530][info ] Total time for which application threads were stopped: 0.0001410 seconds, Stopping threads took: 0.0000262 seconds
[2025-10-02T08:53:55.915+0000][45534.902s][5523][5530][info ] Application time: 1.0001093 seconds
[2025-10-02T08:53:55.916+0000][45534.902s][5523][5530][info ] Entering safepoint region: Cleanup
[2025-10-02T08:53:55.916+0000][45534.902s][5523][5530][info ] Leaving safepoint region
[2025-10-02T08:53:55.916+0000][45534.902s][5523][5530][info ] Total time for which application threads were stopped: 0.0001393 seconds, Stopping threads took: 0.0000261 seconds
[2025-10-02T08:53:56.284+0000][45535.270s][5523][5529][trace] CMS: promo attempt is safe: available(765483624) >= av_promo(4228508), max_promo(166554536)
[2025-10-02T08:53:56.916+0000][45535.902s][5523][5530][info ] Application time: 1.0000832 seconds
[2025-10-02T08:53:56.916+0000][45535.902s][5523][5530][info ] Entering safepoint region: Cleanup
[2025-10-02T08:53:56.916+0000][45535.902s][5523][5530][info ] Leaving safepoint region
[2025-10-02T08:53:56.916+0000][45535.902s][5523][5530][info ] Total time for which application threads were stopped: 0.0001389 seconds, Stopping threads took: 0.0000273 seconds
[2025-10-02T08:53:57.916+0000][45536.902s][5523][5530][info ] Application time: 1.0001049 seconds
[2025-10-02T08:53:57.916+0000][45536.902s][5523][5530][info ] Entering safepoint region: Cleanup
[2025-10-02T08:53:57.916+0000][45536.902s][5523][5530][info ] Leaving safepoint region
[2025-10-02T08:53:57.916+0000][45536.902s][5523][5530][info ] Total time for which application threads were stopped: 0.0001358 seconds, Stopping threads took: 0.0000241 seconds
[2025-10-02T08:53:58.916+0000][45537.903s][5523][5530][info ] Application time: 1.0001025 seconds
[2025-10-02T08:53:58.916+0000][45537.903s][5523][5530][info ] Entering safepoint region: Cleanup
[2025-10-02T08:53:58.917+0000][45537.903s][5523][5530][info ] Leaving safepoint region
[2025-10-02T08:53:58.917+0000][45537.903s][5523][5530][info ] Total time for which application threads were stopped: 0.0002072 seconds, Stopping threads took: 0.0000276 seconds
[2025-10-02T08:53:59.917+0000][45538.903s][5523][5530][info ] Application time: 1.0001066 seconds
[2025-10-02T08:53:59.917+0000][45538.903s][5523][5530][info ] Entering safepoint region: Cleanup
[2025-10-02T08:53:59.917+0000][45538.903s][5523][5530][info ] Leaving safepoint region
[2025-10-02T08:53:59.917+0000][45538.903s][5523][5530][info ] Total time for which application threads were stopped: 0.0001439 seconds, Stopping threads took: 0.0000274 seconds
[2025-10-02T08:54:00.917+0000][45539.903s][5523][5530][info ] Application time: 1.0001132 seconds
[2025-10-02T08:54:00.917+0000][45539.903s][5523][5530][info ] Entering safepoint region: Cleanup
[2025-10-02T08:54:00.917+0000][45539.903s][5523][5530][info ] Leaving safepoint region
[2025-10-02T08:54:00.917+0000][45539.903s][5523][5530][info ] Total time for which application threads were stopped: 0.0001382 seconds, Stopping threads took: 0.0000258 seconds
[2025-10-02T08:54:01.917+0000][45540.904s][5523][5530][info ] Application time: 1.0001062 seconds
[2025-10-02T08:54:01.918+0000][45540.904s][5523][5530][info ] Entering safepoint region: Cleanup
[2025-10-02T08:54:01.918+0000][45540.904s][5523][5530][info ] Leaving safepoint region
[2025-10-02T08:54:01.918+0000][45540.904s][5523][5530][info ] Total time for which application threads were stopped: 0.0001778 seconds, Stopping threads took: 0.0000401 seconds
[2025-10-02T08:54:02.918+0000][45541.904s][5523][5530][info ] Application time: 1.0000909 seconds
[2025-10-02T08:54:02.918+0000][45541.904s][5523][5530][info ] Entering safepoint region: Cleanup
[2025-10-02T08:54:02.918+0000][45541.904s][5523][5530][info ] Leaving safepoint region
[2025-10-02T08:54:02.918+0000][45541.904s][5523][5530][info ] Total time for which application threads were stopped: 0.0001464 seconds, Stopping threads took: 0.0000269 seconds
[2025-10-02T08:54:03.918+0000][45542.904s][5523][5530][info ] Application time: 1.0000976 seconds
[2025-10-02T08:54:03.918+0000][45542.904s][5523][5530][info ] Entering safepoint region: Cleanup
[2025-10-02T08:54:03.918+0000][45542.905s][5523][5530][info ] Leaving safepoint region
[2025-10-02T08:54:03.918+0000][45542.905s][5523][5530][info ] Total time for which application threads were stopped: 0.0001593 seconds, Stopping threads took: 0.0000292 seconds
[2025-10-02T08:54:04.918+0000][45543.905s][5523][5530][info ] Application time: 1.0000803 seconds
[2025-10-02T08:54:04.918+0000][45543.905s][5523][5530][info ] Entering safepoint region: Cleanup
[2025-10-02T08:54:04.919+0000][45543.905s][5523][5530][info ] Leaving safepoint region
[2025-10-02T08:54:04.919+0000][45543.905s][5523][5530][info ] Total time for which application threads were stopped: 0.0001772 seconds, Stopping threads took: 0.0000279 seconds
[2025-10-02T08:54:05.919+0000][45544.905s][5523][5530][info ] Application time: 1.0001008 seconds
[2025-10-02T08:54:05.919+0000][45544.905s][5523][5530][info ] Entering safepoint region: Cleanup
[2025-10-02T08:54:05.919+0000][45544.905s][5523][5530][info ] Leaving safepoint region
[2025-10-02T08:54:05.919+0000][45544.905s][5523][5530][info ] Total time for which application threads were stopped: 0.0001491 seconds, Stopping threads took: 0.0000319 seconds
[2025-10-02T08:54:06.283+0000][45545.269s][5523][5529][trace] CMS: promo attempt is safe: available(765483624) >= av_promo(4228508), max_promo(167730872)
[2025-10-02T08:54:06.919+0000][45545.905s][5523][5530][info ] Application time: 1.0001814 seconds
[2025-10-02T08:54:06.919+0000][45545.905s][5523][5530][info ] Entering safepoint region: Cleanup
[2025-10-02T08:54:06.919+0000][45545.906s][5523][5530][info ] Leaving safepoint region
[2025-10-02T08:54:06.919+0000][45545.906s][5523][5530][info ] Total time for which application threads were stopped: 0.0001550 seconds, Stopping threads took: 0.0000272 seconds
[2025-10-02T08:54:07.919+0000][45546.906s][5523][5530][info ] Application time: 1.0001013 seconds
[2025-10-02T08:54:07.919+0000][45546.906s][5523][5530][info ] Entering safepoint region: Cleanup
[2025-10-02T08:54:07.920+0000][45546.906s][5523][5530][info ] Leaving safepoint region
[2025-10-02T08:54:07.920+0000][45546.906s][5523][5530][info ] Total time for which application threads were stopped: 0.0001718 seconds, Stopping threads took: 0.0000557 seconds
[2025-10-02T08:54:08.920+0000][45547.906s][5523][5530][info ] Application time: 1.0000773 seconds
[2025-10-02T08:54:08.920+0000][45547.906s][5523][5530][info ] Entering safepoint region: Cleanup
[2025-10-02T08:54:08.920+0000][45547.906s][5523][5530][info ] Leaving safepoint region
[2025-10-02T08:54:08.920+0000][45547.906s][5523][5530][info ] Total time for which application threads were stopped: 0.0001419 seconds, Stopping threads took: 0.0000283 seconds
[2025-10-02T08:54:09.920+0000][45548.906s][5523][5530][info ] Application time: 1.0000893 seconds
[2025-10-02T08:54:09.920+0000][45548.906s][5523][5530][info ] Entering safepoint region: Cleanup
[2025-10-02T08:54:09.920+0000][45548.906s][5523][5530][info ] Leaving safepoint region
[2025-10-02T08:54:09.920+0000][45548.906s][5523][5530][info ] Total time for which application threads were stopped: 0.0001351 seconds, Stopping threads took: 0.0000237 seconds
[2025-10-02T08:54:10.920+0000][45549.907s][5523][5530][info ] Application time: 1.0001044 seconds
[2025-10-02T08:54:10.920+0000][45549.907s][5523][5530][info ] Entering safepoint region: Cleanup
[2025-10-02T08:54:10.921+0000][45549.907s][5523][5530][info ] Leaving safepoint region
[2025-10-02T08:54:10.921+0000][45549.907s][5523][5530][info ] Total time for which application threads were stopped: 0.0001708 seconds, Stopping threads took: 0.0000382 seconds
[2025-10-02T08:54:11.921+0000][45550.907s][5523][5530][info ] Application time: 1.0001011 seconds
[2025-10-02T08:54:11.921+0000][45550.907s][5523][5530][info ] Entering safepoint region: Cleanup
[2025-10-02T08:54:11.921+0000][45550.907s][5523][5530][info ] Leaving safepoint region
[2025-10-02T08:54:11.921+0000][45550.907s][5523][5530][info ] Total time for which application threads were stopped: 0.0001358 seconds, Stopping threads took: 0.0000261 seconds
[2025-10-02T08:54:12.921+0000][45551.907s][5523][5530][info ] Application time: 1.0001113 seconds
[2025-10-02T08:54:12.921+0000][45551.907s][5523][5530][info ] Entering safepoint region: Cleanup
[2025-10-02T08:54:12.921+0000][45551.907s][5523][5530][info ] Leaving safepoint region
[2025-10-02T08:54:12.921+0000][45551.907s][5523][5530][info ] Total time for which application threads were stopped: 0.0001314 seconds, Stopping threads took: 0.0000234 seconds
[2025-10-02T08:54:13.921+0000][45552.907s][5523][5530][info ] Application time: 1.0000963 seconds
[2025-10-02T08:54:13.921+0000][45552.908s][5523][5530][info ] Entering safepoint region: Cleanup
[2025-10-02T08:54:13.921+0000][45552.908s][5523][5530][info ] Leaving safepoint region
[2025-10-02T08:54:13.921+0000][45552.908s][5523][5530][info ] Total time for which application threads were stopped: 0.0001324 seconds, Stopping threads took: 0.0000256 seconds
[2025-10-02T08:54:14.922+0000][45553.908s][5523][5530][info ] Application time: 1.0000996 seconds
[2025-10-02T08:54:14.922+0000][45553.908s][5523][5530][info ] Entering safepoint region: Cleanup
[2025-10-02T08:54:14.922+0000][45553.908s][5523][5530][info ] Leaving safepoint region
[2025-10-02T08:54:14.922+0000][45553.908s][5523][5530][info ] Total time for which application threads were stopped: 0.0001376 seconds, Stopping threads took: 0.0000235 seconds
[2025-10-02T08:54:15.922+0000][45554.908s][5523][5530][info ] Application time: 1.0001023 seconds
[2025-10-02T08:54:15.922+0000][45554.908s][5523][5530][info ] Entering safepoint region: Cleanup
[2025-10-02T08:54:15.922+0000][45554.908s][5523][5530][info ] Leaving safepoint region
[2025-10-02T08:54:15.922+0000][45554.908s][5523][5530][info ] Total time for which application threads were stopped: 0.0001277 seconds, Stopping threads took: 0.0000226 seconds
[2025-10-02T08:54:16.283+0000][45555.269s][5523][5529][trace] CMS: promo attempt is safe: available(765483624) >= av_promo(4228508), max_promo(168147656)
[2025-10-02T08:54:16.922+0000][45555.908s][5523][5530][info ] Application time: 1.0001030 seconds
[2025-10-02T08:54:16.922+0000][45555.908s][5523][5530][info ] Entering safepoint region: Cleanup
[2025-10-02T08:54:16.922+0000][45555.909s][5523][5530][info ] Leaving safepoint region
[2025-10-02T08:54:16.922+0000][45555.909s][5523][5530][info ] Total time for which application threads were stopped: 0.0001457 seconds, Stopping threads took: 0.0000388 seconds
[2025-10-02T08:54:17.922+0000][45556.909s][5523][5530][info ] Application time: 1.0001045 seconds
[2025-10-02T08:54:17.922+0000][45556.909s][5523][5530][info ] Entering safepoint region: Cleanup
[2025-10-02T08:54:17.923+0000][45556.909s][5523][5530][info ] Leaving safepoint region
[2025-10-02T08:54:17.923+0000][45556.909s][5523][5530][info ] Total time for which application threads were stopped: 0.0001672 seconds, Stopping threads took: 0.0000254 seconds
[2025-10-02T08:54:18.923+0000][45557.909s][5523][5530][info ] Application time: 1.0001022 seconds
[2025-10-02T08:54:18.923+0000][45557.909s][5523][5530][info ] Entering safepoint region: Cleanup
[2025-10-02T08:54:18.923+0000][45557.909s][5523][5530][info ] Leaving safepoint region
[2025-10-02T08:54:18.923+0000][45557.909s][5523][5530][info ] Total time for which application threads were stopped: 0.0001366 seconds, Stopping threads took: 0.0000246 seconds
[2025-10-02T08:54:19.923+0000][45558.909s][5523][5530][info ] Application time: 1.0002252 seconds
[2025-10-02T08:54:19.923+0000][45558.909s][5523][5530][info ] Entering safepoint region: Cleanup
[2025-10-02T08:54:19.923+0000][45558.910s][5523][5530][info ] Leaving safepoint region
[2025-10-02T08:54:19.923+0000][45558.910s][5523][5530][info ] Total time for which application threads were stopped: 0.0001315 seconds, Stopping threads took: 0.0000231 seconds
[2025-10-02T08:54:20.923+0000][45559.910s][5523][5530][info ] Application time: 1.0001112 seconds
[2025-10-02T08:54:20.924+0000][45559.910s][5523][5530][info ] Entering safepoint region: Cleanup
[2025-10-02T08:54:20.924+0000][45559.910s][5523][5530][info ] Leaving safepoint region
[2025-10-02T08:54:20.924+0000][45559.910s][5523][5530][info ] Total time for which application threads were stopped: 0.0001418 seconds, Stopping threads took: 0.0000287 seconds
[2025-10-02T08:54:21.924+0000][45560.910s][5523][5530][info ] Application time: 1.0000765 seconds
[2025-10-02T08:54:21.924+0000][45560.910s][5523][5530][info ] Entering safepoint region: Cleanup
[2025-10-02T08:54:21.924+0000][45560.910s][5523][5530][info ] Leaving safepoint region
[2025-10-02T08:54:21.924+0000][45560.910s][5523][5530][info ] Total time for which application threads were stopped: 0.0001343 seconds, Stopping threads took: 0.0000226 seconds
[2025-10-02T08:54:22.924+0000][45561.910s][5523][5530][info ] Application time: 1.0001122 seconds
[2025-10-02T08:54:22.924+0000][45561.910s][5523][5530][info ] Entering safepoint region: Cleanup
[2025-10-02T08:54:22.924+0000][45561.910s][5523][5530][info ] Leaving safepoint region
[2025-10-02T08:54:22.924+0000][45561.910s][5523][5530][info ] Total time for which application threads were stopped: 0.0001386 seconds, Stopping threads took: 0.0000292 seconds
[2025-10-02T08:54:23.924+0000][45562.911s][5523][5530][info ] Application time: 1.0000975 seconds
[2025-10-02T08:54:23.924+0000][45562.911s][5523][5530][info ] Entering safepoint region: Cleanup
[2025-10-02T08:54:23.925+0000][45562.911s][5523][5530][info ] Leaving safepoint region
[2025-10-02T08:54:23.925+0000][45562.911s][5523][5530][info ] Total time for which application threads were stopped: 0.0001696 seconds, Stopping threads took: 0.0000277 seconds
[2025-10-02T08:54:24.925+0000][45563.911s][5523][5530][info ] Application time: 1.0000784 seconds
[2025-10-02T08:54:24.925+0000][45563.911s][5523][5530][info ] Entering safepoint region: Cleanup
[2025-10-02T08:54:24.925+0000][45563.911s][5523][5530][info ] Leaving safepoint region
[2025-10-02T08:54:24.925+0000][45563.911s][5523][5530][info ] Total time for which application threads were stopped: 0.0001475 seconds, Stopping threads took: 0.0000319 seconds
[2025-10-02T08:54:25.925+0000][45564.911s][5523][5530][info ] Application time: 1.0000832 seconds
[2025-10-02T08:54:25.925+0000][45564.911s][5523][5530][info ] Entering safepoint region: Cleanup
[2025-10-02T08:54:25.925+0000][45564.911s][5523][5530][info ] Leaving safepoint region
[2025-10-02T08:54:25.925+0000][45564.911s][5523][5530][info ] Total time for which application threads were stopped: 0.0001345 seconds, Stopping threads took: 0.0000253 seconds
[2025-10-02T08:54:26.283+0000][45565.269s][5523][5529][trace] CMS: promo attempt is safe: available(765483624) >= av_promo(4228508), max_promo(168185328)
[2025-10-02T08:54:26.925+0000][45565.911s][5523][5530][info ] Application time: 1.0001064 seconds
[2025-10-02T08:54:26.925+0000][45565.912s][5523][5530][info ] Entering safepoint region: Cleanup
[2025-10-02T08:54:26.925+0000][45565.912s][5523][5530][info ] Leaving safepoint region
[2025-10-02T08:54:26.925+0000][45565.912s][5523][5530][info ] Total time for which application threads were stopped: 0.0001362 seconds, Stopping threads took: 0.0000281 seconds
[2025-10-02T08:54:27.926+0000][45566.912s][5523][5530][info ] Application time: 1.0001048 seconds
[2025-10-02T08:54:27.926+0000][45566.912s][5523][5530][info ] Entering safepoint region: Cleanup
[2025-10-02T08:54:27.926+0000][45566.912s][5523][5530][info ] Leaving safepoint region
[2025-10-02T08:54:27.926+0000][45566.912s][5523][5530][info ] Total time for which application threads were stopped: 0.0001339 seconds, Stopping threads took: 0.0000257 seconds
[2025-10-02T08:54:28.926+0000][45567.912s][5523][5530][info ] Application time: 1.0000991 seconds
[2025-10-02T08:54:28.926+0000][45567.912s][5523][5530][info ] Entering safepoint region: Cleanup
[2025-10-02T08:54:28.926+0000][45567.912s][5523][5530][info ] Leaving safepoint region
[2025-10-02T08:54:28.926+0000][45567.912s][5523][5530][info ] Total time for which application threads were stopped: 0.0001289 seconds, Stopping threads took: 0.0000230 seconds
[2025-10-02T08:54:29.926+0000][45568.912s][5523][5530][info ] Application time: 1.0001007 seconds
[2025-10-02T08:54:29.926+0000][45568.912s][5523][5530][info ] Entering safepoint region: Cleanup
[2025-10-02T08:54:29.926+0000][45568.913s][5523][5530][info ] Leaving safepoint region
[2025-10-02T08:54:29.926+0000][45568.913s][5523][5530][info ] Total time for which application threads were stopped: 0.0001339 seconds, Stopping threads took: 0.0000242 seconds
[2025-10-02T08:54:30.926+0000][45569.913s][5523][5530][info ] Application time: 1.0001035 seconds
[2025-10-02T08:54:30.926+0000][45569.913s][5523][5530][info ] Entering safepoint region: Cleanup
[2025-10-02T08:54:30.927+0000][45569.913s][5523][5530][info ] Leaving safepoint region
[2025-10-02T08:54:30.927+0000][45569.913s][5523][5530][info ] Total time for which application threads were stopped: 0.0001728 seconds, Stopping threads took: 0.0000623 seconds
[2025-10-02T08:54:31.927+0000][45570.913s][5523][5530][info ] Application time: 1.0000987 seconds
[2025-10-02T08:54:31.927+0000][45570.913s][5523][5530][info ] Entering safepoint region: Cleanup
[2025-10-02T08:54:31.927+0000][45570.913s][5523][5530][info ] Leaving safepoint region
[2025-10-02T08:54:31.927+0000][45570.913s][5523][5530][info ] Total time for which application threads were stopped: 0.0001334 seconds, Stopping threads took: 0.0000243 seconds
[2025-10-02T08:54:32.927+0000][45571.913s][5523][5530][info ] Application time: 1.0002007 seconds
[2025-10-02T08:54:32.927+0000][45571.913s][5523][5530][info ] Entering safepoint region: Cleanup
[2025-10-02T08:54:32.927+0000][45571.914s][5523][5530][info ] Leaving safepoint region
[2025-10-02T08:54:32.927+0000][45571.914s][5523][5530][info ] Total time for which application threads were stopped: 0.0001426 seconds, Stopping threads took: 0.0000245 seconds
[2025-10-02T08:54:33.927+0000][45572.914s][5523][5530][info ] Application time: 1.0001006 seconds
[2025-10-02T08:54:33.927+0000][45572.914s][5523][5530][info ] Entering safepoint region: Cleanup
[2025-10-02T08:54:33.928+0000][45572.914s][5523][5530][info ] Leaving safepoint region
[2025-10-02T08:54:33.928+0000][45572.914s][5523][5530][info ] Total time for which application threads were stopped: 0.0001509 seconds, Stopping threads took: 0.0000406 seconds
[2025-10-02T08:54:34.928+0000][45573.914s][5523][5530][info ] Application time: 1.0000974 seconds
[2025-10-02T08:54:34.928+0000][45573.914s][5523][5530][info ] Entering safepoint region: Cleanup
[2025-10-02T08:54:34.928+0000][45573.914s][5523][5530][info ] Leaving safepoint region
[2025-10-02T08:54:34.928+0000][45573.914s][5523][5530][info ] Total time for which application threads were stopped: 0.0001342 seconds, Stopping threads took: 0.0000274 seconds
[2025-10-02T08:54:35.928+0000][45574.914s][5523][5530][info ] Application time: 1.0001091 seconds
[2025-10-02T08:54:35.928+0000][45574.914s][5523][5530][info ] Entering safepoint region: Cleanup
[2025-10-02T08:54:35.928+0000][45574.914s][5523][5530][info ] Leaving safepoint region
[2025-10-02T08:54:35.928+0000][45574.914s][5523][5530][info ] Total time for which application threads were stopped: 0.0001433 seconds, Stopping threads took: 0.0000322 seconds
[2025-10-02T08:54:36.283+0000][45575.270s][5523][5529][trace] CMS: promo attempt is safe: available(765483624) >= av_promo(4228508), max_promo(168397080)
[2025-10-02T08:54:36.928+0000][45575.915s][5523][5530][info ] Application time: 1.0000887 seconds
[2025-10-02T08:54:36.928+0000][45575.915s][5523][5530][info ] Entering safepoint region: Cleanup
[2025-10-02T08:54:36.929+0000][45575.915s][5523][5530][info ] Leaving safepoint region
[2025-10-02T08:54:36.929+0000][45575.915s][5523][5530][info ] Total time for which application threads were stopped: 0.0001616 seconds, Stopping threads took: 0.0000245 seconds
[2025-10-02T08:54:37.929+0000][45576.915s][5523][5530][info ] Application time: 1.0000976 seconds
[2025-10-02T08:54:37.929+0000][45576.915s][5523][5530][info ] Entering safepoint region: Cleanup
[2025-10-02T08:54:37.929+0000][45576.915s][5523][5530][info ] Leaving safepoint region
[2025-10-02T08:54:37.929+0000][45576.915s][5523][5530][info ] Total time for which application threads were stopped: 0.0001370 seconds, Stopping threads took: 0.0000259 seconds
[2025-10-02T08:54:38.929+0000][45577.915s][5523][5530][info ] Application time: 1.0000964 seconds
[2025-10-02T08:54:38.929+0000][45577.915s][5523][5530][info ] Entering safepoint region: Cleanup
[2025-10-02T08:54:38.930+0000][45577.916s][5523][5530][info ] Leaving safepoint region
[2025-10-02T08:54:38.930+0000][45577.916s][5523][5530][info ] Total time for which application threads were stopped: 0.0011718 seconds, Stopping threads took: 0.0010425 seconds
[2025-10-02T08:54:39.930+0000][45578.917s][5523][5530][info ] Application time: 1.0001066 seconds
[2025-10-02T08:54:39.930+0000][45578.917s][5523][5530][info ] Entering safepoint region: Cleanup
[2025-10-02T08:54:39.930+0000][45578.917s][5523][5530][info ] Leaving safepoint region
[2025-10-02T08:54:39.930+0000][45578.917s][5523][5530][info ] Total time for which application threads were stopped: 0.0001373 seconds, Stopping threads took: 0.0000275 seconds
[2025-10-02T08:54:40.931+0000][45579.917s][5523][5530][info ] Application time: 1.0001043 seconds
[2025-10-02T08:54:40.931+0000][45579.917s][5523][5530][info ] Entering safepoint region: Cleanup
[2025-10-02T08:54:40.931+0000][45579.917s][5523][5530][info ] Leaving safepoint region
[2025-10-02T08:54:40.931+0000][45579.917s][5523][5530][info ] Total time for which application threads were stopped: 0.0001496 seconds, Stopping threads took: 0.0000246 seconds
[2025-10-02T08:54:41.931+0000][45580.917s][5523][5530][info ] Application time: 1.0000810 seconds
[2025-10-02T08:54:41.931+0000][45580.917s][5523][5530][info ] Entering safepoint region: Cleanup
[2025-10-02T08:54:41.931+0000][45580.917s][5523][5530][info ] Leaving safepoint region
[2025-10-02T08:54:41.931+0000][45580.917s][5523][5530][info ] Total time for which application threads were stopped: 0.0002176 seconds, Stopping threads took: 0.0000246 seconds
[2025-10-02T08:54:42.931+0000][45581.917s][5523][5530][info ] Application time: 1.0001021 seconds
[2025-10-02T08:54:42.931+0000][45581.918s][5523][5530][info ] Entering safepoint region: Cleanup
[2025-10-02T08:54:42.931+0000][45581.918s][5523][5530][info ] Leaving safepoint region
[2025-10-02T08:54:42.931+0000][45581.918s][5523][5530][info ] Total time for which application threads were stopped: 0.0001316 seconds, Stopping threads took: 0.0000236 seconds
[2025-10-02T08:54:43.932+0000][45582.918s][5523][5530][info ] Application time: 1.0000905 seconds
[2025-10-02T08:54:43.932+0000][45582.918s][5523][5530][info ] Entering safepoint region: Cleanup
[2025-10-02T08:54:43.932+0000][45582.918s][5523][5530][info ] Leaving safepoint region
[2025-10-02T08:54:43.932+0000][45582.918s][5523][5530][info ] Total time for which application threads were stopped: 0.0001364 seconds, Stopping threads took: 0.0000246 seconds
[2025-10-02T08:54:44.932+0000][45583.918s][5523][5530][info ] Application time: 1.0001119 seconds
[2025-10-02T08:54:44.932+0000][45583.918s][5523][5530][info ] Entering safepoint region: Cleanup
[2025-10-02T08:54:44.932+0000][45583.918s][5523][5530][info ] Leaving safepoint region
[2025-10-02T08:54:44.932+0000][45583.918s][5523][5530][info ] Total time for which application threads were stopped: 0.0001292 seconds, Stopping threads took: 0.0000235 seconds
[2025-10-02T08:54:45.932+0000][45584.918s][5523][5530][info ] Application time: 1.0001008 seconds
[2025-10-02T08:54:45.932+0000][45584.918s][5523][5530][info ] Entering safepoint region: Cleanup
[2025-10-02T08:54:45.932+0000][45584.918s][5523][5530][info ] Leaving safepoint region
[2025-10-02T08:54:45.932+0000][45584.919s][5523][5530][info ] Total time for which application threads were stopped: 0.0001340 seconds, Stopping threads took: 0.0000256 seconds
[2025-10-02T08:54:46.283+0000][45585.270s][5523][5529][trace] CMS: promo attempt is safe: available(765483624) >= av_promo(4228508), max_promo(169080616)
[2025-10-02T08:54:46.932+0000][45585.919s][5523][5530][info ] Application time: 1.0000955 seconds
[2025-10-02T08:54:46.932+0000][45585.919s][5523][5530][info ] Entering safepoint region: Cleanup
[2025-10-02T08:54:46.933+0000][45585.919s][5523][5530][info ] Leaving safepoint region
[2025-10-02T08:54:46.933+0000][45585.919s][5523][5530][info ] Total time for which application threads were stopped: 0.0001606 seconds, Stopping threads took: 0.0000255 seconds
[2025-10-02T08:54:47.933+0000][45586.919s][5523][5530][info ] Application time: 1.0001015 seconds
[2025-10-02T08:54:47.933+0000][45586.919s][5523][5530][info ] Entering safepoint region: Cleanup
[2025-10-02T08:54:47.933+0000][45586.919s][5523][5530][info ] Leaving safepoint region
[2025-10-02T08:54:47.933+0000][45586.919s][5523][5530][info ] Total time for which application threads were stopped: 0.0001502 seconds, Stopping threads took: 0.0000237 seconds
[2025-10-02T08:54:48.933+0000][45587.919s][5523][5530][info ] Application time: 1.0000880 seconds
[2025-10-02T08:54:48.933+0000][45587.919s][5523][5530][info ] Entering safepoint region: Cleanup
[2025-10-02T08:54:48.933+0000][45587.919s][5523][5530][info ] Leaving safepoint region
[2025-10-02T08:54:48.933+0000][45587.919s][5523][5530][info ] Total time for which application threads were stopped: 0.0001379 seconds, Stopping threads took: 0.0000251 seconds
[2025-10-02T08:54:49.933+0000][45588.920s][5523][5530][info ] Application time: 1.0000923 seconds
[2025-10-02T08:54:49.933+0000][45588.920s][5523][5530][info ] Entering safepoint region: Cleanup
[2025-10-02T08:54:49.933+0000][45588.920s][5523][5530][info ] Leaving safepoint region
[2025-10-02T08:54:49.933+0000][45588.920s][5523][5530][info ] Total time for which application threads were stopped: 0.0001290 seconds, Stopping threads took: 0.0000233 seconds
[2025-10-02T08:54:50.934+0000][45589.920s][5523][5530][info ] Application time: 1.0000454 seconds
[2025-10-02T08:54:50.934+0000][45589.920s][5523][5530][info ] Entering safepoint region: Cleanup
[2025-10-02T08:54:50.934+0000][45589.920s][5523][5530][info ] Leaving safepoint region
[2025-10-02T08:54:50.934+0000][45589.920s][5523][5530][info ] Total time for which application threads were stopped: 0.0001356 seconds, Stopping threads took: 0.0000232 seconds
[2025-10-02T08:54:51.934+0000][45590.920s][5523][5530][info ] Application time: 1.0000932 seconds
[2025-10-02T08:54:51.934+0000][45590.920s][5523][5530][info ] Entering safepoint region: Cleanup
[2025-10-02T08:54:51.934+0000][45590.920s][5523][5530][info ] Leaving safepoint region
[2025-10-02T08:54:51.934+0000][45590.920s][5523][5530][info ] Total time for which application threads were stopped: 0.0001331 seconds, Stopping threads took: 0.0000250 seconds
[2025-10-02T08:54:52.934+0000][45591.920s][5523][5530][info ] Application time: 1.0000789 seconds
[2025-10-02T08:54:52.934+0000][45591.920s][5523][5530][info ] Entering safepoint region: Cleanup
[2025-10-02T08:54:52.934+0000][45591.920s][5523][5530][info ] Leaving safepoint region
[2025-10-02T08:54:52.934+0000][45591.920s][5523][5530][info ] Total time for which application threads were stopped: 0.0001371 seconds, Stopping threads took: 0.0000242 seconds
[2025-10-02T08:54:53.934+0000][45592.921s][5523][5530][info ] Application time: 1.0000849 seconds
[2025-10-02T08:54:53.934+0000][45592.921s][5523][5530][info ] Entering safepoint region: Cleanup
[2025-10-02T08:54:53.935+0000][45592.921s][5523][5530][info ] Leaving safepoint region
[2025-10-02T08:54:53.935+0000][45592.921s][5523][5530][info ] Total time for which application threads were stopped: 0.0001520 seconds, Stopping threads took: 0.0000243 seconds
[2025-10-02T08:54:54.935+0000][45593.921s][5523][5530][info ] Application time: 1.0000979 seconds
[2025-10-02T08:54:54.935+0000][45593.921s][5523][5530][info ] Entering safepoint region: Cleanup
[2025-10-02T08:54:54.935+0000][45593.921s][5523][5530][info ] Leaving safepoint region
[2025-10-02T08:54:54.935+0000][45593.921s][5523][5530][info ] Total time for which application threads were stopped: 0.0001497 seconds, Stopping threads took: 0.0000246 seconds
[2025-10-02T08:54:55.935+0000][45594.921s][5523][5530][info ] Application time: 1.0000948 seconds
[2025-10-02T08:54:55.935+0000][45594.921s][5523][5530][info ] Entering safepoint region: Cleanup
[2025-10-02T08:54:55.935+0000][45594.921s][5523][5530][info ] Leaving safepoint region
[2025-10-02T08:54:55.935+0000][45594.921s][5523][5530][info ] Total time for which application threads were stopped: 0.0001335 seconds, Stopping threads took: 0.0000271 seconds
[2025-10-02T08:54:56.283+0000][45595.270s][5523][5529][trace] CMS: promo attempt is safe: available(765483624) >= av_promo(4228508), max_promo(169219776)
[2025-10-02T08:54:56.935+0000][45595.922s][5523][5530][info ] Application time: 1.0000976 seconds
[2025-10-02T08:54:56.935+0000][45595.922s][5523][5530][info ] Entering safepoint region: Cleanup
[2025-10-02T08:54:56.936+0000][45595.922s][5523][5530][info ] Leaving safepoint region
[2025-10-02T08:54:56.936+0000][45595.922s][5523][5530][info ] Total time for which application threads were stopped: 0.0001667 seconds, Stopping threads took: 0.0000251 seconds
[2025-10-02T08:54:57.936+0000][45596.922s][5523][5530][info ] Application time: 1.0000943 seconds
[2025-10-02T08:54:57.936+0000][45596.922s][5523][5530][info ] Entering safepoint region: Cleanup
[2025-10-02T08:54:57.936+0000][45596.922s][5523][5530][info ] Leaving safepoint region
[2025-10-02T08:54:57.936+0000][45596.922s][5523][5530][info ] Total time for which application threads were stopped: 0.0001396 seconds, Stopping threads took: 0.0000241 seconds
[2025-10-02T08:54:58.936+0000][45597.922s][5523][5530][info ] Application time: 1.0001009 seconds
[2025-10-02T08:54:58.936+0000][45597.922s][5523][5530][info ] Entering safepoint region: Cleanup
[2025-10-02T08:54:58.936+0000][45597.922s][5523][5530][info ] Leaving safepoint region
[2025-10-02T08:54:58.936+0000][45597.922s][5523][5530][info ] Total time for which application threads were stopped: 0.0001372 seconds, Stopping threads took: 0.0000274 seconds
[2025-10-02T08:54:59.936+0000][45598.922s][5523][5530][info ] Application time: 1.0000939 seconds
[2025-10-02T08:54:59.936+0000][45598.923s][5523][5530][info ] Entering safepoint region: Cleanup
[2025-10-02T08:54:59.936+0000][45598.923s][5523][5530][info ] Leaving safepoint region
[2025-10-02T08:54:59.936+0000][45598.923s][5523][5530][info ] Total time for which application threads were stopped: 0.0001308 seconds, Stopping threads took: 0.0000222 seconds
[2025-10-02T08:55:00.937+0000][45599.923s][5523][5530][info ] Application time: 1.0001051 seconds
[2025-10-02T08:55:00.937+0000][45599.923s][5523][5530][info ] Entering safepoint region: Cleanup
[2025-10-02T08:55:00.937+0000][45599.923s][5523][5530][info ] Leaving safepoint region
[2025-10-02T08:55:00.937+0000][45599.923s][5523][5530][info ] Total time for which application threads were stopped: 0.0001565 seconds, Stopping threads took: 0.0000252 seconds
[2025-10-02T08:55:01.937+0000][45600.923s][5523][5530][info ] Application time: 1.0001607 seconds
[2025-10-02T08:55:01.937+0000][45600.923s][5523][5530][info ] Entering safepoint region: Cleanup
[2025-10-02T08:55:01.937+0000][45600.923s][5523][5530][info ] Leaving safepoint region
[2025-10-02T08:55:01.937+0000][45600.923s][5523][5530][info ] Total time for which application threads were stopped: 0.0001972 seconds, Stopping threads took: 0.0000248 seconds
[2025-10-02T08:55:02.937+0000][45601.923s][5523][5530][info ] Application time: 1.0000918 seconds
[2025-10-02T08:55:02.937+0000][45601.924s][5523][5530][info ] Entering safepoint region: Cleanup
[2025-10-02T08:55:02.937+0000][45601.924s][5523][5530][info ] Leaving safepoint region
[2025-10-02T08:55:02.937+0000][45601.924s][5523][5530][info ] Total time for which application threads were stopped: 0.0001306 seconds, Stopping threads took: 0.0000241 seconds
[2025-10-02T08:55:03.938+0000][45602.924s][5523][5530][info ] Application time: 1.0000966 seconds
[2025-10-02T08:55:03.938+0000][45602.924s][5523][5530][info ] Entering safepoint region: Cleanup
[2025-10-02T08:55:03.938+0000][45602.924s][5523][5530][info ] Leaving safepoint region
[2025-10-02T08:55:03.938+0000][45602.924s][5523][5530][info ] Total time for which application threads were stopped: 0.0001913 seconds, Stopping threads took: 0.0000738 seconds
[2025-10-02T08:55:04.938+0000][45603.924s][5523][5530][info ] Application time: 1.0001096 seconds
[2025-10-02T08:55:04.938+0000][45603.924s][5523][5530][info ] Entering safepoint region: Cleanup
[2025-10-02T08:55:04.938+0000][45603.924s][5523][5530][info ] Leaving safepoint region
[2025-10-02T08:55:04.938+0000][45603.924s][5523][5530][info ] Total time for which application threads were stopped: 0.0001311 seconds, Stopping threads took: 0.0000242 seconds
[2025-10-02T08:55:05.938+0000][45604.924s][5523][5530][info ] Application time: 1.0001137 seconds
[2025-10-02T08:55:05.938+0000][45604.925s][5523][5530][info ] Entering safepoint region: Cleanup
[2025-10-02T08:55:05.938+0000][45604.925s][5523][5530][info ] Leaving safepoint region
[2025-10-02T08:55:05.938+0000][45604.925s][5523][5530][info ] Total time for which application threads were stopped: 0.0001366 seconds, Stopping threads took: 0.0000282 seconds
[2025-10-02T08:55:06.283+0000][45605.269s][5523][5529][trace] CMS: promo attempt is safe: available(765483624) >= av_promo(4228508), max_promo(170431544)
[2025-10-02T08:55:06.939+0000][45605.925s][5523][5530][info ] Application time: 1.0000955 seconds
[2025-10-02T08:55:06.939+0000][45605.925s][5523][5530][info ] Entering safepoint region: Cleanup
[2025-10-02T08:55:06.939+0000][45605.925s][5523][5530][info ] Leaving safepoint region
[2025-10-02T08:55:06.939+0000][45605.925s][5523][5530][info ] Total time for which application threads were stopped: 0.0001365 seconds, Stopping threads took: 0.0000251 seconds
[2025-10-02T08:55:07.939+0000][45606.925s][5523][5530][info ] Application time: 1.0001120 seconds
[2025-10-02T08:55:07.939+0000][45606.925s][5523][5530][info ] Entering safepoint region: Cleanup
[2025-10-02T08:55:07.939+0000][45606.925s][5523][5530][info ] Leaving safepoint region
[2025-10-02T08:55:07.939+0000][45606.925s][5523][5530][info ] Total time for which application threads were stopped: 0.0001506 seconds, Stopping threads took: 0.0000245 seconds
[2025-10-02T08:55:08.939+0000][45607.925s][5523][5530][info ] Application time: 1.0001036 seconds
[2025-10-02T08:55:08.939+0000][45607.925s][5523][5530][info ] Entering safepoint region: Cleanup
[2025-10-02T08:55:08.940+0000][45607.927s][5523][5530][info ] Leaving safepoint region
[2025-10-02T08:55:08.940+0000][45607.927s][5523][5530][info ] Total time for which application threads were stopped: 0.0011857 seconds, Stopping threads took: 0.0010693 seconds
[2025-10-02T08:55:09.940+0000][45608.927s][5523][5530][info ] Application time: 1.0001041 seconds
[2025-10-02T08:55:09.941+0000][45608.927s][5523][5530][info ] Entering safepoint region: Cleanup
[2025-10-02T08:55:09.941+0000][45608.927s][5523][5530][info ] Leaving safepoint region
[2025-10-02T08:55:09.941+0000][45608.927s][5523][5530][info ] Total time for which application threads were stopped: 0.0001321 seconds, Stopping threads took: 0.0000254 seconds
[2025-10-02T08:55:10.941+0000][45609.927s][5523][5530][info ] Application time: 1.0000975 seconds
[2025-10-02T08:55:10.941+0000][45609.927s][5523][5530][info ] Entering safepoint region: Cleanup
[2025-10-02T08:55:10.941+0000][45609.927s][5523][5530][info ] Leaving safepoint region
[2025-10-02T08:55:10.941+0000][45609.927s][5523][5530][info ] Total time for which application threads were stopped: 0.0001419 seconds, Stopping threads took: 0.0000273 seconds
[2025-10-02T08:55:11.941+0000][45610.927s][5523][5530][info ] Application time: 1.0000917 seconds
[2025-10-02T08:55:11.941+0000][45610.927s][5523][5530][info ] Entering safepoint region: Cleanup
[2025-10-02T08:55:11.941+0000][45610.927s][5523][5530][info ] Leaving safepoint region
[2025-10-02T08:55:11.941+0000][45610.927s][5523][5530][info ] Total time for which application threads were stopped: 0.0001329 seconds, Stopping threads took: 0.0000247 seconds
[2025-10-02T08:55:12.941+0000][45611.928s][5523][5530][info ] Application time: 1.0001046 seconds
[2025-10-02T08:55:12.941+0000][45611.928s][5523][5530][info ] Entering safepoint region: Cleanup
[2025-10-02T08:55:12.942+0000][45611.928s][5523][5530][info ] Leaving safepoint region
[2025-10-02T08:55:12.942+0000][45611.928s][5523][5530][info ] Total time for which application threads were stopped: 0.0001551 seconds, Stopping threads took: 0.0000255 seconds
[2025-10-02T08:55:13.942+0000][45612.928s][5523][5530][info ] Application time: 1.0000983 seconds
[2025-10-02T08:55:13.942+0000][45612.928s][5523][5530][info ] Entering safepoint region: Cleanup
[2025-10-02T08:55:13.942+0000][45612.928s][5523][5530][info ] Leaving safepoint region
[2025-10-02T08:55:13.942+0000][45612.928s][5523][5530][info ] Total time for which application threads were stopped: 0.0001375 seconds, Stopping threads took: 0.0000277 seconds
[2025-10-02T08:55:14.942+0000][45613.928s][5523][5530][info ] Application time: 1.0001071 seconds
[2025-10-02T08:55:14.942+0000][45613.928s][5523][5530][info ] Entering safepoint region: Cleanup
[2025-10-02T08:55:14.942+0000][45613.928s][5523][5530][info ] Leaving safepoint region
[2025-10-02T08:55:14.942+0000][45613.928s][5523][5530][info ] Total time for which application threads were stopped: 0.0001372 seconds, Stopping threads took: 0.0000256 seconds
[2025-10-02T08:55:15.942+0000][45614.929s][5523][5530][info ] Application time: 1.0001078 seconds
[2025-10-02T08:55:15.942+0000][45614.929s][5523][5530][info ] Entering safepoint region: Cleanup
[2025-10-02T08:55:15.942+0000][45614.929s][5523][5530][info ] Leaving safepoint region
[2025-10-02T08:55:15.942+0000][45614.929s][5523][5530][info ] Total time for which application threads were stopped: 0.0001292 seconds, Stopping threads took: 0.0000236 seconds
[2025-10-02T08:55:16.283+0000][45615.269s][5523][5529][trace] CMS: promo attempt is safe: available(765483624) >= av_promo(4228508), max_promo(170660040)
[2025-10-02T08:55:16.943+0000][45615.929s][5523][5530][info ] Application time: 1.0001224 seconds
[2025-10-02T08:55:16.943+0000][45615.929s][5523][5530][info ] Entering safepoint region: Cleanup
[2025-10-02T08:55:16.943+0000][45615.929s][5523][5530][info ] Leaving safepoint region
[2025-10-02T08:55:16.943+0000][45615.929s][5523][5530][info ] Total time for which application threads were stopped: 0.0001395 seconds, Stopping threads took: 0.0000225 seconds
[2025-10-02T08:55:17.943+0000][45616.929s][5523][5530][info ] Application time: 1.0000983 seconds
[2025-10-02T08:55:17.943+0000][45616.929s][5523][5530][info ] Entering safepoint region: Cleanup
[2025-10-02T08:55:17.943+0000][45616.929s][5523][5530][info ] Leaving safepoint region
[2025-10-02T08:55:17.943+0000][45616.929s][5523][5530][info ] Total time for which application threads were stopped: 0.0002587 seconds, Stopping threads took: 0.0000249 seconds
[2025-10-02T08:55:18.943+0000][45617.930s][5523][5530][info ] Application time: 1.0001065 seconds
[2025-10-02T08:55:18.943+0000][45617.930s][5523][5530][info ] Entering safepoint region: Cleanup
[2025-10-02T08:55:18.944+0000][45617.930s][5523][5530][info ] Leaving safepoint region
[2025-10-02T08:55:18.944+0000][45617.931s][5523][5530][info ] Total time for which application threads were stopped: 0.0010279 seconds, Stopping threads took: 0.0000345 seconds
[2025-10-02T08:55:19.945+0000][45618.931s][5523][5530][info ] Application time: 1.0001030 seconds
[2025-10-02T08:55:19.945+0000][45618.931s][5523][5530][info ] Entering safepoint region: Cleanup
[2025-10-02T08:55:19.945+0000][45618.931s][5523][5530][info ] Leaving safepoint region
[2025-10-02T08:55:19.945+0000][45618.931s][5523][5530][info ] Total time for which application threads were stopped: 0.0001398 seconds, Stopping threads took: 0.0000265 seconds
[2025-10-02T08:55:20.945+0000][45619.931s][5523][5530][info ] Application time: 1.0000761 seconds
[2025-10-02T08:55:20.945+0000][45619.931s][5523][5530][info ] Entering safepoint region: Cleanup
[2025-10-02T08:55:20.945+0000][45619.931s][5523][5530][info ] Leaving safepoint region
[2025-10-02T08:55:20.945+0000][45619.931s][5523][5530][info ] Total time for which application threads were stopped: 0.0001349 seconds, Stopping threads took: 0.0000253 seconds
[2025-10-02T08:55:21.945+0000][45620.931s][5523][5530][info ] Application time: 1.0001018 seconds
[2025-10-02T08:55:21.945+0000][45620.931s][5523][5530][info ] Entering safepoint region: Cleanup
[2025-10-02T08:55:21.945+0000][45620.931s][5523][5530][info ] Leaving safepoint region
[2025-10-02T08:55:21.945+0000][45620.932s][5523][5530][info ] Total time for which application threads were stopped: 0.0001426 seconds, Stopping threads took: 0.0000232 seconds
[2025-10-02T08:55:22.945+0000][45621.932s][5523][5530][info ] Application time: 1.0001103 seconds
[2025-10-02T08:55:22.945+0000][45621.932s][5523][5530][info ] Entering safepoint region: Cleanup
[2025-10-02T08:55:22.946+0000][45621.932s][5523][5530][info ] Leaving safepoint region
[2025-10-02T08:55:22.946+0000][45621.932s][5523][5530][info ] Total time for which application threads were stopped: 0.0001613 seconds, Stopping threads took: 0.0000244 seconds
[2025-10-02T08:55:23.946+0000][45622.932s][5523][5530][info ] Application time: 1.0000976 seconds
[2025-10-02T08:55:23.946+0000][45622.932s][5523][5530][info ] Entering safepoint region: Cleanup
[2025-10-02T08:55:23.946+0000][45622.932s][5523][5530][info ] Leaving safepoint region
[2025-10-02T08:55:23.946+0000][45622.932s][5523][5530][info ] Total time for which application threads were stopped: 0.0001388 seconds, Stopping threads took: 0.0000234 seconds
[2025-10-02T08:55:24.946+0000][45623.932s][5523][5530][info ] Application time: 1.0001151 seconds
[2025-10-02T08:55:24.946+0000][45623.932s][5523][5530][info ] Entering safepoint region: Cleanup
[2025-10-02T08:55:24.946+0000][45623.932s][5523][5530][info ] Leaving safepoint region
[2025-10-02T08:55:24.946+0000][45623.932s][5523][5530][info ] Total time for which application threads were stopped: 0.0001379 seconds, Stopping threads took: 0.0000253 seconds
[2025-10-02T08:55:25.946+0000][45624.933s][5523][5530][info ] Application time: 1.0001082 seconds
[2025-10-02T08:55:25.946+0000][45624.933s][5523][5530][info ] Entering safepoint region: Cleanup
[2025-10-02T08:55:25.947+0000][45624.933s][5523][5530][info ] Leaving safepoint region
[2025-10-02T08:55:25.947+0000][45624.933s][5523][5530][info ] Total time for which application threads were stopped: 0.0001660 seconds, Stopping threads took: 0.0000232 seconds
[2025-10-02T08:55:26.283+0000][45625.269s][5523][5529][trace] CMS: promo attempt is safe: available(765483624) >= av_promo(4228508), max_promo(171388072)
[2025-10-02T08:55:26.947+0000][45625.933s][5523][5530][info ] Application time: 1.0001019 seconds
[2025-10-02T08:55:26.947+0000][45625.933s][5523][5530][info ] Entering safepoint region: Cleanup
[2025-10-02T08:55:26.947+0000][45625.933s][5523][5530][info ] Leaving safepoint region
[2025-10-02T08:55:26.947+0000][45625.933s][5523][5530][info ] Total time for which application threads were stopped: 0.0001320 seconds, Stopping threads took: 0.0000245 seconds
[2025-10-02T08:55:27.947+0000][45626.933s][5523][5530][info ] Application time: 1.0001000 seconds
[2025-10-02T08:55:27.947+0000][45626.933s][5523][5530][info ] Entering safepoint region: Cleanup
[2025-10-02T08:55:27.947+0000][45626.933s][5523][5530][info ] Leaving safepoint region
[2025-10-02T08:55:27.947+0000][45626.933s][5523][5530][info ] Total time for which application threads were stopped: 0.0002087 seconds, Stopping threads took: 0.0000955 seconds
[2025-10-02T08:55:28.947+0000][45627.934s][5523][5530][info ] Application time: 1.0000963 seconds
[2025-10-02T08:55:28.947+0000][45627.934s][5523][5530][info ] Entering safepoint region: Cleanup
[2025-10-02T08:55:28.947+0000][45627.934s][5523][5530][info ] Leaving safepoint region
[2025-10-02T08:55:28.948+0000][45627.934s][5523][5530][info ] Total time for which application threads were stopped: 0.0001691 seconds, Stopping threads took: 0.0000271 seconds
[2025-10-02T08:55:29.948+0000][45628.934s][5523][5530][info ] Application time: 1.0000971 seconds
[2025-10-02T08:55:29.948+0000][45628.934s][5523][5530][info ] Entering safepoint region: Cleanup
[2025-10-02T08:55:29.948+0000][45628.934s][5523][5530][info ] Leaving safepoint region
[2025-10-02T08:55:29.948+0000][45628.934s][5523][5530][info ] Total time for which application threads were stopped: 0.0001438 seconds, Stopping threads took: 0.0000280 seconds
[2025-10-02T08:55:30.948+0000][45629.934s][5523][5530][info ] Application time: 1.0001044 seconds
[2025-10-02T08:55:30.948+0000][45629.934s][5523][5530][info ] Entering safepoint region: Cleanup
[2025-10-02T08:55:30.948+0000][45629.934s][5523][5530][info ] Leaving safepoint region
[2025-10-02T08:55:30.948+0000][45629.934s][5523][5530][info ] Total time for which application threads were stopped: 0.0001394 seconds, Stopping threads took: 0.0000257 seconds
[2025-10-02T08:55:31.948+0000][45630.934s][5523][5530][info ] Application time: 1.0000990 seconds
[2025-10-02T08:55:31.948+0000][45630.935s][5523][5530][info ] Entering safepoint region: Cleanup
[2025-10-02T08:55:31.948+0000][45630.935s][5523][5530][info ] Leaving safepoint region
[2025-10-02T08:55:31.948+0000][45630.935s][5523][5530][info ] Total time for which application threads were stopped: 0.0001444 seconds, Stopping threads took: 0.0000248 seconds
[2025-10-02T08:55:32.949+0000][45631.935s][5523][5530][info ] Application time: 1.0001036 seconds
[2025-10-02T08:55:32.949+0000][45631.935s][5523][5530][info ] Entering safepoint region: Cleanup
[2025-10-02T08:55:32.949+0000][45631.935s][5523][5530][info ] Leaving safepoint region
[2025-10-02T08:55:32.949+0000][45631.935s][5523][5530][info ] Total time for which application threads were stopped: 0.0001422 seconds, Stopping threads took: 0.0000335 seconds
[2025-10-02T08:55:33.949+0000][45632.935s][5523][5530][info ] Application time: 1.0001029 seconds
[2025-10-02T08:55:33.949+0000][45632.935s][5523][5530][info ] Entering safepoint region: Cleanup
[2025-10-02T08:55:33.949+0000][45632.935s][5523][5530][info ] Leaving safepoint region
[2025-10-02T08:55:33.949+0000][45632.935s][5523][5530][info ] Total time for which application threads were stopped: 0.0001381 seconds, Stopping threads took: 0.0000302 seconds
[2025-10-02T08:55:34.949+0000][45633.935s][5523][5530][info ] Application time: 1.0000991 seconds
[2025-10-02T08:55:34.949+0000][45633.935s][5523][5530][info ] Entering safepoint region: Cleanup
[2025-10-02T08:55:34.949+0000][45633.936s][5523][5530][info ] Leaving safepoint region
[2025-10-02T08:55:34.949+0000][45633.936s][5523][5530][info ] Total time for which application threads were stopped: 0.0001311 seconds, Stopping threads took: 0.0000249 seconds
[2025-10-02T08:55:35.949+0000][45634.936s][5523][5530][info ] Application time: 1.0000890 seconds
[2025-10-02T08:55:35.949+0000][45634.936s][5523][5530][info ] Entering safepoint region: Cleanup
[2025-10-02T08:55:35.950+0000][45634.936s][5523][5530][info ] Leaving safepoint region
[2025-10-02T08:55:35.950+0000][45634.936s][5523][5530][info ] Total time for which application threads were stopped: 0.0001484 seconds, Stopping threads took: 0.0000239 seconds
[2025-10-02T08:55:36.283+0000][45635.269s][5523][5529][trace] CMS: promo attempt is safe: available(765483624) >= av_promo(4228508), max_promo(171527192)
[2025-10-02T08:55:36.950+0000][45635.936s][5523][5530][info ] Application time: 1.0001135 seconds
[2025-10-02T08:55:36.950+0000][45635.936s][5523][5530][info ] Entering safepoint region: Cleanup
[2025-10-02T08:55:36.950+0000][45635.936s][5523][5530][info ] Leaving safepoint region
[2025-10-02T08:55:36.950+0000][45635.936s][5523][5530][info ] Total time for which application threads were stopped: 0.0001479 seconds, Stopping threads took: 0.0000294 seconds
[2025-10-02T08:55:37.950+0000][45636.936s][5523][5530][info ] Application time: 1.0001053 seconds
[2025-10-02T08:55:37.950+0000][45636.936s][5523][5530][info ] Entering safepoint region: Cleanup
[2025-10-02T08:55:37.950+0000][45636.936s][5523][5530][info ] Leaving safepoint region
[2025-10-02T08:55:37.950+0000][45636.936s][5523][5530][info ] Total time for which application threads were stopped: 0.0001375 seconds, Stopping threads took: 0.0000268 seconds
[2025-10-02T08:55:38.950+0000][45637.937s][5523][5530][info ] Application time: 1.0001022 seconds
[2025-10-02T08:55:38.950+0000][45637.937s][5523][5530][info ] Entering safepoint region: Cleanup
[2025-10-02T08:55:38.951+0000][45637.937s][5523][5530][info ] Leaving safepoint region
[2025-10-02T08:55:38.951+0000][45637.937s][5523][5530][info ] Total time for which application threads were stopped: 0.0001563 seconds, Stopping threads took: 0.0000248 seconds
[2025-10-02T08:55:39.951+0000][45638.937s][5523][5530][info ] Application time: 1.0001008 seconds
[2025-10-02T08:55:39.951+0000][45638.937s][5523][5530][info ] Entering safepoint region: Cleanup
[2025-10-02T08:55:39.951+0000][45638.937s][5523][5530][info ] Leaving safepoint region
[2025-10-02T08:55:39.951+0000][45638.937s][5523][5530][info ] Total time for which application threads were stopped: 0.0001493 seconds, Stopping threads took: 0.0000403 seconds
[2025-10-02T08:55:40.951+0000][45639.937s][5523][5530][info ] Application time: 1.0000917 seconds
[2025-10-02T08:55:40.951+0000][45639.937s][5523][5530][info ] Entering safepoint region: Cleanup
[2025-10-02T08:55:40.951+0000][45639.937s][5523][5530][info ] Leaving safepoint region
[2025-10-02T08:55:40.951+0000][45639.937s][5523][5530][info ] Total time for which application threads were stopped: 0.0002132 seconds, Stopping threads took: 0.0000960 seconds
[2025-10-02T08:55:41.951+0000][45640.938s][5523][5530][info ] Application time: 1.0000939 seconds
[2025-10-02T08:55:41.951+0000][45640.938s][5523][5530][info ] Entering safepoint region: Cleanup
[2025-10-02T08:55:41.952+0000][45640.938s][5523][5530][info ] Leaving safepoint region
[2025-10-02T08:55:41.952+0000][45640.938s][5523][5530][info ] Total time for which application threads were stopped: 0.0001944 seconds, Stopping threads took: 0.0000333 seconds
[2025-10-02T08:55:42.952+0000][45641.938s][5523][5530][info ] Application time: 1.0001035 seconds
[2025-10-02T08:55:42.952+0000][45641.938s][5523][5530][info ] Entering safepoint region: Cleanup
[2025-10-02T08:55:42.952+0000][45641.938s][5523][5530][info ] Leaving safepoint region
[2025-10-02T08:55:42.952+0000][45641.938s][5523][5530][info ] Total time for which application threads were stopped: 0.0001475 seconds, Stopping threads took: 0.0000250 seconds
[2025-10-02T08:55:43.952+0000][45642.938s][5523][5530][info ] Application time: 1.0001092 seconds
[2025-10-02T08:55:43.952+0000][45642.938s][5523][5530][info ] Entering safepoint region: Cleanup
[2025-10-02T08:55:43.952+0000][45642.938s][5523][5530][info ] Leaving safepoint region
[2025-10-02T08:55:43.952+0000][45642.938s][5523][5530][info ] Total time for which application threads were stopped: 0.0001321 seconds, Stopping threads took: 0.0000258 seconds
[2025-10-02T08:55:44.952+0000][45643.938s][5523][5530][info ] Application time: 1.0001061 seconds
[2025-10-02T08:55:44.952+0000][45643.939s][5523][5530][info ] Entering safepoint region: Cleanup
[2025-10-02T08:55:44.952+0000][45643.939s][5523][5530][info ] Leaving safepoint region
[2025-10-02T08:55:44.952+0000][45643.939s][5523][5530][info ] Total time for which application threads were stopped: 0.0001348 seconds, Stopping threads took: 0.0000247 seconds
[2025-10-02T08:55:45.953+0000][45644.939s][5523][5530][info ] Application time: 1.0001049 seconds
[2025-10-02T08:55:45.953+0000][45644.939s][5523][5530][info ] Entering safepoint region: Cleanup
[2025-10-02T08:55:45.953+0000][45644.939s][5523][5530][info ] Leaving safepoint region
[2025-10-02T08:55:45.953+0000][45644.939s][5523][5530][info ] Total time for which application threads were stopped: 0.0001382 seconds, Stopping threads took: 0.0000262 seconds
[2025-10-02T08:55:46.282+0000][45645.268s][5523][5529][trace] CMS: promo attempt is safe: available(765483624) >= av_promo(4228508), max_promo(173867712)
[2025-10-02T08:55:46.953+0000][45645.939s][5523][5530][info ] Application time: 1.0001067 seconds
[2025-10-02T08:55:46.953+0000][45645.939s][5523][5530][info ] Entering safepoint region: Cleanup
[2025-10-02T08:55:46.953+0000][45645.939s][5523][5530][info ] Leaving safepoint region
[2025-10-02T08:55:46.953+0000][45645.939s][5523][5530][info ] Total time for which application threads were stopped: 0.0001423 seconds, Stopping threads took: 0.0000245 seconds
[2025-10-02T08:55:47.953+0000][45646.939s][5523][5530][info ] Application time: 1.0001020 seconds
[2025-10-02T08:55:47.953+0000][45646.939s][5523][5530][info ] Entering safepoint region: Cleanup
[2025-10-02T08:55:47.953+0000][45646.940s][5523][5530][info ] Leaving safepoint region
[2025-10-02T08:55:47.953+0000][45646.940s][5523][5530][info ] Total time for which application threads were stopped: 0.0001384 seconds, Stopping threads took: 0.0000267 seconds
[2025-10-02T08:55:48.953+0000][45647.940s][5523][5530][info ] Application time: 1.0001061 seconds
[2025-10-02T08:55:48.954+0000][45647.940s][5523][5530][info ] Entering safepoint region: Cleanup
[2025-10-02T08:55:48.954+0000][45647.940s][5523][5530][info ] Leaving safepoint region
[2025-10-02T08:55:48.954+0000][45647.940s][5523][5530][info ] Total time for which application threads were stopped: 0.0001378 seconds, Stopping threads took: 0.0000235 seconds
[2025-10-02T08:55:49.954+0000][45648.940s][5523][5530][info ] Application time: 1.0000800 seconds
[2025-10-02T08:55:49.954+0000][45648.940s][5523][5530][info ] Entering safepoint region: Cleanup
[2025-10-02T08:55:49.954+0000][45648.940s][5523][5530][info ] Leaving safepoint region
[2025-10-02T08:55:49.954+0000][45648.940s][5523][5530][info ] Total time for which application threads were stopped: 0.0001369 seconds, Stopping threads took: 0.0000263 seconds
[2025-10-02T08:55:50.954+0000][45649.940s][5523][5530][info ] Application time: 1.0000867 seconds
[2025-10-02T08:55:50.954+0000][45649.940s][5523][5530][info ] Entering safepoint region: Cleanup
[2025-10-02T08:55:50.954+0000][45649.940s][5523][5530][info ] Leaving safepoint region
[2025-10-02T08:55:50.954+0000][45649.940s][5523][5530][info ] Total time for which application threads were stopped: 0.0001315 seconds, Stopping threads took: 0.0000243 seconds
[2025-10-02T08:55:51.954+0000][45650.941s][5523][5530][info ] Application time: 1.0000986 seconds
[2025-10-02T08:55:51.954+0000][45650.941s][5523][5530][info ] Entering safepoint region: Cleanup
[2025-10-02T08:55:51.955+0000][45650.941s][5523][5530][info ] Leaving safepoint region
[2025-10-02T08:55:51.955+0000][45650.941s][5523][5530][info ] Total time for which application threads were stopped: 0.0001581 seconds, Stopping threads took: 0.0000240 seconds
[2025-10-02T08:55:52.955+0000][45651.941s][5523][5530][info ] Application time: 1.0000962 seconds
[2025-10-02T08:55:52.955+0000][45651.941s][5523][5530][info ] Entering safepoint region: Cleanup
[2025-10-02T08:55:52.955+0000][45651.941s][5523][5530][info ] Leaving safepoint region
[2025-10-02T08:55:52.955+0000][45651.941s][5523][5530][info ] Total time for which application threads were stopped: 0.0001538 seconds, Stopping threads took: 0.0000234 seconds
[2025-10-02T08:55:53.955+0000][45652.941s][5523][5530][info ] Application time: 1.0001028 seconds
[2025-10-02T08:55:53.955+0000][45652.941s][5523][5530][info ] Entering safepoint region: Cleanup
[2025-10-02T08:55:53.955+0000][45652.941s][5523][5530][info ] Leaving safepoint region
[2025-10-02T08:55:53.955+0000][45652.941s][5523][5530][info ] Total time for which application threads were stopped: 0.0001479 seconds, Stopping threads took: 0.0000342 seconds
[2025-10-02T08:55:54.955+0000][45653.942s][5523][5530][info ] Application time: 1.0001090 seconds
[2025-10-02T08:55:54.955+0000][45653.942s][5523][5530][info ] Entering safepoint region: Cleanup
[2025-10-02T08:55:54.955+0000][45653.942s][5523][5530][info ] Leaving safepoint region
[2025-10-02T08:55:54.955+0000][45653.942s][5523][5530][info ] Total time for which application threads were stopped: 0.0001381 seconds, Stopping threads took: 0.0000256 seconds
[2025-10-02T08:55:55.956+0000][45654.942s][5523][5530][info ] Application time: 1.0001004 seconds
[2025-10-02T08:55:55.956+0000][45654.942s][5523][5530][info ] Entering safepoint region: Cleanup
[2025-10-02T08:55:55.956+0000][45654.942s][5523][5530][info ] Leaving safepoint region
[2025-10-02T08:55:55.956+0000][45654.942s][5523][5530][info ] Total time for which application threads were stopped: 0.0001340 seconds, Stopping threads took: 0.0000235 seconds
[2025-10-02T08:55:56.282+0000][45655.268s][5523][5529][trace] CMS: promo attempt is safe: available(765483624) >= av_promo(4228508), max_promo(173961536)
[2025-10-02T08:55:56.956+0000][45655.942s][5523][5530][info ] Application time: 1.0000951 seconds
[2025-10-02T08:55:56.956+0000][45655.942s][5523][5530][info ] Entering safepoint region: Cleanup
[2025-10-02T08:55:56.956+0000][45655.942s][5523][5530][info ] Leaving safepoint region
[2025-10-02T08:55:56.956+0000][45655.942s][5523][5530][info ] Total time for which application threads were stopped: 0.0001493 seconds, Stopping threads took: 0.0000254 seconds
[2025-10-02T08:55:57.956+0000][45656.942s][5523][5530][info ] Application time: 1.0001039 seconds
[2025-10-02T08:55:57.956+0000][45656.942s][5523][5530][info ] Entering safepoint region: Cleanup
[2025-10-02T08:55:57.956+0000][45656.943s][5523][5530][info ] Leaving safepoint region
[2025-10-02T08:55:57.956+0000][45656.943s][5523][5530][info ] Total time for which application threads were stopped: 0.0001374 seconds, Stopping threads took: 0.0000272 seconds
[2025-10-02T08:55:58.956+0000][45657.943s][5523][5530][info ] Application time: 1.0000863 seconds
[2025-10-02T08:55:58.957+0000][45657.943s][5523][5530][info ] Entering safepoint region: Cleanup
[2025-10-02T08:55:58.958+0000][45657.944s][5523][5530][info ] Leaving safepoint region
[2025-10-02T08:55:58.958+0000][45657.944s][5523][5530][info ] Total time for which application threads were stopped: 0.0012037 seconds, Stopping threads took: 0.0010558 seconds
[2025-10-02T08:55:59.958+0000][45658.944s][5523][5530][info ] Application time: 1.0000889 seconds
[2025-10-02T08:55:59.958+0000][45658.944s][5523][5530][info ] Entering safepoint region: Cleanup
[2025-10-02T08:55:59.958+0000][45658.944s][5523][5530][info ] Leaving safepoint region
[2025-10-02T08:55:59.958+0000][45658.944s][5523][5530][info ] Total time for which application threads were stopped: 0.0001280 seconds, Stopping threads took: 0.0000231 seconds
[2025-10-02T08:56:00.958+0000][45659.944s][5523][5530][info ] Application time: 1.0000987 seconds
[2025-10-02T08:56:00.958+0000][45659.944s][5523][5530][info ] Entering safepoint region: Cleanup
[2025-10-02T08:56:00.958+0000][45659.945s][5523][5530][info ] Leaving safepoint region
[2025-10-02T08:56:00.958+0000][45659.945s][5523][5530][info ] Total time for which application threads were stopped: 0.0001376 seconds, Stopping threads took: 0.0000261 seconds
[2025-10-02T08:56:01.958+0000][45660.945s][5523][5530][info ] Application time: 1.0001082 seconds
[2025-10-02T08:56:01.958+0000][45660.945s][5523][5530][info ] Entering safepoint region: Cleanup
[2025-10-02T08:56:01.959+0000][45660.945s][5523][5530][info ] Leaving safepoint region
[2025-10-02T08:56:01.959+0000][45660.945s][5523][5530][info ] Total time for which application threads were stopped: 0.0001580 seconds, Stopping threads took: 0.0000246 seconds
[2025-10-02T08:56:02.959+0000][45661.945s][5523][5530][info ] Application time: 1.0000957 seconds
[2025-10-02T08:56:02.959+0000][45661.945s][5523][5530][info ] Entering safepoint region: Cleanup
[2025-10-02T08:56:02.959+0000][45661.945s][5523][5530][info ] Leaving safepoint region
[2025-10-02T08:56:02.959+0000][45661.945s][5523][5530][info ] Total time for which application threads were stopped: 0.0001451 seconds, Stopping threads took: 0.0000257 seconds
[2025-10-02T08:56:03.959+0000][45662.945s][5523][5530][info ] Application time: 1.0001841 seconds
[2025-10-02T08:56:03.959+0000][45662.945s][5523][5530][info ] Entering safepoint region: Cleanup
[2025-10-02T08:56:03.959+0000][45662.945s][5523][5530][info ] Leaving safepoint region
[2025-10-02T08:56:03.959+0000][45662.946s][5523][5530][info ] Total time for which application threads were stopped: 0.0001343 seconds, Stopping threads took: 0.0000225 seconds
[2025-10-02T08:56:04.959+0000][45663.946s][5523][5530][info ] Application time: 1.0000874 seconds
[2025-10-02T08:56:04.959+0000][45663.946s][5523][5530][info ] Entering safepoint region: Cleanup
[2025-10-02T08:56:04.960+0000][45663.946s][5523][5530][info ] Leaving safepoint region
[2025-10-02T08:56:04.960+0000][45663.946s][5523][5530][info ] Total time for which application threads were stopped: 0.0001616 seconds, Stopping threads took: 0.0000240 seconds
[2025-10-02T08:56:05.960+0000][45664.946s][5523][5530][info ] Application time: 1.0000951 seconds
[2025-10-02T08:56:05.960+0000][45664.946s][5523][5530][info ] Entering safepoint region: Cleanup
[2025-10-02T08:56:05.960+0000][45664.946s][5523][5530][info ] Leaving safepoint region
[2025-10-02T08:56:05.960+0000][45664.946s][5523][5530][info ] Total time for which application threads were stopped: 0.0001504 seconds, Stopping threads took: 0.0000258 seconds
[2025-10-02T08:56:06.282+0000][45665.268s][5523][5529][trace] CMS: promo attempt is safe: available(765483624) >= av_promo(4228508), max_promo(174002880)
[2025-10-02T08:56:06.960+0000][45665.946s][5523][5530][info ] Application time: 1.0001023 seconds
[2025-10-02T08:56:06.960+0000][45665.946s][5523][5530][info ] Entering safepoint region: Cleanup
[2025-10-02T08:56:06.960+0000][45665.946s][5523][5530][info ] Leaving safepoint region
[2025-10-02T08:56:06.960+0000][45665.946s][5523][5530][info ] Total time for which application threads were stopped: 0.0001325 seconds, Stopping threads took: 0.0000248 seconds
[2025-10-02T08:56:07.960+0000][45666.946s][5523][5530][info ] Application time: 1.0000831 seconds
[2025-10-02T08:56:07.960+0000][45666.947s][5523][5530][info ] Entering safepoint region: Cleanup
[2025-10-02T08:56:07.960+0000][45666.947s][5523][5530][info ] Leaving safepoint region
[2025-10-02T08:56:07.960+0000][45666.947s][5523][5530][info ] Total time for which application threads were stopped: 0.0001403 seconds, Stopping threads took: 0.0000243 seconds
[2025-10-02T08:56:08.961+0000][45667.947s][5523][5530][info ] Application time: 1.0001087 seconds
[2025-10-02T08:56:08.961+0000][45667.947s][5523][5530][info ] Entering safepoint region: Cleanup
[2025-10-02T08:56:08.961+0000][45667.947s][5523][5530][info ] Leaving safepoint region
[2025-10-02T08:56:08.961+0000][45667.947s][5523][5530][info ] Total time for which application threads were stopped: 0.0001663 seconds, Stopping threads took: 0.0000365 seconds
[2025-10-02T08:56:09.961+0000][45668.947s][5523][5530][info ] Application time: 1.0001107 seconds
[2025-10-02T08:56:09.961+0000][45668.947s][5523][5530][info ] Entering safepoint region: Cleanup
[2025-10-02T08:56:09.961+0000][45668.947s][5523][5530][info ] Leaving safepoint region
[2025-10-02T08:56:09.961+0000][45668.947s][5523][5530][info ] Total time for which application threads were stopped: 0.0001400 seconds, Stopping threads took: 0.0000250 seconds
[2025-10-02T08:56:10.961+0000][45669.947s][5523][5530][info ] Application time: 1.0001094 seconds
[2025-10-02T08:56:10.961+0000][45669.948s][5523][5530][info ] Entering safepoint region: Cleanup
[2025-10-02T08:56:10.961+0000][45669.948s][5523][5530][info ] Leaving safepoint region
[2025-10-02T08:56:10.961+0000][45669.948s][5523][5530][info ] Total time for which application threads were stopped: 0.0001353 seconds, Stopping threads took: 0.0000244 seconds
[2025-10-02T08:56:11.962+0000][45670.948s][5523][5530][info ] Application time: 1.0001220 seconds
[2025-10-02T08:56:11.962+0000][45670.948s][5523][5530][info ] Entering safepoint region: Cleanup
[2025-10-02T08:56:11.962+0000][45670.948s][5523][5530][info ] Leaving safepoint region
[2025-10-02T08:56:11.962+0000][45670.948s][5523][5530][info ] Total time for which application threads were stopped: 0.0001359 seconds, Stopping threads took: 0.0000232 seconds
[2025-10-02T08:56:12.962+0000][45671.948s][5523][5530][info ] Application time: 1.0000748 seconds
[2025-10-02T08:56:12.962+0000][45671.948s][5523][5530][info ] Entering safepoint region: Cleanup
[2025-10-02T08:56:12.962+0000][45671.948s][5523][5530][info ] Leaving safepoint region
[2025-10-02T08:56:12.962+0000][45671.948s][5523][5530][info ] Total time for which application threads were stopped: 0.0001325 seconds, Stopping threads took: 0.0000240 seconds
[2025-10-02T08:56:13.962+0000][45672.948s][5523][5530][info ] Application time: 1.0000988 seconds
[2025-10-02T08:56:13.962+0000][45672.948s][5523][5530][info ] Entering safepoint region: Cleanup
[2025-10-02T08:56:13.962+0000][45672.948s][5523][5530][info ] Leaving safepoint region
[2025-10-02T08:56:13.962+0000][45672.948s][5523][5530][info ] Total time for which application threads were stopped: 0.0001423 seconds, Stopping threads took: 0.0000252 seconds
[2025-10-02T08:56:14.962+0000][45673.949s][5523][5530][info ] Application time: 1.0000939 seconds
[2025-10-02T08:56:14.962+0000][45673.949s][5523][5530][info ] Entering safepoint region: Cleanup
[2025-10-02T08:56:14.963+0000][45673.949s][5523][5530][info ] Leaving safepoint region
[2025-10-02T08:56:14.963+0000][45673.949s][5523][5530][info ] Total time for which application threads were stopped: 0.0001609 seconds, Stopping threads took: 0.0000272 seconds
[2025-10-02T08:56:15.963+0000][45674.949s][5523][5530][info ] Application time: 1.0000856 seconds
[2025-10-02T08:56:15.963+0000][45674.949s][5523][5530][info ] Entering safepoint region: Cleanup
[2025-10-02T08:56:15.963+0000][45674.949s][5523][5530][info ] Leaving safepoint region
[2025-10-02T08:56:15.963+0000][45674.949s][5523][5530][info ] Total time for which application threads were stopped: 0.0001419 seconds, Stopping threads took: 0.0000230 seconds
[2025-10-02T08:56:16.282+0000][45675.268s][5523][5529][trace] CMS: promo attempt is safe: available(765483624) >= av_promo(4228508), max_promo(174984424)
[2025-10-02T08:56:16.963+0000][45675.949s][5523][5530][info ] Application time: 1.0000870 seconds
[2025-10-02T08:56:16.963+0000][45675.949s][5523][5530][info ] Entering safepoint region: Cleanup
[2025-10-02T08:56:16.963+0000][45675.949s][5523][5530][info ] Leaving safepoint region
[2025-10-02T08:56:16.963+0000][45675.949s][5523][5530][info ] Total time for which application threads were stopped: 0.0001354 seconds, Stopping threads took: 0.0000281 seconds
[2025-10-02T08:56:17.963+0000][45676.950s][5523][5530][info ] Application time: 1.0000906 seconds
[2025-10-02T08:56:17.963+0000][45676.950s][5523][5530][info ] Entering safepoint region: Cleanup
[2025-10-02T08:56:17.963+0000][45676.950s][5523][5530][info ] Leaving safepoint region
[2025-10-02T08:56:17.964+0000][45676.950s][5523][5530][info ] Total time for which application threads were stopped: 0.0001669 seconds, Stopping threads took: 0.0000323 seconds
[2025-10-02T08:56:18.964+0000][45677.950s][5523][5530][info ] Application time: 1.0001031 seconds
[2025-10-02T08:56:18.964+0000][45677.950s][5523][5530][info ] Entering safepoint region: Cleanup
[2025-10-02T08:56:18.964+0000][45677.950s][5523][5530][info ] Leaving safepoint region
[2025-10-02T08:56:18.964+0000][45677.950s][5523][5530][info ] Total time for which application threads were stopped: 0.0001361 seconds, Stopping threads took: 0.0000231 seconds
[2025-10-02T08:56:19.964+0000][45678.950s][5523][5530][info ] Application time: 1.0000924 seconds
[2025-10-02T08:56:19.964+0000][45678.950s][5523][5530][info ] Entering safepoint region: Cleanup
[2025-10-02T08:56:19.964+0000][45678.950s][5523][5530][info ] Leaving safepoint region
[2025-10-02T08:56:19.964+0000][45678.950s][5523][5530][info ] Total time for which application threads were stopped: 0.0001351 seconds, Stopping threads took: 0.0000240 seconds
[2025-10-02T08:56:20.964+0000][45679.950s][5523][5530][info ] Application time: 1.0000938 seconds
[2025-10-02T08:56:20.964+0000][45679.950s][5523][5530][info ] Entering safepoint region: Cleanup
[2025-10-02T08:56:20.964+0000][45679.951s][5523][5530][info ] Leaving safepoint region
[2025-10-02T08:56:20.964+0000][45679.951s][5523][5530][info ] Total time for which application threads were stopped: 0.0001365 seconds, Stopping threads took: 0.0000253 seconds
[2025-10-02T08:56:21.964+0000][45680.951s][5523][5530][info ] Application time: 1.0000788 seconds
[2025-10-02T08:56:21.965+0000][45680.951s][5523][5530][info ] Entering safepoint region: Cleanup
[2025-10-02T08:56:21.965+0000][45680.951s][5523][5530][info ] Leaving safepoint region
[2025-10-02T08:56:21.965+0000][45680.951s][5523][5530][info ] Total time for which application threads were stopped: 0.0001438 seconds, Stopping threads took: 0.0000277 seconds
[2025-10-02T08:56:22.965+0000][45681.951s][5523][5530][info ] Application time: 1.0000959 seconds
[2025-10-02T08:56:22.965+0000][45681.951s][5523][5530][info ] Entering safepoint region: Cleanup
[2025-10-02T08:56:22.965+0000][45681.951s][5523][5530][info ] Leaving safepoint region
[2025-10-02T08:56:22.965+0000][45681.951s][5523][5530][info ] Total time for which application threads were stopped: 0.0001381 seconds, Stopping threads took: 0.0000301 seconds
[2025-10-02T08:56:23.965+0000][45682.951s][5523][5530][info ] Application time: 1.0000896 seconds
[2025-10-02T08:56:23.965+0000][45682.951s][5523][5530][info ] Entering safepoint region: Cleanup
[2025-10-02T08:56:23.965+0000][45682.951s][5523][5530][info ] Leaving safepoint region
[2025-10-02T08:56:23.965+0000][45682.951s][5523][5530][info ] Total time for which application threads were stopped: 0.0001362 seconds, Stopping threads took: 0.0000260 seconds
[2025-10-02T08:56:24.965+0000][45683.952s][5523][5530][info ] Application time: 1.0001005 seconds
[2025-10-02T08:56:24.965+0000][45683.952s][5523][5530][info ] Entering safepoint region: Cleanup
[2025-10-02T08:56:24.966+0000][45683.952s][5523][5530][info ] Leaving safepoint region
[2025-10-02T08:56:24.966+0000][45683.952s][5523][5530][info ] Total time for which application threads were stopped: 0.0001510 seconds, Stopping threads took: 0.0000226 seconds
[2025-10-02T08:56:25.966+0000][45684.952s][5523][5530][info ] Application time: 1.0000962 seconds
[2025-10-02T08:56:25.966+0000][45684.952s][5523][5530][info ] Entering safepoint region: Cleanup
[2025-10-02T08:56:25.966+0000][45684.952s][5523][5530][info ] Leaving safepoint region
[2025-10-02T08:56:25.966+0000][45684.952s][5523][5530][info ] Total time for which application threads were stopped: 0.0001373 seconds, Stopping threads took: 0.0000266 seconds
[2025-10-02T08:56:26.282+0000][45685.268s][5523][5529][trace] CMS: promo attempt is safe: available(765483624) >= av_promo(4228508), max_promo(174987080)
[2025-10-02T08:56:26.966+0000][45685.952s][5523][5530][info ] Application time: 1.0000825 seconds
[2025-10-02T08:56:26.966+0000][45685.952s][5523][5530][info ] Entering safepoint region: Cleanup
[2025-10-02T08:56:26.966+0000][45685.952s][5523][5530][info ] Leaving safepoint region
[2025-10-02T08:56:26.966+0000][45685.952s][5523][5530][info ] Total time for which application threads were stopped: 0.0001367 seconds, Stopping threads took: 0.0000260 seconds
[2025-10-02T08:56:27.966+0000][45686.952s][5523][5530][info ] Application time: 1.0000922 seconds
[2025-10-02T08:56:27.966+0000][45686.953s][5523][5530][info ] Entering safepoint region: Cleanup
[2025-10-02T08:56:27.966+0000][45686.953s][5523][5530][info ] Leaving safepoint region
[2025-10-02T08:56:27.966+0000][45686.953s][5523][5530][info ] Total time for which application threads were stopped: 0.0001367 seconds, Stopping threads took: 0.0000243 seconds
[2025-10-02T08:56:28.967+0000][45687.953s][5523][5530][info ] Application time: 1.0000845 seconds
[2025-10-02T08:56:28.967+0000][45687.953s][5523][5530][info ] Entering safepoint region: Cleanup
[2025-10-02T08:56:28.967+0000][45687.953s][5523][5530][info ] Leaving safepoint region
[2025-10-02T08:56:28.967+0000][45687.953s][5523][5530][info ] Total time for which application threads were stopped: 0.0001507 seconds, Stopping threads took: 0.0000344 seconds
[2025-10-02T08:56:29.967+0000][45688.953s][5523][5530][info ] Application time: 1.0001005 seconds
[2025-10-02T08:56:29.967+0000][45688.953s][5523][5530][info ] Entering safepoint region: Cleanup
[2025-10-02T08:56:29.967+0000][45688.953s][5523][5530][info ] Leaving safepoint region
[2025-10-02T08:56:29.967+0000][45688.953s][5523][5530][info ] Total time for which application threads were stopped: 0.0001839 seconds, Stopping threads took: 0.0000250 seconds
[2025-10-02T08:56:30.967+0000][45689.953s][5523][5530][info ] Application time: 1.0001071 seconds
[2025-10-02T08:56:30.967+0000][45689.953s][5523][5530][info ] Entering safepoint region: Cleanup
[2025-10-02T08:56:30.967+0000][45689.954s][5523][5530][info ] Leaving safepoint region
[2025-10-02T08:56:30.967+0000][45689.954s][5523][5530][info ] Total time for which application threads were stopped: 0.0001435 seconds, Stopping threads took: 0.0000307 seconds
[2025-10-02T08:56:31.967+0000][45690.954s][5523][5530][info ] Application time: 1.0000998 seconds
[2025-10-02T08:56:31.968+0000][45690.954s][5523][5530][info ] Entering safepoint region: Cleanup
[2025-10-02T08:56:31.968+0000][45690.954s][5523][5530][info ] Leaving safepoint region
[2025-10-02T08:56:31.968+0000][45690.954s][5523][5530][info ] Total time for which application threads were stopped: 0.0001556 seconds, Stopping threads took: 0.0000444 seconds
[2025-10-02T08:56:32.968+0000][45691.954s][5523][5530][info ] Application time: 1.0001056 seconds
[2025-10-02T08:56:32.968+0000][45691.954s][5523][5530][info ] Entering safepoint region: Cleanup
[2025-10-02T08:56:32.968+0000][45691.954s][5523][5530][info ] Leaving safepoint region
[2025-10-02T08:56:32.968+0000][45691.954s][5523][5530][info ] Total time for which application threads were stopped: 0.0001512 seconds, Stopping threads took: 0.0000234 seconds
[2025-10-02T08:56:33.968+0000][45692.954s][5523][5530][info ] Application time: 1.0000917 seconds
[2025-10-02T08:56:33.968+0000][45692.954s][5523][5530][info ] Entering safepoint region: Cleanup
[2025-10-02T08:56:33.968+0000][45692.954s][5523][5530][info ] Leaving safepoint region
[2025-10-02T08:56:33.968+0000][45692.955s][5523][5530][info ] Total time for which application threads were stopped: 0.0001374 seconds, Stopping threads took: 0.0000240 seconds
[2025-10-02T08:56:34.968+0000][45693.955s][5523][5530][info ] Application time: 1.0000780 seconds
[2025-10-02T08:56:34.968+0000][45693.955s][5523][5530][info ] Entering safepoint region: Cleanup
[2025-10-02T08:56:34.969+0000][45693.955s][5523][5530][info ] Leaving safepoint region
[2025-10-02T08:56:34.969+0000][45693.955s][5523][5530][info ] Total time for which application threads were stopped: 0.0001387 seconds, Stopping threads took: 0.0000218 seconds
[2025-10-02T08:56:35.969+0000][45694.955s][5523][5530][info ] Application time: 1.0001153 seconds
[2025-10-02T08:56:35.969+0000][45694.955s][5523][5530][info ] Entering safepoint region: Cleanup
[2025-10-02T08:56:35.969+0000][45694.955s][5523][5530][info ] Leaving safepoint region
[2025-10-02T08:56:35.969+0000][45694.955s][5523][5530][info ] Total time for which application threads were stopped: 0.0001440 seconds, Stopping threads took: 0.0000269 seconds
[2025-10-02T08:56:36.282+0000][45695.268s][5523][5529][trace] CMS: promo attempt is safe: available(765483624) >= av_promo(4228508), max_promo(176196040)
[2025-10-02T08:56:36.969+0000][45695.955s][5523][5530][info ] Application time: 1.0001028 seconds
[2025-10-02T08:56:36.969+0000][45695.955s][5523][5530][info ] Entering safepoint region: Cleanup
[2025-10-02T08:56:36.969+0000][45695.955s][5523][5530][info ] Leaving safepoint region
[2025-10-02T08:56:36.969+0000][45695.955s][5523][5530][info ] Total time for which application threads were stopped: 0.0001362 seconds, Stopping threads took: 0.0000266 seconds
[2025-10-02T08:56:37.969+0000][45696.955s][5523][5530][info ] Application time: 1.0001013 seconds
[2025-10-02T08:56:37.969+0000][45696.956s][5523][5530][info ] Entering safepoint region: Cleanup
[2025-10-02T08:56:37.969+0000][45696.956s][5523][5530][info ] Leaving safepoint region
[2025-10-02T08:56:37.969+0000][45696.956s][5523][5530][info ] Total time for which application threads were stopped: 0.0001384 seconds, Stopping threads took: 0.0000268 seconds
[2025-10-02T08:56:38.970+0000][45697.956s][5523][5530][info ] Application time: 1.0001007 seconds
[2025-10-02T08:56:38.970+0000][45697.956s][5523][5530][info ] Entering safepoint region: Cleanup
[2025-10-02T08:56:38.970+0000][45697.956s][5523][5530][info ] Leaving safepoint region
[2025-10-02T08:56:38.970+0000][45697.956s][5523][5530][info ] Total time for which application threads were stopped: 0.0001332 seconds, Stopping threads took: 0.0000243 seconds
[2025-10-02T08:56:39.970+0000][45698.956s][5523][5530][info ] Application time: 1.0000786 seconds
[2025-10-02T08:56:39.970+0000][45698.956s][5523][5530][info ] Entering safepoint region: Cleanup
[2025-10-02T08:56:39.970+0000][45698.956s][5523][5530][info ] Leaving safepoint region
[2025-10-02T08:56:39.970+0000][45698.956s][5523][5530][info ] Total time for which application threads were stopped: 0.0001308 seconds, Stopping threads took: 0.0000244 seconds
[2025-10-02T08:56:40.970+0000][45699.956s][5523][5530][info ] Application time: 1.0000867 seconds
[2025-10-02T08:56:40.970+0000][45699.956s][5523][5530][info ] Entering safepoint region: Cleanup
[2025-10-02T08:56:40.970+0000][45699.957s][5523][5530][info ] Leaving safepoint region
[2025-10-02T08:56:40.970+0000][45699.957s][5523][5530][info ] Total time for which application threads were stopped: 0.0001325 seconds, Stopping threads took: 0.0000246 seconds
[2025-10-02T08:56:41.970+0000][45700.957s][5523][5530][info ] Application time: 1.0000924 seconds
[2025-10-02T08:56:41.970+0000][45700.957s][5523][5530][info ] Entering safepoint region: Cleanup
[2025-10-02T08:56:41.971+0000][45700.957s][5523][5530][info ] Leaving safepoint region
[2025-10-02T08:56:41.971+0000][45700.957s][5523][5530][info ] Total time for which application threads were stopped: 0.0001664 seconds, Stopping threads took: 0.0000260 seconds
[2025-10-02T08:56:42.971+0000][45701.957s][5523][5530][info ] Application time: 1.0000968 seconds
[2025-10-02T08:56:42.971+0000][45701.957s][5523][5530][info ] Entering safepoint region: Cleanup
[2025-10-02T08:56:42.971+0000][45701.957s][5523][5530][info ] Leaving safepoint region
[2025-10-02T08:56:42.971+0000][45701.957s][5523][5530][info ] Total time for which application threads were stopped: 0.0001350 seconds, Stopping threads took: 0.0000261 seconds
[2025-10-02T08:56:43.971+0000][45702.957s][5523][5530][info ] Application time: 1.0000888 seconds
[2025-10-02T08:56:43.971+0000][45702.957s][5523][5530][info ] Entering safepoint region: Cleanup
[2025-10-02T08:56:43.971+0000][45702.957s][5523][5530][info ] Leaving safepoint region
[2025-10-02T08:56:43.971+0000][45702.957s][5523][5530][info ] Total time for which application threads were stopped: 0.0001467 seconds, Stopping threads took: 0.0000335 seconds
[2025-10-02T08:56:44.971+0000][45703.958s][5523][5530][info ] Application time: 1.0000849 seconds
[2025-10-02T08:56:44.971+0000][45703.958s][5523][5530][info ] Entering safepoint region: Cleanup
[2025-10-02T08:56:44.972+0000][45703.958s][5523][5530][info ] Leaving safepoint region
[2025-10-02T08:56:44.972+0000][45703.958s][5523][5530][info ] Total time for which application threads were stopped: 0.0001713 seconds, Stopping threads took: 0.0000245 seconds
[2025-10-02T08:56:45.972+0000][45704.958s][5523][5530][info ] Application time: 1.0000809 seconds
[2025-10-02T08:56:45.972+0000][45704.958s][5523][5530][info ] Entering safepoint region: Cleanup
[2025-10-02T08:56:45.972+0000][45704.958s][5523][5530][info ] Leaving safepoint region
[2025-10-02T08:56:45.972+0000][45704.958s][5523][5530][info ] Total time for which application threads were stopped: 0.0001366 seconds, Stopping threads took: 0.0000274 seconds
[2025-10-02T08:56:46.282+0000][45705.268s][5523][5529][trace] CMS: promo attempt is safe: available(765483624) >= av_promo(4228508), max_promo(176366456)
[2025-10-02T08:56:46.972+0000][45705.958s][5523][5530][info ] Application time: 1.0000799 seconds
[2025-10-02T08:56:46.972+0000][45705.958s][5523][5530][info ] Entering safepoint region: Cleanup
[2025-10-02T08:56:46.972+0000][45705.958s][5523][5530][info ] Leaving safepoint region
[2025-10-02T08:56:46.972+0000][45705.958s][5523][5530][info ] Total time for which application threads were stopped: 0.0001340 seconds, Stopping threads took: 0.0000234 seconds
[2025-10-02T08:56:47.972+0000][45706.958s][5523][5530][info ] Application time: 1.0000748 seconds
[2025-10-02T08:56:47.972+0000][45706.958s][5523][5530][info ] Entering safepoint region: Cleanup
[2025-10-02T08:56:47.972+0000][45706.959s][5523][5530][info ] Leaving safepoint region
[2025-10-02T08:56:47.972+0000][45706.959s][5523][5530][info ] Total time for which application threads were stopped: 0.0001458 seconds, Stopping threads took: 0.0000251 seconds
[2025-10-02T08:56:48.972+0000][45707.959s][5523][5530][info ] Application time: 1.0000999 seconds
[2025-10-02T08:56:48.973+0000][45707.959s][5523][5530][info ] Entering safepoint region: Cleanup
[2025-10-02T08:56:48.974+0000][45707.960s][5523][5530][info ] Leaving safepoint region
[2025-10-02T08:56:48.974+0000][45707.960s][5523][5530][info ] Total time for which application threads were stopped: 0.0012613 seconds, Stopping threads took: 0.0011311 seconds
[2025-10-02T08:56:49.974+0000][45708.960s][5523][5530][info ] Application time: 1.0001069 seconds
[2025-10-02T08:56:49.974+0000][45708.960s][5523][5530][info ] Entering safepoint region: Cleanup
[2025-10-02T08:56:49.974+0000][45708.960s][5523][5530][info ] Leaving safepoint region
[2025-10-02T08:56:49.974+0000][45708.960s][5523][5530][info ] Total time for which application threads were stopped: 0.0001379 seconds, Stopping threads took: 0.0000251 seconds
[2025-10-02T08:56:50.974+0000][45709.960s][5523][5530][info ] Application time: 1.0001045 seconds
[2025-10-02T08:56:50.974+0000][45709.961s][5523][5530][info ] Entering safepoint region: Cleanup
[2025-10-02T08:56:50.974+0000][45709.961s][5523][5530][info ] Leaving safepoint region
[2025-10-02T08:56:50.974+0000][45709.961s][5523][5530][info ] Total time for which application threads were stopped: 0.0001377 seconds, Stopping threads took: 0.0000256 seconds
[2025-10-02T08:56:51.975+0000][45710.961s][5523][5530][info ] Application time: 1.0001154 seconds
[2025-10-02T08:56:51.975+0000][45710.961s][5523][5530][info ] Entering safepoint region: Cleanup
[2025-10-02T08:56:51.975+0000][45710.961s][5523][5530][info ] Leaving safepoint region
[2025-10-02T08:56:51.975+0000][45710.961s][5523][5530][info ] Total time for which application threads were stopped: 0.0001383 seconds, Stopping threads took: 0.0000259 seconds
[2025-10-02T08:56:52.975+0000][45711.961s][5523][5530][info ] Application time: 1.0000993 seconds
[2025-10-02T08:56:52.975+0000][45711.961s][5523][5530][info ] Entering safepoint region: Cleanup
[2025-10-02T08:56:52.975+0000][45711.961s][5523][5530][info ] Leaving safepoint region
[2025-10-02T08:56:52.975+0000][45711.961s][5523][5530][info ] Total time for which application threads were stopped: 0.0002713 seconds, Stopping threads took: 0.0000313 seconds
[2025-10-02T08:56:53.975+0000][45712.962s][5523][5530][info ] Application time: 1.0001105 seconds
[2025-10-02T08:56:53.975+0000][45712.962s][5523][5530][info ] Entering safepoint region: Cleanup
[2025-10-02T08:56:53.975+0000][45712.962s][5523][5530][info ] Leaving safepoint region
[2025-10-02T08:56:53.975+0000][45712.962s][5523][5530][info ] Total time for which application threads were stopped: 0.0001362 seconds, Stopping threads took: 0.0000254 seconds
[2025-10-02T08:56:54.976+0000][45713.962s][5523][5530][info ] Application time: 1.0000994 seconds
[2025-10-02T08:56:54.976+0000][45713.962s][5523][5530][info ] Entering safepoint region: Cleanup
[2025-10-02T08:56:54.976+0000][45713.962s][5523][5530][info ] Leaving safepoint region
[2025-10-02T08:56:54.976+0000][45713.962s][5523][5530][info ] Total time for which application threads were stopped: 0.0001341 seconds, Stopping threads took: 0.0000250 seconds
[2025-10-02T08:56:55.976+0000][45714.962s][5523][5530][info ] Application time: 1.0001061 seconds
[2025-10-02T08:56:55.976+0000][45714.962s][5523][5530][info ] Entering safepoint region: Cleanup
[2025-10-02T08:56:55.976+0000][45714.962s][5523][5530][info ] Leaving safepoint region
[2025-10-02T08:56:55.976+0000][45714.962s][5523][5530][info ] Total time for which application threads were stopped: 0.0001328 seconds, Stopping threads took: 0.0000240 seconds
[2025-10-02T08:56:56.281+0000][45715.267s][5523][5529][trace] CMS: promo attempt is safe: available(765483624) >= av_promo(4228508), max_promo(177096832)
[2025-10-02T08:56:56.976+0000][45715.962s][5523][5530][info ] Application time: 1.0000986 seconds
[2025-10-02T08:56:56.976+0000][45715.962s][5523][5530][info ] Entering safepoint region: Cleanup
[2025-10-02T08:56:56.976+0000][45715.963s][5523][5530][info ] Leaving safepoint region
[2025-10-02T08:56:56.976+0000][45715.963s][5523][5530][info ] Total time for which application threads were stopped: 0.0001331 seconds, Stopping threads took: 0.0000252 seconds
[2025-10-02T08:56:57.976+0000][45716.963s][5523][5530][info ] Application time: 1.0000818 seconds
[2025-10-02T08:56:57.976+0000][45716.963s][5523][5530][info ] Entering safepoint region: Cleanup
[2025-10-02T08:56:57.977+0000][45716.963s][5523][5530][info ] Leaving safepoint region
[2025-10-02T08:56:57.977+0000][45716.963s][5523][5530][info ] Total time for which application threads were stopped: 0.0001487 seconds, Stopping threads took: 0.0000427 seconds
[2025-10-02T08:56:58.977+0000][45717.963s][5523][5530][info ] Application time: 1.0000822 seconds
[2025-10-02T08:56:58.977+0000][45717.963s][5523][5530][info ] Entering safepoint region: Cleanup
[2025-10-02T08:56:58.977+0000][45717.963s][5523][5530][info ] Leaving safepoint region
[2025-10-02T08:56:58.977+0000][45717.963s][5523][5530][info ] Total time for which application threads were stopped: 0.0001322 seconds, Stopping threads took: 0.0000251 seconds
[2025-10-02T08:56:59.977+0000][45718.963s][5523][5530][info ] Application time: 1.0000881 seconds
[2025-10-02T08:56:59.977+0000][45718.963s][5523][5530][info ] Entering safepoint region: Cleanup
[2025-10-02T08:56:59.977+0000][45718.963s][5523][5530][info ] Leaving safepoint region
[2025-10-02T08:56:59.977+0000][45718.963s][5523][5530][info ] Total time for which application threads were stopped: 0.0001308 seconds, Stopping threads took: 0.0000257 seconds
[2025-10-02T08:57:00.977+0000][45719.964s][5523][5530][info ] Application time: 1.0001001 seconds
[2025-10-02T08:57:00.977+0000][45719.964s][5523][5530][info ] Entering safepoint region: Cleanup
[2025-10-02T08:57:00.977+0000][45719.964s][5523][5530][info ] Leaving safepoint region
[2025-10-02T08:57:00.977+0000][45719.964s][5523][5530][info ] Total time for which application threads were stopped: 0.0001552 seconds, Stopping threads took: 0.0000286 seconds
[2025-10-02T08:57:01.978+0000][45720.964s][5523][5530][info ] Application time: 1.0001230 seconds
[2025-10-02T08:57:01.978+0000][45720.964s][5523][5530][info ] Entering safepoint region: Cleanup
[2025-10-02T08:57:01.978+0000][45720.964s][5523][5530][info ] Leaving safepoint region
[2025-10-02T08:57:01.978+0000][45720.964s][5523][5530][info ] Total time for which application threads were stopped: 0.0001643 seconds, Stopping threads took: 0.0000459 seconds
[2025-10-02T08:57:02.978+0000][45721.964s][5523][5530][info ] Application time: 1.0000836 seconds
[2025-10-02T08:57:02.978+0000][45721.964s][5523][5530][info ] Entering safepoint region: Cleanup
[2025-10-02T08:57:02.978+0000][45721.964s][5523][5530][info ] Leaving safepoint region
[2025-10-02T08:57:02.978+0000][45721.964s][5523][5530][info ] Total time for which application threads were stopped: 0.0001363 seconds, Stopping threads took: 0.0000235 seconds
[2025-10-02T08:57:03.978+0000][45722.964s][5523][5530][info ] Application time: 1.0001030 seconds
[2025-10-02T08:57:03.978+0000][45722.965s][5523][5530][info ] Entering safepoint region: Cleanup
[2025-10-02T08:57:03.978+0000][45722.965s][5523][5530][info ] Leaving safepoint region
[2025-10-02T08:57:03.978+0000][45722.965s][5523][5530][info ] Total time for which application threads were stopped: 0.0001450 seconds, Stopping threads took: 0.0000364 seconds
[2025-10-02T08:57:04.979+0000][45723.965s][5523][5530][info ] Application time: 1.0001078 seconds
[2025-10-02T08:57:04.979+0000][45723.965s][5523][5530][info ] Entering safepoint region: Cleanup
[2025-10-02T08:57:04.979+0000][45723.965s][5523][5530][info ] Leaving safepoint region
[2025-10-02T08:57:04.979+0000][45723.965s][5523][5530][info ] Total time for which application threads were stopped: 0.0001431 seconds, Stopping threads took: 0.0000260 seconds
[2025-10-02T08:57:05.979+0000][45724.965s][5523][5530][info ] Application time: 1.0000962 seconds
[2025-10-02T08:57:05.979+0000][45724.965s][5523][5530][info ] Entering safepoint region: Cleanup
[2025-10-02T08:57:05.979+0000][45724.965s][5523][5530][info ] Leaving safepoint region
[2025-10-02T08:57:05.979+0000][45724.965s][5523][5530][info ] Total time for which application threads were stopped: 0.0002004 seconds, Stopping threads took: 0.0000238 seconds
[2025-10-02T08:57:06.281+0000][45725.268s][5523][5529][trace] CMS: promo attempt is safe: available(765483624) >= av_promo(4228508), max_promo(177099776)
[2025-10-02T08:57:06.979+0000][45725.965s][5523][5530][info ] Application time: 1.0001129 seconds
[2025-10-02T08:57:06.979+0000][45725.965s][5523][5530][info ] Entering safepoint region: Cleanup
[2025-10-02T08:57:06.979+0000][45725.966s][5523][5530][info ] Leaving safepoint region
[2025-10-02T08:57:06.979+0000][45725.966s][5523][5530][info ] Total time for which application threads were stopped: 0.0001337 seconds, Stopping threads took: 0.0000257 seconds
[2025-10-02T08:57:07.979+0000][45726.966s][5523][5530][info ] Application time: 1.0000893 seconds
[2025-10-02T08:57:07.980+0000][45726.966s][5523][5530][info ] Entering safepoint region: Cleanup
[2025-10-02T08:57:07.980+0000][45726.966s][5523][5530][info ] Leaving safepoint region
[2025-10-02T08:57:07.980+0000][45726.966s][5523][5530][info ] Total time for which application threads were stopped: 0.0001312 seconds, Stopping threads took: 0.0000231 seconds
[2025-10-02T08:57:08.980+0000][45727.966s][5523][5530][info ] Application time: 1.0001077 seconds
[2025-10-02T08:57:08.980+0000][45727.966s][5523][5530][info ] Entering safepoint region: Cleanup
[2025-10-02T08:57:08.980+0000][45727.966s][5523][5530][info ] Leaving safepoint region
[2025-10-02T08:57:08.980+0000][45727.966s][5523][5530][info ] Total time for which application threads were stopped: 0.0001432 seconds, Stopping threads took: 0.0000309 seconds
[2025-10-02T08:57:09.980+0000][45728.966s][5523][5530][info ] Application time: 1.0000758 seconds
[2025-10-02T08:57:09.980+0000][45728.966s][5523][5530][info ] Entering safepoint region: Cleanup
[2025-10-02T08:57:09.980+0000][45728.966s][5523][5530][info ] Leaving safepoint region
[2025-10-02T08:57:09.980+0000][45728.966s][5523][5530][info ] Total time for which application threads were stopped: 0.0001377 seconds, Stopping threads took: 0.0000281 seconds
[2025-10-02T08:57:10.980+0000][45729.967s][5523][5530][info ] Application time: 1.0001138 seconds
[2025-10-02T08:57:10.980+0000][45729.967s][5523][5530][info ] Entering safepoint region: Cleanup
[2025-10-02T08:57:10.981+0000][45729.967s][5523][5530][info ] Leaving safepoint region
[2025-10-02T08:57:10.981+0000][45729.967s][5523][5530][info ] Total time for which application threads were stopped: 0.0001613 seconds, Stopping threads took: 0.0000273 seconds
[2025-10-02T08:57:11.981+0000][45730.967s][5523][5530][info ] Application time: 1.0000876 seconds
[2025-10-02T08:57:11.981+0000][45730.967s][5523][5530][info ] Entering safepoint region: Cleanup
[2025-10-02T08:57:11.981+0000][45730.967s][5523][5530][info ] Leaving safepoint region
[2025-10-02T08:57:11.981+0000][45730.967s][5523][5530][info ] Total time for which application threads were stopped: 0.0001414 seconds, Stopping threads took: 0.0000277 seconds
[2025-10-02T08:57:12.981+0000][45731.967s][5523][5530][info ] Application time: 1.0001016 seconds
[2025-10-02T08:57:12.981+0000][45731.967s][5523][5530][info ] Entering safepoint region: Cleanup
[2025-10-02T08:57:12.981+0000][45731.967s][5523][5530][info ] Leaving safepoint region
[2025-10-02T08:57:12.981+0000][45731.967s][5523][5530][info ] Total time for which application threads were stopped: 0.0001418 seconds, Stopping threads took: 0.0000250 seconds
[2025-10-02T08:57:13.981+0000][45732.968s][5523][5530][info ] Application time: 1.0001063 seconds
[2025-10-02T08:57:13.981+0000][45732.968s][5523][5530][info ] Entering safepoint region: Cleanup
[2025-10-02T08:57:13.981+0000][45732.968s][5523][5530][info ] Leaving safepoint region
[2025-10-02T08:57:13.981+0000][45732.968s][5523][5530][info ] Total time for which application threads were stopped: 0.0001318 seconds, Stopping threads took: 0.0000242 seconds
[2025-10-02T08:57:14.982+0000][45733.968s][5523][5530][info ] Application time: 1.0001026 seconds
[2025-10-02T08:57:14.982+0000][45733.968s][5523][5530][info ] Entering safepoint region: Cleanup
[2025-10-02T08:57:14.982+0000][45733.968s][5523][5530][info ] Leaving safepoint region
[2025-10-02T08:57:14.982+0000][45733.968s][5523][5530][info ] Total time for which application threads were stopped: 0.0001572 seconds, Stopping threads took: 0.0000239 seconds
[2025-10-02T08:57:15.982+0000][45734.968s][5523][5530][info ] Application time: 1.0001082 seconds
[2025-10-02T08:57:15.982+0000][45734.968s][5523][5530][info ] Entering safepoint region: Cleanup
[2025-10-02T08:57:15.982+0000][45734.968s][5523][5530][info ] Leaving safepoint region
[2025-10-02T08:57:15.982+0000][45734.968s][5523][5530][info ] Total time for which application threads were stopped: 0.0001373 seconds, Stopping threads took: 0.0000269 seconds
[2025-10-02T08:57:16.281+0000][45735.267s][5523][5529][trace] CMS: promo attempt is safe: available(765483624) >= av_promo(4228508), max_promo(177292008)
[2025-10-02T08:57:16.982+0000][45735.968s][5523][5530][info ] Application time: 1.0001074 seconds
[2025-10-02T08:57:16.982+0000][45735.969s][5523][5530][info ] Entering safepoint region: Cleanup
[2025-10-02T08:57:16.982+0000][45735.969s][5523][5530][info ] Leaving safepoint region
[2025-10-02T08:57:16.982+0000][45735.969s][5523][5530][info ] Total time for which application threads were stopped: 0.0001426 seconds, Stopping threads took: 0.0000261 seconds
[2025-10-02T08:57:17.983+0000][45736.969s][5523][5530][info ] Application time: 1.0001084 seconds
[2025-10-02T08:57:17.983+0000][45736.969s][5523][5530][info ] Entering safepoint region: Cleanup
[2025-10-02T08:57:17.983+0000][45736.969s][5523][5530][info ] Leaving safepoint region
[2025-10-02T08:57:17.983+0000][45736.969s][5523][5530][info ] Total time for which application threads were stopped: 0.0001360 seconds, Stopping threads took: 0.0000246 seconds
[2025-10-02T08:57:18.983+0000][45737.969s][5523][5530][info ] Application time: 1.0001060 seconds
[2025-10-02T08:57:18.983+0000][45737.969s][5523][5530][info ] Entering safepoint region: Cleanup
[2025-10-02T08:57:18.984+0000][45737.970s][5523][5530][info ] Leaving safepoint region
[2025-10-02T08:57:18.984+0000][45737.970s][5523][5530][info ] Total time for which application threads were stopped: 0.0013001 seconds, Stopping threads took: 0.0011704 seconds
[2025-10-02T08:57:19.984+0000][45738.971s][5523][5530][info ] Application time: 1.0000891 seconds
[2025-10-02T08:57:19.984+0000][45738.971s][5523][5530][info ] Entering safepoint region: Cleanup
[2025-10-02T08:57:19.984+0000][45738.971s][5523][5530][info ] Leaving safepoint region
[2025-10-02T08:57:19.984+0000][45738.971s][5523][5530][info ] Total time for which application threads were stopped: 0.0001311 seconds, Stopping threads took: 0.0000247 seconds
[2025-10-02T08:57:20.985+0000][45739.971s][5523][5530][info ] Application time: 1.0000916 seconds
[2025-10-02T08:57:20.985+0000][45739.971s][5523][5530][info ] Entering safepoint region: Cleanup
[2025-10-02T08:57:20.985+0000][45739.971s][5523][5530][info ] Leaving safepoint region
[2025-10-02T08:57:20.985+0000][45739.971s][5523][5530][info ] Total time for which application threads were stopped: 0.0001362 seconds, Stopping threads took: 0.0000267 seconds
[2025-10-02T08:57:21.985+0000][45740.971s][5523][5530][info ] Application time: 1.0001061 seconds
[2025-10-02T08:57:21.985+0000][45740.971s][5523][5530][info ] Entering safepoint region: Cleanup
[2025-10-02T08:57:21.985+0000][45740.971s][5523][5530][info ] Leaving safepoint region
[2025-10-02T08:57:21.985+0000][45740.971s][5523][5530][info ] Total time for which application threads were stopped: 0.0001439 seconds, Stopping threads took: 0.0000261 seconds
[2025-10-02T08:57:22.985+0000][45741.971s][5523][5530][info ] Application time: 1.0001065 seconds
[2025-10-02T08:57:22.985+0000][45741.971s][5523][5530][info ] Entering safepoint region: Cleanup
[2025-10-02T08:57:22.985+0000][45741.972s][5523][5530][info ] Leaving safepoint region
[2025-10-02T08:57:22.985+0000][45741.972s][5523][5530][info ] Total time for which application threads were stopped: 0.0001363 seconds, Stopping threads took: 0.0000265 seconds
[2025-10-02T08:57:23.985+0000][45742.972s][5523][5530][info ] Application time: 1.0000923 seconds
[2025-10-02T08:57:23.986+0000][45742.972s][5523][5530][info ] Entering safepoint region: Cleanup
[2025-10-02T08:57:23.986+0000][45742.972s][5523][5530][info ] Leaving safepoint region
[2025-10-02T08:57:23.986+0000][45742.972s][5523][5530][info ] Total time for which application threads were stopped: 0.0001337 seconds, Stopping threads took: 0.0000253 seconds
[2025-10-02T08:57:24.986+0000][45743.972s][5523][5530][info ] Application time: 1.0000927 seconds
[2025-10-02T08:57:24.986+0000][45743.972s][5523][5530][info ] Entering safepoint region: Cleanup
[2025-10-02T08:57:24.986+0000][45743.972s][5523][5530][info ] Leaving safepoint region
[2025-10-02T08:57:24.986+0000][45743.972s][5523][5530][info ] Total time for which application threads were stopped: 0.0001317 seconds, Stopping threads took: 0.0000235 seconds
[2025-10-02T08:57:25.986+0000][45744.972s][5523][5530][info ] Application time: 1.0000906 seconds
[2025-10-02T08:57:25.986+0000][45744.972s][5523][5530][info ] Entering safepoint region: Cleanup
[2025-10-02T08:57:25.986+0000][45744.972s][5523][5530][info ] Leaving safepoint region
[2025-10-02T08:57:25.986+0000][45744.972s][5523][5530][info ] Total time for which application threads were stopped: 0.0001344 seconds, Stopping threads took: 0.0000246 seconds
[2025-10-02T08:57:26.281+0000][45745.268s][5523][5529][trace] CMS: promo attempt is safe: available(765483624) >= av_promo(4228508), max_promo(177365968)
[2025-10-02T08:57:26.986+0000][45745.973s][5523][5530][info ] Application time: 1.0001014 seconds
[2025-10-02T08:57:26.986+0000][45745.973s][5523][5530][info ] Entering safepoint region: Cleanup
[2025-10-02T08:57:26.987+0000][45745.973s][5523][5530][info ] Leaving safepoint region
[2025-10-02T08:57:26.987+0000][45745.973s][5523][5530][info ] Total time for which application threads were stopped: 0.0001618 seconds, Stopping threads took: 0.0000264 seconds
[2025-10-02T08:57:27.987+0000][45746.973s][5523][5530][info ] Application time: 1.0001063 seconds
[2025-10-02T08:57:27.987+0000][45746.973s][5523][5530][info ] Entering safepoint region: Cleanup
[2025-10-02T08:57:27.987+0000][45746.973s][5523][5530][info ] Leaving safepoint region
[2025-10-02T08:57:27.987+0000][45746.973s][5523][5530][info ] Total time for which application threads were stopped: 0.0001509 seconds, Stopping threads took: 0.0000375 seconds
[2025-10-02T08:57:28.987+0000][45747.973s][5523][5530][info ] Application time: 1.0000989 seconds
[2025-10-02T08:57:28.987+0000][45747.973s][5523][5530][info ] Entering safepoint region: Cleanup
[2025-10-02T08:57:28.987+0000][45747.973s][5523][5530][info ] Leaving safepoint region
[2025-10-02T08:57:28.987+0000][45747.973s][5523][5530][info ] Total time for which application threads were stopped: 0.0002657 seconds, Stopping threads took: 0.0001503 seconds
[2025-10-02T08:57:29.987+0000][45748.974s][5523][5530][info ] Application time: 1.0001037 seconds
[2025-10-02T08:57:29.987+0000][45748.974s][5523][5530][info ] Entering safepoint region: Cleanup
[2025-10-02T08:57:29.988+0000][45748.974s][5523][5530][info ] Leaving safepoint region
[2025-10-02T08:57:29.988+0000][45748.974s][5523][5530][info ] Total time for which application threads were stopped: 0.0001679 seconds, Stopping threads took: 0.0000261 seconds
[2025-10-02T08:57:30.988+0000][45749.974s][5523][5530][info ] Application time: 1.0000936 seconds
[2025-10-02T08:57:30.988+0000][45749.974s][5523][5530][info ] Entering safepoint region: Cleanup
[2025-10-02T08:57:30.988+0000][45749.974s][5523][5530][info ] Leaving safepoint region
[2025-10-02T08:57:30.988+0000][45749.974s][5523][5530][info ] Total time for which application threads were stopped: 0.0001374 seconds, Stopping threads took: 0.0000252 seconds
[2025-10-02T08:57:31.988+0000][45750.974s][5523][5530][info ] Application time: 1.0001464 seconds
[2025-10-02T08:57:31.988+0000][45750.974s][5523][5530][info ] Entering safepoint region: Cleanup
[2025-10-02T08:57:31.988+0000][45750.974s][5523][5530][info ] Leaving safepoint region
[2025-10-02T08:57:31.988+0000][45750.974s][5523][5530][info ] Total time for which application threads were stopped: 0.0001499 seconds, Stopping threads took: 0.0000354 seconds
[2025-10-02T08:57:32.988+0000][45751.975s][5523][5530][info ] Application time: 1.0000966 seconds
[2025-10-02T08:57:32.988+0000][45751.975s][5523][5530][info ] Entering safepoint region: Cleanup
[2025-10-02T08:57:32.989+0000][45751.975s][5523][5530][info ] Leaving safepoint region
[2025-10-02T08:57:32.989+0000][45751.975s][5523][5530][info ] Total time for which application threads were stopped: 0.0001527 seconds, Stopping threads took: 0.0000233 seconds
[2025-10-02T08:57:33.126+0000][45752.113s][5523][5530][info ] Application time: 0.1379035 seconds
[2025-10-02T08:57:33.127+0000][45752.113s][5523][5530][info ] Entering safepoint region: GenCollectForAllocation
[2025-10-02T08:57:33.127+0000][45752.113s][5523][5530][debug] GC(22) Heap before GC invocations=21 (full 1): par new generation   total 184320K, used 173832K [0x00000000c0000000, 0x00000000cc800000, 0x00000000cc800000)
[2025-10-02T08:57:33.127+0000][45752.113s][5523][5530][debug] GC(22)   eden space 163840K, 100% used [0x00000000c0000000, 0x00000000ca000000, 0x00000000ca000000)
[2025-10-02T08:57:33.127+0000][45752.113s][5523][5530][debug] GC(22)   from space 20480K,  48% used [0x00000000cb400000, 0x00000000cbdc2290, 0x00000000cc800000)
[2025-10-02T08:57:33.127+0000][45752.113s][5523][5530][debug] GC(22)   to   space 20480K,   0% used [0x00000000ca000000, 0x00000000ca000000, 0x00000000cb400000)
[2025-10-02T08:57:33.127+0000][45752.113s][5523][5530][debug] GC(22)  concurrent mark-sweep generation total 843776K, used 96233K [0x00000000cc800000, 0x0000000100000000, 0x0000000100000000)
[2025-10-02T08:57:33.127+0000][45752.113s][5523][5530][debug] GC(22)  Metaspace       used 53755K, capacity 55607K, committed 55772K, reserved 1099776K
[2025-10-02T08:57:33.127+0000][45752.113s][5523][5530][debug] GC(22)   class space    used 5980K, capacity 6782K, committed 6824K, reserved 1048576K
[2025-10-02T08:57:33.127+0000][45752.113s][5523][5530][trace] CMS: promo attempt is safe: available(765483624) >= av_promo(4228508), max_promo(178004624)
[2025-10-02T08:57:33.134+0000][45752.120s][5523][5530][debug] GC(22) Desired survivor size 10485760 bytes, new threshold 1 (max threshold 1)
[2025-10-02T08:57:33.134+0000][45752.120s][5523][5530][info ] GC(22) ParNew: 173832K->4203K(184320K)
[2025-10-02T08:57:33.134+0000][45752.120s][5523][5530][info ] GC(22) CMS: 96233K->104250K(843776K)
[2025-10-02T08:57:33.134+0000][45752.120s][5523][5530][info ] GC(22) Pause Young (Allocation Failure) 263M->105M(1004M) 7.456ms
[2025-10-02T08:57:33.134+0000][45752.120s][5523][5530][debug] GC(22) Heap after GC invocations=22 (full 1): par new generation   total 184320K, used 4203K [0x00000000c0000000, 0x00000000cc800000, 0x00000000cc800000)
[2025-10-02T08:57:33.134+0000][45752.120s][5523][5530][debug] GC(22)   eden space 163840K,   0% used [0x00000000c0000000, 0x00000000c0000000, 0x00000000ca000000)
[2025-10-02T08:57:33.134+0000][45752.120s][5523][5530][debug] GC(22)   from space 20480K,  20% used [0x00000000ca000000, 0x00000000ca41aef0, 0x00000000cb400000)
[2025-10-02T08:57:33.134+0000][45752.120s][5523][5530][debug] GC(22)   to   space 20480K,   0% used [0x00000000cb400000, 0x00000000cb400000, 0x00000000cc800000)
[2025-10-02T08:57:33.134+0000][45752.120s][5523][5530][debug] GC(22)  concurrent mark-sweep generation total 843776K, used 104250K [0x00000000cc800000, 0x0000000100000000, 0x0000000100000000)
[2025-10-02T08:57:33.134+0000][45752.120s][5523][5530][debug] GC(22)  Metaspace       used 53755K, capacity 55607K, committed 55772K, reserved 1099776K
[2025-10-02T08:57:33.134+0000][45752.120s][5523][5530][debug] GC(22)   class space    used 5980K, capacity 6782K, committed 6824K, reserved 1048576K
[2025-10-02T08:57:33.134+0000][45752.120s][5523][5530][info ] Leaving safepoint region
[2025-10-02T08:57:33.134+0000][45752.120s][5523][5530][info ] Total time for which application threads were stopped: 0.0077426 seconds, Stopping threads took: 0.0000242 seconds
[2025-10-02T08:57:33.134+0000][45752.121s][5523][5529][trace] CMS: promo attempt is safe: available(757274488) >= av_promo(11044653), max_promo(5111144)
[2025-10-02T08:57:34.134+0000][45753.121s][5523][5530][info ] Application time: 1.0001023 seconds
[2025-10-02T08:57:34.134+0000][45753.121s][5523][5530][info ] Entering safepoint region: Cleanup
[2025-10-02T08:57:34.135+0000][45753.121s][5523][5530][info ] Leaving safepoint region
[2025-10-02T08:57:34.135+0000][45753.121s][5523][5530][info ] Total time for which application threads were stopped: 0.0001684 seconds, Stopping threads took: 0.0000253 seconds
[2025-10-02T08:57:35.135+0000][45754.121s][5523][5530][info ] Application time: 1.0001032 seconds
[2025-10-02T08:57:35.135+0000][45754.121s][5523][5530][info ] Entering safepoint region: Cleanup
[2025-10-02T08:57:35.135+0000][45754.121s][5523][5530][info ] Leaving safepoint region
[2025-10-02T08:57:35.135+0000][45754.121s][5523][5530][info ] Total time for which application threads were stopped: 0.0001339 seconds, Stopping threads took: 0.0000243 seconds
[2025-10-02T08:57:36.135+0000][45755.121s][5523][5530][info ] Application time: 1.0001783 seconds
[2025-10-02T08:57:36.135+0000][45755.121s][5523][5530][info ] Entering safepoint region: Cleanup
[2025-10-02T08:57:36.135+0000][45755.121s][5523][5530][info ] Leaving safepoint region
[2025-10-02T08:57:36.135+0000][45755.121s][5523][5530][info ] Total time for which application threads were stopped: 0.0001394 seconds, Stopping threads took: 0.0000269 seconds
[2025-10-02T08:57:37.135+0000][45756.122s][5523][5530][info ] Application time: 1.0001006 seconds
[2025-10-02T08:57:37.135+0000][45756.122s][5523][5530][info ] Entering safepoint region: Cleanup
[2025-10-02T08:57:37.136+0000][45756.122s][5523][5530][info ] Leaving safepoint region
[2025-10-02T08:57:37.136+0000][45756.122s][5523][5530][info ] Total time for which application threads were stopped: 0.0001590 seconds, Stopping threads took: 0.0000262 seconds
[2025-10-02T08:57:38.136+0000][45757.122s][5523][5530][info ] Application time: 1.0000855 seconds
[2025-10-02T08:57:38.136+0000][45757.122s][5523][5530][info ] Entering safepoint region: Cleanup
[2025-10-02T08:57:38.136+0000][45757.122s][5523][5530][info ] Leaving safepoint region
[2025-10-02T08:57:38.136+0000][45757.122s][5523][5530][info ] Total time for which application threads were stopped: 0.0001478 seconds, Stopping threads took: 0.0000340 seconds
[2025-10-02T08:57:39.136+0000][45758.122s][5523][5530][info ] Application time: 1.0000982 seconds
[2025-10-02T08:57:39.136+0000][45758.122s][5523][5530][info ] Entering safepoint region: Cleanup
[2025-10-02T08:57:39.136+0000][45758.122s][5523][5530][info ] Leaving safepoint region
[2025-10-02T08:57:39.136+0000][45758.122s][5523][5530][info ] Total time for which application threads were stopped: 0.0001542 seconds, Stopping threads took: 0.0000316 seconds
[2025-10-02T08:57:40.136+0000][45759.123s][5523][5530][info ] Application time: 1.0000946 seconds
[2025-10-02T08:57:40.136+0000][45759.123s][5523][5530][info ] Entering safepoint region: Cleanup
[2025-10-02T08:57:40.136+0000][45759.123s][5523][5530][info ] Leaving safepoint region
[2025-10-02T08:57:40.136+0000][45759.123s][5523][5530][info ] Total time for which application threads were stopped: 0.0001410 seconds, Stopping threads took: 0.0000278 seconds
[2025-10-02T08:57:41.137+0000][45760.123s][5523][5530][info ] Application time: 1.0000916 seconds
[2025-10-02T08:57:41.137+0000][45760.123s][5523][5530][info ] Entering safepoint region: Cleanup
[2025-10-02T08:57:41.137+0000][45760.123s][5523][5530][info ] Leaving safepoint region
[2025-10-02T08:57:41.137+0000][45760.123s][5523][5530][info ] Total time for which application threads were stopped: 0.0001368 seconds, Stopping threads took: 0.0000252 seconds
[2025-10-02T08:57:42.137+0000][45761.123s][5523][5530][info ] Application time: 1.0001056 seconds
[2025-10-02T08:57:42.137+0000][45761.123s][5523][5530][info ] Entering safepoint region: Cleanup
[2025-10-02T08:57:42.137+0000][45761.123s][5523][5530][info ] Leaving safepoint region
[2025-10-02T08:57:42.137+0000][45761.123s][5523][5530][info ] Total time for which application threads were stopped: 0.0001357 seconds, Stopping threads took: 0.0000256 seconds
[2025-10-02T08:57:43.134+0000][45762.121s][5523][5529][trace] CMS: promo attempt is safe: available(757274488) >= av_promo(11044653), max_promo(6399464)
[2025-10-02T08:57:43.137+0000][45762.123s][5523][5530][info ] Application time: 1.0000811 seconds
[2025-10-02T08:57:43.138+0000][45762.124s][5523][5530][info ] Entering safepoint region: Cleanup
[2025-10-02T08:57:43.138+0000][45762.124s][5523][5530][info ] Leaving safepoint region
[2025-10-02T08:57:43.138+0000][45762.124s][5523][5530][info ] Total time for which application threads were stopped: 0.0001682 seconds, Stopping threads took: 0.0000505 seconds
[2025-10-02T08:57:44.138+0000][45763.125s][5523][5530][info ] Application time: 1.0001061 seconds
[2025-10-02T08:57:44.138+0000][45763.125s][5523][5530][info ] Entering safepoint region: Cleanup
[2025-10-02T08:57:44.138+0000][45763.125s][5523][5530][info ] Leaving safepoint region
[2025-10-02T08:57:44.138+0000][45763.125s][5523][5530][info ] Total time for which application threads were stopped: 0.0001382 seconds, Stopping threads took: 0.0000263 seconds
[2025-10-02T08:57:45.139+0000][45764.125s][5523][5530][info ] Application time: 1.0001085 seconds
[2025-10-02T08:57:45.139+0000][45764.125s][5523][5530][info ] Entering safepoint region: Cleanup
[2025-10-02T08:57:45.139+0000][45764.125s][5523][5530][info ] Leaving safepoint region
[2025-10-02T08:57:45.139+0000][45764.125s][5523][5530][info ] Total time for which application threads were stopped: 0.0001398 seconds, Stopping threads took: 0.0000246 seconds
[2025-10-02T08:57:46.139+0000][45765.125s][5523][5530][info ] Application time: 1.0001010 seconds
[2025-10-02T08:57:46.139+0000][45765.125s][5523][5530][info ] Entering safepoint region: Cleanup
[2025-10-02T08:57:46.139+0000][45765.125s][5523][5530][info ] Leaving safepoint region
[2025-10-02T08:57:46.139+0000][45765.125s][5523][5530][info ] Total time for which application threads were stopped: 0.0001985 seconds, Stopping threads took: 0.0000249 seconds
[2025-10-02T08:57:47.139+0000][45766.125s][5523][5530][info ] Application time: 1.0001038 seconds
[2025-10-02T08:57:47.139+0000][45766.126s][5523][5530][info ] Entering safepoint region: Cleanup
[2025-10-02T08:57:47.139+0000][45766.126s][5523][5530][info ] Leaving safepoint region
[2025-10-02T08:57:47.139+0000][45766.126s][5523][5530][info ] Total time for which application threads were stopped: 0.0001391 seconds, Stopping threads took: 0.0000228 seconds
[2025-10-02T08:57:48.140+0000][45767.126s][5523][5530][info ] Application time: 1.0001110 seconds
[2025-10-02T08:57:48.140+0000][45767.126s][5523][5530][info ] Entering safepoint region: Cleanup
[2025-10-02T08:57:48.140+0000][45767.126s][5523][5530][info ] Leaving safepoint region
[2025-10-02T08:57:48.140+0000][45767.126s][5523][5530][info ] Total time for which application threads were stopped: 0.0001419 seconds, Stopping threads took: 0.0000311 seconds
[2025-10-02T08:57:49.140+0000][45768.126s][5523][5530][info ] Application time: 1.0000787 seconds
[2025-10-02T08:57:49.140+0000][45768.126s][5523][5530][info ] Entering safepoint region: Cleanup
[2025-10-02T08:57:49.140+0000][45768.126s][5523][5530][info ] Leaving safepoint region
[2025-10-02T08:57:49.140+0000][45768.126s][5523][5530][info ] Total time for which application threads were stopped: 0.0001497 seconds, Stopping threads took: 0.0000248 seconds
[2025-10-02T08:57:50.140+0000][45769.126s][5523][5530][info ] Application time: 1.0001008 seconds
[2025-10-02T08:57:50.140+0000][45769.126s][5523][5530][info ] Entering safepoint region: Cleanup
[2025-10-02T08:57:50.140+0000][45769.127s][5523][5530][info ] Leaving safepoint region
[2025-10-02T08:57:50.140+0000][45769.127s][5523][5530][info ] Total time for which application threads were stopped: 0.0001410 seconds, Stopping threads took: 0.0000263 seconds
[2025-10-02T08:57:51.140+0000][45770.127s][5523][5530][info ] Application time: 1.0001039 seconds
[2025-10-02T08:57:51.141+0000][45770.127s][5523][5530][info ] Entering safepoint region: Cleanup
[2025-10-02T08:57:51.141+0000][45770.127s][5523][5530][info ] Leaving safepoint region
[2025-10-02T08:57:51.141+0000][45770.127s][5523][5530][info ] Total time for which application threads were stopped: 0.0001622 seconds, Stopping threads took: 0.0000528 seconds
[2025-10-02T08:57:52.141+0000][45771.127s][5523][5530][info ] Application time: 1.0000986 seconds
[2025-10-02T08:57:52.141+0000][45771.127s][5523][5530][info ] Entering safepoint region: Cleanup
[2025-10-02T08:57:52.141+0000][45771.127s][5523][5530][info ] Leaving safepoint region
[2025-10-02T08:57:52.141+0000][45771.127s][5523][5530][info ] Total time for which application threads were stopped: 0.0001366 seconds, Stopping threads took: 0.0000251 seconds
[2025-10-02T08:57:53.134+0000][45772.120s][5523][5529][trace] CMS: promo attempt is safe: available(757274488) >= av_promo(11044653), max_promo(6399464)
[2025-10-02T08:57:53.141+0000][45772.127s][5523][5530][info ] Application time: 1.0000748 seconds
[2025-10-02T08:57:53.141+0000][45772.127s][5523][5530][info ] Entering safepoint region: Cleanup
[2025-10-02T08:57:53.141+0000][45772.127s][5523][5530][info ] Leaving safepoint region
[2025-10-02T08:57:53.141+0000][45772.127s][5523][5530][info ] Total time for which application threads were stopped: 0.0001414 seconds, Stopping threads took: 0.0000241 seconds
[2025-10-02T08:57:54.141+0000][45773.128s][5523][5530][info ] Application time: 1.0000709 seconds
[2025-10-02T08:57:54.141+0000][45773.128s][5523][5530][info ] Entering safepoint region: Cleanup
[2025-10-02T08:57:54.141+0000][45773.128s][5523][5530][info ] Leaving safepoint region
[2025-10-02T08:57:54.141+0000][45773.128s][5523][5530][info ] Total time for which application threads were stopped: 0.0001330 seconds, Stopping threads took: 0.0000251 seconds
[2025-10-02T08:57:55.142+0000][45774.128s][5523][5530][info ] Application time: 1.0000956 seconds
[2025-10-02T08:57:55.142+0000][45774.128s][5523][5530][info ] Entering safepoint region: Cleanup
[2025-10-02T08:57:55.142+0000][45774.128s][5523][5530][info ] Leaving safepoint region
[2025-10-02T08:57:55.142+0000][45774.128s][5523][5530][info ] Total time for which application threads were stopped: 0.0001569 seconds, Stopping threads took: 0.0000265 seconds
[2025-10-02T08:57:56.142+0000][45775.128s][5523][5530][info ] Application time: 1.0000991 seconds
[2025-10-02T08:57:56.142+0000][45775.128s][5523][5530][info ] Entering safepoint region: Cleanup
[2025-10-02T08:57:56.142+0000][45775.128s][5523][5530][info ] Leaving safepoint region
[2025-10-02T08:57:56.142+0000][45775.128s][5523][5530][info ] Total time for which application threads were stopped: 0.0001323 seconds, Stopping threads took: 0.0000245 seconds
[2025-10-02T08:57:57.142+0000][45776.128s][5523][5530][info ] Application time: 1.0001156 seconds
[2025-10-02T08:57:57.142+0000][45776.128s][5523][5530][info ] Entering safepoint region: Cleanup
[2025-10-02T08:57:57.142+0000][45776.129s][5523][5530][info ] Leaving safepoint region
[2025-10-02T08:57:57.142+0000][45776.129s][5523][5530][info ] Total time for which application threads were stopped: 0.0001434 seconds, Stopping threads took: 0.0000289 seconds
[2025-10-02T08:57:58.142+0000][45777.129s][5523][5530][info ] Application time: 1.0000950 seconds
[2025-10-02T08:57:58.143+0000][45777.129s][5523][5530][info ] Entering safepoint region: Cleanup
[2025-10-02T08:57:58.144+0000][45777.130s][5523][5530][info ] Leaving safepoint region
[2025-10-02T08:57:58.144+0000][45777.130s][5523][5530][info ] Total time for which application threads were stopped: 0.0011698 seconds, Stopping threads took: 0.0010263 seconds
[2025-10-02T08:57:59.144+0000][45778.130s][5523][5530][info ] Application time: 1.0001119 seconds
[2025-10-02T08:57:59.144+0000][45778.130s][5523][5530][info ] Entering safepoint region: Cleanup
[2025-10-02T08:57:59.144+0000][45778.130s][5523][5530][info ] Leaving safepoint region
[2025-10-02T08:57:59.144+0000][45778.130s][5523][5530][info ] Total time for which application threads were stopped: 0.0001379 seconds, Stopping threads took: 0.0000298 seconds
[2025-10-02T08:58:00.144+0000][45779.130s][5523][5530][info ] Application time: 1.0000965 seconds
[2025-10-02T08:58:00.144+0000][45779.130s][5523][5530][info ] Entering safepoint region: Cleanup
[2025-10-02T08:58:00.144+0000][45779.131s][5523][5530][info ] Leaving safepoint region
[2025-10-02T08:58:00.144+0000][45779.131s][5523][5530][info ] Total time for which application threads were stopped: 0.0001370 seconds, Stopping threads took: 0.0000276 seconds
[2025-10-02T08:58:01.144+0000][45780.131s][5523][5530][info ] Application time: 1.0000801 seconds
[2025-10-02T08:58:01.144+0000][45780.131s][5523][5530][info ] Entering safepoint region: Cleanup
[2025-10-02T08:58:01.145+0000][45780.131s][5523][5530][info ] Leaving safepoint region
[2025-10-02T08:58:01.145+0000][45780.131s][5523][5530][info ] Total time for which application threads were stopped: 0.0001640 seconds, Stopping threads took: 0.0000261 seconds
[2025-10-02T08:58:02.145+0000][45781.131s][5523][5530][info ] Application time: 1.0001025 seconds
[2025-10-02T08:58:02.145+0000][45781.131s][5523][5530][info ] Entering safepoint region: Cleanup
[2025-10-02T08:58:02.145+0000][45781.131s][5523][5530][info ] Leaving safepoint region
[2025-10-02T08:58:02.145+0000][45781.131s][5523][5530][info ] Total time for which application threads were stopped: 0.0001478 seconds, Stopping threads took: 0.0000255 seconds
[2025-10-02T08:58:03.134+0000][45782.120s][5523][5529][trace] CMS: promo attempt is safe: available(757274488) >= av_promo(11044653), max_promo(6404768)
[2025-10-02T08:58:03.145+0000][45782.131s][5523][5530][info ] Application time: 1.0000906 seconds
[2025-10-02T08:58:03.145+0000][45782.131s][5523][5530][info ] Entering safepoint region: Cleanup
[2025-10-02T08:58:03.145+0000][45782.131s][5523][5530][info ] Leaving safepoint region
[2025-10-02T08:58:03.145+0000][45782.131s][5523][5530][info ] Total time for which application threads were stopped: 0.0001308 seconds, Stopping threads took: 0.0000228 seconds
[2025-10-02T08:58:04.145+0000][45783.132s][5523][5530][info ] Application time: 1.0001016 seconds
[2025-10-02T08:58:04.145+0000][45783.132s][5523][5530][info ] Entering safepoint region: Cleanup
[2025-10-02T08:58:04.146+0000][45783.132s][5523][5530][info ] Leaving safepoint region
[2025-10-02T08:58:04.146+0000][45783.132s][5523][5530][info ] Total time for which application threads were stopped: 0.0001596 seconds, Stopping threads took: 0.0000295 seconds
[2025-10-02T08:58:05.146+0000][45784.132s][5523][5530][info ] Application time: 1.0001019 seconds
[2025-10-02T08:58:05.146+0000][45784.132s][5523][5530][info ] Entering safepoint region: Cleanup
[2025-10-02T08:58:05.146+0000][45784.132s][5523][5530][info ] Leaving safepoint region
[2025-10-02T08:58:05.146+0000][45784.132s][5523][5530][info ] Total time for which application threads were stopped: 0.0001441 seconds, Stopping threads took: 0.0000326 seconds
[2025-10-02T08:58:06.146+0000][45785.132s][5523][5530][info ] Application time: 1.0000950 seconds
[2025-10-02T08:58:06.146+0000][45785.132s][5523][5530][info ] Entering safepoint region: Cleanup
[2025-10-02T08:58:06.146+0000][45785.132s][5523][5530][info ] Leaving safepoint region
[2025-10-02T08:58:06.146+0000][45785.132s][5523][5530][info ] Total time for which application threads were stopped: 0.0001390 seconds, Stopping threads took: 0.0000267 seconds
[2025-10-02T08:58:07.146+0000][45786.132s][5523][5530][info ] Application time: 1.0001041 seconds
[2025-10-02T08:58:07.146+0000][45786.133s][5523][5530][info ] Entering safepoint region: Cleanup
[2025-10-02T08:58:07.146+0000][45786.133s][5523][5530][info ] Leaving safepoint region
[2025-10-02T08:58:07.146+0000][45786.133s][5523][5530][info ] Total time for which application threads were stopped: 0.0001413 seconds, Stopping threads took: 0.0000239 seconds
[2025-10-02T08:58:08.147+0000][45787.133s][5523][5530][info ] Application time: 1.0001024 seconds
[2025-10-02T08:58:08.147+0000][45787.133s][5523][5530][info ] Entering safepoint region: Cleanup
[2025-10-02T08:58:08.148+0000][45787.134s][5523][5530][info ] Leaving safepoint region
[2025-10-02T08:58:08.148+0000][45787.134s][5523][5530][info ] Total time for which application threads were stopped: 0.0013092 seconds, Stopping threads took: 0.0011793 seconds
[2025-10-02T08:58:09.148+0000][45788.134s][5523][5530][info ] Application time: 1.0000832 seconds
[2025-10-02T08:58:09.148+0000][45788.134s][5523][5530][info ] Entering safepoint region: Cleanup
[2025-10-02T08:58:09.148+0000][45788.134s][5523][5530][info ] Leaving safepoint region
[2025-10-02T08:58:09.148+0000][45788.134s][5523][5530][info ] Total time for which application threads were stopped: 0.0001390 seconds, Stopping threads took: 0.0000273 seconds
[2025-10-02T08:58:10.148+0000][45789.134s][5523][5530][info ] Application time: 1.0000843 seconds
[2025-10-02T08:58:10.148+0000][45789.135s][5523][5530][info ] Entering safepoint region: Cleanup
[2025-10-02T08:58:10.148+0000][45789.135s][5523][5530][info ] Leaving safepoint region
[2025-10-02T08:58:10.148+0000][45789.135s][5523][5530][info ] Total time for which application threads were stopped: 0.0001369 seconds, Stopping threads took: 0.0000243 seconds
[2025-10-02T08:58:11.149+0000][45790.135s][5523][5530][info ] Application time: 1.0000932 seconds
[2025-10-02T08:58:11.149+0000][45790.135s][5523][5530][info ] Entering safepoint region: Cleanup
[2025-10-02T08:58:11.149+0000][45790.135s][5523][5530][info ] Leaving safepoint region
[2025-10-02T08:58:11.149+0000][45790.135s][5523][5530][info ] Total time for which application threads were stopped: 0.0001328 seconds, Stopping threads took: 0.0000235 seconds
[2025-10-02T08:58:12.149+0000][45791.135s][5523][5530][info ] Application time: 1.0001079 seconds
[2025-10-02T08:58:12.149+0000][45791.135s][5523][5530][info ] Entering safepoint region: Cleanup
[2025-10-02T08:58:12.149+0000][45791.135s][5523][5530][info ] Leaving safepoint region
[2025-10-02T08:58:12.149+0000][45791.135s][5523][5530][info ] Total time for which application threads were stopped: 0.0001347 seconds, Stopping threads took: 0.0000275 seconds
[2025-10-02T08:58:13.134+0000][45792.120s][5523][5529][trace] CMS: promo attempt is safe: available(757274488) >= av_promo(11044653), max_promo(6692256)
[2025-10-02T08:58:13.149+0000][45792.135s][5523][5530][info ] Application time: 1.0000941 seconds
[2025-10-02T08:58:13.149+0000][45792.135s][5523][5530][info ] Entering safepoint region: Cleanup
[2025-10-02T08:58:13.149+0000][45792.136s][5523][5530][info ] Leaving safepoint region
[2025-10-02T08:58:13.149+0000][45792.136s][5523][5530][info ] Total time for which application threads were stopped: 0.0001388 seconds, Stopping threads took: 0.0000249 seconds
[2025-10-02T08:58:14.149+0000][45793.136s][5523][5530][info ] Application time: 1.0001047 seconds
[2025-10-02T08:58:14.149+0000][45793.136s][5523][5530][info ] Entering safepoint region: Cleanup
[2025-10-02T08:58:14.150+0000][45793.136s][5523][5530][info ] Leaving safepoint region
[2025-10-02T08:58:14.150+0000][45793.136s][5523][5530][info ] Total time for which application threads were stopped: 0.0001621 seconds, Stopping threads took: 0.0000269 seconds
[2025-10-02T08:58:15.150+0000][45794.136s][5523][5530][info ] Application time: 1.0001026 seconds
[2025-10-02T08:58:15.150+0000][45794.136s][5523][5530][info ] Entering safepoint region: Cleanup
[2025-10-02T08:58:15.150+0000][45794.136s][5523][5530][info ] Leaving safepoint region
[2025-10-02T08:58:15.150+0000][45794.136s][5523][5530][info ] Total time for which application threads were stopped: 0.0001419 seconds, Stopping threads took: 0.0000244 seconds
[2025-10-02T08:58:16.150+0000][45795.136s][5523][5530][info ] Application time: 1.0001074 seconds
[2025-10-02T08:58:16.150+0000][45795.136s][5523][5530][info ] Entering safepoint region: Cleanup
[2025-10-02T08:58:16.150+0000][45795.136s][5523][5530][info ] Leaving safepoint region
[2025-10-02T08:58:16.150+0000][45795.136s][5523][5530][info ] Total time for which application threads were stopped: 0.0001342 seconds, Stopping threads took: 0.0000255 seconds
[2025-10-02T08:58:17.150+0000][45796.137s][5523][5530][info ] Application time: 1.0001046 seconds
[2025-10-02T08:58:17.150+0000][45796.137s][5523][5530][info ] Entering safepoint region: Cleanup
[2025-10-02T08:58:17.151+0000][45796.137s][5523][5530][info ] Leaving safepoint region
[2025-10-02T08:58:17.151+0000][45796.137s][5523][5530][info ] Total time for which application threads were stopped: 0.0001585 seconds, Stopping threads took: 0.0000252 seconds
[2025-10-02T08:58:18.151+0000][45797.137s][5523][5530][info ] Application time: 1.0000929 seconds
[2025-10-02T08:58:18.151+0000][45797.137s][5523][5530][info ] Entering safepoint region: Cleanup
[2025-10-02T08:58:18.151+0000][45797.137s][5523][5530][info ] Leaving safepoint region
[2025-10-02T08:58:18.151+0000][45797.137s][5523][5530][info ] Total time for which application threads were stopped: 0.0001329 seconds, Stopping threads took: 0.0000251 seconds
[2025-10-02T08:58:19.151+0000][45798.137s][5523][5530][info ] Application time: 1.0000978 seconds
[2025-10-02T08:58:19.151+0000][45798.137s][5523][5530][info ] Entering safepoint region: Cleanup
[2025-10-02T08:58:19.151+0000][45798.137s][5523][5530][info ] Leaving safepoint region
[2025-10-02T08:58:19.151+0000][45798.137s][5523][5530][info ] Total time for which application threads were stopped: 0.0002163 seconds, Stopping threads took: 0.0000905 seconds
[2025-10-02T08:58:20.151+0000][45799.138s][5523][5530][info ] Application time: 1.0001016 seconds
[2025-10-02T08:58:20.151+0000][45799.138s][5523][5530][info ] Entering safepoint region: Cleanup
[2025-10-02T08:58:20.152+0000][45799.138s][5523][5530][info ] Leaving safepoint region
[2025-10-02T08:58:20.152+0000][45799.138s][5523][5530][info ] Total time for which application threads were stopped: 0.0001614 seconds, Stopping threads took: 0.0000235 seconds
[2025-10-02T08:58:21.152+0000][45800.138s][5523][5530][info ] Application time: 1.0001007 seconds
[2025-10-02T08:58:21.152+0000][45800.138s][5523][5530][info ] Entering safepoint region: Cleanup
[2025-10-02T08:58:21.152+0000][45800.138s][5523][5530][info ] Leaving safepoint region
[2025-10-02T08:58:21.152+0000][45800.138s][5523][5530][info ] Total time for which application threads were stopped: 0.0001363 seconds, Stopping threads took: 0.0000240 seconds
[2025-10-02T08:58:22.152+0000][45801.138s][5523][5530][info ] Application time: 1.0000909 seconds
[2025-10-02T08:58:22.152+0000][45801.138s][5523][5530][info ] Entering safepoint region: Cleanup
[2025-10-02T08:58:22.152+0000][45801.138s][5523][5530][info ] Leaving safepoint region
[2025-10-02T08:58:22.152+0000][45801.138s][5523][5530][info ] Total time for which application threads were stopped: 0.0001388 seconds, Stopping threads took: 0.0000281 seconds
[2025-10-02T08:58:23.134+0000][45802.120s][5523][5529][trace] CMS: promo attempt is safe: available(757274488) >= av_promo(11044653), max_promo(7418800)
[2025-10-02T08:58:23.152+0000][45802.138s][5523][5530][info ] Application time: 1.0000686 seconds
[2025-10-02T08:58:23.152+0000][45802.138s][5523][5530][info ] Entering safepoint region: Cleanup
[2025-10-02T08:58:23.152+0000][45802.139s][5523][5530][info ] Leaving safepoint region
[2025-10-02T08:58:23.152+0000][45802.139s][5523][5530][info ] Total time for which application threads were stopped: 0.0001352 seconds, Stopping threads took: 0.0000250 seconds
[2025-10-02T08:58:24.152+0000][45803.139s][5523][5530][info ] Application time: 1.0000979 seconds
[2025-10-02T08:58:24.153+0000][45803.139s][5523][5530][info ] Entering safepoint region: Cleanup
[2025-10-02T08:58:24.153+0000][45803.139s][5523][5530][info ] Leaving safepoint region
[2025-10-02T08:58:24.153+0000][45803.139s][5523][5530][info ] Total time for which application threads were stopped: 0.0001334 seconds, Stopping threads took: 0.0000261 seconds
[2025-10-02T08:58:25.153+0000][45804.139s][5523][5530][info ] Application time: 1.0000940 seconds
[2025-10-02T08:58:25.153+0000][45804.139s][5523][5530][info ] Entering safepoint region: Cleanup
[2025-10-02T08:58:25.153+0000][45804.139s][5523][5530][info ] Leaving safepoint region
[2025-10-02T08:58:25.153+0000][45804.139s][5523][5530][info ] Total time for which application threads were stopped: 0.0001526 seconds, Stopping threads took: 0.0000248 seconds
[2025-10-02T08:58:26.153+0000][45805.139s][5523][5530][info ] Application time: 1.0000791 seconds
[2025-10-02T08:58:26.153+0000][45805.139s][5523][5530][info ] Entering safepoint region: Cleanup
[2025-10-02T08:58:26.153+0000][45805.139s][5523][5530][info ] Leaving safepoint region
[2025-10-02T08:58:26.153+0000][45805.139s][5523][5530][info ] Total time for which application threads were stopped: 0.0001335 seconds, Stopping threads took: 0.0000261 seconds
[2025-10-02T08:58:27.153+0000][45806.140s][5523][5530][info ] Application time: 1.0000822 seconds
[2025-10-02T08:58:27.153+0000][45806.140s][5523][5530][info ] Entering safepoint region: Cleanup
[2025-10-02T08:58:27.153+0000][45806.140s][5523][5530][info ] Leaving safepoint region
[2025-10-02T08:58:27.153+0000][45806.140s][5523][5530][info ] Total time for which application threads were stopped: 0.0001292 seconds, Stopping threads took: 0.0000241 seconds
[2025-10-02T08:58:28.154+0000][45807.140s][5523][5530][info ] Application time: 1.0001008 seconds
[2025-10-02T08:58:28.154+0000][45807.140s][5523][5530][info ] Entering safepoint region: Cleanup
[2025-10-02T08:58:28.155+0000][45807.141s][5523][5530][info ] Leaving safepoint region
[2025-10-02T08:58:28.155+0000][45807.141s][5523][5530][info ] Total time for which application threads were stopped: 0.0014627 seconds, Stopping threads took: 0.0012492 seconds
[2025-10-02T08:58:29.155+0000][45808.141s][5523][5530][info ] Application time: 1.0001101 seconds
[2025-10-02T08:58:29.155+0000][45808.142s][5523][5530][info ] Entering safepoint region: Cleanup
[2025-10-02T08:58:29.155+0000][45808.142s][5523][5530][info ] Leaving safepoint region
[2025-10-02T08:58:29.155+0000][45808.142s][5523][5530][info ] Total time for which application threads were stopped: 0.0001475 seconds, Stopping threads took: 0.0000261 seconds
[2025-10-02T08:58:30.156+0000][45809.142s][5523][5530][info ] Application time: 1.0001064 seconds
[2025-10-02T08:58:30.156+0000][45809.142s][5523][5530][info ] Entering safepoint region: Cleanup
[2025-10-02T08:58:30.156+0000][45809.142s][5523][5530][info ] Leaving safepoint region
[2025-10-02T08:58:30.156+0000][45809.142s][5523][5530][info ] Total time for which application threads were stopped: 0.0001362 seconds, Stopping threads took: 0.0000250 seconds
[2025-10-02T08:58:31.156+0000][45810.142s][5523][5530][info ] Application time: 1.0001031 seconds
[2025-10-02T08:58:31.156+0000][45810.142s][5523][5530][info ] Entering safepoint region: Cleanup
[2025-10-02T08:58:31.156+0000][45810.142s][5523][5530][info ] Leaving safepoint region
[2025-10-02T08:58:31.156+0000][45810.142s][5523][5530][info ] Total time for which application threads were stopped: 0.0001434 seconds, Stopping threads took: 0.0000268 seconds
[2025-10-02T08:58:32.156+0000][45811.142s][5523][5530][info ] Application time: 1.0001038 seconds
[2025-10-02T08:58:32.156+0000][45811.142s][5523][5530][info ] Entering safepoint region: Cleanup
[2025-10-02T08:58:32.156+0000][45811.143s][5523][5530][info ] Leaving safepoint region
[2025-10-02T08:58:32.156+0000][45811.143s][5523][5530][info ] Total time for which application threads were stopped: 0.0001401 seconds, Stopping threads took: 0.0000282 seconds
[2025-10-02T08:58:33.134+0000][45812.120s][5523][5529][trace] CMS: promo attempt is safe: available(757274488) >= av_promo(11044653), max_promo(8600640)
[2025-10-02T08:58:33.156+0000][45812.143s][5523][5530][info ] Application time: 1.0001013 seconds
[2025-10-02T08:58:33.157+0000][45812.143s][5523][5530][info ] Entering safepoint region: Cleanup
[2025-10-02T08:58:33.157+0000][45812.143s][5523][5530][info ] Leaving safepoint region
[2025-10-02T08:58:33.157+0000][45812.143s][5523][5530][info ] Total time for which application threads were stopped: 0.0001401 seconds, Stopping threads took: 0.0000265 seconds
[2025-10-02T08:58:34.157+0000][45813.143s][5523][5530][info ] Application time: 1.0000982 seconds
[2025-10-02T08:58:34.157+0000][45813.143s][5523][5530][info ] Entering safepoint region: Cleanup
[2025-10-02T08:58:34.157+0000][45813.143s][5523][5530][info ] Leaving safepoint region
[2025-10-02T08:58:34.157+0000][45813.143s][5523][5530][info ] Total time for which application threads were stopped: 0.0001344 seconds, Stopping threads took: 0.0000250 seconds
[2025-10-02T08:58:35.157+0000][45814.143s][5523][5530][info ] Application time: 1.0001077 seconds
[2025-10-02T08:58:35.157+0000][45814.143s][5523][5530][info ] Entering safepoint region: Cleanup
[2025-10-02T08:58:35.157+0000][45814.143s][5523][5530][info ] Leaving safepoint region
[2025-10-02T08:58:35.157+0000][45814.143s][5523][5530][info ] Total time for which application threads were stopped: 0.0001355 seconds, Stopping threads took: 0.0000229 seconds
[2025-10-02T08:58:36.157+0000][45815.144s][5523][5530][info ] Application time: 1.0000997 seconds
[2025-10-02T08:58:36.157+0000][45815.144s][5523][5530][info ] Entering safepoint region: Cleanup
[2025-10-02T08:58:36.158+0000][45815.144s][5523][5530][info ] Leaving safepoint region
[2025-10-02T08:58:36.158+0000][45815.144s][5523][5530][info ] Total time for which application threads were stopped: 0.0001521 seconds, Stopping threads took: 0.0000249 seconds
[2025-10-02T08:58:37.158+0000][45816.144s][5523][5530][info ] Application time: 1.0000427 seconds
[2025-10-02T08:58:37.158+0000][45816.144s][5523][5530][info ] Entering safepoint region: Cleanup
[2025-10-02T08:58:37.158+0000][45816.144s][5523][5530][info ] Leaving safepoint region
[2025-10-02T08:58:37.158+0000][45816.144s][5523][5530][info ] Total time for which application threads were stopped: 0.0001423 seconds, Stopping threads took: 0.0000252 seconds
[2025-10-02T08:58:38.158+0000][45817.144s][5523][5530][info ] Application time: 1.0001099 seconds
[2025-10-02T08:58:38.158+0000][45817.144s][5523][5530][info ] Entering safepoint region: Cleanup
[2025-10-02T08:58:38.158+0000][45817.144s][5523][5530][info ] Leaving safepoint region
[2025-10-02T08:58:38.158+0000][45817.144s][5523][5530][info ] Total time for which application threads were stopped: 0.0001631 seconds, Stopping threads took: 0.0000283 seconds
[2025-10-02T08:58:39.158+0000][45818.144s][5523][5530][info ] Application time: 1.0000904 seconds
[2025-10-02T08:58:39.158+0000][45818.145s][5523][5530][info ] Entering safepoint region: Cleanup
[2025-10-02T08:58:39.158+0000][45818.145s][5523][5530][info ] Leaving safepoint region
[2025-10-02T08:58:39.158+0000][45818.145s][5523][5530][info ] Total time for which application threads were stopped: 0.0001572 seconds, Stopping threads took: 0.0000235 seconds
[2025-10-02T08:58:40.159+0000][45819.145s][5523][5530][info ] Application time: 1.0001022 seconds
[2025-10-02T08:58:40.159+0000][45819.145s][5523][5530][info ] Entering safepoint region: Cleanup
[2025-10-02T08:58:40.159+0000][45819.145s][5523][5530][info ] Leaving safepoint region
[2025-10-02T08:58:40.159+0000][45819.145s][5523][5530][info ] Total time for which application threads were stopped: 0.0001420 seconds, Stopping threads took: 0.0000254 seconds
[2025-10-02T08:58:41.159+0000][45820.145s][5523][5530][info ] Application time: 1.0001015 seconds
[2025-10-02T08:58:41.159+0000][45820.145s][5523][5530][info ] Entering safepoint region: Cleanup
[2025-10-02T08:58:41.159+0000][45820.145s][5523][5530][info ] Leaving safepoint region
[2025-10-02T08:58:41.159+0000][45820.145s][5523][5530][info ] Total time for which application threads were stopped: 0.0002215 seconds, Stopping threads took: 0.0000258 seconds
[2025-10-02T08:58:42.159+0000][45821.145s][5523][5530][info ] Application time: 1.0001072 seconds
[2025-10-02T08:58:42.159+0000][45821.146s][5523][5530][info ] Entering safepoint region: Cleanup
[2025-10-02T08:58:42.159+0000][45821.146s][5523][5530][info ] Leaving safepoint region
[2025-10-02T08:58:42.159+0000][45821.146s][5523][5530][info ] Total time for which application threads were stopped: 0.0001450 seconds, Stopping threads took: 0.0000324 seconds
[2025-10-02T08:58:43.134+0000][45822.120s][5523][5529][trace] CMS: promo attempt is safe: available(757274488) >= av_promo(11044653), max_promo(8603296)
[2025-10-02T08:58:43.160+0000][45822.146s][5523][5530][info ] Application time: 1.0000990 seconds
[2025-10-02T08:58:43.160+0000][45822.146s][5523][5530][info ] Entering safepoint region: Cleanup
[2025-10-02T08:58:43.160+0000][45822.146s][5523][5530][info ] Leaving safepoint region
[2025-10-02T08:58:43.160+0000][45822.146s][5523][5530][info ] Total time for which application threads were stopped: 0.0001312 seconds, Stopping threads took: 0.0000219 seconds
[2025-10-02T08:58:44.160+0000][45823.146s][5523][5530][info ] Application time: 1.0000954 seconds
[2025-10-02T08:58:44.160+0000][45823.146s][5523][5530][info ] Entering safepoint region: Cleanup
[2025-10-02T08:58:44.160+0000][45823.146s][5523][5530][info ] Leaving safepoint region
[2025-10-02T08:58:44.160+0000][45823.146s][5523][5530][info ] Total time for which application threads were stopped: 0.0001381 seconds, Stopping threads took: 0.0000289 seconds
[2025-10-02T08:58:45.160+0000][45824.146s][5523][5530][info ] Application time: 1.0000997 seconds
[2025-10-02T08:58:45.160+0000][45824.146s][5523][5530][info ] Entering safepoint region: Cleanup
[2025-10-02T08:58:45.160+0000][45824.147s][5523][5530][info ] Leaving safepoint region
[2025-10-02T08:58:45.160+0000][45824.147s][5523][5530][info ] Total time for which application threads were stopped: 0.0001352 seconds, Stopping threads took: 0.0000255 seconds
[2025-10-02T08:58:46.160+0000][45825.147s][5523][5530][info ] Application time: 1.0001102 seconds
[2025-10-02T08:58:46.161+0000][45825.147s][5523][5530][info ] Entering safepoint region: Cleanup
[2025-10-02T08:58:46.161+0000][45825.147s][5523][5530][info ] Leaving safepoint region
[2025-10-02T08:58:46.161+0000][45825.147s][5523][5530][info ] Total time for which application threads were stopped: 0.0001548 seconds, Stopping threads took: 0.0000432 seconds
[2025-10-02T08:58:47.161+0000][45826.147s][5523][5530][info ] Application time: 1.0001050 seconds
[2025-10-02T08:58:47.161+0000][45826.147s][5523][5530][info ] Entering safepoint region: Cleanup
[2025-10-02T08:58:47.161+0000][45826.147s][5523][5530][info ] Leaving safepoint region
[2025-10-02T08:58:47.161+0000][45826.147s][5523][5530][info ] Total time for which application threads were stopped: 0.0001451 seconds, Stopping threads took: 0.0000263 seconds
[2025-10-02T08:58:48.161+0000][45827.147s][5523][5530][info ] Application time: 1.0000864 seconds
[2025-10-02T08:58:48.161+0000][45827.147s][5523][5530][info ] Entering safepoint region: Cleanup
[2025-10-02T08:58:48.161+0000][45827.147s][5523][5530][info ] Leaving safepoint region
[2025-10-02T08:58:48.161+0000][45827.147s][5523][5530][info ] Total time for which application threads were stopped: 0.0001381 seconds, Stopping threads took: 0.0000303 seconds
[2025-10-02T08:58:49.161+0000][45828.148s][5523][5530][info ] Application time: 1.0000974 seconds
[2025-10-02T08:58:49.161+0000][45828.148s][5523][5530][info ] Entering safepoint region: Cleanup
[2025-10-02T08:58:49.162+0000][45828.148s][5523][5530][info ] Leaving safepoint region
[2025-10-02T08:58:49.162+0000][45828.148s][5523][5530][info ] Total time for which application threads were stopped: 0.0001779 seconds, Stopping threads took: 0.0000284 seconds
[2025-10-02T08:58:50.162+0000][45829.148s][5523][5530][info ] Application time: 1.0000875 seconds
[2025-10-02T08:58:50.162+0000][45829.148s][5523][5530][info ] Entering safepoint region: Cleanup
[2025-10-02T08:58:50.162+0000][45829.148s][5523][5530][info ] Leaving safepoint region
[2025-10-02T08:58:50.162+0000][45829.148s][5523][5530][info ] Total time for which application threads were stopped: 0.0001349 seconds, Stopping threads took: 0.0000266 seconds
[2025-10-02T08:58:51.162+0000][45830.148s][5523][5530][info ] Application time: 1.0001036 seconds
[2025-10-02T08:58:51.162+0000][45830.148s][5523][5530][info ] Entering safepoint region: Cleanup
[2025-10-02T08:58:51.162+0000][45830.148s][5523][5530][info ] Leaving safepoint region
[2025-10-02T08:58:51.162+0000][45830.148s][5523][5530][info ] Total time for which application threads were stopped: 0.0001538 seconds, Stopping threads took: 0.0000262 seconds
[2025-10-02T08:58:52.162+0000][45831.148s][5523][5530][info ] Application time: 1.0000867 seconds
[2025-10-02T08:58:52.162+0000][45831.149s][5523][5530][info ] Entering safepoint region: Cleanup
[2025-10-02T08:58:52.162+0000][45831.149s][5523][5530][info ] Leaving safepoint region
[2025-10-02T08:58:52.162+0000][45831.149s][5523][5530][info ] Total time for which application threads were stopped: 0.0001349 seconds, Stopping threads took: 0.0000261 seconds
[2025-10-02T08:58:53.134+0000][45832.120s][5523][5529][trace] CMS: promo attempt is safe: available(757274488) >= av_promo(11044653), max_promo(8756216)
[2025-10-02T08:58:53.163+0000][45832.149s][5523][5530][info ] Application time: 1.0000914 seconds
[2025-10-02T08:58:53.163+0000][45832.149s][5523][5530][info ] Entering safepoint region: Cleanup
[2025-10-02T08:58:53.163+0000][45832.149s][5523][5530][info ] Leaving safepoint region
[2025-10-02T08:58:53.163+0000][45832.149s][5523][5530][info ] Total time for which application threads were stopped: 0.0001356 seconds, Stopping threads took: 0.0000236 seconds
[2025-10-02T08:58:54.163+0000][45833.149s][5523][5530][info ] Application time: 1.0000920 seconds
[2025-10-02T08:58:54.163+0000][45833.149s][5523][5530][info ] Entering safepoint region: Cleanup
[2025-10-02T08:58:54.163+0000][45833.149s][5523][5530][info ] Leaving safepoint region
[2025-10-02T08:58:54.163+0000][45833.149s][5523][5530][info ] Total time for which application threads were stopped: 0.0001321 seconds, Stopping threads took: 0.0000240 seconds
[2025-10-02T08:58:55.163+0000][45834.149s][5523][5530][info ] Application time: 1.0001397 seconds
[2025-10-02T08:58:55.163+0000][45834.149s][5523][5530][info ] Entering safepoint region: Cleanup
[2025-10-02T08:58:55.163+0000][45834.150s][5523][5530][info ] Leaving safepoint region
[2025-10-02T08:58:55.163+0000][45834.150s][5523][5530][info ] Total time for which application threads were stopped: 0.0001377 seconds, Stopping threads took: 0.0000262 seconds
[2025-10-02T08:58:56.163+0000][45835.150s][5523][5530][info ] Application time: 1.0000865 seconds
[2025-10-02T08:58:56.164+0000][45835.150s][5523][5530][info ] Entering safepoint region: Cleanup
[2025-10-02T08:58:56.164+0000][45835.150s][5523][5530][info ] Leaving safepoint region
[2025-10-02T08:58:56.164+0000][45835.150s][5523][5530][info ] Total time for which application threads were stopped: 0.0001337 seconds, Stopping threads took: 0.0000248 seconds
[2025-10-02T08:58:57.164+0000][45836.150s][5523][5530][info ] Application time: 1.0001017 seconds
[2025-10-02T08:58:57.164+0000][45836.150s][5523][5530][info ] Entering safepoint region: Cleanup
[2025-10-02T08:58:57.164+0000][45836.150s][5523][5530][info ] Leaving safepoint region
[2025-10-02T08:58:57.164+0000][45836.150s][5523][5530][info ] Total time for which application threads were stopped: 0.0001512 seconds, Stopping threads took: 0.0000266 seconds
[2025-10-02T08:58:58.164+0000][45837.150s][5523][5530][info ] Application time: 1.0000832 seconds
[2025-10-02T08:58:58.164+0000][45837.150s][5523][5530][info ] Entering safepoint region: Cleanup
[2025-10-02T08:58:58.165+0000][45837.152s][5523][5530][info ] Leaving safepoint region
[2025-10-02T08:58:58.165+0000][45837.152s][5523][5530][info ] Total time for which application threads were stopped: 0.0011650 seconds, Stopping threads took: 0.0010307 seconds
[2025-10-02T08:58:59.165+0000][45838.152s][5523][5530][info ] Application time: 1.0001017 seconds
[2025-10-02T08:58:59.166+0000][45838.152s][5523][5530][info ] Entering safepoint region: Cleanup
[2025-10-02T08:58:59.166+0000][45838.152s][5523][5530][info ] Leaving safepoint region
[2025-10-02T08:58:59.166+0000][45838.152s][5523][5530][info ] Total time for which application threads were stopped: 0.0001555 seconds, Stopping threads took: 0.0000458 seconds
[2025-10-02T08:59:00.166+0000][45839.152s][5523][5530][info ] Application time: 1.0000986 seconds
[2025-10-02T08:59:00.166+0000][45839.152s][5523][5530][info ] Entering safepoint region: Cleanup
[2025-10-02T08:59:00.166+0000][45839.152s][5523][5530][info ] Leaving safepoint region
[2025-10-02T08:59:00.166+0000][45839.152s][5523][5530][info ] Total time for which application threads were stopped: 0.0001639 seconds, Stopping threads took: 0.0000471 seconds
[2025-10-02T08:59:01.166+0000][45840.152s][5523][5530][info ] Application time: 1.0001118 seconds
[2025-10-02T08:59:01.166+0000][45840.152s][5523][5530][info ] Entering safepoint region: Cleanup
[2025-10-02T08:59:01.166+0000][45840.152s][5523][5530][info ] Leaving safepoint region
[2025-10-02T08:59:01.166+0000][45840.152s][5523][5530][info ] Total time for which application threads were stopped: 0.0001359 seconds, Stopping threads took: 0.0000262 seconds
[2025-10-02T08:59:02.166+0000][45841.153s][5523][5530][info ] Application time: 1.0001117 seconds
[2025-10-02T08:59:02.166+0000][45841.153s][5523][5530][info ] Entering safepoint region: Cleanup
[2025-10-02T08:59:02.167+0000][45841.153s][5523][5530][info ] Leaving safepoint region
[2025-10-02T08:59:02.167+0000][45841.153s][5523][5530][info ] Total time for which application threads were stopped: 0.0001671 seconds, Stopping threads took: 0.0000280 seconds
[2025-10-02T08:59:03.134+0000][45842.120s][5523][5529][trace] CMS: promo attempt is safe: available(757274488) >= av_promo(11044653), max_promo(9522408)
[2025-10-02T08:59:03.167+0000][45842.153s][5523][5530][info ] Application time: 1.0000815 seconds
[2025-10-02T08:59:03.167+0000][45842.153s][5523][5530][info ] Entering safepoint region: Cleanup
[2025-10-02T08:59:03.167+0000][45842.153s][5523][5530][info ] Leaving safepoint region
[2025-10-02T08:59:03.167+0000][45842.153s][5523][5530][info ] Total time for which application threads were stopped: 0.0001319 seconds, Stopping threads took: 0.0000232 seconds
[2025-10-02T08:59:04.167+0000][45843.153s][5523][5530][info ] Application time: 1.0000783 seconds
[2025-10-02T08:59:04.167+0000][45843.153s][5523][5530][info ] Entering safepoint region: Cleanup
[2025-10-02T08:59:04.167+0000][45843.153s][5523][5530][info ] Leaving safepoint region
[2025-10-02T08:59:04.167+0000][45843.153s][5523][5530][info ] Total time for which application threads were stopped: 0.0001675 seconds, Stopping threads took: 0.0000449 seconds
[2025-10-02T08:59:05.167+0000][45844.154s][5523][5530][info ] Application time: 1.0001025 seconds
[2025-10-02T08:59:05.167+0000][45844.154s][5523][5530][info ] Entering safepoint region: Cleanup
[2025-10-02T08:59:05.167+0000][45844.154s][5523][5530][info ] Leaving safepoint region
[2025-10-02T08:59:05.167+0000][45844.154s][5523][5530][info ] Total time for which application threads were stopped: 0.0001394 seconds, Stopping threads took: 0.0000262 seconds
[2025-10-02T08:59:06.168+0000][45845.154s][5523][5530][info ] Application time: 1.0000630 seconds
[2025-10-02T08:59:06.168+0000][45845.154s][5523][5530][info ] Entering safepoint region: Cleanup
[2025-10-02T08:59:06.168+0000][45845.154s][5523][5530][info ] Leaving safepoint region
[2025-10-02T08:59:06.168+0000][45845.154s][5523][5530][info ] Total time for which application threads were stopped: 0.0001432 seconds, Stopping threads took: 0.0000296 seconds
[2025-10-02T08:59:07.168+0000][45846.154s][5523][5530][info ] Application time: 1.0001083 seconds
[2025-10-02T08:59:07.168+0000][45846.154s][5523][5530][info ] Entering safepoint region: Cleanup
[2025-10-02T08:59:07.168+0000][45846.154s][5523][5530][info ] Leaving safepoint region
[2025-10-02T08:59:07.168+0000][45846.154s][5523][5530][info ] Total time for which application threads were stopped: 0.0001390 seconds, Stopping threads took: 0.0000265 seconds
[2025-10-02T08:59:08.168+0000][45847.154s][5523][5530][info ] Application time: 1.0001007 seconds
[2025-10-02T08:59:08.168+0000][45847.154s][5523][5530][info ] Entering safepoint region: Cleanup
[2025-10-02T08:59:08.169+0000][45847.156s][5523][5530][info ] Leaving safepoint region
[2025-10-02T08:59:08.169+0000][45847.156s][5523][5530][info ] Total time for which application threads were stopped: 0.0012044 seconds, Stopping threads took: 0.0010696 seconds
[2025-10-02T08:59:09.170+0000][45848.156s][5523][5530][info ] Application time: 1.0001116 seconds
[2025-10-02T08:59:09.170+0000][45848.156s][5523][5530][info ] Entering safepoint region: Cleanup
[2025-10-02T08:59:09.170+0000][45848.156s][5523][5530][info ] Leaving safepoint region
[2025-10-02T08:59:09.170+0000][45848.156s][5523][5530][info ] Total time for which application threads were stopped: 0.0001366 seconds, Stopping threads took: 0.0000249 seconds
[2025-10-02T08:59:10.170+0000][45849.156s][5523][5530][info ] Application time: 1.0001048 seconds
[2025-10-02T08:59:10.170+0000][45849.156s][5523][5530][info ] Entering safepoint region: Cleanup
[2025-10-02T08:59:10.170+0000][45849.156s][5523][5530][info ] Leaving safepoint region
[2025-10-02T08:59:10.170+0000][45849.156s][5523][5530][info ] Total time for which application threads were stopped: 0.0001314 seconds, Stopping threads took: 0.0000241 seconds
[2025-10-02T08:59:11.170+0000][45850.156s][5523][5530][info ] Application time: 1.0001096 seconds
[2025-10-02T08:59:11.170+0000][45850.156s][5523][5530][info ] Entering safepoint region: Cleanup
[2025-10-02T08:59:11.170+0000][45850.157s][5523][5530][info ] Leaving safepoint region
[2025-10-02T08:59:11.170+0000][45850.157s][5523][5530][info ] Total time for which application threads were stopped: 0.0001408 seconds, Stopping threads took: 0.0000275 seconds
[2025-10-02T08:59:12.170+0000][45851.157s][5523][5530][info ] Application time: 1.0001030 seconds
[2025-10-02T08:59:12.171+0000][45851.157s][5523][5530][info ] Entering safepoint region: Cleanup
[2025-10-02T08:59:12.171+0000][45851.157s][5523][5530][info ] Leaving safepoint region
[2025-10-02T08:59:12.171+0000][45851.157s][5523][5530][info ] Total time for which application threads were stopped: 0.0001442 seconds, Stopping threads took: 0.0000275 seconds
[2025-10-02T08:59:13.134+0000][45852.120s][5523][5529][trace] CMS: promo attempt is safe: available(757274488) >= av_promo(11044653), max_promo(9749968)
[2025-10-02T08:59:13.171+0000][45852.157s][5523][5530][info ] Application time: 1.0001014 seconds
[2025-10-02T08:59:13.171+0000][45852.157s][5523][5530][info ] Entering safepoint region: Cleanup
[2025-10-02T08:59:13.171+0000][45852.157s][5523][5530][info ] Leaving safepoint region
[2025-10-02T08:59:13.171+0000][45852.157s][5523][5530][info ] Total time for which application threads were stopped: 0.0001372 seconds, Stopping threads took: 0.0000259 seconds
[2025-10-02T08:59:14.171+0000][45853.157s][5523][5530][info ] Application time: 1.0002102 seconds
[2025-10-02T08:59:14.171+0000][45853.157s][5523][5530][info ] Entering safepoint region: Cleanup
[2025-10-02T08:59:14.171+0000][45853.158s][5523][5530][info ] Leaving safepoint region
[2025-10-02T08:59:14.171+0000][45853.158s][5523][5530][info ] Total time for which application threads were stopped: 0.0001372 seconds, Stopping threads took: 0.0000244 seconds
[2025-10-02T08:59:15.171+0000][45854.158s][5523][5530][info ] Application time: 1.0001066 seconds
[2025-10-02T08:59:15.172+0000][45854.158s][5523][5530][info ] Entering safepoint region: Cleanup
[2025-10-02T08:59:15.172+0000][45854.158s][5523][5530][info ] Leaving safepoint region
[2025-10-02T08:59:15.172+0000][45854.158s][5523][5530][info ] Total time for which application threads were stopped: 0.0001404 seconds, Stopping threads took: 0.0000268 seconds
[2025-10-02T08:59:16.172+0000][45855.158s][5523][5530][info ] Application time: 1.0001393 seconds
[2025-10-02T08:59:16.172+0000][45855.158s][5523][5530][info ] Entering safepoint region: Cleanup
[2025-10-02T08:59:16.172+0000][45855.158s][5523][5530][info ] Leaving safepoint region
[2025-10-02T08:59:16.172+0000][45855.158s][5523][5530][info ] Total time for which application threads were stopped: 0.0001457 seconds, Stopping threads took: 0.0000287 seconds
[2025-10-02T08:59:17.172+0000][45856.158s][5523][5530][info ] Application time: 1.0001023 seconds
[2025-10-02T08:59:17.172+0000][45856.158s][5523][5530][info ] Entering safepoint region: Cleanup
[2025-10-02T08:59:17.172+0000][45856.159s][5523][5530][info ] Leaving safepoint region
[2025-10-02T08:59:17.172+0000][45856.159s][5523][5530][info ] Total time for which application threads were stopped: 0.0001541 seconds, Stopping threads took: 0.0000273 seconds
[2025-10-02T08:59:18.172+0000][45857.159s][5523][5530][info ] Application time: 1.0001002 seconds
[2025-10-02T08:59:18.173+0000][45857.159s][5523][5530][info ] Entering safepoint region: Cleanup
[2025-10-02T08:59:18.174+0000][45857.160s][5523][5530][info ] Leaving safepoint region
[2025-10-02T08:59:18.174+0000][45857.160s][5523][5530][info ] Total time for which application threads were stopped: 0.0011640 seconds, Stopping threads took: 0.0010410 seconds
[2025-10-02T08:59:19.174+0000][45858.160s][5523][5530][info ] Application time: 1.0001060 seconds
[2025-10-02T08:59:19.174+0000][45858.160s][5523][5530][info ] Entering safepoint region: Cleanup
[2025-10-02T08:59:19.174+0000][45858.160s][5523][5530][info ] Leaving safepoint region
[2025-10-02T08:59:19.174+0000][45858.160s][5523][5530][info ] Total time for which application threads were stopped: 0.0001857 seconds, Stopping threads took: 0.0000724 seconds
[2025-10-02T08:59:20.174+0000][45859.160s][5523][5530][info ] Application time: 1.0001023 seconds
[2025-10-02T08:59:20.174+0000][45859.160s][5523][5530][info ] Entering safepoint region: Cleanup
[2025-10-02T08:59:20.174+0000][45859.161s][5523][5530][info ] Leaving safepoint region
[2025-10-02T08:59:20.174+0000][45859.161s][5523][5530][info ] Total time for which application threads were stopped: 0.0001307 seconds, Stopping threads took: 0.0000232 seconds
[2025-10-02T08:59:21.174+0000][45860.161s][5523][5530][info ] Application time: 1.0001056 seconds
[2025-10-02T08:59:21.174+0000][45860.161s][5523][5530][info ] Entering safepoint region: Cleanup
[2025-10-02T08:59:21.175+0000][45860.161s][5523][5530][info ] Leaving safepoint region
[2025-10-02T08:59:21.175+0000][45860.161s][5523][5530][info ] Total time for which application threads were stopped: 0.0001716 seconds, Stopping threads took: 0.0000449 seconds
[2025-10-02T08:59:22.175+0000][45861.161s][5523][5530][info ] Application time: 1.0001031 seconds
[2025-10-02T08:59:22.175+0000][45861.161s][5523][5530][info ] Entering safepoint region: Cleanup
[2025-10-02T08:59:22.175+0000][45861.161s][5523][5530][info ] Leaving safepoint region
[2025-10-02T08:59:22.175+0000][45861.161s][5523][5530][info ] Total time for which application threads were stopped: 0.0001363 seconds, Stopping threads took: 0.0000257 seconds
[2025-10-02T08:59:23.133+0000][45862.119s][5523][5529][trace] CMS: promo attempt is safe: available(757274488) >= av_promo(11044653), max_promo(9749968)
[2025-10-02T08:59:23.175+0000][45862.161s][5523][5530][info ] Application time: 1.0001535 seconds
[2025-10-02T08:59:23.175+0000][45862.161s][5523][5530][info ] Entering safepoint region: Cleanup
[2025-10-02T08:59:23.175+0000][45862.162s][5523][5530][info ] Leaving safepoint region
[2025-10-02T08:59:23.175+0000][45862.162s][5523][5530][info ] Total time for which application threads were stopped: 0.0001386 seconds, Stopping threads took: 0.0000270 seconds
[2025-10-02T08:59:24.175+0000][45863.162s][5523][5530][info ] Application time: 1.0000928 seconds
[2025-10-02T08:59:24.175+0000][45863.162s][5523][5530][info ] Entering safepoint region: Cleanup
[2025-10-02T08:59:24.176+0000][45863.162s][5523][5530][info ] Leaving safepoint region
[2025-10-02T08:59:24.176+0000][45863.162s][5523][5530][info ] Total time for which application threads were stopped: 0.0001732 seconds, Stopping threads took: 0.0000265 seconds
[2025-10-02T08:59:25.176+0000][45864.162s][5523][5530][info ] Application time: 1.0001013 seconds
[2025-10-02T08:59:25.176+0000][45864.162s][5523][5530][info ] Entering safepoint region: Cleanup
[2025-10-02T08:59:25.176+0000][45864.162s][5523][5530][info ] Leaving safepoint region
[2025-10-02T08:59:25.176+0000][45864.162s][5523][5530][info ] Total time for which application threads were stopped: 0.0001345 seconds, Stopping threads took: 0.0000247 seconds
[2025-10-02T08:59:26.176+0000][45865.162s][5523][5530][info ] Application time: 1.0000862 seconds
[2025-10-02T08:59:26.176+0000][45865.162s][5523][5530][info ] Entering safepoint region: Cleanup
[2025-10-02T08:59:26.176+0000][45865.162s][5523][5530][info ] Leaving safepoint region
[2025-10-02T08:59:26.176+0000][45865.162s][5523][5530][info ] Total time for which application threads were stopped: 0.0001326 seconds, Stopping threads took: 0.0000244 seconds
[2025-10-02T08:59:27.176+0000][45866.163s][5523][5530][info ] Application time: 1.0000978 seconds
[2025-10-02T08:59:27.176+0000][45866.163s][5523][5530][info ] Entering safepoint region: Cleanup
[2025-10-02T08:59:27.176+0000][45866.163s][5523][5530][info ] Leaving safepoint region
[2025-10-02T08:59:27.176+0000][45866.163s][5523][5530][info ] Total time for which application threads were stopped: 0.0001397 seconds, Stopping threads took: 0.0000244 seconds
[2025-10-02T08:59:28.177+0000][45867.163s][5523][5530][info ] Application time: 1.0001000 seconds
[2025-10-02T08:59:28.177+0000][45867.163s][5523][5530][info ] Entering safepoint region: Cleanup
[2025-10-02T08:59:28.178+0000][45867.164s][5523][5530][info ] Leaving safepoint region
[2025-10-02T08:59:28.178+0000][45867.164s][5523][5530][info ] Total time for which application threads were stopped: 0.0012153 seconds, Stopping threads took: 0.0010613 seconds
[2025-10-02T08:59:29.178+0000][45868.164s][5523][5530][info ] Application time: 1.0000877 seconds
[2025-10-02T08:59:29.178+0000][45868.164s][5523][5530][info ] Entering safepoint region: Cleanup
[2025-10-02T08:59:29.178+0000][45868.164s][5523][5530][info ] Leaving safepoint region
[2025-10-02T08:59:29.178+0000][45868.164s][5523][5530][info ] Total time for which application threads were stopped: 0.0001384 seconds, Stopping threads took: 0.0000251 seconds
[2025-10-02T08:59:30.178+0000][45869.165s][5523][5530][info ] Application time: 1.0001055 seconds
[2025-10-02T08:59:30.178+0000][45869.165s][5523][5530][info ] Entering safepoint region: Cleanup
[2025-10-02T08:59:30.178+0000][45869.165s][5523][5530][info ] Leaving safepoint region
[2025-10-02T08:59:30.178+0000][45869.165s][5523][5530][info ] Total time for which application threads were stopped: 0.0001370 seconds, Stopping threads took: 0.0000257 seconds
[2025-10-02T08:59:31.179+0000][45870.165s][5523][5530][info ] Application time: 1.0001043 seconds
[2025-10-02T08:59:31.179+0000][45870.165s][5523][5530][info ] Entering safepoint region: Cleanup
[2025-10-02T08:59:31.179+0000][45870.165s][5523][5530][info ] Leaving safepoint region
[2025-10-02T08:59:31.179+0000][45870.165s][5523][5530][info ] Total time for which application threads were stopped: 0.0001413 seconds, Stopping threads took: 0.0000287 seconds
[2025-10-02T08:59:32.179+0000][45871.165s][5523][5530][info ] Application time: 1.0001113 seconds
[2025-10-02T08:59:32.179+0000][45871.165s][5523][5530][info ] Entering safepoint region: Cleanup
[2025-10-02T08:59:32.179+0000][45871.165s][5523][5530][info ] Leaving safepoint region
[2025-10-02T08:59:32.179+0000][45871.165s][5523][5530][info ] Total time for which application threads were stopped: 0.0001629 seconds, Stopping threads took: 0.0000271 seconds
[2025-10-02T08:59:33.133+0000][45872.119s][5523][5529][trace] CMS: promo attempt is safe: available(757274488) >= av_promo(11044653), max_promo(10896864)
[2025-10-02T08:59:33.179+0000][45872.165s][5523][5530][info ] Application time: 1.0001004 seconds
[2025-10-02T08:59:33.179+0000][45872.165s][5523][5530][info ] Entering safepoint region: Cleanup
[2025-10-02T08:59:33.179+0000][45872.166s][5523][5530][info ] Leaving safepoint region
[2025-10-02T08:59:33.179+0000][45872.166s][5523][5530][info ] Total time for which application threads were stopped: 0.0001476 seconds, Stopping threads took: 0.0000333 seconds
[2025-10-02T08:59:34.179+0000][45873.166s][5523][5530][info ] Application time: 1.0000778 seconds
[2025-10-02T08:59:34.180+0000][45873.166s][5523][5530][info ] Entering safepoint region: Cleanup
[2025-10-02T08:59:34.180+0000][45873.166s][5523][5530][info ] Leaving safepoint region
[2025-10-02T08:59:34.180+0000][45873.166s][5523][5530][info ] Total time for which application threads were stopped: 0.0001398 seconds, Stopping threads took: 0.0000262 seconds
[2025-10-02T08:59:35.180+0000][45874.166s][5523][5530][info ] Application time: 1.0000989 seconds
[2025-10-02T08:59:35.180+0000][45874.166s][5523][5530][info ] Entering safepoint region: Cleanup
[2025-10-02T08:59:35.180+0000][45874.166s][5523][5530][info ] Leaving safepoint region
[2025-10-02T08:59:35.180+0000][45874.166s][5523][5530][info ] Total time for which application threads were stopped: 0.0001341 seconds, Stopping threads took: 0.0000233 seconds
[2025-10-02T08:59:36.180+0000][45875.166s][5523][5530][info ] Application time: 1.0001009 seconds
[2025-10-02T08:59:36.180+0000][45875.166s][5523][5530][info ] Entering safepoint region: Cleanup
[2025-10-02T08:59:36.180+0000][45875.166s][5523][5530][info ] Leaving safepoint region
[2025-10-02T08:59:36.180+0000][45875.167s][5523][5530][info ] Total time for which application threads were stopped: 0.0001404 seconds, Stopping threads took: 0.0000234 seconds
[2025-10-02T08:59:37.180+0000][45876.167s][5523][5530][info ] Application time: 1.0001065 seconds
[2025-10-02T08:59:37.180+0000][45876.167s][5523][5530][info ] Entering safepoint region: Cleanup
[2025-10-02T08:59:37.181+0000][45876.167s][5523][5530][info ] Leaving safepoint region
[2025-10-02T08:59:37.181+0000][45876.167s][5523][5530][info ] Total time for which application threads were stopped: 0.0001628 seconds, Stopping threads took: 0.0000244 seconds
[2025-10-02T08:59:38.181+0000][45877.167s][5523][5530][info ] Application time: 1.0001011 seconds
[2025-10-02T08:59:38.181+0000][45877.167s][5523][5530][info ] Entering safepoint region: Cleanup
[2025-10-02T08:59:38.181+0000][45877.167s][5523][5530][info ] Leaving safepoint region
[2025-10-02T08:59:38.181+0000][45877.167s][5523][5530][info ] Total time for which application threads were stopped: 0.0001388 seconds, Stopping threads took: 0.0000279 seconds
[2025-10-02T08:59:39.181+0000][45878.167s][5523][5530][info ] Application time: 1.0000980 seconds
[2025-10-02T08:59:39.181+0000][45878.167s][5523][5530][info ] Entering safepoint region: Cleanup
[2025-10-02T08:59:39.181+0000][45878.167s][5523][5530][info ] Leaving safepoint region
[2025-10-02T08:59:39.181+0000][45878.167s][5523][5530][info ] Total time for which application threads were stopped: 0.0001372 seconds, Stopping threads took: 0.0000235 seconds
[2025-10-02T08:59:40.181+0000][45879.168s][5523][5530][info ] Application time: 1.0001010 seconds
[2025-10-02T08:59:40.181+0000][45879.168s][5523][5530][info ] Entering safepoint region: Cleanup
[2025-10-02T08:59:40.181+0000][45879.168s][5523][5530][info ] Leaving safepoint region
[2025-10-02T08:59:40.181+0000][45879.168s][5523][5530][info ] Total time for which application threads were stopped: 0.0001314 seconds, Stopping threads took: 0.0000242 seconds
[2025-10-02T08:59:41.182+0000][45880.168s][5523][5530][info ] Application time: 1.0001172 seconds
[2025-10-02T08:59:41.182+0000][45880.168s][5523][5530][info ] Entering safepoint region: Cleanup
[2025-10-02T08:59:41.182+0000][45880.168s][5523][5530][info ] Leaving safepoint region
[2025-10-02T08:59:41.182+0000][45880.168s][5523][5530][info ] Total time for which application threads were stopped: 0.0001433 seconds, Stopping threads took: 0.0000285 seconds
[2025-10-02T08:59:42.182+0000][45881.168s][5523][5530][info ] Application time: 1.0001006 seconds
[2025-10-02T08:59:42.182+0000][45881.168s][5523][5530][info ] Entering safepoint region: Cleanup
[2025-10-02T08:59:42.182+0000][45881.168s][5523][5530][info ] Leaving safepoint region
[2025-10-02T08:59:42.182+0000][45881.168s][5523][5530][info ] Total time for which application threads were stopped: 0.0001360 seconds, Stopping threads took: 0.0000255 seconds
[2025-10-02T08:59:43.133+0000][45882.119s][5523][5529][trace] CMS: promo attempt is safe: available(757274488) >= av_promo(11044653), max_promo(11660432)
[2025-10-02T08:59:43.182+0000][45882.168s][5523][5530][info ] Application time: 1.0000972 seconds
[2025-10-02T08:59:43.182+0000][45882.169s][5523][5530][info ] Entering safepoint region: Cleanup
[2025-10-02T08:59:43.182+0000][45882.169s][5523][5530][info ] Leaving safepoint region
[2025-10-02T08:59:43.182+0000][45882.169s][5523][5530][info ] Total time for which application threads were stopped: 0.0001500 seconds, Stopping threads took: 0.0000427 seconds
[2025-10-02T08:59:44.183+0000][45883.169s][5523][5530][info ] Application time: 1.0001058 seconds
[2025-10-02T08:59:44.183+0000][45883.169s][5523][5530][info ] Entering safepoint region: Cleanup
[2025-10-02T08:59:44.183+0000][45883.169s][5523][5530][info ] Leaving safepoint region
[2025-10-02T08:59:44.183+0000][45883.169s][5523][5530][info ] Total time for which application threads were stopped: 0.0001339 seconds, Stopping threads took: 0.0000262 seconds
[2025-10-02T08:59:45.183+0000][45884.169s][5523][5530][info ] Application time: 1.0000941 seconds
[2025-10-02T08:59:45.183+0000][45884.169s][5523][5530][info ] Entering safepoint region: Cleanup
[2025-10-02T08:59:45.183+0000][45884.169s][5523][5530][info ] Leaving safepoint region
[2025-10-02T08:59:45.183+0000][45884.169s][5523][5530][info ] Total time for which application threads were stopped: 0.0002567 seconds, Stopping threads took: 0.0000259 seconds
[2025-10-02T08:59:46.183+0000][45885.169s][5523][5530][info ] Application time: 1.0001091 seconds
[2025-10-02T08:59:46.183+0000][45885.170s][5523][5530][info ] Entering safepoint region: Cleanup
[2025-10-02T08:59:46.183+0000][45885.170s][5523][5530][info ] Leaving safepoint region
[2025-10-02T08:59:46.183+0000][45885.170s][5523][5530][info ] Total time for which application threads were stopped: 0.0001427 seconds, Stopping threads took: 0.0000270 seconds
[2025-10-02T08:59:47.184+0000][45886.170s][5523][5530][info ] Application time: 1.0001019 seconds
[2025-10-02T08:59:47.184+0000][45886.170s][5523][5530][info ] Entering safepoint region: Cleanup
[2025-10-02T08:59:47.184+0000][45886.170s][5523][5530][info ] Leaving safepoint region
[2025-10-02T08:59:47.184+0000][45886.170s][5523][5530][info ] Total time for which application threads were stopped: 0.0001422 seconds, Stopping threads took: 0.0000288 seconds
[2025-10-02T08:59:48.184+0000][45887.170s][5523][5530][info ] Application time: 1.0001084 seconds
[2025-10-02T08:59:48.184+0000][45887.170s][5523][5530][info ] Entering safepoint region: Cleanup
[2025-10-02T08:59:48.185+0000][45887.171s][5523][5530][info ] Leaving safepoint region
[2025-10-02T08:59:48.185+0000][45887.171s][5523][5530][info ] Total time for which application threads were stopped: 0.0012850 seconds, Stopping threads took: 0.0011456 seconds
[2025-10-02T08:59:49.185+0000][45888.172s][5523][5530][info ] Application time: 1.0001042 seconds
[2025-10-02T08:59:49.185+0000][45888.172s][5523][5530][info ] Entering safepoint region: Cleanup
[2025-10-02T08:59:49.185+0000][45888.172s][5523][5530][info ] Leaving safepoint region
[2025-10-02T08:59:49.185+0000][45888.172s][5523][5530][info ] Total time for which application threads were stopped: 0.0001509 seconds, Stopping threads took: 0.0000343 seconds
[2025-10-02T08:59:50.186+0000][45889.172s][5523][5530][info ] Application time: 1.0000974 seconds
[2025-10-02T08:59:50.186+0000][45889.172s][5523][5530][info ] Entering safepoint region: Cleanup
[2025-10-02T08:59:50.186+0000][45889.172s][5523][5530][info ] Leaving safepoint region
[2025-10-02T08:59:50.186+0000][45889.172s][5523][5530][info ] Total time for which application threads were stopped: 0.0001342 seconds, Stopping threads took: 0.0000254 seconds
[2025-10-02T08:59:51.186+0000][45890.172s][5523][5530][info ] Application time: 1.0001014 seconds
[2025-10-02T08:59:51.186+0000][45890.172s][5523][5530][info ] Entering safepoint region: Cleanup
[2025-10-02T08:59:51.186+0000][45890.172s][5523][5530][info ] Leaving safepoint region
[2025-10-02T08:59:51.186+0000][45890.172s][5523][5530][info ] Total time for which application threads were stopped: 0.0001501 seconds, Stopping threads took: 0.0000371 seconds
[2025-10-02T08:59:52.186+0000][45891.172s][5523][5530][info ] Application time: 1.0001124 seconds
[2025-10-02T08:59:52.186+0000][45891.173s][5523][5530][info ] Entering safepoint region: Cleanup
[2025-10-02T08:59:52.186+0000][45891.173s][5523][5530][info ] Leaving safepoint region
[2025-10-02T08:59:52.186+0000][45891.173s][5523][5530][info ] Total time for which application threads were stopped: 0.0001404 seconds, Stopping threads took: 0.0000257 seconds
[2025-10-02T08:59:53.133+0000][45892.119s][5523][5529][trace] CMS: promo attempt is safe: available(757274488) >= av_promo(11044653), max_promo(11663088)
[2025-10-02T08:59:53.187+0000][45892.173s][5523][5530][info ] Application time: 1.0000863 seconds
[2025-10-02T08:59:53.187+0000][45892.173s][5523][5530][info ] Entering safepoint region: Cleanup
[2025-10-02T08:59:53.187+0000][45892.173s][5523][5530][info ] Leaving safepoint region
[2025-10-02T08:59:53.187+0000][45892.173s][5523][5530][info ] Total time for which application threads were stopped: 0.0001329 seconds, Stopping threads took: 0.0000243 seconds
[2025-10-02T08:59:54.187+0000][45893.173s][5523][5530][info ] Application time: 1.0000995 seconds
[2025-10-02T08:59:54.187+0000][45893.173s][5523][5530][info ] Entering safepoint region: Cleanup
[2025-10-02T08:59:54.187+0000][45893.173s][5523][5530][info ] Leaving safepoint region
[2025-10-02T08:59:54.187+0000][45893.173s][5523][5530][info ] Total time for which application threads were stopped: 0.0001979 seconds, Stopping threads took: 0.0000238 seconds
[2025-10-02T08:59:55.187+0000][45894.173s][5523][5530][info ] Application time: 1.0001058 seconds
[2025-10-02T08:59:55.187+0000][45894.173s][5523][5530][info ] Entering safepoint region: Cleanup
[2025-10-02T08:59:55.187+0000][45894.174s][5523][5530][info ] Leaving safepoint region
[2025-10-02T08:59:55.187+0000][45894.174s][5523][5530][info ] Total time for which application threads were stopped: 0.0001325 seconds, Stopping threads took: 0.0000242 seconds
[2025-10-02T08:59:56.187+0000][45895.174s][5523][5530][info ] Application time: 1.0001036 seconds
[2025-10-02T08:59:56.188+0000][45895.174s][5523][5530][info ] Entering safepoint region: Cleanup
[2025-10-02T08:59:56.188+0000][45895.174s][5523][5530][info ] Leaving safepoint region
[2025-10-02T08:59:56.188+0000][45895.174s][5523][5530][info ] Total time for which application threads were stopped: 0.0001389 seconds, Stopping threads took: 0.0000238 seconds
[2025-10-02T08:59:57.188+0000][45896.174s][5523][5530][info ] Application time: 1.0000966 seconds
[2025-10-02T08:59:57.188+0000][45896.174s][5523][5530][info ] Entering safepoint region: Cleanup
[2025-10-02T08:59:57.188+0000][45896.174s][5523][5530][info ] Leaving safepoint region
[2025-10-02T08:59:57.188+0000][45896.174s][5523][5530][info ] Total time for which application threads were stopped: 0.0001332 seconds, Stopping threads took: 0.0000246 seconds
[2025-10-02T08:59:58.188+0000][45897.174s][5523][5530][info ] Application time: 1.0001059 seconds
[2025-10-02T08:59:58.188+0000][45897.174s][5523][5530][info ] Entering safepoint region: Cleanup
[2025-10-02T08:59:58.189+0000][45897.176s][5523][5530][info ] Leaving safepoint region
[2025-10-02T08:59:58.189+0000][45897.176s][5523][5530][info ] Total time for which application threads were stopped: 0.0012748 seconds, Stopping threads took: 0.0011162 seconds
[2025-10-02T08:59:59.190+0000][45898.176s][5523][5530][info ] Application time: 1.0001168 seconds
[2025-10-02T08:59:59.190+0000][45898.176s][5523][5530][info ] Entering safepoint region: Cleanup
[2025-10-02T08:59:59.190+0000][45898.176s][5523][5530][info ] Leaving safepoint region
[2025-10-02T08:59:59.190+0000][45898.176s][5523][5530][info ] Total time for which application threads were stopped: 0.0001389 seconds, Stopping threads took: 0.0000255 seconds
[2025-10-02T09:00:00.190+0000][45899.176s][5523][5530][info ] Application time: 1.0000906 seconds
[2025-10-02T09:00:00.190+0000][45899.176s][5523][5530][info ] Entering safepoint region: Cleanup
[2025-10-02T09:00:00.190+0000][45899.176s][5523][5530][info ] Leaving safepoint region
[2025-10-02T09:00:00.190+0000][45899.176s][5523][5530][info ] Total time for which application threads were stopped: 0.0001371 seconds, Stopping threads took: 0.0000261 seconds
[2025-10-02T09:00:01.190+0000][45900.176s][5523][5530][info ] Application time: 1.0001650 seconds
[2025-10-02T09:00:01.191+0000][45900.177s][5523][5530][info ] Entering safepoint region: Cleanup
[2025-10-02T09:00:01.191+0000][45900.177s][5523][5530][info ] Leaving safepoint region
[2025-10-02T09:00:01.191+0000][45900.178s][5523][5530][info ] Total time for which application threads were stopped: 0.0003341 seconds, Stopping threads took: 0.0001758 seconds
[2025-10-02T09:00:02.192+0000][45901.178s][5523][5530][info ] Application time: 1.0001654 seconds
[2025-10-02T09:00:02.192+0000][45901.178s][5523][5530][info ] Entering safepoint region: Cleanup
[2025-10-02T09:00:02.192+0000][45901.178s][5523][5530][info ] Leaving safepoint region
[2025-10-02T09:00:02.192+0000][45901.178s][5523][5530][info ] Total time for which application threads were stopped: 0.0001398 seconds, Stopping threads took: 0.0000242 seconds
[2025-10-02T09:00:03.132+0000][45902.118s][5523][5529][trace] CMS: promo attempt is safe: available(757274488) >= av_promo(11044653), max_promo(11668400)
[2025-10-02T09:00:03.192+0000][45902.178s][5523][5530][info ] Application time: 1.0000957 seconds
[2025-10-02T09:00:03.192+0000][45902.178s][5523][5530][info ] Entering safepoint region: Cleanup
[2025-10-02T09:00:03.192+0000][45902.178s][5523][5530][info ] Leaving safepoint region
[2025-10-02T09:00:03.192+0000][45902.178s][5523][5530][info ] Total time for which application threads were stopped: 0.0001322 seconds, Stopping threads took: 0.0000230 seconds
[2025-10-02T09:00:04.192+0000][45903.178s][5523][5530][info ] Application time: 1.0001092 seconds
[2025-10-02T09:00:04.192+0000][45903.179s][5523][5530][info ] Entering safepoint region: Cleanup
[2025-10-02T09:00:04.192+0000][45903.179s][5523][5530][info ] Leaving safepoint region
[2025-10-02T09:00:04.192+0000][45903.179s][5523][5530][info ] Total time for which application threads were stopped: 0.0001351 seconds, Stopping threads took: 0.0000249 seconds
[2025-10-02T09:00:05.193+0000][45904.179s][5523][5530][info ] Application time: 1.0001023 seconds
[2025-10-02T09:00:05.193+0000][45904.179s][5523][5530][info ] Entering safepoint region: Cleanup
[2025-10-02T09:00:05.193+0000][45904.179s][5523][5530][info ] Leaving safepoint region
[2025-10-02T09:00:05.193+0000][45904.179s][5523][5530][info ] Total time for which application threads were stopped: 0.0001374 seconds, Stopping threads took: 0.0000274 seconds
[2025-10-02T09:00:06.193+0000][45905.179s][5523][5530][info ] Application time: 1.0001062 seconds
[2025-10-02T09:00:06.193+0000][45905.179s][5523][5530][info ] Entering safepoint region: Cleanup
[2025-10-02T09:00:06.193+0000][45905.179s][5523][5530][info ] Leaving safepoint region
[2025-10-02T09:00:06.193+0000][45905.179s][5523][5530][info ] Total time for which application threads were stopped: 0.0001459 seconds, Stopping threads took: 0.0000255 seconds
[2025-10-02T09:00:07.193+0000][45906.179s][5523][5530][info ] Application time: 1.0001010 seconds
[2025-10-02T09:00:07.193+0000][45906.179s][5523][5530][info ] Entering safepoint region: Cleanup
[2025-10-02T09:00:07.193+0000][45906.180s][5523][5530][info ] Leaving safepoint region
[2025-10-02T09:00:07.193+0000][45906.180s][5523][5530][info ] Total time for which application threads were stopped: 0.0001331 seconds, Stopping threads took: 0.0000247 seconds
[2025-10-02T09:00:08.193+0000][45907.180s][5523][5530][info ] Application time: 1.0001055 seconds
[2025-10-02T09:00:08.194+0000][45907.180s][5523][5530][info ] Entering safepoint region: Cleanup
[2025-10-02T09:00:08.195+0000][45907.181s][5523][5530][info ] Leaving safepoint region
[2025-10-02T09:00:08.195+0000][45907.181s][5523][5530][info ] Total time for which application threads were stopped: 0.0012573 seconds, Stopping threads took: 0.0011174 seconds
[2025-10-02T09:00:09.195+0000][45908.181s][5523][5530][info ] Application time: 1.0001035 seconds
[2025-10-02T09:00:09.195+0000][45908.181s][5523][5530][info ] Entering safepoint region: Cleanup
[2025-10-02T09:00:09.195+0000][45908.181s][5523][5530][info ] Leaving safepoint region
[2025-10-02T09:00:09.195+0000][45908.181s][5523][5530][info ] Total time for which application threads were stopped: 0.0002361 seconds, Stopping threads took: 0.0000399 seconds
[2025-10-02T09:00:10.195+0000][45909.181s][5523][5530][info ] Application time: 1.0000983 seconds
[2025-10-02T09:00:10.195+0000][45909.182s][5523][5530][info ] Entering safepoint region: Cleanup
[2025-10-02T09:00:10.195+0000][45909.182s][5523][5530][info ] Leaving safepoint region
[2025-10-02T09:00:10.195+0000][45909.182s][5523][5530][info ] Total time for which application threads were stopped: 0.0001488 seconds, Stopping threads took: 0.0000266 seconds
[2025-10-02T09:00:11.196+0000][45910.182s][5523][5530][info ] Application time: 1.0000629 seconds
[2025-10-02T09:00:11.196+0000][45910.182s][5523][5530][info ] Entering safepoint region: Cleanup
[2025-10-02T09:00:11.196+0000][45910.182s][5523][5530][info ] Leaving safepoint region
[2025-10-02T09:00:11.196+0000][45910.182s][5523][5530][info ] Total time for which application threads were stopped: 0.0001501 seconds, Stopping threads took: 0.0000421 seconds
[2025-10-02T09:00:12.196+0000][45911.182s][5523][5530][info ] Application time: 1.0001107 seconds
[2025-10-02T09:00:12.196+0000][45911.182s][5523][5530][info ] Entering safepoint region: Cleanup
[2025-10-02T09:00:12.196+0000][45911.182s][5523][5530][info ] Leaving safepoint region
[2025-10-02T09:00:12.196+0000][45911.182s][5523][5530][info ] Total time for which application threads were stopped: 0.0001350 seconds, Stopping threads took: 0.0000267 seconds
[2025-10-02T09:00:13.131+0000][45912.117s][5523][5529][trace] CMS: promo attempt is safe: available(757274488) >= av_promo(11044653), max_promo(12055184)
[2025-10-02T09:00:13.196+0000][45912.182s][5523][5530][info ] Application time: 1.0001047 seconds
[2025-10-02T09:00:13.196+0000][45912.182s][5523][5530][info ] Entering safepoint region: Cleanup
[2025-10-02T09:00:13.196+0000][45912.183s][5523][5530][info ] Leaving safepoint region
[2025-10-02T09:00:13.196+0000][45912.183s][5523][5530][info ] Total time for which application threads were stopped: 0.0001375 seconds, Stopping threads took: 0.0000270 seconds
[2025-10-02T09:00:14.196+0000][45913.183s][5523][5530][info ] Application time: 1.0001256 seconds
[2025-10-02T09:00:14.197+0000][45913.183s][5523][5530][info ] Entering safepoint region: Cleanup
[2025-10-02T09:00:14.197+0000][45913.183s][5523][5530][info ] Leaving safepoint region
[2025-10-02T09:00:14.197+0000][45913.183s][5523][5530][info ] Total time for which application threads were stopped: 0.0001380 seconds, Stopping threads took: 0.0000284 seconds
[2025-10-02T09:00:15.197+0000][45914.183s][5523][5530][info ] Application time: 1.0001031 seconds
[2025-10-02T09:00:15.197+0000][45914.183s][5523][5530][info ] Entering safepoint region: Cleanup
[2025-10-02T09:00:15.197+0000][45914.183s][5523][5530][info ] Leaving safepoint region
[2025-10-02T09:00:15.197+0000][45914.183s][5523][5530][info ] Total time for which application threads were stopped: 0.0001370 seconds, Stopping threads took: 0.0000245 seconds
[2025-10-02T09:00:16.197+0000][45915.183s][5523][5530][info ] Application time: 1.0000983 seconds
[2025-10-02T09:00:16.197+0000][45915.183s][5523][5530][info ] Entering safepoint region: Cleanup
[2025-10-02T09:00:16.197+0000][45915.183s][5523][5530][info ] Leaving safepoint region
[2025-10-02T09:00:16.197+0000][45915.183s][5523][5530][info ] Total time for which application threads were stopped: 0.0001334 seconds, Stopping threads took: 0.0000252 seconds
[2025-10-02T09:00:17.197+0000][45916.184s][5523][5530][info ] Application time: 1.0000783 seconds
[2025-10-02T09:00:17.197+0000][45916.184s][5523][5530][info ] Entering safepoint region: Cleanup
[2025-10-02T09:00:17.198+0000][45916.184s][5523][5530][info ] Leaving safepoint region
[2025-10-02T09:00:17.198+0000][45916.184s][5523][5530][info ] Total time for which application threads were stopped: 0.0001599 seconds, Stopping threads took: 0.0000242 seconds
[2025-10-02T09:00:18.198+0000][45917.184s][5523][5530][info ] Application time: 1.0000973 seconds
[2025-10-02T09:00:18.198+0000][45917.184s][5523][5530][info ] Entering safepoint region: Cleanup
[2025-10-02T09:00:18.198+0000][45917.184s][5523][5530][info ] Leaving safepoint region
[2025-10-02T09:00:18.198+0000][45917.184s][5523][5530][info ] Total time for which application threads were stopped: 0.0001404 seconds, Stopping threads took: 0.0000269 seconds
[2025-10-02T09:00:19.198+0000][45918.184s][5523][5530][info ] Application time: 1.0001023 seconds
[2025-10-02T09:00:19.198+0000][45918.184s][5523][5530][info ] Entering safepoint region: Cleanup
[2025-10-02T09:00:19.198+0000][45918.184s][5523][5530][info ] Leaving safepoint region
[2025-10-02T09:00:19.198+0000][45918.184s][5523][5530][info ] Total time for which application threads were stopped: 0.0001470 seconds, Stopping threads took: 0.0000285 seconds
[2025-10-02T09:00:20.198+0000][45919.185s][5523][5530][info ] Application time: 1.0001096 seconds
[2025-10-02T09:00:20.198+0000][45919.185s][5523][5530][info ] Entering safepoint region: Cleanup
[2025-10-02T09:00:20.198+0000][45919.185s][5523][5530][info ] Leaving safepoint region
[2025-10-02T09:00:20.199+0000][45919.185s][5523][5530][info ] Total time for which application threads were stopped: 0.0001334 seconds, Stopping threads took: 0.0000246 seconds
[2025-10-02T09:00:21.199+0000][45920.185s][5523][5530][info ] Application time: 1.0000971 seconds
[2025-10-02T09:00:21.199+0000][45920.185s][5523][5530][info ] Entering safepoint region: Cleanup
[2025-10-02T09:00:21.199+0000][45920.185s][5523][5530][info ] Leaving safepoint region
[2025-10-02T09:00:21.199+0000][45920.185s][5523][5530][info ] Total time for which application threads were stopped: 0.0001327 seconds, Stopping threads took: 0.0000259 seconds
[2025-10-02T09:00:22.199+0000][45921.185s][5523][5530][info ] Application time: 1.0000977 seconds
[2025-10-02T09:00:22.199+0000][45921.185s][5523][5530][info ] Entering safepoint region: Cleanup
[2025-10-02T09:00:22.199+0000][45921.185s][5523][5530][info ] Leaving safepoint region
[2025-10-02T09:00:22.199+0000][45921.185s][5523][5530][info ] Total time for which application threads were stopped: 0.0002151 seconds, Stopping threads took: 0.0000879 seconds
[2025-10-02T09:00:23.130+0000][45922.117s][5523][5529][trace] CMS: promo attempt is safe: available(757274488) >= av_promo(11044653), max_promo(12091312)
[2025-10-02T09:00:23.199+0000][45922.186s][5523][5530][info ] Application time: 1.0001035 seconds
[2025-10-02T09:00:23.199+0000][45922.186s][5523][5530][info ] Entering safepoint region: Cleanup
[2025-10-02T09:00:23.199+0000][45922.186s][5523][5530][info ] Leaving safepoint region
[2025-10-02T09:00:23.199+0000][45922.186s][5523][5530][info ] Total time for which application threads were stopped: 0.0001367 seconds, Stopping threads took: 0.0000264 seconds
[2025-10-02T09:00:24.200+0000][45923.186s][5523][5530][info ] Application time: 1.0001105 seconds
[2025-10-02T09:00:24.200+0000][45923.186s][5523][5530][info ] Entering safepoint region: Cleanup
[2025-10-02T09:00:24.200+0000][45923.186s][5523][5530][info ] Leaving safepoint region
[2025-10-02T09:00:24.200+0000][45923.186s][5523][5530][info ] Total time for which application threads were stopped: 0.0001350 seconds, Stopping threads took: 0.0000255 seconds
[2025-10-02T09:00:25.200+0000][45924.186s][5523][5530][info ] Application time: 1.0001042 seconds
[2025-10-02T09:00:25.200+0000][45924.186s][5523][5530][info ] Entering safepoint region: Cleanup
[2025-10-02T09:00:25.200+0000][45924.186s][5523][5530][info ] Leaving safepoint region
[2025-10-02T09:00:25.200+0000][45924.186s][5523][5530][info ] Total time for which application threads were stopped: 0.0001395 seconds, Stopping threads took: 0.0000242 seconds
[2025-10-02T09:00:26.200+0000][45925.186s][5523][5530][info ] Application time: 1.0000936 seconds
[2025-10-02T09:00:26.200+0000][45925.186s][5523][5530][info ] Entering safepoint region: Cleanup
[2025-10-02T09:00:26.200+0000][45925.187s][5523][5530][info ] Leaving safepoint region
[2025-10-02T09:00:26.200+0000][45925.187s][5523][5530][info ] Total time for which application threads were stopped: 0.0001526 seconds, Stopping threads took: 0.0000248 seconds
[2025-10-02T09:00:27.200+0000][45926.187s][5523][5530][info ] Application time: 1.0000974 seconds
[2025-10-02T09:00:27.201+0000][45926.187s][5523][5530][info ] Entering safepoint region: Cleanup
[2025-10-02T09:00:27.201+0000][45926.187s][5523][5530][info ] Leaving safepoint region
[2025-10-02T09:00:27.201+0000][45926.187s][5523][5530][info ] Total time for which application threads were stopped: 0.0001427 seconds, Stopping threads took: 0.0000249 seconds
[2025-10-02T09:00:28.201+0000][45927.187s][5523][5530][info ] Application time: 1.0001129 seconds
[2025-10-02T09:00:28.201+0000][45927.187s][5523][5530][info ] Entering safepoint region: Cleanup
[2025-10-02T09:00:28.202+0000][45927.188s][5523][5530][info ] Leaving safepoint region
[2025-10-02T09:00:28.202+0000][45927.188s][5523][5530][info ] Total time for which application threads were stopped: 0.0012222 seconds, Stopping threads took: 0.0010816 seconds
[2025-10-02T09:00:29.202+0000][45928.188s][5523][5530][info ] Application time: 1.0000931 seconds
[2025-10-02T09:00:29.202+0000][45928.188s][5523][5530][info ] Entering safepoint region: Cleanup
[2025-10-02T09:00:29.202+0000][45928.189s][5523][5530][info ] Leaving safepoint region
[2025-10-02T09:00:29.202+0000][45928.189s][5523][5530][info ] Total time for which application threads were stopped: 0.0001379 seconds, Stopping threads took: 0.0000232 seconds
[2025-10-02T09:00:30.203+0000][45929.189s][5523][5530][info ] Application time: 1.0001285 seconds
[2025-10-02T09:00:30.203+0000][45929.189s][5523][5530][info ] Entering safepoint region: Cleanup
[2025-10-02T09:00:30.203+0000][45929.189s][5523][5530][info ] Leaving safepoint region
[2025-10-02T09:00:30.203+0000][45929.189s][5523][5530][info ] Total time for which application threads were stopped: 0.0001373 seconds, Stopping threads took: 0.0000260 seconds
[2025-10-02T09:00:31.203+0000][45930.189s][5523][5530][info ] Application time: 1.0001083 seconds
[2025-10-02T09:00:31.203+0000][45930.189s][5523][5530][info ] Entering safepoint region: Cleanup
[2025-10-02T09:00:31.203+0000][45930.189s][5523][5530][info ] Leaving safepoint region
[2025-10-02T09:00:31.203+0000][45930.189s][5523][5530][info ] Total time for which application threads were stopped: 0.0002043 seconds, Stopping threads took: 0.0000258 seconds
[2025-10-02T09:00:32.203+0000][45931.189s][5523][5530][info ] Application time: 1.0000999 seconds
[2025-10-02T09:00:32.203+0000][45931.189s][5523][5530][info ] Entering safepoint region: Cleanup
[2025-10-02T09:00:32.203+0000][45931.190s][5523][5530][info ] Leaving safepoint region
[2025-10-02T09:00:32.203+0000][45931.190s][5523][5530][info ] Total time for which application threads were stopped: 0.0001579 seconds, Stopping threads took: 0.0000270 seconds
[2025-10-02T09:00:33.130+0000][45932.116s][5523][5529][trace] CMS: promo attempt is safe: available(757274488) >= av_promo(11044653), max_promo(13960888)
[2025-10-02T09:00:33.204+0000][45932.190s][5523][5530][info ] Application time: 1.0001273 seconds
[2025-10-02T09:00:33.204+0000][45932.190s][5523][5530][info ] Entering safepoint region: Cleanup
[2025-10-02T09:00:33.204+0000][45932.190s][5523][5530][info ] Leaving safepoint region
[2025-10-02T09:00:33.204+0000][45932.190s][5523][5530][info ] Total time for which application threads were stopped: 0.0001373 seconds, Stopping threads took: 0.0000256 seconds
[2025-10-02T09:00:34.204+0000][45933.190s][5523][5530][info ] Application time: 1.0001103 seconds
[2025-10-02T09:00:34.204+0000][45933.190s][5523][5530][info ] Entering safepoint region: Cleanup
[2025-10-02T09:00:34.204+0000][45933.190s][5523][5530][info ] Leaving safepoint region
[2025-10-02T09:00:34.204+0000][45933.190s][5523][5530][info ] Total time for which application threads were stopped: 0.0001389 seconds, Stopping threads took: 0.0000275 seconds
[2025-10-02T09:00:35.204+0000][45934.190s][5523][5530][info ] Application time: 1.0001074 seconds
[2025-10-02T09:00:35.204+0000][45934.190s][5523][5530][info ] Entering safepoint region: Cleanup
[2025-10-02T09:00:35.204+0000][45934.191s][5523][5530][info ] Leaving safepoint region
[2025-10-02T09:00:35.204+0000][45934.191s][5523][5530][info ] Total time for which application threads were stopped: 0.0001500 seconds, Stopping threads took: 0.0000281 seconds
[2025-10-02T09:00:36.204+0000][45935.191s][5523][5530][info ] Application time: 1.0000866 seconds
[2025-10-02T09:00:36.205+0000][45935.191s][5523][5530][info ] Entering safepoint region: Cleanup
[2025-10-02T09:00:36.205+0000][45935.191s][5523][5530][info ] Leaving safepoint region
[2025-10-02T09:00:36.205+0000][45935.191s][5523][5530][info ] Total time for which application threads were stopped: 0.0001390 seconds, Stopping threads took: 0.0000327 seconds
[2025-10-02T09:00:37.205+0000][45936.191s][5523][5530][info ] Application time: 1.0000772 seconds
[2025-10-02T09:00:37.205+0000][45936.191s][5523][5530][info ] Entering safepoint region: Cleanup
[2025-10-02T09:00:37.205+0000][45936.191s][5523][5530][info ] Leaving safepoint region
[2025-10-02T09:00:37.205+0000][45936.191s][5523][5530][info ] Total time for which application threads were stopped: 0.0001335 seconds, Stopping threads took: 0.0000252 seconds
[2025-10-02T09:00:38.205+0000][45937.191s][5523][5530][info ] Application time: 1.0001080 seconds
[2025-10-02T09:00:38.205+0000][45937.191s][5523][5530][info ] Entering safepoint region: Cleanup
[2025-10-02T09:00:38.205+0000][45937.191s][5523][5530][info ] Leaving safepoint region
[2025-10-02T09:00:38.205+0000][45937.191s][5523][5530][info ] Total time for which application threads were stopped: 0.0001362 seconds, Stopping threads took: 0.0000263 seconds
[2025-10-02T09:00:39.205+0000][45938.192s][5523][5530][info ] Application time: 1.0001621 seconds
[2025-10-02T09:00:39.205+0000][45938.192s][5523][5530][info ] Entering safepoint region: Cleanup
[2025-10-02T09:00:39.206+0000][45938.192s][5523][5530][info ] Leaving safepoint region
[2025-10-02T09:00:39.206+0000][45938.192s][5523][5530][info ] Total time for which application threads were stopped: 0.0001651 seconds, Stopping threads took: 0.0000247 seconds
[2025-10-02T09:00:40.206+0000][45939.192s][5523][5530][info ] Application time: 1.0000905 seconds
[2025-10-02T09:00:40.206+0000][45939.192s][5523][5530][info ] Entering safepoint region: Cleanup
[2025-10-02T09:00:40.206+0000][45939.192s][5523][5530][info ] Leaving safepoint region
[2025-10-02T09:00:40.206+0000][45939.192s][5523][5530][info ] Total time for which application threads were stopped: 0.0001501 seconds, Stopping threads took: 0.0000240 seconds
[2025-10-02T09:00:41.206+0000][45940.192s][5523][5530][info ] Application time: 1.0001065 seconds
[2025-10-02T09:00:41.206+0000][45940.192s][5523][5530][info ] Entering safepoint region: Cleanup
[2025-10-02T09:00:41.206+0000][45940.192s][5523][5530][info ] Leaving safepoint region
[2025-10-02T09:00:41.206+0000][45940.192s][5523][5530][info ] Total time for which application threads were stopped: 0.0001854 seconds, Stopping threads took: 0.0000257 seconds
[2025-10-02T09:00:42.206+0000][45941.193s][5523][5530][info ] Application time: 1.0001155 seconds
[2025-10-02T09:00:42.206+0000][45941.193s][5523][5530][info ] Entering safepoint region: Cleanup
[2025-10-02T09:00:42.207+0000][45941.193s][5523][5530][info ] Leaving safepoint region
[2025-10-02T09:00:42.207+0000][45941.193s][5523][5530][info ] Total time for which application threads were stopped: 0.0002138 seconds, Stopping threads took: 0.0000256 seconds
[2025-10-02T09:00:43.129+0000][45942.115s][5523][5529][trace] CMS: promo attempt is safe: available(757274488) >= av_promo(11044653), max_promo(15102048)
[2025-10-02T09:00:43.207+0000][45942.193s][5523][5530][info ] Application time: 1.0001024 seconds
[2025-10-02T09:00:43.207+0000][45942.193s][5523][5530][info ] Entering safepoint region: Cleanup
[2025-10-02T09:00:43.207+0000][45942.193s][5523][5530][info ] Leaving safepoint region
[2025-10-02T09:00:43.207+0000][45942.193s][5523][5530][info ] Total time for which application threads were stopped: 0.0001330 seconds, Stopping threads took: 0.0000257 seconds
[2025-10-02T09:00:44.207+0000][45943.193s][5523][5530][info ] Application time: 1.0001222 seconds
[2025-10-02T09:00:44.207+0000][45943.194s][5523][5530][info ] Entering safepoint region: Cleanup
[2025-10-02T09:00:44.207+0000][45943.194s][5523][5530][info ] Leaving safepoint region
[2025-10-02T09:00:44.207+0000][45943.194s][5523][5530][info ] Total time for which application threads were stopped: 0.0001450 seconds, Stopping threads took: 0.0000281 seconds
[2025-10-02T09:00:45.208+0000][45944.194s][5523][5530][info ] Application time: 1.0001047 seconds
[2025-10-02T09:00:45.208+0000][45944.194s][5523][5530][info ] Entering safepoint region: Cleanup
[2025-10-02T09:00:45.208+0000][45944.194s][5523][5530][info ] Leaving safepoint region
[2025-10-02T09:00:45.208+0000][45944.194s][5523][5530][info ] Total time for which application threads were stopped: 0.0001345 seconds, Stopping threads took: 0.0000268 seconds
[2025-10-02T09:00:46.208+0000][45945.194s][5523][5530][info ] Application time: 1.0000965 seconds
[2025-10-02T09:00:46.208+0000][45945.194s][5523][5530][info ] Entering safepoint region: Cleanup
[2025-10-02T09:00:46.208+0000][45945.194s][5523][5530][info ] Leaving safepoint region
[2025-10-02T09:00:46.208+0000][45945.194s][5523][5530][info ] Total time for which application threads were stopped: 0.0001349 seconds, Stopping threads took: 0.0000243 seconds
[2025-10-02T09:00:47.208+0000][45946.194s][5523][5530][info ] Application time: 1.0001080 seconds
[2025-10-02T09:00:47.208+0000][45946.194s][5523][5530][info ] Entering safepoint region: Cleanup
[2025-10-02T09:00:47.208+0000][45946.195s][5523][5530][info ] Leaving safepoint region
[2025-10-02T09:00:47.208+0000][45946.195s][5523][5530][info ] Total time for which application threads were stopped: 0.0001391 seconds, Stopping threads took: 0.0000265 seconds
[2025-10-02T09:00:48.208+0000][45947.195s][5523][5530][info ] Application time: 1.0000800 seconds
[2025-10-02T09:00:48.209+0000][45947.195s][5523][5530][info ] Entering safepoint region: Cleanup
[2025-10-02T09:00:48.210+0000][45947.196s][5523][5530][info ] Leaving safepoint region
[2025-10-02T09:00:48.210+0000][45947.196s][5523][5530][info ] Total time for which application threads were stopped: 0.0013163 seconds, Stopping threads took: 0.0011658 seconds
[2025-10-02T09:00:49.210+0000][45948.196s][5523][5530][info ] Application time: 1.0001018 seconds
[2025-10-02T09:00:49.210+0000][45948.196s][5523][5530][info ] Entering safepoint region: Cleanup
[2025-10-02T09:00:49.210+0000][45948.196s][5523][5530][info ] Leaving safepoint region
[2025-10-02T09:00:49.210+0000][45948.196s][5523][5530][info ] Total time for which application threads were stopped: 0.0001349 seconds, Stopping threads took: 0.0000247 seconds
[2025-10-02T09:00:50.210+0000][45949.196s][5523][5530][info ] Application time: 1.0001016 seconds
[2025-10-02T09:00:50.210+0000][45949.196s][5523][5530][info ] Entering safepoint region: Cleanup
[2025-10-02T09:00:50.210+0000][45949.197s][5523][5530][info ] Leaving safepoint region
[2025-10-02T09:00:50.210+0000][45949.197s][5523][5530][info ] Total time for which application threads were stopped: 0.0001352 seconds, Stopping threads took: 0.0000278 seconds
[2025-10-02T09:00:51.211+0000][45950.197s][5523][5530][info ] Application time: 1.0001330 seconds
[2025-10-02T09:00:51.211+0000][45950.197s][5523][5530][info ] Entering safepoint region: Cleanup
[2025-10-02T09:00:51.211+0000][45950.197s][5523][5530][info ] Leaving safepoint region
[2025-10-02T09:00:51.211+0000][45950.197s][5523][5530][info ] Total time for which application threads were stopped: 0.0001386 seconds, Stopping threads took: 0.0000252 seconds
[2025-10-02T09:00:52.211+0000][45951.197s][5523][5530][info ] Application time: 1.0001014 seconds
[2025-10-02T09:00:52.211+0000][45951.197s][5523][5530][info ] Entering safepoint region: Cleanup
[2025-10-02T09:00:52.211+0000][45951.197s][5523][5530][info ] Leaving safepoint region
[2025-10-02T09:00:52.211+0000][45951.197s][5523][5530][info ] Total time for which application threads were stopped: 0.0002444 seconds, Stopping threads took: 0.0000263 seconds
[2025-10-02T09:00:53.128+0000][45952.114s][5523][5529][trace] CMS: promo attempt is safe: available(757274488) >= av_promo(11044653), max_promo(16251600)
[2025-10-02T09:00:53.211+0000][45952.197s][5523][5530][info ] Application time: 1.0000913 seconds
[2025-10-02T09:00:53.211+0000][45952.198s][5523][5530][info ] Entering safepoint region: Cleanup
[2025-10-02T09:00:53.211+0000][45952.198s][5523][5530][info ] Leaving safepoint region
[2025-10-02T09:00:53.211+0000][45952.198s][5523][5530][info ] Total time for which application threads were stopped: 0.0001537 seconds, Stopping threads took: 0.0000252 seconds
[2025-10-02T09:00:54.212+0000][45953.198s][5523][5530][info ] Application time: 1.0001024 seconds
[2025-10-02T09:00:54.212+0000][45953.198s][5523][5530][info ] Entering safepoint region: Cleanup
[2025-10-02T09:00:54.212+0000][45953.198s][5523][5530][info ] Leaving safepoint region
[2025-10-02T09:00:54.212+0000][45953.198s][5523][5530][info ] Total time for which application threads were stopped: 0.0001414 seconds, Stopping threads took: 0.0000282 seconds
[2025-10-02T09:00:55.212+0000][45954.198s][5523][5530][info ] Application time: 1.0000901 seconds
[2025-10-02T09:00:55.212+0000][45954.198s][5523][5530][info ] Entering safepoint region: Cleanup
[2025-10-02T09:00:55.212+0000][45954.198s][5523][5530][info ] Leaving safepoint region
[2025-10-02T09:00:55.212+0000][45954.198s][5523][5530][info ] Total time for which application threads were stopped: 0.0001358 seconds, Stopping threads took: 0.0000268 seconds
[2025-10-02T09:00:56.212+0000][45955.198s][5523][5530][info ] Application time: 1.0000823 seconds
[2025-10-02T09:00:56.212+0000][45955.198s][5523][5530][info ] Entering safepoint region: Cleanup
[2025-10-02T09:00:56.212+0000][45955.198s][5523][5530][info ] Leaving safepoint region
[2025-10-02T09:00:56.212+0000][45955.198s][5523][5530][info ] Total time for which application threads were stopped: 0.0001359 seconds, Stopping threads took: 0.0000260 seconds
[2025-10-02T09:00:57.212+0000][45956.199s][5523][5530][info ] Application time: 1.0001101 seconds
[2025-10-02T09:00:57.212+0000][45956.199s][5523][5530][info ] Entering safepoint region: Cleanup
[2025-10-02T09:00:57.213+0000][45956.199s][5523][5530][info ] Leaving safepoint region
[2025-10-02T09:00:57.213+0000][45956.199s][5523][5530][info ] Total time for which application threads were stopped: 0.0001470 seconds, Stopping threads took: 0.0000235 seconds
[2025-10-02T09:00:58.213+0000][45957.199s][5523][5530][info ] Application time: 1.0001123 seconds
[2025-10-02T09:00:58.213+0000][45957.199s][5523][5530][info ] Entering safepoint region: Cleanup
[2025-10-02T09:00:58.213+0000][45957.199s][5523][5530][info ] Leaving safepoint region
[2025-10-02T09:00:58.213+0000][45957.199s][5523][5530][info ] Total time for which application threads were stopped: 0.0001382 seconds, Stopping threads took: 0.0000276 seconds
[2025-10-02T09:00:59.213+0000][45958.199s][5523][5530][info ] Application time: 1.0000911 seconds
[2025-10-02T09:00:59.213+0000][45958.199s][5523][5530][info ] Entering safepoint region: Cleanup
[2025-10-02T09:00:59.213+0000][45958.199s][5523][5530][info ] Leaving safepoint region
[2025-10-02T09:00:59.213+0000][45958.199s][5523][5530][info ] Total time for which application threads were stopped: 0.0001416 seconds, Stopping threads took: 0.0000261 seconds
[2025-10-02T09:01:00.213+0000][45959.200s][5523][5530][info ] Application time: 1.0000868 seconds
[2025-10-02T09:01:00.213+0000][45959.200s][5523][5530][info ] Entering safepoint region: Cleanup
[2025-10-02T09:01:00.213+0000][45959.200s][5523][5530][info ] Leaving safepoint region
[2025-10-02T09:01:00.213+0000][45959.200s][5523][5530][info ] Total time for which application threads were stopped: 0.0001424 seconds, Stopping threads took: 0.0000234 seconds
[2025-10-02T09:01:01.214+0000][45960.200s][5523][5530][info ] Application time: 1.0001283 seconds
[2025-10-02T09:01:01.214+0000][45960.200s][5523][5530][info ] Entering safepoint region: Cleanup
[2025-10-02T09:01:01.214+0000][45960.200s][5523][5530][info ] Leaving safepoint region
[2025-10-02T09:01:01.214+0000][45960.200s][5523][5530][info ] Total time for which application threads were stopped: 0.0002464 seconds, Stopping threads took: 0.0000254 seconds
[2025-10-02T09:01:02.214+0000][45961.200s][5523][5530][info ] Application time: 1.0001195 seconds
[2025-10-02T09:01:02.214+0000][45961.201s][5523][5530][info ] Entering safepoint region: Cleanup
[2025-10-02T09:01:02.215+0000][45961.201s][5523][5530][info ] Leaving safepoint region
[2025-10-02T09:01:02.215+0000][45961.201s][5523][5530][info ] Total time for which application threads were stopped: 0.0002419 seconds, Stopping threads took: 0.0000564 seconds
[2025-10-02T09:01:03.128+0000][45962.114s][5523][5529][trace] CMS: promo attempt is safe: available(757274488) >= av_promo(11044653), max_promo(16270816)
[2025-10-02T09:01:03.215+0000][45962.201s][5523][5530][info ] Application time: 1.0003694 seconds
[2025-10-02T09:01:03.215+0000][45962.201s][5523][5530][info ] Entering safepoint region: Cleanup
[2025-10-02T09:01:03.215+0000][45962.202s][5523][5530][info ] Leaving safepoint region
[2025-10-02T09:01:03.215+0000][45962.202s][5523][5530][info ] Total time for which application threads were stopped: 0.0001414 seconds, Stopping threads took: 0.0000312 seconds
[2025-10-02T09:01:04.215+0000][45963.202s][5523][5530][info ] Application time: 1.0001122 seconds
[2025-10-02T09:01:04.216+0000][45963.202s][5523][5530][info ] Entering safepoint region: Cleanup
[2025-10-02T09:01:04.216+0000][45963.202s][5523][5530][info ] Leaving safepoint region
[2025-10-02T09:01:04.216+0000][45963.202s][5523][5530][info ] Total time for which application threads were stopped: 0.0001388 seconds, Stopping threads took: 0.0000280 seconds
[2025-10-02T09:01:05.216+0000][45964.202s][5523][5530][info ] Application time: 1.0001012 seconds
[2025-10-02T09:01:05.216+0000][45964.202s][5523][5530][info ] Entering safepoint region: Cleanup
[2025-10-02T09:01:05.216+0000][45964.202s][5523][5530][info ] Leaving safepoint region
[2025-10-02T09:01:05.216+0000][45964.202s][5523][5530][info ] Total time for which application threads were stopped: 0.0001390 seconds, Stopping threads took: 0.0000237 seconds
[2025-10-02T09:01:06.216+0000][45965.202s][5523][5530][info ] Application time: 1.0001021 seconds
[2025-10-02T09:01:06.216+0000][45965.202s][5523][5530][info ] Entering safepoint region: Cleanup
[2025-10-02T09:01:06.216+0000][45965.203s][5523][5530][info ] Leaving safepoint region
[2025-10-02T09:01:06.216+0000][45965.203s][5523][5530][info ] Total time for which application threads were stopped: 0.0001309 seconds, Stopping threads took: 0.0000232 seconds
[2025-10-02T09:01:07.216+0000][45966.203s][5523][5530][info ] Application time: 1.0000949 seconds
[2025-10-02T09:01:07.216+0000][45966.203s][5523][5530][info ] Entering safepoint region: Cleanup
[2025-10-02T09:01:07.217+0000][45966.203s][5523][5530][info ] Leaving safepoint region
[2025-10-02T09:01:07.217+0000][45966.203s][5523][5530][info ] Total time for which application threads were stopped: 0.0001576 seconds, Stopping threads took: 0.0000262 seconds
[2025-10-02T09:01:08.217+0000][45967.203s][5523][5530][info ] Application time: 1.0001118 seconds
[2025-10-02T09:01:08.217+0000][45967.203s][5523][5530][info ] Entering safepoint region: Cleanup
[2025-10-02T09:01:08.217+0000][45967.203s][5523][5530][info ] Leaving safepoint region
[2025-10-02T09:01:08.217+0000][45967.203s][5523][5530][info ] Total time for which application threads were stopped: 0.0001346 seconds, Stopping threads took: 0.0000242 seconds
[2025-10-02T09:01:09.217+0000][45968.203s][5523][5530][info ] Application time: 1.0001047 seconds
[2025-10-02T09:01:09.217+0000][45968.203s][5523][5530][info ] Entering safepoint region: Cleanup
[2025-10-02T09:01:09.217+0000][45968.203s][5523][5530][info ] Leaving safepoint region
[2025-10-02T09:01:09.217+0000][45968.203s][5523][5530][info ] Total time for which application threads were stopped: 0.0001373 seconds, Stopping threads took: 0.0000260 seconds
[2025-10-02T09:01:10.217+0000][45969.204s][5523][5530][info ] Application time: 1.0000861 seconds
[2025-10-02T09:01:10.217+0000][45969.204s][5523][5530][info ] Entering safepoint region: Cleanup
[2025-10-02T09:01:10.218+0000][45969.204s][5523][5530][info ] Leaving safepoint region
[2025-10-02T09:01:10.218+0000][45969.204s][5523][5530][info ] Total time for which application threads were stopped: 0.0001509 seconds, Stopping threads took: 0.0000226 seconds
[2025-10-02T09:01:11.218+0000][45970.204s][5523][5530][info ] Application time: 1.0001015 seconds
[2025-10-02T09:01:11.218+0000][45970.204s][5523][5530][info ] Entering safepoint region: Cleanup
[2025-10-02T09:01:11.218+0000][45970.204s][5523][5530][info ] Leaving safepoint region
[2025-10-02T09:01:11.218+0000][45970.204s][5523][5530][info ] Total time for which application threads were stopped: 0.0001409 seconds, Stopping threads took: 0.0000256 seconds
[2025-10-02T09:01:12.218+0000][45971.204s][5523][5530][info ] Application time: 1.0000965 seconds
[2025-10-02T09:01:12.218+0000][45971.204s][5523][5530][info ] Entering safepoint region: Cleanup
[2025-10-02T09:01:12.218+0000][45971.204s][5523][5530][info ] Leaving safepoint region
[2025-10-02T09:01:12.218+0000][45971.204s][5523][5530][info ] Total time for which application threads were stopped: 0.0001578 seconds, Stopping threads took: 0.0000275 seconds
[2025-10-02T09:01:13.127+0000][45972.113s][5523][5529][trace] CMS: promo attempt is safe: available(757274488) >= av_promo(11044653), max_promo(17261000)
[2025-10-02T09:01:13.218+0000][45972.204s][5523][5530][info ] Application time: 1.0000815 seconds
[2025-10-02T09:01:13.218+0000][45972.205s][5523][5530][info ] Entering safepoint region: Cleanup
[2025-10-02T09:01:13.218+0000][45972.205s][5523][5530][info ] Leaving safepoint region
[2025-10-02T09:01:13.218+0000][45972.205s][5523][5530][info ] Total time for which application threads were stopped: 0.0001416 seconds, Stopping threads took: 0.0000260 seconds
[2025-10-02T09:01:14.219+0000][45973.205s][5523][5530][info ] Application time: 1.0001121 seconds
[2025-10-02T09:01:14.219+0000][45973.205s][5523][5530][info ] Entering safepoint region: Cleanup
[2025-10-02T09:01:14.219+0000][45973.205s][5523][5530][info ] Leaving safepoint region
[2025-10-02T09:01:14.219+0000][45973.205s][5523][5530][info ] Total time for which application threads were stopped: 0.0001345 seconds, Stopping threads took: 0.0000245 seconds
[2025-10-02T09:01:15.219+0000][45974.205s][5523][5530][info ] Application time: 1.0001015 seconds
[2025-10-02T09:01:15.219+0000][45974.205s][5523][5530][info ] Entering safepoint region: Cleanup
[2025-10-02T09:01:15.219+0000][45974.205s][5523][5530][info ] Leaving safepoint region
[2025-10-02T09:01:15.219+0000][45974.205s][5523][5530][info ] Total time for which application threads were stopped: 0.0001936 seconds, Stopping threads took: 0.0000247 seconds
[2025-10-02T09:01:16.219+0000][45975.205s][5523][5530][info ] Application time: 1.0001220 seconds
[2025-10-02T09:01:16.219+0000][45975.205s][5523][5530][info ] Entering safepoint region: Cleanup
[2025-10-02T09:01:16.219+0000][45975.206s][5523][5530][info ] Leaving safepoint region
[2025-10-02T09:01:16.219+0000][45975.206s][5523][5530][info ] Total time for which application threads were stopped: 0.0001636 seconds, Stopping threads took: 0.0000376 seconds
[2025-10-02T09:01:17.220+0000][45976.206s][5523][5530][info ] Application time: 1.0001169 seconds
[2025-10-02T09:01:17.220+0000][45976.206s][5523][5530][info ] Entering safepoint region: Cleanup
[2025-10-02T09:01:17.220+0000][45976.206s][5523][5530][info ] Leaving safepoint region
[2025-10-02T09:01:17.220+0000][45976.206s][5523][5530][info ] Total time for which application threads were stopped: 0.0001419 seconds, Stopping threads took: 0.0000282 seconds
[2025-10-02T09:01:18.220+0000][45977.206s][5523][5530][info ] Application time: 1.0001085 seconds
[2025-10-02T09:01:18.220+0000][45977.206s][5523][5530][info ] Entering safepoint region: Cleanup
[2025-10-02T09:01:18.220+0000][45977.206s][5523][5530][info ] Leaving safepoint region
[2025-10-02T09:01:18.220+0000][45977.206s][5523][5530][info ] Total time for which application threads were stopped: 0.0001709 seconds, Stopping threads took: 0.0000548 seconds
[2025-10-02T09:01:19.220+0000][45978.206s][5523][5530][info ] Application time: 1.0000989 seconds
[2025-10-02T09:01:19.220+0000][45978.206s][5523][5530][info ] Entering safepoint region: Cleanup
[2025-10-02T09:01:19.220+0000][45978.207s][5523][5530][info ] Leaving safepoint region
[2025-10-02T09:01:19.220+0000][45978.207s][5523][5530][info ] Total time for which application threads were stopped: 0.0001329 seconds, Stopping threads took: 0.0000235 seconds
[2025-10-02T09:01:20.220+0000][45979.207s][5523][5530][info ] Application time: 1.0001064 seconds
[2025-10-02T09:01:20.221+0000][45979.207s][5523][5530][info ] Entering safepoint region: Cleanup
[2025-10-02T09:01:20.221+0000][45979.207s][5523][5530][info ] Leaving safepoint region
[2025-10-02T09:01:20.221+0000][45979.207s][5523][5530][info ] Total time for which application threads were stopped: 0.0001382 seconds, Stopping threads took: 0.0000249 seconds
[2025-10-02T09:01:21.221+0000][45980.207s][5523][5530][info ] Application time: 1.0000787 seconds
[2025-10-02T09:01:21.221+0000][45980.207s][5523][5530][info ] Entering safepoint region: Cleanup
[2025-10-02T09:01:21.221+0000][45980.207s][5523][5530][info ] Leaving safepoint region
[2025-10-02T09:01:21.221+0000][45980.207s][5523][5530][info ] Total time for which application threads were stopped: 0.0001361 seconds, Stopping threads took: 0.0000254 seconds
[2025-10-02T09:01:22.221+0000][45981.207s][5523][5530][info ] Application time: 1.0001054 seconds
[2025-10-02T09:01:22.221+0000][45981.207s][5523][5530][info ] Entering safepoint region: Cleanup
[2025-10-02T09:01:22.221+0000][45981.207s][5523][5530][info ] Leaving safepoint region
[2025-10-02T09:01:22.221+0000][45981.207s][5523][5530][info ] Total time for which application threads were stopped: 0.0001319 seconds, Stopping threads took: 0.0000244 seconds
[2025-10-02T09:01:23.127+0000][45982.114s][5523][5529][trace] CMS: promo attempt is safe: available(757274488) >= av_promo(11044653), max_promo(17413952)
[2025-10-02T09:01:23.221+0000][45982.208s][5523][5530][info ] Application time: 1.0000763 seconds
[2025-10-02T09:01:23.221+0000][45982.208s][5523][5530][info ] Entering safepoint region: Cleanup
[2025-10-02T09:01:23.221+0000][45982.208s][5523][5530][info ] Leaving safepoint region
[2025-10-02T09:01:23.221+0000][45982.208s][5523][5530][info ] Total time for which application threads were stopped: 0.0001307 seconds, Stopping threads took: 0.0000245 seconds
[2025-10-02T09:01:24.222+0000][45983.208s][5523][5530][info ] Application time: 1.0001130 seconds
[2025-10-02T09:01:24.222+0000][45983.208s][5523][5530][info ] Entering safepoint region: Cleanup
[2025-10-02T09:01:24.222+0000][45983.208s][5523][5530][info ] Leaving safepoint region
[2025-10-02T09:01:24.222+0000][45983.208s][5523][5530][info ] Total time for which application threads were stopped: 0.0001308 seconds, Stopping threads took: 0.0000247 seconds
[2025-10-02T09:01:25.222+0000][45984.208s][5523][5530][info ] Application time: 1.0001042 seconds
[2025-10-02T09:01:25.222+0000][45984.208s][5523][5530][info ] Entering safepoint region: Cleanup
[2025-10-02T09:01:25.222+0000][45984.208s][5523][5530][info ] Leaving safepoint region
[2025-10-02T09:01:25.222+0000][45984.208s][5523][5530][info ] Total time for which application threads were stopped: 0.0001327 seconds, Stopping threads took: 0.0000235 seconds
[2025-10-02T09:01:26.222+0000][45985.208s][5523][5530][info ] Application time: 1.0000932 seconds
[2025-10-02T09:01:26.222+0000][45985.208s][5523][5530][info ] Entering safepoint region: Cleanup
[2025-10-02T09:01:26.222+0000][45985.209s][5523][5530][info ] Leaving safepoint region
[2025-10-02T09:01:26.222+0000][45985.209s][5523][5530][info ] Total time for which application threads were stopped: 0.0001433 seconds, Stopping threads took: 0.0000342 seconds
[2025-10-02T09:01:27.222+0000][45986.209s][5523][5530][info ] Application time: 1.0000832 seconds
[2025-10-02T09:01:27.223+0000][45986.209s][5523][5530][info ] Entering safepoint region: Cleanup
[2025-10-02T09:01:27.223+0000][45986.209s][5523][5530][info ] Leaving safepoint region
[2025-10-02T09:01:27.223+0000][45986.209s][5523][5530][info ] Total time for which application threads were stopped: 0.0001379 seconds, Stopping threads took: 0.0000258 seconds
[2025-10-02T09:01:28.223+0000][45987.209s][5523][5530][info ] Application time: 1.0000896 seconds
[2025-10-02T09:01:28.223+0000][45987.209s][5523][5530][info ] Entering safepoint region: Cleanup
[2025-10-02T09:01:28.223+0000][45987.209s][5523][5530][info ] Leaving safepoint region
[2025-10-02T09:01:28.223+0000][45987.209s][5523][5530][info ] Total time for which application threads were stopped: 0.0001522 seconds, Stopping threads took: 0.0000361 seconds
[2025-10-02T09:01:29.223+0000][45988.209s][5523][5530][info ] Application time: 1.0002001 seconds
[2025-10-02T09:01:29.223+0000][45988.209s][5523][5530][info ] Entering safepoint region: Cleanup
[2025-10-02T09:01:29.223+0000][45988.210s][5523][5530][info ] Leaving safepoint region
[2025-10-02T09:01:29.223+0000][45988.210s][5523][5530][info ] Total time for which application threads were stopped: 0.0001371 seconds, Stopping threads took: 0.0000257 seconds
[2025-10-02T09:01:30.223+0000][45989.210s][5523][5530][info ] Application time: 1.0000955 seconds
[2025-10-02T09:01:30.224+0000][45989.210s][5523][5530][info ] Entering safepoint region: Cleanup
[2025-10-02T09:01:30.224+0000][45989.210s][5523][5530][info ] Leaving safepoint region
[2025-10-02T09:01:30.224+0000][45989.210s][5523][5530][info ] Total time for which application threads were stopped: 0.0001359 seconds, Stopping threads took: 0.0000259 seconds
[2025-10-02T09:01:31.224+0000][45990.210s][5523][5530][info ] Application time: 1.0001023 seconds
[2025-10-02T09:01:31.224+0000][45990.210s][5523][5530][info ] Entering safepoint region: Cleanup
[2025-10-02T09:01:31.224+0000][45990.210s][5523][5530][info ] Leaving safepoint region
[2025-10-02T09:01:31.224+0000][45990.210s][5523][5530][info ] Total time for which application threads were stopped: 0.0001383 seconds, Stopping threads took: 0.0000243 seconds
[2025-10-02T09:01:32.224+0000][45991.210s][5523][5530][info ] Application time: 1.0001011 seconds
[2025-10-02T09:01:32.224+0000][45991.210s][5523][5530][info ] Entering safepoint region: Cleanup
[2025-10-02T09:01:32.224+0000][45991.210s][5523][5530][info ] Leaving safepoint region
[2025-10-02T09:01:32.224+0000][45991.210s][5523][5530][info ] Total time for which application threads were stopped: 0.0001356 seconds, Stopping threads took: 0.0000258 seconds
[2025-10-02T09:01:33.127+0000][45992.114s][5523][5529][trace] CMS: promo attempt is safe: available(757274488) >= av_promo(11044653), max_promo(17413952)
[2025-10-02T09:01:33.224+0000][45992.211s][5523][5530][info ] Application time: 1.0000903 seconds
[2025-10-02T09:01:33.224+0000][45992.211s][5523][5530][info ] Entering safepoint region: Cleanup
[2025-10-02T09:01:33.225+0000][45992.211s][5523][5530][info ] Leaving safepoint region
[2025-10-02T09:01:33.225+0000][45992.211s][5523][5530][info ] Total time for which application threads were stopped: 0.0001605 seconds, Stopping threads took: 0.0000272 seconds
[2025-10-02T09:01:34.225+0000][45993.211s][5523][5530][info ] Application time: 1.0001051 seconds
[2025-10-02T09:01:34.225+0000][45993.211s][5523][5530][info ] Entering safepoint region: Cleanup
[2025-10-02T09:01:34.225+0000][45993.211s][5523][5530][info ] Leaving safepoint region
[2025-10-02T09:01:34.225+0000][45993.211s][5523][5530][info ] Total time for which application threads were stopped: 0.0001350 seconds, Stopping threads took: 0.0000252 seconds
[2025-10-02T09:01:35.225+0000][45994.211s][5523][5530][info ] Application time: 1.0001126 seconds
[2025-10-02T09:01:35.225+0000][45994.211s][5523][5530][info ] Entering safepoint region: Cleanup
[2025-10-02T09:01:35.225+0000][45994.211s][5523][5530][info ] Leaving safepoint region
[2025-10-02T09:01:35.225+0000][45994.211s][5523][5530][info ] Total time for which application threads were stopped: 0.0001539 seconds, Stopping threads took: 0.0000249 seconds
[2025-10-02T09:01:36.225+0000][45995.212s][5523][5530][info ] Application time: 1.0001170 seconds
[2025-10-02T09:01:36.225+0000][45995.212s][5523][5530][info ] Entering safepoint region: Cleanup
[2025-10-02T09:01:36.226+0000][45995.212s][5523][5530][info ] Leaving safepoint region
[2025-10-02T09:01:36.226+0000][45995.212s][5523][5530][info ] Total time for which application threads were stopped: 0.0001661 seconds, Stopping threads took: 0.0000255 seconds
[2025-10-02T09:01:37.226+0000][45996.212s][5523][5530][info ] Application time: 1.0001044 seconds
[2025-10-02T09:01:37.226+0000][45996.212s][5523][5530][info ] Entering safepoint region: Cleanup
[2025-10-02T09:01:37.226+0000][45996.212s][5523][5530][info ] Leaving safepoint region
[2025-10-02T09:01:37.226+0000][45996.212s][5523][5530][info ] Total time for which application threads were stopped: 0.0001460 seconds, Stopping threads took: 0.0000256 seconds
[2025-10-02T09:01:38.226+0000][45997.212s][5523][5530][info ] Application time: 1.0000962 seconds
[2025-10-02T09:01:38.226+0000][45997.212s][5523][5530][info ] Entering safepoint region: Cleanup
[2025-10-02T09:01:38.226+0000][45997.212s][5523][5530][info ] Leaving safepoint region
[2025-10-02T09:01:38.226+0000][45997.212s][5523][5530][info ] Total time for which application threads were stopped: 0.0001399 seconds, Stopping threads took: 0.0000278 seconds
[2025-10-02T09:01:39.226+0000][45998.212s][5523][5530][info ] Application time: 1.0001011 seconds
[2025-10-02T09:01:39.226+0000][45998.213s][5523][5530][info ] Entering safepoint region: Cleanup
[2025-10-02T09:01:39.226+0000][45998.213s][5523][5530][info ] Leaving safepoint region
[2025-10-02T09:01:39.226+0000][45998.213s][5523][5530][info ] Total time for which application threads were stopped: 0.0001355 seconds, Stopping threads took: 0.0000247 seconds
[2025-10-02T09:01:40.227+0000][45999.213s][5523][5530][info ] Application time: 1.0001077 seconds
[2025-10-02T09:01:40.227+0000][45999.213s][5523][5530][info ] Entering safepoint region: Cleanup
[2025-10-02T09:01:40.227+0000][45999.213s][5523][5530][info ] Leaving safepoint region
[2025-10-02T09:01:40.227+0000][45999.213s][5523][5530][info ] Total time for which application threads were stopped: 0.0001329 seconds, Stopping threads took: 0.0000250 seconds
[2025-10-02T09:01:41.227+0000][46000.213s][5523][5530][info ] Application time: 1.0001038 seconds
[2025-10-02T09:01:41.227+0000][46000.213s][5523][5530][info ] Entering safepoint region: Cleanup
[2025-10-02T09:01:41.227+0000][46000.213s][5523][5530][info ] Leaving safepoint region
[2025-10-02T09:01:41.227+0000][46000.213s][5523][5530][info ] Total time for which application threads were stopped: 0.0002678 seconds, Stopping threads took: 0.0000232 seconds
[2025-10-02T09:01:42.227+0000][46001.214s][5523][5530][info ] Application time: 1.0001003 seconds
[2025-10-02T09:01:42.227+0000][46001.214s][5523][5530][info ] Entering safepoint region: Cleanup
[2025-10-02T09:01:42.227+0000][46001.214s][5523][5530][info ] Leaving safepoint region
[2025-10-02T09:01:42.227+0000][46001.214s][5523][5530][info ] Total time for which application threads were stopped: 0.0001429 seconds, Stopping threads took: 0.0000273 seconds
[2025-10-02T09:01:43.128+0000][46002.114s][5523][5529][trace] CMS: promo attempt is safe: available(757274488) >= av_promo(11044653), max_promo(17413952)
[2025-10-02T09:01:43.228+0000][46002.214s][5523][5530][info ] Application time: 1.0001006 seconds
[2025-10-02T09:01:43.228+0000][46002.214s][5523][5530][info ] Entering safepoint region: Cleanup
[2025-10-02T09:01:43.228+0000][46002.214s][5523][5530][info ] Leaving safepoint region
[2025-10-02T09:01:43.228+0000][46002.214s][5523][5530][info ] Total time for which application threads were stopped: 0.0001370 seconds, Stopping threads took: 0.0000269 seconds
[2025-10-02T09:01:44.228+0000][46003.214s][5523][5530][info ] Application time: 1.0001196 seconds
[2025-10-02T09:01:44.228+0000][46003.214s][5523][5530][info ] Entering safepoint region: Cleanup
[2025-10-02T09:01:44.228+0000][46003.214s][5523][5530][info ] Leaving safepoint region
[2025-10-02T09:01:44.228+0000][46003.214s][5523][5530][info ] Total time for which application threads were stopped: 0.0001472 seconds, Stopping threads took: 0.0000269 seconds
[2025-10-02T09:01:45.228+0000][46004.214s][5523][5530][info ] Application time: 1.0000959 seconds
[2025-10-02T09:01:45.228+0000][46004.214s][5523][5530][info ] Entering safepoint region: Cleanup
[2025-10-02T09:01:45.228+0000][46004.215s][5523][5530][info ] Leaving safepoint region
[2025-10-02T09:01:45.228+0000][46004.215s][5523][5530][info ] Total time for which application threads were stopped: 0.0001626 seconds, Stopping threads took: 0.0000361 seconds
[2025-10-02T09:01:46.229+0000][46005.215s][5523][5530][info ] Application time: 1.0001040 seconds
[2025-10-02T09:01:46.229+0000][46005.215s][5523][5530][info ] Entering safepoint region: Cleanup
[2025-10-02T09:01:46.229+0000][46005.215s][5523][5530][info ] Leaving safepoint region
[2025-10-02T09:01:46.229+0000][46005.215s][5523][5530][info ] Total time for which application threads were stopped: 0.0001348 seconds, Stopping threads took: 0.0000243 seconds
[2025-10-02T09:01:47.229+0000][46006.215s][5523][5530][info ] Application time: 1.0001706 seconds
[2025-10-02T09:01:47.229+0000][46006.215s][5523][5530][info ] Entering safepoint region: Cleanup
[2025-10-02T09:01:47.229+0000][46006.215s][5523][5530][info ] Leaving safepoint region
[2025-10-02T09:01:47.229+0000][46006.215s][5523][5530][info ] Total time for which application threads were stopped: 0.0001347 seconds, Stopping threads took: 0.0000246 seconds
[2025-10-02T09:01:48.229+0000][46007.215s][5523][5530][info ] Application time: 1.0001037 seconds
[2025-10-02T09:01:48.229+0000][46007.215s][5523][5530][info ] Entering safepoint region: Cleanup
[2025-10-02T09:01:48.229+0000][46007.216s][5523][5530][info ] Leaving safepoint region
[2025-10-02T09:01:48.229+0000][46007.216s][5523][5530][info ] Total time for which application threads were stopped: 0.0001399 seconds, Stopping threads took: 0.0000313 seconds
[2025-10-02T09:01:49.229+0000][46008.216s][5523][5530][info ] Application time: 1.0001018 seconds
[2025-10-02T09:01:49.230+0000][46008.216s][5523][5530][info ] Entering safepoint region: Cleanup
[2025-10-02T09:01:49.230+0000][46008.216s][5523][5530][info ] Leaving safepoint region
[2025-10-02T09:01:49.230+0000][46008.216s][5523][5530][info ] Total time for which application threads were stopped: 0.0001409 seconds, Stopping threads took: 0.0000287 seconds
[2025-10-02T09:01:50.230+0000][46009.216s][5523][5530][info ] Application time: 1.0001083 seconds
[2025-10-02T09:01:50.230+0000][46009.216s][5523][5530][info ] Entering safepoint region: Cleanup
[2025-10-02T09:01:50.230+0000][46009.216s][5523][5530][info ] Leaving safepoint region
[2025-10-02T09:01:50.230+0000][46009.216s][5523][5530][info ] Total time for which application threads were stopped: 0.0001455 seconds, Stopping threads took: 0.0000326 seconds
[2025-10-02T09:01:51.230+0000][46010.216s][5523][5530][info ] Application time: 1.0001024 seconds
[2025-10-02T09:01:51.230+0000][46010.216s][5523][5530][info ] Entering safepoint region: Cleanup
[2025-10-02T09:01:51.230+0000][46010.217s][5523][5530][info ] Leaving safepoint region
[2025-10-02T09:01:51.230+0000][46010.217s][5523][5530][info ] Total time for which application threads were stopped: 0.0001373 seconds, Stopping threads took: 0.0000239 seconds
[2025-10-02T09:01:52.230+0000][46011.217s][5523][5530][info ] Application time: 1.0000906 seconds
[2025-10-02T09:01:52.230+0000][46011.217s][5523][5530][info ] Entering safepoint region: Cleanup
[2025-10-02T09:01:52.231+0000][46011.217s][5523][5530][info ] Leaving safepoint region
[2025-10-02T09:01:52.231+0000][46011.217s][5523][5530][info ] Total time for which application threads were stopped: 0.0001713 seconds, Stopping threads took: 0.0000234 seconds
[2025-10-02T09:01:53.127+0000][46012.113s][5523][5529][trace] CMS: promo attempt is safe: available(757274488) >= av_promo(11044653), max_promo(19319648)
[2025-10-02T09:01:53.231+0000][46012.217s][5523][5530][info ] Application time: 1.0000698 seconds
[2025-10-02T09:01:53.231+0000][46012.217s][5523][5530][info ] Entering safepoint region: Cleanup
[2025-10-02T09:01:53.231+0000][46012.217s][5523][5530][info ] Leaving safepoint region
[2025-10-02T09:01:53.231+0000][46012.217s][5523][5530][info ] Total time for which application threads were stopped: 0.0001372 seconds, Stopping threads took: 0.0000235 seconds
[2025-10-02T09:01:54.231+0000][46013.217s][5523][5530][info ] Application time: 1.0000809 seconds
[2025-10-02T09:01:54.231+0000][46013.217s][5523][5530][info ] Entering safepoint region: Cleanup
[2025-10-02T09:01:54.231+0000][46013.217s][5523][5530][info ] Leaving safepoint region
[2025-10-02T09:01:54.231+0000][46013.217s][5523][5530][info ] Total time for which application threads were stopped: 0.0001667 seconds, Stopping threads took: 0.0000384 seconds
[2025-10-02T09:01:55.231+0000][46014.218s][5523][5530][info ] Application time: 1.0000790 seconds
[2025-10-02T09:01:55.231+0000][46014.218s][5523][5530][info ] Entering safepoint region: Cleanup
[2025-10-02T09:01:55.232+0000][46014.218s][5523][5530][info ] Leaving safepoint region
[2025-10-02T09:01:55.232+0000][46014.218s][5523][5530][info ] Total time for which application threads were stopped: 0.0001596 seconds, Stopping threads took: 0.0000270 seconds
[2025-10-02T09:01:56.232+0000][46015.218s][5523][5530][info ] Application time: 1.0000775 seconds
[2025-10-02T09:01:56.232+0000][46015.218s][5523][5530][info ] Entering safepoint region: Cleanup
[2025-10-02T09:01:56.232+0000][46015.218s][5523][5530][info ] Leaving safepoint region
[2025-10-02T09:01:56.232+0000][46015.218s][5523][5530][info ] Total time for which application threads were stopped: 0.0001399 seconds, Stopping threads took: 0.0000291 seconds
[2025-10-02T09:01:57.232+0000][46016.218s][5523][5530][info ] Application time: 1.0001010 seconds
[2025-10-02T09:01:57.232+0000][46016.218s][5523][5530][info ] Entering safepoint region: Cleanup
[2025-10-02T09:01:57.232+0000][46016.218s][5523][5530][info ] Leaving safepoint region
[2025-10-02T09:01:57.232+0000][46016.218s][5523][5530][info ] Total time for which application threads were stopped: 0.0001367 seconds, Stopping threads took: 0.0000256 seconds
[2025-10-02T09:01:58.232+0000][46017.218s][5523][5530][info ] Application time: 1.0001013 seconds
[2025-10-02T09:01:58.232+0000][46017.219s][5523][5530][info ] Entering safepoint region: Cleanup
[2025-10-02T09:01:58.232+0000][46017.219s][5523][5530][info ] Leaving safepoint region
[2025-10-02T09:01:58.232+0000][46017.219s][5523][5530][info ] Total time for which application threads were stopped: 0.0001426 seconds, Stopping threads took: 0.0000343 seconds
[2025-10-02T09:01:59.233+0000][46018.219s][5523][5530][info ] Application time: 1.0000929 seconds
[2025-10-02T09:01:59.233+0000][46018.219s][5523][5530][info ] Entering safepoint region: Cleanup
[2025-10-02T09:01:59.233+0000][46018.219s][5523][5530][info ] Leaving safepoint region
[2025-10-02T09:01:59.233+0000][46018.219s][5523][5530][info ] Total time for which application threads were stopped: 0.0001324 seconds, Stopping threads took: 0.0000252 seconds
[2025-10-02T09:02:00.233+0000][46019.219s][5523][5530][info ] Application time: 1.0000954 seconds
[2025-10-02T09:02:00.233+0000][46019.219s][5523][5530][info ] Entering safepoint region: Cleanup
[2025-10-02T09:02:00.233+0000][46019.219s][5523][5530][info ] Leaving safepoint region
[2025-10-02T09:02:00.233+0000][46019.219s][5523][5530][info ] Total time for which application threads were stopped: 0.0001484 seconds, Stopping threads took: 0.0000281 seconds
[2025-10-02T09:02:01.233+0000][46020.219s][5523][5530][info ] Application time: 1.0001346 seconds
[2025-10-02T09:02:01.233+0000][46020.219s][5523][5530][info ] Entering safepoint region: Cleanup
[2025-10-02T09:02:01.233+0000][46020.220s][5523][5530][info ] Leaving safepoint region
[2025-10-02T09:02:01.233+0000][46020.220s][5523][5530][info ] Total time for which application threads were stopped: 0.0001385 seconds, Stopping threads took: 0.0000253 seconds
[2025-10-02T09:02:02.233+0000][46021.220s][5523][5530][info ] Application time: 1.0000949 seconds
[2025-10-02T09:02:02.234+0000][46021.220s][5523][5530][info ] Entering safepoint region: Cleanup
[2025-10-02T09:02:02.234+0000][46021.220s][5523][5530][info ] Leaving safepoint region
[2025-10-02T09:02:02.234+0000][46021.220s][5523][5530][info ] Total time for which application threads were stopped: 0.0001456 seconds, Stopping threads took: 0.0000242 seconds
[2025-10-02T09:02:03.127+0000][46022.113s][5523][5529][trace] CMS: promo attempt is safe: available(757274488) >= av_promo(11044653), max_promo(19332856)
[2025-10-02T09:02:03.234+0000][46022.220s][5523][5530][info ] Application time: 1.0000772 seconds
[2025-10-02T09:02:03.234+0000][46022.220s][5523][5530][info ] Entering safepoint region: Cleanup
[2025-10-02T09:02:03.234+0000][46022.220s][5523][5530][info ] Leaving safepoint region
[2025-10-02T09:02:03.234+0000][46022.220s][5523][5530][info ] Total time for which application threads were stopped: 0.0001347 seconds, Stopping threads took: 0.0000257 seconds
[2025-10-02T09:02:04.234+0000][46023.220s][5523][5530][info ] Application time: 1.0000820 seconds
[2025-10-02T09:02:04.234+0000][46023.220s][5523][5530][info ] Entering safepoint region: Cleanup
[2025-10-02T09:02:04.234+0000][46023.220s][5523][5530][info ] Leaving safepoint region
[2025-10-02T09:02:04.234+0000][46023.220s][5523][5530][info ] Total time for which application threads were stopped: 0.0001311 seconds, Stopping threads took: 0.0000243 seconds
[2025-10-02T09:02:05.234+0000][46024.221s][5523][5530][info ] Application time: 1.0001018 seconds
[2025-10-02T09:02:05.234+0000][46024.221s][5523][5530][info ] Entering safepoint region: Cleanup
[2025-10-02T09:02:05.234+0000][46024.221s][5523][5530][info ] Leaving safepoint region
[2025-10-02T09:02:05.235+0000][46024.221s][5523][5530][info ] Total time for which application threads were stopped: 0.0001567 seconds, Stopping threads took: 0.0000261 seconds
[2025-10-02T09:02:06.235+0000][46025.221s][5523][5530][info ] Application time: 1.0000855 seconds
[2025-10-02T09:02:06.235+0000][46025.221s][5523][5530][info ] Entering safepoint region: Cleanup
[2025-10-02T09:02:06.235+0000][46025.221s][5523][5530][info ] Leaving safepoint region
[2025-10-02T09:02:06.235+0000][46025.221s][5523][5530][info ] Total time for which application threads were stopped: 0.0001300 seconds, Stopping threads took: 0.0000237 seconds
[2025-10-02T09:02:07.235+0000][46026.221s][5523][5530][info ] Application time: 1.0001032 seconds
[2025-10-02T09:02:07.235+0000][46026.221s][5523][5530][info ] Entering safepoint region: Cleanup
[2025-10-02T09:02:07.235+0000][46026.221s][5523][5530][info ] Leaving safepoint region
[2025-10-02T09:02:07.235+0000][46026.221s][5523][5530][info ] Total time for which application threads were stopped: 0.0002735 seconds, Stopping threads took: 0.0000306 seconds
[2025-10-02T09:02:08.235+0000][46027.222s][5523][5530][info ] Application time: 1.0001042 seconds
[2025-10-02T09:02:08.235+0000][46027.222s][5523][5530][info ] Entering safepoint region: Cleanup
[2025-10-02T09:02:08.236+0000][46027.222s][5523][5530][info ] Leaving safepoint region
[2025-10-02T09:02:08.236+0000][46027.222s][5523][5530][info ] Total time for which application threads were stopped: 0.0002489 seconds, Stopping threads took: 0.0000339 seconds
[2025-10-02T09:02:09.236+0000][46028.222s][5523][5530][info ] Application time: 1.0000983 seconds
[2025-10-02T09:02:09.236+0000][46028.222s][5523][5530][info ] Entering safepoint region: Cleanup
[2025-10-02T09:02:09.236+0000][46028.222s][5523][5530][info ] Leaving safepoint region
[2025-10-02T09:02:09.236+0000][46028.222s][5523][5530][info ] Total time for which application threads were stopped: 0.0001469 seconds, Stopping threads took: 0.0000297 seconds
[2025-10-02T09:02:10.236+0000][46029.222s][5523][5530][info ] Application time: 1.0000790 seconds
[2025-10-02T09:02:10.236+0000][46029.222s][5523][5530][info ] Entering safepoint region: Cleanup
[2025-10-02T09:02:10.236+0000][46029.222s][5523][5530][info ] Leaving safepoint region
[2025-10-02T09:02:10.236+0000][46029.222s][5523][5530][info ] Total time for which application threads were stopped: 0.0001610 seconds, Stopping threads took: 0.0000447 seconds
[2025-10-02T09:02:11.236+0000][46030.223s][5523][5530][info ] Application time: 1.0001076 seconds
[2025-10-02T09:02:11.236+0000][46030.223s][5523][5530][info ] Entering safepoint region: Cleanup
[2025-10-02T09:02:11.237+0000][46030.223s][5523][5530][info ] Leaving safepoint region
[2025-10-02T09:02:11.237+0000][46030.223s][5523][5530][info ] Total time for which application threads were stopped: 0.0001589 seconds, Stopping threads took: 0.0000249 seconds
[2025-10-02T09:02:12.237+0000][46031.223s][5523][5530][info ] Application time: 1.0000842 seconds
[2025-10-02T09:02:12.237+0000][46031.223s][5523][5530][info ] Entering safepoint region: Cleanup
[2025-10-02T09:02:12.237+0000][46031.223s][5523][5530][info ] Leaving safepoint region
[2025-10-02T09:02:12.237+0000][46031.223s][5523][5530][info ] Total time for which application threads were stopped: 0.0001357 seconds, Stopping threads took: 0.0000239 seconds
[2025-10-02T09:02:13.127+0000][46032.113s][5523][5529][trace] CMS: promo attempt is safe: available(757274488) >= av_promo(11044653), max_promo(19566136)
[2025-10-02T09:02:13.237+0000][46032.223s][5523][5530][info ] Application time: 1.0001090 seconds
[2025-10-02T09:02:13.237+0000][46032.223s][5523][5530][info ] Entering safepoint region: Cleanup
[2025-10-02T09:02:13.237+0000][46032.223s][5523][5530][info ] Leaving safepoint region
[2025-10-02T09:02:13.237+0000][46032.223s][5523][5530][info ] Total time for which application threads were stopped: 0.0001425 seconds, Stopping threads took: 0.0000281 seconds
[2025-10-02T09:02:14.237+0000][46033.224s][5523][5530][info ] Application time: 1.0001118 seconds
[2025-10-02T09:02:14.237+0000][46033.224s][5523][5530][info ] Entering safepoint region: Cleanup
[2025-10-02T09:02:14.237+0000][46033.224s][5523][5530][info ] Leaving safepoint region
[2025-10-02T09:02:14.237+0000][46033.224s][5523][5530][info ] Total time for which application threads were stopped: 0.0001437 seconds, Stopping threads took: 0.0000266 seconds
[2025-10-02T09:02:15.238+0000][46034.224s][5523][5530][info ] Application time: 1.0001317 seconds
[2025-10-02T09:02:15.238+0000][46034.224s][5523][5530][info ] Entering safepoint region: Cleanup
[2025-10-02T09:02:15.238+0000][46034.224s][5523][5530][info ] Leaving safepoint region
[2025-10-02T09:02:15.238+0000][46034.224s][5523][5530][info ] Total time for which application threads were stopped: 0.0001481 seconds, Stopping threads took: 0.0000306 seconds
[2025-10-02T09:02:16.238+0000][46035.224s][5523][5530][info ] Application time: 1.0001049 seconds
[2025-10-02T09:02:16.238+0000][46035.224s][5523][5530][info ] Entering safepoint region: Cleanup
[2025-10-02T09:02:16.238+0000][46035.224s][5523][5530][info ] Leaving safepoint region
[2025-10-02T09:02:16.238+0000][46035.224s][5523][5530][info ] Total time for which application threads were stopped: 0.0001485 seconds, Stopping threads took: 0.0000353 seconds
[2025-10-02T09:02:17.238+0000][46036.224s][5523][5530][info ] Application time: 1.0001048 seconds
[2025-10-02T09:02:17.238+0000][46036.225s][5523][5530][info ] Entering safepoint region: Cleanup
[2025-10-02T09:02:17.238+0000][46036.225s][5523][5530][info ] Leaving safepoint region
[2025-10-02T09:02:17.238+0000][46036.225s][5523][5530][info ] Total time for which application threads were stopped: 0.0001367 seconds, Stopping threads took: 0.0000252 seconds
[2025-10-02T09:02:18.239+0000][46037.225s][5523][5530][info ] Application time: 1.0000970 seconds
[2025-10-02T09:02:18.239+0000][46037.225s][5523][5530][info ] Entering safepoint region: Cleanup
[2025-10-02T09:02:18.240+0000][46037.226s][5523][5530][info ] Leaving safepoint region
[2025-10-02T09:02:18.240+0000][46037.226s][5523][5530][info ] Total time for which application threads were stopped: 0.0011904 seconds, Stopping threads took: 0.0010481 seconds
[2025-10-02T09:02:19.240+0000][46038.226s][5523][5530][info ] Application time: 1.0001075 seconds
[2025-10-02T09:02:19.240+0000][46038.226s][5523][5530][info ] Entering safepoint region: Cleanup
[2025-10-02T09:02:19.240+0000][46038.226s][5523][5530][info ] Leaving safepoint region
[2025-10-02T09:02:19.240+0000][46038.226s][5523][5530][info ] Total time for which application threads were stopped: 0.0001381 seconds, Stopping threads took: 0.0000242 seconds
[2025-10-02T09:02:20.240+0000][46039.226s][5523][5530][info ] Application time: 1.0001044 seconds
[2025-10-02T09:02:20.240+0000][46039.227s][5523][5530][info ] Entering safepoint region: Cleanup
[2025-10-02T09:02:20.240+0000][46039.227s][5523][5530][info ] Leaving safepoint region
[2025-10-02T09:02:20.240+0000][46039.227s][5523][5530][info ] Total time for which application threads were stopped: 0.0001355 seconds, Stopping threads took: 0.0000265 seconds
[2025-10-02T09:02:21.240+0000][46040.227s][5523][5530][info ] Application time: 1.0000828 seconds
[2025-10-02T09:02:21.241+0000][46040.227s][5523][5530][info ] Entering safepoint region: Cleanup
[2025-10-02T09:02:21.241+0000][46040.227s][5523][5530][info ] Leaving safepoint region
[2025-10-02T09:02:21.241+0000][46040.227s][5523][5530][info ] Total time for which application threads were stopped: 0.0001400 seconds, Stopping threads took: 0.0000273 seconds
[2025-10-02T09:02:22.241+0000][46041.227s][5523][5530][info ] Application time: 1.0000820 seconds
[2025-10-02T09:02:22.241+0000][46041.227s][5523][5530][info ] Entering safepoint region: Cleanup
[2025-10-02T09:02:22.241+0000][46041.227s][5523][5530][info ] Leaving safepoint region
[2025-10-02T09:02:22.241+0000][46041.227s][5523][5530][info ] Total time for which application threads were stopped: 0.0001362 seconds, Stopping threads took: 0.0000247 seconds
[2025-10-02T09:02:23.127+0000][46042.114s][5523][5529][trace] CMS: promo attempt is safe: available(757274488) >= av_promo(11044653), max_promo(19566136)
[2025-10-02T09:02:23.241+0000][46042.227s][5523][5530][info ] Application time: 1.0000916 seconds
[2025-10-02T09:02:23.241+0000][46042.227s][5523][5530][info ] Entering safepoint region: Cleanup
[2025-10-02T09:02:23.241+0000][46042.227s][5523][5530][info ] Leaving safepoint region
[2025-10-02T09:02:23.241+0000][46042.227s][5523][5530][info ] Total time for which application threads were stopped: 0.0001576 seconds, Stopping threads took: 0.0000264 seconds
[2025-10-02T09:02:24.241+0000][46043.228s][5523][5530][info ] Application time: 1.0001000 seconds
[2025-10-02T09:02:24.241+0000][46043.228s][5523][5530][info ] Entering safepoint region: Cleanup
[2025-10-02T09:02:24.242+0000][46043.228s][5523][5530][info ] Leaving safepoint region
[2025-10-02T09:02:24.242+0000][46043.228s][5523][5530][info ] Total time for which application threads were stopped: 0.0001649 seconds, Stopping threads took: 0.0000246 seconds
[2025-10-02T09:02:25.242+0000][46044.228s][5523][5530][info ] Application time: 1.0000992 seconds
[2025-10-02T09:02:25.242+0000][46044.228s][5523][5530][info ] Entering safepoint region: Cleanup
[2025-10-02T09:02:25.242+0000][46044.228s][5523][5530][info ] Leaving safepoint region
[2025-10-02T09:02:25.242+0000][46044.228s][5523][5530][info ] Total time for which application threads were stopped: 0.0001573 seconds, Stopping threads took: 0.0000270 seconds
[2025-10-02T09:02:26.242+0000][46045.228s][5523][5530][info ] Application time: 1.0001020 seconds
[2025-10-02T09:02:26.242+0000][46045.228s][5523][5530][info ] Entering safepoint region: Cleanup
[2025-10-02T09:02:26.242+0000][46045.228s][5523][5530][info ] Leaving safepoint region
[2025-10-02T09:02:26.242+0000][46045.228s][5523][5530][info ] Total time for which application threads were stopped: 0.0001346 seconds, Stopping threads took: 0.0000251 seconds
[2025-10-02T09:02:27.242+0000][46046.229s][5523][5530][info ] Application time: 1.0001067 seconds
[2025-10-02T09:02:27.242+0000][46046.229s][5523][5530][info ] Entering safepoint region: Cleanup
[2025-10-02T09:02:27.243+0000][46046.229s][5523][5530][info ] Leaving safepoint region
[2025-10-02T09:02:27.243+0000][46046.229s][5523][5530][info ] Total time for which application threads were stopped: 0.0001791 seconds, Stopping threads took: 0.0000457 seconds
[2025-10-02T09:02:28.243+0000][46047.229s][5523][5530][info ] Application time: 1.0000916 seconds
[2025-10-02T09:02:28.243+0000][46047.229s][5523][5530][info ] Entering safepoint region: Cleanup
[2025-10-02T09:02:28.243+0000][46047.229s][5523][5530][info ] Leaving safepoint region
[2025-10-02T09:02:28.243+0000][46047.229s][5523][5530][info ] Total time for which application threads were stopped: 0.0001397 seconds, Stopping threads took: 0.0000250 seconds
[2025-10-02T09:02:29.243+0000][46048.229s][5523][5530][info ] Application time: 1.0001164 seconds
[2025-10-02T09:02:29.243+0000][46048.229s][5523][5530][info ] Entering safepoint region: Cleanup
[2025-10-02T09:02:29.243+0000][46048.229s][5523][5530][info ] Leaving safepoint region
[2025-10-02T09:02:29.243+0000][46048.229s][5523][5530][info ] Total time for which application threads were stopped: 0.0001487 seconds, Stopping threads took: 0.0000314 seconds
[2025-10-02T09:02:30.243+0000][46049.230s][5523][5530][info ] Application time: 1.0001092 seconds
[2025-10-02T09:02:30.243+0000][46049.230s][5523][5530][info ] Entering safepoint region: Cleanup
[2025-10-02T09:02:30.244+0000][46049.230s][5523][5530][info ] Leaving safepoint region
[2025-10-02T09:02:30.244+0000][46049.230s][5523][5530][info ] Total time for which application threads were stopped: 0.0002940 seconds, Stopping threads took: 0.0000277 seconds
[2025-10-02T09:02:31.244+0000][46050.230s][5523][5530][info ] Application time: 1.0001003 seconds
[2025-10-02T09:02:31.244+0000][46050.230s][5523][5530][info ] Entering safepoint region: Cleanup
[2025-10-02T09:02:31.244+0000][46050.230s][5523][5530][info ] Leaving safepoint region
[2025-10-02T09:02:31.244+0000][46050.230s][5523][5530][info ] Total time for which application threads were stopped: 0.0001369 seconds, Stopping threads took: 0.0000254 seconds
[2025-10-02T09:02:32.244+0000][46051.230s][5523][5530][info ] Application time: 1.0001087 seconds
[2025-10-02T09:02:32.244+0000][46051.230s][5523][5530][info ] Entering safepoint region: Cleanup
[2025-10-02T09:02:32.244+0000][46051.231s][5523][5530][info ] Leaving safepoint region
[2025-10-02T09:02:32.244+0000][46051.231s][5523][5530][info ] Total time for which application threads were stopped: 0.0001339 seconds, Stopping threads took: 0.0000250 seconds
[2025-10-02T09:02:33.127+0000][46052.113s][5523][5529][trace] CMS: promo attempt is safe: available(757274488) >= av_promo(11044653), max_promo(20290008)
[2025-10-02T09:02:33.244+0000][46052.231s][5523][5530][info ] Application time: 1.0001019 seconds
[2025-10-02T09:02:33.244+0000][46052.231s][5523][5530][info ] Entering safepoint region: Cleanup
[2025-10-02T09:02:33.245+0000][46052.231s][5523][5530][info ] Leaving safepoint region
[2025-10-02T09:02:33.245+0000][46052.231s][5523][5530][info ] Total time for which application threads were stopped: 0.0001693 seconds, Stopping threads took: 0.0000243 seconds
[2025-10-02T09:02:34.245+0000][46053.231s][5523][5530][info ] Application time: 1.0001017 seconds
[2025-10-02T09:02:34.245+0000][46053.231s][5523][5530][info ] Entering safepoint region: Cleanup
[2025-10-02T09:02:34.245+0000][46053.231s][5523][5530][info ] Leaving safepoint region
[2025-10-02T09:02:34.245+0000][46053.231s][5523][5530][info ] Total time for which application threads were stopped: 0.0001387 seconds, Stopping threads took: 0.0000251 seconds
[2025-10-02T09:02:35.245+0000][46054.231s][5523][5530][info ] Application time: 1.0000909 seconds
[2025-10-02T09:02:35.245+0000][46054.231s][5523][5530][info ] Entering safepoint region: Cleanup
[2025-10-02T09:02:35.245+0000][46054.231s][5523][5530][info ] Leaving safepoint region
[2025-10-02T09:02:35.245+0000][46054.231s][5523][5530][info ] Total time for which application threads were stopped: 0.0001445 seconds, Stopping threads took: 0.0000252 seconds
[2025-10-02T09:02:36.245+0000][46055.232s][5523][5530][info ] Application time: 1.0001005 seconds
[2025-10-02T09:02:36.245+0000][46055.232s][5523][5530][info ] Entering safepoint region: Cleanup
[2025-10-02T09:02:36.246+0000][46055.232s][5523][5530][info ] Leaving safepoint region
[2025-10-02T09:02:36.246+0000][46055.232s][5523][5530][info ] Total time for which application threads were stopped: 0.0001633 seconds, Stopping threads took: 0.0000256 seconds
[2025-10-02T09:02:37.246+0000][46056.232s][5523][5530][info ] Application time: 1.0000899 seconds
[2025-10-02T09:02:37.246+0000][46056.232s][5523][5530][info ] Entering safepoint region: Cleanup
[2025-10-02T09:02:37.246+0000][46056.232s][5523][5530][info ] Leaving safepoint region
[2025-10-02T09:02:37.246+0000][46056.232s][5523][5530][info ] Total time for which application threads were stopped: 0.0001437 seconds, Stopping threads took: 0.0000343 seconds
[2025-10-02T09:02:38.246+0000][46057.232s][5523][5530][info ] Application time: 1.0001174 seconds
[2025-10-02T09:02:38.246+0000][46057.232s][5523][5530][info ] Entering safepoint region: Cleanup
[2025-10-02T09:02:38.246+0000][46057.232s][5523][5530][info ] Leaving safepoint region
[2025-10-02T09:02:38.247+0000][46057.233s][5523][5530][info ] Total time for which application threads were stopped: 0.0012303 seconds, Stopping threads took: 0.0000329 seconds
[2025-10-02T09:02:39.247+0000][46058.234s][5523][5530][info ] Application time: 1.0000898 seconds
[2025-10-02T09:02:39.247+0000][46058.234s][5523][5530][info ] Entering safepoint region: Cleanup
[2025-10-02T09:02:39.248+0000][46058.234s][5523][5530][info ] Leaving safepoint region
[2025-10-02T09:02:39.248+0000][46058.234s][5523][5530][info ] Total time for which application threads were stopped: 0.0001628 seconds, Stopping threads took: 0.0000283 seconds
[2025-10-02T09:02:40.248+0000][46059.234s][5523][5530][info ] Application time: 1.0001087 seconds
[2025-10-02T09:02:40.248+0000][46059.234s][5523][5530][info ] Entering safepoint region: Cleanup
[2025-10-02T09:02:40.248+0000][46059.234s][5523][5530][info ] Leaving safepoint region
[2025-10-02T09:02:40.248+0000][46059.234s][5523][5530][info ] Total time for which application threads were stopped: 0.0001398 seconds, Stopping threads took: 0.0000274 seconds
[2025-10-02T09:02:41.248+0000][46060.234s][5523][5530][info ] Application time: 1.0001063 seconds
[2025-10-02T09:02:41.248+0000][46060.234s][5523][5530][info ] Entering safepoint region: Cleanup
[2025-10-02T09:02:41.248+0000][46060.234s][5523][5530][info ] Leaving safepoint region
[2025-10-02T09:02:41.248+0000][46060.234s][5523][5530][info ] Total time for which application threads were stopped: 0.0001357 seconds, Stopping threads took: 0.0000244 seconds
[2025-10-02T09:02:42.248+0000][46061.235s][5523][5530][info ] Application time: 1.0001058 seconds
[2025-10-02T09:02:42.248+0000][46061.235s][5523][5530][info ] Entering safepoint region: Cleanup
[2025-10-02T09:02:42.249+0000][46061.235s][5523][5530][info ] Leaving safepoint region
[2025-10-02T09:02:42.249+0000][46061.235s][5523][5530][info ] Total time for which application threads were stopped: 0.0001686 seconds, Stopping threads took: 0.0000266 seconds
[2025-10-02T09:02:43.127+0000][46062.113s][5523][5529][trace] CMS: promo attempt is safe: available(757274488) >= av_promo(11044653), max_promo(20482760)
[2025-10-02T09:02:43.249+0000][46062.235s][5523][5530][info ] Application time: 1.0001073 seconds
[2025-10-02T09:02:43.249+0000][46062.235s][5523][5530][info ] Entering safepoint region: Cleanup
[2025-10-02T09:02:43.249+0000][46062.235s][5523][5530][info ] Leaving safepoint region
[2025-10-02T09:02:43.249+0000][46062.235s][5523][5530][info ] Total time for which application threads were stopped: 0.0001378 seconds, Stopping threads took: 0.0000271 seconds
[2025-10-02T09:02:44.249+0000][46063.235s][5523][5530][info ] Application time: 1.0001038 seconds
[2025-10-02T09:02:44.249+0000][46063.235s][5523][5530][info ] Entering safepoint region: Cleanup
[2025-10-02T09:02:44.249+0000][46063.235s][5523][5530][info ] Leaving safepoint region
[2025-10-02T09:02:44.249+0000][46063.235s][5523][5530][info ] Total time for which application threads were stopped: 0.0001568 seconds, Stopping threads took: 0.0000264 seconds
[2025-10-02T09:02:45.249+0000][46064.236s][5523][5530][info ] Application time: 1.0001019 seconds
[2025-10-02T09:02:45.249+0000][46064.236s][5523][5530][info ] Entering safepoint region: Cleanup
[2025-10-02T09:02:45.249+0000][46064.236s][5523][5530][info ] Leaving safepoint region
[2025-10-02T09:02:45.249+0000][46064.236s][5523][5530][info ] Total time for which application threads were stopped: 0.0001340 seconds, Stopping threads took: 0.0000251 seconds
[2025-10-02T09:02:46.250+0000][46065.236s][5523][5530][info ] Application time: 1.0001055 seconds
[2025-10-02T09:02:46.250+0000][46065.236s][5523][5530][info ] Entering safepoint region: Cleanup
[2025-10-02T09:02:46.250+0000][46065.236s][5523][5530][info ] Leaving safepoint region
[2025-10-02T09:02:46.250+0000][46065.236s][5523][5530][info ] Total time for which application threads were stopped: 0.0001346 seconds, Stopping threads took: 0.0000246 seconds
[2025-10-02T09:02:47.250+0000][46066.236s][5523][5530][info ] Application time: 1.0000995 seconds
[2025-10-02T09:02:47.250+0000][46066.236s][5523][5530][info ] Entering safepoint region: Cleanup
[2025-10-02T09:02:47.250+0000][46066.236s][5523][5530][info ] Leaving safepoint region
[2025-10-02T09:02:47.250+0000][46066.236s][5523][5530][info ] Total time for which application threads were stopped: 0.0001330 seconds, Stopping threads took: 0.0000264 seconds
[2025-10-02T09:02:48.250+0000][46067.236s][5523][5530][info ] Application time: 1.0001041 seconds
[2025-10-02T09:02:48.250+0000][46067.236s][5523][5530][info ] Entering safepoint region: Cleanup
[2025-10-02T09:02:48.250+0000][46067.237s][5523][5530][info ] Leaving safepoint region
[2025-10-02T09:02:48.250+0000][46067.237s][5523][5530][info ] Total time for which application threads were stopped: 0.0001439 seconds, Stopping threads took: 0.0000310 seconds
[2025-10-02T09:02:49.250+0000][46068.237s][5523][5530][info ] Application time: 1.0000894 seconds
[2025-10-02T09:02:49.251+0000][46068.237s][5523][5530][info ] Entering safepoint region: Cleanup
[2025-10-02T09:02:49.251+0000][46068.237s][5523][5530][info ] Leaving safepoint region
[2025-10-02T09:02:49.251+0000][46068.237s][5523][5530][info ] Total time for which application threads were stopped: 0.0001634 seconds, Stopping threads took: 0.0000450 seconds
[2025-10-02T09:02:50.251+0000][46069.237s][5523][5530][info ] Application time: 1.0001014 seconds
[2025-10-02T09:02:50.251+0000][46069.237s][5523][5530][info ] Entering safepoint region: Cleanup
[2025-10-02T09:02:50.251+0000][46069.237s][5523][5530][info ] Leaving safepoint region
[2025-10-02T09:02:50.251+0000][46069.237s][5523][5530][info ] Total time for which application threads were stopped: 0.0001355 seconds, Stopping threads took: 0.0000262 seconds
[2025-10-02T09:02:51.251+0000][46070.237s][5523][5530][info ] Application time: 1.0001591 seconds
[2025-10-02T09:02:51.251+0000][46070.237s][5523][5530][info ] Entering safepoint region: Cleanup
[2025-10-02T09:02:51.251+0000][46070.238s][5523][5530][info ] Leaving safepoint region
[2025-10-02T09:02:51.251+0000][46070.238s][5523][5530][info ] Total time for which application threads were stopped: 0.0001545 seconds, Stopping threads took: 0.0000246 seconds
[2025-10-02T09:02:52.251+0000][46071.238s][5523][5530][info ] Application time: 1.0000934 seconds
[2025-10-02T09:02:52.251+0000][46071.238s][5523][5530][info ] Entering safepoint region: Cleanup
[2025-10-02T09:02:52.252+0000][46071.238s][5523][5530][info ] Leaving safepoint region
[2025-10-02T09:02:52.252+0000][46071.238s][5523][5530][info ] Total time for which application threads were stopped: 0.0001510 seconds, Stopping threads took: 0.0000255 seconds
[2025-10-02T09:02:53.127+0000][46072.113s][5523][5529][trace] CMS: promo attempt is safe: available(757274488) >= av_promo(11044653), max_promo(21624920)
[2025-10-02T09:02:53.252+0000][46072.238s][5523][5530][info ] Application time: 1.0000974 seconds
[2025-10-02T09:02:53.252+0000][46072.238s][5523][5530][info ] Entering safepoint region: Cleanup
[2025-10-02T09:02:53.252+0000][46072.238s][5523][5530][info ] Leaving safepoint region
[2025-10-02T09:02:53.252+0000][46072.238s][5523][5530][info ] Total time for which application threads were stopped: 0.0001398 seconds, Stopping threads took: 0.0000267 seconds
[2025-10-02T09:02:54.252+0000][46073.238s][5523][5530][info ] Application time: 1.0001034 seconds
[2025-10-02T09:02:54.252+0000][46073.238s][5523][5530][info ] Entering safepoint region: Cleanup
[2025-10-02T09:02:54.252+0000][46073.238s][5523][5530][info ] Leaving safepoint region
[2025-10-02T09:02:54.252+0000][46073.238s][5523][5530][info ] Total time for which application threads were stopped: 0.0001355 seconds, Stopping threads took: 0.0000268 seconds
[2025-10-02T09:02:55.252+0000][46074.239s][5523][5530][info ] Application time: 1.0000884 seconds
[2025-10-02T09:02:55.252+0000][46074.239s][5523][5530][info ] Entering safepoint region: Cleanup
[2025-10-02T09:02:55.253+0000][46074.239s][5523][5530][info ] Leaving safepoint region
[2025-10-02T09:02:55.253+0000][46074.239s][5523][5530][info ] Total time for which application threads were stopped: 0.0001619 seconds, Stopping threads took: 0.0000277 seconds
[2025-10-02T09:02:56.253+0000][46075.239s][5523][5530][info ] Application time: 1.0000898 seconds
[2025-10-02T09:02:56.253+0000][46075.239s][5523][5530][info ] Entering safepoint region: Cleanup
[2025-10-02T09:02:56.253+0000][46075.239s][5523][5530][info ] Leaving safepoint region
[2025-10-02T09:02:56.253+0000][46075.239s][5523][5530][info ] Total time for which application threads were stopped: 0.0001420 seconds, Stopping threads took: 0.0000249 seconds
[2025-10-02T09:02:57.253+0000][46076.239s][5523][5530][info ] Application time: 1.0001098 seconds
[2025-10-02T09:02:57.253+0000][46076.239s][5523][5530][info ] Entering safepoint region: Cleanup
[2025-10-02T09:02:57.253+0000][46076.239s][5523][5530][info ] Leaving safepoint region
[2025-10-02T09:02:57.253+0000][46076.239s][5523][5530][info ] Total time for which application threads were stopped: 0.0001345 seconds, Stopping threads took: 0.0000262 seconds
[2025-10-02T09:02:58.253+0000][46077.239s][5523][5530][info ] Application time: 1.0001016 seconds
[2025-10-02T09:02:58.253+0000][46077.240s][5523][5530][info ] Entering safepoint region: Cleanup
[2025-10-02T09:02:58.255+0000][46077.241s][5523][5530][info ] Leaving safepoint region
[2025-10-02T09:02:58.255+0000][46077.241s][5523][5530][info ] Total time for which application threads were stopped: 0.0013143 seconds, Stopping threads took: 0.0011582 seconds
[2025-10-02T09:02:59.255+0000][46078.241s][5523][5530][info ] Application time: 1.0000944 seconds
[2025-10-02T09:02:59.255+0000][46078.241s][5523][5530][info ] Entering safepoint region: Cleanup
[2025-10-02T09:02:59.255+0000][46078.241s][5523][5530][info ] Leaving safepoint region
[2025-10-02T09:02:59.255+0000][46078.241s][5523][5530][info ] Total time for which application threads were stopped: 0.0001408 seconds, Stopping threads took: 0.0000258 seconds
[2025-10-02T09:03:00.255+0000][46079.241s][5523][5530][info ] Application time: 1.0001037 seconds
[2025-10-02T09:03:00.255+0000][46079.241s][5523][5530][info ] Entering safepoint region: Cleanup
[2025-10-02T09:03:00.255+0000][46079.242s][5523][5530][info ] Leaving safepoint region
[2025-10-02T09:03:00.255+0000][46079.242s][5523][5530][info ] Total time for which application threads were stopped: 0.0001455 seconds, Stopping threads took: 0.0000273 seconds
[2025-10-02T09:03:01.255+0000][46080.242s][5523][5530][info ] Application time: 1.0001071 seconds
[2025-10-02T09:03:01.256+0000][46080.242s][5523][5530][info ] Entering safepoint region: Cleanup
[2025-10-02T09:03:01.256+0000][46080.242s][5523][5530][info ] Leaving safepoint region
[2025-10-02T09:03:01.256+0000][46080.242s][5523][5530][info ] Total time for which application threads were stopped: 0.0001497 seconds, Stopping threads took: 0.0000304 seconds
[2025-10-02T09:03:02.256+0000][46081.242s][5523][5530][info ] Application time: 1.0001039 seconds
[2025-10-02T09:03:02.256+0000][46081.242s][5523][5530][info ] Entering safepoint region: Cleanup
[2025-10-02T09:03:02.256+0000][46081.242s][5523][5530][info ] Leaving safepoint region
[2025-10-02T09:03:02.256+0000][46081.242s][5523][5530][info ] Total time for which application threads were stopped: 0.0001551 seconds, Stopping threads took: 0.0000355 seconds
[2025-10-02T09:03:03.126+0000][46082.112s][5523][5529][trace] CMS: promo attempt is safe: available(757274488) >= av_promo(11044653), max_promo(21630232)
[2025-10-02T09:03:03.256+0000][46082.242s][5523][5530][info ] Application time: 1.0001060 seconds
[2025-10-02T09:03:03.256+0000][46082.242s][5523][5530][info ] Entering safepoint region: Cleanup
[2025-10-02T09:03:03.256+0000][46082.243s][5523][5530][info ] Leaving safepoint region
[2025-10-02T09:03:03.256+0000][46082.243s][5523][5530][info ] Total time for which application threads were stopped: 0.0001402 seconds, Stopping threads took: 0.0000270 seconds
[2025-10-02T09:03:04.256+0000][46083.243s][5523][5530][info ] Application time: 1.0000978 seconds
[2025-10-02T09:03:04.257+0000][46083.243s][5523][5530][info ] Entering safepoint region: Cleanup
[2025-10-02T09:03:04.257+0000][46083.243s][5523][5530][info ] Leaving safepoint region
[2025-10-02T09:03:04.257+0000][46083.243s][5523][5530][info ] Total time for which application threads were stopped: 0.0001398 seconds, Stopping threads took: 0.0000240 seconds
[2025-10-02T09:03:05.257+0000][46084.243s][5523][5530][info ] Application time: 1.0000735 seconds
[2025-10-02T09:03:05.257+0000][46084.243s][5523][5530][info ] Entering safepoint region: Cleanup
[2025-10-02T09:03:05.257+0000][46084.243s][5523][5530][info ] Leaving safepoint region
[2025-10-02T09:03:05.257+0000][46084.243s][5523][5530][info ] Total time for which application threads were stopped: 0.0001474 seconds, Stopping threads took: 0.0000267 seconds
[2025-10-02T09:03:06.257+0000][46085.243s][5523][5530][info ] Application time: 1.0001116 seconds
[2025-10-02T09:03:06.257+0000][46085.243s][5523][5530][info ] Entering safepoint region: Cleanup
[2025-10-02T09:03:06.257+0000][46085.243s][5523][5530][info ] Leaving safepoint region
[2025-10-02T09:03:06.257+0000][46085.243s][5523][5530][info ] Total time for which application threads were stopped: 0.0001331 seconds, Stopping threads took: 0.0000270 seconds
[2025-10-02T09:03:07.257+0000][46086.244s][5523][5530][info ] Application time: 1.0000886 seconds
[2025-10-02T09:03:07.257+0000][46086.244s][5523][5530][info ] Entering safepoint region: Cleanup
[2025-10-02T09:03:07.258+0000][46086.244s][5523][5530][info ] Leaving safepoint region
[2025-10-02T09:03:07.258+0000][46086.244s][5523][5530][info ] Total time for which application threads were stopped: 0.0001567 seconds, Stopping threads took: 0.0000274 seconds
[2025-10-02T09:03:08.258+0000][46087.244s][5523][5530][info ] Application time: 1.0000825 seconds
[2025-10-02T09:03:08.258+0000][46087.244s][5523][5530][info ] Entering safepoint region: Cleanup
[2025-10-02T09:03:08.258+0000][46087.244s][5523][5530][info ] Leaving safepoint region
[2025-10-02T09:03:08.258+0000][46087.244s][5523][5530][info ] Total time for which application threads were stopped: 0.0001447 seconds, Stopping threads took: 0.0000345 seconds
[2025-10-02T09:03:09.258+0000][46088.244s][5523][5530][info ] Application time: 1.0001053 seconds
[2025-10-02T09:03:09.258+0000][46088.244s][5523][5530][info ] Entering safepoint region: Cleanup
[2025-10-02T09:03:09.258+0000][46088.244s][5523][5530][info ] Leaving safepoint region
[2025-10-02T09:03:09.258+0000][46088.244s][5523][5530][info ] Total time for which application threads were stopped: 0.0001381 seconds, Stopping threads took: 0.0000254 seconds
[2025-10-02T09:03:10.258+0000][46089.244s][5523][5530][info ] Application time: 1.0001031 seconds
[2025-10-02T09:03:10.258+0000][46089.245s][5523][5530][info ] Entering safepoint region: Cleanup
[2025-10-02T09:03:10.258+0000][46089.245s][5523][5530][info ] Leaving safepoint region
[2025-10-02T09:03:10.258+0000][46089.245s][5523][5530][info ] Total time for which application threads were stopped: 0.0001432 seconds, Stopping threads took: 0.0000258 seconds
[2025-10-02T09:03:11.259+0000][46090.245s][5523][5530][info ] Application time: 1.0000951 seconds
[2025-10-02T09:03:11.259+0000][46090.245s][5523][5530][info ] Entering safepoint region: Cleanup
[2025-10-02T09:03:11.259+0000][46090.245s][5523][5530][info ] Leaving safepoint region
[2025-10-02T09:03:11.259+0000][46090.245s][5523][5530][info ] Total time for which application threads were stopped: 0.0001584 seconds, Stopping threads took: 0.0000298 seconds
[2025-10-02T09:03:12.259+0000][46091.245s][5523][5530][info ] Application time: 1.0000905 seconds
[2025-10-02T09:03:12.259+0000][46091.245s][5523][5530][info ] Entering safepoint region: Cleanup
[2025-10-02T09:03:12.259+0000][46091.245s][5523][5530][info ] Leaving safepoint region
[2025-10-02T09:03:12.259+0000][46091.245s][5523][5530][info ] Total time for which application threads were stopped: 0.0002546 seconds, Stopping threads took: 0.0000263 seconds
[2025-10-02T09:03:13.125+0000][46092.112s][5523][5529][trace] CMS: promo attempt is safe: available(757274488) >= av_promo(11044653), max_promo(21894192)
[2025-10-02T09:03:13.259+0000][46092.246s][5523][5530][info ] Application time: 1.0001115 seconds
[2025-10-02T09:03:13.259+0000][46092.246s][5523][5530][info ] Entering safepoint region: Cleanup
[2025-10-02T09:03:13.259+0000][46092.246s][5523][5530][info ] Leaving safepoint region
[2025-10-02T09:03:13.259+0000][46092.246s][5523][5530][info ] Total time for which application threads were stopped: 0.0001402 seconds, Stopping threads took: 0.0000251 seconds
[2025-10-02T09:03:14.260+0000][46093.246s][5523][5530][info ] Application time: 1.0001228 seconds
[2025-10-02T09:03:14.260+0000][46093.246s][5523][5530][info ] Entering safepoint region: Cleanup
[2025-10-02T09:03:14.260+0000][46093.246s][5523][5530][info ] Leaving safepoint region
[2025-10-02T09:03:14.260+0000][46093.246s][5523][5530][info ] Total time for which application threads were stopped: 0.0001428 seconds, Stopping threads took: 0.0000293 seconds
[2025-10-02T09:03:15.260+0000][46094.246s][5523][5530][info ] Application time: 1.0000950 seconds
[2025-10-02T09:03:15.260+0000][46094.246s][5523][5530][info ] Entering safepoint region: Cleanup
[2025-10-02T09:03:15.260+0000][46094.246s][5523][5530][info ] Leaving safepoint region
[2025-10-02T09:03:15.260+0000][46094.246s][5523][5530][info ] Total time for which application threads were stopped: 0.0001486 seconds, Stopping threads took: 0.0000300 seconds
[2025-10-02T09:03:16.260+0000][46095.246s][5523][5530][info ] Application time: 1.0001124 seconds
[2025-10-02T09:03:16.260+0000][46095.247s][5523][5530][info ] Entering safepoint region: Cleanup
[2025-10-02T09:03:16.260+0000][46095.247s][5523][5530][info ] Leaving safepoint region
[2025-10-02T09:03:16.260+0000][46095.247s][5523][5530][info ] Total time for which application threads were stopped: 0.0001394 seconds, Stopping threads took: 0.0000278 seconds
[2025-10-02T09:03:17.261+0000][46096.247s][5523][5530][info ] Application time: 1.0001017 seconds
[2025-10-02T09:03:17.261+0000][46096.247s][5523][5530][info ] Entering safepoint region: Cleanup
[2025-10-02T09:03:17.261+0000][46096.247s][5523][5530][info ] Leaving safepoint region
[2025-10-02T09:03:17.261+0000][46096.247s][5523][5530][info ] Total time for which application threads were stopped: 0.0001366 seconds, Stopping threads took: 0.0000242 seconds
[2025-10-02T09:03:18.261+0000][46097.247s][5523][5530][info ] Application time: 1.0001119 seconds
[2025-10-02T09:03:18.261+0000][46097.247s][5523][5530][info ] Entering safepoint region: Cleanup
[2025-10-02T09:03:18.261+0000][46097.247s][5523][5530][info ] Leaving safepoint region
[2025-10-02T09:03:18.261+0000][46097.247s][5523][5530][info ] Total time for which application threads were stopped: 0.0001460 seconds, Stopping threads took: 0.0000336 seconds
[2025-10-02T09:03:19.261+0000][46098.247s][5523][5530][info ] Application time: 1.0000819 seconds
[2025-10-02T09:03:19.261+0000][46098.247s][5523][5530][info ] Entering safepoint region: Cleanup
[2025-10-02T09:03:19.261+0000][46098.248s][5523][5530][info ] Leaving safepoint region
[2025-10-02T09:03:19.261+0000][46098.248s][5523][5530][info ] Total time for which application threads were stopped: 0.0001542 seconds, Stopping threads took: 0.0000430 seconds
[2025-10-02T09:03:20.261+0000][46099.248s][5523][5530][info ] Application time: 1.0000906 seconds
[2025-10-02T09:03:20.261+0000][46099.248s][5523][5530][info ] Entering safepoint region: Cleanup
[2025-10-02T09:03:20.262+0000][46099.248s][5523][5530][info ] Leaving safepoint region
[2025-10-02T09:03:20.262+0000][46099.248s][5523][5530][info ] Total time for which application threads were stopped: 0.0001540 seconds, Stopping threads took: 0.0000233 seconds
[2025-10-02T09:03:21.262+0000][46100.248s][5523][5530][info ] Application time: 1.0001043 seconds
[2025-10-02T09:03:21.262+0000][46100.248s][5523][5530][info ] Entering safepoint region: Cleanup
[2025-10-02T09:03:21.262+0000][46100.248s][5523][5530][info ] Leaving safepoint region
[2025-10-02T09:03:21.262+0000][46100.248s][5523][5530][info ] Total time for which application threads were stopped: 0.0001330 seconds, Stopping threads took: 0.0000252 seconds
[2025-10-02T09:03:22.262+0000][46101.248s][5523][5530][info ] Application time: 1.0000991 seconds
[2025-10-02T09:03:22.262+0000][46101.248s][5523][5530][info ] Entering safepoint region: Cleanup
[2025-10-02T09:03:22.262+0000][46101.248s][5523][5530][info ] Leaving safepoint region
[2025-10-02T09:03:22.262+0000][46101.248s][5523][5530][info ] Total time for which application threads were stopped: 0.0001372 seconds, Stopping threads took: 0.0000262 seconds
[2025-10-02T09:03:23.125+0000][46102.112s][5523][5529][trace] CMS: promo attempt is safe: available(757274488) >= av_promo(11044653), max_promo(22626920)
[2025-10-02T09:03:23.262+0000][46102.249s][5523][5530][info ] Application time: 1.0000789 seconds
[2025-10-02T09:03:23.262+0000][46102.249s][5523][5530][info ] Entering safepoint region: Cleanup
[2025-10-02T09:03:23.262+0000][46102.249s][5523][5530][info ] Leaving safepoint region
[2025-10-02T09:03:23.262+0000][46102.249s][5523][5530][info ] Total time for which application threads were stopped: 0.0001351 seconds, Stopping threads took: 0.0000265 seconds
[2025-10-02T09:03:24.263+0000][46103.249s][5523][5530][info ] Application time: 1.0000934 seconds
[2025-10-02T09:03:24.263+0000][46103.249s][5523][5530][info ] Entering safepoint region: Cleanup
[2025-10-02T09:03:24.263+0000][46103.249s][5523][5530][info ] Leaving safepoint region
[2025-10-02T09:03:24.263+0000][46103.249s][5523][5530][info ] Total time for which application threads were stopped: 0.0001345 seconds, Stopping threads took: 0.0000267 seconds
[2025-10-02T09:03:25.263+0000][46104.249s][5523][5530][info ] Application time: 1.0001025 seconds
[2025-10-02T09:03:25.263+0000][46104.249s][5523][5530][info ] Entering safepoint region: Cleanup
[2025-10-02T09:03:25.263+0000][46104.249s][5523][5530][info ] Leaving safepoint region
[2025-10-02T09:03:25.263+0000][46104.249s][5523][5530][info ] Total time for which application threads were stopped: 0.0002339 seconds, Stopping threads took: 0.0000255 seconds
[2025-10-02T09:03:26.263+0000][46105.249s][5523][5530][info ] Application time: 1.0000873 seconds
[2025-10-02T09:03:26.263+0000][46105.250s][5523][5530][info ] Entering safepoint region: Cleanup
[2025-10-02T09:03:26.263+0000][46105.250s][5523][5530][info ] Leaving safepoint region
[2025-10-02T09:03:26.263+0000][46105.250s][5523][5530][info ] Total time for which application threads were stopped: 0.0001632 seconds, Stopping threads took: 0.0000357 seconds
[2025-10-02T09:03:27.264+0000][46106.250s][5523][5530][info ] Application time: 1.0000715 seconds
[2025-10-02T09:03:27.264+0000][46106.250s][5523][5530][info ] Entering safepoint region: Cleanup
[2025-10-02T09:03:27.264+0000][46106.250s][5523][5530][info ] Leaving safepoint region
[2025-10-02T09:03:27.264+0000][46106.250s][5523][5530][info ] Total time for which application threads were stopped: 0.0001504 seconds, Stopping threads took: 0.0000397 seconds
[2025-10-02T09:03:28.264+0000][46107.250s][5523][5530][info ] Application time: 1.0000989 seconds
[2025-10-02T09:03:28.264+0000][46107.250s][5523][5530][info ] Entering safepoint region: Cleanup
[2025-10-02T09:03:28.264+0000][46107.250s][5523][5530][info ] Leaving safepoint region
[2025-10-02T09:03:28.264+0000][46107.250s][5523][5530][info ] Total time for which application threads were stopped: 0.0001364 seconds, Stopping threads took: 0.0000272 seconds
[2025-10-02T09:03:29.264+0000][46108.250s][5523][5530][info ] Application time: 1.0000925 seconds
[2025-10-02T09:03:29.264+0000][46108.250s][5523][5530][info ] Entering safepoint region: Cleanup
[2025-10-02T09:03:29.264+0000][46108.251s][5523][5530][info ] Leaving safepoint region
[2025-10-02T09:03:29.264+0000][46108.251s][5523][5530][info ] Total time for which application threads were stopped: 0.0001398 seconds, Stopping threads took: 0.0000278 seconds
[2025-10-02T09:03:30.264+0000][46109.251s][5523][5530][info ] Application time: 1.0000928 seconds
[2025-10-02T09:03:30.265+0000][46109.251s][5523][5530][info ] Entering safepoint region: Cleanup
[2025-10-02T09:03:30.265+0000][46109.251s][5523][5530][info ] Leaving safepoint region
[2025-10-02T09:03:30.265+0000][46109.251s][5523][5530][info ] Total time for which application threads were stopped: 0.0001649 seconds, Stopping threads took: 0.0000520 seconds
[2025-10-02T09:03:31.265+0000][46110.251s][5523][5530][info ] Application time: 1.0001028 seconds
[2025-10-02T09:03:31.265+0000][46110.251s][5523][5530][info ] Entering safepoint region: Cleanup
[2025-10-02T09:03:31.265+0000][46110.251s][5523][5530][info ] Leaving safepoint region
[2025-10-02T09:03:31.265+0000][46110.251s][5523][5530][info ] Total time for which application threads were stopped: 0.0001387 seconds, Stopping threads took: 0.0000266 seconds
[2025-10-02T09:03:32.265+0000][46111.251s][5523][5530][info ] Application time: 1.0000913 seconds
[2025-10-02T09:03:32.265+0000][46111.251s][5523][5530][info ] Entering safepoint region: Cleanup
[2025-10-02T09:03:32.265+0000][46111.251s][5523][5530][info ] Leaving safepoint region
[2025-10-02T09:03:32.265+0000][46111.251s][5523][5530][info ] Total time for which application threads were stopped: 0.0001319 seconds, Stopping threads took: 0.0000234 seconds
[2025-10-02T09:03:33.125+0000][46112.112s][5523][5529][trace] CMS: promo attempt is safe: available(757274488) >= av_promo(11044653), max_promo(22626920)
[2025-10-02T09:03:33.265+0000][46112.252s][5523][5530][info ] Application time: 1.0001110 seconds
[2025-10-02T09:03:33.265+0000][46112.252s][5523][5530][info ] Entering safepoint region: Cleanup
[2025-10-02T09:03:33.266+0000][46112.252s][5523][5530][info ] Leaving safepoint region
[2025-10-02T09:03:33.266+0000][46112.252s][5523][5530][info ] Total time for which application threads were stopped: 0.0001707 seconds, Stopping threads took: 0.0000269 seconds
[2025-10-02T09:03:34.266+0000][46113.252s][5523][5530][info ] Application time: 1.0001053 seconds
[2025-10-02T09:03:34.266+0000][46113.252s][5523][5530][info ] Entering safepoint region: Cleanup
[2025-10-02T09:03:34.266+0000][46113.252s][5523][5530][info ] Leaving safepoint region
[2025-10-02T09:03:34.266+0000][46113.252s][5523][5530][info ] Total time for which application threads were stopped: 0.0001510 seconds, Stopping threads took: 0.0000257 seconds
[2025-10-02T09:03:35.266+0000][46114.252s][5523][5530][info ] Application time: 1.0001091 seconds
[2025-10-02T09:03:35.266+0000][46114.252s][5523][5530][info ] Entering safepoint region: Cleanup
[2025-10-02T09:03:35.266+0000][46114.252s][5523][5530][info ] Leaving safepoint region
[2025-10-02T09:03:35.266+0000][46114.252s][5523][5530][info ] Total time for which application threads were stopped: 0.0001330 seconds, Stopping threads took: 0.0000257 seconds
[2025-10-02T09:03:36.266+0000][46115.253s][5523][5530][info ] Application time: 1.0000993 seconds
[2025-10-02T09:03:36.266+0000][46115.253s][5523][5530][info ] Entering safepoint region: Cleanup
[2025-10-02T09:03:36.266+0000][46115.253s][5523][5530][info ] Leaving safepoint region
[2025-10-02T09:03:36.266+0000][46115.253s][5523][5530][info ] Total time for which application threads were stopped: 0.0001517 seconds, Stopping threads took: 0.0000256 seconds
[2025-10-02T09:03:37.267+0000][46116.253s][5523][5530][info ] Application time: 1.0001055 seconds
[2025-10-02T09:03:37.267+0000][46116.253s][5523][5530][info ] Entering safepoint region: Cleanup
[2025-10-02T09:03:37.267+0000][46116.253s][5523][5530][info ] Leaving safepoint region
[2025-10-02T09:03:37.267+0000][46116.253s][5523][5530][info ] Total time for which application threads were stopped: 0.0001407 seconds, Stopping threads took: 0.0000252 seconds
[2025-10-02T09:03:38.267+0000][46117.253s][5523][5530][info ] Application time: 1.0000807 seconds
[2025-10-02T09:03:38.267+0000][46117.253s][5523][5530][info ] Entering safepoint region: Cleanup
[2025-10-02T09:03:38.267+0000][46117.253s][5523][5530][info ] Leaving safepoint region
[2025-10-02T09:03:38.267+0000][46117.253s][5523][5530][info ] Total time for which application threads were stopped: 0.0002073 seconds, Stopping threads took: 0.0000249 seconds
[2025-10-02T09:03:39.267+0000][46118.253s][5523][5530][info ] Application time: 1.0000929 seconds
[2025-10-02T09:03:39.267+0000][46118.254s][5523][5530][info ] Entering safepoint region: Cleanup
[2025-10-02T09:03:39.267+0000][46118.254s][5523][5530][info ] Leaving safepoint region
[2025-10-02T09:03:39.267+0000][46118.254s][5523][5530][info ] Total time for which application threads were stopped: 0.0001633 seconds, Stopping threads took: 0.0000283 seconds
[2025-10-02T09:03:40.268+0000][46119.254s][5523][5530][info ] Application time: 1.0000814 seconds
[2025-10-02T09:03:40.268+0000][46119.254s][5523][5530][info ] Entering safepoint region: Cleanup
[2025-10-02T09:03:40.268+0000][46119.254s][5523][5530][info ] Leaving safepoint region
[2025-10-02T09:03:40.268+0000][46119.254s][5523][5530][info ] Total time for which application threads were stopped: 0.0001451 seconds, Stopping threads took: 0.0000237 seconds
[2025-10-02T09:03:41.268+0000][46120.254s][5523][5530][info ] Application time: 1.0000999 seconds
[2025-10-02T09:03:41.268+0000][46120.254s][5523][5530][info ] Entering safepoint region: Cleanup
[2025-10-02T09:03:41.268+0000][46120.254s][5523][5530][info ] Leaving safepoint region
[2025-10-02T09:03:41.268+0000][46120.254s][5523][5530][info ] Total time for which application threads were stopped: 0.0001557 seconds, Stopping threads took: 0.0000340 seconds
[2025-10-02T09:03:42.268+0000][46121.254s][5523][5530][info ] Application time: 1.0001029 seconds
[2025-10-02T09:03:42.268+0000][46121.254s][5523][5530][info ] Entering safepoint region: Cleanup
[2025-10-02T09:03:42.268+0000][46121.255s][5523][5530][info ] Leaving safepoint region
[2025-10-02T09:03:42.268+0000][46121.255s][5523][5530][info ] Total time for which application threads were stopped: 0.0001353 seconds, Stopping threads took: 0.0000263 seconds
[2025-10-02T09:03:43.126+0000][46122.112s][5523][5529][trace] CMS: promo attempt is safe: available(757274488) >= av_promo(11044653), max_promo(22626920)
[2025-10-02T09:03:43.268+0000][46122.255s][5523][5530][info ] Application time: 1.0001001 seconds
[2025-10-02T09:03:43.269+0000][46122.255s][5523][5530][info ] Entering safepoint region: Cleanup
[2025-10-02T09:03:43.269+0000][46122.255s][5523][5530][info ] Leaving safepoint region
[2025-10-02T09:03:43.269+0000][46122.255s][5523][5530][info ] Total time for which application threads were stopped: 0.0001664 seconds, Stopping threads took: 0.0000559 seconds
[2025-10-02T09:03:44.269+0000][46123.255s][5523][5530][info ] Application time: 1.0000691 seconds
[2025-10-02T09:03:44.269+0000][46123.255s][5523][5530][info ] Entering safepoint region: Cleanup
[2025-10-02T09:03:44.269+0000][46123.255s][5523][5530][info ] Leaving safepoint region
[2025-10-02T09:03:44.269+0000][46123.255s][5523][5530][info ] Total time for which application threads were stopped: 0.0001346 seconds, Stopping threads took: 0.0000248 seconds
[2025-10-02T09:03:45.269+0000][46124.255s][5523][5530][info ] Application time: 1.0001056 seconds
[2025-10-02T09:03:45.269+0000][46124.255s][5523][5530][info ] Entering safepoint region: Cleanup
[2025-10-02T09:03:45.269+0000][46124.255s][5523][5530][info ] Leaving safepoint region
[2025-10-02T09:03:45.269+0000][46124.255s][5523][5530][info ] Total time for which application threads were stopped: 0.0001567 seconds, Stopping threads took: 0.0000257 seconds
[2025-10-02T09:03:46.269+0000][46125.256s][5523][5530][info ] Application time: 1.0001016 seconds
[2025-10-02T09:03:46.269+0000][46125.256s][5523][5530][info ] Entering safepoint region: Cleanup
[2025-10-02T09:03:46.270+0000][46125.256s][5523][5530][info ] Leaving safepoint region
[2025-10-02T09:03:46.270+0000][46125.256s][5523][5530][info ] Total time for which application threads were stopped: 0.0001727 seconds, Stopping threads took: 0.0000396 seconds
[2025-10-02T09:03:47.270+0000][46126.256s][5523][5530][info ] Application time: 1.0001023 seconds
[2025-10-02T09:03:47.270+0000][46126.256s][5523][5530][info ] Entering safepoint region: Cleanup
[2025-10-02T09:03:47.270+0000][46126.256s][5523][5530][info ] Leaving safepoint region
[2025-10-02T09:03:47.270+0000][46126.256s][5523][5530][info ] Total time for which application threads were stopped: 0.0001359 seconds, Stopping threads took: 0.0000250 seconds
[2025-10-02T09:03:48.270+0000][46127.256s][5523][5530][info ] Application time: 1.0001113 seconds
[2025-10-02T09:03:48.270+0000][46127.256s][5523][5530][info ] Entering safepoint region: Cleanup
[2025-10-02T09:03:48.271+0000][46127.258s][5523][5530][info ] Leaving safepoint region
[2025-10-02T09:03:48.271+0000][46127.258s][5523][5530][info ] Total time for which application threads were stopped: 0.0013053 seconds, Stopping threads took: 0.0011645 seconds
[2025-10-02T09:03:49.271+0000][46128.258s][5523][5530][info ] Application time: 1.0001072 seconds
[2025-10-02T09:03:49.272+0000][46128.258s][5523][5530][info ] Entering safepoint region: Cleanup
[2025-10-02T09:03:49.272+0000][46128.258s][5523][5530][info ] Leaving safepoint region
[2025-10-02T09:03:49.272+0000][46128.258s][5523][5530][info ] Total time for which application threads were stopped: 0.0001365 seconds, Stopping threads took: 0.0000272 seconds
[2025-10-02T09:03:50.272+0000][46129.258s][5523][5530][info ] Application time: 1.0000991 seconds
[2025-10-02T09:03:50.272+0000][46129.258s][5523][5530][info ] Entering safepoint region: Cleanup
[2025-10-02T09:03:50.272+0000][46129.258s][5523][5530][info ] Leaving safepoint region
[2025-10-02T09:03:50.272+0000][46129.258s][5523][5530][info ] Total time for which application threads were stopped: 0.0001404 seconds, Stopping threads took: 0.0000259 seconds
[2025-10-02T09:03:51.272+0000][46130.258s][5523][5530][info ] Application time: 1.0000991 seconds
[2025-10-02T09:03:51.272+0000][46130.258s][5523][5530][info ] Entering safepoint region: Cleanup
[2025-10-02T09:03:51.272+0000][46130.258s][5523][5530][info ] Leaving safepoint region
[2025-10-02T09:03:51.272+0000][46130.259s][5523][5530][info ] Total time for which application threads were stopped: 0.0001356 seconds, Stopping threads took: 0.0000251 seconds
[2025-10-02T09:03:52.272+0000][46131.259s][5523][5530][info ] Application time: 1.0001022 seconds
[2025-10-02T09:03:52.272+0000][46131.259s][5523][5530][info ] Entering safepoint region: Cleanup
[2025-10-02T09:03:52.273+0000][46131.259s][5523][5530][info ] Leaving safepoint region
[2025-10-02T09:03:52.273+0000][46131.259s][5523][5530][info ] Total time for which application threads were stopped: 0.0001638 seconds, Stopping threads took: 0.0000264 seconds
[2025-10-02T09:03:53.125+0000][46132.111s][5523][5529][trace] CMS: promo attempt is safe: available(757274488) >= av_promo(11044653), max_promo(23917264)
[2025-10-02T09:03:53.273+0000][46132.259s][5523][5530][info ] Application time: 1.0000960 seconds
[2025-10-02T09:03:53.273+0000][46132.259s][5523][5530][info ] Entering safepoint region: Cleanup
[2025-10-02T09:03:53.273+0000][46132.259s][5523][5530][info ] Leaving safepoint region
[2025-10-02T09:03:53.273+0000][46132.259s][5523][5530][info ] Total time for which application threads were stopped: 0.0001612 seconds, Stopping threads took: 0.0000344 seconds
[2025-10-02T09:03:54.273+0000][46133.259s][5523][5530][info ] Application time: 1.0000985 seconds
[2025-10-02T09:03:54.273+0000][46133.259s][5523][5530][info ] Entering safepoint region: Cleanup
[2025-10-02T09:03:54.273+0000][46133.259s][5523][5530][info ] Leaving safepoint region
[2025-10-02T09:03:54.273+0000][46133.259s][5523][5530][info ] Total time for which application threads were stopped: 0.0001481 seconds, Stopping threads took: 0.0000246 seconds
[2025-10-02T09:03:55.273+0000][46134.260s][5523][5530][info ] Application time: 1.0001131 seconds
[2025-10-02T09:03:55.273+0000][46134.260s][5523][5530][info ] Entering safepoint region: Cleanup
[2025-10-02T09:03:55.274+0000][46134.260s][5523][5530][info ] Leaving safepoint region
[2025-10-02T09:03:55.274+0000][46134.260s][5523][5530][info ] Total time for which application threads were stopped: 0.0001669 seconds, Stopping threads took: 0.0000263 seconds
[2025-10-02T09:03:56.274+0000][46135.260s][5523][5530][info ] Application time: 1.0000733 seconds
[2025-10-02T09:03:56.274+0000][46135.260s][5523][5530][info ] Entering safepoint region: Cleanup
[2025-10-02T09:03:56.274+0000][46135.260s][5523][5530][info ] Leaving safepoint region
[2025-10-02T09:03:56.274+0000][46135.260s][5523][5530][info ] Total time for which application threads were stopped: 0.0001396 seconds, Stopping threads took: 0.0000263 seconds
[2025-10-02T09:03:57.274+0000][46136.260s][5523][5530][info ] Application time: 1.0000986 seconds
[2025-10-02T09:03:57.274+0000][46136.260s][5523][5530][info ] Entering safepoint region: Cleanup
[2025-10-02T09:03:57.274+0000][46136.260s][5523][5530][info ] Leaving safepoint region
[2025-10-02T09:03:57.274+0000][46136.260s][5523][5530][info ] Total time for which application threads were stopped: 0.0001361 seconds, Stopping threads took: 0.0000251 seconds
[2025-10-02T09:03:58.274+0000][46137.260s][5523][5530][info ] Application time: 1.0001042 seconds
[2025-10-02T09:03:58.274+0000][46137.261s][5523][5530][info ] Entering safepoint region: Cleanup
[2025-10-02T09:03:58.276+0000][46137.262s][5523][5530][info ] Leaving safepoint region
[2025-10-02T09:03:58.276+0000][46137.262s][5523][5530][info ] Total time for which application threads were stopped: 0.0012595 seconds, Stopping threads took: 0.0010984 seconds
[2025-10-02T09:03:59.276+0000][46138.262s][5523][5530][info ] Application time: 1.0001043 seconds
[2025-10-02T09:03:59.276+0000][46138.262s][5523][5530][info ] Entering safepoint region: Cleanup
[2025-10-02T09:03:59.276+0000][46138.262s][5523][5530][info ] Leaving safepoint region
[2025-10-02T09:03:59.276+0000][46138.262s][5523][5530][info ] Total time for which application threads were stopped: 0.0001521 seconds, Stopping threads took: 0.0000332 seconds
[2025-10-02T09:04:00.276+0000][46139.262s][5523][5530][info ] Application time: 1.0001154 seconds
[2025-10-02T09:04:00.276+0000][46139.262s][5523][5530][info ] Entering safepoint region: Cleanup
[2025-10-02T09:04:00.276+0000][46139.262s][5523][5530][info ] Leaving safepoint region
[2025-10-02T09:04:00.276+0000][46139.262s][5523][5530][info ] Total time for which application threads were stopped: 0.0001551 seconds, Stopping threads took: 0.0000270 seconds
[2025-10-02T09:04:01.276+0000][46140.263s][5523][5530][info ] Application time: 1.0002231 seconds
[2025-10-02T09:04:01.276+0000][46140.263s][5523][5530][info ] Entering safepoint region: Cleanup
[2025-10-02T09:04:01.277+0000][46140.263s][5523][5530][info ] Leaving safepoint region
[2025-10-02T09:04:01.277+0000][46140.263s][5523][5530][info ] Total time for which application threads were stopped: 0.0001663 seconds, Stopping threads took: 0.0000243 seconds
[2025-10-02T09:04:02.277+0000][46141.263s][5523][5530][info ] Application time: 1.0000841 seconds
[2025-10-02T09:04:02.277+0000][46141.263s][5523][5530][info ] Entering safepoint region: Cleanup
[2025-10-02T09:04:02.277+0000][46141.263s][5523][5530][info ] Leaving safepoint region
[2025-10-02T09:04:02.277+0000][46141.263s][5523][5530][info ] Total time for which application threads were stopped: 0.0001558 seconds, Stopping threads took: 0.0000261 seconds
[2025-10-02T09:04:03.124+0000][46142.110s][5523][5529][trace] CMS: promo attempt is safe: available(757274488) >= av_promo(11044653), max_promo(24690920)
[2025-10-02T09:04:03.277+0000][46142.263s][5523][5530][info ] Application time: 1.0001084 seconds
[2025-10-02T09:04:03.277+0000][46142.263s][5523][5530][info ] Entering safepoint region: Cleanup
[2025-10-02T09:04:03.277+0000][46142.263s][5523][5530][info ] Leaving safepoint region
[2025-10-02T09:04:03.277+0000][46142.263s][5523][5530][info ] Total time for which application threads were stopped: 0.0001547 seconds, Stopping threads took: 0.0000328 seconds
[2025-10-02T09:04:04.277+0000][46143.264s][5523][5530][info ] Application time: 1.0001063 seconds
[2025-10-02T09:04:04.277+0000][46143.264s][5523][5530][info ] Entering safepoint region: Cleanup
[2025-10-02T09:04:04.278+0000][46143.264s][5523][5530][info ] Leaving safepoint region
[2025-10-02T09:04:04.278+0000][46143.264s][5523][5530][info ] Total time for which application threads were stopped: 0.0001579 seconds, Stopping threads took: 0.0000245 seconds
[2025-10-02T09:04:05.278+0000][46144.264s][5523][5530][info ] Application time: 1.0001153 seconds
[2025-10-02T09:04:05.278+0000][46144.264s][5523][5530][info ] Entering safepoint region: Cleanup
[2025-10-02T09:04:05.278+0000][46144.264s][5523][5530][info ] Leaving safepoint region
[2025-10-02T09:04:05.278+0000][46144.264s][5523][5530][info ] Total time for which application threads were stopped: 0.0001441 seconds, Stopping threads took: 0.0000285 seconds
[2025-10-02T09:04:06.278+0000][46145.264s][5523][5530][info ] Application time: 1.0001033 seconds
[2025-10-02T09:04:06.278+0000][46145.264s][5523][5530][info ] Entering safepoint region: Cleanup
[2025-10-02T09:04:06.278+0000][46145.264s][5523][5530][info ] Leaving safepoint region
[2025-10-02T09:04:06.278+0000][46145.264s][5523][5530][info ] Total time for which application threads were stopped: 0.0001352 seconds, Stopping threads took: 0.0000248 seconds
[2025-10-02T09:04:07.278+0000][46146.265s][5523][5530][info ] Application time: 1.0001023 seconds
[2025-10-02T09:04:07.278+0000][46146.265s][5523][5530][info ] Entering safepoint region: Cleanup
[2025-10-02T09:04:07.278+0000][46146.265s][5523][5530][info ] Leaving safepoint region
[2025-10-02T09:04:07.278+0000][46146.265s][5523][5530][info ] Total time for which application threads were stopped: 0.0001389 seconds, Stopping threads took: 0.0000284 seconds
[2025-10-02T09:04:08.279+0000][46147.265s][5523][5530][info ] Application time: 1.0001211 seconds
[2025-10-02T09:04:08.279+0000][46147.265s][5523][5530][info ] Entering safepoint region: Cleanup
[2025-10-02T09:04:08.280+0000][46147.266s][5523][5530][info ] Leaving safepoint region
[2025-10-02T09:04:08.280+0000][46147.266s][5523][5530][info ] Total time for which application threads were stopped: 0.0012231 seconds, Stopping threads took: 0.0010664 seconds
[2025-10-02T09:04:09.280+0000][46148.266s][5523][5530][info ] Application time: 1.0001060 seconds
[2025-10-02T09:04:09.280+0000][46148.266s][5523][5530][info ] Entering safepoint region: Cleanup
[2025-10-02T09:04:09.280+0000][46148.266s][5523][5530][info ] Leaving safepoint region
[2025-10-02T09:04:09.280+0000][46148.266s][5523][5530][info ] Total time for which application threads were stopped: 0.0001352 seconds, Stopping threads took: 0.0000242 seconds
[2025-10-02T09:04:10.280+0000][46149.267s][5523][5530][info ] Application time: 1.0000819 seconds
[2025-10-02T09:04:10.280+0000][46149.267s][5523][5530][info ] Entering safepoint region: Cleanup
[2025-10-02T09:04:10.280+0000][46149.267s][5523][5530][info ] Leaving safepoint region
[2025-10-02T09:04:10.280+0000][46149.267s][5523][5530][info ] Total time for which application threads were stopped: 0.0001374 seconds, Stopping threads took: 0.0000271 seconds
[2025-10-02T09:04:11.281+0000][46150.267s][5523][5530][info ] Application time: 1.0001079 seconds
[2025-10-02T09:04:11.281+0000][46150.267s][5523][5530][info ] Entering safepoint region: Cleanup
[2025-10-02T09:04:11.281+0000][46150.267s][5523][5530][info ] Leaving safepoint region
[2025-10-02T09:04:11.281+0000][46150.267s][5523][5530][info ] Total time for which application threads were stopped: 0.0001343 seconds, Stopping threads took: 0.0000257 seconds
[2025-10-02T09:04:12.281+0000][46151.267s][5523][5530][info ] Application time: 1.0001035 seconds
[2025-10-02T09:04:12.281+0000][46151.267s][5523][5530][info ] Entering safepoint region: Cleanup
[2025-10-02T09:04:12.281+0000][46151.267s][5523][5530][info ] Leaving safepoint region
[2025-10-02T09:04:12.281+0000][46151.267s][5523][5530][info ] Total time for which application threads were stopped: 0.0001359 seconds, Stopping threads took: 0.0000244 seconds
[2025-10-02T09:04:13.123+0000][46152.109s][5523][5529][trace] CMS: promo attempt is safe: available(757274488) >= av_promo(11044653), max_promo(24906184)
[2025-10-02T09:04:13.281+0000][46152.267s][5523][5530][info ] Application time: 1.0001041 seconds
[2025-10-02T09:04:13.281+0000][46152.267s][5523][5530][info ] Entering safepoint region: Cleanup
[2025-10-02T09:04:13.281+0000][46152.268s][5523][5530][info ] Leaving safepoint region
[2025-10-02T09:04:13.281+0000][46152.268s][5523][5530][info ] Total time for which application threads were stopped: 0.0001401 seconds, Stopping threads took: 0.0000263 seconds
[2025-10-02T09:04:14.282+0000][46153.268s][5523][5530][info ] Application time: 1.0001140 seconds
[2025-10-02T09:04:14.282+0000][46153.268s][5523][5530][info ] Entering safepoint region: Cleanup
[2025-10-02T09:04:14.282+0000][46153.268s][5523][5530][info ] Leaving safepoint region
[2025-10-02T09:04:14.282+0000][46153.268s][5523][5530][info ] Total time for which application threads were stopped: 0.0001512 seconds, Stopping threads took: 0.0000274 seconds
[2025-10-02T09:04:15.282+0000][46154.268s][5523][5530][info ] Application time: 1.0000729 seconds
[2025-10-02T09:04:15.282+0000][46154.268s][5523][5530][info ] Entering safepoint region: Cleanup
[2025-10-02T09:04:15.282+0000][46154.268s][5523][5530][info ] Leaving safepoint region
[2025-10-02T09:04:15.282+0000][46154.268s][5523][5530][info ] Total time for which application threads were stopped: 0.0001485 seconds, Stopping threads took: 0.0000302 seconds
[2025-10-02T09:04:16.282+0000][46155.268s][5523][5530][info ] Application time: 1.0000919 seconds
[2025-10-02T09:04:16.282+0000][46155.268s][5523][5530][info ] Entering safepoint region: Cleanup
[2025-10-02T09:04:16.282+0000][46155.268s][5523][5530][info ] Leaving safepoint region
[2025-10-02T09:04:16.282+0000][46155.268s][5523][5530][info ] Total time for which application threads were stopped: 0.0001335 seconds, Stopping threads took: 0.0000261 seconds
[2025-10-02T09:04:17.282+0000][46156.269s][5523][5530][info ] Application time: 1.0001132 seconds
[2025-10-02T09:04:17.282+0000][46156.269s][5523][5530][info ] Entering safepoint region: Cleanup
[2025-10-02T09:04:17.283+0000][46156.269s][5523][5530][info ] Leaving safepoint region
[2025-10-02T09:04:17.283+0000][46156.269s][5523][5530][info ] Total time for which application threads were stopped: 0.0001566 seconds, Stopping threads took: 0.0000243 seconds
[2025-10-02T09:04:18.283+0000][46157.269s][5523][5530][info ] Application time: 1.0000739 seconds
[2025-10-02T09:04:18.283+0000][46157.269s][5523][5530][info ] Entering safepoint region: Cleanup
[2025-10-02T09:04:18.284+0000][46157.270s][5523][5530][info ] Leaving safepoint region
[2025-10-02T09:04:18.284+0000][46157.270s][5523][5530][info ] Total time for which application threads were stopped: 0.0010706 seconds, Stopping threads took: 0.0009318 seconds
[2025-10-02T09:04:19.284+0000][46158.270s][5523][5530][info ] Application time: 1.0000856 seconds
[2025-10-02T09:04:19.284+0000][46158.270s][5523][5530][info ] Entering safepoint region: Cleanup
[2025-10-02T09:04:19.284+0000][46158.270s][5523][5530][info ] Leaving safepoint region
[2025-10-02T09:04:19.284+0000][46158.270s][5523][5530][info ] Total time for which application threads were stopped: 0.0001332 seconds, Stopping threads took: 0.0000255 seconds
[2025-10-02T09:04:20.284+0000][46159.270s][5523][5530][info ] Application time: 1.0000817 seconds
[2025-10-02T09:04:20.284+0000][46159.270s][5523][5530][info ] Entering safepoint region: Cleanup
[2025-10-02T09:04:20.284+0000][46159.271s][5523][5530][info ] Leaving safepoint region
[2025-10-02T09:04:20.284+0000][46159.271s][5523][5530][info ] Total time for which application threads were stopped: 0.0001365 seconds, Stopping threads took: 0.0000265 seconds
[2025-10-02T09:04:21.284+0000][46160.271s][5523][5530][info ] Application time: 1.0000823 seconds
[2025-10-02T09:04:21.285+0000][46160.271s][5523][5530][info ] Entering safepoint region: Cleanup
[2025-10-02T09:04:21.285+0000][46160.271s][5523][5530][info ] Leaving safepoint region
[2025-10-02T09:04:21.285+0000][46160.271s][5523][5530][info ] Total time for which application threads were stopped: 0.0001326 seconds, Stopping threads took: 0.0000253 seconds
[2025-10-02T09:04:22.285+0000][46161.271s][5523][5530][info ] Application time: 1.0000957 seconds
[2025-10-02T09:04:22.285+0000][46161.271s][5523][5530][info ] Entering safepoint region: Cleanup
[2025-10-02T09:04:22.285+0000][46161.271s][5523][5530][info ] Leaving safepoint region
[2025-10-02T09:04:22.285+0000][46161.271s][5523][5530][info ] Total time for which application threads were stopped: 0.0001356 seconds, Stopping threads took: 0.0000247 seconds
[2025-10-02T09:04:23.123+0000][46162.109s][5523][5529][trace] CMS: promo attempt is safe: available(757274488) >= av_promo(11044653), max_promo(24906184)
[2025-10-02T09:04:23.285+0000][46162.271s][5523][5530][info ] Application time: 1.0001066 seconds
[2025-10-02T09:04:23.285+0000][46162.271s][5523][5530][info ] Entering safepoint region: Cleanup
[2025-10-02T09:04:23.285+0000][46162.271s][5523][5530][info ] Leaving safepoint region
[2025-10-02T09:04:23.285+0000][46162.271s][5523][5530][info ] Total time for which application threads were stopped: 0.0001353 seconds, Stopping threads took: 0.0000240 seconds
[2025-10-02T09:04:24.285+0000][46163.272s][5523][5530][info ] Application time: 1.0000878 seconds
[2025-10-02T09:04:24.285+0000][46163.272s][5523][5530][info ] Entering safepoint region: Cleanup
[2025-10-02T09:04:24.286+0000][46163.272s][5523][5530][info ] Leaving safepoint region
[2025-10-02T09:04:24.286+0000][46163.272s][5523][5530][info ] Total time for which application threads were stopped: 0.0001649 seconds, Stopping threads took: 0.0000280 seconds
[2025-10-02T09:04:25.286+0000][46164.272s][5523][5530][info ] Application time: 1.0000855 seconds
[2025-10-02T09:04:25.286+0000][46164.272s][5523][5530][info ] Entering safepoint region: Cleanup
[2025-10-02T09:04:25.286+0000][46164.272s][5523][5530][info ] Leaving safepoint region
[2025-10-02T09:04:25.286+0000][46164.272s][5523][5530][info ] Total time for which application threads were stopped: 0.0001423 seconds, Stopping threads took: 0.0000255 seconds
[2025-10-02T09:04:26.286+0000][46165.272s][5523][5530][info ] Application time: 1.0000900 seconds
[2025-10-02T09:04:26.286+0000][46165.272s][5523][5530][info ] Entering safepoint region: Cleanup
[2025-10-02T09:04:26.286+0000][46165.272s][5523][5530][info ] Leaving safepoint region
[2025-10-02T09:04:26.286+0000][46165.272s][5523][5530][info ] Total time for which application threads were stopped: 0.0001375 seconds, Stopping threads took: 0.0000253 seconds
[2025-10-02T09:04:27.286+0000][46166.272s][5523][5530][info ] Application time: 1.0000879 seconds
[2025-10-02T09:04:27.286+0000][46166.273s][5523][5530][info ] Entering safepoint region: Cleanup
[2025-10-02T09:04:27.286+0000][46166.273s][5523][5530][info ] Leaving safepoint region
[2025-10-02T09:04:27.286+0000][46166.273s][5523][5530][info ] Total time for which application threads were stopped: 0.0001355 seconds, Stopping threads took: 0.0000275 seconds
[2025-10-02T09:04:28.287+0000][46167.273s][5523][5530][info ] Application time: 1.0001065 seconds
[2025-10-02T09:04:28.287+0000][46167.273s][5523][5530][info ] Entering safepoint region: Cleanup
[2025-10-02T09:04:28.287+0000][46167.273s][5523][5530][info ] Leaving safepoint region
[2025-10-02T09:04:28.287+0000][46167.273s][5523][5530][info ] Total time for which application threads were stopped: 0.0001573 seconds, Stopping threads took: 0.0000490 seconds
[2025-10-02T09:04:29.287+0000][46168.273s][5523][5530][info ] Application time: 1.0000743 seconds
[2025-10-02T09:04:29.287+0000][46168.273s][5523][5530][info ] Entering safepoint region: Cleanup
[2025-10-02T09:04:29.287+0000][46168.273s][5523][5530][info ] Leaving safepoint region
[2025-10-02T09:04:29.287+0000][46168.273s][5523][5530][info ] Total time for which application threads were stopped: 0.0002392 seconds, Stopping threads took: 0.0000257 seconds
[2025-10-02T09:04:30.287+0000][46169.273s][5523][5530][info ] Application time: 1.0000808 seconds
[2025-10-02T09:04:30.287+0000][46169.273s][5523][5530][info ] Entering safepoint region: Cleanup
[2025-10-02T09:04:30.287+0000][46169.274s][5523][5530][info ] Leaving safepoint region
[2025-10-02T09:04:30.287+0000][46169.274s][5523][5530][info ] Total time for which application threads were stopped: 0.0001378 seconds, Stopping threads took: 0.0000243 seconds
[2025-10-02T09:04:31.287+0000][46170.274s][5523][5530][info ] Application time: 1.0001026 seconds
[2025-10-02T09:04:31.288+0000][46170.274s][5523][5530][info ] Entering safepoint region: Cleanup
[2025-10-02T09:04:31.288+0000][46170.274s][5523][5530][info ] Leaving safepoint region
[2025-10-02T09:04:31.288+0000][46170.274s][5523][5530][info ] Total time for which application threads were stopped: 0.0002262 seconds, Stopping threads took: 0.0000266 seconds
[2025-10-02T09:04:32.288+0000][46171.274s][5523][5530][info ] Application time: 1.0000967 seconds
[2025-10-02T09:04:32.288+0000][46171.274s][5523][5530][info ] Entering safepoint region: Cleanup
[2025-10-02T09:04:32.288+0000][46171.274s][5523][5530][info ] Leaving safepoint region
[2025-10-02T09:04:32.288+0000][46171.274s][5523][5530][info ] Total time for which application threads were stopped: 0.0001463 seconds, Stopping threads took: 0.0000292 seconds
[2025-10-02T09:04:33.123+0000][46172.109s][5523][5529][trace] CMS: promo attempt is safe: available(757274488) >= av_promo(11044653), max_promo(24906184)
[2025-10-02T09:04:33.288+0000][46172.274s][5523][5530][info ] Application time: 1.0000786 seconds
[2025-10-02T09:04:33.288+0000][46172.274s][5523][5530][info ] Entering safepoint region: Cleanup
[2025-10-02T09:04:33.288+0000][46172.275s][5523][5530][info ] Leaving safepoint region
[2025-10-02T09:04:33.288+0000][46172.275s][5523][5530][info ] Total time for which application threads were stopped: 0.0001672 seconds, Stopping threads took: 0.0000258 seconds
[2025-10-02T09:04:34.288+0000][46173.275s][5523][5530][info ] Application time: 1.0000967 seconds
[2025-10-02T09:04:34.289+0000][46173.275s][5523][5530][info ] Entering safepoint region: Cleanup
[2025-10-02T09:04:34.289+0000][46173.275s][5523][5530][info ] Leaving safepoint region
[2025-10-02T09:04:34.289+0000][46173.275s][5523][5530][info ] Total time for which application threads were stopped: 0.0001481 seconds, Stopping threads took: 0.0000316 seconds
[2025-10-02T09:04:35.289+0000][46174.275s][5523][5530][info ] Application time: 1.0001002 seconds
[2025-10-02T09:04:35.289+0000][46174.275s][5523][5530][info ] Entering safepoint region: Cleanup
[2025-10-02T09:04:35.289+0000][46174.275s][5523][5530][info ] Leaving safepoint region
[2025-10-02T09:04:35.289+0000][46174.275s][5523][5530][info ] Total time for which application threads were stopped: 0.0001334 seconds, Stopping threads took: 0.0000243 seconds
[2025-10-02T09:04:36.289+0000][46175.275s][5523][5530][info ] Application time: 1.0001104 seconds
[2025-10-02T09:04:36.289+0000][46175.275s][5523][5530][info ] Entering safepoint region: Cleanup
[2025-10-02T09:04:36.289+0000][46175.276s][5523][5530][info ] Leaving safepoint region
[2025-10-02T09:04:36.289+0000][46175.276s][5523][5530][info ] Total time for which application threads were stopped: 0.0001371 seconds, Stopping threads took: 0.0000248 seconds
[2025-10-02T09:04:37.289+0000][46176.276s][5523][5530][info ] Application time: 1.0001046 seconds
[2025-10-02T09:04:37.289+0000][46176.276s][5523][5530][info ] Entering safepoint region: Cleanup
[2025-10-02T09:04:37.290+0000][46176.276s][5523][5530][info ] Leaving safepoint region
[2025-10-02T09:04:37.290+0000][46176.276s][5523][5530][info ] Total time for which application threads were stopped: 0.0001582 seconds, Stopping threads took: 0.0000256 seconds
[2025-10-02T09:04:38.290+0000][46177.276s][5523][5530][info ] Application time: 1.0000908 seconds
[2025-10-02T09:04:38.290+0000][46177.276s][5523][5530][info ] Entering safepoint region: Cleanup
[2025-10-02T09:04:38.290+0000][46177.276s][5523][5530][info ] Leaving safepoint region
[2025-10-02T09:04:38.290+0000][46177.276s][5523][5530][info ] Total time for which application threads were stopped: 0.0001564 seconds, Stopping threads took: 0.0000348 seconds
[2025-10-02T09:04:39.290+0000][46178.276s][5523][5530][info ] Application time: 1.0000970 seconds
[2025-10-02T09:04:39.290+0000][46178.276s][5523][5530][info ] Entering safepoint region: Cleanup
[2025-10-02T09:04:39.290+0000][46178.276s][5523][5530][info ] Leaving safepoint region
[2025-10-02T09:04:39.290+0000][46178.276s][5523][5530][info ] Total time for which application threads were stopped: 0.0001294 seconds, Stopping threads took: 0.0000226 seconds
[2025-10-02T09:04:40.290+0000][46179.277s][5523][5530][info ] Application time: 1.0001022 seconds
[2025-10-02T09:04:40.290+0000][46179.277s][5523][5530][info ] Entering safepoint region: Cleanup
[2025-10-02T09:04:40.291+0000][46179.277s][5523][5530][info ] Leaving safepoint region
[2025-10-02T09:04:40.291+0000][46179.277s][5523][5530][info ] Total time for which application threads were stopped: 0.0001570 seconds, Stopping threads took: 0.0000252 seconds
[2025-10-02T09:04:41.291+0000][46180.277s][5523][5530][info ] Application time: 1.0000799 seconds
[2025-10-02T09:04:41.291+0000][46180.277s][5523][5530][info ] Entering safepoint region: Cleanup
[2025-10-02T09:04:41.291+0000][46180.277s][5523][5530][info ] Leaving safepoint region
[2025-10-02T09:04:41.291+0000][46180.277s][5523][5530][info ] Total time for which application threads were stopped: 0.0001328 seconds, Stopping threads took: 0.0000242 seconds
[2025-10-02T09:04:42.291+0000][46181.277s][5523][5530][info ] Application time: 1.0000982 seconds
[2025-10-02T09:04:42.291+0000][46181.277s][5523][5530][info ] Entering safepoint region: Cleanup
[2025-10-02T09:04:42.291+0000][46181.277s][5523][5530][info ] Leaving safepoint region
[2025-10-02T09:04:42.291+0000][46181.277s][5523][5530][info ] Total time for which application threads were stopped: 0.0001525 seconds, Stopping threads took: 0.0000339 seconds
[2025-10-02T09:04:43.123+0000][46182.109s][5523][5529][trace] CMS: promo attempt is safe: available(757274488) >= av_promo(11044653), max_promo(26816632)
[2025-10-02T09:04:43.291+0000][46182.277s][5523][5530][info ] Application time: 1.0001057 seconds
[2025-10-02T09:04:43.291+0000][46182.278s][5523][5530][info ] Entering safepoint region: Cleanup
[2025-10-02T09:04:43.291+0000][46182.278s][5523][5530][info ] Leaving safepoint region
[2025-10-02T09:04:43.291+0000][46182.278s][5523][5530][info ] Total time for which application threads were stopped: 0.0001417 seconds, Stopping threads took: 0.0000297 seconds
[2025-10-02T09:04:44.292+0000][46183.278s][5523][5530][info ] Application time: 1.0000950 seconds
[2025-10-02T09:04:44.292+0000][46183.278s][5523][5530][info ] Entering safepoint region: Cleanup
[2025-10-02T09:04:44.292+0000][46183.278s][5523][5530][info ] Leaving safepoint region
[2025-10-02T09:04:44.292+0000][46183.278s][5523][5530][info ] Total time for which application threads were stopped: 0.0001327 seconds, Stopping threads took: 0.0000235 seconds
[2025-10-02T09:04:45.292+0000][46184.278s][5523][5530][info ] Application time: 1.0001024 seconds
[2025-10-02T09:04:45.292+0000][46184.278s][5523][5530][info ] Entering safepoint region: Cleanup
[2025-10-02T09:04:45.292+0000][46184.278s][5523][5530][info ] Leaving safepoint region
[2025-10-02T09:04:45.292+0000][46184.278s][5523][5530][info ] Total time for which application threads were stopped: 0.0001686 seconds, Stopping threads took: 0.0000260 seconds
[2025-10-02T09:04:46.292+0000][46185.278s][5523][5530][info ] Application time: 1.0000936 seconds
[2025-10-02T09:04:46.292+0000][46185.278s][5523][5530][info ] Entering safepoint region: Cleanup
[2025-10-02T09:04:46.292+0000][46185.279s][5523][5530][info ] Leaving safepoint region
[2025-10-02T09:04:46.292+0000][46185.279s][5523][5530][info ] Total time for which application threads were stopped: 0.0001350 seconds, Stopping threads took: 0.0000244 seconds
[2025-10-02T09:04:47.292+0000][46186.279s][5523][5530][info ] Application time: 1.0000981 seconds
[2025-10-02T09:04:47.292+0000][46186.279s][5523][5530][info ] Entering safepoint region: Cleanup
[2025-10-02T09:04:47.293+0000][46186.279s][5523][5530][info ] Leaving safepoint region
[2025-10-02T09:04:47.293+0000][46186.279s][5523][5530][info ] Total time for which application threads were stopped: 0.0001558 seconds, Stopping threads took: 0.0000236 seconds
[2025-10-02T09:04:48.293+0000][46187.279s][5523][5530][info ] Application time: 1.0000996 seconds
[2025-10-02T09:04:48.293+0000][46187.279s][5523][5530][info ] Entering safepoint region: Cleanup
[2025-10-02T09:04:48.294+0000][46187.280s][5523][5530][info ] Leaving safepoint region
[2025-10-02T09:04:48.294+0000][46187.280s][5523][5530][info ] Total time for which application threads were stopped: 0.0012697 seconds, Stopping threads took: 0.0011502 seconds
[2025-10-02T09:04:49.294+0000][46188.280s][5523][5530][info ] Application time: 1.0000997 seconds
[2025-10-02T09:04:49.294+0000][46188.280s][5523][5530][info ] Entering safepoint region: Cleanup
[2025-10-02T09:04:49.294+0000][46188.281s][5523][5530][info ] Leaving safepoint region
[2025-10-02T09:04:49.294+0000][46188.281s][5523][5530][info ] Total time for which application threads were stopped: 0.0001327 seconds, Stopping threads took: 0.0000241 seconds
[2025-10-02T09:04:50.294+0000][46189.281s][5523][5530][info ] Application time: 1.0001034 seconds
[2025-10-02T09:04:50.295+0000][46189.281s][5523][5530][info ] Entering safepoint region: Cleanup
[2025-10-02T09:04:50.295+0000][46189.281s][5523][5530][info ] Leaving safepoint region
[2025-10-02T09:04:50.295+0000][46189.281s][5523][5530][info ] Total time for which application threads were stopped: 0.0001457 seconds, Stopping threads took: 0.0000258 seconds
[2025-10-02T09:04:51.295+0000][46190.281s][5523][5530][info ] Application time: 1.0001052 seconds
[2025-10-02T09:04:51.295+0000][46190.281s][5523][5530][info ] Entering safepoint region: Cleanup
[2025-10-02T09:04:51.295+0000][46190.281s][5523][5530][info ] Leaving safepoint region
[2025-10-02T09:04:51.295+0000][46190.281s][5523][5530][info ] Total time for which application threads were stopped: 0.0001383 seconds, Stopping threads took: 0.0000247 seconds
[2025-10-02T09:04:52.295+0000][46191.281s][5523][5530][info ] Application time: 1.0002100 seconds
[2025-10-02T09:04:52.295+0000][46191.281s][5523][5530][info ] Entering safepoint region: Cleanup
[2025-10-02T09:04:52.295+0000][46191.282s][5523][5530][info ] Leaving safepoint region
[2025-10-02T09:04:52.295+0000][46191.282s][5523][5530][info ] Total time for which application threads were stopped: 0.0001387 seconds, Stopping threads took: 0.0000287 seconds
[2025-10-02T09:04:53.123+0000][46192.109s][5523][5529][trace] CMS: promo attempt is safe: available(757274488) >= av_promo(11044653), max_promo(26816632)
[2025-10-02T09:04:53.296+0000][46192.282s][5523][5530][info ] Application time: 1.0000995 seconds
[2025-10-02T09:04:53.296+0000][46192.282s][5523][5530][info ] Entering safepoint region: Cleanup
[2025-10-02T09:04:53.296+0000][46192.282s][5523][5530][info ] Leaving safepoint region
[2025-10-02T09:04:53.296+0000][46192.282s][5523][5530][info ] Total time for which application threads were stopped: 0.0001452 seconds, Stopping threads took: 0.0000251 seconds
[2025-10-02T09:04:54.296+0000][46193.282s][5523][5530][info ] Application time: 1.0001093 seconds
[2025-10-02T09:04:54.296+0000][46193.282s][5523][5530][info ] Entering safepoint region: Cleanup
[2025-10-02T09:04:54.296+0000][46193.282s][5523][5530][info ] Leaving safepoint region
[2025-10-02T09:04:54.296+0000][46193.282s][5523][5530][info ] Total time for which application threads were stopped: 0.0001375 seconds, Stopping threads took: 0.0000269 seconds
[2025-10-02T09:04:55.296+0000][46194.282s][5523][5530][info ] Application time: 1.0001162 seconds
[2025-10-02T09:04:55.296+0000][46194.282s][5523][5530][info ] Entering safepoint region: Cleanup
[2025-10-02T09:04:55.296+0000][46194.283s][5523][5530][info ] Leaving safepoint region
[2025-10-02T09:04:55.296+0000][46194.283s][5523][5530][info ] Total time for which application threads were stopped: 0.0001351 seconds, Stopping threads took: 0.0000240 seconds
[2025-10-02T09:04:56.296+0000][46195.283s][5523][5530][info ] Application time: 1.0001069 seconds
[2025-10-02T09:04:56.297+0000][46195.283s][5523][5530][info ] Entering safepoint region: Cleanup
[2025-10-02T09:04:56.297+0000][46195.283s][5523][5530][info ] Leaving safepoint region
[2025-10-02T09:04:56.297+0000][46195.283s][5523][5530][info ] Total time for which application threads were stopped: 0.0001546 seconds, Stopping threads took: 0.0000448 seconds
[2025-10-02T09:04:57.297+0000][46196.283s][5523][5530][info ] Application time: 1.0001105 seconds
[2025-10-02T09:04:57.297+0000][46196.283s][5523][5530][info ] Entering safepoint region: Cleanup
[2025-10-02T09:04:57.297+0000][46196.283s][5523][5530][info ] Leaving safepoint region
[2025-10-02T09:04:57.297+0000][46196.283s][5523][5530][info ] Total time for which application threads were stopped: 0.0001399 seconds, Stopping threads took: 0.0000256 seconds
[2025-10-02T09:04:58.297+0000][46197.283s][5523][5530][info ] Application time: 1.0000971 seconds
[2025-10-02T09:04:58.297+0000][46197.283s][5523][5530][info ] Entering safepoint region: Cleanup
[2025-10-02T09:04:58.297+0000][46197.283s][5523][5530][info ] Leaving safepoint region
[2025-10-02T09:04:58.297+0000][46197.283s][5523][5530][info ] Total time for which application threads were stopped: 0.0001328 seconds, Stopping threads took: 0.0000249 seconds
[2025-10-02T09:04:59.297+0000][46198.284s][5523][5530][info ] Application time: 1.0000784 seconds
[2025-10-02T09:04:59.297+0000][46198.284s][5523][5530][info ] Entering safepoint region: Cleanup
[2025-10-02T09:04:59.298+0000][46198.284s][5523][5530][info ] Leaving safepoint region
[2025-10-02T09:04:59.298+0000][46198.284s][5523][5530][info ] Total time for which application threads were stopped: 0.0001584 seconds, Stopping threads took: 0.0000239 seconds
[2025-10-02T09:05:00.298+0000][46199.284s][5523][5530][info ] Application time: 1.0000734 seconds
[2025-10-02T09:05:00.298+0000][46199.284s][5523][5530][info ] Entering safepoint region: Cleanup
[2025-10-02T09:05:00.298+0000][46199.284s][5523][5530][info ] Leaving safepoint region
[2025-10-02T09:05:00.298+0000][46199.284s][5523][5530][info ] Total time for which application threads were stopped: 0.0001403 seconds, Stopping threads took: 0.0000243 seconds
[2025-10-02T09:05:01.298+0000][46200.284s][5523][5530][info ] Application time: 1.0000945 seconds
[2025-10-02T09:05:01.298+0000][46200.284s][5523][5530][info ] Entering safepoint region: Cleanup
[2025-10-02T09:05:01.298+0000][46200.284s][5523][5530][info ] Leaving safepoint region
[2025-10-02T09:05:01.298+0000][46200.284s][5523][5530][info ] Total time for which application threads were stopped: 0.0001408 seconds, Stopping threads took: 0.0000273 seconds
[2025-10-02T09:05:02.298+0000][46201.284s][5523][5530][info ] Application time: 1.0001167 seconds
[2025-10-02T09:05:02.298+0000][46201.285s][5523][5530][info ] Entering safepoint region: Cleanup
[2025-10-02T09:05:02.298+0000][46201.285s][5523][5530][info ] Leaving safepoint region
[2025-10-02T09:05:02.298+0000][46201.285s][5523][5530][info ] Total time for which application threads were stopped: 0.0001627 seconds, Stopping threads took: 0.0000454 seconds
[2025-10-02T09:05:03.122+0000][46202.108s][5523][5529][trace] CMS: promo attempt is safe: available(757274488) >= av_promo(11044653), max_promo(26816632)
[2025-10-02T09:05:03.299+0000][46202.285s][5523][5530][info ] Application time: 1.0000895 seconds
[2025-10-02T09:05:03.299+0000][46202.285s][5523][5530][info ] Entering safepoint region: Cleanup
[2025-10-02T09:05:03.299+0000][46202.285s][5523][5530][info ] Leaving safepoint region
[2025-10-02T09:05:03.299+0000][46202.285s][5523][5530][info ] Total time for which application threads were stopped: 0.0001473 seconds, Stopping threads took: 0.0000304 seconds
[2025-10-02T09:05:04.299+0000][46203.286s][5523][5530][info ] Application time: 1.0001109 seconds
[2025-10-02T09:05:04.299+0000][46203.286s][5523][5530][info ] Entering safepoint region: Cleanup
[2025-10-02T09:05:04.300+0000][46203.286s][5523][5530][info ] Leaving safepoint region
[2025-10-02T09:05:04.300+0000][46203.286s][5523][5530][info ] Total time for which application threads were stopped: 0.0002145 seconds, Stopping threads took: 0.0000267 seconds
[2025-10-02T09:05:05.300+0000][46204.286s][5523][5530][info ] Application time: 1.0000813 seconds
[2025-10-02T09:05:05.300+0000][46204.286s][5523][5530][info ] Entering safepoint region: Cleanup
[2025-10-02T09:05:05.300+0000][46204.286s][5523][5530][info ] Leaving safepoint region
[2025-10-02T09:05:05.300+0000][46204.286s][5523][5530][info ] Total time for which application threads were stopped: 0.0001453 seconds, Stopping threads took: 0.0000251 seconds
[2025-10-02T09:05:06.300+0000][46205.286s][5523][5530][info ] Application time: 1.0001069 seconds
[2025-10-02T09:05:06.300+0000][46205.286s][5523][5530][info ] Entering safepoint region: Cleanup
[2025-10-02T09:05:06.300+0000][46205.286s][5523][5530][info ] Leaving safepoint region
[2025-10-02T09:05:06.300+0000][46205.286s][5523][5530][info ] Total time for which application threads were stopped: 0.0001379 seconds, Stopping threads took: 0.0000246 seconds
[2025-10-02T09:05:07.300+0000][46206.287s][5523][5530][info ] Application time: 1.0000971 seconds
[2025-10-02T09:05:07.300+0000][46206.287s][5523][5530][info ] Entering safepoint region: Cleanup
[2025-10-02T09:05:07.301+0000][46206.287s][5523][5530][info ] Leaving safepoint region
[2025-10-02T09:05:07.301+0000][46206.287s][5523][5530][info ] Total time for which application threads were stopped: 0.0001677 seconds, Stopping threads took: 0.0000286 seconds
[2025-10-02T09:05:08.301+0000][46207.287s][5523][5530][info ] Application time: 1.0000864 seconds
[2025-10-02T09:05:08.301+0000][46207.287s][5523][5530][info ] Entering safepoint region: Cleanup
[2025-10-02T09:05:08.301+0000][46207.287s][5523][5530][info ] Leaving safepoint region
[2025-10-02T09:05:08.301+0000][46207.287s][5523][5530][info ] Total time for which application threads were stopped: 0.0001457 seconds, Stopping threads took: 0.0000352 seconds
[2025-10-02T09:05:09.301+0000][46208.287s][5523][5530][info ] Application time: 1.0000895 seconds
[2025-10-02T09:05:09.301+0000][46208.287s][5523][5530][info ] Entering safepoint region: Cleanup
[2025-10-02T09:05:09.301+0000][46208.287s][5523][5530][info ] Leaving safepoint region
[2025-10-02T09:05:09.301+0000][46208.287s][5523][5530][info ] Total time for which application threads were stopped: 0.0001447 seconds, Stopping threads took: 0.0000254 seconds
[2025-10-02T09:05:10.301+0000][46209.287s][5523][5530][info ] Application time: 1.0000955 seconds
[2025-10-02T09:05:10.301+0000][46209.288s][5523][5530][info ] Entering safepoint region: Cleanup
[2025-10-02T09:05:10.301+0000][46209.288s][5523][5530][info ] Leaving safepoint region
[2025-10-02T09:05:10.301+0000][46209.288s][5523][5530][info ] Total time for which application threads were stopped: 0.0001389 seconds, Stopping threads took: 0.0000253 seconds
[2025-10-02T09:05:11.302+0000][46210.288s][5523][5530][info ] Application time: 1.0001028 seconds
[2025-10-02T09:05:11.302+0000][46210.288s][5523][5530][info ] Entering safepoint region: Cleanup
[2025-10-02T09:05:11.302+0000][46210.288s][5523][5530][info ] Leaving safepoint region
[2025-10-02T09:05:11.302+0000][46210.288s][5523][5530][info ] Total time for which application threads were stopped: 0.0001537 seconds, Stopping threads took: 0.0000263 seconds
[2025-10-02T09:05:12.302+0000][46211.288s][5523][5530][info ] Application time: 1.0000901 seconds
[2025-10-02T09:05:12.302+0000][46211.288s][5523][5530][info ] Entering safepoint region: Cleanup
[2025-10-02T09:05:12.302+0000][46211.288s][5523][5530][info ] Leaving safepoint region
[2025-10-02T09:05:12.302+0000][46211.288s][5523][5530][info ] Total time for which application threads were stopped: 0.0001370 seconds, Stopping threads took: 0.0000252 seconds
[2025-10-02T09:05:13.121+0000][46212.107s][5523][5529][trace] CMS: promo attempt is safe: available(757274488) >= av_promo(11044653), max_promo(27205904)
[2025-10-02T09:05:13.302+0000][46212.288s][5523][5530][info ] Application time: 1.0000873 seconds
[2025-10-02T09:05:13.302+0000][46212.288s][5523][5530][info ] Entering safepoint region: Cleanup
[2025-10-02T09:05:13.302+0000][46212.289s][5523][5530][info ] Leaving safepoint region
[2025-10-02T09:05:13.302+0000][46212.289s][5523][5530][info ] Total time for which application threads were stopped: 0.0001368 seconds, Stopping threads took: 0.0000258 seconds
[2025-10-02T09:05:14.302+0000][46213.289s][5523][5530][info ] Application time: 1.0000967 seconds
[2025-10-02T09:05:14.302+0000][46213.289s][5523][5530][info ] Entering safepoint region: Cleanup
[2025-10-02T09:05:14.303+0000][46213.289s][5523][5530][info ] Leaving safepoint region
[2025-10-02T09:05:14.303+0000][46213.289s][5523][5530][info ] Total time for which application threads were stopped: 0.0001526 seconds, Stopping threads took: 0.0000266 seconds
[2025-10-02T09:05:15.303+0000][46214.289s][5523][5530][info ] Application time: 1.0001032 seconds
[2025-10-02T09:05:15.303+0000][46214.289s][5523][5530][info ] Entering safepoint region: Cleanup
[2025-10-02T09:05:15.303+0000][46214.289s][5523][5530][info ] Leaving safepoint region
[2025-10-02T09:05:15.303+0000][46214.289s][5523][5530][info ] Total time for which application threads were stopped: 0.0001394 seconds, Stopping threads took: 0.0000278 seconds
[2025-10-02T09:05:16.303+0000][46215.289s][5523][5530][info ] Application time: 1.0002061 seconds
[2025-10-02T09:05:16.303+0000][46215.289s][5523][5530][info ] Entering safepoint region: Cleanup
[2025-10-02T09:05:16.303+0000][46215.290s][5523][5530][info ] Leaving safepoint region
[2025-10-02T09:05:16.303+0000][46215.290s][5523][5530][info ] Total time for which application threads were stopped: 0.0001433 seconds, Stopping threads took: 0.0000297 seconds
[2025-10-02T09:05:17.303+0000][46216.290s][5523][5530][info ] Application time: 1.0000898 seconds
[2025-10-02T09:05:17.303+0000][46216.290s][5523][5530][info ] Entering safepoint region: Cleanup
[2025-10-02T09:05:17.304+0000][46216.290s][5523][5530][info ] Leaving safepoint region
[2025-10-02T09:05:17.304+0000][46216.290s][5523][5530][info ] Total time for which application threads were stopped: 0.0001559 seconds, Stopping threads took: 0.0000261 seconds
[2025-10-02T09:05:18.304+0000][46217.290s][5523][5530][info ] Application time: 1.0001028 seconds
[2025-10-02T09:05:18.304+0000][46217.290s][5523][5530][info ] Entering safepoint region: Cleanup
[2025-10-02T09:05:18.305+0000][46217.291s][5523][5530][info ] Leaving safepoint region
[2025-10-02T09:05:18.305+0000][46217.291s][5523][5530][info ] Total time for which application threads were stopped: 0.0011220 seconds, Stopping threads took: 0.0009785 seconds
[2025-10-02T09:05:19.305+0000][46218.291s][5523][5530][info ] Application time: 1.0001086 seconds
[2025-10-02T09:05:19.305+0000][46218.291s][5523][5530][info ] Entering safepoint region: Cleanup
[2025-10-02T09:05:19.305+0000][46218.291s][5523][5530][info ] Leaving safepoint region
[2025-10-02T09:05:19.305+0000][46218.291s][5523][5530][info ] Total time for which application threads were stopped: 0.0001313 seconds, Stopping threads took: 0.0000241 seconds
[2025-10-02T09:05:20.305+0000][46219.292s][5523][5530][info ] Application time: 1.0001118 seconds
[2025-10-02T09:05:20.305+0000][46219.292s][5523][5530][info ] Entering safepoint region: Cleanup
[2025-10-02T09:05:20.306+0000][46219.292s][5523][5530][info ] Leaving safepoint region
[2025-10-02T09:05:20.306+0000][46219.292s][5523][5530][info ] Total time for which application threads were stopped: 0.0001602 seconds, Stopping threads took: 0.0000270 seconds
[2025-10-02T09:05:21.306+0000][46220.292s][5523][5530][info ] Application time: 1.0001035 seconds
[2025-10-02T09:05:21.306+0000][46220.292s][5523][5530][info ] Entering safepoint region: Cleanup
[2025-10-02T09:05:21.306+0000][46220.292s][5523][5530][info ] Leaving safepoint region
[2025-10-02T09:05:21.306+0000][46220.292s][5523][5530][info ] Total time for which application threads were stopped: 0.0001464 seconds, Stopping threads took: 0.0000268 seconds
[2025-10-02T09:05:22.306+0000][46221.292s][5523][5530][info ] Application time: 1.0000931 seconds
[2025-10-02T09:05:22.306+0000][46221.292s][5523][5530][info ] Entering safepoint region: Cleanup
[2025-10-02T09:05:22.306+0000][46221.292s][5523][5530][info ] Leaving safepoint region
[2025-10-02T09:05:22.306+0000][46221.292s][5523][5530][info ] Total time for which application threads were stopped: 0.0001306 seconds, Stopping threads took: 0.0000237 seconds
[2025-10-02T09:05:23.121+0000][46222.108s][5523][5529][trace] CMS: promo attempt is safe: available(757274488) >= av_promo(11044653), max_promo(27929784)
[2025-10-02T09:05:23.306+0000][46222.292s][5523][5530][info ] Application time: 1.0000978 seconds
[2025-10-02T09:05:23.306+0000][46222.293s][5523][5530][info ] Entering safepoint region: Cleanup
[2025-10-02T09:05:23.306+0000][46222.293s][5523][5530][info ] Leaving safepoint region
[2025-10-02T09:05:23.306+0000][46222.293s][5523][5530][info ] Total time for which application threads were stopped: 0.0001831 seconds, Stopping threads took: 0.0000291 seconds
[2025-10-02T09:05:24.307+0000][46223.293s][5523][5530][info ] Application time: 1.0000770 seconds
[2025-10-02T09:05:24.307+0000][46223.293s][5523][5530][info ] Entering safepoint region: Cleanup
[2025-10-02T09:05:24.307+0000][46223.293s][5523][5530][info ] Leaving safepoint region
[2025-10-02T09:05:24.307+0000][46223.293s][5523][5530][info ] Total time for which application threads were stopped: 0.0001536 seconds, Stopping threads took: 0.0000377 seconds
[2025-10-02T09:05:25.307+0000][46224.293s][5523][5530][info ] Application time: 1.0000800 seconds
[2025-10-02T09:05:25.307+0000][46224.293s][5523][5530][info ] Entering safepoint region: Cleanup
[2025-10-02T09:05:25.307+0000][46224.293s][5523][5530][info ] Leaving safepoint region
[2025-10-02T09:05:25.307+0000][46224.293s][5523][5530][info ] Total time for which application threads were stopped: 0.0002280 seconds, Stopping threads took: 0.0000236 seconds
[2025-10-02T09:05:26.307+0000][46225.293s][5523][5530][info ] Application time: 1.0001072 seconds
[2025-10-02T09:05:26.307+0000][46225.294s][5523][5530][info ] Entering safepoint region: Cleanup
[2025-10-02T09:05:26.307+0000][46225.294s][5523][5530][info ] Leaving safepoint region
[2025-10-02T09:05:26.307+0000][46225.294s][5523][5530][info ] Total time for which application threads were stopped: 0.0001506 seconds, Stopping threads took: 0.0000281 seconds
[2025-10-02T09:05:27.308+0000][46226.294s][5523][5530][info ] Application time: 1.0001980 seconds
[2025-10-02T09:05:27.308+0000][46226.294s][5523][5530][info ] Entering safepoint region: Cleanup
[2025-10-02T09:05:27.308+0000][46226.294s][5523][5530][info ] Leaving safepoint region
[2025-10-02T09:05:27.308+0000][46226.294s][5523][5530][info ] Total time for which application threads were stopped: 0.0001560 seconds, Stopping threads took: 0.0000252 seconds
[2025-10-02T09:05:28.308+0000][46227.294s][5523][5530][info ] Application time: 1.0001088 seconds
[2025-10-02T09:05:28.308+0000][46227.294s][5523][5530][info ] Entering safepoint region: Cleanup
[2025-10-02T09:05:28.309+0000][46227.295s][5523][5530][info ] Leaving safepoint region
[2025-10-02T09:05:28.309+0000][46227.296s][5523][5530][info ] Total time for which application threads were stopped: 0.0012316 seconds, Stopping threads took: 0.0010964 seconds
[2025-10-02T09:05:29.309+0000][46228.296s][5523][5530][info ] Application time: 1.0000972 seconds
[2025-10-02T09:05:29.309+0000][46228.296s][5523][5530][info ] Entering safepoint region: Cleanup
[2025-10-02T09:05:29.310+0000][46228.296s][5523][5530][info ] Leaving safepoint region
[2025-10-02T09:05:29.310+0000][46228.296s][5523][5530][info ] Total time for which application threads were stopped: 0.0001585 seconds, Stopping threads took: 0.0000257 seconds
[2025-10-02T09:05:30.310+0000][46229.296s][5523][5530][info ] Application time: 1.0000714 seconds
[2025-10-02T09:05:30.310+0000][46229.296s][5523][5530][info ] Entering safepoint region: Cleanup
[2025-10-02T09:05:30.310+0000][46229.296s][5523][5530][info ] Leaving safepoint region
[2025-10-02T09:05:30.310+0000][46229.296s][5523][5530][info ] Total time for which application threads were stopped: 0.0001346 seconds, Stopping threads took: 0.0000237 seconds
[2025-10-02T09:05:31.310+0000][46230.296s][5523][5530][info ] Application time: 1.0001047 seconds
[2025-10-02T09:05:31.310+0000][46230.296s][5523][5530][info ] Entering safepoint region: Cleanup
[2025-10-02T09:05:31.310+0000][46230.296s][5523][5530][info ] Leaving safepoint region
[2025-10-02T09:05:31.310+0000][46230.296s][5523][5530][info ] Total time for which application threads were stopped: 0.0001377 seconds, Stopping threads took: 0.0000253 seconds
[2025-10-02T09:05:32.310+0000][46231.297s][5523][5530][info ] Application time: 1.0000910 seconds
[2025-10-02T09:05:32.310+0000][46231.297s][5523][5530][info ] Entering safepoint region: Cleanup
[2025-10-02T09:05:32.310+0000][46231.297s][5523][5530][info ] Leaving safepoint region
[2025-10-02T09:05:32.310+0000][46231.297s][5523][5530][info ] Total time for which application threads were stopped: 0.0001367 seconds, Stopping threads took: 0.0000251 seconds
[2025-10-02T09:05:33.121+0000][46232.107s][5523][5529][trace] CMS: promo attempt is safe: available(757274488) >= av_promo(11044653), max_promo(27969472)
[2025-10-02T09:05:33.311+0000][46232.297s][5523][5530][info ] Application time: 1.0000854 seconds
[2025-10-02T09:05:33.311+0000][46232.297s][5523][5530][info ] Entering safepoint region: Cleanup
[2025-10-02T09:05:33.311+0000][46232.297s][5523][5530][info ] Leaving safepoint region
[2025-10-02T09:05:33.311+0000][46232.297s][5523][5530][info ] Total time for which application threads were stopped: 0.0001365 seconds, Stopping threads took: 0.0000280 seconds
[2025-10-02T09:05:34.311+0000][46233.297s][5523][5530][info ] Application time: 1.0001057 seconds
[2025-10-02T09:05:34.311+0000][46233.297s][5523][5530][info ] Entering safepoint region: Cleanup
[2025-10-02T09:05:34.311+0000][46233.297s][5523][5530][info ] Leaving safepoint region
[2025-10-02T09:05:34.311+0000][46233.297s][5523][5530][info ] Total time for which application threads were stopped: 0.0002079 seconds, Stopping threads took: 0.0000244 seconds
[2025-10-02T09:05:35.311+0000][46234.297s][5523][5530][info ] Application time: 1.0001044 seconds
[2025-10-02T09:05:35.311+0000][46234.298s][5523][5530][info ] Entering safepoint region: Cleanup
[2025-10-02T09:05:35.311+0000][46234.298s][5523][5530][info ] Leaving safepoint region
[2025-10-02T09:05:35.311+0000][46234.298s][5523][5530][info ] Total time for which application threads were stopped: 0.0001332 seconds, Stopping threads took: 0.0000241 seconds
[2025-10-02T09:05:36.312+0000][46235.298s][5523][5530][info ] Application time: 1.0001173 seconds
[2025-10-02T09:05:36.312+0000][46235.298s][5523][5530][info ] Entering safepoint region: Cleanup
[2025-10-02T09:05:36.312+0000][46235.298s][5523][5530][info ] Leaving safepoint region
[2025-10-02T09:05:36.312+0000][46235.298s][5523][5530][info ] Total time for which application threads were stopped: 0.0001367 seconds, Stopping threads took: 0.0000247 seconds
[2025-10-02T09:05:37.312+0000][46236.298s][5523][5530][info ] Application time: 1.0000922 seconds
[2025-10-02T09:05:37.312+0000][46236.298s][5523][5530][info ] Entering safepoint region: Cleanup
[2025-10-02T09:05:37.312+0000][46236.298s][5523][5530][info ] Leaving safepoint region
[2025-10-02T09:05:37.312+0000][46236.298s][5523][5530][info ] Total time for which application threads were stopped: 0.0001520 seconds, Stopping threads took: 0.0000420 seconds
[2025-10-02T09:05:38.312+0000][46237.298s][5523][5530][info ] Application time: 1.0000982 seconds
[2025-10-02T09:05:38.312+0000][46237.298s][5523][5530][info ] Entering safepoint region: Cleanup
[2025-10-02T09:05:38.312+0000][46237.299s][5523][5530][info ] Leaving safepoint region
[2025-10-02T09:05:38.312+0000][46237.299s][5523][5530][info ] Total time for which application threads were stopped: 0.0001397 seconds, Stopping threads took: 0.0000275 seconds
[2025-10-02T09:05:39.312+0000][46238.299s][5523][5530][info ] Application time: 1.0000978 seconds
[2025-10-02T09:05:39.312+0000][46238.299s][5523][5530][info ] Entering safepoint region: Cleanup
[2025-10-02T09:05:39.313+0000][46238.299s][5523][5530][info ] Leaving safepoint region
[2025-10-02T09:05:39.313+0000][46238.299s][5523][5530][info ] Total time for which application threads were stopped: 0.0001581 seconds, Stopping threads took: 0.0000248 seconds
[2025-10-02T09:05:40.313+0000][46239.299s][5523][5530][info ] Application time: 1.0000977 seconds
[2025-10-02T09:05:40.313+0000][46239.299s][5523][5530][info ] Entering safepoint region: Cleanup
[2025-10-02T09:05:40.313+0000][46239.299s][5523][5530][info ] Leaving safepoint region
[2025-10-02T09:05:40.313+0000][46239.299s][5523][5530][info ] Total time for which application threads were stopped: 0.0001336 seconds, Stopping threads took: 0.0000240 seconds
[2025-10-02T09:05:41.313+0000][46240.299s][5523][5530][info ] Application time: 1.0001085 seconds
[2025-10-02T09:05:41.313+0000][46240.299s][5523][5530][info ] Entering safepoint region: Cleanup
[2025-10-02T09:05:41.313+0000][46240.299s][5523][5530][info ] Leaving safepoint region
[2025-10-02T09:05:41.313+0000][46240.299s][5523][5530][info ] Total time for which application threads were stopped: 0.0001381 seconds, Stopping threads took: 0.0000271 seconds
[2025-10-02T09:05:42.313+0000][46241.300s][5523][5530][info ] Application time: 1.0001103 seconds
[2025-10-02T09:05:42.313+0000][46241.300s][5523][5530][info ] Entering safepoint region: Cleanup
[2025-10-02T09:05:42.314+0000][46241.300s][5523][5530][info ] Leaving safepoint region
[2025-10-02T09:05:42.314+0000][46241.300s][5523][5530][info ] Total time for which application threads were stopped: 0.0001698 seconds, Stopping threads took: 0.0000240 seconds
[2025-10-02T09:05:43.121+0000][46242.107s][5523][5529][trace] CMS: promo attempt is safe: available(757274488) >= av_promo(11044653), max_promo(30252800)
[2025-10-02T09:05:43.314+0000][46242.300s][5523][5530][info ] Application time: 1.0001079 seconds
[2025-10-02T09:05:43.314+0000][46242.300s][5523][5530][info ] Entering safepoint region: Cleanup
[2025-10-02T09:05:43.314+0000][46242.300s][5523][5530][info ] Leaving safepoint region
[2025-10-02T09:05:43.314+0000][46242.300s][5523][5530][info ] Total time for which application threads were stopped: 0.0001395 seconds, Stopping threads took: 0.0000257 seconds
[2025-10-02T09:05:44.314+0000][46243.300s][5523][5530][info ] Application time: 1.0001041 seconds
[2025-10-02T09:05:44.314+0000][46243.300s][5523][5530][info ] Entering safepoint region: Cleanup
[2025-10-02T09:05:44.314+0000][46243.300s][5523][5530][info ] Leaving safepoint region
[2025-10-02T09:05:44.314+0000][46243.300s][5523][5530][info ] Total time for which application threads were stopped: 0.0001405 seconds, Stopping threads took: 0.0000294 seconds
[2025-10-02T09:05:45.314+0000][46244.301s][5523][5530][info ] Application time: 1.0001140 seconds
[2025-10-02T09:05:45.314+0000][46244.301s][5523][5530][info ] Entering safepoint region: Cleanup
[2025-10-02T09:05:45.314+0000][46244.301s][5523][5530][info ] Leaving safepoint region
[2025-10-02T09:05:45.314+0000][46244.301s][5523][5530][info ] Total time for which application threads were stopped: 0.0001384 seconds, Stopping threads took: 0.0000258 seconds
[2025-10-02T09:05:46.315+0000][46245.301s][5523][5530][info ] Application time: 1.0001229 seconds
[2025-10-02T09:05:46.315+0000][46245.301s][5523][5530][info ] Entering safepoint region: Cleanup
[2025-10-02T09:05:46.315+0000][46245.301s][5523][5530][info ] Leaving safepoint region
[2025-10-02T09:05:46.315+0000][46245.301s][5523][5530][info ] Total time for which application threads were stopped: 0.0001334 seconds, Stopping threads took: 0.0000241 seconds
[2025-10-02T09:05:47.315+0000][46246.301s][5523][5530][info ] Application time: 1.0001044 seconds
[2025-10-02T09:05:47.315+0000][46246.301s][5523][5530][info ] Entering safepoint region: Cleanup
[2025-10-02T09:05:47.315+0000][46246.301s][5523][5530][info ] Leaving safepoint region
[2025-10-02T09:05:47.315+0000][46246.301s][5523][5530][info ] Total time for which application threads were stopped: 0.0002567 seconds, Stopping threads took: 0.0000250 seconds
[2025-10-02T09:05:48.315+0000][46247.302s][5523][5530][info ] Application time: 1.0001258 seconds
[2025-10-02T09:05:48.315+0000][46247.302s][5523][5530][info ] Entering safepoint region: Cleanup
[2025-10-02T09:05:48.316+0000][46247.303s][5523][5530][info ] Leaving safepoint region
[2025-10-02T09:05:48.316+0000][46247.303s][5523][5530][info ] Total time for which application threads were stopped: 0.0010864 seconds, Stopping threads took: 0.0009540 seconds
[2025-10-02T09:05:49.317+0000][46248.303s][5523][5530][info ] Application time: 1.0001252 seconds
[2025-10-02T09:05:49.317+0000][46248.303s][5523][5530][info ] Entering safepoint region: Cleanup
[2025-10-02T09:05:49.317+0000][46248.303s][5523][5530][info ] Leaving safepoint region
[2025-10-02T09:05:49.317+0000][46248.303s][5523][5530][info ] Total time for which application threads were stopped: 0.0001432 seconds, Stopping threads took: 0.0000300 seconds
[2025-10-02T09:05:50.317+0000][46249.303s][5523][5530][info ] Application time: 1.0001144 seconds
[2025-10-02T09:05:50.317+0000][46249.303s][5523][5530][info ] Entering safepoint region: Cleanup
[2025-10-02T09:05:50.317+0000][46249.303s][5523][5530][info ] Leaving safepoint region
[2025-10-02T09:05:50.317+0000][46249.303s][5523][5530][info ] Total time for which application threads were stopped: 0.0001378 seconds, Stopping threads took: 0.0000268 seconds
[2025-10-02T09:05:51.317+0000][46250.303s][5523][5530][info ] Application time: 1.0001030 seconds
[2025-10-02T09:05:51.317+0000][46250.304s][5523][5530][info ] Entering safepoint region: Cleanup
[2025-10-02T09:05:51.317+0000][46250.304s][5523][5530][info ] Leaving safepoint region
[2025-10-02T09:05:51.317+0000][46250.304s][5523][5530][info ] Total time for which application threads were stopped: 0.0001359 seconds, Stopping threads took: 0.0000239 seconds
[2025-10-02T09:05:52.318+0000][46251.304s][5523][5530][info ] Application time: 1.0001042 seconds
[2025-10-02T09:05:52.318+0000][46251.304s][5523][5530][info ] Entering safepoint region: Cleanup
[2025-10-02T09:05:52.318+0000][46251.304s][5523][5530][info ] Leaving safepoint region
[2025-10-02T09:05:52.318+0000][46251.304s][5523][5530][info ] Total time for which application threads were stopped: 0.0001476 seconds, Stopping threads took: 0.0000251 seconds
[2025-10-02T09:05:53.120+0000][46252.106s][5523][5529][trace] CMS: promo attempt is safe: available(757274488) >= av_promo(11044653), max_promo(30257536)
[2025-10-02T09:05:53.318+0000][46252.304s][5523][5530][info ] Application time: 1.0000917 seconds
[2025-10-02T09:05:53.318+0000][46252.304s][5523][5530][info ] Entering safepoint region: Cleanup
[2025-10-02T09:05:53.318+0000][46252.304s][5523][5530][info ] Leaving safepoint region
[2025-10-02T09:05:53.318+0000][46252.304s][5523][5530][info ] Total time for which application threads were stopped: 0.0001506 seconds, Stopping threads took: 0.0000277 seconds
[2025-10-02T09:05:54.318+0000][46253.304s][5523][5530][info ] Application time: 1.0000772 seconds
[2025-10-02T09:05:54.318+0000][46253.304s][5523][5530][info ] Entering safepoint region: Cleanup
[2025-10-02T09:05:54.318+0000][46253.305s][5523][5530][info ] Leaving safepoint region
[2025-10-02T09:05:54.318+0000][46253.305s][5523][5530][info ] Total time for which application threads were stopped: 0.0001468 seconds, Stopping threads took: 0.0000245 seconds
[2025-10-02T09:05:55.318+0000][46254.305s][5523][5530][info ] Application time: 1.0000981 seconds
[2025-10-02T09:05:55.318+0000][46254.305s][5523][5530][info ] Entering safepoint region: Cleanup
[2025-10-02T09:05:55.319+0000][46254.305s][5523][5530][info ] Leaving safepoint region
[2025-10-02T09:05:55.319+0000][46254.305s][5523][5530][info ] Total time for which application threads were stopped: 0.0001574 seconds, Stopping threads took: 0.0000251 seconds
[2025-10-02T09:05:56.319+0000][46255.305s][5523][5530][info ] Application time: 1.0000996 seconds
[2025-10-02T09:05:56.319+0000][46255.305s][5523][5530][info ] Entering safepoint region: Cleanup
[2025-10-02T09:05:56.319+0000][46255.305s][5523][5530][info ] Leaving safepoint region
[2025-10-02T09:05:56.319+0000][46255.305s][5523][5530][info ] Total time for which application threads were stopped: 0.0001315 seconds, Stopping threads took: 0.0000236 seconds
[2025-10-02T09:05:57.319+0000][46256.305s][5523][5530][info ] Application time: 1.0000810 seconds
[2025-10-02T09:05:57.319+0000][46256.305s][5523][5530][info ] Entering safepoint region: Cleanup
[2025-10-02T09:05:57.319+0000][46256.305s][5523][5530][info ] Leaving safepoint region
[2025-10-02T09:05:57.319+0000][46256.305s][5523][5530][info ] Total time for which application threads were stopped: 0.0001419 seconds, Stopping threads took: 0.0000285 seconds
[2025-10-02T09:05:58.319+0000][46257.306s][5523][5530][info ] Application time: 1.0001024 seconds
[2025-10-02T09:05:58.319+0000][46257.306s][5523][5530][info ] Entering safepoint region: Cleanup
[2025-10-02T09:05:58.320+0000][46257.306s][5523][5530][info ] Leaving safepoint region
[2025-10-02T09:05:58.321+0000][46257.307s][5523][5530][info ] Total time for which application threads were stopped: 0.0011398 seconds, Stopping threads took: 0.0000258 seconds
[2025-10-02T09:05:59.321+0000][46258.307s][5523][5530][info ] Application time: 1.0001026 seconds
[2025-10-02T09:05:59.321+0000][46258.307s][5523][5530][info ] Entering safepoint region: Cleanup
[2025-10-02T09:05:59.321+0000][46258.307s][5523][5530][info ] Leaving safepoint region
[2025-10-02T09:05:59.321+0000][46258.307s][5523][5530][info ] Total time for which application threads were stopped: 0.0001357 seconds, Stopping threads took: 0.0000235 seconds
[2025-10-02T09:06:00.321+0000][46259.307s][5523][5530][info ] Application time: 1.0001072 seconds
[2025-10-02T09:06:00.321+0000][46259.307s][5523][5530][info ] Entering safepoint region: Cleanup
[2025-10-02T09:06:00.321+0000][46259.307s][5523][5530][info ] Leaving safepoint region
[2025-10-02T09:06:00.321+0000][46259.307s][5523][5530][info ] Total time for which application threads were stopped: 0.0001425 seconds, Stopping threads took: 0.0000242 seconds
[2025-10-02T09:06:01.321+0000][46260.308s][5523][5530][info ] Application time: 1.0001159 seconds
[2025-10-02T09:06:01.321+0000][46260.308s][5523][5530][info ] Entering safepoint region: Cleanup
[2025-10-02T09:06:01.322+0000][46260.308s][5523][5530][info ] Leaving safepoint region
[2025-10-02T09:06:01.322+0000][46260.308s][5523][5530][info ] Total time for which application threads were stopped: 0.0002034 seconds, Stopping threads took: 0.0000315 seconds
[2025-10-02T09:06:02.322+0000][46261.308s][5523][5530][info ] Application time: 1.0001185 seconds
[2025-10-02T09:06:02.322+0000][46261.308s][5523][5530][info ] Entering safepoint region: Cleanup
[2025-10-02T09:06:02.322+0000][46261.308s][5523][5530][info ] Leaving safepoint region
[2025-10-02T09:06:02.322+0000][46261.308s][5523][5530][info ] Total time for which application threads were stopped: 0.0001825 seconds, Stopping threads took: 0.0000247 seconds
[2025-10-02T09:06:03.119+0000][46262.105s][5523][5529][trace] CMS: promo attempt is safe: available(757274488) >= av_promo(11044653), max_promo(30313032)
[2025-10-02T09:06:03.322+0000][46262.308s][5523][5530][info ] Application time: 1.0001009 seconds
[2025-10-02T09:06:03.322+0000][46262.308s][5523][5530][info ] Entering safepoint region: Cleanup
[2025-10-02T09:06:03.322+0000][46262.308s][5523][5530][info ] Leaving safepoint region
[2025-10-02T09:06:03.322+0000][46262.308s][5523][5530][info ] Total time for which application threads were stopped: 0.0001335 seconds, Stopping threads took: 0.0000249 seconds
[2025-10-02T09:06:04.322+0000][46263.309s][5523][5530][info ] Application time: 1.0001012 seconds
[2025-10-02T09:06:04.322+0000][46263.309s][5523][5530][info ] Entering safepoint region: Cleanup
[2025-10-02T09:06:04.323+0000][46263.309s][5523][5530][info ] Leaving safepoint region
[2025-10-02T09:06:04.323+0000][46263.309s][5523][5530][info ] Total time for which application threads were stopped: 0.0001760 seconds, Stopping threads took: 0.0000262 seconds
[2025-10-02T09:06:05.323+0000][46264.309s][5523][5530][info ] Application time: 1.0000833 seconds
[2025-10-02T09:06:05.323+0000][46264.309s][5523][5530][info ] Entering safepoint region: Cleanup
[2025-10-02T09:06:05.323+0000][46264.309s][5523][5530][info ] Leaving safepoint region
[2025-10-02T09:06:05.323+0000][46264.309s][5523][5530][info ] Total time for which application threads were stopped: 0.0001418 seconds, Stopping threads took: 0.0000257 seconds
[2025-10-02T09:06:06.323+0000][46265.309s][5523][5530][info ] Application time: 1.0001096 seconds
[2025-10-02T09:06:06.323+0000][46265.309s][5523][5530][info ] Entering safepoint region: Cleanup
[2025-10-02T09:06:06.323+0000][46265.309s][5523][5530][info ] Leaving safepoint region
[2025-10-02T09:06:06.323+0000][46265.309s][5523][5530][info ] Total time for which application threads were stopped: 0.0001537 seconds, Stopping threads took: 0.0000401 seconds
[2025-10-02T09:06:07.323+0000][46266.310s][5523][5530][info ] Application time: 1.0000989 seconds
[2025-10-02T09:06:07.323+0000][46266.310s][5523][5530][info ] Entering safepoint region: Cleanup
[2025-10-02T09:06:07.324+0000][46266.310s][5523][5530][info ] Leaving safepoint region
[2025-10-02T09:06:07.324+0000][46266.310s][5523][5530][info ] Total time for which application threads were stopped: 0.0001718 seconds, Stopping threads took: 0.0000240 seconds
[2025-10-02T09:06:08.324+0000][46267.310s][5523][5530][info ] Application time: 1.0000726 seconds
[2025-10-02T09:06:08.324+0000][46267.310s][5523][5530][info ] Entering safepoint region: Cleanup
[2025-10-02T09:06:08.324+0000][46267.310s][5523][5530][info ] Leaving safepoint region
[2025-10-02T09:06:08.324+0000][46267.310s][5523][5530][info ] Total time for which application threads were stopped: 0.0001373 seconds, Stopping threads took: 0.0000253 seconds
[2025-10-02T09:06:09.324+0000][46268.310s][5523][5530][info ] Application time: 1.0001156 seconds
[2025-10-02T09:06:09.324+0000][46268.310s][5523][5530][info ] Entering safepoint region: Cleanup
[2025-10-02T09:06:09.324+0000][46268.310s][5523][5530][info ] Leaving safepoint region
[2025-10-02T09:06:09.324+0000][46268.310s][5523][5530][info ] Total time for which application threads were stopped: 0.0001333 seconds, Stopping threads took: 0.0000243 seconds
[2025-10-02T09:06:10.324+0000][46269.311s][5523][5530][info ] Application time: 1.0001133 seconds
[2025-10-02T09:06:10.324+0000][46269.311s][5523][5530][info ] Entering safepoint region: Cleanup
[2025-10-02T09:06:10.324+0000][46269.311s][5523][5530][info ] Leaving safepoint region
[2025-10-02T09:06:10.324+0000][46269.311s][5523][5530][info ] Total time for which application threads were stopped: 0.0001355 seconds, Stopping threads took: 0.0000259 seconds
[2025-10-02T09:06:11.325+0000][46270.311s][5523][5530][info ] Application time: 1.0001036 seconds
[2025-10-02T09:06:11.325+0000][46270.311s][5523][5530][info ] Entering safepoint region: Cleanup
[2025-10-02T09:06:11.325+0000][46270.311s][5523][5530][info ] Leaving safepoint region
[2025-10-02T09:06:11.325+0000][46270.311s][5523][5530][info ] Total time for which application threads were stopped: 0.0001332 seconds, Stopping threads took: 0.0000266 seconds
[2025-10-02T09:06:12.325+0000][46271.311s][5523][5530][info ] Application time: 1.0001114 seconds
[2025-10-02T09:06:12.325+0000][46271.311s][5523][5530][info ] Entering safepoint region: Cleanup
[2025-10-02T09:06:12.325+0000][46271.311s][5523][5530][info ] Leaving safepoint region
[2025-10-02T09:06:12.325+0000][46271.311s][5523][5530][info ] Total time for which application threads were stopped: 0.0001406 seconds, Stopping threads took: 0.0000316 seconds
[2025-10-02T09:06:13.119+0000][46272.105s][5523][5529][trace] CMS: promo attempt is safe: available(757274488) >= av_promo(11044653), max_promo(32406656)
[2025-10-02T09:06:13.325+0000][46272.311s][5523][5530][info ] Application time: 1.0000949 seconds
[2025-10-02T09:06:13.325+0000][46272.311s][5523][5530][info ] Entering safepoint region: Cleanup
[2025-10-02T09:06:13.325+0000][46272.312s][5523][5530][info ] Leaving safepoint region
[2025-10-02T09:06:13.325+0000][46272.312s][5523][5530][info ] Total time for which application threads were stopped: 0.0001327 seconds, Stopping threads took: 0.0000243 seconds
[2025-10-02T09:06:14.325+0000][46273.312s][5523][5530][info ] Application time: 1.0001070 seconds
[2025-10-02T09:06:14.326+0000][46273.312s][5523][5530][info ] Entering safepoint region: Cleanup
[2025-10-02T09:06:14.326+0000][46273.312s][5523][5530][info ] Leaving safepoint region
[2025-10-02T09:06:14.326+0000][46273.312s][5523][5530][info ] Total time for which application threads were stopped: 0.0001368 seconds, Stopping threads took: 0.0000271 seconds
[2025-10-02T09:06:15.326+0000][46274.312s][5523][5530][info ] Application time: 1.0000979 seconds
[2025-10-02T09:06:15.326+0000][46274.312s][5523][5530][info ] Entering safepoint region: Cleanup
[2025-10-02T09:06:15.326+0000][46274.312s][5523][5530][info ] Leaving safepoint region
[2025-10-02T09:06:15.326+0000][46274.312s][5523][5530][info ] Total time for which application threads were stopped: 0.0001374 seconds, Stopping threads took: 0.0000294 seconds
[2025-10-02T09:06:16.326+0000][46275.312s][5523][5530][info ] Application time: 1.0000842 seconds
[2025-10-02T09:06:16.326+0000][46275.312s][5523][5530][info ] Entering safepoint region: Cleanup
[2025-10-02T09:06:16.326+0000][46275.312s][5523][5530][info ] Leaving safepoint region
[2025-10-02T09:06:16.326+0000][46275.312s][5523][5530][info ] Total time for which application threads were stopped: 0.0001345 seconds, Stopping threads took: 0.0000241 seconds
[2025-10-02T09:06:17.326+0000][46276.313s][5523][5530][info ] Application time: 1.0000974 seconds
[2025-10-02T09:06:17.326+0000][46276.313s][5523][5530][info ] Entering safepoint region: Cleanup
[2025-10-02T09:06:17.327+0000][46276.313s][5523][5530][info ] Leaving safepoint region
[2025-10-02T09:06:17.327+0000][46276.313s][5523][5530][info ] Total time for which application threads were stopped: 0.0001786 seconds, Stopping threads took: 0.0000260 seconds
[2025-10-02T09:06:18.327+0000][46277.313s][5523][5530][info ] Application time: 1.0000932 seconds
[2025-10-02T09:06:18.327+0000][46277.313s][5523][5530][info ] Entering safepoint region: Cleanup
[2025-10-02T09:06:18.327+0000][46277.313s][5523][5530][info ] Leaving safepoint region
[2025-10-02T09:06:18.327+0000][46277.313s][5523][5530][info ] Total time for which application threads were stopped: 0.0001459 seconds, Stopping threads took: 0.0000335 seconds
[2025-10-02T09:06:19.327+0000][46278.313s][5523][5530][info ] Application time: 1.0002117 seconds
[2025-10-02T09:06:19.327+0000][46278.313s][5523][5530][info ] Entering safepoint region: Cleanup
[2025-10-02T09:06:19.327+0000][46278.313s][5523][5530][info ] Leaving safepoint region
[2025-10-02T09:06:19.327+0000][46278.313s][5523][5530][info ] Total time for which application threads were stopped: 0.0001372 seconds, Stopping threads took: 0.0000271 seconds
[2025-10-02T09:06:20.327+0000][46279.314s][5523][5530][info ] Application time: 1.0001042 seconds
[2025-10-02T09:06:20.327+0000][46279.314s][5523][5530][info ] Entering safepoint region: Cleanup
[2025-10-02T09:06:20.328+0000][46279.314s][5523][5530][info ] Leaving safepoint region
[2025-10-02T09:06:20.328+0000][46279.314s][5523][5530][info ] Total time for which application threads were stopped: 0.0001633 seconds, Stopping threads took: 0.0000252 seconds
[2025-10-02T09:06:21.328+0000][46280.314s][5523][5530][info ] Application time: 1.0001089 seconds
[2025-10-02T09:06:21.328+0000][46280.314s][5523][5530][info ] Entering safepoint region: Cleanup
[2025-10-02T09:06:21.328+0000][46280.314s][5523][5530][info ] Leaving safepoint region
[2025-10-02T09:06:21.328+0000][46280.314s][5523][5530][info ] Total time for which application threads were stopped: 0.0001417 seconds, Stopping threads took: 0.0000258 seconds
[2025-10-02T09:06:22.328+0000][46281.314s][5523][5530][info ] Application time: 1.0001061 seconds
[2025-10-02T09:06:22.328+0000][46281.314s][5523][5530][info ] Entering safepoint region: Cleanup
[2025-10-02T09:06:22.328+0000][46281.314s][5523][5530][info ] Leaving safepoint region
[2025-10-02T09:06:22.328+0000][46281.314s][5523][5530][info ] Total time for which application threads were stopped: 0.0001392 seconds, Stopping threads took: 0.0000271 seconds
[2025-10-02T09:06:23.119+0000][46282.106s][5523][5529][trace] CMS: promo attempt is safe: available(757274488) >= av_promo(11044653), max_promo(32557528)
[2025-10-02T09:06:23.328+0000][46282.315s][5523][5530][info ] Application time: 1.0000798 seconds
[2025-10-02T09:06:23.328+0000][46282.315s][5523][5530][info ] Entering safepoint region: Cleanup
[2025-10-02T09:06:23.328+0000][46282.315s][5523][5530][info ] Leaving safepoint region
[2025-10-02T09:06:23.329+0000][46282.315s][5523][5530][info ] Total time for which application threads were stopped: 0.0001663 seconds, Stopping threads took: 0.0000259 seconds
[2025-10-02T09:06:24.329+0000][46283.315s][5523][5530][info ] Application time: 1.0000837 seconds
[2025-10-02T09:06:24.329+0000][46283.315s][5523][5530][info ] Entering safepoint region: Cleanup
[2025-10-02T09:06:24.329+0000][46283.315s][5523][5530][info ] Leaving safepoint region
[2025-10-02T09:06:24.329+0000][46283.315s][5523][5530][info ] Total time for which application threads were stopped: 0.0001625 seconds, Stopping threads took: 0.0000294 seconds
[2025-10-02T09:06:25.329+0000][46284.315s][5523][5530][info ] Application time: 1.0001932 seconds
[2025-10-02T09:06:25.329+0000][46284.315s][5523][5530][info ] Entering safepoint region: Cleanup
[2025-10-02T09:06:25.329+0000][46284.315s][5523][5530][info ] Leaving safepoint region
[2025-10-02T09:06:25.329+0000][46284.315s][5523][5530][info ] Total time for which application threads were stopped: 0.0001630 seconds, Stopping threads took: 0.0000296 seconds
[2025-10-02T09:06:26.329+0000][46285.316s][5523][5530][info ] Application time: 1.0001047 seconds
[2025-10-02T09:06:26.329+0000][46285.316s][5523][5530][info ] Entering safepoint region: Cleanup
[2025-10-02T09:06:26.330+0000][46285.316s][5523][5530][info ] Leaving safepoint region
[2025-10-02T09:06:26.330+0000][46285.316s][5523][5530][info ] Total time for which application threads were stopped: 0.0001664 seconds, Stopping threads took: 0.0000265 seconds
[2025-10-02T09:06:27.330+0000][46286.316s][5523][5530][info ] Application time: 1.0000932 seconds
[2025-10-02T09:06:27.330+0000][46286.316s][5523][5530][info ] Entering safepoint region: Cleanup
[2025-10-02T09:06:27.330+0000][46286.316s][5523][5530][info ] Leaving safepoint region
[2025-10-02T09:06:27.330+0000][46286.316s][5523][5530][info ] Total time for which application threads were stopped: 0.0001354 seconds, Stopping threads took: 0.0000246 seconds
[2025-10-02T09:06:28.330+0000][46287.316s][5523][5530][info ] Application time: 1.0001042 seconds
[2025-10-02T09:06:28.330+0000][46287.316s][5523][5530][info ] Entering safepoint region: Cleanup
[2025-10-02T09:06:28.330+0000][46287.316s][5523][5530][info ] Leaving safepoint region
[2025-10-02T09:06:28.330+0000][46287.316s][5523][5530][info ] Total time for which application threads were stopped: 0.0001369 seconds, Stopping threads took: 0.0000237 seconds
[2025-10-02T09:06:29.330+0000][46288.317s][5523][5530][info ] Application time: 1.0001025 seconds
[2025-10-02T09:06:29.330+0000][46288.317s][5523][5530][info ] Entering safepoint region: Cleanup
[2025-10-02T09:06:29.330+0000][46288.317s][5523][5530][info ] Leaving safepoint region
[2025-10-02T09:06:29.330+0000][46288.317s][5523][5530][info ] Total time for which application threads were stopped: 0.0001394 seconds, Stopping threads took: 0.0000279 seconds
[2025-10-02T09:06:30.331+0000][46289.317s][5523][5530][info ] Application time: 1.0000945 seconds
[2025-10-02T09:06:30.331+0000][46289.317s][5523][5530][info ] Entering safepoint region: Cleanup
[2025-10-02T09:06:30.331+0000][46289.317s][5523][5530][info ] Leaving safepoint region
[2025-10-02T09:06:30.331+0000][46289.317s][5523][5530][info ] Total time for which application threads were stopped: 0.0001352 seconds, Stopping threads took: 0.0000241 seconds
[2025-10-02T09:06:31.331+0000][46290.317s][5523][5530][info ] Application time: 1.0001710 seconds
[2025-10-02T09:06:31.331+0000][46290.317s][5523][5530][info ] Entering safepoint region: Cleanup
[2025-10-02T09:06:31.331+0000][46290.317s][5523][5530][info ] Leaving safepoint region
[2025-10-02T09:06:31.331+0000][46290.317s][5523][5530][info ] Total time for which application threads were stopped: 0.0001552 seconds, Stopping threads took: 0.0000328 seconds
[2025-10-02T09:06:32.331+0000][46291.318s][5523][5530][info ] Application time: 1.0000806 seconds
[2025-10-02T09:06:32.331+0000][46291.318s][5523][5530][info ] Entering safepoint region: Cleanup
[2025-10-02T09:06:32.332+0000][46291.318s][5523][5530][info ] Leaving safepoint region
[2025-10-02T09:06:32.332+0000][46291.318s][5523][5530][info ] Total time for which application threads were stopped: 0.0001610 seconds, Stopping threads took: 0.0000248 seconds
[2025-10-02T09:06:33.119+0000][46292.105s][5523][5529][trace] CMS: promo attempt is safe: available(757274488) >= av_promo(11044653), max_promo(32562344)
[2025-10-02T09:06:33.332+0000][46292.318s][5523][5530][info ] Application time: 1.0000973 seconds
[2025-10-02T09:06:33.332+0000][46292.318s][5523][5530][info ] Entering safepoint region: Cleanup
[2025-10-02T09:06:33.332+0000][46292.318s][5523][5530][info ] Leaving safepoint region
[2025-10-02T09:06:33.332+0000][46292.318s][5523][5530][info ] Total time for which application threads were stopped: 0.0001458 seconds, Stopping threads took: 0.0000272 seconds
[2025-10-02T09:06:34.332+0000][46293.318s][5523][5530][info ] Application time: 1.0000956 seconds
[2025-10-02T09:06:34.332+0000][46293.318s][5523][5530][info ] Entering safepoint region: Cleanup
[2025-10-02T09:06:34.332+0000][46293.318s][5523][5530][info ] Leaving safepoint region
[2025-10-02T09:06:34.332+0000][46293.318s][5523][5530][info ] Total time for which application threads were stopped: 0.0001412 seconds, Stopping threads took: 0.0000250 seconds
[2025-10-02T09:06:35.332+0000][46294.318s][5523][5530][info ] Application time: 1.0001100 seconds
[2025-10-02T09:06:35.332+0000][46294.319s][5523][5530][info ] Entering safepoint region: Cleanup
[2025-10-02T09:06:35.332+0000][46294.319s][5523][5530][info ] Leaving safepoint region
[2025-10-02T09:06:35.332+0000][46294.319s][5523][5530][info ] Total time for which application threads were stopped: 0.0001421 seconds, Stopping threads took: 0.0000242 seconds
[2025-10-02T09:06:36.333+0000][46295.319s][5523][5530][info ] Application time: 1.0001071 seconds
[2025-10-02T09:06:36.333+0000][46295.319s][5523][5530][info ] Entering safepoint region: Cleanup
[2025-10-02T09:06:36.333+0000][46295.319s][5523][5530][info ] Leaving safepoint region
[2025-10-02T09:06:36.333+0000][46295.319s][5523][5530][info ] Total time for which application threads were stopped: 0.0001349 seconds, Stopping threads took: 0.0000238 seconds
[2025-10-02T09:06:37.333+0000][46296.319s][5523][5530][info ] Application time: 1.0001073 seconds
[2025-10-02T09:06:37.333+0000][46296.319s][5523][5530][info ] Entering safepoint region: Cleanup
[2025-10-02T09:06:37.333+0000][46296.319s][5523][5530][info ] Leaving safepoint region
[2025-10-02T09:06:37.333+0000][46296.319s][5523][5530][info ] Total time for which application threads were stopped: 0.0001362 seconds, Stopping threads took: 0.0000248 seconds
[2025-10-02T09:06:38.333+0000][46297.319s][5523][5530][info ] Application time: 1.0000786 seconds
[2025-10-02T09:06:38.333+0000][46297.319s][5523][5530][info ] Entering safepoint region: Cleanup
[2025-10-02T09:06:38.333+0000][46297.320s][5523][5530][info ] Leaving safepoint region
[2025-10-02T09:06:38.333+0000][46297.320s][5523][5530][info ] Total time for which application threads were stopped: 0.0001331 seconds, Stopping threads took: 0.0000241 seconds
[2025-10-02T09:06:39.333+0000][46298.320s][5523][5530][info ] Application time: 1.0001025 seconds
[2025-10-02T09:06:39.334+0000][46298.320s][5523][5530][info ] Entering safepoint region: Cleanup
[2025-10-02T09:06:39.334+0000][46298.320s][5523][5530][info ] Leaving safepoint region
[2025-10-02T09:06:39.334+0000][46298.320s][5523][5530][info ] Total time for which application threads were stopped: 0.0001531 seconds, Stopping threads took: 0.0000441 seconds
[2025-10-02T09:06:40.334+0000][46299.320s][5523][5530][info ] Application time: 1.0000841 seconds
[2025-10-02T09:06:40.334+0000][46299.320s][5523][5530][info ] Entering safepoint region: Cleanup
[2025-10-02T09:06:40.334+0000][46299.320s][5523][5530][info ] Leaving safepoint region
[2025-10-02T09:06:40.334+0000][46299.320s][5523][5530][info ] Total time for which application threads were stopped: 0.0001424 seconds, Stopping threads took: 0.0000248 seconds
[2025-10-02T09:06:41.334+0000][46300.320s][5523][5530][info ] Application time: 1.0000962 seconds
[2025-10-02T09:06:41.334+0000][46300.320s][5523][5530][info ] Entering safepoint region: Cleanup
[2025-10-02T09:06:41.334+0000][46300.320s][5523][5530][info ] Leaving safepoint region
[2025-10-02T09:06:41.334+0000][46300.320s][5523][5530][info ] Total time for which application threads were stopped: 0.0001541 seconds, Stopping threads took: 0.0000242 seconds
[2025-10-02T09:06:42.334+0000][46301.321s][5523][5530][info ] Application time: 1.0000998 seconds
[2025-10-02T09:06:42.334+0000][46301.321s][5523][5530][info ] Entering safepoint region: Cleanup
[2025-10-02T09:06:42.335+0000][46301.321s][5523][5530][info ] Leaving safepoint region
[2025-10-02T09:06:42.335+0000][46301.321s][5523][5530][info ] Total time for which application threads were stopped: 0.0001565 seconds, Stopping threads took: 0.0000242 seconds
[2025-10-02T09:06:43.119+0000][46302.105s][5523][5529][trace] CMS: promo attempt is safe: available(757274488) >= av_promo(11044653), max_promo(32598480)
[2025-10-02T09:06:43.335+0000][46302.321s][5523][5530][info ] Application time: 1.0000929 seconds
[2025-10-02T09:06:43.335+0000][46302.321s][5523][5530][info ] Entering safepoint region: Cleanup
[2025-10-02T09:06:43.335+0000][46302.321s][5523][5530][info ] Leaving safepoint region
[2025-10-02T09:06:43.335+0000][46302.321s][5523][5530][info ] Total time for which application threads were stopped: 0.0001448 seconds, Stopping threads took: 0.0000292 seconds
[2025-10-02T09:06:44.335+0000][46303.321s][5523][5530][info ] Application time: 1.0001059 seconds
[2025-10-02T09:06:44.335+0000][46303.321s][5523][5530][info ] Entering safepoint region: Cleanup
[2025-10-02T09:06:44.335+0000][46303.321s][5523][5530][info ] Leaving safepoint region
[2025-10-02T09:06:44.335+0000][46303.321s][5523][5530][info ] Total time for which application threads were stopped: 0.0001453 seconds, Stopping threads took: 0.0000306 seconds
[2025-10-02T09:06:45.335+0000][46304.322s][5523][5530][info ] Application time: 1.0001031 seconds
[2025-10-02T09:06:45.335+0000][46304.322s][5523][5530][info ] Entering safepoint region: Cleanup
[2025-10-02T09:06:45.336+0000][46304.322s][5523][5530][info ] Leaving safepoint region
[2025-10-02T09:06:45.336+0000][46304.322s][5523][5530][info ] Total time for which application threads were stopped: 0.0001627 seconds, Stopping threads took: 0.0000226 seconds
[2025-10-02T09:06:46.336+0000][46305.322s][5523][5530][info ] Application time: 1.0000862 seconds
[2025-10-02T09:06:46.336+0000][46305.322s][5523][5530][info ] Entering safepoint region: Cleanup
[2025-10-02T09:06:46.336+0000][46305.322s][5523][5530][info ] Leaving safepoint region
[2025-10-02T09:06:46.336+0000][46305.322s][5523][5530][info ] Total time for which application threads were stopped: 0.0001627 seconds, Stopping threads took: 0.0000423 seconds
[2025-10-02T09:06:47.336+0000][46306.322s][5523][5530][info ] Application time: 1.0000809 seconds
[2025-10-02T09:06:47.336+0000][46306.322s][5523][5530][info ] Entering safepoint region: Cleanup
[2025-10-02T09:06:47.336+0000][46306.322s][5523][5530][info ] Leaving safepoint region
[2025-10-02T09:06:47.336+0000][46306.322s][5523][5530][info ] Total time for which application threads were stopped: 0.0001372 seconds, Stopping threads took: 0.0000273 seconds
[2025-10-02T09:06:48.336+0000][46307.322s][5523][5530][info ] Application time: 1.0000761 seconds
[2025-10-02T09:06:48.336+0000][46307.323s][5523][5530][info ] Entering safepoint region: Cleanup
[2025-10-02T09:06:48.336+0000][46307.323s][5523][5530][info ] Leaving safepoint region
[2025-10-02T09:06:48.336+0000][46307.323s][5523][5530][info ] Total time for which application threads were stopped: 0.0001375 seconds, Stopping threads took: 0.0000260 seconds
[2025-10-02T09:06:49.337+0000][46308.323s][5523][5530][info ] Application time: 1.0001176 seconds
[2025-10-02T09:06:49.337+0000][46308.323s][5523][5530][info ] Entering safepoint region: Cleanup
[2025-10-02T09:06:49.337+0000][46308.323s][5523][5530][info ] Leaving safepoint region
[2025-10-02T09:06:49.337+0000][46308.323s][5523][5530][info ] Total time for which application threads were stopped: 0.0001422 seconds, Stopping threads took: 0.0000249 seconds
[2025-10-02T09:06:50.337+0000][46309.323s][5523][5530][info ] Application time: 1.0000927 seconds
[2025-10-02T09:06:50.337+0000][46309.323s][5523][5530][info ] Entering safepoint region: Cleanup
[2025-10-02T09:06:50.337+0000][46309.323s][5523][5530][info ] Leaving safepoint region
[2025-10-02T09:06:50.337+0000][46309.323s][5523][5530][info ] Total time for which application threads were stopped: 0.0001574 seconds, Stopping threads took: 0.0000247 seconds
[2025-10-02T09:06:51.337+0000][46310.323s][5523][5530][info ] Application time: 1.0001068 seconds
[2025-10-02T09:06:51.337+0000][46310.323s][5523][5530][info ] Entering safepoint region: Cleanup
[2025-10-02T09:06:51.337+0000][46310.324s][5523][5530][info ] Leaving safepoint region
[2025-10-02T09:06:51.337+0000][46310.324s][5523][5530][info ] Total time for which application threads were stopped: 0.0001516 seconds, Stopping threads took: 0.0000251 seconds
[2025-10-02T09:06:52.337+0000][46311.324s][5523][5530][info ] Application time: 1.0001025 seconds
[2025-10-02T09:06:52.338+0000][46311.324s][5523][5530][info ] Entering safepoint region: Cleanup
[2025-10-02T09:06:52.338+0000][46311.324s][5523][5530][info ] Leaving safepoint region
[2025-10-02T09:06:52.338+0000][46311.324s][5523][5530][info ] Total time for which application threads were stopped: 0.0001599 seconds, Stopping threads took: 0.0000474 seconds
[2025-10-02T09:06:53.119+0000][46312.105s][5523][5529][trace] CMS: promo attempt is safe: available(757274488) >= av_promo(11044653), max_promo(33325904)
[2025-10-02T09:06:53.338+0000][46312.324s][5523][5530][info ] Application time: 1.0001226 seconds
[2025-10-02T09:06:53.338+0000][46312.324s][5523][5530][info ] Entering safepoint region: Cleanup
[2025-10-02T09:06:53.338+0000][46312.324s][5523][5530][info ] Leaving safepoint region
[2025-10-02T09:06:53.338+0000][46312.324s][5523][5530][info ] Total time for which application threads were stopped: 0.0001398 seconds, Stopping threads took: 0.0000266 seconds
[2025-10-02T09:06:54.338+0000][46313.324s][5523][5530][info ] Application time: 1.0001005 seconds
[2025-10-02T09:06:54.338+0000][46313.324s][5523][5530][info ] Entering safepoint region: Cleanup
[2025-10-02T09:06:54.338+0000][46313.324s][5523][5530][info ] Leaving safepoint region
[2025-10-02T09:06:54.338+0000][46313.324s][5523][5530][info ] Total time for which application threads were stopped: 0.0001353 seconds, Stopping threads took: 0.0000259 seconds
[2025-10-02T09:06:55.338+0000][46314.325s][5523][5530][info ] Application time: 1.0001080 seconds
[2025-10-02T09:06:55.338+0000][46314.325s][5523][5530][info ] Entering safepoint region: Cleanup
[2025-10-02T09:06:55.339+0000][46314.325s][5523][5530][info ] Leaving safepoint region
[2025-10-02T09:06:55.339+0000][46314.325s][5523][5530][info ] Total time for which application threads were stopped: 0.0001535 seconds, Stopping threads took: 0.0000251 seconds
[2025-10-02T09:06:56.339+0000][46315.325s][5523][5530][info ] Application time: 1.0001106 seconds
[2025-10-02T09:06:56.339+0000][46315.325s][5523][5530][info ] Entering safepoint region: Cleanup
[2025-10-02T09:06:56.339+0000][46315.325s][5523][5530][info ] Leaving safepoint region
[2025-10-02T09:06:56.339+0000][46315.325s][5523][5530][info ] Total time for which application threads were stopped: 0.0001381 seconds, Stopping threads took: 0.0000271 seconds
[2025-10-02T09:06:57.339+0000][46316.325s][5523][5530][info ] Application time: 1.0002093 seconds
[2025-10-02T09:06:57.339+0000][46316.325s][5523][5530][info ] Entering safepoint region: Cleanup
[2025-10-02T09:06:57.339+0000][46316.326s][5523][5530][info ] Leaving safepoint region
[2025-10-02T09:06:57.339+0000][46316.326s][5523][5530][info ] Total time for which application threads were stopped: 0.0001385 seconds, Stopping threads took: 0.0000254 seconds
[2025-10-02T09:06:58.339+0000][46317.326s][5523][5530][info ] Application time: 1.0000934 seconds
[2025-10-02T09:06:58.339+0000][46317.326s][5523][5530][info ] Entering safepoint region: Cleanup
[2025-10-02T09:06:58.340+0000][46317.326s][5523][5530][info ] Leaving safepoint region
[2025-10-02T09:06:58.341+0000][46317.327s][5523][5530][info ] Total time for which application threads were stopped: 0.0010891 seconds, Stopping threads took: 0.0000324 seconds
[2025-10-02T09:06:59.341+0000][46318.327s][5523][5530][info ] Application time: 1.0000996 seconds
[2025-10-02T09:06:59.341+0000][46318.327s][5523][5530][info ] Entering safepoint region: Cleanup
[2025-10-02T09:06:59.341+0000][46318.327s][5523][5530][info ] Leaving safepoint region
[2025-10-02T09:06:59.341+0000][46318.327s][5523][5530][info ] Total time for which application threads were stopped: 0.0001390 seconds, Stopping threads took: 0.0000244 seconds
[2025-10-02T09:07:00.341+0000][46319.327s][5523][5530][info ] Application time: 1.0001045 seconds
[2025-10-02T09:07:00.341+0000][46319.327s][5523][5530][info ] Entering safepoint region: Cleanup
[2025-10-02T09:07:00.341+0000][46319.327s][5523][5530][info ] Leaving safepoint region
[2025-10-02T09:07:00.341+0000][46319.327s][5523][5530][info ] Total time for which application threads were stopped: 0.0001359 seconds, Stopping threads took: 0.0000274 seconds
[2025-10-02T09:07:01.341+0000][46320.327s][5523][5530][info ] Application time: 1.0001073 seconds
[2025-10-02T09:07:01.341+0000][46320.328s][5523][5530][info ] Entering safepoint region: Cleanup
[2025-10-02T09:07:01.341+0000][46320.328s][5523][5530][info ] Leaving safepoint region
[2025-10-02T09:07:01.341+0000][46320.328s][5523][5530][info ] Total time for which application threads were stopped: 0.0001542 seconds, Stopping threads took: 0.0000241 seconds
[2025-10-02T09:07:02.342+0000][46321.328s][5523][5530][info ] Application time: 1.0001303 seconds
[2025-10-02T09:07:02.342+0000][46321.328s][5523][5530][info ] Entering safepoint region: Cleanup
[2025-10-02T09:07:02.342+0000][46321.328s][5523][5530][info ] Leaving safepoint region
[2025-10-02T09:07:02.342+0000][46321.328s][5523][5530][info ] Total time for which application threads were stopped: 0.0001422 seconds, Stopping threads took: 0.0000301 seconds
[2025-10-02T09:07:03.118+0000][46322.104s][5523][5529][trace] CMS: promo attempt is safe: available(757274488) >= av_promo(11044653), max_promo(33325904)
[2025-10-02T09:07:03.342+0000][46322.328s][5523][5530][info ] Application time: 1.0000816 seconds
[2025-10-02T09:07:03.342+0000][46322.328s][5523][5530][info ] Entering safepoint region: Cleanup
[2025-10-02T09:07:03.342+0000][46322.328s][5523][5530][info ] Leaving safepoint region
[2025-10-02T09:07:03.342+0000][46322.328s][5523][5530][info ] Total time for which application threads were stopped: 0.0001553 seconds, Stopping threads took: 0.0000265 seconds
[2025-10-02T09:07:04.342+0000][46323.328s][5523][5530][info ] Application time: 1.0001063 seconds
[2025-10-02T09:07:04.342+0000][46323.328s][5523][5530][info ] Entering safepoint region: Cleanup
[2025-10-02T09:07:04.342+0000][46323.329s][5523][5530][info ] Leaving safepoint region
[2025-10-02T09:07:04.342+0000][46323.329s][5523][5530][info ] Total time for which application threads were stopped: 0.0001397 seconds, Stopping threads took: 0.0000273 seconds
[2025-10-02T09:07:05.343+0000][46324.329s][5523][5530][info ] Application time: 1.0001079 seconds
[2025-10-02T09:07:05.343+0000][46324.329s][5523][5530][info ] Entering safepoint region: Cleanup
[2025-10-02T09:07:05.343+0000][46324.329s][5523][5530][info ] Leaving safepoint region
[2025-10-02T09:07:05.343+0000][46324.329s][5523][5530][info ] Total time for which application threads were stopped: 0.0001441 seconds, Stopping threads took: 0.0000258 seconds
[2025-10-02T09:07:06.343+0000][46325.329s][5523][5530][info ] Application time: 1.0001044 seconds
[2025-10-02T09:07:06.343+0000][46325.329s][5523][5530][info ] Entering safepoint region: Cleanup
[2025-10-02T09:07:06.343+0000][46325.329s][5523][5530][info ] Leaving safepoint region
[2025-10-02T09:07:06.343+0000][46325.329s][5523][5530][info ] Total time for which application threads were stopped: 0.0002058 seconds, Stopping threads took: 0.0000240 seconds
[2025-10-02T09:07:07.343+0000][46326.329s][5523][5530][info ] Application time: 1.0001117 seconds
[2025-10-02T09:07:07.343+0000][46326.329s][5523][5530][info ] Entering safepoint region: Cleanup
[2025-10-02T09:07:07.343+0000][46326.330s][5523][5530][info ] Leaving safepoint region
[2025-10-02T09:07:07.343+0000][46326.330s][5523][5530][info ] Total time for which application threads were stopped: 0.0001393 seconds, Stopping threads took: 0.0000258 seconds
[2025-10-02T09:07:08.343+0000][46327.330s][5523][5530][info ] Application time: 1.0001080 seconds
[2025-10-02T09:07:08.344+0000][46327.330s][5523][5530][info ] Entering safepoint region: Cleanup
[2025-10-02T09:07:08.344+0000][46327.330s][5523][5530][info ] Leaving safepoint region
[2025-10-02T09:07:08.344+0000][46327.330s][5523][5530][info ] Total time for which application threads were stopped: 0.0001414 seconds, Stopping threads took: 0.0000270 seconds
[2025-10-02T09:07:09.344+0000][46328.330s][5523][5530][info ] Application time: 1.0000825 seconds
[2025-10-02T09:07:09.344+0000][46328.330s][5523][5530][info ] Entering safepoint region: Cleanup
[2025-10-02T09:07:09.344+0000][46328.330s][5523][5530][info ] Leaving safepoint region
[2025-10-02T09:07:09.344+0000][46328.330s][5523][5530][info ] Total time for which application threads were stopped: 0.0001308 seconds, Stopping threads took: 0.0000241 seconds
[2025-10-02T09:07:10.344+0000][46329.330s][5523][5530][info ] Application time: 1.0000920 seconds
[2025-10-02T09:07:10.344+0000][46329.330s][5523][5530][info ] Entering safepoint region: Cleanup
[2025-10-02T09:07:10.344+0000][46329.330s][5523][5530][info ] Leaving safepoint region
[2025-10-02T09:07:10.344+0000][46329.330s][5523][5530][info ] Total time for which application threads were stopped: 0.0001369 seconds, Stopping threads took: 0.0000253 seconds
[2025-10-02T09:07:11.344+0000][46330.331s][5523][5530][info ] Application time: 1.0000814 seconds
[2025-10-02T09:07:11.344+0000][46330.331s][5523][5530][info ] Entering safepoint region: Cleanup
[2025-10-02T09:07:11.345+0000][46330.331s][5523][5530][info ] Leaving safepoint region
[2025-10-02T09:07:11.345+0000][46330.331s][5523][5530][info ] Total time for which application threads were stopped: 0.0001585 seconds, Stopping threads took: 0.0000274 seconds
[2025-10-02T09:07:12.345+0000][46331.331s][5523][5530][info ] Application time: 1.0000894 seconds
[2025-10-02T09:07:12.345+0000][46331.331s][5523][5530][info ] Entering safepoint region: Cleanup
[2025-10-02T09:07:12.345+0000][46331.331s][5523][5530][info ] Leaving safepoint region
[2025-10-02T09:07:12.345+0000][46331.331s][5523][5530][info ] Total time for which application threads were stopped: 0.0001666 seconds, Stopping threads took: 0.0000243 seconds
[2025-10-02T09:07:13.118+0000][46332.104s][5523][5529][trace] CMS: promo attempt is safe: available(757274488) >= av_promo(11044653), max_promo(34706392)
[2025-10-02T09:07:13.345+0000][46332.331s][5523][5530][info ] Application time: 1.0000752 seconds
[2025-10-02T09:07:13.345+0000][46332.331s][5523][5530][info ] Entering safepoint region: Cleanup
[2025-10-02T09:07:13.345+0000][46332.331s][5523][5530][info ] Leaving safepoint region
[2025-10-02T09:07:13.345+0000][46332.331s][5523][5530][info ] Total time for which application threads were stopped: 0.0001330 seconds, Stopping threads took: 0.0000233 seconds
[2025-10-02T09:07:14.345+0000][46333.331s][5523][5530][info ] Application time: 1.0000821 seconds
[2025-10-02T09:07:14.345+0000][46333.331s][5523][5530][info ] Entering safepoint region: Cleanup
[2025-10-02T09:07:14.345+0000][46333.332s][5523][5530][info ] Leaving safepoint region
[2025-10-02T09:07:14.345+0000][46333.332s][5523][5530][info ] Total time for which application threads were stopped: 0.0001399 seconds, Stopping threads took: 0.0000245 seconds
[2025-10-02T09:07:15.346+0000][46334.332s][5523][5530][info ] Application time: 1.0001462 seconds
[2025-10-02T09:07:15.346+0000][46334.332s][5523][5530][info ] Entering safepoint region: Cleanup
[2025-10-02T09:07:15.346+0000][46334.332s][5523][5530][info ] Leaving safepoint region
[2025-10-02T09:07:15.346+0000][46334.332s][5523][5530][info ] Total time for which application threads were stopped: 0.0001520 seconds, Stopping threads took: 0.0000241 seconds
[2025-10-02T09:07:16.346+0000][46335.332s][5523][5530][info ] Application time: 1.0001032 seconds
[2025-10-02T09:07:16.346+0000][46335.332s][5523][5530][info ] Entering safepoint region: Cleanup
[2025-10-02T09:07:16.346+0000][46335.332s][5523][5530][info ] Leaving safepoint region
[2025-10-02T09:07:16.346+0000][46335.332s][5523][5530][info ] Total time for which application threads were stopped: 0.0001391 seconds, Stopping threads took: 0.0000249 seconds
[2025-10-02T09:07:17.346+0000][46336.332s][5523][5530][info ] Application time: 1.0000827 seconds
[2025-10-02T09:07:17.346+0000][46336.332s][5523][5530][info ] Entering safepoint region: Cleanup
[2025-10-02T09:07:17.346+0000][46336.333s][5523][5530][info ] Leaving safepoint region
[2025-10-02T09:07:17.346+0000][46336.333s][5523][5530][info ] Total time for which application threads were stopped: 0.0001370 seconds, Stopping threads took: 0.0000261 seconds
[2025-10-02T09:07:18.346+0000][46337.333s][5523][5530][info ] Application time: 1.0001077 seconds
[2025-10-02T09:07:18.347+0000][46337.333s][5523][5530][info ] Entering safepoint region: Cleanup
[2025-10-02T09:07:18.347+0000][46337.333s][5523][5530][info ] Leaving safepoint region
[2025-10-02T09:07:18.347+0000][46337.333s][5523][5530][info ] Total time for which application threads were stopped: 0.0001497 seconds, Stopping threads took: 0.0000347 seconds
[2025-10-02T09:07:19.347+0000][46338.333s][5523][5530][info ] Application time: 1.0000831 seconds
[2025-10-02T09:07:19.347+0000][46338.333s][5523][5530][info ] Entering safepoint region: Cleanup
[2025-10-02T09:07:19.347+0000][46338.333s][5523][5530][info ] Leaving safepoint region
[2025-10-02T09:07:19.347+0000][46338.333s][5523][5530][info ] Total time for which application threads were stopped: 0.0001423 seconds, Stopping threads took: 0.0000266 seconds
[2025-10-02T09:07:20.347+0000][46339.333s][5523][5530][info ] Application time: 1.0001949 seconds
[2025-10-02T09:07:20.347+0000][46339.333s][5523][5530][info ] Entering safepoint region: Cleanup
[2025-10-02T09:07:20.347+0000][46339.334s][5523][5530][info ] Leaving safepoint region
[2025-10-02T09:07:20.347+0000][46339.334s][5523][5530][info ] Total time for which application threads were stopped: 0.0001355 seconds, Stopping threads took: 0.0000252 seconds
[2025-10-02T09:07:21.347+0000][46340.334s][5523][5530][info ] Application time: 1.0001102 seconds
[2025-10-02T09:07:21.348+0000][46340.334s][5523][5530][info ] Entering safepoint region: Cleanup
[2025-10-02T09:07:21.348+0000][46340.334s][5523][5530][info ] Leaving safepoint region
[2025-10-02T09:07:21.348+0000][46340.334s][5523][5530][info ] Total time for which application threads were stopped: 0.0001449 seconds, Stopping threads took: 0.0000291 seconds
[2025-10-02T09:07:22.348+0000][46341.334s][5523][5530][info ] Application time: 1.0000907 seconds
[2025-10-02T09:07:22.348+0000][46341.334s][5523][5530][info ] Entering safepoint region: Cleanup
[2025-10-02T09:07:22.348+0000][46341.334s][5523][5530][info ] Leaving safepoint region
[2025-10-02T09:07:22.348+0000][46341.334s][5523][5530][info ] Total time for which application threads were stopped: 0.0001448 seconds, Stopping threads took: 0.0000331 seconds
[2025-10-02T09:07:23.117+0000][46342.103s][5523][5529][trace] CMS: promo attempt is safe: available(757274488) >= av_promo(11044653), max_promo(34709048)
[2025-10-02T09:07:23.348+0000][46342.334s][5523][5530][info ] Application time: 1.0001083 seconds
[2025-10-02T09:07:23.348+0000][46342.334s][5523][5530][info ] Entering safepoint region: Cleanup
[2025-10-02T09:07:23.348+0000][46342.335s][5523][5530][info ] Leaving safepoint region
[2025-10-02T09:07:23.348+0000][46342.335s][5523][5530][info ] Total time for which application threads were stopped: 0.0001347 seconds, Stopping threads took: 0.0000247 seconds
[2025-10-02T09:07:24.348+0000][46343.335s][5523][5530][info ] Application time: 1.0000981 seconds
[2025-10-02T09:07:24.348+0000][46343.335s][5523][5530][info ] Entering safepoint region: Cleanup
[2025-10-02T09:07:24.349+0000][46343.335s][5523][5530][info ] Leaving safepoint region
[2025-10-02T09:07:24.349+0000][46343.335s][5523][5530][info ] Total time for which application threads were stopped: 0.0001673 seconds, Stopping threads took: 0.0000261 seconds
[2025-10-02T09:07:25.349+0000][46344.335s][5523][5530][info ] Application time: 1.0000990 seconds
[2025-10-02T09:07:25.349+0000][46344.335s][5523][5530][info ] Entering safepoint region: Cleanup
[2025-10-02T09:07:25.349+0000][46344.335s][5523][5530][info ] Leaving safepoint region
[2025-10-02T09:07:25.349+0000][46344.335s][5523][5530][info ] Total time for which application threads were stopped: 0.0001465 seconds, Stopping threads took: 0.0000234 seconds
[2025-10-02T09:07:26.349+0000][46345.335s][5523][5530][info ] Application time: 1.0000968 seconds
[2025-10-02T09:07:26.349+0000][46345.335s][5523][5530][info ] Entering safepoint region: Cleanup
[2025-10-02T09:07:26.349+0000][46345.335s][5523][5530][info ] Leaving safepoint region
[2025-10-02T09:07:26.349+0000][46345.335s][5523][5530][info ] Total time for which application threads were stopped: 0.0001346 seconds, Stopping threads took: 0.0000252 seconds
[2025-10-02T09:07:27.349+0000][46346.336s][5523][5530][info ] Application time: 1.0000766 seconds
[2025-10-02T09:07:27.349+0000][46346.336s][5523][5530][info ] Entering safepoint region: Cleanup
[2025-10-02T09:07:27.349+0000][46346.336s][5523][5530][info ] Leaving safepoint region
[2025-10-02T09:07:27.349+0000][46346.336s][5523][5530][info ] Total time for which application threads were stopped: 0.0001360 seconds, Stopping threads took: 0.0000276 seconds
[2025-10-02T09:07:28.350+0000][46347.336s][5523][5530][info ] Application time: 1.0000512 seconds
[2025-10-02T09:07:28.350+0000][46347.336s][5523][5530][info ] Entering safepoint region: Cleanup
[2025-10-02T09:07:28.350+0000][46347.336s][5523][5530][info ] Leaving safepoint region
[2025-10-02T09:07:28.350+0000][46347.336s][5523][5530][info ] Total time for which application threads were stopped: 0.0001313 seconds, Stopping threads took: 0.0000227 seconds
[2025-10-02T09:07:29.350+0000][46348.336s][5523][5530][info ] Application time: 1.0001005 seconds
[2025-10-02T09:07:29.350+0000][46348.336s][5523][5530][info ] Entering safepoint region: Cleanup
[2025-10-02T09:07:29.350+0000][46348.336s][5523][5530][info ] Leaving safepoint region
[2025-10-02T09:07:29.350+0000][46348.336s][5523][5530][info ] Total time for which application threads were stopped: 0.0001355 seconds, Stopping threads took: 0.0000247 seconds
[2025-10-02T09:07:30.350+0000][46349.336s][5523][5530][info ] Application time: 1.0000752 seconds
[2025-10-02T09:07:30.350+0000][46349.336s][5523][5530][info ] Entering safepoint region: Cleanup
[2025-10-02T09:07:30.350+0000][46349.337s][5523][5530][info ] Leaving safepoint region
[2025-10-02T09:07:30.350+0000][46349.337s][5523][5530][info ] Total time for which application threads were stopped: 0.0001369 seconds, Stopping threads took: 0.0000237 seconds
[2025-10-02T09:07:31.350+0000][46350.337s][5523][5530][info ] Application time: 1.0001071 seconds
[2025-10-02T09:07:31.350+0000][46350.337s][5523][5530][info ] Entering safepoint region: Cleanup
[2025-10-02T09:07:31.351+0000][46350.337s][5523][5530][info ] Leaving safepoint region
[2025-10-02T09:07:31.351+0000][46350.337s][5523][5530][info ] Total time for which application threads were stopped: 0.0001584 seconds, Stopping threads took: 0.0000258 seconds
[2025-10-02T09:07:32.351+0000][46351.337s][5523][5530][info ] Application time: 1.0000999 seconds
[2025-10-02T09:07:32.351+0000][46351.337s][5523][5530][info ] Entering safepoint region: Cleanup
[2025-10-02T09:07:32.351+0000][46351.337s][5523][5530][info ] Leaving safepoint region
[2025-10-02T09:07:32.351+0000][46351.337s][5523][5530][info ] Total time for which application threads were stopped: 0.0001353 seconds, Stopping threads took: 0.0000258 seconds
[2025-10-02T09:07:33.117+0000][46352.103s][5523][5529][trace] CMS: promo attempt is safe: available(757274488) >= av_promo(11044653), max_promo(35432936)
[2025-10-02T09:07:33.351+0000][46352.337s][5523][5530][info ] Application time: 1.0002185 seconds
[2025-10-02T09:07:33.351+0000][46352.337s][5523][5530][info ] Entering safepoint region: Cleanup
[2025-10-02T09:07:33.351+0000][46352.338s][5523][5530][info ] Leaving safepoint region
[2025-10-02T09:07:33.351+0000][46352.338s][5523][5530][info ] Total time for which application threads were stopped: 0.0001567 seconds, Stopping threads took: 0.0000352 seconds
[2025-10-02T09:07:34.351+0000][46353.338s][5523][5530][info ] Application time: 1.0000997 seconds
[2025-10-02T09:07:34.352+0000][46353.338s][5523][5530][info ] Entering safepoint region: Cleanup
[2025-10-02T09:07:34.352+0000][46353.338s][5523][5530][info ] Leaving safepoint region
[2025-10-02T09:07:34.352+0000][46353.338s][5523][5530][info ] Total time for which application threads were stopped: 0.0001337 seconds, Stopping threads took: 0.0000246 seconds
[2025-10-02T09:07:35.352+0000][46354.338s][5523][5530][info ] Application time: 1.0000974 seconds
[2025-10-02T09:07:35.352+0000][46354.338s][5523][5530][info ] Entering safepoint region: Cleanup
[2025-10-02T09:07:35.352+0000][46354.338s][5523][5530][info ] Leaving safepoint region
[2025-10-02T09:07:35.352+0000][46354.338s][5523][5530][info ] Total time for which application threads were stopped: 0.0001374 seconds, Stopping threads took: 0.0000260 seconds
[2025-10-02T09:07:36.352+0000][46355.338s][5523][5530][info ] Application time: 1.0001100 seconds
[2025-10-02T09:07:36.352+0000][46355.338s][5523][5530][info ] Entering safepoint region: Cleanup
[2025-10-02T09:07:36.352+0000][46355.338s][5523][5530][info ] Leaving safepoint region
[2025-10-02T09:07:36.352+0000][46355.338s][5523][5530][info ] Total time for which application threads were stopped: 0.0001333 seconds, Stopping threads took: 0.0000237 seconds
[2025-10-02T09:07:37.352+0000][46356.339s][5523][5530][info ] Application time: 1.0000911 seconds
[2025-10-02T09:07:37.352+0000][46356.339s][5523][5530][info ] Entering safepoint region: Cleanup
[2025-10-02T09:07:37.353+0000][46356.339s][5523][5530][info ] Leaving safepoint region
[2025-10-02T09:07:37.353+0000][46356.339s][5523][5530][info ] Total time for which application threads were stopped: 0.0001492 seconds, Stopping threads took: 0.0000239 seconds
[2025-10-02T09:07:38.353+0000][46357.339s][5523][5530][info ] Application time: 1.0001020 seconds
[2025-10-02T09:07:38.353+0000][46357.339s][5523][5530][info ] Entering safepoint region: Cleanup
[2025-10-02T09:07:38.353+0000][46357.339s][5523][5530][info ] Leaving safepoint region
[2025-10-02T09:07:38.353+0000][46357.339s][5523][5530][info ] Total time for which application threads were stopped: 0.0001548 seconds, Stopping threads took: 0.0000406 seconds
[2025-10-02T09:07:39.353+0000][46358.339s][5523][5530][info ] Application time: 1.0001016 seconds
[2025-10-02T09:07:39.353+0000][46358.339s][5523][5530][info ] Entering safepoint region: Cleanup
[2025-10-02T09:07:39.353+0000][46358.339s][5523][5530][info ] Leaving safepoint region
[2025-10-02T09:07:39.353+0000][46358.339s][5523][5530][info ] Total time for which application threads were stopped: 0.0001338 seconds, Stopping threads took: 0.0000246 seconds
[2025-10-02T09:07:40.353+0000][46359.339s][5523][5530][info ] Application time: 1.0001073 seconds
[2025-10-02T09:07:40.353+0000][46359.340s][5523][5530][info ] Entering safepoint region: Cleanup
[2025-10-02T09:07:40.353+0000][46359.340s][5523][5530][info ] Leaving safepoint region
[2025-10-02T09:07:40.353+0000][46359.340s][5523][5530][info ] Total time for which application threads were stopped: 0.0001367 seconds, Stopping threads took: 0.0000280 seconds
[2025-10-02T09:07:41.354+0000][46360.340s][5523][5530][info ] Application time: 1.0001022 seconds
[2025-10-02T09:07:41.354+0000][46360.340s][5523][5530][info ] Entering safepoint region: Cleanup
[2025-10-02T09:07:41.354+0000][46360.340s][5523][5530][info ] Leaving safepoint region
[2025-10-02T09:07:41.354+0000][46360.340s][5523][5530][info ] Total time for which application threads were stopped: 0.0001339 seconds, Stopping threads took: 0.0000242 seconds
[2025-10-02T09:07:42.354+0000][46361.340s][5523][5530][info ] Application time: 1.0001060 seconds
[2025-10-02T09:07:42.354+0000][46361.340s][5523][5530][info ] Entering safepoint region: Cleanup
[2025-10-02T09:07:42.354+0000][46361.340s][5523][5530][info ] Leaving safepoint region
[2025-10-02T09:07:42.354+0000][46361.340s][5523][5530][info ] Total time for which application threads were stopped: 0.0001402 seconds, Stopping threads took: 0.0000252 seconds
[2025-10-02T09:07:43.117+0000][46362.103s][5523][5529][trace] CMS: promo attempt is safe: available(757274488) >= av_promo(11044653), max_promo(35620784)
[2025-10-02T09:07:43.354+0000][46362.340s][5523][5530][info ] Application time: 1.0001683 seconds
[2025-10-02T09:07:43.354+0000][46362.341s][5523][5530][info ] Entering safepoint region: Cleanup
[2025-10-02T09:07:43.354+0000][46362.341s][5523][5530][info ] Leaving safepoint region
[2025-10-02T09:07:43.354+0000][46362.341s][5523][5530][info ] Total time for which application threads were stopped: 0.0001465 seconds, Stopping threads took: 0.0000267 seconds
[2025-10-02T09:07:44.355+0000][46363.341s][5523][5530][info ] Application time: 1.0000998 seconds
[2025-10-02T09:07:44.355+0000][46363.341s][5523][5530][info ] Entering safepoint region: Cleanup
[2025-10-02T09:07:44.355+0000][46363.341s][5523][5530][info ] Leaving safepoint region
[2025-10-02T09:07:44.355+0000][46363.341s][5523][5530][info ] Total time for which application threads were stopped: 0.0001272 seconds, Stopping threads took: 0.0000215 seconds
[2025-10-02T09:07:45.355+0000][46364.341s][5523][5530][info ] Application time: 1.0001064 seconds
[2025-10-02T09:07:45.355+0000][46364.341s][5523][5530][info ] Entering safepoint region: Cleanup
[2025-10-02T09:07:45.355+0000][46364.341s][5523][5530][info ] Leaving safepoint region
[2025-10-02T09:07:45.355+0000][46364.341s][5523][5530][info ] Total time for which application threads were stopped: 0.0001940 seconds, Stopping threads took: 0.0000240 seconds
[2025-10-02T09:07:46.355+0000][46365.341s][5523][5530][info ] Application time: 1.0001420 seconds
[2025-10-02T09:07:46.355+0000][46365.341s][5523][5530][info ] Entering safepoint region: Cleanup
[2025-10-02T09:07:46.355+0000][46365.342s][5523][5530][info ] Leaving safepoint region
[2025-10-02T09:07:46.355+0000][46365.342s][5523][5530][info ] Total time for which application threads were stopped: 0.0001401 seconds, Stopping threads took: 0.0000268 seconds
[2025-10-02T09:07:47.356+0000][46366.342s][5523][5530][info ] Application time: 1.0001256 seconds
[2025-10-02T09:07:47.356+0000][46366.342s][5523][5530][info ] Entering safepoint region: Cleanup
[2025-10-02T09:07:47.356+0000][46366.342s][5523][5530][info ] Leaving safepoint region
[2025-10-02T09:07:47.356+0000][46366.342s][5523][5530][info ] Total time for which application threads were stopped: 0.0001389 seconds, Stopping threads took: 0.0000248 seconds
[2025-10-02T09:07:48.356+0000][46367.342s][5523][5530][info ] Application time: 1.0001048 seconds
[2025-10-02T09:07:48.356+0000][46367.342s][5523][5530][info ] Entering safepoint region: Cleanup
[2025-10-02T09:07:48.356+0000][46367.342s][5523][5530][info ] Leaving safepoint region
[2025-10-02T09:07:48.356+0000][46367.342s][5523][5530][info ] Total time for which application threads were stopped: 0.0001408 seconds, Stopping threads took: 0.0000258 seconds
[2025-10-02T09:07:49.356+0000][46368.342s][5523][5530][info ] Application time: 1.0001004 seconds
[2025-10-02T09:07:49.356+0000][46368.342s][5523][5530][info ] Entering safepoint region: Cleanup
[2025-10-02T09:07:49.356+0000][46368.343s][5523][5530][info ] Leaving safepoint region
[2025-10-02T09:07:49.356+0000][46368.343s][5523][5530][info ] Total time for which application threads were stopped: 0.0001365 seconds, Stopping threads took: 0.0000232 seconds
[2025-10-02T09:07:50.356+0000][46369.343s][5523][5530][info ] Application time: 1.0001123 seconds
[2025-10-02T09:07:50.357+0000][46369.343s][5523][5530][info ] Entering safepoint region: Cleanup
[2025-10-02T09:07:50.357+0000][46369.343s][5523][5530][info ] Leaving safepoint region
[2025-10-02T09:07:50.357+0000][46369.343s][5523][5530][info ] Total time for which application threads were stopped: 0.0001712 seconds, Stopping threads took: 0.0000482 seconds
[2025-10-02T09:07:51.357+0000][46370.343s][5523][5530][info ] Application time: 1.0000971 seconds
[2025-10-02T09:07:51.357+0000][46370.343s][5523][5530][info ] Entering safepoint region: Cleanup
[2025-10-02T09:07:51.357+0000][46370.343s][5523][5530][info ] Leaving safepoint region
[2025-10-02T09:07:51.357+0000][46370.343s][5523][5530][info ] Total time for which application threads were stopped: 0.0001536 seconds, Stopping threads took: 0.0000256 seconds
[2025-10-02T09:07:52.357+0000][46371.343s][5523][5530][info ] Application time: 1.0001077 seconds
[2025-10-02T09:07:52.357+0000][46371.343s][5523][5530][info ] Entering safepoint region: Cleanup
[2025-10-02T09:07:52.357+0000][46371.343s][5523][5530][info ] Leaving safepoint region
[2025-10-02T09:07:52.357+0000][46371.344s][5523][5530][info ] Total time for which application threads were stopped: 0.0001636 seconds, Stopping threads took: 0.0000254 seconds
[2025-10-02T09:07:53.116+0000][46372.103s][5523][5529][trace] CMS: promo attempt is safe: available(757274488) >= av_promo(11044653), max_promo(35625520)
[2025-10-02T09:07:53.357+0000][46372.344s][5523][5530][info ] Application time: 1.0000870 seconds
[2025-10-02T09:07:53.357+0000][46372.344s][5523][5530][info ] Entering safepoint region: Cleanup
[2025-10-02T09:07:53.358+0000][46372.344s][5523][5530][info ] Leaving safepoint region
[2025-10-02T09:07:53.358+0000][46372.344s][5523][5530][info ] Total time for which application threads were stopped: 0.0001615 seconds, Stopping threads took: 0.0000271 seconds
[2025-10-02T09:07:54.358+0000][46373.344s][5523][5530][info ] Application time: 1.0001107 seconds
[2025-10-02T09:07:54.358+0000][46373.344s][5523][5530][info ] Entering safepoint region: Cleanup
[2025-10-02T09:07:54.358+0000][46373.344s][5523][5530][info ] Leaving safepoint region
[2025-10-02T09:07:54.358+0000][46373.344s][5523][5530][info ] Total time for which application threads were stopped: 0.0001350 seconds, Stopping threads took: 0.0000260 seconds
[2025-10-02T09:07:55.358+0000][46374.344s][5523][5530][info ] Application time: 1.0001010 seconds
[2025-10-02T09:07:55.358+0000][46374.344s][5523][5530][info ] Entering safepoint region: Cleanup
[2025-10-02T09:07:55.358+0000][46374.344s][5523][5530][info ] Leaving safepoint region
[2025-10-02T09:07:55.358+0000][46374.344s][5523][5530][info ] Total time for which application threads were stopped: 0.0001505 seconds, Stopping threads took: 0.0000244 seconds
[2025-10-02T09:07:56.358+0000][46375.345s][5523][5530][info ] Application time: 1.0000985 seconds
[2025-10-02T09:07:56.358+0000][46375.345s][5523][5530][info ] Entering safepoint region: Cleanup
[2025-10-02T09:07:56.358+0000][46375.345s][5523][5530][info ] Leaving safepoint region
[2025-10-02T09:07:56.358+0000][46375.345s][5523][5530][info ] Total time for which application threads were stopped: 0.0001402 seconds, Stopping threads took: 0.0000239 seconds
[2025-10-02T09:07:57.359+0000][46376.345s][5523][5530][info ] Application time: 1.0001159 seconds
[2025-10-02T09:07:57.359+0000][46376.345s][5523][5530][info ] Entering safepoint region: Cleanup
[2025-10-02T09:07:57.359+0000][46376.345s][5523][5530][info ] Leaving safepoint region
[2025-10-02T09:07:57.359+0000][46376.345s][5523][5530][info ] Total time for which application threads were stopped: 0.0001404 seconds, Stopping threads took: 0.0000270 seconds
[2025-10-02T09:07:58.359+0000][46377.345s][5523][5530][info ] Application time: 1.0001032 seconds
[2025-10-02T09:07:58.359+0000][46377.345s][5523][5530][info ] Entering safepoint region: Cleanup
[2025-10-02T09:07:58.359+0000][46377.345s][5523][5530][info ] Leaving safepoint region
[2025-10-02T09:07:58.359+0000][46377.345s][5523][5530][info ] Total time for which application threads were stopped: 0.0002251 seconds, Stopping threads took: 0.0001002 seconds
[2025-10-02T09:07:59.359+0000][46378.346s][5523][5530][info ] Application time: 1.0001062 seconds
[2025-10-02T09:07:59.359+0000][46378.346s][5523][5530][info ] Entering safepoint region: Cleanup
[2025-10-02T09:07:59.359+0000][46378.346s][5523][5530][info ] Leaving safepoint region
[2025-10-02T09:07:59.359+0000][46378.346s][5523][5530][info ] Total time for which application threads were stopped: 0.0001431 seconds, Stopping threads took: 0.0000227 seconds
[2025-10-02T09:08:00.360+0000][46379.346s][5523][5530][info ] Application time: 1.0000701 seconds
[2025-10-02T09:08:00.360+0000][46379.346s][5523][5530][info ] Entering safepoint region: Cleanup
[2025-10-02T09:08:00.360+0000][46379.346s][5523][5530][info ] Leaving safepoint region
[2025-10-02T09:08:00.360+0000][46379.346s][5523][5530][info ] Total time for which application threads were stopped: 0.0001382 seconds, Stopping threads took: 0.0000228 seconds
[2025-10-02T09:08:01.360+0000][46380.346s][5523][5530][info ] Application time: 1.0001080 seconds
[2025-10-02T09:08:01.360+0000][46380.346s][5523][5530][info ] Entering safepoint region: Cleanup
[2025-10-02T09:08:01.360+0000][46380.346s][5523][5530][info ] Leaving safepoint region
[2025-10-02T09:08:01.360+0000][46380.346s][5523][5530][info ] Total time for which application threads were stopped: 0.0001454 seconds, Stopping threads took: 0.0000299 seconds
[2025-10-02T09:08:02.360+0000][46381.346s][5523][5530][info ] Application time: 1.0000985 seconds
[2025-10-02T09:08:02.360+0000][46381.346s][5523][5530][info ] Entering safepoint region: Cleanup
[2025-10-02T09:08:02.360+0000][46381.347s][5523][5530][info ] Leaving safepoint region
[2025-10-02T09:08:02.360+0000][46381.347s][5523][5530][info ] Total time for which application threads were stopped: 0.0001365 seconds, Stopping threads took: 0.0000243 seconds
[2025-10-02T09:08:03.116+0000][46382.102s][5523][5529][trace] CMS: promo attempt is safe: available(757274488) >= av_promo(11044653), max_promo(36770336)
[2025-10-02T09:08:03.361+0000][46382.347s][5523][5530][info ] Application time: 1.0001093 seconds
[2025-10-02T09:08:03.361+0000][46382.347s][5523][5530][info ] Entering safepoint region: Cleanup
[2025-10-02T09:08:03.361+0000][46382.347s][5523][5530][info ] Leaving safepoint region
[2025-10-02T09:08:03.361+0000][46382.347s][5523][5530][info ] Total time for which application threads were stopped: 0.0001388 seconds, Stopping threads took: 0.0000271 seconds
[2025-10-02T09:08:04.361+0000][46383.347s][5523][5530][info ] Application time: 1.0000750 seconds
[2025-10-02T09:08:04.361+0000][46383.347s][5523][5530][info ] Entering safepoint region: Cleanup
[2025-10-02T09:08:04.361+0000][46383.347s][5523][5530][info ] Leaving safepoint region
[2025-10-02T09:08:04.361+0000][46383.347s][5523][5530][info ] Total time for which application threads were stopped: 0.0001337 seconds, Stopping threads took: 0.0000247 seconds
[2025-10-02T09:08:05.361+0000][46384.347s][5523][5530][info ] Application time: 1.0000903 seconds
[2025-10-02T09:08:05.361+0000][46384.347s][5523][5530][info ] Entering safepoint region: Cleanup
[2025-10-02T09:08:05.361+0000][46384.348s][5523][5530][info ] Leaving safepoint region
[2025-10-02T09:08:05.361+0000][46384.348s][5523][5530][info ] Total time for which application threads were stopped: 0.0001344 seconds, Stopping threads took: 0.0000255 seconds
[2025-10-02T09:08:06.361+0000][46385.348s][5523][5530][info ] Application time: 1.0001092 seconds
[2025-10-02T09:08:06.361+0000][46385.348s][5523][5530][info ] Entering safepoint region: Cleanup
[2025-10-02T09:08:06.362+0000][46385.348s][5523][5530][info ] Leaving safepoint region
[2025-10-02T09:08:06.362+0000][46385.348s][5523][5530][info ] Total time for which application threads were stopped: 0.0001568 seconds, Stopping threads took: 0.0000259 seconds
[2025-10-02T09:08:07.362+0000][46386.348s][5523][5530][info ] Application time: 1.0000923 seconds
[2025-10-02T09:08:07.362+0000][46386.348s][5523][5530][info ] Entering safepoint region: Cleanup
[2025-10-02T09:08:07.362+0000][46386.348s][5523][5530][info ] Leaving safepoint region
[2025-10-02T09:08:07.362+0000][46386.348s][5523][5530][info ] Total time for which application threads were stopped: 0.0001386 seconds, Stopping threads took: 0.0000257 seconds
[2025-10-02T09:08:08.362+0000][46387.348s][5523][5530][info ] Application time: 1.0000826 seconds
[2025-10-02T09:08:08.362+0000][46387.348s][5523][5530][info ] Entering safepoint region: Cleanup
[2025-10-02T09:08:08.362+0000][46387.348s][5523][5530][info ] Leaving safepoint region
[2025-10-02T09:08:08.362+0000][46387.348s][5523][5530][info ] Total time for which application threads were stopped: 0.0001311 seconds, Stopping threads took: 0.0000241 seconds
[2025-10-02T09:08:09.362+0000][46388.348s][5523][5530][info ] Application time: 1.0000973 seconds
[2025-10-02T09:08:09.362+0000][46388.349s][5523][5530][info ] Entering safepoint region: Cleanup
[2025-10-02T09:08:09.362+0000][46388.349s][5523][5530][info ] Leaving safepoint region
[2025-10-02T09:08:09.362+0000][46388.349s][5523][5530][info ] Total time for which application threads were stopped: 0.0001316 seconds, Stopping threads took: 0.0000229 seconds
[2025-10-02T09:08:10.363+0000][46389.349s][5523][5530][info ] Application time: 1.0001034 seconds
[2025-10-02T09:08:10.363+0000][46389.349s][5523][5530][info ] Entering safepoint region: Cleanup
[2025-10-02T09:08:10.363+0000][46389.349s][5523][5530][info ] Leaving safepoint region
[2025-10-02T09:08:10.363+0000][46389.349s][5523][5530][info ] Total time for which application threads were stopped: 0.0001372 seconds, Stopping threads took: 0.0000305 seconds
[2025-10-02T09:08:11.363+0000][46390.349s][5523][5530][info ] Application time: 1.0000968 seconds
[2025-10-02T09:08:11.363+0000][46390.349s][5523][5530][info ] Entering safepoint region: Cleanup
[2025-10-02T09:08:11.363+0000][46390.349s][5523][5530][info ] Leaving safepoint region
[2025-10-02T09:08:11.363+0000][46390.349s][5523][5530][info ] Total time for which application threads were stopped: 0.0002107 seconds, Stopping threads took: 0.0000237 seconds
[2025-10-02T09:08:12.363+0000][46391.349s][5523][5530][info ] Application time: 1.0001026 seconds
[2025-10-02T09:08:12.363+0000][46391.349s][5523][5530][info ] Entering safepoint region: Cleanup
[2025-10-02T09:08:12.363+0000][46391.350s][5523][5530][info ] Leaving safepoint region
[2025-10-02T09:08:12.363+0000][46391.350s][5523][5530][info ] Total time for which application threads were stopped: 0.0001380 seconds, Stopping threads took: 0.0000241 seconds
[2025-10-02T09:08:13.116+0000][46392.102s][5523][5529][trace] CMS: promo attempt is safe: available(757274488) >= av_promo(11044653), max_promo(37721752)
[2025-10-02T09:08:13.364+0000][46392.350s][5523][5530][info ] Application time: 1.0001113 seconds
[2025-10-02T09:08:13.364+0000][46392.350s][5523][5530][info ] Entering safepoint region: Cleanup
[2025-10-02T09:08:13.364+0000][46392.350s][5523][5530][info ] Leaving safepoint region
[2025-10-02T09:08:13.364+0000][46392.350s][5523][5530][info ] Total time for which application threads were stopped: 0.0001456 seconds, Stopping threads took: 0.0000355 seconds
[2025-10-02T09:08:14.364+0000][46393.350s][5523][5530][info ] Application time: 1.0000823 seconds
[2025-10-02T09:08:14.364+0000][46393.350s][5523][5530][info ] Entering safepoint region: Cleanup
[2025-10-02T09:08:14.364+0000][46393.350s][5523][5530][info ] Leaving safepoint region
[2025-10-02T09:08:14.364+0000][46393.350s][5523][5530][info ] Total time for which application threads were stopped: 0.0001480 seconds, Stopping threads took: 0.0000249 seconds
[2025-10-02T09:08:15.364+0000][46394.350s][5523][5530][info ] Application time: 1.0000838 seconds
[2025-10-02T09:08:15.364+0000][46394.350s][5523][5530][info ] Entering safepoint region: Cleanup
[2025-10-02T09:08:15.364+0000][46394.350s][5523][5530][info ] Leaving safepoint region
[2025-10-02T09:08:15.364+0000][46394.350s][5523][5530][info ] Total time for which application threads were stopped: 0.0001347 seconds, Stopping threads took: 0.0000247 seconds
[2025-10-02T09:08:16.364+0000][46395.351s][5523][5530][info ] Application time: 1.0000828 seconds
[2025-10-02T09:08:16.364+0000][46395.351s][5523][5530][info ] Entering safepoint region: Cleanup
[2025-10-02T09:08:16.365+0000][46395.351s][5523][5530][info ] Leaving safepoint region
[2025-10-02T09:08:16.365+0000][46395.351s][5523][5530][info ] Total time for which application threads were stopped: 0.0001738 seconds, Stopping threads took: 0.0000251 seconds
[2025-10-02T09:08:17.365+0000][46396.351s][5523][5530][info ] Application time: 1.0000805 seconds
[2025-10-02T09:08:17.365+0000][46396.351s][5523][5530][info ] Entering safepoint region: Cleanup
[2025-10-02T09:08:17.365+0000][46396.351s][5523][5530][info ] Leaving safepoint region
[2025-10-02T09:08:17.365+0000][46396.351s][5523][5530][info ] Total time for which application threads were stopped: 0.0001387 seconds, Stopping threads took: 0.0000260 seconds
[2025-10-02T09:08:18.365+0000][46397.351s][5523][5530][info ] Application time: 1.0000776 seconds
[2025-10-02T09:08:18.365+0000][46397.351s][5523][5530][info ] Entering safepoint region: Cleanup
[2025-10-02T09:08:18.365+0000][46397.351s][5523][5530][info ] Leaving safepoint region
[2025-10-02T09:08:18.365+0000][46397.351s][5523][5530][info ] Total time for which application threads were stopped: 0.0001314 seconds, Stopping threads took: 0.0000252 seconds
[2025-10-02T09:08:19.365+0000][46398.351s][5523][5530][info ] Application time: 1.0001080 seconds
[2025-10-02T09:08:19.365+0000][46398.352s][5523][5530][info ] Entering safepoint region: Cleanup
[2025-10-02T09:08:19.365+0000][46398.352s][5523][5530][info ] Leaving safepoint region
[2025-10-02T09:08:19.365+0000][46398.352s][5523][5530][info ] Total time for which application threads were stopped: 0.0001402 seconds, Stopping threads took: 0.0000282 seconds
[2025-10-02T09:08:20.366+0000][46399.352s][5523][5530][info ] Application time: 1.0001064 seconds
[2025-10-02T09:08:20.366+0000][46399.352s][5523][5530][info ] Entering safepoint region: Cleanup
[2025-10-02T09:08:20.366+0000][46399.352s][5523][5530][info ] Leaving safepoint region
[2025-10-02T09:08:20.366+0000][46399.352s][5523][5530][info ] Total time for which application threads were stopped: 0.0001418 seconds, Stopping threads took: 0.0000270 seconds
[2025-10-02T09:08:21.366+0000][46400.352s][5523][5530][info ] Application time: 1.0001399 seconds
[2025-10-02T09:08:21.366+0000][46400.352s][5523][5530][info ] Entering safepoint region: Cleanup
[2025-10-02T09:08:21.366+0000][46400.352s][5523][5530][info ] Leaving safepoint region
[2025-10-02T09:08:21.366+0000][46400.352s][5523][5530][info ] Total time for which application threads were stopped: 0.0001534 seconds, Stopping threads took: 0.0000238 seconds
[2025-10-02T09:08:22.366+0000][46401.352s][5523][5530][info ] Application time: 1.0000962 seconds
[2025-10-02T09:08:22.366+0000][46401.352s][5523][5530][info ] Entering safepoint region: Cleanup
[2025-10-02T09:08:22.366+0000][46401.353s][5523][5530][info ] Leaving safepoint region
[2025-10-02T09:08:22.366+0000][46401.353s][5523][5530][info ] Total time for which application threads were stopped: 0.0001349 seconds, Stopping threads took: 0.0000243 seconds
[2025-10-02T09:08:23.116+0000][46402.102s][5523][5529][trace] CMS: promo attempt is safe: available(757274488) >= av_promo(11044653), max_promo(37761432)
[2025-10-02T09:08:23.366+0000][46402.353s][5523][5530][info ] Application time: 1.0001094 seconds
[2025-10-02T09:08:23.367+0000][46402.353s][5523][5530][info ] Entering safepoint region: Cleanup
[2025-10-02T09:08:23.367+0000][46402.353s][5523][5530][info ] Leaving safepoint region
[2025-10-02T09:08:23.367+0000][46402.353s][5523][5530][info ] Total time for which application threads were stopped: 0.0001481 seconds, Stopping threads took: 0.0000267 seconds
[2025-10-02T09:08:24.367+0000][46403.353s][5523][5530][info ] Application time: 1.0001073 seconds
[2025-10-02T09:08:24.367+0000][46403.353s][5523][5530][info ] Entering safepoint region: Cleanup
[2025-10-02T09:08:24.367+0000][46403.353s][5523][5530][info ] Leaving safepoint region
[2025-10-02T09:08:24.367+0000][46403.353s][5523][5530][info ] Total time for which application threads were stopped: 0.0002415 seconds, Stopping threads took: 0.0000267 seconds
[2025-10-02T09:08:25.367+0000][46404.353s][5523][5530][info ] Application time: 1.0001056 seconds
[2025-10-02T09:08:25.367+0000][46404.354s][5523][5530][info ] Entering safepoint region: Cleanup
[2025-10-02T09:08:25.367+0000][46404.354s][5523][5530][info ] Leaving safepoint region
[2025-10-02T09:08:25.367+0000][46404.354s][5523][5530][info ] Total time for which application threads were stopped: 0.0001380 seconds, Stopping threads took: 0.0000272 seconds
[2025-10-02T09:08:26.368+0000][46405.354s][5523][5530][info ] Application time: 1.0001102 seconds
[2025-10-02T09:08:26.368+0000][46405.354s][5523][5530][info ] Entering safepoint region: Cleanup
[2025-10-02T09:08:26.368+0000][46405.354s][5523][5530][info ] Leaving safepoint region
[2025-10-02T09:08:26.368+0000][46405.354s][5523][5530][info ] Total time for which application threads were stopped: 0.0001405 seconds, Stopping threads took: 0.0000274 seconds
[2025-10-02T09:08:27.368+0000][46406.354s][5523][5530][info ] Application time: 1.0001030 seconds
[2025-10-02T09:08:27.368+0000][46406.354s][5523][5530][info ] Entering safepoint region: Cleanup
[2025-10-02T09:08:27.368+0000][46406.354s][5523][5530][info ] Leaving safepoint region
[2025-10-02T09:08:27.368+0000][46406.354s][5523][5530][info ] Total time for which application threads were stopped: 0.0001514 seconds, Stopping threads took: 0.0000332 seconds
[2025-10-02T09:08:28.368+0000][46407.354s][5523][5530][info ] Application time: 1.0001002 seconds
[2025-10-02T09:08:28.368+0000][46407.354s][5523][5530][info ] Entering safepoint region: Cleanup
[2025-10-02T09:08:28.369+0000][46407.356s][5523][5530][info ] Leaving safepoint region
[2025-10-02T09:08:28.369+0000][46407.356s][5523][5530][info ] Total time for which application threads were stopped: 0.0012225 seconds, Stopping threads took: 0.0010757 seconds
[2025-10-02T09:08:29.370+0000][46408.356s][5523][5530][info ] Application time: 1.0001051 seconds
[2025-10-02T09:08:29.370+0000][46408.356s][5523][5530][info ] Entering safepoint region: Cleanup
[2025-10-02T09:08:29.370+0000][46408.356s][5523][5530][info ] Leaving safepoint region
[2025-10-02T09:08:29.370+0000][46408.356s][5523][5530][info ] Total time for which application threads were stopped: 0.0001570 seconds, Stopping threads took: 0.0000376 seconds
[2025-10-02T09:08:30.370+0000][46409.356s][5523][5530][info ] Application time: 1.0001084 seconds
[2025-10-02T09:08:30.370+0000][46409.356s][5523][5530][info ] Entering safepoint region: Cleanup
[2025-10-02T09:08:30.370+0000][46409.356s][5523][5530][info ] Leaving safepoint region
[2025-10-02T09:08:30.370+0000][46409.356s][5523][5530][info ] Total time for which application threads were stopped: 0.0001334 seconds, Stopping threads took: 0.0000239 seconds
[2025-10-02T09:08:31.370+0000][46410.356s][5523][5530][info ] Application time: 1.0000898 seconds
[2025-10-02T09:08:31.370+0000][46410.356s][5523][5530][info ] Entering safepoint region: Cleanup
[2025-10-02T09:08:31.370+0000][46410.357s][5523][5530][info ] Leaving safepoint region
[2025-10-02T09:08:31.370+0000][46410.357s][5523][5530][info ] Total time for which application threads were stopped: 0.0001312 seconds, Stopping threads took: 0.0000243 seconds
[2025-10-02T09:08:32.370+0000][46411.357s][5523][5530][info ] Application time: 1.0001050 seconds
[2025-10-02T09:08:32.370+0000][46411.357s][5523][5530][info ] Entering safepoint region: Cleanup
[2025-10-02T09:08:32.371+0000][46411.357s][5523][5530][info ] Leaving safepoint region
[2025-10-02T09:08:32.371+0000][46411.357s][5523][5530][info ] Total time for which application threads were stopped: 0.0001632 seconds, Stopping threads took: 0.0000479 seconds
[2025-10-02T09:08:33.115+0000][46412.101s][5523][5529][trace] CMS: promo attempt is safe: available(757274488) >= av_promo(11044653), max_promo(37768816)
[2025-10-02T09:08:33.371+0000][46412.357s][5523][5530][info ] Application time: 1.0000976 seconds
[2025-10-02T09:08:33.371+0000][46412.357s][5523][5530][info ] Entering safepoint region: Cleanup
[2025-10-02T09:08:33.371+0000][46412.357s][5523][5530][info ] Leaving safepoint region
[2025-10-02T09:08:33.371+0000][46412.357s][5523][5530][info ] Total time for which application threads were stopped: 0.0001333 seconds, Stopping threads took: 0.0000260 seconds
[2025-10-02T09:08:34.371+0000][46413.357s][5523][5530][info ] Application time: 1.0001693 seconds
[2025-10-02T09:08:34.371+0000][46413.357s][5523][5530][info ] Entering safepoint region: Cleanup
[2025-10-02T09:08:34.371+0000][46413.357s][5523][5530][info ] Leaving safepoint region
[2025-10-02T09:08:34.371+0000][46413.358s][5523][5530][info ] Total time for which application threads were stopped: 0.0001309 seconds, Stopping threads took: 0.0000228 seconds
[2025-10-02T09:08:35.371+0000][46414.358s][5523][5530][info ] Application time: 1.0000926 seconds
[2025-10-02T09:08:35.371+0000][46414.358s][5523][5530][info ] Entering safepoint region: Cleanup
[2025-10-02T09:08:35.372+0000][46414.358s][5523][5530][info ] Leaving safepoint region
[2025-10-02T09:08:35.372+0000][46414.358s][5523][5530][info ] Total time for which application threads were stopped: 0.0001684 seconds, Stopping threads took: 0.0000270 seconds
[2025-10-02T09:08:36.372+0000][46415.358s][5523][5530][info ] Application time: 1.0000869 seconds
[2025-10-02T09:08:36.372+0000][46415.358s][5523][5530][info ] Entering safepoint region: Cleanup
[2025-10-02T09:08:36.372+0000][46415.358s][5523][5530][info ] Leaving safepoint region
[2025-10-02T09:08:36.372+0000][46415.358s][5523][5530][info ] Total time for which application threads were stopped: 0.0001389 seconds, Stopping threads took: 0.0000276 seconds
[2025-10-02T09:08:37.372+0000][46416.358s][5523][5530][info ] Application time: 1.0000883 seconds
[2025-10-02T09:08:37.372+0000][46416.358s][5523][5530][info ] Entering safepoint region: Cleanup
[2025-10-02T09:08:37.372+0000][46416.358s][5523][5530][info ] Leaving safepoint region
[2025-10-02T09:08:37.372+0000][46416.358s][5523][5530][info ] Total time for which application threads were stopped: 0.0001431 seconds, Stopping threads took: 0.0000240 seconds
[2025-10-02T09:08:38.372+0000][46417.359s][5523][5530][info ] Application time: 1.0001858 seconds
[2025-10-02T09:08:38.372+0000][46417.359s][5523][5530][info ] Entering safepoint region: Cleanup
[2025-10-02T09:08:38.373+0000][46417.359s][5523][5530][info ] Leaving safepoint region
[2025-10-02T09:08:38.373+0000][46417.359s][5523][5530][info ] Total time for which application threads were stopped: 0.0001544 seconds, Stopping threads took: 0.0000238 seconds
[2025-10-02T09:08:39.373+0000][46418.359s][5523][5530][info ] Application time: 1.0000857 seconds
[2025-10-02T09:08:39.373+0000][46418.359s][5523][5530][info ] Entering safepoint region: Cleanup
[2025-10-02T09:08:39.373+0000][46418.359s][5523][5530][info ] Leaving safepoint region
[2025-10-02T09:08:39.373+0000][46418.359s][5523][5530][info ] Total time for which application threads were stopped: 0.0001351 seconds, Stopping threads took: 0.0000234 seconds
[2025-10-02T09:08:40.373+0000][46419.359s][5523][5530][info ] Application time: 1.0000746 seconds
[2025-10-02T09:08:40.373+0000][46419.359s][5523][5530][info ] Entering safepoint region: Cleanup
[2025-10-02T09:08:40.373+0000][46419.359s][5523][5530][info ] Leaving safepoint region
[2025-10-02T09:08:40.373+0000][46419.359s][5523][5530][info ] Total time for which application threads were stopped: 0.0001316 seconds, Stopping threads took: 0.0000243 seconds
[2025-10-02T09:08:41.373+0000][46420.359s][5523][5530][info ] Application time: 1.0000906 seconds
[2025-10-02T09:08:41.373+0000][46420.360s][5523][5530][info ] Entering safepoint region: Cleanup
[2025-10-02T09:08:41.373+0000][46420.360s][5523][5530][info ] Leaving safepoint region
[2025-10-02T09:08:41.373+0000][46420.360s][5523][5530][info ] Total time for which application threads were stopped: 0.0001604 seconds, Stopping threads took: 0.0000333 seconds
[2025-10-02T09:08:42.374+0000][46421.360s][5523][5530][info ] Application time: 1.0000937 seconds
[2025-10-02T09:08:42.374+0000][46421.360s][5523][5530][info ] Entering safepoint region: Cleanup
[2025-10-02T09:08:42.374+0000][46421.360s][5523][5530][info ] Leaving safepoint region
[2025-10-02T09:08:42.374+0000][46421.360s][5523][5530][info ] Total time for which application threads were stopped: 0.0001367 seconds, Stopping threads took: 0.0000244 seconds
[2025-10-02T09:08:43.115+0000][46422.101s][5523][5529][trace] CMS: promo attempt is safe: available(757274488) >= av_promo(11044653), max_promo(37768816)
[2025-10-02T09:08:43.374+0000][46422.360s][5523][5530][info ] Application time: 1.0001032 seconds
[2025-10-02T09:08:43.374+0000][46422.360s][5523][5530][info ] Entering safepoint region: Cleanup
[2025-10-02T09:08:43.374+0000][46422.360s][5523][5530][info ] Leaving safepoint region
[2025-10-02T09:08:43.374+0000][46422.360s][5523][5530][info ] Total time for which application threads were stopped: 0.0001390 seconds, Stopping threads took: 0.0000254 seconds
[2025-10-02T09:08:44.374+0000][46423.360s][5523][5530][info ] Application time: 1.0000903 seconds
[2025-10-02T09:08:44.374+0000][46423.360s][5523][5530][info ] Entering safepoint region: Cleanup
[2025-10-02T09:08:44.374+0000][46423.361s][5523][5530][info ] Leaving safepoint region
[2025-10-02T09:08:44.374+0000][46423.361s][5523][5530][info ] Total time for which application threads were stopped: 0.0001577 seconds, Stopping threads took: 0.0000238 seconds
[2025-10-02T09:08:45.374+0000][46424.361s][5523][5530][info ] Application time: 1.0000854 seconds
[2025-10-02T09:08:45.374+0000][46424.361s][5523][5530][info ] Entering safepoint region: Cleanup
[2025-10-02T09:08:45.375+0000][46424.361s][5523][5530][info ] Leaving safepoint region
[2025-10-02T09:08:45.375+0000][46424.361s][5523][5530][info ] Total time for which application threads were stopped: 0.0001448 seconds, Stopping threads took: 0.0000237 seconds
[2025-10-02T09:08:46.375+0000][46425.361s][5523][5530][info ] Application time: 1.0000786 seconds
[2025-10-02T09:08:46.375+0000][46425.361s][5523][5530][info ] Entering safepoint region: Cleanup
[2025-10-02T09:08:46.375+0000][46425.361s][5523][5530][info ] Leaving safepoint region
[2025-10-02T09:08:46.375+0000][46425.361s][5523][5530][info ] Total time for which application threads were stopped: 0.0001335 seconds, Stopping threads took: 0.0000233 seconds
[2025-10-02T09:08:47.375+0000][46426.361s][5523][5530][info ] Application time: 1.0000752 seconds
[2025-10-02T09:08:47.375+0000][46426.361s][5523][5530][info ] Entering safepoint region: Cleanup
[2025-10-02T09:08:47.375+0000][46426.361s][5523][5530][info ] Leaving safepoint region
[2025-10-02T09:08:47.375+0000][46426.361s][5523][5530][info ] Total time for which application threads were stopped: 0.0002505 seconds, Stopping threads took: 0.0001364 seconds
[2025-10-02T09:08:48.375+0000][46427.362s][5523][5530][info ] Application time: 1.0000889 seconds
[2025-10-02T09:08:48.375+0000][46427.362s][5523][5530][info ] Entering safepoint region: Cleanup
[2025-10-02T09:08:48.376+0000][46427.362s][5523][5530][info ] Leaving safepoint region
[2025-10-02T09:08:48.376+0000][46427.363s][5523][5530][info ] Total time for which application threads were stopped: 0.0010401 seconds, Stopping threads took: 0.0000350 seconds
[2025-10-02T09:08:49.377+0000][46428.363s][5523][5530][info ] Application time: 1.0000947 seconds
[2025-10-02T09:08:49.377+0000][46428.363s][5523][5530][info ] Entering safepoint region: Cleanup
[2025-10-02T09:08:49.377+0000][46428.363s][5523][5530][info ] Leaving safepoint region
[2025-10-02T09:08:49.377+0000][46428.363s][5523][5530][info ] Total time for which application threads were stopped: 0.0001362 seconds, Stopping threads took: 0.0000253 seconds
[2025-10-02T09:08:50.377+0000][46429.363s][5523][5530][info ] Application time: 1.0001228 seconds
[2025-10-02T09:08:50.377+0000][46429.363s][5523][5530][info ] Entering safepoint region: Cleanup
[2025-10-02T09:08:50.377+0000][46429.363s][5523][5530][info ] Leaving safepoint region
[2025-10-02T09:08:50.377+0000][46429.363s][5523][5530][info ] Total time for which application threads were stopped: 0.0001358 seconds, Stopping threads took: 0.0000235 seconds
[2025-10-02T09:08:51.377+0000][46430.363s][5523][5530][info ] Application time: 1.0000807 seconds
[2025-10-02T09:08:51.377+0000][46430.363s][5523][5530][info ] Entering safepoint region: Cleanup
[2025-10-02T09:08:51.377+0000][46430.364s][5523][5530][info ] Leaving safepoint region
[2025-10-02T09:08:51.377+0000][46430.364s][5523][5530][info ] Total time for which application threads were stopped: 0.0001313 seconds, Stopping threads took: 0.0000244 seconds
[2025-10-02T09:08:52.377+0000][46431.364s][5523][5530][info ] Application time: 1.0000957 seconds
[2025-10-02T09:08:52.377+0000][46431.364s][5523][5530][info ] Entering safepoint region: Cleanup
[2025-10-02T09:08:52.378+0000][46431.364s][5523][5530][info ] Leaving safepoint region
[2025-10-02T09:08:52.378+0000][46431.364s][5523][5530][info ] Total time for which application threads were stopped: 0.0001518 seconds, Stopping threads took: 0.0000223 seconds
[2025-10-02T09:08:53.115+0000][46432.101s][5523][5529][trace] CMS: promo attempt is safe: available(757274488) >= av_promo(11044653), max_promo(37953192)
[2025-10-02T09:08:53.378+0000][46432.364s][5523][5530][info ] Application time: 1.0000930 seconds
[2025-10-02T09:08:53.378+0000][46432.364s][5523][5530][info ] Entering safepoint region: Cleanup
[2025-10-02T09:08:53.378+0000][46432.364s][5523][5530][info ] Leaving safepoint region
[2025-10-02T09:08:53.378+0000][46432.364s][5523][5530][info ] Total time for which application threads were stopped: 0.0001469 seconds, Stopping threads took: 0.0000268 seconds
[2025-10-02T09:08:54.378+0000][46433.364s][5523][5530][info ] Application time: 1.0000940 seconds
[2025-10-02T09:08:54.378+0000][46433.364s][5523][5530][info ] Entering safepoint region: Cleanup
[2025-10-02T09:08:54.378+0000][46433.364s][5523][5530][info ] Leaving safepoint region
[2025-10-02T09:08:54.378+0000][46433.364s][5523][5530][info ] Total time for which application threads were stopped: 0.0001357 seconds, Stopping threads took: 0.0000266 seconds
[2025-10-02T09:08:55.378+0000][46434.365s][5523][5530][info ] Application time: 1.0001245 seconds
[2025-10-02T09:08:55.378+0000][46434.365s][5523][5530][info ] Entering safepoint region: Cleanup
[2025-10-02T09:08:55.379+0000][46434.365s][5523][5530][info ] Leaving safepoint region
[2025-10-02T09:08:55.379+0000][46434.365s][5523][5530][info ] Total time for which application threads were stopped: 0.0008234 seconds, Stopping threads took: 0.0000494 seconds
[2025-10-02T09:08:56.380+0000][46435.366s][5523][5530][info ] Application time: 1.0002845 seconds
[2025-10-02T09:08:56.380+0000][46435.366s][5523][5530][info ] Entering safepoint region: Cleanup
[2025-10-02T09:08:56.380+0000][46435.366s][5523][5530][info ] Leaving safepoint region
[2025-10-02T09:08:56.380+0000][46435.366s][5523][5530][info ] Total time for which application threads were stopped: 0.0001502 seconds, Stopping threads took: 0.0000367 seconds
[2025-10-02T09:08:57.380+0000][46436.366s][5523][5530][info ] Application time: 1.0000794 seconds
[2025-10-02T09:08:57.380+0000][46436.366s][5523][5530][info ] Entering safepoint region: Cleanup
[2025-10-02T09:08:57.380+0000][46436.366s][5523][5530][info ] Leaving safepoint region
[2025-10-02T09:08:57.380+0000][46436.366s][5523][5530][info ] Total time for which application threads were stopped: 0.0001439 seconds, Stopping threads took: 0.0000282 seconds
[2025-10-02T09:08:58.380+0000][46437.366s][5523][5530][info ] Application time: 1.0001034 seconds
[2025-10-02T09:08:58.380+0000][46437.366s][5523][5530][info ] Entering safepoint region: Cleanup
[2025-10-02T09:08:58.380+0000][46437.367s][5523][5530][info ] Leaving safepoint region
[2025-10-02T09:08:58.380+0000][46437.367s][5523][5530][info ] Total time for which application threads were stopped: 0.0001356 seconds, Stopping threads took: 0.0000267 seconds
[2025-10-02T09:08:59.380+0000][46438.367s][5523][5530][info ] Application time: 1.0000735 seconds
[2025-10-02T09:08:59.381+0000][46438.367s][5523][5530][info ] Entering safepoint region: Cleanup
[2025-10-02T09:08:59.381+0000][46438.367s][5523][5530][info ] Leaving safepoint region
[2025-10-02T09:08:59.381+0000][46438.367s][5523][5530][info ] Total time for which application threads were stopped: 0.0001361 seconds, Stopping threads took: 0.0000243 seconds
[2025-10-02T09:09:00.381+0000][46439.367s][5523][5530][info ] Application time: 1.0000709 seconds
[2025-10-02T09:09:00.381+0000][46439.367s][5523][5530][info ] Entering safepoint region: Cleanup
[2025-10-02T09:09:00.381+0000][46439.367s][5523][5530][info ] Leaving safepoint region
[2025-10-02T09:09:00.381+0000][46439.367s][5523][5530][info ] Total time for which application threads were stopped: 0.0001361 seconds, Stopping threads took: 0.0000272 seconds
[2025-10-02T09:09:01.381+0000][46440.367s][5523][5530][info ] Application time: 1.0000972 seconds
[2025-10-02T09:09:01.381+0000][46440.367s][5523][5530][info ] Entering safepoint region: Cleanup
[2025-10-02T09:09:01.381+0000][46440.367s][5523][5530][info ] Leaving safepoint region
[2025-10-02T09:09:01.381+0000][46440.367s][5523][5530][info ] Total time for which application threads were stopped: 0.0001447 seconds, Stopping threads took: 0.0000306 seconds
[2025-10-02T09:09:02.381+0000][46441.368s][5523][5530][info ] Application time: 1.0000771 seconds
[2025-10-02T09:09:02.381+0000][46441.368s][5523][5530][info ] Entering safepoint region: Cleanup
[2025-10-02T09:09:02.381+0000][46441.368s][5523][5530][info ] Leaving safepoint region
[2025-10-02T09:09:02.382+0000][46441.368s][5523][5530][info ] Total time for which application threads were stopped: 0.0001726 seconds, Stopping threads took: 0.0000237 seconds
[2025-10-02T09:09:03.115+0000][46442.101s][5523][5529][trace] CMS: promo attempt is safe: available(757274488) >= av_promo(11044653), max_promo(39827512)
[2025-10-02T09:09:03.382+0000][46442.368s][5523][5530][info ] Application time: 1.0001003 seconds
[2025-10-02T09:09:03.382+0000][46442.368s][5523][5530][info ] Entering safepoint region: Cleanup
[2025-10-02T09:09:03.382+0000][46442.368s][5523][5530][info ] Leaving safepoint region
[2025-10-02T09:09:03.382+0000][46442.368s][5523][5530][info ] Total time for which application threads were stopped: 0.0001423 seconds, Stopping threads took: 0.0000269 seconds
[2025-10-02T09:09:04.382+0000][46443.368s][5523][5530][info ] Application time: 1.0000992 seconds
[2025-10-02T09:09:04.382+0000][46443.368s][5523][5530][info ] Entering safepoint region: Cleanup
[2025-10-02T09:09:04.382+0000][46443.368s][5523][5530][info ] Leaving safepoint region
[2025-10-02T09:09:04.382+0000][46443.368s][5523][5530][info ] Total time for which application threads were stopped: 0.0001567 seconds, Stopping threads took: 0.0000229 seconds
[2025-10-02T09:09:05.382+0000][46444.368s][5523][5530][info ] Application time: 1.0000954 seconds
[2025-10-02T09:09:05.382+0000][46444.369s][5523][5530][info ] Entering safepoint region: Cleanup
[2025-10-02T09:09:05.382+0000][46444.369s][5523][5530][info ] Leaving safepoint region
[2025-10-02T09:09:05.382+0000][46444.369s][5523][5530][info ] Total time for which application threads were stopped: 0.0001435 seconds, Stopping threads took: 0.0000253 seconds
[2025-10-02T09:09:06.383+0000][46445.369s][5523][5530][info ] Application time: 1.0000898 seconds
[2025-10-02T09:09:06.383+0000][46445.369s][5523][5530][info ] Entering safepoint region: Cleanup
[2025-10-02T09:09:06.383+0000][46445.369s][5523][5530][info ] Leaving safepoint region
[2025-10-02T09:09:06.383+0000][46445.369s][5523][5530][info ] Total time for which application threads were stopped: 0.0001392 seconds, Stopping threads took: 0.0000249 seconds
[2025-10-02T09:09:07.383+0000][46446.369s][5523][5530][info ] Application time: 1.0001065 seconds
[2025-10-02T09:09:07.383+0000][46446.369s][5523][5530][info ] Entering safepoint region: Cleanup
[2025-10-02T09:09:07.383+0000][46446.369s][5523][5530][info ] Leaving safepoint region
[2025-10-02T09:09:07.383+0000][46446.369s][5523][5530][info ] Total time for which application threads were stopped: 0.0002135 seconds, Stopping threads took: 0.0000250 seconds
[2025-10-02T09:09:08.383+0000][46447.369s][5523][5530][info ] Application time: 1.0000975 seconds
[2025-10-02T09:09:08.383+0000][46447.369s][5523][5530][info ] Entering safepoint region: Cleanup
[2025-10-02T09:09:08.383+0000][46447.370s][5523][5530][info ] Leaving safepoint region
[2025-10-02T09:09:08.383+0000][46447.370s][5523][5530][info ] Total time for which application threads were stopped: 0.0001393 seconds, Stopping threads took: 0.0000243 seconds
[2025-10-02T09:09:09.384+0000][46448.370s][5523][5530][info ] Application time: 1.0000981 seconds
[2025-10-02T09:09:09.384+0000][46448.370s][5523][5530][info ] Entering safepoint region: Cleanup
[2025-10-02T09:09:09.384+0000][46448.370s][5523][5530][info ] Leaving safepoint region
[2025-10-02T09:09:09.384+0000][46448.370s][5523][5530][info ] Total time for which application threads were stopped: 0.0001466 seconds, Stopping threads took: 0.0000358 seconds
[2025-10-02T09:09:10.384+0000][46449.370s][5523][5530][info ] Application time: 1.0000896 seconds
[2025-10-02T09:09:10.384+0000][46449.370s][5523][5530][info ] Entering safepoint region: Cleanup
[2025-10-02T09:09:10.384+0000][46449.370s][5523][5530][info ] Leaving safepoint region
[2025-10-02T09:09:10.384+0000][46449.370s][5523][5530][info ] Total time for which application threads were stopped: 0.0001334 seconds, Stopping threads took: 0.0000257 seconds
[2025-10-02T09:09:11.384+0000][46450.370s][5523][5530][info ] Application time: 1.0001035 seconds
[2025-10-02T09:09:11.384+0000][46450.370s][5523][5530][info ] Entering safepoint region: Cleanup
[2025-10-02T09:09:11.384+0000][46450.371s][5523][5530][info ] Leaving safepoint region
[2025-10-02T09:09:11.384+0000][46450.371s][5523][5530][info ] Total time for which application threads were stopped: 0.0001362 seconds, Stopping threads took: 0.0000246 seconds
[2025-10-02T09:09:12.384+0000][46451.371s][5523][5530][info ] Application time: 1.0000907 seconds
[2025-10-02T09:09:12.384+0000][46451.371s][5523][5530][info ] Entering safepoint region: Cleanup
[2025-10-02T09:09:12.385+0000][46451.371s][5523][5530][info ] Leaving safepoint region
[2025-10-02T09:09:12.385+0000][46451.371s][5523][5530][info ] Total time for which application threads were stopped: 0.0001573 seconds, Stopping threads took: 0.0000227 seconds
[2025-10-02T09:09:13.115+0000][46452.101s][5523][5529][trace] CMS: promo attempt is safe: available(757274488) >= av_promo(11044653), max_promo(40055128)
[2025-10-02T09:09:13.385+0000][46452.371s][5523][5530][info ] Application time: 1.0001013 seconds
[2025-10-02T09:09:13.385+0000][46452.371s][5523][5530][info ] Entering safepoint region: Cleanup
[2025-10-02T09:09:13.385+0000][46452.371s][5523][5530][info ] Leaving safepoint region
[2025-10-02T09:09:13.385+0000][46452.371s][5523][5530][info ] Total time for which application threads were stopped: 0.0001319 seconds, Stopping threads took: 0.0000238 seconds
[2025-10-02T09:09:14.385+0000][46453.371s][5523][5530][info ] Application time: 1.0001013 seconds
[2025-10-02T09:09:14.385+0000][46453.371s][5523][5530][info ] Entering safepoint region: Cleanup
[2025-10-02T09:09:14.385+0000][46453.371s][5523][5530][info ] Leaving safepoint region
[2025-10-02T09:09:14.385+0000][46453.371s][5523][5530][info ] Total time for which application threads were stopped: 0.0001390 seconds, Stopping threads took: 0.0000280 seconds
[2025-10-02T09:09:15.385+0000][46454.372s][5523][5530][info ] Application time: 1.0001021 seconds
[2025-10-02T09:09:15.385+0000][46454.372s][5523][5530][info ] Entering safepoint region: Cleanup
[2025-10-02T09:09:15.385+0000][46454.372s][5523][5530][info ] Leaving safepoint region
[2025-10-02T09:09:15.385+0000][46454.372s][5523][5530][info ] Total time for which application threads were stopped: 0.0001328 seconds, Stopping threads took: 0.0000241 seconds
[2025-10-02T09:09:16.386+0000][46455.372s][5523][5530][info ] Application time: 1.0001228 seconds
[2025-10-02T09:09:16.386+0000][46455.372s][5523][5530][info ] Entering safepoint region: Cleanup
[2025-10-02T09:09:16.386+0000][46455.372s][5523][5530][info ] Leaving safepoint region
[2025-10-02T09:09:16.386+0000][46455.372s][5523][5530][info ] Total time for which application threads were stopped: 0.0001448 seconds, Stopping threads took: 0.0000247 seconds
[2025-10-02T09:09:17.386+0000][46456.372s][5523][5530][info ] Application time: 1.0001005 seconds
[2025-10-02T09:09:17.386+0000][46456.372s][5523][5530][info ] Entering safepoint region: Cleanup
[2025-10-02T09:09:17.386+0000][46456.372s][5523][5530][info ] Leaving safepoint region
[2025-10-02T09:09:17.386+0000][46456.372s][5523][5530][info ] Total time for which application threads were stopped: 0.0001323 seconds, Stopping threads took: 0.0000236 seconds
[2025-10-02T09:09:18.386+0000][46457.372s][5523][5530][info ] Application time: 1.0001027 seconds
[2025-10-02T09:09:18.386+0000][46457.373s][5523][5530][info ] Entering safepoint region: Cleanup
[2025-10-02T09:09:18.386+0000][46457.373s][5523][5530][info ] Leaving safepoint region
[2025-10-02T09:09:18.386+0000][46457.373s][5523][5530][info ] Total time for which application threads were stopped: 0.0001478 seconds, Stopping threads took: 0.0000295 seconds
[2025-10-02T09:09:19.387+0000][46458.373s][5523][5530][info ] Application time: 1.0001050 seconds
[2025-10-02T09:09:19.387+0000][46458.373s][5523][5530][info ] Entering safepoint region: Cleanup
[2025-10-02T09:09:19.387+0000][46458.373s][5523][5530][info ] Leaving safepoint region
[2025-10-02T09:09:19.387+0000][46458.373s][5523][5530][info ] Total time for which application threads were stopped: 0.0001483 seconds, Stopping threads took: 0.0000240 seconds
[2025-10-02T09:09:20.387+0000][46459.373s][5523][5530][info ] Application time: 1.0000802 seconds
[2025-10-02T09:09:20.387+0000][46459.373s][5523][5530][info ] Entering safepoint region: Cleanup
[2025-10-02T09:09:20.387+0000][46459.373s][5523][5530][info ] Leaving safepoint region
[2025-10-02T09:09:20.387+0000][46459.373s][5523][5530][info ] Total time for which application threads were stopped: 0.0002577 seconds, Stopping threads took: 0.0000251 seconds
[2025-10-02T09:09:21.387+0000][46460.373s][5523][5530][info ] Application time: 1.0000909 seconds
[2025-10-02T09:09:21.387+0000][46460.374s][5523][5530][info ] Entering safepoint region: Cleanup
[2025-10-02T09:09:21.387+0000][46460.374s][5523][5530][info ] Leaving safepoint region
[2025-10-02T09:09:21.387+0000][46460.374s][5523][5530][info ] Total time for which application threads were stopped: 0.0001688 seconds, Stopping threads took: 0.0000282 seconds
[2025-10-02T09:09:22.388+0000][46461.374s][5523][5530][info ] Application time: 1.0001050 seconds
[2025-10-02T09:09:22.388+0000][46461.374s][5523][5530][info ] Entering safepoint region: Cleanup
[2025-10-02T09:09:22.388+0000][46461.374s][5523][5530][info ] Leaving safepoint region
[2025-10-02T09:09:22.388+0000][46461.374s][5523][5530][info ] Total time for which application threads were stopped: 0.0001423 seconds, Stopping threads took: 0.0000271 seconds
[2025-10-02T09:09:23.114+0000][46462.100s][5523][5529][trace] CMS: promo attempt is safe: available(757274488) >= av_promo(11044653), max_promo(40055128)
[2025-10-02T09:09:23.388+0000][46462.374s][5523][5530][info ] Application time: 1.0000885 seconds
[2025-10-02T09:09:23.388+0000][46462.374s][5523][5530][info ] Entering safepoint region: Cleanup
[2025-10-02T09:09:23.388+0000][46462.374s][5523][5530][info ] Leaving safepoint region
[2025-10-02T09:09:23.388+0000][46462.374s][5523][5530][info ] Total time for which application threads were stopped: 0.0001586 seconds, Stopping threads took: 0.0000440 seconds
[2025-10-02T09:09:24.388+0000][46463.374s][5523][5530][info ] Application time: 1.0000961 seconds
[2025-10-02T09:09:24.388+0000][46463.374s][5523][5530][info ] Entering safepoint region: Cleanup
[2025-10-02T09:09:24.388+0000][46463.375s][5523][5530][info ] Leaving safepoint region
[2025-10-02T09:09:24.388+0000][46463.375s][5523][5530][info ] Total time for which application threads were stopped: 0.0001357 seconds, Stopping threads took: 0.0000245 seconds
[2025-10-02T09:09:25.388+0000][46464.375s][5523][5530][info ] Application time: 1.0000932 seconds
[2025-10-02T09:09:25.389+0000][46464.375s][5523][5530][info ] Entering safepoint region: Cleanup
[2025-10-02T09:09:25.389+0000][46464.375s][5523][5530][info ] Leaving safepoint region
[2025-10-02T09:09:25.389+0000][46464.375s][5523][5530][info ] Total time for which application threads were stopped: 0.0001375 seconds, Stopping threads took: 0.0000258 seconds
[2025-10-02T09:09:26.389+0000][46465.375s][5523][5530][info ] Application time: 1.0001102 seconds
[2025-10-02T09:09:26.389+0000][46465.375s][5523][5530][info ] Entering safepoint region: Cleanup
[2025-10-02T09:09:26.389+0000][46465.375s][5523][5530][info ] Leaving safepoint region
[2025-10-02T09:09:26.389+0000][46465.375s][5523][5530][info ] Total time for which application threads were stopped: 0.0001320 seconds, Stopping threads took: 0.0000251 seconds
[2025-10-02T09:09:27.389+0000][46466.375s][5523][5530][info ] Application time: 1.0001049 seconds
[2025-10-02T09:09:27.389+0000][46466.375s][5523][5530][info ] Entering safepoint region: Cleanup
[2025-10-02T09:09:27.389+0000][46466.375s][5523][5530][info ] Leaving safepoint region
[2025-10-02T09:09:27.389+0000][46466.375s][5523][5530][info ] Total time for which application threads were stopped: 0.0001461 seconds, Stopping threads took: 0.0000267 seconds
[2025-10-02T09:09:28.389+0000][46467.376s][5523][5530][info ] Application time: 1.0000835 seconds
[2025-10-02T09:09:28.389+0000][46467.376s][5523][5530][info ] Entering safepoint region: Cleanup
[2025-10-02T09:09:28.391+0000][46467.377s][5523][5530][info ] Leaving safepoint region
[2025-10-02T09:09:28.391+0000][46467.377s][5523][5530][info ] Total time for which application threads were stopped: 0.0011992 seconds, Stopping threads took: 0.0010525 seconds
[2025-10-02T09:09:29.391+0000][46468.377s][5523][5530][info ] Application time: 1.0000788 seconds
[2025-10-02T09:09:29.391+0000][46468.377s][5523][5530][info ] Entering safepoint region: Cleanup
[2025-10-02T09:09:29.391+0000][46468.377s][5523][5530][info ] Leaving safepoint region
[2025-10-02T09:09:29.391+0000][46468.377s][5523][5530][info ] Total time for which application threads were stopped: 0.0001347 seconds, Stopping threads took: 0.0000249 seconds
[2025-10-02T09:09:30.391+0000][46469.377s][5523][5530][info ] Application time: 1.0001613 seconds
[2025-10-02T09:09:30.391+0000][46469.377s][5523][5530][info ] Entering safepoint region: Cleanup
[2025-10-02T09:09:30.391+0000][46469.377s][5523][5530][info ] Leaving safepoint region
[2025-10-02T09:09:30.391+0000][46469.377s][5523][5530][info ] Total time for which application threads were stopped: 0.0001496 seconds, Stopping threads took: 0.0000270 seconds
[2025-10-02T09:09:31.391+0000][46470.378s][5523][5530][info ] Application time: 1.0001047 seconds
[2025-10-02T09:09:31.391+0000][46470.378s][5523][5530][info ] Entering safepoint region: Cleanup
[2025-10-02T09:09:31.392+0000][46470.378s][5523][5530][info ] Leaving safepoint region
[2025-10-02T09:09:31.392+0000][46470.378s][5523][5530][info ] Total time for which application threads were stopped: 0.0001723 seconds, Stopping threads took: 0.0000266 seconds
[2025-10-02T09:09:32.392+0000][46471.378s][5523][5530][info ] Application time: 1.0000954 seconds
[2025-10-02T09:09:32.392+0000][46471.378s][5523][5530][info ] Entering safepoint region: Cleanup
[2025-10-02T09:09:32.392+0000][46471.378s][5523][5530][info ] Leaving safepoint region
[2025-10-02T09:09:32.392+0000][46471.378s][5523][5530][info ] Total time for which application threads were stopped: 0.0001548 seconds, Stopping threads took: 0.0000248 seconds
[2025-10-02T09:09:33.114+0000][46472.100s][5523][5529][trace] CMS: promo attempt is safe: available(757274488) >= av_promo(11044653), max_promo(40093912)
[2025-10-02T09:09:33.392+0000][46472.378s][5523][5530][info ] Application time: 1.0001146 seconds
[2025-10-02T09:09:33.392+0000][46472.378s][5523][5530][info ] Entering safepoint region: Cleanup
[2025-10-02T09:09:33.392+0000][46472.378s][5523][5530][info ] Leaving safepoint region
[2025-10-02T09:09:33.392+0000][46472.378s][5523][5530][info ] Total time for which application threads were stopped: 0.0001355 seconds, Stopping threads took: 0.0000237 seconds
[2025-10-02T09:09:34.392+0000][46473.379s][5523][5530][info ] Application time: 1.0001038 seconds
[2025-10-02T09:09:34.392+0000][46473.379s][5523][5530][info ] Entering safepoint region: Cleanup
[2025-10-02T09:09:34.392+0000][46473.379s][5523][5530][info ] Leaving safepoint region
[2025-10-02T09:09:34.392+0000][46473.379s][5523][5530][info ] Total time for which application threads were stopped: 0.0001342 seconds, Stopping threads took: 0.0000256 seconds
[2025-10-02T09:09:35.393+0000][46474.379s][5523][5530][info ] Application time: 1.0000501 seconds
[2025-10-02T09:09:35.393+0000][46474.379s][5523][5530][info ] Entering safepoint region: Cleanup
[2025-10-02T09:09:35.393+0000][46474.379s][5523][5530][info ] Leaving safepoint region
[2025-10-02T09:09:35.393+0000][46474.379s][5523][5530][info ] Total time for which application threads were stopped: 0.0001396 seconds, Stopping threads took: 0.0000280 seconds
[2025-10-02T09:09:36.393+0000][46475.379s][5523][5530][info ] Application time: 1.0000788 seconds
[2025-10-02T09:09:36.393+0000][46475.379s][5523][5530][info ] Entering safepoint region: Cleanup
[2025-10-02T09:09:36.393+0000][46475.379s][5523][5530][info ] Leaving safepoint region
[2025-10-02T09:09:36.393+0000][46475.379s][5523][5530][info ] Total time for which application threads were stopped: 0.0001440 seconds, Stopping threads took: 0.0000226 seconds
[2025-10-02T09:09:37.393+0000][46476.379s][5523][5530][info ] Application time: 1.0000874 seconds
[2025-10-02T09:09:37.393+0000][46476.379s][5523][5530][info ] Entering safepoint region: Cleanup
[2025-10-02T09:09:37.393+0000][46476.379s][5523][5530][info ] Leaving safepoint region
[2025-10-02T09:09:37.393+0000][46476.379s][5523][5530][info ] Total time for which application threads were stopped: 0.0001354 seconds, Stopping threads took: 0.0000237 seconds
[2025-10-02T09:09:38.393+0000][46477.380s][5523][5530][info ] Application time: 1.0001040 seconds
[2025-10-02T09:09:38.393+0000][46477.380s][5523][5530][info ] Entering safepoint region: Cleanup
[2025-10-02T09:09:38.394+0000][46477.380s][5523][5530][info ] Leaving safepoint region
[2025-10-02T09:09:38.394+0000][46477.380s][5523][5530][info ] Total time for which application threads were stopped: 0.0001639 seconds, Stopping threads took: 0.0000290 seconds
[2025-10-02T09:09:39.394+0000][46478.380s][5523][5530][info ] Application time: 1.0000763 seconds
[2025-10-02T09:09:39.394+0000][46478.380s][5523][5530][info ] Entering safepoint region: Cleanup
[2025-10-02T09:09:39.394+0000][46478.380s][5523][5530][info ] Leaving safepoint region
[2025-10-02T09:09:39.394+0000][46478.380s][5523][5530][info ] Total time for which application threads were stopped: 0.0001332 seconds, Stopping threads took: 0.0000246 seconds
[2025-10-02T09:09:40.394+0000][46479.380s][5523][5530][info ] Application time: 1.0000818 seconds
[2025-10-02T09:09:40.394+0000][46479.380s][5523][5530][info ] Entering safepoint region: Cleanup
[2025-10-02T09:09:40.394+0000][46479.380s][5523][5530][info ] Leaving safepoint region
[2025-10-02T09:09:40.394+0000][46479.380s][5523][5530][info ] Total time for which application threads were stopped: 0.0001325 seconds, Stopping threads took: 0.0000233 seconds
[2025-10-02T09:09:41.394+0000][46480.380s][5523][5530][info ] Application time: 1.0001065 seconds
[2025-10-02T09:09:41.394+0000][46480.381s][5523][5530][info ] Entering safepoint region: Cleanup
[2025-10-02T09:09:41.394+0000][46480.381s][5523][5530][info ] Leaving safepoint region
[2025-10-02T09:09:41.394+0000][46480.381s][5523][5530][info ] Total time for which application threads were stopped: 0.0001322 seconds, Stopping threads took: 0.0000234 seconds
[2025-10-02T09:09:42.395+0000][46481.381s][5523][5530][info ] Application time: 1.0000981 seconds
[2025-10-02T09:09:42.395+0000][46481.381s][5523][5530][info ] Entering safepoint region: Cleanup
[2025-10-02T09:09:42.395+0000][46481.381s][5523][5530][info ] Leaving safepoint region
[2025-10-02T09:09:42.395+0000][46481.381s][5523][5530][info ] Total time for which application threads were stopped: 0.0001375 seconds, Stopping threads took: 0.0000272 seconds
[2025-10-02T09:09:43.114+0000][46482.100s][5523][5529][trace] CMS: promo attempt is safe: available(757274488) >= av_promo(11044653), max_promo(40786400)
[2025-10-02T09:09:43.395+0000][46482.381s][5523][5530][info ] Application time: 1.0001193 seconds
[2025-10-02T09:09:43.395+0000][46482.381s][5523][5530][info ] Entering safepoint region: Cleanup
[2025-10-02T09:09:43.395+0000][46482.381s][5523][5530][info ] Leaving safepoint region
[2025-10-02T09:09:43.395+0000][46482.381s][5523][5530][info ] Total time for which application threads were stopped: 0.0002431 seconds, Stopping threads took: 0.0000260 seconds
[2025-10-02T09:09:44.395+0000][46483.381s][5523][5530][info ] Application time: 1.0000954 seconds
[2025-10-02T09:09:44.395+0000][46483.382s][5523][5530][info ] Entering safepoint region: Cleanup
[2025-10-02T09:09:44.395+0000][46483.382s][5523][5530][info ] Leaving safepoint region
[2025-10-02T09:09:44.395+0000][46483.382s][5523][5530][info ] Total time for which application threads were stopped: 0.0001338 seconds, Stopping threads took: 0.0000250 seconds
[2025-10-02T09:09:45.396+0000][46484.382s][5523][5530][info ] Application time: 1.0000907 seconds
[2025-10-02T09:09:45.396+0000][46484.382s][5523][5530][info ] Entering safepoint region: Cleanup
[2025-10-02T09:09:45.396+0000][46484.382s][5523][5530][info ] Leaving safepoint region
[2025-10-02T09:09:45.396+0000][46484.382s][5523][5530][info ] Total time for which application threads were stopped: 0.0001307 seconds, Stopping threads took: 0.0000243 seconds
[2025-10-02T09:09:46.396+0000][46485.382s][5523][5530][info ] Application time: 1.0000979 seconds
[2025-10-02T09:09:46.396+0000][46485.382s][5523][5530][info ] Entering safepoint region: Cleanup
[2025-10-02T09:09:46.396+0000][46485.382s][5523][5530][info ] Leaving safepoint region
[2025-10-02T09:09:46.396+0000][46485.382s][5523][5530][info ] Total time for which application threads were stopped: 0.0001335 seconds, Stopping threads took: 0.0000246 seconds
[2025-10-02T09:09:47.396+0000][46486.382s][5523][5530][info ] Application time: 1.0000833 seconds
[2025-10-02T09:09:47.396+0000][46486.382s][5523][5530][info ] Entering safepoint region: Cleanup
[2025-10-02T09:09:47.396+0000][46486.382s][5523][5530][info ] Leaving safepoint region
[2025-10-02T09:09:47.396+0000][46486.382s][5523][5530][info ] Total time for which application threads were stopped: 0.0001331 seconds, Stopping threads took: 0.0000234 seconds
[2025-10-02T09:09:48.396+0000][46487.383s][5523][5530][info ] Application time: 1.0001055 seconds
[2025-10-02T09:09:48.396+0000][46487.383s][5523][5530][info ] Entering safepoint region: Cleanup
[2025-10-02T09:09:48.397+0000][46487.383s][5523][5530][info ] Leaving safepoint region
[2025-10-02T09:09:48.397+0000][46487.383s][5523][5530][info ] Total time for which application threads were stopped: 0.0001529 seconds, Stopping threads took: 0.0000253 seconds
[2025-10-02T09:09:49.397+0000][46488.383s][5523][5530][info ] Application time: 1.0000743 seconds
[2025-10-02T09:09:49.397+0000][46488.383s][5523][5530][info ] Entering safepoint region: Cleanup
[2025-10-02T09:09:49.397+0000][46488.383s][5523][5530][info ] Leaving safepoint region
[2025-10-02T09:09:49.397+0000][46488.383s][5523][5530][info ] Total time for which application threads were stopped: 0.0001319 seconds, Stopping threads took: 0.0000241 seconds
[2025-10-02T09:09:50.397+0000][46489.383s][5523][5530][info ] Application time: 1.0000858 seconds
[2025-10-02T09:09:50.397+0000][46489.383s][5523][5530][info ] Entering safepoint region: Cleanup
[2025-10-02T09:09:50.397+0000][46489.383s][5523][5530][info ] Leaving safepoint region
[2025-10-02T09:09:50.397+0000][46489.383s][5523][5530][info ] Total time for which application threads were stopped: 0.0001415 seconds, Stopping threads took: 0.0000239 seconds
[2025-10-02T09:09:51.397+0000][46490.383s][5523][5530][info ] Application time: 1.0000905 seconds
[2025-10-02T09:09:51.397+0000][46490.384s][5523][5530][info ] Entering safepoint region: Cleanup
[2025-10-02T09:09:51.397+0000][46490.384s][5523][5530][info ] Leaving safepoint region
[2025-10-02T09:09:51.397+0000][46490.384s][5523][5530][info ] Total time for which application threads were stopped: 0.0001310 seconds, Stopping threads took: 0.0000244 seconds
[2025-10-02T09:09:52.398+0000][46491.384s][5523][5530][info ] Application time: 1.0000917 seconds
[2025-10-02T09:09:52.398+0000][46491.384s][5523][5530][info ] Entering safepoint region: Cleanup
[2025-10-02T09:09:52.398+0000][46491.384s][5523][5530][info ] Leaving safepoint region
[2025-10-02T09:09:52.398+0000][46491.384s][5523][5530][info ] Total time for which application threads were stopped: 0.0001532 seconds, Stopping threads took: 0.0000381 seconds
[2025-10-02T09:09:53.114+0000][46492.100s][5523][5529][trace] CMS: promo attempt is safe: available(757274488) >= av_promo(11044653), max_promo(40826200)
[2025-10-02T09:09:53.398+0000][46492.384s][5523][5530][info ] Application time: 1.0000894 seconds
[2025-10-02T09:09:53.398+0000][46492.384s][5523][5530][info ] Entering safepoint region: Cleanup
[2025-10-02T09:09:53.398+0000][46492.384s][5523][5530][info ] Leaving safepoint region
[2025-10-02T09:09:53.398+0000][46492.384s][5523][5530][info ] Total time for which application threads were stopped: 0.0001364 seconds, Stopping threads took: 0.0000233 seconds
[2025-10-02T09:09:54.398+0000][46493.384s][5523][5530][info ] Application time: 1.0000943 seconds
[2025-10-02T09:09:54.398+0000][46493.384s][5523][5530][info ] Entering safepoint region: Cleanup
[2025-10-02T09:09:54.398+0000][46493.385s][5523][5530][info ] Leaving safepoint region
[2025-10-02T09:09:54.398+0000][46493.385s][5523][5530][info ] Total time for which application threads were stopped: 0.0001321 seconds, Stopping threads took: 0.0000257 seconds
[2025-10-02T09:09:55.398+0000][46494.385s][5523][5530][info ] Application time: 1.0001013 seconds
[2025-10-02T09:09:55.398+0000][46494.385s][5523][5530][info ] Entering safepoint region: Cleanup
[2025-10-02T09:09:55.399+0000][46494.385s][5523][5530][info ] Leaving safepoint region
[2025-10-02T09:09:55.399+0000][46494.385s][5523][5530][info ] Total time for which application threads were stopped: 0.0001623 seconds, Stopping threads took: 0.0000253 seconds
[2025-10-02T09:09:56.399+0000][46495.385s][5523][5530][info ] Application time: 1.0000860 seconds
[2025-10-02T09:09:56.399+0000][46495.385s][5523][5530][info ] Entering safepoint region: Cleanup
[2025-10-02T09:09:56.399+0000][46495.385s][5523][5530][info ] Leaving safepoint region
[2025-10-02T09:09:56.399+0000][46495.385s][5523][5530][info ] Total time for which application threads were stopped: 0.0001584 seconds, Stopping threads took: 0.0000432 seconds
[2025-10-02T09:09:57.399+0000][46496.385s][5523][5530][info ] Application time: 1.0001355 seconds
[2025-10-02T09:09:57.399+0000][46496.385s][5523][5530][info ] Entering safepoint region: Cleanup
[2025-10-02T09:09:57.399+0000][46496.385s][5523][5530][info ] Leaving safepoint region
[2025-10-02T09:09:57.399+0000][46496.385s][5523][5530][info ] Total time for which application threads were stopped: 0.0001304 seconds, Stopping threads took: 0.0000240 seconds
[2025-10-02T09:09:58.399+0000][46497.386s][5523][5530][info ] Application time: 1.0000778 seconds
[2025-10-02T09:09:58.399+0000][46497.386s][5523][5530][info ] Entering safepoint region: Cleanup
[2025-10-02T09:09:58.400+0000][46497.386s][5523][5530][info ] Leaving safepoint region
[2025-10-02T09:09:58.400+0000][46497.386s][5523][5530][info ] Total time for which application threads were stopped: 0.0001681 seconds, Stopping threads took: 0.0000271 seconds
[2025-10-02T09:09:59.400+0000][46498.386s][5523][5530][info ] Application time: 1.0000996 seconds
[2025-10-02T09:09:59.400+0000][46498.386s][5523][5530][info ] Entering safepoint region: Cleanup
[2025-10-02T09:09:59.400+0000][46498.386s][5523][5530][info ] Leaving safepoint region
[2025-10-02T09:09:59.400+0000][46498.386s][5523][5530][info ] Total time for which application threads were stopped: 0.0001378 seconds, Stopping threads took: 0.0000247 seconds
[2025-10-02T09:10:00.400+0000][46499.386s][5523][5530][info ] Application time: 1.0000854 seconds
[2025-10-02T09:10:00.400+0000][46499.386s][5523][5530][info ] Entering safepoint region: Cleanup
[2025-10-02T09:10:00.400+0000][46499.386s][5523][5530][info ] Leaving safepoint region
[2025-10-02T09:10:00.400+0000][46499.386s][5523][5530][info ] Total time for which application threads were stopped: 0.0001753 seconds, Stopping threads took: 0.0000335 seconds
[2025-10-02T09:10:01.401+0000][46500.387s][5523][5530][info ] Application time: 1.0010313 seconds
[2025-10-02T09:10:01.401+0000][46500.388s][5523][5530][info ] Entering safepoint region: Cleanup
[2025-10-02T09:10:01.401+0000][46500.388s][5523][5530][info ] Leaving safepoint region
[2025-10-02T09:10:01.401+0000][46500.388s][5523][5530][info ] Total time for which application threads were stopped: 0.0002283 seconds, Stopping threads took: 0.0000809 seconds
[2025-10-02T09:10:02.402+0000][46501.388s][5523][5530][info ] Application time: 1.0001290 seconds
[2025-10-02T09:10:02.402+0000][46501.388s][5523][5530][info ] Entering safepoint region: Cleanup
[2025-10-02T09:10:02.402+0000][46501.388s][5523][5530][info ] Leaving safepoint region
[2025-10-02T09:10:02.402+0000][46501.388s][5523][5530][info ] Total time for which application threads were stopped: 0.0001428 seconds, Stopping threads took: 0.0000247 seconds
[2025-10-02T09:10:03.114+0000][46502.100s][5523][5529][trace] CMS: promo attempt is safe: available(757274488) >= av_promo(11044653), max_promo(41968360)
[2025-10-02T09:10:03.402+0000][46502.388s][5523][5530][info ] Application time: 1.0000838 seconds
[2025-10-02T09:10:03.402+0000][46502.388s][5523][5530][info ] Entering safepoint region: Cleanup
[2025-10-02T09:10:03.402+0000][46502.388s][5523][5530][info ] Leaving safepoint region
[2025-10-02T09:10:03.402+0000][46502.388s][5523][5530][info ] Total time for which application threads were stopped: 0.0001388 seconds, Stopping threads took: 0.0000246 seconds
[2025-10-02T09:10:04.402+0000][46503.388s][5523][5530][info ] Application time: 1.0001014 seconds
[2025-10-02T09:10:04.402+0000][46503.388s][5523][5530][info ] Entering safepoint region: Cleanup
[2025-10-02T09:10:04.402+0000][46503.389s][5523][5530][info ] Leaving safepoint region
[2025-10-02T09:10:04.402+0000][46503.389s][5523][5530][info ] Total time for which application threads were stopped: 0.0001396 seconds, Stopping threads took: 0.0000254 seconds
[2025-10-02T09:10:05.403+0000][46504.389s][5523][5530][info ] Application time: 1.0000842 seconds
[2025-10-02T09:10:05.403+0000][46504.389s][5523][5530][info ] Entering safepoint region: Cleanup
[2025-10-02T09:10:05.403+0000][46504.389s][5523][5530][info ] Leaving safepoint region
[2025-10-02T09:10:05.403+0000][46504.389s][5523][5530][info ] Total time for which application threads were stopped: 0.0001427 seconds, Stopping threads took: 0.0000251 seconds
[2025-10-02T09:10:06.403+0000][46505.389s][5523][5530][info ] Application time: 1.0000817 seconds
[2025-10-02T09:10:06.403+0000][46505.389s][5523][5530][info ] Entering safepoint region: Cleanup
[2025-10-02T09:10:06.403+0000][46505.389s][5523][5530][info ] Leaving safepoint region
[2025-10-02T09:10:06.403+0000][46505.389s][5523][5530][info ] Total time for which application threads were stopped: 0.0001534 seconds, Stopping threads took: 0.0000249 seconds
[2025-10-02T09:10:07.403+0000][46506.389s][5523][5530][info ] Application time: 1.0001098 seconds
[2025-10-02T09:10:07.403+0000][46506.389s][5523][5530][info ] Entering safepoint region: Cleanup
[2025-10-02T09:10:07.403+0000][46506.390s][5523][5530][info ] Leaving safepoint region
[2025-10-02T09:10:07.403+0000][46506.390s][5523][5530][info ] Total time for which application threads were stopped: 0.0001372 seconds, Stopping threads took: 0.0000251 seconds
[2025-10-02T09:10:08.404+0000][46507.390s][5523][5530][info ] Application time: 1.0001297 seconds
[2025-10-02T09:10:08.404+0000][46507.390s][5523][5530][info ] Entering safepoint region: Cleanup
[2025-10-02T09:10:08.404+0000][46507.390s][5523][5530][info ] Leaving safepoint region
[2025-10-02T09:10:08.404+0000][46507.390s][5523][5530][info ] Total time for which application threads were stopped: 0.0001342 seconds, Stopping threads took: 0.0000250 seconds
[2025-10-02T09:10:09.404+0000][46508.390s][5523][5530][info ] Application time: 1.0001016 seconds
[2025-10-02T09:10:09.404+0000][46508.390s][5523][5530][info ] Entering safepoint region: Cleanup
[2025-10-02T09:10:09.404+0000][46508.390s][5523][5530][info ] Leaving safepoint region
[2025-10-02T09:10:09.404+0000][46508.390s][5523][5530][info ] Total time for which application threads were stopped: 0.0001522 seconds, Stopping threads took: 0.0000240 seconds
[2025-10-02T09:10:10.404+0000][46509.390s][5523][5530][info ] Application time: 1.0001057 seconds
[2025-10-02T09:10:10.404+0000][46509.390s][5523][5530][info ] Entering safepoint region: Cleanup
[2025-10-02T09:10:10.404+0000][46509.391s][5523][5530][info ] Leaving safepoint region
[2025-10-02T09:10:10.404+0000][46509.391s][5523][5530][info ] Total time for which application threads were stopped: 0.0001342 seconds, Stopping threads took: 0.0000245 seconds
[2025-10-02T09:10:11.404+0000][46510.391s][5523][5530][info ] Application time: 1.0001040 seconds
[2025-10-02T09:10:11.404+0000][46510.391s][5523][5530][info ] Entering safepoint region: Cleanup
[2025-10-02T09:10:11.405+0000][46510.391s][5523][5530][info ] Leaving safepoint region
[2025-10-02T09:10:11.405+0000][46510.391s][5523][5530][info ] Total time for which application threads were stopped: 0.0001565 seconds, Stopping threads took: 0.0000459 seconds
[2025-10-02T09:10:12.405+0000][46511.391s][5523][5530][info ] Application time: 1.0001214 seconds
[2025-10-02T09:10:12.405+0000][46511.391s][5523][5530][info ] Entering safepoint region: Cleanup
[2025-10-02T09:10:12.405+0000][46511.391s][5523][5530][info ] Leaving safepoint region
[2025-10-02T09:10:12.405+0000][46511.391s][5523][5530][info ] Total time for which application threads were stopped: 0.0001376 seconds, Stopping threads took: 0.0000265 seconds
[2025-10-02T09:10:13.114+0000][46512.100s][5523][5529][trace] CMS: promo attempt is safe: available(757274488) >= av_promo(11044653), max_promo(42285456)
[2025-10-02T09:10:13.405+0000][46512.391s][5523][5530][info ] Application time: 1.0000766 seconds
[2025-10-02T09:10:13.405+0000][46512.391s][5523][5530][info ] Entering safepoint region: Cleanup
[2025-10-02T09:10:13.405+0000][46512.391s][5523][5530][info ] Leaving safepoint region
[2025-10-02T09:10:13.405+0000][46512.391s][5523][5530][info ] Total time for which application threads were stopped: 0.0001655 seconds, Stopping threads took: 0.0000268 seconds
[2025-10-02T09:10:14.405+0000][46513.392s][5523][5530][info ] Application time: 1.0000838 seconds
[2025-10-02T09:10:14.405+0000][46513.392s][5523][5530][info ] Entering safepoint region: Cleanup
[2025-10-02T09:10:14.406+0000][46513.392s][5523][5530][info ] Leaving safepoint region
[2025-10-02T09:10:14.406+0000][46513.392s][5523][5530][info ] Total time for which application threads were stopped: 0.0001522 seconds, Stopping threads took: 0.0000255 seconds
[2025-10-02T09:10:15.406+0000][46514.392s][5523][5530][info ] Application time: 1.0000770 seconds
[2025-10-02T09:10:15.406+0000][46514.392s][5523][5530][info ] Entering safepoint region: Cleanup
[2025-10-02T09:10:15.406+0000][46514.392s][5523][5530][info ] Leaving safepoint region
[2025-10-02T09:10:15.406+0000][46514.392s][5523][5530][info ] Total time for which application threads were stopped: 0.0001366 seconds, Stopping threads took: 0.0000256 seconds
[2025-10-02T09:10:16.406+0000][46515.392s][5523][5530][info ] Application time: 1.0001019 seconds
[2025-10-02T09:10:16.406+0000][46515.392s][5523][5530][info ] Entering safepoint region: Cleanup
[2025-10-02T09:10:16.406+0000][46515.392s][5523][5530][info ] Leaving safepoint region
[2025-10-02T09:10:16.406+0000][46515.393s][5523][5530][info ] Total time for which application threads were stopped: 0.0003287 seconds, Stopping threads took: 0.0000253 seconds
[2025-10-02T09:10:17.406+0000][46516.393s][5523][5530][info ] Application time: 1.0001057 seconds
[2025-10-02T09:10:17.406+0000][46516.393s][5523][5530][info ] Entering safepoint region: Cleanup
[2025-10-02T09:10:17.407+0000][46516.393s][5523][5530][info ] Leaving safepoint region
[2025-10-02T09:10:17.407+0000][46516.393s][5523][5530][info ] Total time for which application threads were stopped: 0.0001601 seconds, Stopping threads took: 0.0000257 seconds
[2025-10-02T09:10:18.407+0000][46517.393s][5523][5530][info ] Application time: 1.0000848 seconds
[2025-10-02T09:10:18.407+0000][46517.393s][5523][5530][info ] Entering safepoint region: Cleanup
[2025-10-02T09:10:18.407+0000][46517.393s][5523][5530][info ] Leaving safepoint region
[2025-10-02T09:10:18.407+0000][46517.393s][5523][5530][info ] Total time for which application threads were stopped: 0.0001504 seconds, Stopping threads took: 0.0000249 seconds
[2025-10-02T09:10:19.407+0000][46518.393s][5523][5530][info ] Application time: 1.0001601 seconds
[2025-10-02T09:10:19.407+0000][46518.393s][5523][5530][info ] Entering safepoint region: Cleanup
[2025-10-02T09:10:19.407+0000][46518.393s][5523][5530][info ] Leaving safepoint region
[2025-10-02T09:10:19.407+0000][46518.393s][5523][5530][info ] Total time for which application threads were stopped: 0.0001371 seconds, Stopping threads took: 0.0000262 seconds
[2025-10-02T09:10:20.407+0000][46519.394s][5523][5530][info ] Application time: 1.0000772 seconds
[2025-10-02T09:10:20.407+0000][46519.394s][5523][5530][info ] Entering safepoint region: Cleanup
[2025-10-02T09:10:20.408+0000][46519.394s][5523][5530][info ] Leaving safepoint region
[2025-10-02T09:10:20.408+0000][46519.394s][5523][5530][info ] Total time for which application threads were stopped: 0.0001552 seconds, Stopping threads took: 0.0000238 seconds
[2025-10-02T09:10:21.408+0000][46520.394s][5523][5530][info ] Application time: 1.0000842 seconds
[2025-10-02T09:10:21.408+0000][46520.394s][5523][5530][info ] Entering safepoint region: Cleanup
[2025-10-02T09:10:21.408+0000][46520.394s][5523][5530][info ] Leaving safepoint region
[2025-10-02T09:10:21.408+0000][46520.394s][5523][5530][info ] Total time for which application threads were stopped: 0.0001371 seconds, Stopping threads took: 0.0000229 seconds
[2025-10-02T09:10:22.408+0000][46521.394s][5523][5530][info ] Application time: 1.0000850 seconds
[2025-10-02T09:10:22.408+0000][46521.394s][5523][5530][info ] Entering safepoint region: Cleanup
[2025-10-02T09:10:22.408+0000][46521.394s][5523][5530][info ] Leaving safepoint region
[2025-10-02T09:10:22.408+0000][46521.394s][5523][5530][info ] Total time for which application threads were stopped: 0.0001570 seconds, Stopping threads took: 0.0000270 seconds
[2025-10-02T09:10:23.113+0000][46522.100s][5523][5529][trace] CMS: promo attempt is safe: available(757274488) >= av_promo(11044653), max_promo(43014136)
[2025-10-02T09:10:23.408+0000][46522.394s][5523][5530][info ] Application time: 1.0000988 seconds
[2025-10-02T09:10:23.408+0000][46522.395s][5523][5530][info ] Entering safepoint region: Cleanup
[2025-10-02T09:10:23.408+0000][46522.395s][5523][5530][info ] Leaving safepoint region
[2025-10-02T09:10:23.408+0000][46522.395s][5523][5530][info ] Total time for which application threads were stopped: 0.0001365 seconds, Stopping threads took: 0.0000237 seconds
[2025-10-02T09:10:24.409+0000][46523.395s][5523][5530][info ] Application time: 1.0001127 seconds
[2025-10-02T09:10:24.409+0000][46523.395s][5523][5530][info ] Entering safepoint region: Cleanup
[2025-10-02T09:10:24.409+0000][46523.395s][5523][5530][info ] Leaving safepoint region
[2025-10-02T09:10:24.409+0000][46523.395s][5523][5530][info ] Total time for which application threads were stopped: 0.0001419 seconds, Stopping threads took: 0.0000242 seconds
[2025-10-02T09:10:25.409+0000][46524.395s][5523][5530][info ] Application time: 1.0000869 seconds
[2025-10-02T09:10:25.409+0000][46524.395s][5523][5530][info ] Entering safepoint region: Cleanup
[2025-10-02T09:10:25.409+0000][46524.395s][5523][5530][info ] Leaving safepoint region
[2025-10-02T09:10:25.409+0000][46524.395s][5523][5530][info ] Total time for which application threads were stopped: 0.0001351 seconds, Stopping threads took: 0.0000254 seconds
[2025-10-02T09:10:26.409+0000][46525.395s][5523][5530][info ] Application time: 1.0000862 seconds
[2025-10-02T09:10:26.409+0000][46525.395s][5523][5530][info ] Entering safepoint region: Cleanup
[2025-10-02T09:10:26.409+0000][46525.395s][5523][5530][info ] Leaving safepoint region
[2025-10-02T09:10:26.409+0000][46525.395s][5523][5530][info ] Total time for which application threads were stopped: 0.0001434 seconds, Stopping threads took: 0.0000258 seconds
[2025-10-02T09:10:27.409+0000][46526.396s][5523][5530][info ] Application time: 1.0001099 seconds
[2025-10-02T09:10:27.409+0000][46526.396s][5523][5530][info ] Entering safepoint region: Cleanup
[2025-10-02T09:10:27.410+0000][46526.396s][5523][5530][info ] Leaving safepoint region
[2025-10-02T09:10:27.410+0000][46526.396s][5523][5530][info ] Total time for which application threads were stopped: 0.0001548 seconds, Stopping threads took: 0.0000231 seconds
[2025-10-02T09:10:28.410+0000][46527.396s][5523][5530][info ] Application time: 1.0000968 seconds
[2025-10-02T09:10:28.410+0000][46527.396s][5523][5530][info ] Entering safepoint region: Cleanup
[2025-10-02T09:10:28.410+0000][46527.396s][5523][5530][info ] Leaving safepoint region
[2025-10-02T09:10:28.410+0000][46527.396s][5523][5530][info ] Total time for which application threads were stopped: 0.0001382 seconds, Stopping threads took: 0.0000237 seconds
[2025-10-02T09:10:29.410+0000][46528.396s][5523][5530][info ] Application time: 1.0000972 seconds
[2025-10-02T09:10:29.410+0000][46528.396s][5523][5530][info ] Entering safepoint region: Cleanup
[2025-10-02T09:10:29.410+0000][46528.396s][5523][5530][info ] Leaving safepoint region
[2025-10-02T09:10:29.410+0000][46528.396s][5523][5530][info ] Total time for which application threads were stopped: 0.0001361 seconds, Stopping threads took: 0.0000252 seconds
[2025-10-02T09:10:30.410+0000][46529.397s][5523][5530][info ] Application time: 1.0000889 seconds
[2025-10-02T09:10:30.410+0000][46529.397s][5523][5530][info ] Entering safepoint region: Cleanup
[2025-10-02T09:10:30.410+0000][46529.397s][5523][5530][info ] Leaving safepoint region
[2025-10-02T09:10:30.410+0000][46529.397s][5523][5530][info ] Total time for which application threads were stopped: 0.0001342 seconds, Stopping threads took: 0.0000241 seconds
[2025-10-02T09:10:31.411+0000][46530.397s][5523][5530][info ] Application time: 1.0000685 seconds
[2025-10-02T09:10:31.411+0000][46530.397s][5523][5530][info ] Entering safepoint region: Cleanup
[2025-10-02T09:10:31.411+0000][46530.397s][5523][5530][info ] Leaving safepoint region
[2025-10-02T09:10:31.411+0000][46530.397s][5523][5530][info ] Total time for which application threads were stopped: 0.0001438 seconds, Stopping threads took: 0.0000237 seconds
[2025-10-02T09:10:32.411+0000][46531.397s][5523][5530][info ] Application time: 1.0000994 seconds
[2025-10-02T09:10:32.411+0000][46531.397s][5523][5530][info ] Entering safepoint region: Cleanup
[2025-10-02T09:10:32.411+0000][46531.397s][5523][5530][info ] Leaving safepoint region
[2025-10-02T09:10:32.411+0000][46531.397s][5523][5530][info ] Total time for which application threads were stopped: 0.0002386 seconds, Stopping threads took: 0.0000248 seconds
[2025-10-02T09:10:33.113+0000][46532.100s][5523][5529][trace] CMS: promo attempt is safe: available(757274488) >= av_promo(11044653), max_promo(43054296)
[2025-10-02T09:10:33.411+0000][46532.397s][5523][5530][info ] Application time: 1.0001089 seconds
[2025-10-02T09:10:33.411+0000][46532.398s][5523][5530][info ] Entering safepoint region: Cleanup
[2025-10-02T09:10:33.411+0000][46532.398s][5523][5530][info ] Leaving safepoint region
[2025-10-02T09:10:33.411+0000][46532.398s][5523][5530][info ] Total time for which application threads were stopped: 0.0001332 seconds, Stopping threads took: 0.0000240 seconds
[2025-10-02T09:10:34.412+0000][46533.398s][5523][5530][info ] Application time: 1.0001029 seconds
[2025-10-02T09:10:34.412+0000][46533.398s][5523][5530][info ] Entering safepoint region: Cleanup
[2025-10-02T09:10:34.412+0000][46533.398s][5523][5530][info ] Leaving safepoint region
[2025-10-02T09:10:34.412+0000][46533.398s][5523][5530][info ] Total time for which application threads were stopped: 0.0001438 seconds, Stopping threads took: 0.0000258 seconds
[2025-10-02T09:10:35.412+0000][46534.398s][5523][5530][info ] Application time: 1.0001030 seconds
[2025-10-02T09:10:35.412+0000][46534.398s][5523][5530][info ] Entering safepoint region: Cleanup
[2025-10-02T09:10:35.412+0000][46534.398s][5523][5530][info ] Leaving safepoint region
[2025-10-02T09:10:35.412+0000][46534.398s][5523][5530][info ] Total time for which application threads were stopped: 0.0001452 seconds, Stopping threads took: 0.0000249 seconds
[2025-10-02T09:10:36.412+0000][46535.398s][5523][5530][info ] Application time: 1.0001142 seconds
[2025-10-02T09:10:36.412+0000][46535.398s][5523][5530][info ] Entering safepoint region: Cleanup
[2025-10-02T09:10:36.412+0000][46535.399s][5523][5530][info ] Leaving safepoint region
[2025-10-02T09:10:36.412+0000][46535.399s][5523][5530][info ] Total time for which application threads were stopped: 0.0001415 seconds, Stopping threads took: 0.0000259 seconds
[2025-10-02T09:10:37.412+0000][46536.399s][5523][5530][info ] Application time: 1.0000831 seconds
[2025-10-02T09:10:37.413+0000][46536.399s][5523][5530][info ] Entering safepoint region: Cleanup
[2025-10-02T09:10:37.413+0000][46536.399s][5523][5530][info ] Leaving safepoint region
[2025-10-02T09:10:37.413+0000][46536.399s][5523][5530][info ] Total time for which application threads were stopped: 0.0001651 seconds, Stopping threads took: 0.0000534 seconds
[2025-10-02T09:10:38.413+0000][46537.399s][5523][5530][info ] Application time: 1.0000893 seconds
[2025-10-02T09:10:38.413+0000][46537.399s][5523][5530][info ] Entering safepoint region: Cleanup
[2025-10-02T09:10:38.413+0000][46537.399s][5523][5530][info ] Leaving safepoint region
[2025-10-02T09:10:38.413+0000][46537.399s][5523][5530][info ] Total time for which application threads were stopped: 0.0001501 seconds, Stopping threads took: 0.0000355 seconds
[2025-10-02T09:10:39.413+0000][46538.399s][5523][5530][info ] Application time: 1.0001029 seconds
[2025-10-02T09:10:39.413+0000][46538.399s][5523][5530][info ] Entering safepoint region: Cleanup
[2025-10-02T09:10:39.413+0000][46538.399s][5523][5530][info ] Leaving safepoint region
[2025-10-02T09:10:39.413+0000][46538.399s][5523][5530][info ] Total time for which application threads were stopped: 0.0001516 seconds, Stopping threads took: 0.0000254 seconds
[2025-10-02T09:10:40.413+0000][46539.400s][5523][5530][info ] Application time: 1.0000819 seconds
[2025-10-02T09:10:40.413+0000][46539.400s][5523][5530][info ] Entering safepoint region: Cleanup
[2025-10-02T09:10:40.414+0000][46539.400s][5523][5530][info ] Leaving safepoint region
[2025-10-02T09:10:40.414+0000][46539.400s][5523][5530][info ] Total time for which application threads were stopped: 0.0001593 seconds, Stopping threads took: 0.0000275 seconds
[2025-10-02T09:10:41.414+0000][46540.400s][5523][5530][info ] Application time: 1.0001062 seconds
[2025-10-02T09:10:41.414+0000][46540.400s][5523][5530][info ] Entering safepoint region: Cleanup
[2025-10-02T09:10:41.414+0000][46540.400s][5523][5530][info ] Leaving safepoint region
[2025-10-02T09:10:41.414+0000][46540.400s][5523][5530][info ] Total time for which application threads were stopped: 0.0001348 seconds, Stopping threads took: 0.0000282 seconds
[2025-10-02T09:10:42.414+0000][46541.400s][5523][5530][info ] Application time: 1.0000899 seconds
[2025-10-02T09:10:42.414+0000][46541.400s][5523][5530][info ] Entering safepoint region: Cleanup
[2025-10-02T09:10:42.414+0000][46541.400s][5523][5530][info ] Leaving safepoint region
[2025-10-02T09:10:42.414+0000][46541.400s][5523][5530][info ] Total time for which application threads were stopped: 0.0001381 seconds, Stopping threads took: 0.0000251 seconds
[2025-10-02T09:10:43.113+0000][46542.100s][5523][5529][trace] CMS: promo attempt is safe: available(757274488) >= av_promo(11044653), max_promo(45339256)
[2025-10-02T09:10:43.414+0000][46542.400s][5523][5530][info ] Application time: 1.0000901 seconds
[2025-10-02T09:10:43.414+0000][46542.401s][5523][5530][info ] Entering safepoint region: Cleanup
[2025-10-02T09:10:43.414+0000][46542.401s][5523][5530][info ] Leaving safepoint region
[2025-10-02T09:10:43.414+0000][46542.401s][5523][5530][info ] Total time for which application threads were stopped: 0.0001320 seconds, Stopping threads took: 0.0000235 seconds
[2025-10-02T09:10:44.415+0000][46543.401s][5523][5530][info ] Application time: 1.0001103 seconds
[2025-10-02T09:10:44.415+0000][46543.401s][5523][5530][info ] Entering safepoint region: Cleanup
[2025-10-02T09:10:44.415+0000][46543.401s][5523][5530][info ] Leaving safepoint region
[2025-10-02T09:10:44.415+0000][46543.401s][5523][5530][info ] Total time for which application threads were stopped: 0.0001440 seconds, Stopping threads took: 0.0000245 seconds
[2025-10-02T09:10:45.415+0000][46544.401s][5523][5530][info ] Application time: 1.0001016 seconds
[2025-10-02T09:10:45.415+0000][46544.401s][5523][5530][info ] Entering safepoint region: Cleanup
[2025-10-02T09:10:45.415+0000][46544.401s][5523][5530][info ] Leaving safepoint region
[2025-10-02T09:10:45.415+0000][46544.401s][5523][5530][info ] Total time for which application threads were stopped: 0.0002622 seconds, Stopping threads took: 0.0000231 seconds
[2025-10-02T09:10:46.415+0000][46545.401s][5523][5530][info ] Application time: 1.0000841 seconds
[2025-10-02T09:10:46.415+0000][46545.402s][5523][5530][info ] Entering safepoint region: Cleanup
[2025-10-02T09:10:46.415+0000][46545.402s][5523][5530][info ] Leaving safepoint region
[2025-10-02T09:10:46.415+0000][46545.402s][5523][5530][info ] Total time for which application threads were stopped: 0.0001435 seconds, Stopping threads took: 0.0000285 seconds
[2025-10-02T09:10:47.416+0000][46546.402s][5523][5530][info ] Application time: 1.0001021 seconds
[2025-10-02T09:10:47.416+0000][46546.402s][5523][5530][info ] Entering safepoint region: Cleanup
[2025-10-02T09:10:47.416+0000][46546.402s][5523][5530][info ] Leaving safepoint region
[2025-10-02T09:10:47.416+0000][46546.402s][5523][5530][info ] Total time for which application threads were stopped: 0.0001408 seconds, Stopping threads took: 0.0000245 seconds
[2025-10-02T09:10:48.416+0000][46547.402s][5523][5530][info ] Application time: 1.0000895 seconds
[2025-10-02T09:10:48.416+0000][46547.402s][5523][5530][info ] Entering safepoint region: Cleanup
[2025-10-02T09:10:48.416+0000][46547.402s][5523][5530][info ] Leaving safepoint region
[2025-10-02T09:10:48.416+0000][46547.402s][5523][5530][info ] Total time for which application threads were stopped: 0.0001338 seconds, Stopping threads took: 0.0000253 seconds
[2025-10-02T09:10:49.416+0000][46548.402s][5523][5530][info ] Application time: 1.0000938 seconds
[2025-10-02T09:10:49.416+0000][46548.402s][5523][5530][info ] Entering safepoint region: Cleanup
[2025-10-02T09:10:49.416+0000][46548.403s][5523][5530][info ] Leaving safepoint region
[2025-10-02T09:10:49.416+0000][46548.403s][5523][5530][info ] Total time for which application threads were stopped: 0.0001534 seconds, Stopping threads took: 0.0000242 seconds
[2025-10-02T09:10:50.416+0000][46549.403s][5523][5530][info ] Application time: 1.0000951 seconds
[2025-10-02T09:10:50.416+0000][46549.403s][5523][5530][info ] Entering safepoint region: Cleanup
[2025-10-02T09:10:50.417+0000][46549.403s][5523][5530][info ] Leaving safepoint region
[2025-10-02T09:10:50.417+0000][46549.403s][5523][5530][info ] Total time for which application threads were stopped: 0.0001589 seconds, Stopping threads took: 0.0000247 seconds
[2025-10-02T09:10:51.417+0000][46550.403s][5523][5530][info ] Application time: 1.0001018 seconds
[2025-10-02T09:10:51.417+0000][46550.403s][5523][5530][info ] Entering safepoint region: Cleanup
[2025-10-02T09:10:51.417+0000][46550.403s][5523][5530][info ] Leaving safepoint region
[2025-10-02T09:10:51.417+0000][46550.403s][5523][5530][info ] Total time for which application threads were stopped: 0.0001455 seconds, Stopping threads took: 0.0000275 seconds
[2025-10-02T09:10:52.417+0000][46551.403s][5523][5530][info ] Application time: 1.0001011 seconds
[2025-10-02T09:10:52.417+0000][46551.403s][5523][5530][info ] Entering safepoint region: Cleanup
[2025-10-02T09:10:52.417+0000][46551.403s][5523][5530][info ] Leaving safepoint region
[2025-10-02T09:10:52.417+0000][46551.403s][5523][5530][info ] Total time for which application threads were stopped: 0.0001346 seconds, Stopping threads took: 0.0000251 seconds
[2025-10-02T09:10:53.113+0000][46552.100s][5523][5529][trace] CMS: promo attempt is safe: available(757274488) >= av_promo(11044653), max_promo(45339256)
[2025-10-02T09:10:53.417+0000][46552.404s][5523][5530][info ] Application time: 1.0001027 seconds
[2025-10-02T09:10:53.417+0000][46552.404s][5523][5530][info ] Entering safepoint region: Cleanup
[2025-10-02T09:10:53.418+0000][46552.404s][5523][5530][info ] Leaving safepoint region
[2025-10-02T09:10:53.418+0000][46552.404s][5523][5530][info ] Total time for which application threads were stopped: 0.0001688 seconds, Stopping threads took: 0.0000334 seconds
[2025-10-02T09:10:54.418+0000][46553.404s][5523][5530][info ] Application time: 1.0001064 seconds
[2025-10-02T09:10:54.418+0000][46553.404s][5523][5530][info ] Entering safepoint region: Cleanup
[2025-10-02T09:10:54.418+0000][46553.404s][5523][5530][info ] Leaving safepoint region
[2025-10-02T09:10:54.418+0000][46553.404s][5523][5530][info ] Total time for which application threads were stopped: 0.0001362 seconds, Stopping threads took: 0.0000245 seconds
[2025-10-02T09:10:55.418+0000][46554.404s][5523][5530][info ] Application time: 1.0000999 seconds
[2025-10-02T09:10:55.418+0000][46554.404s][5523][5530][info ] Entering safepoint region: Cleanup
[2025-10-02T09:10:55.418+0000][46554.404s][5523][5530][info ] Leaving safepoint region
[2025-10-02T09:10:55.418+0000][46554.404s][5523][5530][info ] Total time for which application threads were stopped: 0.0001469 seconds, Stopping threads took: 0.0000263 seconds
[2025-10-02T09:10:56.418+0000][46555.404s][5523][5530][info ] Application time: 1.0001041 seconds
[2025-10-02T09:10:56.418+0000][46555.405s][5523][5530][info ] Entering safepoint region: Cleanup
[2025-10-02T09:10:56.418+0000][46555.405s][5523][5530][info ] Leaving safepoint region
[2025-10-02T09:10:56.418+0000][46555.405s][5523][5530][info ] Total time for which application threads were stopped: 0.0001380 seconds, Stopping threads took: 0.0000248 seconds
[2025-10-02T09:10:57.419+0000][46556.405s][5523][5530][info ] Application time: 1.0001065 seconds
[2025-10-02T09:10:57.419+0000][46556.405s][5523][5530][info ] Entering safepoint region: Cleanup
[2025-10-02T09:10:57.419+0000][46556.405s][5523][5530][info ] Leaving safepoint region
[2025-10-02T09:10:57.419+0000][46556.405s][5523][5530][info ] Total time for which application threads were stopped: 0.0001434 seconds, Stopping threads took: 0.0000262 seconds
[2025-10-02T09:10:58.419+0000][46557.405s][5523][5530][info ] Application time: 1.0001042 seconds
[2025-10-02T09:10:58.419+0000][46557.405s][5523][5530][info ] Entering safepoint region: Cleanup
[2025-10-02T09:10:58.419+0000][46557.405s][5523][5530][info ] Leaving safepoint region
[2025-10-02T09:10:58.419+0000][46557.405s][5523][5530][info ] Total time for which application threads were stopped: 0.0002170 seconds, Stopping threads took: 0.0000243 seconds
[2025-10-02T09:10:59.419+0000][46558.405s][5523][5530][info ] Application time: 1.0000972 seconds
[2025-10-02T09:10:59.419+0000][46558.406s][5523][5530][info ] Entering safepoint region: Cleanup
[2025-10-02T09:10:59.419+0000][46558.406s][5523][5530][info ] Leaving safepoint region
[2025-10-02T09:10:59.419+0000][46558.406s][5523][5530][info ] Total time for which application threads were stopped: 0.0001477 seconds, Stopping threads took: 0.0000358 seconds
[2025-10-02T09:11:00.420+0000][46559.406s][5523][5530][info ] Application time: 1.0000977 seconds
[2025-10-02T09:11:00.420+0000][46559.406s][5523][5530][info ] Entering safepoint region: Cleanup
[2025-10-02T09:11:00.420+0000][46559.406s][5523][5530][info ] Leaving safepoint region
[2025-10-02T09:11:00.420+0000][46559.406s][5523][5530][info ] Total time for which application threads were stopped: 0.0001502 seconds, Stopping threads took: 0.0000237 seconds
[2025-10-02T09:11:01.420+0000][46560.406s][5523][5530][info ] Application time: 1.0000933 seconds
[2025-10-02T09:11:01.420+0000][46560.406s][5523][5530][info ] Entering safepoint region: Cleanup
[2025-10-02T09:11:01.420+0000][46560.406s][5523][5530][info ] Leaving safepoint region
[2025-10-02T09:11:01.420+0000][46560.406s][5523][5530][info ] Total time for which application threads were stopped: 0.0001408 seconds, Stopping threads took: 0.0000297 seconds
[2025-10-02T09:11:02.420+0000][46561.406s][5523][5530][info ] Application time: 1.0001034 seconds
[2025-10-02T09:11:02.420+0000][46561.406s][5523][5530][info ] Entering safepoint region: Cleanup
[2025-10-02T09:11:02.420+0000][46561.407s][5523][5530][info ] Leaving safepoint region
[2025-10-02T09:11:02.420+0000][46561.407s][5523][5530][info ] Total time for which application threads were stopped: 0.0001385 seconds, Stopping threads took: 0.0000263 seconds
[2025-10-02T09:11:03.114+0000][46562.100s][5523][5529][trace] CMS: promo attempt is safe: available(757274488) >= av_promo(11044653), max_promo(46087256)
[2025-10-02T09:11:03.420+0000][46562.407s][5523][5530][info ] Application time: 1.0000975 seconds
[2025-10-02T09:11:03.421+0000][46562.407s][5523][5530][info ] Entering safepoint region: Cleanup
[2025-10-02T09:11:03.421+0000][46562.407s][5523][5530][info ] Leaving safepoint region
[2025-10-02T09:11:03.421+0000][46562.407s][5523][5530][info ] Total time for which application threads were stopped: 0.0001609 seconds, Stopping threads took: 0.0000289 seconds
[2025-10-02T09:11:04.421+0000][46563.407s][5523][5530][info ] Application time: 1.0001231 seconds
[2025-10-02T09:11:04.421+0000][46563.407s][5523][5530][info ] Entering safepoint region: Cleanup
[2025-10-02T09:11:04.421+0000][46563.407s][5523][5530][info ] Leaving safepoint region
[2025-10-02T09:11:04.421+0000][46563.407s][5523][5530][info ] Total time for which application threads were stopped: 0.0001487 seconds, Stopping threads took: 0.0000350 seconds
[2025-10-02T09:11:05.421+0000][46564.407s][5523][5530][info ] Application time: 1.0000912 seconds
[2025-10-02T09:11:05.421+0000][46564.407s][5523][5530][info ] Entering safepoint region: Cleanup
[2025-10-02T09:11:05.421+0000][46564.408s][5523][5530][info ] Leaving safepoint region
[2025-10-02T09:11:05.421+0000][46564.408s][5523][5530][info ] Total time for which application threads were stopped: 0.0001501 seconds, Stopping threads took: 0.0000404 seconds
[2025-10-02T09:11:06.421+0000][46565.408s][5523][5530][info ] Application time: 1.0000908 seconds
[2025-10-02T09:11:06.421+0000][46565.408s][5523][5530][info ] Entering safepoint region: Cleanup
[2025-10-02T09:11:06.422+0000][46565.408s][5523][5530][info ] Leaving safepoint region
[2025-10-02T09:11:06.422+0000][46565.408s][5523][5530][info ] Total time for which application threads were stopped: 0.0001461 seconds, Stopping threads took: 0.0000375 seconds
[2025-10-02T09:11:07.422+0000][46566.408s][5523][5530][info ] Application time: 1.0001089 seconds
[2025-10-02T09:11:07.422+0000][46566.408s][5523][5530][info ] Entering safepoint region: Cleanup
[2025-10-02T09:11:07.422+0000][46566.408s][5523][5530][info ] Leaving safepoint region
[2025-10-02T09:11:07.422+0000][46566.408s][5523][5530][info ] Total time for which application threads were stopped: 0.0001414 seconds, Stopping threads took: 0.0000260 seconds
[2025-10-02T09:11:08.422+0000][46567.408s][5523][5530][info ] Application time: 1.0000923 seconds
[2025-10-02T09:11:08.422+0000][46567.408s][5523][5530][info ] Entering safepoint region: Cleanup
[2025-10-02T09:11:08.422+0000][46567.408s][5523][5530][info ] Leaving safepoint region
[2025-10-02T09:11:08.422+0000][46567.408s][5523][5530][info ] Total time for which application threads were stopped: 0.0001411 seconds, Stopping threads took: 0.0000281 seconds
[2025-10-02T09:11:09.422+0000][46568.409s][5523][5530][info ] Application time: 1.0000889 seconds
[2025-10-02T09:11:09.422+0000][46568.409s][5523][5530][info ] Entering safepoint region: Cleanup
[2025-10-02T09:11:09.423+0000][46568.409s][5523][5530][info ] Leaving safepoint region
[2025-10-02T09:11:09.423+0000][46568.409s][5523][5530][info ] Total time for which application threads were stopped: 0.0001578 seconds, Stopping threads took: 0.0000243 seconds
[2025-10-02T09:11:10.423+0000][46569.409s][5523][5530][info ] Application time: 1.0001670 seconds
[2025-10-02T09:11:10.423+0000][46569.409s][5523][5530][info ] Entering safepoint region: Cleanup
[2025-10-02T09:11:10.423+0000][46569.409s][5523][5530][info ] Leaving safepoint region
[2025-10-02T09:11:10.423+0000][46569.409s][5523][5530][info ] Total time for which application threads were stopped: 0.0001395 seconds, Stopping threads took: 0.0000261 seconds
[2025-10-02T09:11:11.423+0000][46570.409s][5523][5530][info ] Application time: 1.0002038 seconds
[2025-10-02T09:11:11.423+0000][46570.409s][5523][5530][info ] Entering safepoint region: Cleanup
[2025-10-02T09:11:11.423+0000][46570.410s][5523][5530][info ] Leaving safepoint region
[2025-10-02T09:11:11.423+0000][46570.410s][5523][5530][info ] Total time for which application threads were stopped: 0.0001341 seconds, Stopping threads took: 0.0000246 seconds
[2025-10-02T09:11:12.423+0000][46571.410s][5523][5530][info ] Application time: 1.0000996 seconds
[2025-10-02T09:11:12.423+0000][46571.410s][5523][5530][info ] Entering safepoint region: Cleanup
[2025-10-02T09:11:12.424+0000][46571.410s][5523][5530][info ] Leaving safepoint region
[2025-10-02T09:11:12.424+0000][46571.410s][5523][5530][info ] Total time for which application threads were stopped: 0.0001618 seconds, Stopping threads took: 0.0000250 seconds
[2025-10-02T09:11:13.113+0000][46572.099s][5523][5529][trace] CMS: promo attempt is safe: available(757274488) >= av_promo(11044653), max_promo(46415232)
[2025-10-02T09:11:13.424+0000][46572.410s][5523][5530][info ] Application time: 1.0001210 seconds
[2025-10-02T09:11:13.424+0000][46572.410s][5523][5530][info ] Entering safepoint region: Cleanup
[2025-10-02T09:11:13.424+0000][46572.410s][5523][5530][info ] Leaving safepoint region
[2025-10-02T09:11:13.424+0000][46572.410s][5523][5530][info ] Total time for which application threads were stopped: 0.0001343 seconds, Stopping threads took: 0.0000251 seconds
[2025-10-02T09:11:14.424+0000][46573.410s][5523][5530][info ] Application time: 1.0000982 seconds
[2025-10-02T09:11:14.424+0000][46573.410s][5523][5530][info ] Entering safepoint region: Cleanup
[2025-10-02T09:11:14.424+0000][46573.410s][5523][5530][info ] Leaving safepoint region
[2025-10-02T09:11:14.424+0000][46573.410s][5523][5530][info ] Total time for which application threads were stopped: 0.0001337 seconds, Stopping threads took: 0.0000241 seconds
[2025-10-02T09:11:15.424+0000][46574.411s][5523][5530][info ] Application time: 1.0001009 seconds
[2025-10-02T09:11:15.424+0000][46574.411s][5523][5530][info ] Entering safepoint region: Cleanup
[2025-10-02T09:11:15.425+0000][46574.411s][5523][5530][info ] Leaving safepoint region
[2025-10-02T09:11:15.425+0000][46574.411s][5523][5530][info ] Total time for which application threads were stopped: 0.0001598 seconds, Stopping threads took: 0.0000256 seconds
[2025-10-02T09:11:16.425+0000][46575.411s][5523][5530][info ] Application time: 1.0000977 seconds
[2025-10-02T09:11:16.425+0000][46575.411s][5523][5530][info ] Entering safepoint region: Cleanup
[2025-10-02T09:11:16.425+0000][46575.411s][5523][5530][info ] Leaving safepoint region
[2025-10-02T09:11:16.425+0000][46575.411s][5523][5530][info ] Total time for which application threads were stopped: 0.0001322 seconds, Stopping threads took: 0.0000241 seconds
[2025-10-02T09:11:17.425+0000][46576.411s][5523][5530][info ] Application time: 1.0001128 seconds
[2025-10-02T09:11:17.425+0000][46576.411s][5523][5530][info ] Entering safepoint region: Cleanup
[2025-10-02T09:11:17.425+0000][46576.411s][5523][5530][info ] Leaving safepoint region
[2025-10-02T09:11:17.425+0000][46576.411s][5523][5530][info ] Total time for which application threads were stopped: 0.0001371 seconds, Stopping threads took: 0.0000247 seconds
[2025-10-02T09:11:18.425+0000][46577.411s][5523][5530][info ] Application time: 1.0000994 seconds
[2025-10-02T09:11:18.425+0000][46577.412s][5523][5530][info ] Entering safepoint region: Cleanup
[2025-10-02T09:11:18.425+0000][46577.412s][5523][5530][info ] Leaving safepoint region
[2025-10-02T09:11:18.425+0000][46577.412s][5523][5530][info ] Total time for which application threads were stopped: 0.0001417 seconds, Stopping threads took: 0.0000248 seconds
[2025-10-02T09:11:19.426+0000][46578.412s][5523][5530][info ] Application time: 1.0001191 seconds
[2025-10-02T09:11:19.426+0000][46578.412s][5523][5530][info ] Entering safepoint region: Cleanup
[2025-10-02T09:11:19.426+0000][46578.412s][5523][5530][info ] Leaving safepoint region
[2025-10-02T09:11:19.426+0000][46578.412s][5523][5530][info ] Total time for which application threads were stopped: 0.0001477 seconds, Stopping threads took: 0.0000343 seconds
[2025-10-02T09:11:20.426+0000][46579.412s][5523][5530][info ] Application time: 1.0001072 seconds
[2025-10-02T09:11:20.426+0000][46579.412s][5523][5530][info ] Entering safepoint region: Cleanup
[2025-10-02T09:11:20.426+0000][46579.412s][5523][5530][info ] Leaving safepoint region
[2025-10-02T09:11:20.426+0000][46579.412s][5523][5530][info ] Total time for which application threads were stopped: 0.0001353 seconds, Stopping threads took: 0.0000246 seconds
[2025-10-02T09:11:21.426+0000][46580.412s][5523][5530][info ] Application time: 1.0001080 seconds
[2025-10-02T09:11:21.426+0000][46580.412s][5523][5530][info ] Entering safepoint region: Cleanup
[2025-10-02T09:11:21.426+0000][46580.413s][5523][5530][info ] Leaving safepoint region
[2025-10-02T09:11:21.426+0000][46580.413s][5523][5530][info ] Total time for which application threads were stopped: 0.0001373 seconds, Stopping threads took: 0.0000259 seconds
[2025-10-02T09:11:22.426+0000][46581.413s][5523][5530][info ] Application time: 1.0001147 seconds
[2025-10-02T09:11:22.427+0000][46581.413s][5523][5530][info ] Entering safepoint region: Cleanup
[2025-10-02T09:11:22.427+0000][46581.413s][5523][5530][info ] Leaving safepoint region
[2025-10-02T09:11:22.427+0000][46581.413s][5523][5530][info ] Total time for which application threads were stopped: 0.0001405 seconds, Stopping threads took: 0.0000266 seconds
[2025-10-02T09:11:23.113+0000][46582.099s][5523][5529][trace] CMS: promo attempt is safe: available(757274488) >= av_promo(11044653), max_promo(47705608)
[2025-10-02T09:11:23.427+0000][46582.413s][5523][5530][info ] Application time: 1.0001060 seconds
[2025-10-02T09:11:23.427+0000][46582.413s][5523][5530][info ] Entering safepoint region: Cleanup
[2025-10-02T09:11:23.427+0000][46582.413s][5523][5530][info ] Leaving safepoint region
[2025-10-02T09:11:23.427+0000][46582.413s][5523][5530][info ] Total time for which application threads were stopped: 0.0002646 seconds, Stopping threads took: 0.0000280 seconds
[2025-10-02T09:11:24.427+0000][46583.413s][5523][5530][info ] Application time: 1.0001177 seconds
[2025-10-02T09:11:24.427+0000][46583.414s][5523][5530][info ] Entering safepoint region: Cleanup
[2025-10-02T09:11:24.427+0000][46583.414s][5523][5530][info ] Leaving safepoint region
[2025-10-02T09:11:24.427+0000][46583.414s][5523][5530][info ] Total time for which application threads were stopped: 0.0001458 seconds, Stopping threads took: 0.0000248 seconds
[2025-10-02T09:11:25.428+0000][46584.414s][5523][5530][info ] Application time: 1.0001085 seconds
[2025-10-02T09:11:25.428+0000][46584.414s][5523][5530][info ] Entering safepoint region: Cleanup
[2025-10-02T09:11:25.428+0000][46584.414s][5523][5530][info ] Leaving safepoint region
[2025-10-02T09:11:25.428+0000][46584.414s][5523][5530][info ] Total time for which application threads were stopped: 0.0001408 seconds, Stopping threads took: 0.0000253 seconds
[2025-10-02T09:11:26.428+0000][46585.414s][5523][5530][info ] Application time: 1.0000936 seconds
[2025-10-02T09:11:26.428+0000][46585.414s][5523][5530][info ] Entering safepoint region: Cleanup
[2025-10-02T09:11:26.428+0000][46585.414s][5523][5530][info ] Leaving safepoint region
[2025-10-02T09:11:26.428+0000][46585.414s][5523][5530][info ] Total time for which application threads were stopped: 0.0001316 seconds, Stopping threads took: 0.0000244 seconds
[2025-10-02T09:11:27.428+0000][46586.414s][5523][5530][info ] Application time: 1.0000899 seconds
[2025-10-02T09:11:27.428+0000][46586.414s][5523][5530][info ] Entering safepoint region: Cleanup
[2025-10-02T09:11:27.428+0000][46586.415s][5523][5530][info ] Leaving safepoint region
[2025-10-02T09:11:27.428+0000][46586.415s][5523][5530][info ] Total time for which application threads were stopped: 0.0001354 seconds, Stopping threads took: 0.0000232 seconds
[2025-10-02T09:11:28.428+0000][46587.415s][5523][5530][info ] Application time: 1.0001114 seconds
[2025-10-02T09:11:28.428+0000][46587.415s][5523][5530][info ] Entering safepoint region: Cleanup
[2025-10-02T09:11:28.429+0000][46587.415s][5523][5530][info ] Leaving safepoint region
[2025-10-02T09:11:28.430+0000][46587.416s][5523][5530][info ] Total time for which application threads were stopped: 0.0010567 seconds, Stopping threads took: 0.0000267 seconds
[2025-10-02T09:11:29.430+0000][46588.416s][5523][5530][info ] Application time: 1.0001581 seconds
[2025-10-02T09:11:29.430+0000][46588.416s][5523][5530][info ] Entering safepoint region: Cleanup
[2025-10-02T09:11:29.430+0000][46588.416s][5523][5530][info ] Leaving safepoint region
[2025-10-02T09:11:29.430+0000][46588.416s][5523][5530][info ] Total time for which application threads were stopped: 0.0001437 seconds, Stopping threads took: 0.0000305 seconds
[2025-10-02T09:11:30.430+0000][46589.416s][5523][5530][info ] Application time: 1.0000874 seconds
[2025-10-02T09:11:30.430+0000][46589.416s][5523][5530][info ] Entering safepoint region: Cleanup
[2025-10-02T09:11:30.430+0000][46589.417s][5523][5530][info ] Leaving safepoint region
[2025-10-02T09:11:30.430+0000][46589.417s][5523][5530][info ] Total time for which application threads were stopped: 0.0001474 seconds, Stopping threads took: 0.0000334 seconds
[2025-10-02T09:11:31.430+0000][46590.417s][5523][5530][info ] Application time: 1.0000817 seconds
[2025-10-02T09:11:31.430+0000][46590.417s][5523][5530][info ] Entering safepoint region: Cleanup
[2025-10-02T09:11:31.431+0000][46590.417s][5523][5530][info ] Leaving safepoint region
[2025-10-02T09:11:31.431+0000][46590.417s][5523][5530][info ] Total time for which application threads were stopped: 0.0001807 seconds, Stopping threads took: 0.0000264 seconds
[2025-10-02T09:11:32.431+0000][46591.417s][5523][5530][info ] Application time: 1.0000807 seconds
[2025-10-02T09:11:32.431+0000][46591.417s][5523][5530][info ] Entering safepoint region: Cleanup
[2025-10-02T09:11:32.431+0000][46591.417s][5523][5530][info ] Leaving safepoint region
[2025-10-02T09:11:32.431+0000][46591.417s][5523][5530][info ] Total time for which application threads were stopped: 0.0001363 seconds, Stopping threads took: 0.0000249 seconds
[2025-10-02T09:11:33.112+0000][46592.098s][5523][5529][trace] CMS: promo attempt is safe: available(757274488) >= av_promo(11044653), max_promo(47705608)
[2025-10-02T09:11:33.431+0000][46592.417s][5523][5530][info ] Application time: 1.0000883 seconds
[2025-10-02T09:11:33.431+0000][46592.417s][5523][5530][info ] Entering safepoint region: Cleanup
[2025-10-02T09:11:33.431+0000][46592.418s][5523][5530][info ] Leaving safepoint region
[2025-10-02T09:11:33.431+0000][46592.418s][5523][5530][info ] Total time for which application threads were stopped: 0.0001498 seconds, Stopping threads took: 0.0000288 seconds
[2025-10-02T09:11:34.431+0000][46593.418s][5523][5530][info ] Application time: 1.0000923 seconds
[2025-10-02T09:11:34.431+0000][46593.418s][5523][5530][info ] Entering safepoint region: Cleanup
[2025-10-02T09:11:34.432+0000][46593.418s][5523][5530][info ] Leaving safepoint region
[2025-10-02T09:11:34.432+0000][46593.418s][5523][5530][info ] Total time for which application threads were stopped: 0.0001594 seconds, Stopping threads took: 0.0000249 seconds
[2025-10-02T09:11:35.432+0000][46594.418s][5523][5530][info ] Application time: 1.0001098 seconds
[2025-10-02T09:11:35.432+0000][46594.418s][5523][5530][info ] Entering safepoint region: Cleanup
[2025-10-02T09:11:35.432+0000][46594.418s][5523][5530][info ] Leaving safepoint region
[2025-10-02T09:11:35.432+0000][46594.418s][5523][5530][info ] Total time for which application threads were stopped: 0.0001410 seconds, Stopping threads took: 0.0000250 seconds
[2025-10-02T09:11:36.432+0000][46595.418s][5523][5530][info ] Application time: 1.0001044 seconds
[2025-10-02T09:11:36.432+0000][46595.418s][5523][5530][info ] Entering safepoint region: Cleanup
[2025-10-02T09:11:36.432+0000][46595.418s][5523][5530][info ] Leaving safepoint region
[2025-10-02T09:11:36.432+0000][46595.418s][5523][5530][info ] Total time for which application threads were stopped: 0.0001420 seconds, Stopping threads took: 0.0000316 seconds
[2025-10-02T09:11:37.432+0000][46596.419s][5523][5530][info ] Application time: 1.0001096 seconds
[2025-10-02T09:11:37.432+0000][46596.419s][5523][5530][info ] Entering safepoint region: Cleanup
[2025-10-02T09:11:37.433+0000][46596.419s][5523][5530][info ] Leaving safepoint region
[2025-10-02T09:11:37.433+0000][46596.419s][5523][5530][info ] Total time for which application threads were stopped: 0.0001678 seconds, Stopping threads took: 0.0000260 seconds
[2025-10-02T09:11:38.433+0000][46597.419s][5523][5530][info ] Application time: 1.0001158 seconds
[2025-10-02T09:11:38.433+0000][46597.419s][5523][5530][info ] Entering safepoint region: Cleanup
[2025-10-02T09:11:38.434+0000][46597.420s][5523][5530][info ] Leaving safepoint region
[2025-10-02T09:11:38.434+0000][46597.420s][5523][5530][info ] Total time for which application threads were stopped: 0.0012845 seconds, Stopping threads took: 0.0011329 seconds
[2025-10-02T09:11:39.434+0000][46598.420s][5523][5530][info ] Application time: 1.0001063 seconds
[2025-10-02T09:11:39.434+0000][46598.420s][5523][5530][info ] Entering safepoint region: Cleanup
[2025-10-02T09:11:39.434+0000][46598.421s][5523][5530][info ] Leaving safepoint region
[2025-10-02T09:11:39.434+0000][46598.421s][5523][5530][info ] Total time for which application threads were stopped: 0.0001396 seconds, Stopping threads took: 0.0000257 seconds
[2025-10-02T09:11:40.434+0000][46599.421s][5523][5530][info ] Application time: 1.0001095 seconds
[2025-10-02T09:11:40.435+0000][46599.421s][5523][5530][info ] Entering safepoint region: Cleanup
[2025-10-02T09:11:40.435+0000][46599.421s][5523][5530][info ] Leaving safepoint region
[2025-10-02T09:11:40.435+0000][46599.421s][5523][5530][info ] Total time for which application threads were stopped: 0.0001520 seconds, Stopping threads took: 0.0000263 seconds
[2025-10-02T09:11:41.435+0000][46600.421s][5523][5530][info ] Application time: 1.0001116 seconds
[2025-10-02T09:11:41.435+0000][46600.421s][5523][5530][info ] Entering safepoint region: Cleanup
[2025-10-02T09:11:41.435+0000][46600.421s][5523][5530][info ] Leaving safepoint region
[2025-10-02T09:11:41.435+0000][46600.421s][5523][5530][info ] Total time for which application threads were stopped: 0.0001361 seconds, Stopping threads took: 0.0000244 seconds
[2025-10-02T09:11:42.435+0000][46601.421s][5523][5530][info ] Application time: 1.0001726 seconds
[2025-10-02T09:11:42.435+0000][46601.421s][5523][5530][info ] Entering safepoint region: Cleanup
[2025-10-02T09:11:42.435+0000][46601.422s][5523][5530][info ] Leaving safepoint region
[2025-10-02T09:11:42.435+0000][46601.422s][5523][5530][info ] Total time for which application threads were stopped: 0.0001380 seconds, Stopping threads took: 0.0000261 seconds
[2025-10-02T09:11:43.111+0000][46602.098s][5523][5529][trace] CMS: promo attempt is safe: available(757274488) >= av_promo(11044653), max_promo(47749120)
[2025-10-02T09:11:43.435+0000][46602.422s][5523][5530][info ] Application time: 1.0001007 seconds
[2025-10-02T09:11:43.436+0000][46602.422s][5523][5530][info ] Entering safepoint region: Cleanup
[2025-10-02T09:11:43.436+0000][46602.422s][5523][5530][info ] Leaving safepoint region
[2025-10-02T09:11:43.436+0000][46602.422s][5523][5530][info ] Total time for which application threads were stopped: 0.0001569 seconds, Stopping threads took: 0.0000447 seconds
[2025-10-02T09:11:44.436+0000][46603.422s][5523][5530][info ] Application time: 1.0001093 seconds
[2025-10-02T09:11:44.436+0000][46603.422s][5523][5530][info ] Entering safepoint region: Cleanup
[2025-10-02T09:11:44.436+0000][46603.422s][5523][5530][info ] Leaving safepoint region
[2025-10-02T09:11:44.436+0000][46603.422s][5523][5530][info ] Total time for which application threads were stopped: 0.0001377 seconds, Stopping threads took: 0.0000249 seconds
[2025-10-02T09:11:45.436+0000][46604.422s][5523][5530][info ] Application time: 1.0002698 seconds
[2025-10-02T09:11:45.436+0000][46604.423s][5523][5530][info ] Entering safepoint region: Cleanup
[2025-10-02T09:11:45.436+0000][46604.423s][5523][5530][info ] Leaving safepoint region
[2025-10-02T09:11:45.436+0000][46604.423s][5523][5530][info ] Total time for which application threads were stopped: 0.0001380 seconds, Stopping threads took: 0.0000266 seconds
[2025-10-02T09:11:46.437+0000][46605.423s][5523][5530][info ] Application time: 1.0001204 seconds
[2025-10-02T09:11:46.437+0000][46605.423s][5523][5530][info ] Entering safepoint region: Cleanup
[2025-10-02T09:11:46.437+0000][46605.423s][5523][5530][info ] Leaving safepoint region
[2025-10-02T09:11:46.437+0000][46605.423s][5523][5530][info ] Total time for which application threads were stopped: 0.0001386 seconds, Stopping threads took: 0.0000254 seconds
[2025-10-02T09:11:47.437+0000][46606.423s][5523][5530][info ] Application time: 1.0001021 seconds
[2025-10-02T09:11:47.437+0000][46606.423s][5523][5530][info ] Entering safepoint region: Cleanup
[2025-10-02T09:11:47.437+0000][46606.423s][5523][5530][info ] Leaving safepoint region
[2025-10-02T09:11:47.437+0000][46606.423s][5523][5530][info ] Total time for which application threads were stopped: 0.0001494 seconds, Stopping threads took: 0.0000327 seconds
[2025-10-02T09:11:48.437+0000][46607.423s][5523][5530][info ] Application time: 1.0000846 seconds
[2025-10-02T09:11:48.437+0000][46607.423s][5523][5530][info ] Entering safepoint region: Cleanup
[2025-10-02T09:11:48.437+0000][46607.424s][5523][5530][info ] Leaving safepoint region
[2025-10-02T09:11:48.437+0000][46607.424s][5523][5530][info ] Total time for which application threads were stopped: 0.0001362 seconds, Stopping threads took: 0.0000262 seconds
[2025-10-02T09:11:49.437+0000][46608.424s][5523][5530][info ] Application time: 1.0000962 seconds
[2025-10-02T09:11:49.438+0000][46608.424s][5523][5530][info ] Entering safepoint region: Cleanup
[2025-10-02T09:11:49.438+0000][46608.424s][5523][5530][info ] Leaving safepoint region
[2025-10-02T09:11:49.438+0000][46608.424s][5523][5530][info ] Total time for which application threads were stopped: 0.0001607 seconds, Stopping threads took: 0.0000469 seconds
[2025-10-02T09:11:50.438+0000][46609.424s][5523][5530][info ] Application time: 1.0000984 seconds
[2025-10-02T09:11:50.438+0000][46609.424s][5523][5530][info ] Entering safepoint region: Cleanup
[2025-10-02T09:11:50.438+0000][46609.424s][5523][5530][info ] Leaving safepoint region
[2025-10-02T09:11:50.438+0000][46609.424s][5523][5530][info ] Total time for which application threads were stopped: 0.0001361 seconds, Stopping threads took: 0.0000260 seconds
[2025-10-02T09:11:51.438+0000][46610.424s][5523][5530][info ] Application time: 1.0001025 seconds
[2025-10-02T09:11:51.438+0000][46610.424s][5523][5530][info ] Entering safepoint region: Cleanup
[2025-10-02T09:11:51.438+0000][46610.424s][5523][5530][info ] Leaving safepoint region
[2025-10-02T09:11:51.438+0000][46610.424s][5523][5530][info ] Total time for which application threads were stopped: 0.0001352 seconds, Stopping threads took: 0.0000233 seconds
[2025-10-02T09:11:52.438+0000][46611.425s][5523][5530][info ] Application time: 1.0000976 seconds
[2025-10-02T09:11:52.438+0000][46611.425s][5523][5530][info ] Entering safepoint region: Cleanup
[2025-10-02T09:11:52.439+0000][46611.425s][5523][5530][info ] Leaving safepoint region
[2025-10-02T09:11:52.439+0000][46611.425s][5523][5530][info ] Total time for which application threads were stopped: 0.0001554 seconds, Stopping threads took: 0.0000235 seconds
[2025-10-02T09:11:53.111+0000][46612.097s][5523][5529][trace] CMS: promo attempt is safe: available(757274488) >= av_promo(11044653), max_promo(48436856)
[2025-10-02T09:11:53.439+0000][46612.425s][5523][5530][info ] Application time: 1.0000845 seconds
[2025-10-02T09:11:53.439+0000][46612.425s][5523][5530][info ] Entering safepoint region: Cleanup
[2025-10-02T09:11:53.439+0000][46612.425s][5523][5530][info ] Leaving safepoint region
[2025-10-02T09:11:53.439+0000][46612.425s][5523][5530][info ] Total time for which application threads were stopped: 0.0001378 seconds, Stopping threads took: 0.0000249 seconds
[2025-10-02T09:11:54.439+0000][46613.425s][5523][5530][info ] Application time: 1.0000835 seconds
[2025-10-02T09:11:54.439+0000][46613.425s][5523][5530][info ] Entering safepoint region: Cleanup
[2025-10-02T09:11:54.439+0000][46613.425s][5523][5530][info ] Leaving safepoint region
[2025-10-02T09:11:54.439+0000][46613.425s][5523][5530][info ] Total time for which application threads were stopped: 0.0001782 seconds, Stopping threads took: 0.0000244 seconds
[2025-10-02T09:11:55.439+0000][46614.425s][5523][5530][info ] Application time: 1.0001131 seconds
[2025-10-02T09:11:55.439+0000][46614.426s][5523][5530][info ] Entering safepoint region: Cleanup
[2025-10-02T09:11:55.439+0000][46614.426s][5523][5530][info ] Leaving safepoint region
[2025-10-02T09:11:55.439+0000][46614.426s][5523][5530][info ] Total time for which application threads were stopped: 0.0001416 seconds, Stopping threads took: 0.0000235 seconds
[2025-10-02T09:11:56.440+0000][46615.426s][5523][5530][info ] Application time: 1.0000972 seconds
[2025-10-02T09:11:56.440+0000][46615.426s][5523][5530][info ] Entering safepoint region: Cleanup
[2025-10-02T09:11:56.440+0000][46615.426s][5523][5530][info ] Leaving safepoint region
[2025-10-02T09:11:56.440+0000][46615.426s][5523][5530][info ] Total time for which application threads were stopped: 0.0001368 seconds, Stopping threads took: 0.0000281 seconds
[2025-10-02T09:11:57.440+0000][46616.426s][5523][5530][info ] Application time: 1.0000772 seconds
[2025-10-02T09:11:57.440+0000][46616.426s][5523][5530][info ] Entering safepoint region: Cleanup
[2025-10-02T09:11:57.440+0000][46616.426s][5523][5530][info ] Leaving safepoint region
[2025-10-02T09:11:57.440+0000][46616.426s][5523][5530][info ] Total time for which application threads were stopped: 0.0001545 seconds, Stopping threads took: 0.0000418 seconds
[2025-10-02T09:11:58.440+0000][46617.426s][5523][5530][info ] Application time: 1.0000927 seconds
[2025-10-02T09:11:58.440+0000][46617.426s][5523][5530][info ] Entering safepoint region: Cleanup
[2025-10-02T09:11:58.440+0000][46617.427s][5523][5530][info ] Leaving safepoint region
[2025-10-02T09:11:58.440+0000][46617.427s][5523][5530][info ] Total time for which application threads were stopped: 0.0001533 seconds, Stopping threads took: 0.0000333 seconds
[2025-10-02T09:11:59.440+0000][46618.427s][5523][5530][info ] Application time: 1.0001018 seconds
[2025-10-02T09:11:59.441+0000][46618.427s][5523][5530][info ] Entering safepoint region: Cleanup
[2025-10-02T09:11:59.441+0000][46618.427s][5523][5530][info ] Leaving safepoint region
[2025-10-02T09:11:59.441+0000][46618.427s][5523][5530][info ] Total time for which application threads were stopped: 0.0001658 seconds, Stopping threads took: 0.0000445 seconds
[2025-10-02T09:12:00.441+0000][46619.427s][5523][5530][info ] Application time: 1.0000724 seconds
[2025-10-02T09:12:00.441+0000][46619.427s][5523][5530][info ] Entering safepoint region: Cleanup
[2025-10-02T09:12:00.441+0000][46619.427s][5523][5530][info ] Leaving safepoint region
[2025-10-02T09:12:00.441+0000][46619.427s][5523][5530][info ] Total time for which application threads were stopped: 0.0001400 seconds, Stopping threads took: 0.0000230 seconds
[2025-10-02T09:12:01.441+0000][46620.427s][5523][5530][info ] Application time: 1.0001154 seconds
[2025-10-02T09:12:01.441+0000][46620.427s][5523][5530][info ] Entering safepoint region: Cleanup
[2025-10-02T09:12:01.441+0000][46620.427s][5523][5530][info ] Leaving safepoint region
[2025-10-02T09:12:01.441+0000][46620.427s][5523][5530][info ] Total time for which application threads were stopped: 0.0001414 seconds, Stopping threads took: 0.0000276 seconds
[2025-10-02T09:12:02.441+0000][46621.428s][5523][5530][info ] Application time: 1.0001021 seconds
[2025-10-02T09:12:02.441+0000][46621.428s][5523][5530][info ] Entering safepoint region: Cleanup
[2025-10-02T09:12:02.442+0000][46621.428s][5523][5530][info ] Leaving safepoint region
[2025-10-02T09:12:02.442+0000][46621.428s][5523][5530][info ] Total time for which application threads were stopped: 0.0001587 seconds, Stopping threads took: 0.0000247 seconds
[2025-10-02T09:12:03.111+0000][46622.097s][5523][5529][trace] CMS: promo attempt is safe: available(757274488) >= av_promo(11044653), max_promo(48476576)
[2025-10-02T09:12:03.442+0000][46622.428s][5523][5530][info ] Application time: 1.0000803 seconds
[2025-10-02T09:12:03.442+0000][46622.428s][5523][5530][info ] Entering safepoint region: Cleanup
[2025-10-02T09:12:03.442+0000][46622.428s][5523][5530][info ] Leaving safepoint region
[2025-10-02T09:12:03.442+0000][46622.428s][5523][5530][info ] Total time for which application threads were stopped: 0.0001386 seconds, Stopping threads took: 0.0000262 seconds
[2025-10-02T09:12:04.442+0000][46623.428s][5523][5530][info ] Application time: 1.0001506 seconds
[2025-10-02T09:12:04.442+0000][46623.428s][5523][5530][info ] Entering safepoint region: Cleanup
[2025-10-02T09:12:04.442+0000][46623.428s][5523][5530][info ] Leaving safepoint region
[2025-10-02T09:12:04.442+0000][46623.428s][5523][5530][info ] Total time for which application threads were stopped: 0.0001407 seconds, Stopping threads took: 0.0000253 seconds
[2025-10-02T09:12:05.442+0000][46624.429s][5523][5530][info ] Application time: 1.0001005 seconds
[2025-10-02T09:12:05.442+0000][46624.429s][5523][5530][info ] Entering safepoint region: Cleanup
[2025-10-02T09:12:05.442+0000][46624.429s][5523][5530][info ] Leaving safepoint region
[2025-10-02T09:12:05.442+0000][46624.429s][5523][5530][info ] Total time for which application threads were stopped: 0.0001390 seconds, Stopping threads took: 0.0000241 seconds
[2025-10-02T09:12:06.443+0000][46625.429s][5523][5530][info ] Application time: 1.0001003 seconds
[2025-10-02T09:12:06.443+0000][46625.429s][5523][5530][info ] Entering safepoint region: Cleanup
[2025-10-02T09:12:06.443+0000][46625.429s][5523][5530][info ] Leaving safepoint region
[2025-10-02T09:12:06.443+0000][46625.429s][5523][5530][info ] Total time for which application threads were stopped: 0.0001406 seconds, Stopping threads took: 0.0000238 seconds
[2025-10-02T09:12:07.443+0000][46626.429s][5523][5530][info ] Application time: 1.0000984 seconds
[2025-10-02T09:12:07.443+0000][46626.429s][5523][5530][info ] Entering safepoint region: Cleanup
[2025-10-02T09:12:07.443+0000][46626.429s][5523][5530][info ] Leaving safepoint region
[2025-10-02T09:12:07.443+0000][46626.429s][5523][5530][info ] Total time for which application threads were stopped: 0.0002558 seconds, Stopping threads took: 0.0000258 seconds
[2025-10-02T09:12:08.443+0000][46627.430s][5523][5530][info ] Application time: 1.0001021 seconds
[2025-10-02T09:12:08.443+0000][46627.430s][5523][5530][info ] Entering safepoint region: Cleanup
[2025-10-02T09:12:08.444+0000][46627.430s][5523][5530][info ] Leaving safepoint region
[2025-10-02T09:12:08.444+0000][46627.430s][5523][5530][info ] Total time for which application threads were stopped: 0.0001502 seconds, Stopping threads took: 0.0000244 seconds
[2025-10-02T09:12:09.444+0000][46628.430s][5523][5530][info ] Application time: 1.0000730 seconds
[2025-10-02T09:12:09.444+0000][46628.430s][5523][5530][info ] Entering safepoint region: Cleanup
[2025-10-02T09:12:09.444+0000][46628.430s][5523][5530][info ] Leaving safepoint region
[2025-10-02T09:12:09.444+0000][46628.430s][5523][5530][info ] Total time for which application threads were stopped: 0.0001334 seconds, Stopping threads took: 0.0000233 seconds
[2025-10-02T09:12:10.444+0000][46629.430s][5523][5530][info ] Application time: 1.0001490 seconds
[2025-10-02T09:12:10.444+0000][46629.430s][5523][5530][info ] Entering safepoint region: Cleanup
[2025-10-02T09:12:10.444+0000][46629.430s][5523][5530][info ] Leaving safepoint region
[2025-10-02T09:12:10.444+0000][46629.430s][5523][5530][info ] Total time for which application threads were stopped: 0.0001354 seconds, Stopping threads took: 0.0000247 seconds
[2025-10-02T09:12:11.444+0000][46630.430s][5523][5530][info ] Application time: 1.0001012 seconds
[2025-10-02T09:12:11.444+0000][46630.431s][5523][5530][info ] Entering safepoint region: Cleanup
[2025-10-02T09:12:11.444+0000][46630.431s][5523][5530][info ] Leaving safepoint region
[2025-10-02T09:12:11.444+0000][46630.431s][5523][5530][info ] Total time for which application threads were stopped: 0.0001366 seconds, Stopping threads took: 0.0000235 seconds
[2025-10-02T09:12:12.445+0000][46631.431s][5523][5530][info ] Application time: 1.0001103 seconds
[2025-10-02T09:12:12.445+0000][46631.431s][5523][5530][info ] Entering safepoint region: Cleanup
[2025-10-02T09:12:12.445+0000][46631.431s][5523][5530][info ] Leaving safepoint region
[2025-10-02T09:12:12.445+0000][46631.431s][5523][5530][info ] Total time for which application threads were stopped: 0.0001458 seconds, Stopping threads took: 0.0000270 seconds
[2025-10-02T09:12:13.110+0000][46632.096s][5523][5529][trace] CMS: promo attempt is safe: available(757274488) >= av_promo(11044653), max_promo(48709512)
[2025-10-02T09:12:13.445+0000][46632.431s][5523][5530][info ] Application time: 1.0001065 seconds
[2025-10-02T09:12:13.445+0000][46632.431s][5523][5530][info ] Entering safepoint region: Cleanup
[2025-10-02T09:12:13.445+0000][46632.431s][5523][5530][info ] Leaving safepoint region
[2025-10-02T09:12:13.445+0000][46632.431s][5523][5530][info ] Total time for which application threads were stopped: 0.0001353 seconds, Stopping threads took: 0.0000250 seconds
[2025-10-02T09:12:14.445+0000][46633.431s][5523][5530][info ] Application time: 1.0001039 seconds
[2025-10-02T09:12:14.445+0000][46633.431s][5523][5530][info ] Entering safepoint region: Cleanup
[2025-10-02T09:12:14.445+0000][46633.432s][5523][5530][info ] Leaving safepoint region
[2025-10-02T09:12:14.445+0000][46633.432s][5523][5530][info ] Total time for which application threads were stopped: 0.0001536 seconds, Stopping threads took: 0.0000413 seconds
[2025-10-02T09:12:15.445+0000][46634.432s][5523][5530][info ] Application time: 1.0000876 seconds
[2025-10-02T09:12:15.446+0000][46634.432s][5523][5530][info ] Entering safepoint region: Cleanup
[2025-10-02T09:12:15.446+0000][46634.432s][5523][5530][info ] Leaving safepoint region
[2025-10-02T09:12:15.446+0000][46634.432s][5523][5530][info ] Total time for which application threads were stopped: 0.0001561 seconds, Stopping threads took: 0.0000467 seconds
[2025-10-02T09:12:16.446+0000][46635.432s][5523][5530][info ] Application time: 1.0000988 seconds
[2025-10-02T09:12:16.446+0000][46635.432s][5523][5530][info ] Entering safepoint region: Cleanup
[2025-10-02T09:12:16.446+0000][46635.432s][5523][5530][info ] Leaving safepoint region
[2025-10-02T09:12:16.446+0000][46635.432s][5523][5530][info ] Total time for which application threads were stopped: 0.0001451 seconds, Stopping threads took: 0.0000284 seconds
[2025-10-02T09:12:17.446+0000][46636.432s][5523][5530][info ] Application time: 1.0001016 seconds
[2025-10-02T09:12:17.446+0000][46636.432s][5523][5530][info ] Entering safepoint region: Cleanup
[2025-10-02T09:12:17.446+0000][46636.432s][5523][5530][info ] Leaving safepoint region
[2025-10-02T09:12:17.446+0000][46636.432s][5523][5530][info ] Total time for which application threads were stopped: 0.0001372 seconds, Stopping threads took: 0.0000253 seconds
[2025-10-02T09:12:18.446+0000][46637.433s][5523][5530][info ] Application time: 1.0001042 seconds
[2025-10-02T09:12:18.446+0000][46637.433s][5523][5530][info ] Entering safepoint region: Cleanup
[2025-10-02T09:12:18.447+0000][46637.433s][5523][5530][info ] Leaving safepoint region
[2025-10-02T09:12:18.447+0000][46637.433s][5523][5530][info ] Total time for which application threads were stopped: 0.0001544 seconds, Stopping threads took: 0.0000269 seconds
[2025-10-02T09:12:19.447+0000][46638.433s][5523][5530][info ] Application time: 1.0000751 seconds
[2025-10-02T09:12:19.447+0000][46638.433s][5523][5530][info ] Entering safepoint region: Cleanup
[2025-10-02T09:12:19.447+0000][46638.433s][5523][5530][info ] Leaving safepoint region
[2025-10-02T09:12:19.447+0000][46638.433s][5523][5530][info ] Total time for which application threads were stopped: 0.0001355 seconds, Stopping threads took: 0.0000257 seconds
[2025-10-02T09:12:20.447+0000][46639.433s][5523][5530][info ] Application time: 1.0001230 seconds
[2025-10-02T09:12:20.447+0000][46639.433s][5523][5530][info ] Entering safepoint region: Cleanup
[2025-10-02T09:12:20.447+0000][46639.434s][5523][5530][info ] Leaving safepoint region
[2025-10-02T09:12:20.447+0000][46639.434s][5523][5530][info ] Total time for which application threads were stopped: 0.0001472 seconds, Stopping threads took: 0.0000279 seconds
[2025-10-02T09:12:21.447+0000][46640.434s][5523][5530][info ] Application time: 1.0000875 seconds
[2025-10-02T09:12:21.447+0000][46640.434s][5523][5530][info ] Entering safepoint region: Cleanup
[2025-10-02T09:12:21.448+0000][46640.434s][5523][5530][info ] Leaving safepoint region
[2025-10-02T09:12:21.448+0000][46640.434s][5523][5530][info ] Total time for which application threads were stopped: 0.0001539 seconds, Stopping threads took: 0.0000258 seconds
[2025-10-02T09:12:22.448+0000][46641.434s][5523][5530][info ] Application time: 1.0000887 seconds
[2025-10-02T09:12:22.448+0000][46641.434s][5523][5530][info ] Entering safepoint region: Cleanup
[2025-10-02T09:12:22.448+0000][46641.434s][5523][5530][info ] Leaving safepoint region
[2025-10-02T09:12:22.448+0000][46641.434s][5523][5530][info ] Total time for which application threads were stopped: 0.0001419 seconds, Stopping threads took: 0.0000261 seconds
[2025-10-02T09:12:23.110+0000][46642.096s][5523][5529][trace] CMS: promo attempt is safe: available(757274488) >= av_promo(11044653), max_promo(49892528)
[2025-10-02T09:12:23.448+0000][46642.434s][5523][5530][info ] Application time: 1.0000949 seconds
[2025-10-02T09:12:23.448+0000][46642.434s][5523][5530][info ] Entering safepoint region: Cleanup
[2025-10-02T09:12:23.448+0000][46642.434s][5523][5530][info ] Leaving safepoint region
[2025-10-02T09:12:23.448+0000][46642.434s][5523][5530][info ] Total time for which application threads were stopped: 0.0001339 seconds, Stopping threads took: 0.0000242 seconds
[2025-10-02T09:12:24.448+0000][46643.435s][5523][5530][info ] Application time: 1.0000985 seconds
[2025-10-02T09:12:24.448+0000][46643.435s][5523][5530][info ] Entering safepoint region: Cleanup
[2025-10-02T09:12:24.448+0000][46643.435s][5523][5530][info ] Leaving safepoint region
[2025-10-02T09:12:24.448+0000][46643.435s][5523][5530][info ] Total time for which application threads were stopped: 0.0001411 seconds, Stopping threads took: 0.0000315 seconds
[2025-10-02T09:12:25.449+0000][46644.435s][5523][5530][info ] Application time: 1.0001239 seconds
[2025-10-02T09:12:25.449+0000][46644.435s][5523][5530][info ] Entering safepoint region: Cleanup
[2025-10-02T09:12:25.449+0000][46644.435s][5523][5530][info ] Leaving safepoint region
[2025-10-02T09:12:25.449+0000][46644.435s][5523][5530][info ] Total time for which application threads were stopped: 0.0001387 seconds, Stopping threads took: 0.0000255 seconds
[2025-10-02T09:12:26.449+0000][46645.435s][5523][5530][info ] Application time: 1.0001049 seconds
[2025-10-02T09:12:26.449+0000][46645.435s][5523][5530][info ] Entering safepoint region: Cleanup
[2025-10-02T09:12:26.449+0000][46645.435s][5523][5530][info ] Leaving safepoint region
[2025-10-02T09:12:26.449+0000][46645.435s][5523][5530][info ] Total time for which application threads were stopped: 0.0001361 seconds, Stopping threads took: 0.0000253 seconds
[2025-10-02T09:12:27.449+0000][46646.435s][5523][5530][info ] Application time: 1.0000934 seconds
[2025-10-02T09:12:27.449+0000][46646.435s][5523][5530][info ] Entering safepoint region: Cleanup
[2025-10-02T09:12:27.449+0000][46646.436s][5523][5530][info ] Leaving safepoint region
[2025-10-02T09:12:27.449+0000][46646.436s][5523][5530][info ] Total time for which application threads were stopped: 0.0001312 seconds, Stopping threads took: 0.0000243 seconds
[2025-10-02T09:12:28.449+0000][46647.436s][5523][5530][info ] Application time: 1.0000825 seconds
[2025-10-02T09:12:28.450+0000][46647.436s][5523][5530][info ] Entering safepoint region: Cleanup
[2025-10-02T09:12:28.451+0000][46647.437s][5523][5530][info ] Leaving safepoint region
[2025-10-02T09:12:28.451+0000][46647.437s][5523][5530][info ] Total time for which application threads were stopped: 0.0011322 seconds, Stopping threads took: 0.0009773 seconds
[2025-10-02T09:12:29.451+0000][46648.437s][5523][5530][info ] Application time: 1.0000924 seconds
[2025-10-02T09:12:29.451+0000][46648.437s][5523][5530][info ] Entering safepoint region: Cleanup
[2025-10-02T09:12:29.451+0000][46648.437s][5523][5530][info ] Leaving safepoint region
[2025-10-02T09:12:29.451+0000][46648.437s][5523][5530][info ] Total time for which application threads were stopped: 0.0001282 seconds, Stopping threads took: 0.0000241 seconds
[2025-10-02T09:12:30.451+0000][46649.437s][5523][5530][info ] Application time: 1.0001351 seconds
[2025-10-02T09:12:30.451+0000][46649.437s][5523][5530][info ] Entering safepoint region: Cleanup
[2025-10-02T09:12:30.451+0000][46649.437s][5523][5530][info ] Leaving safepoint region
[2025-10-02T09:12:30.451+0000][46649.437s][5523][5530][info ] Total time for which application threads were stopped: 0.0001305 seconds, Stopping threads took: 0.0000234 seconds
[2025-10-02T09:12:31.451+0000][46650.438s][5523][5530][info ] Application time: 1.0002113 seconds
[2025-10-02T09:12:31.452+0000][46650.438s][5523][5530][info ] Entering safepoint region: Cleanup
[2025-10-02T09:12:31.452+0000][46650.438s][5523][5530][info ] Leaving safepoint region
[2025-10-02T09:12:31.452+0000][46650.438s][5523][5530][info ] Total time for which application threads were stopped: 0.0001365 seconds, Stopping threads took: 0.0000270 seconds
[2025-10-02T09:12:32.452+0000][46651.438s][5523][5530][info ] Application time: 1.0000759 seconds
[2025-10-02T09:12:32.452+0000][46651.438s][5523][5530][info ] Entering safepoint region: Cleanup
[2025-10-02T09:12:32.452+0000][46651.438s][5523][5530][info ] Leaving safepoint region
[2025-10-02T09:12:32.452+0000][46651.438s][5523][5530][info ] Total time for which application threads were stopped: 0.0001349 seconds, Stopping threads took: 0.0000269 seconds
[2025-10-02T09:12:33.110+0000][46652.096s][5523][5529][trace] CMS: promo attempt is safe: available(757274488) >= av_promo(11044653), max_promo(50580280)
[2025-10-02T09:12:33.452+0000][46652.438s][5523][5530][info ] Application time: 1.0000826 seconds
[2025-10-02T09:12:33.452+0000][46652.438s][5523][5530][info ] Entering safepoint region: Cleanup
[2025-10-02T09:12:33.452+0000][46652.438s][5523][5530][info ] Leaving safepoint region
[2025-10-02T09:12:33.452+0000][46652.438s][5523][5530][info ] Total time for which application threads were stopped: 0.0001513 seconds, Stopping threads took: 0.0000269 seconds
[2025-10-02T09:12:34.452+0000][46653.439s][5523][5530][info ] Application time: 1.0000831 seconds
[2025-10-02T09:12:34.452+0000][46653.439s][5523][5530][info ] Entering safepoint region: Cleanup
[2025-10-02T09:12:34.453+0000][46653.439s][5523][5530][info ] Leaving safepoint region
[2025-10-02T09:12:34.453+0000][46653.439s][5523][5530][info ] Total time for which application threads were stopped: 0.0001476 seconds, Stopping threads took: 0.0000248 seconds
[2025-10-02T09:12:35.453+0000][46654.439s][5523][5530][info ] Application time: 1.0000922 seconds
[2025-10-02T09:12:35.453+0000][46654.439s][5523][5530][info ] Entering safepoint region: Cleanup
[2025-10-02T09:12:35.453+0000][46654.439s][5523][5530][info ] Leaving safepoint region
[2025-10-02T09:12:35.453+0000][46654.439s][5523][5530][info ] Total time for which application threads were stopped: 0.0001339 seconds, Stopping threads took: 0.0000245 seconds
[2025-10-02T09:12:36.453+0000][46655.439s][5523][5530][info ] Application time: 1.0000883 seconds
[2025-10-02T09:12:36.453+0000][46655.439s][5523][5530][info ] Entering safepoint region: Cleanup
[2025-10-02T09:12:36.453+0000][46655.439s][5523][5530][info ] Leaving safepoint region
[2025-10-02T09:12:36.453+0000][46655.439s][5523][5530][info ] Total time for which application threads were stopped: 0.0001440 seconds, Stopping threads took: 0.0000278 seconds
[2025-10-02T09:12:37.453+0000][46656.439s][5523][5530][info ] Application time: 1.0000790 seconds
[2025-10-02T09:12:37.453+0000][46656.439s][5523][5530][info ] Entering safepoint region: Cleanup
[2025-10-02T09:12:37.453+0000][46656.440s][5523][5530][info ] Leaving safepoint region
[2025-10-02T09:12:37.453+0000][46656.440s][5523][5530][info ] Total time for which application threads were stopped: 0.0001376 seconds, Stopping threads took: 0.0000241 seconds
[2025-10-02T09:12:38.453+0000][46657.440s][5523][5530][info ] Application time: 1.0001048 seconds
[2025-10-02T09:12:38.454+0000][46657.440s][5523][5530][info ] Entering safepoint region: Cleanup
[2025-10-02T09:12:38.455+0000][46657.441s][5523][5530][info ] Leaving safepoint region
[2025-10-02T09:12:38.455+0000][46657.441s][5523][5530][info ] Total time for which application threads were stopped: 0.0012837 seconds, Stopping threads took: 0.0011394 seconds
[2025-10-02T09:12:39.455+0000][46658.441s][5523][5530][info ] Application time: 1.0001103 seconds
[2025-10-02T09:12:39.455+0000][46658.441s][5523][5530][info ] Entering safepoint region: Cleanup
[2025-10-02T09:12:39.455+0000][46658.441s][5523][5530][info ] Leaving safepoint region
[2025-10-02T09:12:39.455+0000][46658.441s][5523][5530][info ] Total time for which application threads were stopped: 0.0001477 seconds, Stopping threads took: 0.0000336 seconds
[2025-10-02T09:12:40.455+0000][46659.442s][5523][5530][info ] Application time: 1.0000991 seconds
[2025-10-02T09:12:40.455+0000][46659.442s][5523][5530][info ] Entering safepoint region: Cleanup
[2025-10-02T09:12:40.456+0000][46659.442s][5523][5530][info ] Leaving safepoint region
[2025-10-02T09:12:40.456+0000][46659.442s][5523][5530][info ] Total time for which application threads were stopped: 0.0001993 seconds, Stopping threads took: 0.0000251 seconds
[2025-10-02T09:12:41.456+0000][46660.442s][5523][5530][info ] Application time: 1.0000837 seconds
[2025-10-02T09:12:41.456+0000][46660.442s][5523][5530][info ] Entering safepoint region: Cleanup
[2025-10-02T09:12:41.456+0000][46660.442s][5523][5530][info ] Leaving safepoint region
[2025-10-02T09:12:41.456+0000][46660.442s][5523][5530][info ] Total time for which application threads were stopped: 0.0001465 seconds, Stopping threads took: 0.0000235 seconds
[2025-10-02T09:12:42.456+0000][46661.442s][5523][5530][info ] Application time: 1.0001016 seconds
[2025-10-02T09:12:42.456+0000][46661.442s][5523][5530][info ] Entering safepoint region: Cleanup
[2025-10-02T09:12:42.456+0000][46661.442s][5523][5530][info ] Leaving safepoint region
[2025-10-02T09:12:42.456+0000][46661.442s][5523][5530][info ] Total time for which application threads were stopped: 0.0001300 seconds, Stopping threads took: 0.0000233 seconds
[2025-10-02T09:12:43.109+0000][46662.096s][5523][5529][trace] CMS: promo attempt is safe: available(757274488) >= av_promo(11044653), max_promo(50768656)
[2025-10-02T09:12:43.456+0000][46662.443s][5523][5530][info ] Application time: 1.0001071 seconds
[2025-10-02T09:12:43.456+0000][46662.443s][5523][5530][info ] Entering safepoint region: Cleanup
[2025-10-02T09:12:43.456+0000][46662.443s][5523][5530][info ] Leaving safepoint region
[2025-10-02T09:12:43.456+0000][46662.443s][5523][5530][info ] Total time for which application threads were stopped: 0.0001336 seconds, Stopping threads took: 0.0000233 seconds
[2025-10-02T09:12:44.457+0000][46663.443s][5523][5530][info ] Application time: 1.0001011 seconds
[2025-10-02T09:12:44.457+0000][46663.443s][5523][5530][info ] Entering safepoint region: Cleanup
[2025-10-02T09:12:44.457+0000][46663.443s][5523][5530][info ] Leaving safepoint region
[2025-10-02T09:12:44.457+0000][46663.443s][5523][5530][info ] Total time for which application threads were stopped: 0.0001342 seconds, Stopping threads took: 0.0000237 seconds
[2025-10-02T09:12:45.457+0000][46664.443s][5523][5530][info ] Application time: 1.0001067 seconds
[2025-10-02T09:12:45.457+0000][46664.443s][5523][5530][info ] Entering safepoint region: Cleanup
[2025-10-02T09:12:45.457+0000][46664.443s][5523][5530][info ] Leaving safepoint region
[2025-10-02T09:12:45.457+0000][46664.443s][5523][5530][info ] Total time for which application threads were stopped: 0.0001365 seconds, Stopping threads took: 0.0000265 seconds
[2025-10-02T09:12:46.457+0000][46665.443s][5523][5530][info ] Application time: 1.0000981 seconds
[2025-10-02T09:12:46.457+0000][46665.443s][5523][5530][info ] Entering safepoint region: Cleanup
[2025-10-02T09:12:46.457+0000][46665.444s][5523][5530][info ] Leaving safepoint region
[2025-10-02T09:12:46.457+0000][46665.444s][5523][5530][info ] Total time for which application threads were stopped: 0.0001333 seconds, Stopping threads took: 0.0000257 seconds
[2025-10-02T09:12:47.457+0000][46666.444s][5523][5530][info ] Application time: 1.0001105 seconds
[2025-10-02T09:12:47.458+0000][46666.444s][5523][5530][info ] Entering safepoint region: Cleanup
[2025-10-02T09:12:47.458+0000][46666.444s][5523][5530][info ] Leaving safepoint region
[2025-10-02T09:12:47.458+0000][46666.444s][5523][5530][info ] Total time for which application threads were stopped: 0.0001639 seconds, Stopping threads took: 0.0000497 seconds
[2025-10-02T09:12:48.458+0000][46667.444s][5523][5530][info ] Application time: 1.0001013 seconds
[2025-10-02T09:12:48.458+0000][46667.444s][5523][5530][info ] Entering safepoint region: Cleanup
[2025-10-02T09:12:48.458+0000][46667.444s][5523][5530][info ] Leaving safepoint region
[2025-10-02T09:12:48.458+0000][46667.444s][5523][5530][info ] Total time for which application threads were stopped: 0.0001543 seconds, Stopping threads took: 0.0000387 seconds
[2025-10-02T09:12:49.458+0000][46668.444s][5523][5530][info ] Application time: 1.0001044 seconds
[2025-10-02T09:12:49.458+0000][46668.444s][5523][5530][info ] Entering safepoint region: Cleanup
[2025-10-02T09:12:49.458+0000][46668.445s][5523][5530][info ] Leaving safepoint region
[2025-10-02T09:12:49.458+0000][46668.445s][5523][5530][info ] Total time for which application threads were stopped: 0.0001408 seconds, Stopping threads took: 0.0000260 seconds
[2025-10-02T09:12:50.458+0000][46669.445s][5523][5530][info ] Application time: 1.0001058 seconds
[2025-10-02T09:12:50.458+0000][46669.445s][5523][5530][info ] Entering safepoint region: Cleanup
[2025-10-02T09:12:50.459+0000][46669.445s][5523][5530][info ] Leaving safepoint region
[2025-10-02T09:12:50.459+0000][46669.445s][5523][5530][info ] Total time for which application threads were stopped: 0.0001601 seconds, Stopping threads took: 0.0000252 seconds
[2025-10-02T09:12:51.459+0000][46670.445s][5523][5530][info ] Application time: 1.0000986 seconds
[2025-10-02T09:12:51.459+0000][46670.445s][5523][5530][info ] Entering safepoint region: Cleanup
[2025-10-02T09:12:51.459+0000][46670.445s][5523][5530][info ] Leaving safepoint region
[2025-10-02T09:12:51.459+0000][46670.445s][5523][5530][info ] Total time for which application threads were stopped: 0.0001407 seconds, Stopping threads took: 0.0000269 seconds
[2025-10-02T09:12:52.459+0000][46671.445s][5523][5530][info ] Application time: 1.0000994 seconds
[2025-10-02T09:12:52.459+0000][46671.445s][5523][5530][info ] Entering safepoint region: Cleanup
[2025-10-02T09:12:52.459+0000][46671.445s][5523][5530][info ] Leaving safepoint region
[2025-10-02T09:12:52.459+0000][46671.445s][5523][5530][info ] Total time for which application threads were stopped: 0.0001308 seconds, Stopping threads took: 0.0000244 seconds
[2025-10-02T09:12:53.109+0000][46672.096s][5523][5529][trace] CMS: promo attempt is safe: available(757274488) >= av_promo(11044653), max_promo(50776072)
[2025-10-02T09:12:53.459+0000][46672.446s][5523][5530][info ] Application time: 1.0001176 seconds
[2025-10-02T09:12:53.459+0000][46672.446s][5523][5530][info ] Entering safepoint region: Cleanup
[2025-10-02T09:12:53.460+0000][46672.446s][5523][5530][info ] Leaving safepoint region
[2025-10-02T09:12:53.460+0000][46672.446s][5523][5530][info ] Total time for which application threads were stopped: 0.0001668 seconds, Stopping threads took: 0.0000257 seconds
[2025-10-02T09:12:54.460+0000][46673.446s][5523][5530][info ] Application time: 1.0000913 seconds
[2025-10-02T09:12:54.460+0000][46673.446s][5523][5530][info ] Entering safepoint region: Cleanup
[2025-10-02T09:12:54.460+0000][46673.446s][5523][5530][info ] Leaving safepoint region
[2025-10-02T09:12:54.460+0000][46673.446s][5523][5530][info ] Total time for which application threads were stopped: 0.0001358 seconds, Stopping threads took: 0.0000248 seconds
[2025-10-02T09:12:55.460+0000][46674.446s][5523][5530][info ] Application time: 1.0000983 seconds
[2025-10-02T09:12:55.460+0000][46674.446s][5523][5530][info ] Entering safepoint region: Cleanup
[2025-10-02T09:12:55.460+0000][46674.446s][5523][5530][info ] Leaving safepoint region
[2025-10-02T09:12:55.460+0000][46674.446s][5523][5530][info ] Total time for which application threads were stopped: 0.0001387 seconds, Stopping threads took: 0.0000290 seconds
[2025-10-02T09:12:56.460+0000][46675.446s][5523][5530][info ] Application time: 1.0000978 seconds
[2025-10-02T09:12:56.460+0000][46675.447s][5523][5530][info ] Entering safepoint region: Cleanup
[2025-10-02T09:12:56.460+0000][46675.447s][5523][5530][info ] Leaving safepoint region
[2025-10-02T09:12:56.460+0000][46675.447s][5523][5530][info ] Total time for which application threads were stopped: 0.0001310 seconds, Stopping threads took: 0.0000225 seconds
[2025-10-02T09:12:57.461+0000][46676.447s][5523][5530][info ] Application time: 1.0001051 seconds
[2025-10-02T09:12:57.461+0000][46676.447s][5523][5530][info ] Entering safepoint region: Cleanup
[2025-10-02T09:12:57.461+0000][46676.447s][5523][5530][info ] Leaving safepoint region
[2025-10-02T09:12:57.461+0000][46676.447s][5523][5530][info ] Total time for which application threads were stopped: 0.0001373 seconds, Stopping threads took: 0.0000238 seconds
[2025-10-02T09:12:58.461+0000][46677.447s][5523][5530][info ] Application time: 1.0000972 seconds
[2025-10-02T09:12:58.461+0000][46677.447s][5523][5530][info ] Entering safepoint region: Cleanup
[2025-10-02T09:12:58.461+0000][46677.447s][5523][5530][info ] Leaving safepoint region
[2025-10-02T09:12:58.461+0000][46677.447s][5523][5530][info ] Total time for which application threads were stopped: 0.0001411 seconds, Stopping threads took: 0.0000288 seconds
[2025-10-02T09:12:59.461+0000][46678.447s][5523][5530][info ] Application time: 1.0001049 seconds
[2025-10-02T09:12:59.461+0000][46678.447s][5523][5530][info ] Entering safepoint region: Cleanup
[2025-10-02T09:12:59.461+0000][46678.448s][5523][5530][info ] Leaving safepoint region
[2025-10-02T09:12:59.461+0000][46678.448s][5523][5530][info ] Total time for which application threads were stopped: 0.0001374 seconds, Stopping threads took: 0.0000236 seconds
[2025-10-02T09:13:00.461+0000][46679.448s][5523][5530][info ] Application time: 1.0000921 seconds
[2025-10-02T09:13:00.461+0000][46679.448s][5523][5530][info ] Entering safepoint region: Cleanup
[2025-10-02T09:13:00.462+0000][46679.448s][5523][5530][info ] Leaving safepoint region
[2025-10-02T09:13:00.462+0000][46679.448s][5523][5530][info ] Total time for which application threads were stopped: 0.0001568 seconds, Stopping threads took: 0.0000259 seconds
[2025-10-02T09:13:01.462+0000][46680.448s][5523][5530][info ] Application time: 1.0001001 seconds
[2025-10-02T09:13:01.462+0000][46680.448s][5523][5530][info ] Entering safepoint region: Cleanup
[2025-10-02T09:13:01.462+0000][46680.448s][5523][5530][info ] Leaving safepoint region
[2025-10-02T09:13:01.462+0000][46680.448s][5523][5530][info ] Total time for which application threads were stopped: 0.0002173 seconds, Stopping threads took: 0.0000675 seconds
[2025-10-02T09:13:02.462+0000][46681.448s][5523][5530][info ] Application time: 1.0001423 seconds
[2025-10-02T09:13:02.462+0000][46681.448s][5523][5530][info ] Entering safepoint region: Cleanup
[2025-10-02T09:13:02.463+0000][46681.449s][5523][5530][info ] Leaving safepoint region
[2025-10-02T09:13:02.463+0000][46681.449s][5523][5530][info ] Total time for which application threads were stopped: 0.0003465 seconds, Stopping threads took: 0.0000252 seconds
[2025-10-02T09:13:03.109+0000][46682.095s][5523][5529][trace] CMS: promo attempt is safe: available(757274488) >= av_promo(11044653), max_promo(50778728)
[2025-10-02T09:13:03.463+0000][46682.449s][5523][5530][info ] Application time: 1.0000962 seconds
[2025-10-02T09:13:03.463+0000][46682.449s][5523][5530][info ] Entering safepoint region: Cleanup
[2025-10-02T09:13:03.463+0000][46682.449s][5523][5530][info ] Leaving safepoint region
[2025-10-02T09:13:03.463+0000][46682.449s][5523][5530][info ] Total time for which application threads were stopped: 0.0001305 seconds, Stopping threads took: 0.0000241 seconds
[2025-10-02T09:13:04.463+0000][46683.449s][5523][5530][info ] Application time: 1.0000931 seconds
[2025-10-02T09:13:04.463+0000][46683.449s][5523][5530][info ] Entering safepoint region: Cleanup
[2025-10-02T09:13:04.463+0000][46683.449s][5523][5530][info ] Leaving safepoint region
[2025-10-02T09:13:04.463+0000][46683.449s][5523][5530][info ] Total time for which application threads were stopped: 0.0001482 seconds, Stopping threads took: 0.0000326 seconds
[2025-10-02T09:13:05.463+0000][46684.450s][5523][5530][info ] Application time: 1.0000997 seconds
[2025-10-02T09:13:05.463+0000][46684.450s][5523][5530][info ] Entering safepoint region: Cleanup
[2025-10-02T09:13:05.464+0000][46684.450s][5523][5530][info ] Leaving safepoint region
[2025-10-02T09:13:05.464+0000][46684.450s][5523][5530][info ] Total time for which application threads were stopped: 0.0002138 seconds, Stopping threads took: 0.0000352 seconds
[2025-10-02T09:13:06.464+0000][46685.450s][5523][5530][info ] Application time: 1.0001200 seconds
[2025-10-02T09:13:06.464+0000][46685.450s][5523][5530][info ] Entering safepoint region: Cleanup
[2025-10-02T09:13:06.464+0000][46685.450s][5523][5530][info ] Leaving safepoint region
[2025-10-02T09:13:06.464+0000][46685.450s][5523][5530][info ] Total time for which application threads were stopped: 0.0001814 seconds, Stopping threads took: 0.0000418 seconds
[2025-10-02T09:13:07.464+0000][46686.450s][5523][5530][info ] Application time: 1.0001008 seconds
[2025-10-02T09:13:07.464+0000][46686.450s][5523][5530][info ] Entering safepoint region: Cleanup
[2025-10-02T09:13:07.464+0000][46686.450s][5523][5530][info ] Leaving safepoint region
[2025-10-02T09:13:07.464+0000][46686.450s][5523][5530][info ] Total time for which application threads were stopped: 0.0001293 seconds, Stopping threads took: 0.0000230 seconds
[2025-10-02T09:13:08.464+0000][46687.451s][5523][5530][info ] Application time: 1.0001135 seconds
[2025-10-02T09:13:08.464+0000][46687.451s][5523][5530][info ] Entering safepoint region: Cleanup
[2025-10-02T09:13:08.465+0000][46687.451s][5523][5530][info ] Leaving safepoint region
[2025-10-02T09:13:08.465+0000][46687.451s][5523][5530][info ] Total time for which application threads were stopped: 0.0001589 seconds, Stopping threads took: 0.0000263 seconds
[2025-10-02T09:13:09.465+0000][46688.451s][5523][5530][info ] Application time: 1.0000748 seconds
[2025-10-02T09:13:09.465+0000][46688.451s][5523][5530][info ] Entering safepoint region: Cleanup
[2025-10-02T09:13:09.465+0000][46688.451s][5523][5530][info ] Leaving safepoint region
[2025-10-02T09:13:09.465+0000][46688.451s][5523][5530][info ] Total time for which application threads were stopped: 0.0001449 seconds, Stopping threads took: 0.0000289 seconds
[2025-10-02T09:13:10.465+0000][46689.451s][5523][5530][info ] Application time: 1.0001091 seconds
[2025-10-02T09:13:10.465+0000][46689.451s][5523][5530][info ] Entering safepoint region: Cleanup
[2025-10-02T09:13:10.465+0000][46689.451s][5523][5530][info ] Leaving safepoint region
[2025-10-02T09:13:10.465+0000][46689.451s][5523][5530][info ] Total time for which application threads were stopped: 0.0001383 seconds, Stopping threads took: 0.0000255 seconds
[2025-10-02T09:13:11.465+0000][46690.452s][5523][5530][info ] Application time: 1.0000999 seconds
[2025-10-02T09:13:11.465+0000][46690.452s][5523][5530][info ] Entering safepoint region: Cleanup
[2025-10-02T09:13:11.465+0000][46690.452s][5523][5530][info ] Leaving safepoint region
[2025-10-02T09:13:11.465+0000][46690.452s][5523][5530][info ] Total time for which application threads were stopped: 0.0001384 seconds, Stopping threads took: 0.0000234 seconds
[2025-10-02T09:13:12.466+0000][46691.452s][5523][5530][info ] Application time: 1.0001035 seconds
[2025-10-02T09:13:12.466+0000][46691.452s][5523][5530][info ] Entering safepoint region: Cleanup
[2025-10-02T09:13:12.466+0000][46691.452s][5523][5530][info ] Leaving safepoint region
[2025-10-02T09:13:12.466+0000][46691.452s][5523][5530][info ] Total time for which application threads were stopped: 0.0001333 seconds, Stopping threads took: 0.0000248 seconds
[2025-10-02T09:13:13.108+0000][46692.094s][5523][5529][trace] CMS: promo attempt is safe: available(757274488) >= av_promo(11044653), max_promo(55458584)
[2025-10-02T09:13:13.466+0000][46692.452s][5523][5530][info ] Application time: 1.0001031 seconds
[2025-10-02T09:13:13.466+0000][46692.452s][5523][5530][info ] Entering safepoint region: Cleanup
[2025-10-02T09:13:13.466+0000][46692.452s][5523][5530][info ] Leaving safepoint region
[2025-10-02T09:13:13.466+0000][46692.452s][5523][5530][info ] Total time for which application threads were stopped: 0.0001352 seconds, Stopping threads took: 0.0000246 seconds
[2025-10-02T09:13:14.466+0000][46693.453s][5523][5530][info ] Application time: 1.0002943 seconds
[2025-10-02T09:13:14.466+0000][46693.453s][5523][5530][info ] Entering safepoint region: Cleanup
[2025-10-02T09:13:14.467+0000][46693.453s][5523][5530][info ] Leaving safepoint region
[2025-10-02T09:13:14.467+0000][46693.453s][5523][5530][info ] Total time for which application threads were stopped: 0.0001609 seconds, Stopping threads took: 0.0000253 seconds
[2025-10-02T09:13:15.467+0000][46694.453s][5523][5530][info ] Application time: 1.0000980 seconds
[2025-10-02T09:13:15.467+0000][46694.453s][5523][5530][info ] Entering safepoint region: Cleanup
[2025-10-02T09:13:15.467+0000][46694.453s][5523][5530][info ] Leaving safepoint region
[2025-10-02T09:13:15.467+0000][46694.453s][5523][5530][info ] Total time for which application threads were stopped: 0.0001328 seconds, Stopping threads took: 0.0000220 seconds
[2025-10-02T09:13:16.467+0000][46695.453s][5523][5530][info ] Application time: 1.0001545 seconds
[2025-10-02T09:13:16.467+0000][46695.453s][5523][5530][info ] Entering safepoint region: Cleanup
[2025-10-02T09:13:16.467+0000][46695.453s][5523][5530][info ] Leaving safepoint region
[2025-10-02T09:13:16.467+0000][46695.453s][5523][5530][info ] Total time for which application threads were stopped: 0.0001384 seconds, Stopping threads took: 0.0000243 seconds
[2025-10-02T09:13:17.467+0000][46696.454s][5523][5530][info ] Application time: 1.0001078 seconds
[2025-10-02T09:13:17.467+0000][46696.454s][5523][5530][info ] Entering safepoint region: Cleanup
[2025-10-02T09:13:17.468+0000][46696.454s][5523][5530][info ] Leaving safepoint region
[2025-10-02T09:13:17.468+0000][46696.454s][5523][5530][info ] Total time for which application threads were stopped: 0.0001696 seconds, Stopping threads took: 0.0000324 seconds
[2025-10-02T09:13:18.468+0000][46697.454s][5523][5530][info ] Application time: 1.0001168 seconds
[2025-10-02T09:13:18.468+0000][46697.454s][5523][5530][info ] Entering safepoint region: Cleanup
[2025-10-02T09:13:18.468+0000][46697.454s][5523][5530][info ] Leaving safepoint region
[2025-10-02T09:13:18.468+0000][46697.454s][5523][5530][info ] Total time for which application threads were stopped: 0.0002128 seconds, Stopping threads took: 0.0000366 seconds
[2025-10-02T09:13:19.468+0000][46698.454s][5523][5530][info ] Application time: 1.0001052 seconds
[2025-10-02T09:13:19.468+0000][46698.454s][5523][5530][info ] Entering safepoint region: Cleanup
[2025-10-02T09:13:19.468+0000][46698.454s][5523][5530][info ] Leaving safepoint region
[2025-10-02T09:13:19.468+0000][46698.454s][5523][5530][info ] Total time for which application threads were stopped: 0.0001361 seconds, Stopping threads took: 0.0000251 seconds
[2025-10-02T09:13:20.468+0000][46699.455s][5523][5530][info ] Application time: 1.0001118 seconds
[2025-10-02T09:13:20.468+0000][46699.455s][5523][5530][info ] Entering safepoint region: Cleanup
[2025-10-02T09:13:20.469+0000][46699.455s][5523][5530][info ] Leaving safepoint region
[2025-10-02T09:13:20.469+0000][46699.455s][5523][5530][info ] Total time for which application threads were stopped: 0.0001731 seconds, Stopping threads took: 0.0000274 seconds
[2025-10-02T09:13:21.469+0000][46700.455s][5523][5530][info ] Application time: 1.0000788 seconds
[2025-10-02T09:13:21.469+0000][46700.455s][5523][5530][info ] Entering safepoint region: Cleanup
[2025-10-02T09:13:21.469+0000][46700.455s][5523][5530][info ] Leaving safepoint region
[2025-10-02T09:13:21.469+0000][46700.455s][5523][5530][info ] Total time for which application threads were stopped: 0.0001369 seconds, Stopping threads took: 0.0000243 seconds
[2025-10-02T09:13:22.469+0000][46701.455s][5523][5530][info ] Application time: 1.0000903 seconds
[2025-10-02T09:13:22.469+0000][46701.455s][5523][5530][info ] Entering safepoint region: Cleanup
[2025-10-02T09:13:22.469+0000][46701.455s][5523][5530][info ] Leaving safepoint region
[2025-10-02T09:13:22.469+0000][46701.455s][5523][5530][info ] Total time for which application threads were stopped: 0.0001420 seconds, Stopping threads took: 0.0000248 seconds
[2025-10-02T09:13:23.107+0000][46702.094s][5523][5529][trace] CMS: promo attempt is safe: available(757274488) >= av_promo(11044653), max_promo(56788656)
[2025-10-02T09:13:23.469+0000][46702.455s][5523][5530][info ] Application time: 1.0000810 seconds
[2025-10-02T09:13:23.469+0000][46702.456s][5523][5530][info ] Entering safepoint region: Cleanup
[2025-10-02T09:13:23.469+0000][46702.456s][5523][5530][info ] Leaving safepoint region
[2025-10-02T09:13:23.469+0000][46702.456s][5523][5530][info ] Total time for which application threads were stopped: 0.0001726 seconds, Stopping threads took: 0.0000253 seconds
[2025-10-02T09:13:24.470+0000][46703.456s][5523][5530][info ] Application time: 1.0000437 seconds
[2025-10-02T09:13:24.470+0000][46703.456s][5523][5530][info ] Entering safepoint region: Cleanup
[2025-10-02T09:13:24.470+0000][46703.456s][5523][5530][info ] Leaving safepoint region
[2025-10-02T09:13:24.470+0000][46703.456s][5523][5530][info ] Total time for which application threads were stopped: 0.0001386 seconds, Stopping threads took: 0.0000285 seconds
[2025-10-02T09:13:25.470+0000][46704.456s][5523][5530][info ] Application time: 1.0001185 seconds
[2025-10-02T09:13:25.470+0000][46704.456s][5523][5530][info ] Entering safepoint region: Cleanup
[2025-10-02T09:13:25.470+0000][46704.456s][5523][5530][info ] Leaving safepoint region
[2025-10-02T09:13:25.470+0000][46704.456s][5523][5530][info ] Total time for which application threads were stopped: 0.0001339 seconds, Stopping threads took: 0.0000234 seconds
[2025-10-02T09:13:26.470+0000][46705.456s][5523][5530][info ] Application time: 1.0001107 seconds
[2025-10-02T09:13:26.470+0000][46705.456s][5523][5530][info ] Entering safepoint region: Cleanup
[2025-10-02T09:13:26.470+0000][46705.457s][5523][5530][info ] Leaving safepoint region
[2025-10-02T09:13:26.470+0000][46705.457s][5523][5530][info ] Total time for which application threads were stopped: 0.0001380 seconds, Stopping threads took: 0.0000245 seconds
[2025-10-02T09:13:27.470+0000][46706.457s][5523][5530][info ] Application time: 1.0001077 seconds
[2025-10-02T09:13:27.471+0000][46706.457s][5523][5530][info ] Entering safepoint region: Cleanup
[2025-10-02T09:13:27.471+0000][46706.457s][5523][5530][info ] Leaving safepoint region
[2025-10-02T09:13:27.471+0000][46706.457s][5523][5530][info ] Total time for which application threads were stopped: 0.0001625 seconds, Stopping threads took: 0.0000473 seconds
[2025-10-02T09:13:28.471+0000][46707.457s][5523][5530][info ] Application time: 1.0001051 seconds
[2025-10-02T09:13:28.471+0000][46707.457s][5523][5530][info ] Entering safepoint region: Cleanup
[2025-10-02T09:13:28.471+0000][46707.457s][5523][5530][info ] Leaving safepoint region
[2025-10-02T09:13:28.471+0000][46707.457s][5523][5530][info ] Total time for which application threads were stopped: 0.0001369 seconds, Stopping threads took: 0.0000254 seconds
[2025-10-02T09:13:29.471+0000][46708.457s][5523][5530][info ] Application time: 1.0001913 seconds
[2025-10-02T09:13:29.471+0000][46708.457s][5523][5530][info ] Entering safepoint region: Cleanup
[2025-10-02T09:13:29.471+0000][46708.458s][5523][5530][info ] Leaving safepoint region
[2025-10-02T09:13:29.471+0000][46708.458s][5523][5530][info ] Total time for which application threads were stopped: 0.0001388 seconds, Stopping threads took: 0.0000256 seconds
[2025-10-02T09:13:30.471+0000][46709.458s][5523][5530][info ] Application time: 1.0001091 seconds
[2025-10-02T09:13:30.472+0000][46709.458s][5523][5530][info ] Entering safepoint region: Cleanup
[2025-10-02T09:13:30.472+0000][46709.458s][5523][5530][info ] Leaving safepoint region
[2025-10-02T09:13:30.472+0000][46709.458s][5523][5530][info ] Total time for which application threads were stopped: 0.0001498 seconds, Stopping threads took: 0.0000398 seconds
[2025-10-02T09:13:31.472+0000][46710.458s][5523][5530][info ] Application time: 1.0001089 seconds
[2025-10-02T09:13:31.472+0000][46710.458s][5523][5530][info ] Entering safepoint region: Cleanup
[2025-10-02T09:13:31.472+0000][46710.458s][5523][5530][info ] Leaving safepoint region
[2025-10-02T09:13:31.472+0000][46710.458s][5523][5530][info ] Total time for which application threads were stopped: 0.0001387 seconds, Stopping threads took: 0.0000259 seconds
[2025-10-02T09:13:32.472+0000][46711.458s][5523][5530][info ] Application time: 1.0000797 seconds
[2025-10-02T09:13:32.472+0000][46711.458s][5523][5530][info ] Entering safepoint region: Cleanup
[2025-10-02T09:13:32.472+0000][46711.458s][5523][5530][info ] Leaving safepoint region
[2025-10-02T09:13:32.472+0000][46711.458s][5523][5530][info ] Total time for which application threads were stopped: 0.0001535 seconds, Stopping threads took: 0.0000409 seconds
[2025-10-02T09:13:33.107+0000][46712.094s][5523][5529][trace] CMS: promo attempt is safe: available(757274488) >= av_promo(11044653), max_promo(56941672)
[2025-10-02T09:13:33.472+0000][46712.459s][5523][5530][info ] Application time: 1.0001045 seconds
[2025-10-02T09:13:33.472+0000][46712.459s][5523][5530][info ] Entering safepoint region: Cleanup
[2025-10-02T09:13:33.473+0000][46712.459s][5523][5530][info ] Leaving safepoint region
[2025-10-02T09:13:33.473+0000][46712.459s][5523][5530][info ] Total time for which application threads were stopped: 0.0001702 seconds, Stopping threads took: 0.0000233 seconds
[2025-10-02T09:13:34.473+0000][46713.459s][5523][5530][info ] Application time: 1.0000897 seconds
[2025-10-02T09:13:34.473+0000][46713.459s][5523][5530][info ] Entering safepoint region: Cleanup
[2025-10-02T09:13:34.473+0000][46713.459s][5523][5530][info ] Leaving safepoint region
[2025-10-02T09:13:34.473+0000][46713.459s][5523][5530][info ] Total time for which application threads were stopped: 0.0001323 seconds, Stopping threads took: 0.0000233 seconds
[2025-10-02T09:13:35.473+0000][46714.459s][5523][5530][info ] Application time: 1.0001019 seconds
[2025-10-02T09:13:35.473+0000][46714.459s][5523][5530][info ] Entering safepoint region: Cleanup
[2025-10-02T09:13:35.473+0000][46714.459s][5523][5530][info ] Leaving safepoint region
[2025-10-02T09:13:35.473+0000][46714.459s][5523][5530][info ] Total time for which application threads were stopped: 0.0001376 seconds, Stopping threads took: 0.0000270 seconds
[2025-10-02T09:13:36.473+0000][46715.459s][5523][5530][info ] Application time: 1.0001032 seconds
[2025-10-02T09:13:36.473+0000][46715.460s][5523][5530][info ] Entering safepoint region: Cleanup
[2025-10-02T09:13:36.473+0000][46715.460s][5523][5530][info ] Leaving safepoint region
[2025-10-02T09:13:36.473+0000][46715.460s][5523][5530][info ] Total time for which application threads were stopped: 0.0001315 seconds, Stopping threads took: 0.0000233 seconds
[2025-10-02T09:13:37.474+0000][46716.460s][5523][5530][info ] Application time: 1.0001109 seconds
[2025-10-02T09:13:37.474+0000][46716.460s][5523][5530][info ] Entering safepoint region: Cleanup
[2025-10-02T09:13:37.474+0000][46716.460s][5523][5530][info ] Leaving safepoint region
[2025-10-02T09:13:37.474+0000][46716.460s][5523][5530][info ] Total time for which application threads were stopped: 0.0001498 seconds, Stopping threads took: 0.0000328 seconds
[2025-10-02T09:13:38.474+0000][46717.460s][5523][5530][info ] Application time: 1.0000907 seconds
[2025-10-02T09:13:38.474+0000][46717.460s][5523][5530][info ] Entering safepoint region: Cleanup
[2025-10-02T09:13:38.474+0000][46717.460s][5523][5530][info ] Leaving safepoint region
[2025-10-02T09:13:38.474+0000][46717.460s][5523][5530][info ] Total time for which application threads were stopped: 0.0001482 seconds, Stopping threads took: 0.0000337 seconds
[2025-10-02T09:13:39.474+0000][46718.460s][5523][5530][info ] Application time: 1.0000776 seconds
[2025-10-02T09:13:39.474+0000][46718.460s][5523][5530][info ] Entering safepoint region: Cleanup
[2025-10-02T09:13:39.474+0000][46718.461s][5523][5530][info ] Leaving safepoint region
[2025-10-02T09:13:39.474+0000][46718.461s][5523][5530][info ] Total time for which application threads were stopped: 0.0001344 seconds, Stopping threads took: 0.0000252 seconds
[2025-10-02T09:13:40.474+0000][46719.461s][5523][5530][info ] Application time: 1.0001022 seconds
[2025-10-02T09:13:40.474+0000][46719.461s][5523][5530][info ] Entering safepoint region: Cleanup
[2025-10-02T09:13:40.475+0000][46719.461s][5523][5530][info ] Leaving safepoint region
[2025-10-02T09:13:40.475+0000][46719.461s][5523][5530][info ] Total time for which application threads were stopped: 0.0001616 seconds, Stopping threads took: 0.0000277 seconds
[2025-10-02T09:13:41.475+0000][46720.461s][5523][5530][info ] Application time: 1.0000845 seconds
[2025-10-02T09:13:41.475+0000][46720.461s][5523][5530][info ] Entering safepoint region: Cleanup
[2025-10-02T09:13:41.475+0000][46720.461s][5523][5530][info ] Leaving safepoint region
[2025-10-02T09:13:41.475+0000][46720.461s][5523][5530][info ] Total time for which application threads were stopped: 0.0001355 seconds, Stopping threads took: 0.0000255 seconds
[2025-10-02T09:13:42.475+0000][46721.461s][5523][5530][info ] Application time: 1.0001506 seconds
[2025-10-02T09:13:42.475+0000][46721.461s][5523][5530][info ] Entering safepoint region: Cleanup
[2025-10-02T09:13:42.475+0000][46721.461s][5523][5530][info ] Leaving safepoint region
[2025-10-02T09:13:42.475+0000][46721.461s][5523][5530][info ] Total time for which application threads were stopped: 0.0001353 seconds, Stopping threads took: 0.0000262 seconds
[2025-10-02T09:13:43.107+0000][46722.094s][5523][5529][trace] CMS: promo attempt is safe: available(757274488) >= av_promo(11044653), max_promo(56941672)
[2025-10-02T09:13:43.475+0000][46722.462s][5523][5530][info ] Application time: 1.0001096 seconds
[2025-10-02T09:13:43.475+0000][46722.462s][5523][5530][info ] Entering safepoint region: Cleanup
[2025-10-02T09:13:43.476+0000][46722.462s][5523][5530][info ] Leaving safepoint region
[2025-10-02T09:13:43.476+0000][46722.462s][5523][5530][info ] Total time for which application threads were stopped: 0.0001591 seconds, Stopping threads took: 0.0000255 seconds
[2025-10-02T09:13:44.476+0000][46723.462s][5523][5530][info ] Application time: 1.0000909 seconds
[2025-10-02T09:13:44.476+0000][46723.462s][5523][5530][info ] Entering safepoint region: Cleanup
[2025-10-02T09:13:44.476+0000][46723.462s][5523][5530][info ] Leaving safepoint region
[2025-10-02T09:13:44.476+0000][46723.462s][5523][5530][info ] Total time for which application threads were stopped: 0.0001337 seconds, Stopping threads took: 0.0000240 seconds
[2025-10-02T09:13:45.476+0000][46724.462s][5523][5530][info ] Application time: 1.0000905 seconds
[2025-10-02T09:13:45.476+0000][46724.462s][5523][5530][info ] Entering safepoint region: Cleanup
[2025-10-02T09:13:45.476+0000][46724.462s][5523][5530][info ] Leaving safepoint region
[2025-10-02T09:13:45.476+0000][46724.462s][5523][5530][info ] Total time for which application threads were stopped: 0.0001455 seconds, Stopping threads took: 0.0000234 seconds
[2025-10-02T09:13:46.476+0000][46725.462s][5523][5530][info ] Application time: 1.0000921 seconds
[2025-10-02T09:13:46.476+0000][46725.463s][5523][5530][info ] Entering safepoint region: Cleanup
[2025-10-02T09:13:46.476+0000][46725.463s][5523][5530][info ] Leaving safepoint region
[2025-10-02T09:13:46.476+0000][46725.463s][5523][5530][info ] Total time for which application threads were stopped: 0.0001361 seconds, Stopping threads took: 0.0000247 seconds
[2025-10-02T09:13:47.477+0000][46726.463s][5523][5530][info ] Application time: 1.0001135 seconds
[2025-10-02T09:13:47.477+0000][46726.463s][5523][5530][info ] Entering safepoint region: Cleanup
[2025-10-02T09:13:47.477+0000][46726.463s][5523][5530][info ] Leaving safepoint region
[2025-10-02T09:13:47.477+0000][46726.463s][5523][5530][info ] Total time for which application threads were stopped: 0.0001342 seconds, Stopping threads took: 0.0000243 seconds
[2025-10-02T09:13:48.477+0000][46727.463s][5523][5530][info ] Application time: 1.0001730 seconds
[2025-10-02T09:13:48.477+0000][46727.463s][5523][5530][info ] Entering safepoint region: Cleanup
[2025-10-02T09:13:48.477+0000][46727.463s][5523][5530][info ] Leaving safepoint region
[2025-10-02T09:13:48.477+0000][46727.463s][5523][5530][info ] Total time for which application threads were stopped: 0.0001384 seconds, Stopping threads took: 0.0000286 seconds
[2025-10-02T09:13:49.477+0000][46728.463s][5523][5530][info ] Application time: 1.0000959 seconds
[2025-10-02T09:13:49.477+0000][46728.463s][5523][5530][info ] Entering safepoint region: Cleanup
[2025-10-02T09:13:49.477+0000][46728.464s][5523][5530][info ] Leaving safepoint region
[2025-10-02T09:13:49.477+0000][46728.464s][5523][5530][info ] Total time for which application threads were stopped: 0.0001600 seconds, Stopping threads took: 0.0000269 seconds
[2025-10-02T09:13:50.478+0000][46729.464s][5523][5530][info ] Application time: 1.0001076 seconds
[2025-10-02T09:13:50.478+0000][46729.464s][5523][5530][info ] Entering safepoint region: Cleanup
[2025-10-02T09:13:50.478+0000][46729.464s][5523][5530][info ] Leaving safepoint region
[2025-10-02T09:13:50.478+0000][46729.464s][5523][5530][info ] Total time for which application threads were stopped: 0.0001320 seconds, Stopping threads took: 0.0000229 seconds
[2025-10-02T09:13:51.478+0000][46730.464s][5523][5530][info ] Application time: 1.0001043 seconds
[2025-10-02T09:13:51.478+0000][46730.464s][5523][5530][info ] Entering safepoint region: Cleanup
[2025-10-02T09:13:51.478+0000][46730.464s][5523][5530][info ] Leaving safepoint region
[2025-10-02T09:13:51.478+0000][46730.464s][5523][5530][info ] Total time for which application threads were stopped: 0.0001317 seconds, Stopping threads took: 0.0000238 seconds
[2025-10-02T09:13:52.478+0000][46731.464s][5523][5530][info ] Application time: 1.0000976 seconds
[2025-10-02T09:13:52.478+0000][46731.464s][5523][5530][info ] Entering safepoint region: Cleanup
[2025-10-02T09:13:52.478+0000][46731.464s][5523][5530][info ] Leaving safepoint region
[2025-10-02T09:13:52.478+0000][46731.464s][5523][5530][info ] Total time for which application threads were stopped: 0.0001360 seconds, Stopping threads took: 0.0000268 seconds
[2025-10-02T09:13:53.107+0000][46732.094s][5523][5529][trace] CMS: promo attempt is safe: available(757274488) >= av_promo(11044653), max_promo(57163528)
[2025-10-02T09:13:53.478+0000][46732.465s][5523][5530][info ] Application time: 1.0001032 seconds
[2025-10-02T09:13:53.478+0000][46732.465s][5523][5530][info ] Entering safepoint region: Cleanup
[2025-10-02T09:13:53.479+0000][46732.465s][5523][5530][info ] Leaving safepoint region
[2025-10-02T09:13:53.479+0000][46732.465s][5523][5530][info ] Total time for which application threads were stopped: 0.0001622 seconds, Stopping threads took: 0.0000247 seconds
[2025-10-02T09:13:54.479+0000][46733.465s][5523][5530][info ] Application time: 1.0001097 seconds
[2025-10-02T09:13:54.479+0000][46733.465s][5523][5530][info ] Entering safepoint region: Cleanup
[2025-10-02T09:13:54.479+0000][46733.465s][5523][5530][info ] Leaving safepoint region
[2025-10-02T09:13:54.479+0000][46733.465s][5523][5530][info ] Total time for which application threads were stopped: 0.0001387 seconds, Stopping threads took: 0.0000260 seconds
[2025-10-02T09:13:55.479+0000][46734.465s][5523][5530][info ] Application time: 1.0001624 seconds
[2025-10-02T09:13:55.479+0000][46734.465s][5523][5530][info ] Entering safepoint region: Cleanup
[2025-10-02T09:13:55.479+0000][46734.465s][5523][5530][info ] Leaving safepoint region
[2025-10-02T09:13:55.479+0000][46734.465s][5523][5530][info ] Total time for which application threads were stopped: 0.0001371 seconds, Stopping threads took: 0.0000263 seconds
[2025-10-02T09:13:56.479+0000][46735.466s][5523][5530][info ] Application time: 1.0001063 seconds
[2025-10-02T09:13:56.479+0000][46735.466s][5523][5530][info ] Entering safepoint region: Cleanup
[2025-10-02T09:13:56.480+0000][46735.466s][5523][5530][info ] Leaving safepoint region
[2025-10-02T09:13:56.480+0000][46735.466s][5523][5530][info ] Total time for which application threads were stopped: 0.0001539 seconds, Stopping threads took: 0.0000224 seconds
[2025-10-02T09:13:57.480+0000][46736.466s][5523][5530][info ] Application time: 1.0001090 seconds
[2025-10-02T09:13:57.480+0000][46736.466s][5523][5530][info ] Entering safepoint region: Cleanup
[2025-10-02T09:13:57.480+0000][46736.466s][5523][5530][info ] Leaving safepoint region
[2025-10-02T09:13:57.480+0000][46736.466s][5523][5530][info ] Total time for which application threads were stopped: 0.0001352 seconds, Stopping threads took: 0.0000257 seconds
[2025-10-02T09:13:58.480+0000][46737.466s][5523][5530][info ] Application time: 1.0001014 seconds
[2025-10-02T09:13:58.480+0000][46737.466s][5523][5530][info ] Entering safepoint region: Cleanup
[2025-10-02T09:13:58.480+0000][46737.466s][5523][5530][info ] Leaving safepoint region
[2025-10-02T09:13:58.480+0000][46737.466s][5523][5530][info ] Total time for which application threads were stopped: 0.0001353 seconds, Stopping threads took: 0.0000246 seconds
[2025-10-02T09:13:59.480+0000][46738.467s][5523][5530][info ] Application time: 1.0001083 seconds
[2025-10-02T09:13:59.480+0000][46738.467s][5523][5530][info ] Entering safepoint region: Cleanup
[2025-10-02T09:13:59.480+0000][46738.467s][5523][5530][info ] Leaving safepoint region
[2025-10-02T09:13:59.480+0000][46738.467s][5523][5530][info ] Total time for which application threads were stopped: 0.0001394 seconds, Stopping threads took: 0.0000260 seconds
[2025-10-02T09:14:00.481+0000][46739.467s][5523][5530][info ] Application time: 1.0001212 seconds
[2025-10-02T09:14:00.481+0000][46739.467s][5523][5530][info ] Entering safepoint region: Cleanup
[2025-10-02T09:14:00.481+0000][46739.467s][5523][5530][info ] Leaving safepoint region
[2025-10-02T09:14:00.481+0000][46739.467s][5523][5530][info ] Total time for which application threads were stopped: 0.0001375 seconds, Stopping threads took: 0.0000255 seconds
[2025-10-02T09:14:01.481+0000][46740.467s][5523][5530][info ] Application time: 1.0002308 seconds
[2025-10-02T09:14:01.481+0000][46740.467s][5523][5530][info ] Entering safepoint region: Cleanup
[2025-10-02T09:14:01.481+0000][46740.467s][5523][5530][info ] Leaving safepoint region
[2025-10-02T09:14:01.481+0000][46740.467s][5523][5530][info ] Total time for which application threads were stopped: 0.0001472 seconds, Stopping threads took: 0.0000274 seconds
[2025-10-02T09:14:02.481+0000][46741.468s][5523][5530][info ] Application time: 1.0001199 seconds
[2025-10-02T09:14:02.481+0000][46741.468s][5523][5530][info ] Entering safepoint region: Cleanup
[2025-10-02T09:14:02.482+0000][46741.468s][5523][5530][info ] Leaving safepoint region
[2025-10-02T09:14:02.482+0000][46741.468s][5523][5530][info ] Total time for which application threads were stopped: 0.0001670 seconds, Stopping threads took: 0.0000275 seconds
[2025-10-02T09:14:03.107+0000][46742.093s][5523][5529][trace] CMS: promo attempt is safe: available(757274488) >= av_promo(11044653), max_promo(57964672)
[2025-10-02T09:14:03.482+0000][46742.468s][5523][5530][info ] Application time: 1.0000992 seconds
[2025-10-02T09:14:03.482+0000][46742.468s][5523][5530][info ] Entering safepoint region: Cleanup
[2025-10-02T09:14:03.482+0000][46742.468s][5523][5530][info ] Leaving safepoint region
[2025-10-02T09:14:03.482+0000][46742.468s][5523][5530][info ] Total time for which application threads were stopped: 0.0001497 seconds, Stopping threads took: 0.0000251 seconds
[2025-10-02T09:14:04.482+0000][46743.468s][5523][5530][info ] Application time: 1.0000999 seconds
[2025-10-02T09:14:04.482+0000][46743.468s][5523][5530][info ] Entering safepoint region: Cleanup
[2025-10-02T09:14:04.482+0000][46743.468s][5523][5530][info ] Leaving safepoint region
[2025-10-02T09:14:04.482+0000][46743.468s][5523][5530][info ] Total time for which application threads were stopped: 0.0001384 seconds, Stopping threads took: 0.0000250 seconds
[2025-10-02T09:14:05.482+0000][46744.469s][5523][5530][info ] Application time: 1.0001117 seconds
[2025-10-02T09:14:05.482+0000][46744.469s][5523][5530][info ] Entering safepoint region: Cleanup
[2025-10-02T09:14:05.482+0000][46744.469s][5523][5530][info ] Leaving safepoint region
[2025-10-02T09:14:05.482+0000][46744.469s][5523][5530][info ] Total time for which application threads were stopped: 0.0001359 seconds, Stopping threads took: 0.0000241 seconds
[2025-10-02T09:14:06.483+0000][46745.469s][5523][5530][info ] Application time: 1.0001157 seconds
[2025-10-02T09:14:06.483+0000][46745.469s][5523][5530][info ] Entering safepoint region: Cleanup
[2025-10-02T09:14:06.483+0000][46745.469s][5523][5530][info ] Leaving safepoint region
[2025-10-02T09:14:06.483+0000][46745.469s][5523][5530][info ] Total time for which application threads were stopped: 0.0001345 seconds, Stopping threads took: 0.0000228 seconds
[2025-10-02T09:14:07.483+0000][46746.469s][5523][5530][info ] Application time: 1.0001077 seconds
[2025-10-02T09:14:07.483+0000][46746.469s][5523][5530][info ] Entering safepoint region: Cleanup
[2025-10-02T09:14:07.483+0000][46746.469s][5523][5530][info ] Leaving safepoint region
[2025-10-02T09:14:07.483+0000][46746.469s][5523][5530][info ] Total time for which application threads were stopped: 0.0002424 seconds, Stopping threads took: 0.0001299 seconds
[2025-10-02T09:14:08.483+0000][46747.470s][5523][5530][info ] Application time: 1.0001019 seconds
[2025-10-02T09:14:08.483+0000][46747.470s][5523][5530][info ] Entering safepoint region: Cleanup
[2025-10-02T09:14:08.485+0000][46747.471s][5523][5530][info ] Leaving safepoint region
[2025-10-02T09:14:08.485+0000][46747.471s][5523][5530][info ] Total time for which application threads were stopped: 0.0012560 seconds, Stopping threads took: 0.0011375 seconds
[2025-10-02T09:14:09.485+0000][46748.471s][5523][5530][info ] Application time: 1.0000938 seconds
[2025-10-02T09:14:09.485+0000][46748.471s][5523][5530][info ] Entering safepoint region: Cleanup
[2025-10-02T09:14:09.485+0000][46748.471s][5523][5530][info ] Leaving safepoint region
[2025-10-02T09:14:09.485+0000][46748.471s][5523][5530][info ] Total time for which application threads were stopped: 0.0001375 seconds, Stopping threads took: 0.0000251 seconds
[2025-10-02T09:14:10.485+0000][46749.471s][5523][5530][info ] Application time: 1.0000935 seconds
[2025-10-02T09:14:10.485+0000][46749.471s][5523][5530][info ] Entering safepoint region: Cleanup
[2025-10-02T09:14:10.485+0000][46749.471s][5523][5530][info ] Leaving safepoint region
[2025-10-02T09:14:10.485+0000][46749.471s][5523][5530][info ] Total time for which application threads were stopped: 0.0001331 seconds, Stopping threads took: 0.0000252 seconds
[2025-10-02T09:14:11.485+0000][46750.472s][5523][5530][info ] Application time: 1.0001055 seconds
[2025-10-02T09:14:11.485+0000][46750.472s][5523][5530][info ] Entering safepoint region: Cleanup
[2025-10-02T09:14:11.486+0000][46750.472s][5523][5530][info ] Leaving safepoint region
[2025-10-02T09:14:11.486+0000][46750.472s][5523][5530][info ] Total time for which application threads were stopped: 0.0001793 seconds, Stopping threads took: 0.0000278 seconds
[2025-10-02T09:14:12.486+0000][46751.472s][5523][5530][info ] Application time: 1.0000784 seconds
[2025-10-02T09:14:12.486+0000][46751.472s][5523][5530][info ] Entering safepoint region: Cleanup
[2025-10-02T09:14:12.486+0000][46751.472s][5523][5530][info ] Leaving safepoint region
[2025-10-02T09:14:12.486+0000][46751.472s][5523][5530][info ] Total time for which application threads were stopped: 0.0001367 seconds, Stopping threads took: 0.0000253 seconds
[2025-10-02T09:14:13.106+0000][46752.092s][5523][5529][trace] CMS: promo attempt is safe: available(757274488) >= av_promo(11044653), max_promo(58502752)
[2025-10-02T09:14:13.486+0000][46752.472s][5523][5530][info ] Application time: 1.0001081 seconds
[2025-10-02T09:14:13.486+0000][46752.472s][5523][5530][info ] Entering safepoint region: Cleanup
[2025-10-02T09:14:13.486+0000][46752.472s][5523][5530][info ] Leaving safepoint region
[2025-10-02T09:14:13.486+0000][46752.472s][5523][5530][info ] Total time for which application threads were stopped: 0.0001480 seconds, Stopping threads took: 0.0000239 seconds
[2025-10-02T09:14:14.486+0000][46753.472s][5523][5530][info ] Application time: 1.0001062 seconds
[2025-10-02T09:14:14.486+0000][46753.473s][5523][5530][info ] Entering safepoint region: Cleanup
[2025-10-02T09:14:14.486+0000][46753.473s][5523][5530][info ] Leaving safepoint region
[2025-10-02T09:14:14.486+0000][46753.473s][5523][5530][info ] Total time for which application threads were stopped: 0.0001355 seconds, Stopping threads took: 0.0000245 seconds
[2025-10-02T09:14:15.487+0000][46754.473s][5523][5530][info ] Application time: 1.0000841 seconds
[2025-10-02T09:14:15.487+0000][46754.473s][5523][5530][info ] Entering safepoint region: Cleanup
[2025-10-02T09:14:15.487+0000][46754.473s][5523][5530][info ] Leaving safepoint region
[2025-10-02T09:14:15.487+0000][46754.473s][5523][5530][info ] Total time for which application threads were stopped: 0.0001549 seconds, Stopping threads took: 0.0000430 seconds
[2025-10-02T09:14:16.487+0000][46755.473s][5523][5530][info ] Application time: 1.0001025 seconds
[2025-10-02T09:14:16.487+0000][46755.473s][5523][5530][info ] Entering safepoint region: Cleanup
[2025-10-02T09:14:16.487+0000][46755.473s][5523][5530][info ] Leaving safepoint region
[2025-10-02T09:14:16.487+0000][46755.473s][5523][5530][info ] Total time for which application threads were stopped: 0.0002589 seconds, Stopping threads took: 0.0000287 seconds
[2025-10-02T09:14:17.487+0000][46756.473s][5523][5530][info ] Application time: 1.0000896 seconds
[2025-10-02T09:14:17.487+0000][46756.474s][5523][5530][info ] Entering safepoint region: Cleanup
[2025-10-02T09:14:17.487+0000][46756.474s][5523][5530][info ] Leaving safepoint region
[2025-10-02T09:14:17.487+0000][46756.474s][5523][5530][info ] Total time for which application threads were stopped: 0.0001363 seconds, Stopping threads took: 0.0000247 seconds
[2025-10-02T09:14:18.488+0000][46757.474s][5523][5530][info ] Application time: 1.0001000 seconds
[2025-10-02T09:14:18.488+0000][46757.474s][5523][5530][info ] Entering safepoint region: Cleanup
[2025-10-02T09:14:18.488+0000][46757.474s][5523][5530][info ] Leaving safepoint region
[2025-10-02T09:14:18.488+0000][46757.474s][5523][5530][info ] Total time for which application threads were stopped: 0.0001483 seconds, Stopping threads took: 0.0000356 seconds
[2025-10-02T09:14:19.488+0000][46758.474s][5523][5530][info ] Application time: 1.0001014 seconds
[2025-10-02T09:14:19.488+0000][46758.474s][5523][5530][info ] Entering safepoint region: Cleanup
[2025-10-02T09:14:19.488+0000][46758.474s][5523][5530][info ] Leaving safepoint region
[2025-10-02T09:14:19.488+0000][46758.474s][5523][5530][info ] Total time for which application threads were stopped: 0.0001419 seconds, Stopping threads took: 0.0000266 seconds
[2025-10-02T09:14:20.488+0000][46759.474s][5523][5530][info ] Application time: 1.0001107 seconds
[2025-10-02T09:14:20.488+0000][46759.474s][5523][5530][info ] Entering safepoint region: Cleanup
[2025-10-02T09:14:20.488+0000][46759.475s][5523][5530][info ] Leaving safepoint region
[2025-10-02T09:14:20.488+0000][46759.475s][5523][5530][info ] Total time for which application threads were stopped: 0.0001327 seconds, Stopping threads took: 0.0000250 seconds
[2025-10-02T09:14:21.488+0000][46760.475s][5523][5530][info ] Application time: 1.0001043 seconds
[2025-10-02T09:14:21.489+0000][46760.475s][5523][5530][info ] Entering safepoint region: Cleanup
[2025-10-02T09:14:21.489+0000][46760.475s][5523][5530][info ] Leaving safepoint region
[2025-10-02T09:14:21.489+0000][46760.475s][5523][5530][info ] Total time for which application threads were stopped: 0.0001377 seconds, Stopping threads took: 0.0000280 seconds
[2025-10-02T09:14:22.489+0000][46761.475s][5523][5530][info ] Application time: 1.0000945 seconds
[2025-10-02T09:14:22.489+0000][46761.475s][5523][5530][info ] Entering safepoint region: Cleanup
[2025-10-02T09:14:22.489+0000][46761.475s][5523][5530][info ] Leaving safepoint region
[2025-10-02T09:14:22.489+0000][46761.475s][5523][5530][info ] Total time for which application threads were stopped: 0.0001362 seconds, Stopping threads took: 0.0000255 seconds
[2025-10-02T09:14:23.106+0000][46762.092s][5523][5529][trace] CMS: promo attempt is safe: available(757274488) >= av_promo(11044653), max_promo(59644912)
[2025-10-02T09:14:23.489+0000][46762.475s][5523][5530][info ] Application time: 1.0000746 seconds
[2025-10-02T09:14:23.489+0000][46762.475s][5523][5530][info ] Entering safepoint region: Cleanup
[2025-10-02T09:14:23.489+0000][46762.475s][5523][5530][info ] Leaving safepoint region
[2025-10-02T09:14:23.489+0000][46762.475s][5523][5530][info ] Total time for which application threads were stopped: 0.0001339 seconds, Stopping threads took: 0.0000231 seconds
[2025-10-02T09:14:24.489+0000][46763.476s][5523][5530][info ] Application time: 1.0001000 seconds
[2025-10-02T09:14:24.489+0000][46763.476s][5523][5530][info ] Entering safepoint region: Cleanup
[2025-10-02T09:14:24.490+0000][46763.476s][5523][5530][info ] Leaving safepoint region
[2025-10-02T09:14:24.490+0000][46763.476s][5523][5530][info ] Total time for which application threads were stopped: 0.0001599 seconds, Stopping threads took: 0.0000255 seconds
[2025-10-02T09:14:25.490+0000][46764.476s][5523][5530][info ] Application time: 1.0000939 seconds
[2025-10-02T09:14:25.490+0000][46764.476s][5523][5530][info ] Entering safepoint region: Cleanup
[2025-10-02T09:14:25.490+0000][46764.476s][5523][5530][info ] Leaving safepoint region
[2025-10-02T09:14:25.490+0000][46764.476s][5523][5530][info ] Total time for which application threads were stopped: 0.0001386 seconds, Stopping threads took: 0.0000252 seconds
[2025-10-02T09:14:26.490+0000][46765.476s][5523][5530][info ] Application time: 1.0000743 seconds
[2025-10-02T09:14:26.490+0000][46765.476s][5523][5530][info ] Entering safepoint region: Cleanup
[2025-10-02T09:14:26.490+0000][46765.476s][5523][5530][info ] Leaving safepoint region
[2025-10-02T09:14:26.490+0000][46765.476s][5523][5530][info ] Total time for which application threads were stopped: 0.0001328 seconds, Stopping threads took: 0.0000261 seconds
[2025-10-02T09:14:27.490+0000][46766.476s][5523][5530][info ] Application time: 1.0000968 seconds
[2025-10-02T09:14:27.490+0000][46766.477s][5523][5530][info ] Entering safepoint region: Cleanup
[2025-10-02T09:14:27.490+0000][46766.477s][5523][5530][info ] Leaving safepoint region
[2025-10-02T09:14:27.490+0000][46766.477s][5523][5530][info ] Total time for which application threads were stopped: 0.0001351 seconds, Stopping threads took: 0.0000260 seconds
[2025-10-02T09:14:28.490+0000][46767.477s][5523][5530][info ] Application time: 1.0000828 seconds
[2025-10-02T09:14:28.491+0000][46767.477s][5523][5530][info ] Entering safepoint region: Cleanup
[2025-10-02T09:14:28.492+0000][46767.478s][5523][5530][info ] Leaving safepoint region
[2025-10-02T09:14:28.492+0000][46767.478s][5523][5530][info ] Total time for which application threads were stopped: 0.0012926 seconds, Stopping threads took: 0.0011495 seconds
[2025-10-02T09:14:29.492+0000][46768.478s][5523][5530][info ] Application time: 1.0000766 seconds
[2025-10-02T09:14:29.492+0000][46768.478s][5523][5530][info ] Entering safepoint region: Cleanup
[2025-10-02T09:14:29.492+0000][46768.478s][5523][5530][info ] Leaving safepoint region
[2025-10-02T09:14:29.492+0000][46768.478s][5523][5530][info ] Total time for which application threads were stopped: 0.0001319 seconds, Stopping threads took: 0.0000241 seconds
[2025-10-02T09:14:30.492+0000][46769.478s][5523][5530][info ] Application time: 1.0000751 seconds
[2025-10-02T09:14:30.492+0000][46769.478s][5523][5530][info ] Entering safepoint region: Cleanup
[2025-10-02T09:14:30.492+0000][46769.479s][5523][5530][info ] Leaving safepoint region
[2025-10-02T09:14:30.492+0000][46769.479s][5523][5530][info ] Total time for which application threads were stopped: 0.0001331 seconds, Stopping threads took: 0.0000257 seconds
[2025-10-02T09:14:31.492+0000][46770.479s][5523][5530][info ] Application time: 1.0000835 seconds
[2025-10-02T09:14:31.493+0000][46770.479s][5523][5530][info ] Entering safepoint region: Cleanup
[2025-10-02T09:14:31.493+0000][46770.479s][5523][5530][info ] Leaving safepoint region
[2025-10-02T09:14:31.493+0000][46770.479s][5523][5530][info ] Total time for which application threads were stopped: 0.0001486 seconds, Stopping threads took: 0.0000302 seconds
[2025-10-02T09:14:32.493+0000][46771.479s][5523][5530][info ] Application time: 1.0000758 seconds
[2025-10-02T09:14:32.493+0000][46771.479s][5523][5530][info ] Entering safepoint region: Cleanup
[2025-10-02T09:14:32.493+0000][46771.479s][5523][5530][info ] Leaving safepoint region
[2025-10-02T09:14:32.493+0000][46771.479s][5523][5530][info ] Total time for which application threads were stopped: 0.0001328 seconds, Stopping threads took: 0.0000242 seconds
[2025-10-02T09:14:33.106+0000][46772.092s][5523][5529][trace] CMS: promo attempt is safe: available(757274488) >= av_promo(11044653), max_promo(59829320)
[2025-10-02T09:14:33.493+0000][46772.479s][5523][5530][info ] Application time: 1.0001068 seconds
[2025-10-02T09:14:33.493+0000][46772.479s][5523][5530][info ] Entering safepoint region: Cleanup
[2025-10-02T09:14:33.493+0000][46772.479s][5523][5530][info ] Leaving safepoint region
[2025-10-02T09:14:33.493+0000][46772.480s][5523][5530][info ] Total time for which application threads were stopped: 0.0001390 seconds, Stopping threads took: 0.0000256 seconds
[2025-10-02T09:14:34.493+0000][46773.480s][5523][5530][info ] Application time: 1.0000948 seconds
[2025-10-02T09:14:34.493+0000][46773.480s][5523][5530][info ] Entering safepoint region: Cleanup
[2025-10-02T09:14:34.494+0000][46773.480s][5523][5530][info ] Leaving safepoint region
[2025-10-02T09:14:34.494+0000][46773.480s][5523][5530][info ] Total time for which application threads were stopped: 0.0001740 seconds, Stopping threads took: 0.0000251 seconds
[2025-10-02T09:14:35.494+0000][46774.480s][5523][5530][info ] Application time: 1.0000903 seconds
[2025-10-02T09:14:35.494+0000][46774.480s][5523][5530][info ] Entering safepoint region: Cleanup
[2025-10-02T09:14:35.494+0000][46774.480s][5523][5530][info ] Leaving safepoint region
[2025-10-02T09:14:35.494+0000][46774.480s][5523][5530][info ] Total time for which application threads were stopped: 0.0001404 seconds, Stopping threads took: 0.0000279 seconds
[2025-10-02T09:14:36.494+0000][46775.480s][5523][5530][info ] Application time: 1.0000784 seconds
[2025-10-02T09:14:36.494+0000][46775.480s][5523][5530][info ] Entering safepoint region: Cleanup
[2025-10-02T09:14:36.494+0000][46775.480s][5523][5530][info ] Leaving safepoint region
[2025-10-02T09:14:36.494+0000][46775.480s][5523][5530][info ] Total time for which application threads were stopped: 0.0001400 seconds, Stopping threads took: 0.0000252 seconds
[2025-10-02T09:14:37.494+0000][46776.480s][5523][5530][info ] Application time: 1.0000795 seconds
[2025-10-02T09:14:37.494+0000][46776.481s][5523][5530][info ] Entering safepoint region: Cleanup
[2025-10-02T09:14:37.494+0000][46776.481s][5523][5530][info ] Leaving safepoint region
[2025-10-02T09:14:37.494+0000][46776.481s][5523][5530][info ] Total time for which application threads were stopped: 0.0001407 seconds, Stopping threads took: 0.0000244 seconds
[2025-10-02T09:14:38.495+0000][46777.481s][5523][5530][info ] Application time: 1.0001011 seconds
[2025-10-02T09:14:38.495+0000][46777.481s][5523][5530][info ] Entering safepoint region: Cleanup
[2025-10-02T09:14:38.496+0000][46777.482s][5523][5530][info ] Leaving safepoint region
[2025-10-02T09:14:38.496+0000][46777.482s][5523][5530][info ] Total time for which application threads were stopped: 0.0012453 seconds, Stopping threads took: 0.0011029 seconds
[2025-10-02T09:14:39.496+0000][46778.482s][5523][5530][info ] Application time: 1.0001003 seconds
[2025-10-02T09:14:39.496+0000][46778.482s][5523][5530][info ] Entering safepoint region: Cleanup
[2025-10-02T09:14:39.496+0000][46778.482s][5523][5530][info ] Leaving safepoint region
[2025-10-02T09:14:39.496+0000][46778.482s][5523][5530][info ] Total time for which application threads were stopped: 0.0001450 seconds, Stopping threads took: 0.0000261 seconds
[2025-10-02T09:14:40.496+0000][46779.482s][5523][5530][info ] Application time: 1.0000897 seconds
[2025-10-02T09:14:40.496+0000][46779.483s][5523][5530][info ] Entering safepoint region: Cleanup
[2025-10-02T09:14:40.496+0000][46779.483s][5523][5530][info ] Leaving safepoint region
[2025-10-02T09:14:40.496+0000][46779.483s][5523][5530][info ] Total time for which application threads were stopped: 0.0001344 seconds, Stopping threads took: 0.0000242 seconds
[2025-10-02T09:14:41.497+0000][46780.483s][5523][5530][info ] Application time: 1.0001089 seconds
[2025-10-02T09:14:41.497+0000][46780.483s][5523][5530][info ] Entering safepoint region: Cleanup
[2025-10-02T09:14:41.497+0000][46780.483s][5523][5530][info ] Leaving safepoint region
[2025-10-02T09:14:41.497+0000][46780.483s][5523][5530][info ] Total time for which application threads were stopped: 0.0001539 seconds, Stopping threads took: 0.0000449 seconds
[2025-10-02T09:14:42.497+0000][46781.483s][5523][5530][info ] Application time: 1.0001022 seconds
[2025-10-02T09:14:42.497+0000][46781.483s][5523][5530][info ] Entering safepoint region: Cleanup
[2025-10-02T09:14:42.497+0000][46781.483s][5523][5530][info ] Leaving safepoint region
[2025-10-02T09:14:42.497+0000][46781.483s][5523][5530][info ] Total time for which application threads were stopped: 0.0001344 seconds, Stopping threads took: 0.0000252 seconds
[2025-10-02T09:14:43.106+0000][46782.092s][5523][5529][trace] CMS: promo attempt is safe: available(757274488) >= av_promo(11044653), max_promo(60665264)
[2025-10-02T09:14:43.497+0000][46782.483s][5523][5530][info ] Application time: 1.0000991 seconds
[2025-10-02T09:14:43.497+0000][46782.483s][5523][5530][info ] Entering safepoint region: Cleanup
[2025-10-02T09:14:43.497+0000][46782.484s][5523][5530][info ] Leaving safepoint region
[2025-10-02T09:14:43.497+0000][46782.484s][5523][5530][info ] Total time for which application threads were stopped: 0.0001397 seconds, Stopping threads took: 0.0000255 seconds
[2025-10-02T09:14:44.497+0000][46783.484s][5523][5530][info ] Application time: 1.0001167 seconds
[2025-10-02T09:14:44.498+0000][46783.484s][5523][5530][info ] Entering safepoint region: Cleanup
[2025-10-02T09:14:44.498+0000][46783.484s][5523][5530][info ] Leaving safepoint region
[2025-10-02T09:14:44.498+0000][46783.484s][5523][5530][info ] Total time for which application threads were stopped: 0.0001453 seconds, Stopping threads took: 0.0000292 seconds
[2025-10-02T09:14:45.498+0000][46784.484s][5523][5530][info ] Application time: 1.0000935 seconds
[2025-10-02T09:14:45.498+0000][46784.484s][5523][5530][info ] Entering safepoint region: Cleanup
[2025-10-02T09:14:45.498+0000][46784.484s][5523][5530][info ] Leaving safepoint region
[2025-10-02T09:14:45.498+0000][46784.484s][5523][5530][info ] Total time for which application threads were stopped: 0.0001342 seconds, Stopping threads took: 0.0000256 seconds
[2025-10-02T09:14:46.498+0000][46785.484s][5523][5530][info ] Application time: 1.0001043 seconds
[2025-10-02T09:14:46.498+0000][46785.484s][5523][5530][info ] Entering safepoint region: Cleanup
[2025-10-02T09:14:46.498+0000][46785.484s][5523][5530][info ] Leaving safepoint region
[2025-10-02T09:14:46.498+0000][46785.484s][5523][5530][info ] Total time for which application threads were stopped: 0.0001428 seconds, Stopping threads took: 0.0000348 seconds
[2025-10-02T09:14:47.498+0000][46786.485s][5523][5530][info ] Application time: 1.0000962 seconds
[2025-10-02T09:14:47.498+0000][46786.485s][5523][5530][info ] Entering safepoint region: Cleanup
[2025-10-02T09:14:47.499+0000][46786.485s][5523][5530][info ] Leaving safepoint region
[2025-10-02T09:14:47.499+0000][46786.485s][5523][5530][info ] Total time for which application threads were stopped: 0.0001568 seconds, Stopping threads took: 0.0000245 seconds
[2025-10-02T09:14:48.499+0000][46787.485s][5523][5530][info ] Application time: 1.0000914 seconds
[2025-10-02T09:14:48.499+0000][46787.485s][5523][5530][info ] Entering safepoint region: Cleanup
[2025-10-02T09:14:48.499+0000][46787.485s][5523][5530][info ] Leaving safepoint region
[2025-10-02T09:14:48.499+0000][46787.485s][5523][5530][info ] Total time for which application threads were stopped: 0.0001425 seconds, Stopping threads took: 0.0000304 seconds
[2025-10-02T09:14:49.499+0000][46788.485s][5523][5530][info ] Application time: 1.0000992 seconds
[2025-10-02T09:14:49.499+0000][46788.485s][5523][5530][info ] Entering safepoint region: Cleanup
[2025-10-02T09:14:49.499+0000][46788.485s][5523][5530][info ] Leaving safepoint region
[2025-10-02T09:14:49.499+0000][46788.485s][5523][5530][info ] Total time for which application threads were stopped: 0.0001480 seconds, Stopping threads took: 0.0000294 seconds
[2025-10-02T09:14:50.499+0000][46789.486s][5523][5530][info ] Application time: 1.0000949 seconds
[2025-10-02T09:14:50.499+0000][46789.486s][5523][5530][info ] Entering safepoint region: Cleanup
[2025-10-02T09:14:50.500+0000][46789.486s][5523][5530][info ] Leaving safepoint region
[2025-10-02T09:14:50.500+0000][46789.486s][5523][5530][info ] Total time for which application threads were stopped: 0.0001553 seconds, Stopping threads took: 0.0000270 seconds
[2025-10-02T09:14:51.500+0000][46790.486s][5523][5530][info ] Application time: 1.0001018 seconds
[2025-10-02T09:14:51.500+0000][46790.486s][5523][5530][info ] Entering safepoint region: Cleanup
[2025-10-02T09:14:51.500+0000][46790.486s][5523][5530][info ] Leaving safepoint region
[2025-10-02T09:14:51.500+0000][46790.486s][5523][5530][info ] Total time for which application threads were stopped: 0.0001424 seconds, Stopping threads took: 0.0000239 seconds
[2025-10-02T09:14:52.500+0000][46791.486s][5523][5530][info ] Application time: 1.0000986 seconds
[2025-10-02T09:14:52.500+0000][46791.486s][5523][5530][info ] Entering safepoint region: Cleanup
[2025-10-02T09:14:52.500+0000][46791.486s][5523][5530][info ] Leaving safepoint region
[2025-10-02T09:14:52.500+0000][46791.486s][5523][5530][info ] Total time for which application threads were stopped: 0.0001390 seconds, Stopping threads took: 0.0000241 seconds
[2025-10-02T09:14:53.106+0000][46792.093s][5523][5529][trace] CMS: promo attempt is safe: available(757274488) >= av_promo(11044653), max_promo(60710160)
[2025-10-02T09:14:53.500+0000][46792.486s][5523][5530][info ] Application time: 1.0000940 seconds
[2025-10-02T09:14:53.500+0000][46792.487s][5523][5530][info ] Entering safepoint region: Cleanup
[2025-10-02T09:14:53.500+0000][46792.487s][5523][5530][info ] Leaving safepoint region
[2025-10-02T09:14:53.500+0000][46792.487s][5523][5530][info ] Total time for which application threads were stopped: 0.0001366 seconds, Stopping threads took: 0.0000260 seconds
[2025-10-02T09:14:54.501+0000][46793.487s][5523][5530][info ] Application time: 1.0000951 seconds
[2025-10-02T09:14:54.501+0000][46793.487s][5523][5530][info ] Entering safepoint region: Cleanup
[2025-10-02T09:14:54.501+0000][46793.487s][5523][5530][info ] Leaving safepoint region
[2025-10-02T09:14:54.501+0000][46793.487s][5523][5530][info ] Total time for which application threads were stopped: 0.0001365 seconds, Stopping threads took: 0.0000240 seconds
[2025-10-02T09:14:55.501+0000][46794.487s][5523][5530][info ] Application time: 1.0000959 seconds
[2025-10-02T09:14:55.501+0000][46794.487s][5523][5530][info ] Entering safepoint region: Cleanup
[2025-10-02T09:14:55.501+0000][46794.487s][5523][5530][info ] Leaving safepoint region
[2025-10-02T09:14:55.501+0000][46794.487s][5523][5530][info ] Total time for which application threads were stopped: 0.0001374 seconds, Stopping threads took: 0.0000263 seconds
[2025-10-02T09:14:56.501+0000][46795.487s][5523][5530][info ] Application time: 1.0001014 seconds
[2025-10-02T09:14:56.501+0000][46795.487s][5523][5530][info ] Entering safepoint region: Cleanup
[2025-10-02T09:14:56.501+0000][46795.488s][5523][5530][info ] Leaving safepoint region
[2025-10-02T09:14:56.501+0000][46795.488s][5523][5530][info ] Total time for which application threads were stopped: 0.0001357 seconds, Stopping threads took: 0.0000251 seconds
[2025-10-02T09:14:57.501+0000][46796.488s][5523][5530][info ] Application time: 1.0001003 seconds
[2025-10-02T09:14:57.501+0000][46796.488s][5523][5530][info ] Entering safepoint region: Cleanup
[2025-10-02T09:14:57.502+0000][46796.488s][5523][5530][info ] Leaving safepoint region
[2025-10-02T09:14:57.502+0000][46796.488s][5523][5530][info ] Total time for which application threads were stopped: 0.0001660 seconds, Stopping threads took: 0.0000264 seconds
[2025-10-02T09:14:58.502+0000][46797.488s][5523][5530][info ] Application time: 1.0000827 seconds
[2025-10-02T09:14:58.502+0000][46797.488s][5523][5530][info ] Entering safepoint region: Cleanup
[2025-10-02T09:14:58.502+0000][46797.488s][5523][5530][info ] Leaving safepoint region
[2025-10-02T09:14:58.502+0000][46797.488s][5523][5530][info ] Total time for which application threads were stopped: 0.0001684 seconds, Stopping threads took: 0.0000324 seconds
[2025-10-02T09:14:59.502+0000][46798.488s][5523][5530][info ] Application time: 1.0000917 seconds
[2025-10-02T09:14:59.502+0000][46798.488s][5523][5530][info ] Entering safepoint region: Cleanup
[2025-10-02T09:14:59.502+0000][46798.488s][5523][5530][info ] Leaving safepoint region
[2025-10-02T09:14:59.502+0000][46798.488s][5523][5530][info ] Total time for which application threads were stopped: 0.0001307 seconds, Stopping threads took: 0.0000243 seconds
[2025-10-02T09:15:00.502+0000][46799.489s][5523][5530][info ] Application time: 1.0000872 seconds
[2025-10-02T09:15:00.502+0000][46799.489s][5523][5530][info ] Entering safepoint region: Cleanup
[2025-10-02T09:15:00.502+0000][46799.489s][5523][5530][info ] Leaving safepoint region
[2025-10-02T09:15:00.502+0000][46799.489s][5523][5530][info ] Total time for which application threads were stopped: 0.0001428 seconds, Stopping threads took: 0.0000266 seconds
[2025-10-02T09:15:01.503+0000][46800.489s][5523][5530][info ] Application time: 1.0001038 seconds
[2025-10-02T09:15:01.503+0000][46800.489s][5523][5530][info ] Entering safepoint region: Cleanup
[2025-10-02T09:15:01.503+0000][46800.489s][5523][5530][info ] Leaving safepoint region
[2025-10-02T09:15:01.503+0000][46800.489s][5523][5530][info ] Total time for which application threads were stopped: 0.0001407 seconds, Stopping threads took: 0.0000282 seconds
[2025-10-02T09:15:02.503+0000][46801.489s][5523][5530][info ] Application time: 1.0001028 seconds
[2025-10-02T09:15:02.503+0000][46801.489s][5523][5530][info ] Entering safepoint region: Cleanup
[2025-10-02T09:15:02.503+0000][46801.489s][5523][5530][info ] Leaving safepoint region
[2025-10-02T09:15:02.503+0000][46801.489s][5523][5530][info ] Total time for which application threads were stopped: 0.0002849 seconds, Stopping threads took: 0.0001735 seconds
[2025-10-02T09:15:03.106+0000][46802.093s][5523][5529][trace] CMS: promo attempt is safe: available(757274488) >= av_promo(11044653), max_promo(60864096)
[2025-10-02T09:15:03.503+0000][46802.490s][5523][5530][info ] Application time: 1.0000925 seconds
[2025-10-02T09:15:03.503+0000][46802.490s][5523][5530][info ] Entering safepoint region: Cleanup
[2025-10-02T09:15:03.504+0000][46802.490s][5523][5530][info ] Leaving safepoint region
[2025-10-02T09:15:03.504+0000][46802.490s][5523][5530][info ] Total time for which application threads were stopped: 0.0001648 seconds, Stopping threads took: 0.0000271 seconds
[2025-10-02T09:15:04.504+0000][46803.490s][5523][5530][info ] Application time: 1.0000753 seconds
[2025-10-02T09:15:04.504+0000][46803.490s][5523][5530][info ] Entering safepoint region: Cleanup
[2025-10-02T09:15:04.504+0000][46803.490s][5523][5530][info ] Leaving safepoint region
[2025-10-02T09:15:04.504+0000][46803.490s][5523][5530][info ] Total time for which application threads were stopped: 0.0001380 seconds, Stopping threads took: 0.0000263 seconds
[2025-10-02T09:15:05.504+0000][46804.490s][5523][5530][info ] Application time: 1.0000948 seconds
[2025-10-02T09:15:05.504+0000][46804.490s][5523][5530][info ] Entering safepoint region: Cleanup
[2025-10-02T09:15:05.504+0000][46804.490s][5523][5530][info ] Leaving safepoint region
[2025-10-02T09:15:05.504+0000][46804.490s][5523][5530][info ] Total time for which application threads were stopped: 0.0001494 seconds, Stopping threads took: 0.0000332 seconds
[2025-10-02T09:15:06.504+0000][46805.490s][5523][5530][info ] Application time: 1.0000864 seconds
[2025-10-02T09:15:06.504+0000][46805.491s][5523][5530][info ] Entering safepoint region: Cleanup
[2025-10-02T09:15:06.504+0000][46805.491s][5523][5530][info ] Leaving safepoint region
[2025-10-02T09:15:06.504+0000][46805.491s][5523][5530][info ] Total time for which application threads were stopped: 0.0001424 seconds, Stopping threads took: 0.0000253 seconds
[2025-10-02T09:15:07.505+0000][46806.491s][5523][5530][info ] Application time: 1.0000702 seconds
[2025-10-02T09:15:07.505+0000][46806.491s][5523][5530][info ] Entering safepoint region: Cleanup
[2025-10-02T09:15:07.505+0000][46806.491s][5523][5530][info ] Leaving safepoint region
[2025-10-02T09:15:07.505+0000][46806.491s][5523][5530][info ] Total time for which application threads were stopped: 0.0001378 seconds, Stopping threads took: 0.0000236 seconds
[2025-10-02T09:15:08.505+0000][46807.491s][5523][5530][info ] Application time: 1.0000907 seconds
[2025-10-02T09:15:08.505+0000][46807.491s][5523][5530][info ] Entering safepoint region: Cleanup
[2025-10-02T09:15:08.505+0000][46807.491s][5523][5530][info ] Leaving safepoint region
[2025-10-02T09:15:08.505+0000][46807.491s][5523][5530][info ] Total time for which application threads were stopped: 0.0001311 seconds, Stopping threads took: 0.0000238 seconds
[2025-10-02T09:15:09.505+0000][46808.491s][5523][5530][info ] Application time: 1.0000806 seconds
[2025-10-02T09:15:09.505+0000][46808.491s][5523][5530][info ] Entering safepoint region: Cleanup
[2025-10-02T09:15:09.505+0000][46808.491s][5523][5530][info ] Leaving safepoint region
[2025-10-02T09:15:09.505+0000][46808.491s][5523][5530][info ] Total time for which application threads were stopped: 0.0001286 seconds, Stopping threads took: 0.0000215 seconds
[2025-10-02T09:15:10.505+0000][46809.492s][5523][5530][info ] Application time: 1.0000957 seconds
[2025-10-02T09:15:10.505+0000][46809.492s][5523][5530][info ] Entering safepoint region: Cleanup
[2025-10-02T09:15:10.506+0000][46809.492s][5523][5530][info ] Leaving safepoint region
[2025-10-02T09:15:10.506+0000][46809.492s][5523][5530][info ] Total time for which application threads were stopped: 0.0001712 seconds, Stopping threads took: 0.0000269 seconds
[2025-10-02T09:15:11.506+0000][46810.492s][5523][5530][info ] Application time: 1.0000838 seconds
[2025-10-02T09:15:11.506+0000][46810.492s][5523][5530][info ] Entering safepoint region: Cleanup
[2025-10-02T09:15:11.506+0000][46810.492s][5523][5530][info ] Leaving safepoint region
[2025-10-02T09:15:11.506+0000][46810.492s][5523][5530][info ] Total time for which application threads were stopped: 0.0001479 seconds, Stopping threads took: 0.0000260 seconds
[2025-10-02T09:15:12.506+0000][46811.492s][5523][5530][info ] Application time: 1.0000871 seconds
[2025-10-02T09:15:12.506+0000][46811.492s][5523][5530][info ] Entering safepoint region: Cleanup
[2025-10-02T09:15:12.506+0000][46811.492s][5523][5530][info ] Leaving safepoint region
[2025-10-02T09:15:12.506+0000][46811.492s][5523][5530][info ] Total time for which application threads were stopped: 0.0001386 seconds, Stopping threads took: 0.0000237 seconds
[2025-10-02T09:15:13.106+0000][46812.093s][5523][5529][trace] CMS: promo attempt is safe: available(757274488) >= av_promo(11044653), max_promo(62803072)
[2025-10-02T09:15:13.506+0000][46812.492s][5523][5530][info ] Application time: 1.0000947 seconds
[2025-10-02T09:15:13.506+0000][46812.493s][5523][5530][info ] Entering safepoint region: Cleanup
[2025-10-02T09:15:13.506+0000][46812.493s][5523][5530][info ] Leaving safepoint region
[2025-10-02T09:15:13.506+0000][46812.493s][5523][5530][info ] Total time for which application threads were stopped: 0.0001385 seconds, Stopping threads took: 0.0000254 seconds
[2025-10-02T09:15:14.507+0000][46813.493s][5523][5530][info ] Application time: 1.0000915 seconds
[2025-10-02T09:15:14.507+0000][46813.493s][5523][5530][info ] Entering safepoint region: Cleanup
[2025-10-02T09:15:14.507+0000][46813.493s][5523][5530][info ] Leaving safepoint region
[2025-10-02T09:15:14.507+0000][46813.493s][5523][5530][info ] Total time for which application threads were stopped: 0.0001408 seconds, Stopping threads took: 0.0000257 seconds
[2025-10-02T09:15:15.507+0000][46814.493s][5523][5530][info ] Application time: 1.0001099 seconds
[2025-10-02T09:15:15.507+0000][46814.493s][5523][5530][info ] Entering safepoint region: Cleanup
[2025-10-02T09:15:15.507+0000][46814.493s][5523][5530][info ] Leaving safepoint region
[2025-10-02T09:15:15.507+0000][46814.493s][5523][5530][info ] Total time for which application threads were stopped: 0.0002178 seconds, Stopping threads took: 0.0000271 seconds
[2025-10-02T09:15:16.507+0000][46815.493s][5523][5530][info ] Application time: 1.0001043 seconds
[2025-10-02T09:15:16.507+0000][46815.494s][5523][5530][info ] Entering safepoint region: Cleanup
[2025-10-02T09:15:16.507+0000][46815.494s][5523][5530][info ] Leaving safepoint region
[2025-10-02T09:15:16.507+0000][46815.494s][5523][5530][info ] Total time for which application threads were stopped: 0.0001310 seconds, Stopping threads took: 0.0000246 seconds
[2025-10-02T09:15:17.508+0000][46816.494s][5523][5530][info ] Application time: 1.0001136 seconds
[2025-10-02T09:15:17.508+0000][46816.494s][5523][5530][info ] Entering safepoint region: Cleanup
[2025-10-02T09:15:17.508+0000][46816.494s][5523][5530][info ] Leaving safepoint region
[2025-10-02T09:15:17.508+0000][46816.494s][5523][5530][info ] Total time for which application threads were stopped: 0.0001514 seconds, Stopping threads took: 0.0000227 seconds
[2025-10-02T09:15:18.508+0000][46817.494s][5523][5530][info ] Application time: 1.0000951 seconds
[2025-10-02T09:15:18.508+0000][46817.494s][5523][5530][info ] Entering safepoint region: Cleanup
[2025-10-02T09:15:18.509+0000][46817.495s][5523][5530][info ] Leaving safepoint region
[2025-10-02T09:15:18.509+0000][46817.495s][5523][5530][info ] Total time for which application threads were stopped: 0.0012582 seconds, Stopping threads took: 0.0011235 seconds
[2025-10-02T09:15:19.509+0000][46818.495s][5523][5530][info ] Application time: 1.0000958 seconds
[2025-10-02T09:15:19.509+0000][46818.496s][5523][5530][info ] Entering safepoint region: Cleanup
[2025-10-02T09:15:19.509+0000][46818.496s][5523][5530][info ] Leaving safepoint region
[2025-10-02T09:15:19.509+0000][46818.496s][5523][5530][info ] Total time for which application threads were stopped: 0.0001451 seconds, Stopping threads took: 0.0000257 seconds
[2025-10-02T09:15:20.510+0000][46819.496s][5523][5530][info ] Application time: 1.0001012 seconds
[2025-10-02T09:15:20.510+0000][46819.496s][5523][5530][info ] Entering safepoint region: Cleanup
[2025-10-02T09:15:20.510+0000][46819.496s][5523][5530][info ] Leaving safepoint region
[2025-10-02T09:15:20.510+0000][46819.496s][5523][5530][info ] Total time for which application threads were stopped: 0.0001484 seconds, Stopping threads took: 0.0000243 seconds
[2025-10-02T09:15:21.510+0000][46820.496s][5523][5530][info ] Application time: 1.0001054 seconds
[2025-10-02T09:15:21.510+0000][46820.496s][5523][5530][info ] Entering safepoint region: Cleanup
[2025-10-02T09:15:21.510+0000][46820.496s][5523][5530][info ] Leaving safepoint region
[2025-10-02T09:15:21.510+0000][46820.496s][5523][5530][info ] Total time for which application threads were stopped: 0.0001362 seconds, Stopping threads took: 0.0000248 seconds
[2025-10-02T09:15:22.510+0000][46821.496s][5523][5530][info ] Application time: 1.0001037 seconds
[2025-10-02T09:15:22.510+0000][46821.496s][5523][5530][info ] Entering safepoint region: Cleanup
[2025-10-02T09:15:22.510+0000][46821.497s][5523][5530][info ] Leaving safepoint region
[2025-10-02T09:15:22.510+0000][46821.497s][5523][5530][info ] Total time for which application threads were stopped: 0.0001368 seconds, Stopping threads took: 0.0000249 seconds
[2025-10-02T09:15:23.105+0000][46822.092s][5523][5529][trace] CMS: promo attempt is safe: available(757274488) >= av_promo(11044653), max_promo(63490824)
[2025-10-02T09:15:23.510+0000][46822.497s][5523][5530][info ] Application time: 1.0000830 seconds
[2025-10-02T09:15:23.511+0000][46822.497s][5523][5530][info ] Entering safepoint region: Cleanup
[2025-10-02T09:15:23.511+0000][46822.497s][5523][5530][info ] Leaving safepoint region
[2025-10-02T09:15:23.511+0000][46822.497s][5523][5530][info ] Total time for which application threads were stopped: 0.0001566 seconds, Stopping threads took: 0.0000434 seconds
[2025-10-02T09:15:24.511+0000][46823.497s][5523][5530][info ] Application time: 1.0001023 seconds
[2025-10-02T09:15:24.511+0000][46823.497s][5523][5530][info ] Entering safepoint region: Cleanup
[2025-10-02T09:15:24.511+0000][46823.497s][5523][5530][info ] Leaving safepoint region
[2025-10-02T09:15:24.511+0000][46823.497s][5523][5530][info ] Total time for which application threads were stopped: 0.0001598 seconds, Stopping threads took: 0.0000423 seconds
[2025-10-02T09:15:25.511+0000][46824.497s][5523][5530][info ] Application time: 1.0001437 seconds
[2025-10-02T09:15:25.511+0000][46824.497s][5523][5530][info ] Entering safepoint region: Cleanup
[2025-10-02T09:15:25.511+0000][46824.498s][5523][5530][info ] Leaving safepoint region
[2025-10-02T09:15:25.511+0000][46824.498s][5523][5530][info ] Total time for which application threads were stopped: 0.0001372 seconds, Stopping threads took: 0.0000239 seconds
[2025-10-02T09:15:26.511+0000][46825.498s][5523][5530][info ] Application time: 1.0001026 seconds
[2025-10-02T09:15:26.511+0000][46825.498s][5523][5530][info ] Entering safepoint region: Cleanup
[2025-10-02T09:15:26.512+0000][46825.498s][5523][5530][info ] Leaving safepoint region
[2025-10-02T09:15:26.512+0000][46825.498s][5523][5530][info ] Total time for which application threads were stopped: 0.0001693 seconds, Stopping threads took: 0.0000265 seconds
[2025-10-02T09:15:27.512+0000][46826.498s][5523][5530][info ] Application time: 1.0000746 seconds
[2025-10-02T09:15:27.512+0000][46826.498s][5523][5530][info ] Entering safepoint region: Cleanup
[2025-10-02T09:15:27.512+0000][46826.498s][5523][5530][info ] Leaving safepoint region
[2025-10-02T09:15:27.512+0000][46826.498s][5523][5530][info ] Total time for which application threads were stopped: 0.0001351 seconds, Stopping threads took: 0.0000262 seconds
[2025-10-02T09:15:28.512+0000][46827.498s][5523][5530][info ] Application time: 1.0000848 seconds
[2025-10-02T09:15:28.512+0000][46827.498s][5523][5530][info ] Entering safepoint region: Cleanup
[2025-10-02T09:15:28.512+0000][46827.498s][5523][5530][info ] Leaving safepoint region
[2025-10-02T09:15:28.512+0000][46827.498s][5523][5530][info ] Total time for which application threads were stopped: 0.0001378 seconds, Stopping threads took: 0.0000234 seconds
[2025-10-02T09:15:29.512+0000][46828.498s][5523][5530][info ] Application time: 1.0000837 seconds
[2025-10-02T09:15:29.512+0000][46828.499s][5523][5530][info ] Entering safepoint region: Cleanup
[2025-10-02T09:15:29.512+0000][46828.499s][5523][5530][info ] Leaving safepoint region
[2025-10-02T09:15:29.512+0000][46828.499s][5523][5530][info ] Total time for which application threads were stopped: 0.0001640 seconds, Stopping threads took: 0.0000454 seconds
[2025-10-02T09:15:30.513+0000][46829.499s][5523][5530][info ] Application time: 1.0000816 seconds
[2025-10-02T09:15:30.513+0000][46829.499s][5523][5530][info ] Entering safepoint region: Cleanup
[2025-10-02T09:15:30.513+0000][46829.499s][5523][5530][info ] Leaving safepoint region
[2025-10-02T09:15:30.513+0000][46829.499s][5523][5530][info ] Total time for which application threads were stopped: 0.0001360 seconds, Stopping threads took: 0.0000271 seconds
[2025-10-02T09:15:31.513+0000][46830.499s][5523][5530][info ] Application time: 1.0000999 seconds
[2025-10-02T09:15:31.513+0000][46830.499s][5523][5530][info ] Entering safepoint region: Cleanup
[2025-10-02T09:15:31.513+0000][46830.499s][5523][5530][info ] Leaving safepoint region
[2025-10-02T09:15:31.513+0000][46830.499s][5523][5530][info ] Total time for which application threads were stopped: 0.0001417 seconds, Stopping threads took: 0.0000254 seconds
[2025-10-02T09:15:32.513+0000][46831.499s][5523][5530][info ] Application time: 1.0000995 seconds
[2025-10-02T09:15:32.513+0000][46831.499s][5523][5530][info ] Entering safepoint region: Cleanup
[2025-10-02T09:15:32.513+0000][46831.500s][5523][5530][info ] Leaving safepoint region
[2025-10-02T09:15:32.513+0000][46831.500s][5523][5530][info ] Total time for which application threads were stopped: 0.0001313 seconds, Stopping threads took: 0.0000246 seconds
[2025-10-02T09:15:33.105+0000][46832.092s][5523][5529][trace] CMS: promo attempt is safe: available(757274488) >= av_promo(11044653), max_promo(63535256)
[2025-10-02T09:15:33.513+0000][46832.500s][5523][5530][info ] Application time: 1.0000923 seconds
[2025-10-02T09:15:33.514+0000][46832.500s][5523][5530][info ] Entering safepoint region: Cleanup
[2025-10-02T09:15:33.514+0000][46832.500s][5523][5530][info ] Leaving safepoint region
[2025-10-02T09:15:33.514+0000][46832.500s][5523][5530][info ] Total time for which application threads were stopped: 0.0001701 seconds, Stopping threads took: 0.0000594 seconds
[2025-10-02T09:15:34.514+0000][46833.500s][5523][5530][info ] Application time: 1.0001153 seconds
[2025-10-02T09:15:34.514+0000][46833.500s][5523][5530][info ] Entering safepoint region: Cleanup
[2025-10-02T09:15:34.514+0000][46833.500s][5523][5530][info ] Leaving safepoint region
[2025-10-02T09:15:34.514+0000][46833.500s][5523][5530][info ] Total time for which application threads were stopped: 0.0001302 seconds, Stopping threads took: 0.0000237 seconds
[2025-10-02T09:15:35.514+0000][46834.500s][5523][5530][info ] Application time: 1.0001064 seconds
[2025-10-02T09:15:35.514+0000][46834.500s][5523][5530][info ] Entering safepoint region: Cleanup
[2025-10-02T09:15:35.514+0000][46834.500s][5523][5530][info ] Leaving safepoint region
[2025-10-02T09:15:35.514+0000][46834.500s][5523][5530][info ] Total time for which application threads were stopped: 0.0001378 seconds, Stopping threads took: 0.0000235 seconds
[2025-10-02T09:15:36.514+0000][46835.501s][5523][5530][info ] Application time: 1.0000924 seconds
[2025-10-02T09:15:36.514+0000][46835.501s][5523][5530][info ] Entering safepoint region: Cleanup
[2025-10-02T09:15:36.515+0000][46835.501s][5523][5530][info ] Leaving safepoint region
[2025-10-02T09:15:36.515+0000][46835.501s][5523][5530][info ] Total time for which application threads were stopped: 0.0001584 seconds, Stopping threads took: 0.0000269 seconds
[2025-10-02T09:15:37.515+0000][46836.501s][5523][5530][info ] Application time: 1.0000902 seconds
[2025-10-02T09:15:37.515+0000][46836.501s][5523][5530][info ] Entering safepoint region: Cleanup
[2025-10-02T09:15:37.515+0000][46836.501s][5523][5530][info ] Leaving safepoint region
[2025-10-02T09:15:37.515+0000][46836.501s][5523][5530][info ] Total time for which application threads were stopped: 0.0001406 seconds, Stopping threads took: 0.0000265 seconds
[2025-10-02T09:15:38.515+0000][46837.501s][5523][5530][info ] Application time: 1.0000854 seconds
[2025-10-02T09:15:38.515+0000][46837.501s][5523][5530][info ] Entering safepoint region: Cleanup
[2025-10-02T09:15:38.516+0000][46837.502s][5523][5530][info ] Leaving safepoint region
[2025-10-02T09:15:38.516+0000][46837.502s][5523][5530][info ] Total time for which application threads were stopped: 0.0012441 seconds, Stopping threads took: 0.0011064 seconds
[2025-10-02T09:15:39.516+0000][46838.503s][5523][5530][info ] Application time: 1.0000855 seconds
[2025-10-02T09:15:39.516+0000][46838.503s][5523][5530][info ] Entering safepoint region: Cleanup
[2025-10-02T09:15:39.517+0000][46838.503s][5523][5530][info ] Leaving safepoint region
[2025-10-02T09:15:39.517+0000][46838.503s][5523][5530][info ] Total time for which application threads were stopped: 0.0001584 seconds, Stopping threads took: 0.0000238 seconds
[2025-10-02T09:15:40.517+0000][46839.503s][5523][5530][info ] Application time: 1.0000978 seconds
[2025-10-02T09:15:40.517+0000][46839.503s][5523][5530][info ] Entering safepoint region: Cleanup
[2025-10-02T09:15:40.517+0000][46839.503s][5523][5530][info ] Leaving safepoint region
[2025-10-02T09:15:40.517+0000][46839.503s][5523][5530][info ] Total time for which application threads were stopped: 0.0001436 seconds, Stopping threads took: 0.0000277 seconds
[2025-10-02T09:15:41.517+0000][46840.503s][5523][5530][info ] Application time: 1.0000924 seconds
[2025-10-02T09:15:41.517+0000][46840.503s][5523][5530][info ] Entering safepoint region: Cleanup
[2025-10-02T09:15:41.517+0000][46840.503s][5523][5530][info ] Leaving safepoint region
[2025-10-02T09:15:41.517+0000][46840.503s][5523][5530][info ] Total time for which application threads were stopped: 0.0001444 seconds, Stopping threads took: 0.0000277 seconds
[2025-10-02T09:15:42.517+0000][46841.503s][5523][5530][info ] Application time: 1.0001048 seconds
[2025-10-02T09:15:42.517+0000][46841.504s][5523][5530][info ] Entering safepoint region: Cleanup
[2025-10-02T09:15:42.517+0000][46841.504s][5523][5530][info ] Leaving safepoint region
[2025-10-02T09:15:42.517+0000][46841.504s][5523][5530][info ] Total time for which application threads were stopped: 0.0001417 seconds, Stopping threads took: 0.0000255 seconds
[2025-10-02T09:15:43.106+0000][46842.092s][5523][5529][trace] CMS: promo attempt is safe: available(757274488) >= av_promo(11044653), max_promo(66170560)
[2025-10-02T09:15:43.518+0000][46842.504s][5523][5530][info ] Application time: 1.0001039 seconds
[2025-10-02T09:15:43.518+0000][46842.504s][5523][5530][info ] Entering safepoint region: Cleanup
[2025-10-02T09:15:43.518+0000][46842.504s][5523][5530][info ] Leaving safepoint region
[2025-10-02T09:15:43.518+0000][46842.504s][5523][5530][info ] Total time for which application threads were stopped: 0.0001433 seconds, Stopping threads took: 0.0000329 seconds
[2025-10-02T09:15:44.518+0000][46843.504s][5523][5530][info ] Application time: 1.0001069 seconds
[2025-10-02T09:15:44.518+0000][46843.504s][5523][5530][info ] Entering safepoint region: Cleanup
[2025-10-02T09:15:44.518+0000][46843.504s][5523][5530][info ] Leaving safepoint region
[2025-10-02T09:15:44.518+0000][46843.504s][5523][5530][info ] Total time for which application threads were stopped: 0.0001327 seconds, Stopping threads took: 0.0000247 seconds
[2025-10-02T09:15:45.518+0000][46844.504s][5523][5530][info ] Application time: 1.0001064 seconds
[2025-10-02T09:15:45.518+0000][46844.504s][5523][5530][info ] Entering safepoint region: Cleanup
[2025-10-02T09:15:45.518+0000][46844.505s][5523][5530][info ] Leaving safepoint region
[2025-10-02T09:15:45.518+0000][46844.505s][5523][5530][info ] Total time for which application threads were stopped: 0.0001406 seconds, Stopping threads took: 0.0000262 seconds
[2025-10-02T09:15:46.518+0000][46845.505s][5523][5530][info ] Application time: 1.0001094 seconds
[2025-10-02T09:15:46.519+0000][46845.505s][5523][5530][info ] Entering safepoint region: Cleanup
[2025-10-02T09:15:46.519+0000][46845.505s][5523][5530][info ] Leaving safepoint region
[2025-10-02T09:15:46.519+0000][46845.505s][5523][5530][info ] Total time for which application threads were stopped: 0.0001386 seconds, Stopping threads took: 0.0000262 seconds
[2025-10-02T09:15:47.519+0000][46846.505s][5523][5530][info ] Application time: 1.0001070 seconds
[2025-10-02T09:15:47.519+0000][46846.505s][5523][5530][info ] Entering safepoint region: Cleanup
[2025-10-02T09:15:47.519+0000][46846.505s][5523][5530][info ] Leaving safepoint region
[2025-10-02T09:15:47.519+0000][46846.505s][5523][5530][info ] Total time for which application threads were stopped: 0.0001354 seconds, Stopping threads took: 0.0000240 seconds
[2025-10-02T09:15:48.519+0000][46847.505s][5523][5530][info ] Application time: 1.0001604 seconds
[2025-10-02T09:15:48.519+0000][46847.505s][5523][5530][info ] Entering safepoint region: Cleanup
[2025-10-02T09:15:48.520+0000][46847.506s][5523][5530][info ] Leaving safepoint region
[2025-10-02T09:15:48.520+0000][46847.506s][5523][5530][info ] Total time for which application threads were stopped: 0.0009881 seconds, Stopping threads took: 0.0008695 seconds
[2025-10-02T09:15:49.520+0000][46848.507s][5523][5530][info ] Application time: 1.0001151 seconds
[2025-10-02T09:15:49.520+0000][46848.507s][5523][5530][info ] Entering safepoint region: Cleanup
[2025-10-02T09:15:49.521+0000][46848.507s][5523][5530][info ] Leaving safepoint region
[2025-10-02T09:15:49.521+0000][46848.507s][5523][5530][info ] Total time for which application threads were stopped: 0.0001700 seconds, Stopping threads took: 0.0000333 seconds
[2025-10-02T09:15:50.521+0000][46849.507s][5523][5530][info ] Application time: 1.0000998 seconds
[2025-10-02T09:15:50.521+0000][46849.507s][5523][5530][info ] Entering safepoint region: Cleanup
[2025-10-02T09:15:50.521+0000][46849.507s][5523][5530][info ] Leaving safepoint region
[2025-10-02T09:15:50.521+0000][46849.507s][5523][5530][info ] Total time for which application threads were stopped: 0.0001685 seconds, Stopping threads took: 0.0000259 seconds
[2025-10-02T09:15:51.521+0000][46850.507s][5523][5530][info ] Application time: 1.0001031 seconds
[2025-10-02T09:15:51.521+0000][46850.507s][5523][5530][info ] Entering safepoint region: Cleanup
[2025-10-02T09:15:51.521+0000][46850.507s][5523][5530][info ] Leaving safepoint region
[2025-10-02T09:15:51.521+0000][46850.507s][5523][5530][info ] Total time for which application threads were stopped: 0.0001381 seconds, Stopping threads took: 0.0000267 seconds
[2025-10-02T09:15:52.521+0000][46851.508s][5523][5530][info ] Application time: 1.0001014 seconds
[2025-10-02T09:15:52.521+0000][46851.508s][5523][5530][info ] Entering safepoint region: Cleanup
[2025-10-02T09:15:52.521+0000][46851.508s][5523][5530][info ] Leaving safepoint region
[2025-10-02T09:15:52.522+0000][46851.508s][5523][5530][info ] Total time for which application threads were stopped: 0.0001729 seconds, Stopping threads took: 0.0000252 seconds
[2025-10-02T09:15:53.106+0000][46852.092s][5523][5529][trace] CMS: promo attempt is safe: available(757274488) >= av_promo(11044653), max_promo(66206696)
[2025-10-02T09:15:53.522+0000][46852.508s][5523][5530][info ] Application time: 1.0000899 seconds
[2025-10-02T09:15:53.522+0000][46852.508s][5523][5530][info ] Entering safepoint region: Cleanup
[2025-10-02T09:15:53.522+0000][46852.508s][5523][5530][info ] Leaving safepoint region
[2025-10-02T09:15:53.522+0000][46852.508s][5523][5530][info ] Total time for which application threads were stopped: 0.0001512 seconds, Stopping threads took: 0.0000307 seconds
[2025-10-02T09:15:54.522+0000][46853.508s][5523][5530][info ] Application time: 1.0000840 seconds
[2025-10-02T09:15:54.522+0000][46853.508s][5523][5530][info ] Entering safepoint region: Cleanup
[2025-10-02T09:15:54.522+0000][46853.508s][5523][5530][info ] Leaving safepoint region
[2025-10-02T09:15:54.522+0000][46853.508s][5523][5530][info ] Total time for which application threads were stopped: 0.0001563 seconds, Stopping threads took: 0.0000282 seconds
[2025-10-02T09:15:55.522+0000][46854.508s][5523][5530][info ] Application time: 1.0000916 seconds
[2025-10-02T09:15:55.522+0000][46854.509s][5523][5530][info ] Entering safepoint region: Cleanup
[2025-10-02T09:15:55.522+0000][46854.509s][5523][5530][info ] Leaving safepoint region
[2025-10-02T09:15:55.522+0000][46854.509s][5523][5530][info ] Total time for which application threads were stopped: 0.0001357 seconds, Stopping threads took: 0.0000246 seconds
[2025-10-02T09:15:56.523+0000][46855.509s][5523][5530][info ] Application time: 1.0001209 seconds
[2025-10-02T09:15:56.523+0000][46855.509s][5523][5530][info ] Entering safepoint region: Cleanup
[2025-10-02T09:15:56.523+0000][46855.509s][5523][5530][info ] Leaving safepoint region
[2025-10-02T09:15:56.523+0000][46855.509s][5523][5530][info ] Total time for which application threads were stopped: 0.0001432 seconds, Stopping threads took: 0.0000284 seconds
[2025-10-02T09:15:57.523+0000][46856.509s][5523][5530][info ] Application time: 1.0000806 seconds
[2025-10-02T09:15:57.523+0000][46856.509s][5523][5530][info ] Entering safepoint region: Cleanup
[2025-10-02T09:15:57.523+0000][46856.509s][5523][5530][info ] Leaving safepoint region
[2025-10-02T09:15:57.523+0000][46856.509s][5523][5530][info ] Total time for which application threads were stopped: 0.0001403 seconds, Stopping threads took: 0.0000256 seconds
[2025-10-02T09:15:58.523+0000][46857.509s][5523][5530][info ] Application time: 1.0001018 seconds
[2025-10-02T09:15:58.523+0000][46857.510s][5523][5530][info ] Entering safepoint region: Cleanup
[2025-10-02T09:15:58.523+0000][46857.510s][5523][5530][info ] Leaving safepoint region
[2025-10-02T09:15:58.523+0000][46857.510s][5523][5530][info ] Total time for which application threads were stopped: 0.0001768 seconds, Stopping threads took: 0.0000425 seconds
[2025-10-02T09:15:59.524+0000][46858.510s][5523][5530][info ] Application time: 1.0000817 seconds
[2025-10-02T09:15:59.524+0000][46858.510s][5523][5530][info ] Entering safepoint region: Cleanup
[2025-10-02T09:15:59.524+0000][46858.510s][5523][5530][info ] Leaving safepoint region
[2025-10-02T09:15:59.524+0000][46858.510s][5523][5530][info ] Total time for which application threads were stopped: 0.0001362 seconds, Stopping threads took: 0.0000239 seconds
[2025-10-02T09:16:00.524+0000][46859.510s][5523][5530][info ] Application time: 1.0000816 seconds
[2025-10-02T09:16:00.524+0000][46859.510s][5523][5530][info ] Entering safepoint region: Cleanup
[2025-10-02T09:16:00.524+0000][46859.510s][5523][5530][info ] Leaving safepoint region
[2025-10-02T09:16:00.524+0000][46859.510s][5523][5530][info ] Total time for which application threads were stopped: 0.0001377 seconds, Stopping threads took: 0.0000272 seconds
[2025-10-02T09:16:01.524+0000][46860.510s][5523][5530][info ] Application time: 1.0001070 seconds
[2025-10-02T09:16:01.524+0000][46860.510s][5523][5530][info ] Entering safepoint region: Cleanup
[2025-10-02T09:16:01.524+0000][46860.511s][5523][5530][info ] Leaving safepoint region
[2025-10-02T09:16:01.524+0000][46860.511s][5523][5530][info ] Total time for which application threads were stopped: 0.0001382 seconds, Stopping threads took: 0.0000253 seconds
[2025-10-02T09:16:02.524+0000][46861.511s][5523][5530][info ] Application time: 1.0001020 seconds
[2025-10-02T09:16:02.524+0000][46861.511s][5523][5530][info ] Entering safepoint region: Cleanup
[2025-10-02T09:16:02.525+0000][46861.511s][5523][5530][info ] Leaving safepoint region
[2025-10-02T09:16:02.525+0000][46861.511s][5523][5530][info ] Total time for which application threads were stopped: 0.0001590 seconds, Stopping threads took: 0.0000241 seconds
[2025-10-02T09:16:03.106+0000][46862.092s][5523][5529][trace] CMS: promo attempt is safe: available(757274488) >= av_promo(11044653), max_promo(66958096)
[2025-10-02T09:16:03.525+0000][46862.511s][5523][5530][info ] Application time: 1.0001078 seconds
[2025-10-02T09:16:03.525+0000][46862.511s][5523][5530][info ] Entering safepoint region: Cleanup
[2025-10-02T09:16:03.525+0000][46862.511s][5523][5530][info ] Leaving safepoint region
[2025-10-02T09:16:03.525+0000][46862.511s][5523][5530][info ] Total time for which application threads were stopped: 0.0001364 seconds, Stopping threads took: 0.0000246 seconds
[2025-10-02T09:16:04.525+0000][46863.511s][5523][5530][info ] Application time: 1.0001047 seconds
[2025-10-02T09:16:04.525+0000][46863.511s][5523][5530][info ] Entering safepoint region: Cleanup
[2025-10-02T09:16:04.525+0000][46863.511s][5523][5530][info ] Leaving safepoint region
[2025-10-02T09:16:04.525+0000][46863.511s][5523][5530][info ] Total time for which application threads were stopped: 0.0001453 seconds, Stopping threads took: 0.0000243 seconds
[2025-10-02T09:16:05.525+0000][46864.512s][5523][5530][info ] Application time: 1.0000750 seconds
[2025-10-02T09:16:05.525+0000][46864.512s][5523][5530][info ] Entering safepoint region: Cleanup
[2025-10-02T09:16:05.525+0000][46864.512s][5523][5530][info ] Leaving safepoint region
[2025-10-02T09:16:05.525+0000][46864.512s][5523][5530][info ] Total time for which application threads were stopped: 0.0001328 seconds, Stopping threads took: 0.0000226 seconds
[2025-10-02T09:16:06.526+0000][46865.512s][5523][5530][info ] Application time: 1.0001004 seconds
[2025-10-02T09:16:06.526+0000][46865.512s][5523][5530][info ] Entering safepoint region: Cleanup
[2025-10-02T09:16:06.526+0000][46865.512s][5523][5530][info ] Leaving safepoint region
[2025-10-02T09:16:06.526+0000][46865.512s][5523][5530][info ] Total time for which application threads were stopped: 0.0001568 seconds, Stopping threads took: 0.0000247 seconds
[2025-10-02T09:16:07.526+0000][46866.512s][5523][5530][info ] Application time: 1.0001023 seconds
[2025-10-02T09:16:07.526+0000][46866.512s][5523][5530][info ] Entering safepoint region: Cleanup
[2025-10-02T09:16:07.526+0000][46866.512s][5523][5530][info ] Leaving safepoint region
[2025-10-02T09:16:07.526+0000][46866.512s][5523][5530][info ] Total time for which application threads were stopped: 0.0001308 seconds, Stopping threads took: 0.0000233 seconds
[2025-10-02T09:16:08.526+0000][46867.512s][5523][5530][info ] Application time: 1.0000936 seconds
[2025-10-02T09:16:08.526+0000][46867.513s][5523][5530][info ] Entering safepoint region: Cleanup
[2025-10-02T09:16:08.526+0000][46867.513s][5523][5530][info ] Leaving safepoint region
[2025-10-02T09:16:08.526+0000][46867.513s][5523][5530][info ] Total time for which application threads were stopped: 0.0001449 seconds, Stopping threads took: 0.0000250 seconds
[2025-10-02T09:16:09.527+0000][46868.513s][5523][5530][info ] Application time: 1.0001753 seconds
[2025-10-02T09:16:09.527+0000][46868.513s][5523][5530][info ] Entering safepoint region: Cleanup
[2025-10-02T09:16:09.527+0000][46868.513s][5523][5530][info ] Leaving safepoint region
[2025-10-02T09:16:09.527+0000][46868.513s][5523][5530][info ] Total time for which application threads were stopped: 0.0001430 seconds, Stopping threads took: 0.0000258 seconds
[2025-10-02T09:16:10.527+0000][46869.513s][5523][5530][info ] Application time: 1.0000773 seconds
[2025-10-02T09:16:10.527+0000][46869.513s][5523][5530][info ] Entering safepoint region: Cleanup
[2025-10-02T09:16:10.527+0000][46869.513s][5523][5530][info ] Leaving safepoint region
[2025-10-02T09:16:10.527+0000][46869.513s][5523][5530][info ] Total time for which application threads were stopped: 0.0002445 seconds, Stopping threads took: 0.0000247 seconds
[2025-10-02T09:16:11.527+0000][46870.514s][5523][5530][info ] Application time: 1.0000919 seconds
[2025-10-02T09:16:11.527+0000][46870.514s][5523][5530][info ] Entering safepoint region: Cleanup
[2025-10-02T09:16:11.527+0000][46870.514s][5523][5530][info ] Leaving safepoint region
[2025-10-02T09:16:11.527+0000][46870.514s][5523][5530][info ] Total time for which application threads were stopped: 0.0001308 seconds, Stopping threads took: 0.0000234 seconds
[2025-10-02T09:16:12.528+0000][46871.514s][5523][5530][info ] Application time: 1.0001201 seconds
[2025-10-02T09:16:12.528+0000][46871.514s][5523][5530][info ] Entering safepoint region: Cleanup
[2025-10-02T09:16:12.528+0000][46871.514s][5523][5530][info ] Leaving safepoint region
[2025-10-02T09:16:12.528+0000][46871.514s][5523][5530][info ] Total time for which application threads were stopped: 0.0001312 seconds, Stopping threads took: 0.0000245 seconds
[2025-10-02T09:16:13.106+0000][46872.092s][5523][5529][trace] CMS: promo attempt is safe: available(757274488) >= av_promo(11044653), max_promo(67197136)
[2025-10-02T09:16:13.528+0000][46872.514s][5523][5530][info ] Application time: 1.0000854 seconds
[2025-10-02T09:16:13.528+0000][46872.514s][5523][5530][info ] Entering safepoint region: Cleanup
[2025-10-02T09:16:13.528+0000][46872.514s][5523][5530][info ] Leaving safepoint region
[2025-10-02T09:16:13.528+0000][46872.514s][5523][5530][info ] Total time for which application threads were stopped: 0.0001433 seconds, Stopping threads took: 0.0000239 seconds
[2025-10-02T09:16:14.528+0000][46873.514s][5523][5530][info ] Application time: 1.0001021 seconds
[2025-10-02T09:16:14.528+0000][46873.514s][5523][5530][info ] Entering safepoint region: Cleanup
[2025-10-02T09:16:14.528+0000][46873.515s][5523][5530][info ] Leaving safepoint region
[2025-10-02T09:16:14.528+0000][46873.515s][5523][5530][info ] Total time for which application threads were stopped: 0.0001348 seconds, Stopping threads took: 0.0000248 seconds
[2025-10-02T09:16:15.528+0000][46874.515s][5523][5530][info ] Application time: 1.0001018 seconds
[2025-10-02T09:16:15.528+0000][46874.515s][5523][5530][info ] Entering safepoint region: Cleanup
[2025-10-02T09:16:15.529+0000][46874.515s][5523][5530][info ] Leaving safepoint region
[2025-10-02T09:16:15.529+0000][46874.515s][5523][5530][info ] Total time for which application threads were stopped: 0.0001576 seconds, Stopping threads took: 0.0000407 seconds
[2025-10-02T09:16:16.529+0000][46875.515s][5523][5530][info ] Application time: 1.0000847 seconds
[2025-10-02T09:16:16.529+0000][46875.515s][5523][5530][info ] Entering safepoint region: Cleanup
[2025-10-02T09:16:16.529+0000][46875.515s][5523][5530][info ] Leaving safepoint region
[2025-10-02T09:16:16.529+0000][46875.515s][5523][5530][info ] Total time for which application threads were stopped: 0.0001449 seconds, Stopping threads took: 0.0000374 seconds
[2025-10-02T09:16:17.529+0000][46876.515s][5523][5530][info ] Application time: 1.0001029 seconds
[2025-10-02T09:16:17.529+0000][46876.515s][5523][5530][info ] Entering safepoint region: Cleanup
[2025-10-02T09:16:17.529+0000][46876.515s][5523][5530][info ] Leaving safepoint region
[2025-10-02T09:16:17.529+0000][46876.515s][5523][5530][info ] Total time for which application threads were stopped: 0.0001315 seconds, Stopping threads took: 0.0000226 seconds
[2025-10-02T09:16:18.529+0000][46877.516s][5523][5530][info ] Application time: 1.0000876 seconds
[2025-10-02T09:16:18.529+0000][46877.516s][5523][5530][info ] Entering safepoint region: Cleanup
[2025-10-02T09:16:18.529+0000][46877.516s][5523][5530][info ] Leaving safepoint region
[2025-10-02T09:16:18.529+0000][46877.516s][5523][5530][info ] Total time for which application threads were stopped: 0.0001353 seconds, Stopping threads took: 0.0000269 seconds
[2025-10-02T09:16:19.530+0000][46878.516s][5523][5530][info ] Application time: 1.0000925 seconds
[2025-10-02T09:16:19.530+0000][46878.516s][5523][5530][info ] Entering safepoint region: Cleanup
[2025-10-02T09:16:19.530+0000][46878.516s][5523][5530][info ] Leaving safepoint region
[2025-10-02T09:16:19.530+0000][46878.516s][5523][5530][info ] Total time for which application threads were stopped: 0.0001475 seconds, Stopping threads took: 0.0000267 seconds
[2025-10-02T09:16:20.530+0000][46879.516s][5523][5530][info ] Application time: 1.0000926 seconds
[2025-10-02T09:16:20.530+0000][46879.516s][5523][5530][info ] Entering safepoint region: Cleanup
[2025-10-02T09:16:20.530+0000][46879.516s][5523][5530][info ] Leaving safepoint region
[2025-10-02T09:16:20.530+0000][46879.516s][5523][5530][info ] Total time for which application threads were stopped: 0.0001331 seconds, Stopping threads took: 0.0000238 seconds
[2025-10-02T09:16:21.530+0000][46880.516s][5523][5530][info ] Application time: 1.0001051 seconds
[2025-10-02T09:16:21.530+0000][46880.516s][5523][5530][info ] Entering safepoint region: Cleanup
[2025-10-02T09:16:21.530+0000][46880.517s][5523][5530][info ] Leaving safepoint region
[2025-10-02T09:16:21.530+0000][46880.517s][5523][5530][info ] Total time for which application threads were stopped: 0.0001360 seconds, Stopping threads took: 0.0000261 seconds
[2025-10-02T09:16:22.530+0000][46881.517s][5523][5530][info ] Application time: 1.0001079 seconds
[2025-10-02T09:16:22.531+0000][46881.517s][5523][5530][info ] Entering safepoint region: Cleanup
[2025-10-02T09:16:22.531+0000][46881.517s][5523][5530][info ] Leaving safepoint region
[2025-10-02T09:16:22.531+0000][46881.517s][5523][5530][info ] Total time for which application threads were stopped: 0.0001381 seconds, Stopping threads took: 0.0000267 seconds
[2025-10-02T09:16:23.106+0000][46882.092s][5523][5529][trace] CMS: promo attempt is safe: available(757274488) >= av_promo(11044653), max_promo(67197136)
[2025-10-02T09:16:23.531+0000][46882.517s][5523][5530][info ] Application time: 1.0001081 seconds
[2025-10-02T09:16:23.531+0000][46882.517s][5523][5530][info ] Entering safepoint region: Cleanup
[2025-10-02T09:16:23.531+0000][46882.517s][5523][5530][info ] Leaving safepoint region
[2025-10-02T09:16:23.531+0000][46882.517s][5523][5530][info ] Total time for which application threads were stopped: 0.0001336 seconds, Stopping threads took: 0.0000241 seconds
[2025-10-02T09:16:24.531+0000][46883.517s][5523][5530][info ] Application time: 1.0002109 seconds
[2025-10-02T09:16:24.531+0000][46883.517s][5523][5530][info ] Entering safepoint region: Cleanup
[2025-10-02T09:16:24.531+0000][46883.518s][5523][5530][info ] Leaving safepoint region
[2025-10-02T09:16:24.531+0000][46883.518s][5523][5530][info ] Total time for which application threads were stopped: 0.0001366 seconds, Stopping threads took: 0.0000243 seconds
[2025-10-02T09:16:25.532+0000][46884.518s][5523][5530][info ] Application time: 1.0001137 seconds
[2025-10-02T09:16:25.532+0000][46884.518s][5523][5530][info ] Entering safepoint region: Cleanup
[2025-10-02T09:16:25.532+0000][46884.518s][5523][5530][info ] Leaving safepoint region
[2025-10-02T09:16:25.532+0000][46884.518s][5523][5530][info ] Total time for which application threads were stopped: 0.0001370 seconds, Stopping threads took: 0.0000271 seconds
[2025-10-02T09:16:26.532+0000][46885.518s][5523][5530][info ] Application time: 1.0000804 seconds
[2025-10-02T09:16:26.532+0000][46885.518s][5523][5530][info ] Entering safepoint region: Cleanup
[2025-10-02T09:16:26.532+0000][46885.518s][5523][5530][info ] Leaving safepoint region
[2025-10-02T09:16:26.532+0000][46885.518s][5523][5530][info ] Total time for which application threads were stopped: 0.0001318 seconds, Stopping threads took: 0.0000241 seconds
[2025-10-02T09:16:27.532+0000][46886.518s][5523][5530][info ] Application time: 1.0000962 seconds
[2025-10-02T09:16:27.532+0000][46886.518s][5523][5530][info ] Entering safepoint region: Cleanup
[2025-10-02T09:16:27.532+0000][46886.518s][5523][5530][info ] Leaving safepoint region
[2025-10-02T09:16:27.532+0000][46886.518s][5523][5530][info ] Total time for which application threads were stopped: 0.0001327 seconds, Stopping threads took: 0.0000250 seconds
[2025-10-02T09:16:28.532+0000][46887.519s][5523][5530][info ] Application time: 1.0000927 seconds
[2025-10-02T09:16:28.532+0000][46887.519s][5523][5530][info ] Entering safepoint region: Cleanup
[2025-10-02T09:16:28.533+0000][46887.519s][5523][5530][info ] Leaving safepoint region
[2025-10-02T09:16:28.533+0000][46887.519s][5523][5530][info ] Total time for which application threads were stopped: 0.0001616 seconds, Stopping threads took: 0.0000245 seconds
[2025-10-02T09:16:29.533+0000][46888.519s][5523][5530][info ] Application time: 1.0000832 seconds
[2025-10-02T09:16:29.533+0000][46888.519s][5523][5530][info ] Entering safepoint region: Cleanup
[2025-10-02T09:16:29.533+0000][46888.519s][5523][5530][info ] Leaving safepoint region
[2025-10-02T09:16:29.533+0000][46888.519s][5523][5530][info ] Total time for which application threads were stopped: 0.0001358 seconds, Stopping threads took: 0.0000253 seconds
[2025-10-02T09:16:30.533+0000][46889.519s][5523][5530][info ] Application time: 1.0001025 seconds
[2025-10-02T09:16:30.533+0000][46889.519s][5523][5530][info ] Entering safepoint region: Cleanup
[2025-10-02T09:16:30.533+0000][46889.519s][5523][5530][info ] Leaving safepoint region
[2025-10-02T09:16:30.533+0000][46889.519s][5523][5530][info ] Total time for which application threads were stopped: 0.0001339 seconds, Stopping threads took: 0.0000233 seconds
[2025-10-02T09:16:31.533+0000][46890.519s][5523][5530][info ] Application time: 1.0001084 seconds
[2025-10-02T09:16:31.533+0000][46890.520s][5523][5530][info ] Entering safepoint region: Cleanup
[2025-10-02T09:16:31.533+0000][46890.520s][5523][5530][info ] Leaving safepoint region
[2025-10-02T09:16:31.533+0000][46890.520s][5523][5530][info ] Total time for which application threads were stopped: 0.0001367 seconds, Stopping threads took: 0.0000270 seconds
[2025-10-02T09:16:32.534+0000][46891.520s][5523][5530][info ] Application time: 1.0000947 seconds
[2025-10-02T09:16:32.534+0000][46891.520s][5523][5530][info ] Entering safepoint region: Cleanup
[2025-10-02T09:16:32.534+0000][46891.520s][5523][5530][info ] Leaving safepoint region
[2025-10-02T09:16:32.534+0000][46891.520s][5523][5530][info ] Total time for which application threads were stopped: 0.0001354 seconds, Stopping threads took: 0.0000238 seconds
[2025-10-02T09:16:33.106+0000][46892.092s][5523][5529][trace] CMS: promo attempt is safe: available(757274488) >= av_promo(11044653), max_promo(68339296)
[2025-10-02T09:16:33.534+0000][46892.520s][5523][5530][info ] Application time: 1.0000950 seconds
[2025-10-02T09:16:33.534+0000][46892.520s][5523][5530][info ] Entering safepoint region: Cleanup
[2025-10-02T09:16:33.534+0000][46892.520s][5523][5530][info ] Leaving safepoint region
[2025-10-02T09:16:33.534+0000][46892.520s][5523][5530][info ] Total time for which application threads were stopped: 0.0001686 seconds, Stopping threads took: 0.0000511 seconds
[2025-10-02T09:16:34.534+0000][46893.520s][5523][5530][info ] Application time: 1.0001105 seconds
[2025-10-02T09:16:34.534+0000][46893.520s][5523][5530][info ] Entering safepoint region: Cleanup
[2025-10-02T09:16:34.534+0000][46893.521s][5523][5530][info ] Leaving safepoint region
[2025-10-02T09:16:34.534+0000][46893.521s][5523][5530][info ] Total time for which application threads were stopped: 0.0001333 seconds, Stopping threads took: 0.0000240 seconds
[2025-10-02T09:16:35.534+0000][46894.521s][5523][5530][info ] Application time: 1.0000859 seconds
[2025-10-02T09:16:35.534+0000][46894.521s][5523][5530][info ] Entering safepoint region: Cleanup
[2025-10-02T09:16:35.535+0000][46894.521s][5523][5530][info ] Leaving safepoint region
[2025-10-02T09:16:35.535+0000][46894.521s][5523][5530][info ] Total time for which application threads were stopped: 0.0001542 seconds, Stopping threads took: 0.0000255 seconds
[2025-10-02T09:16:36.535+0000][46895.521s][5523][5530][info ] Application time: 1.0000865 seconds
[2025-10-02T09:16:36.535+0000][46895.521s][5523][5530][info ] Entering safepoint region: Cleanup
[2025-10-02T09:16:36.535+0000][46895.521s][5523][5530][info ] Leaving safepoint region
[2025-10-02T09:16:36.535+0000][46895.521s][5523][5530][info ] Total time for which application threads were stopped: 0.0001458 seconds, Stopping threads took: 0.0000299 seconds
[2025-10-02T09:16:37.535+0000][46896.521s][5523][5530][info ] Application time: 1.0001903 seconds
[2025-10-02T09:16:37.535+0000][46896.521s][5523][5530][info ] Entering safepoint region: Cleanup
[2025-10-02T09:16:37.535+0000][46896.522s][5523][5530][info ] Leaving safepoint region
[2025-10-02T09:16:37.535+0000][46896.522s][5523][5530][info ] Total time for which application threads were stopped: 0.0001554 seconds, Stopping threads took: 0.0000244 seconds
[2025-10-02T09:16:38.535+0000][46897.522s][5523][5530][info ] Application time: 1.0001037 seconds
[2025-10-02T09:16:38.536+0000][46897.522s][5523][5530][info ] Entering safepoint region: Cleanup
[2025-10-02T09:16:38.536+0000][46897.522s][5523][5530][info ] Leaving safepoint region
[2025-10-02T09:16:38.536+0000][46897.522s][5523][5530][info ] Total time for which application threads were stopped: 0.0001503 seconds, Stopping threads took: 0.0000410 seconds
[2025-10-02T09:16:39.536+0000][46898.522s][5523][5530][info ] Application time: 1.0000761 seconds
[2025-10-02T09:16:39.536+0000][46898.522s][5523][5530][info ] Entering safepoint region: Cleanup
[2025-10-02T09:16:39.536+0000][46898.522s][5523][5530][info ] Leaving safepoint region
[2025-10-02T09:16:39.536+0000][46898.522s][5523][5530][info ] Total time for which application threads were stopped: 0.0001504 seconds, Stopping threads took: 0.0000275 seconds
[2025-10-02T09:16:40.536+0000][46899.522s][5523][5530][info ] Application time: 1.0001125 seconds
[2025-10-02T09:16:40.536+0000][46899.522s][5523][5530][info ] Entering safepoint region: Cleanup
[2025-10-02T09:16:40.536+0000][46899.522s][5523][5530][info ] Leaving safepoint region
[2025-10-02T09:16:40.536+0000][46899.522s][5523][5530][info ] Total time for which application threads were stopped: 0.0001364 seconds, Stopping threads took: 0.0000252 seconds
[2025-10-02T09:16:41.536+0000][46900.523s][5523][5530][info ] Application time: 1.0001085 seconds
[2025-10-02T09:16:41.536+0000][46900.523s][5523][5530][info ] Entering safepoint region: Cleanup
[2025-10-02T09:16:41.537+0000][46900.523s][5523][5530][info ] Leaving safepoint region
[2025-10-02T09:16:41.537+0000][46900.523s][5523][5530][info ] Total time for which application threads were stopped: 0.0001579 seconds, Stopping threads took: 0.0000241 seconds
[2025-10-02T09:16:42.537+0000][46901.523s][5523][5530][info ] Application time: 1.0000957 seconds
[2025-10-02T09:16:42.537+0000][46901.523s][5523][5530][info ] Entering safepoint region: Cleanup
[2025-10-02T09:16:42.537+0000][46901.523s][5523][5530][info ] Leaving safepoint region
[2025-10-02T09:16:42.537+0000][46901.523s][5523][5530][info ] Total time for which application threads were stopped: 0.0001462 seconds, Stopping threads took: 0.0000389 seconds
[2025-10-02T09:16:43.105+0000][46902.091s][5523][5529][trace] CMS: promo attempt is safe: available(757274488) >= av_promo(11044653), max_promo(68454736)
[2025-10-02T09:16:43.537+0000][46902.523s][5523][5530][info ] Application time: 1.0001117 seconds
[2025-10-02T09:16:43.537+0000][46902.523s][5523][5530][info ] Entering safepoint region: Cleanup
[2025-10-02T09:16:43.537+0000][46902.523s][5523][5530][info ] Leaving safepoint region
[2025-10-02T09:16:43.537+0000][46902.523s][5523][5530][info ] Total time for which application threads were stopped: 0.0001455 seconds, Stopping threads took: 0.0000346 seconds
[2025-10-02T09:16:44.537+0000][46903.523s][5523][5530][info ] Application time: 1.0001068 seconds
[2025-10-02T09:16:44.537+0000][46903.524s][5523][5530][info ] Entering safepoint region: Cleanup
[2025-10-02T09:16:44.537+0000][46903.524s][5523][5530][info ] Leaving safepoint region
[2025-10-02T09:16:44.537+0000][46903.524s][5523][5530][info ] Total time for which application threads were stopped: 0.0001335 seconds, Stopping threads took: 0.0000221 seconds
[2025-10-02T09:16:45.538+0000][46904.524s][5523][5530][info ] Application time: 1.0001146 seconds
[2025-10-02T09:16:45.538+0000][46904.524s][5523][5530][info ] Entering safepoint region: Cleanup
[2025-10-02T09:16:45.538+0000][46904.524s][5523][5530][info ] Leaving safepoint region
[2025-10-02T09:16:45.538+0000][46904.524s][5523][5530][info ] Total time for which application threads were stopped: 0.0001450 seconds, Stopping threads took: 0.0000269 seconds
[2025-10-02T09:16:46.538+0000][46905.524s][5523][5530][info ] Application time: 1.0000971 seconds
[2025-10-02T09:16:46.538+0000][46905.524s][5523][5530][info ] Entering safepoint region: Cleanup
[2025-10-02T09:16:46.538+0000][46905.524s][5523][5530][info ] Leaving safepoint region
[2025-10-02T09:16:46.538+0000][46905.524s][5523][5530][info ] Total time for which application threads were stopped: 0.0001366 seconds, Stopping threads took: 0.0000283 seconds
[2025-10-02T09:16:47.538+0000][46906.524s][5523][5530][info ] Application time: 1.0000778 seconds
[2025-10-02T09:16:47.538+0000][46906.524s][5523][5530][info ] Entering safepoint region: Cleanup
[2025-10-02T09:16:47.538+0000][46906.525s][5523][5530][info ] Leaving safepoint region
[2025-10-02T09:16:47.538+0000][46906.525s][5523][5530][info ] Total time for which application threads were stopped: 0.0001341 seconds, Stopping threads took: 0.0000243 seconds
[2025-10-02T09:16:48.538+0000][46907.525s][5523][5530][info ] Application time: 1.0000903 seconds
[2025-10-02T09:16:48.538+0000][46907.525s][5523][5530][info ] Entering safepoint region: Cleanup
[2025-10-02T09:16:48.539+0000][46907.525s][5523][5530][info ] Leaving safepoint region
[2025-10-02T09:16:48.540+0000][46907.526s][5523][5530][info ] Total time for which application threads were stopped: 0.0016111 seconds, Stopping threads took: 0.0000241 seconds
[2025-10-02T09:16:49.540+0000][46908.526s][5523][5530][info ] Application time: 1.0000867 seconds
[2025-10-02T09:16:49.540+0000][46908.526s][5523][5530][info ] Entering safepoint region: Cleanup
[2025-10-02T09:16:49.540+0000][46908.527s][5523][5530][info ] Leaving safepoint region
[2025-10-02T09:16:49.540+0000][46908.527s][5523][5530][info ] Total time for which application threads were stopped: 0.0001380 seconds, Stopping threads took: 0.0000243 seconds
[2025-10-02T09:16:50.540+0000][46909.527s][5523][5530][info ] Application time: 1.0000983 seconds
[2025-10-02T09:16:50.541+0000][46909.527s][5523][5530][info ] Entering safepoint region: Cleanup
[2025-10-02T09:16:50.541+0000][46909.527s][5523][5530][info ] Leaving safepoint region
[2025-10-02T09:16:50.541+0000][46909.527s][5523][5530][info ] Total time for which application threads were stopped: 0.0001380 seconds, Stopping threads took: 0.0000246 seconds
[2025-10-02T09:16:51.541+0000][46910.527s][5523][5530][info ] Application time: 1.0000827 seconds
[2025-10-02T09:16:51.541+0000][46910.527s][5523][5530][info ] Entering safepoint region: Cleanup
[2025-10-02T09:16:51.541+0000][46910.527s][5523][5530][info ] Leaving safepoint region
[2025-10-02T09:16:51.541+0000][46910.527s][5523][5530][info ] Total time for which application threads were stopped: 0.0001386 seconds, Stopping threads took: 0.0000239 seconds
[2025-10-02T09:16:52.541+0000][46911.527s][5523][5530][info ] Application time: 1.0000905 seconds
[2025-10-02T09:16:52.541+0000][46911.527s][5523][5530][info ] Entering safepoint region: Cleanup
[2025-10-02T09:16:52.541+0000][46911.527s][5523][5530][info ] Leaving safepoint region
[2025-10-02T09:16:52.541+0000][46911.527s][5523][5530][info ] Total time for which application threads were stopped: 0.0001388 seconds, Stopping threads took: 0.0000290 seconds
[2025-10-02T09:16:53.104+0000][46912.091s][5523][5529][trace] CMS: promo attempt is safe: available(757274488) >= av_promo(11044653), max_promo(69107680)
[2025-10-02T09:16:53.541+0000][46912.528s][5523][5530][info ] Application time: 1.0000835 seconds
[2025-10-02T09:16:53.541+0000][46912.528s][5523][5530][info ] Entering safepoint region: Cleanup
[2025-10-02T09:16:53.542+0000][46912.528s][5523][5530][info ] Leaving safepoint region
[2025-10-02T09:16:53.542+0000][46912.528s][5523][5530][info ] Total time for which application threads were stopped: 0.0001610 seconds, Stopping threads took: 0.0000285 seconds
[2025-10-02T09:16:54.542+0000][46913.528s][5523][5530][info ] Application time: 1.0000866 seconds
[2025-10-02T09:16:54.542+0000][46913.528s][5523][5530][info ] Entering safepoint region: Cleanup
[2025-10-02T09:16:54.542+0000][46913.528s][5523][5530][info ] Leaving safepoint region
[2025-10-02T09:16:54.542+0000][46913.528s][5523][5530][info ] Total time for which application threads were stopped: 0.0001445 seconds, Stopping threads took: 0.0000242 seconds
[2025-10-02T09:16:55.542+0000][46914.528s][5523][5530][info ] Application time: 1.0000859 seconds
[2025-10-02T09:16:55.542+0000][46914.528s][5523][5530][info ] Entering safepoint region: Cleanup
[2025-10-02T09:16:55.542+0000][46914.528s][5523][5530][info ] Leaving safepoint region
[2025-10-02T09:16:55.542+0000][46914.528s][5523][5530][info ] Total time for which application threads were stopped: 0.0001332 seconds, Stopping threads took: 0.0000250 seconds
[2025-10-02T09:16:56.542+0000][46915.528s][5523][5530][info ] Application time: 1.0001032 seconds
[2025-10-02T09:16:56.542+0000][46915.529s][5523][5530][info ] Entering safepoint region: Cleanup
[2025-10-02T09:16:56.542+0000][46915.529s][5523][5530][info ] Leaving safepoint region
[2025-10-02T09:16:56.542+0000][46915.529s][5523][5530][info ] Total time for which application threads were stopped: 0.0001365 seconds, Stopping threads took: 0.0000257 seconds
[2025-10-02T09:16:57.543+0000][46916.529s][5523][5530][info ] Application time: 1.0000947 seconds
[2025-10-02T09:16:57.543+0000][46916.529s][5523][5530][info ] Entering safepoint region: Cleanup
[2025-10-02T09:16:57.543+0000][46916.529s][5523][5530][info ] Leaving safepoint region
[2025-10-02T09:16:57.543+0000][46916.529s][5523][5530][info ] Total time for which application threads were stopped: 0.0001397 seconds, Stopping threads took: 0.0000268 seconds
[2025-10-02T09:16:58.543+0000][46917.529s][5523][5530][info ] Application time: 1.0000873 seconds
[2025-10-02T09:16:58.543+0000][46917.529s][5523][5530][info ] Entering safepoint region: Cleanup
[2025-10-02T09:16:58.544+0000][46917.530s][5523][5530][info ] Leaving safepoint region
[2025-10-02T09:16:58.544+0000][46917.530s][5523][5530][info ] Total time for which application threads were stopped: 0.0012500 seconds, Stopping threads took: 0.0011112 seconds
[2025-10-02T09:16:59.544+0000][46918.530s][5523][5530][info ] Application time: 1.0000822 seconds
[2025-10-02T09:16:59.544+0000][46918.530s][5523][5530][info ] Entering safepoint region: Cleanup
[2025-10-02T09:16:59.544+0000][46918.531s][5523][5530][info ] Leaving safepoint region
[2025-10-02T09:16:59.544+0000][46918.531s][5523][5530][info ] Total time for which application threads were stopped: 0.0001541 seconds, Stopping threads took: 0.0000253 seconds
[2025-10-02T09:17:00.545+0000][46919.531s][5523][5530][info ] Application time: 1.0001197 seconds
[2025-10-02T09:17:00.545+0000][46919.531s][5523][5530][info ] Entering safepoint region: Cleanup
[2025-10-02T09:17:00.545+0000][46919.531s][5523][5530][info ] Leaving safepoint region
[2025-10-02T09:17:00.545+0000][46919.531s][5523][5530][info ] Total time for which application threads were stopped: 0.0001470 seconds, Stopping threads took: 0.0000260 seconds
[2025-10-02T09:17:01.545+0000][46920.531s][5523][5530][info ] Application time: 1.0001156 seconds
[2025-10-02T09:17:01.545+0000][46920.531s][5523][5530][info ] Entering safepoint region: Cleanup
[2025-10-02T09:17:01.545+0000][46920.531s][5523][5530][info ] Leaving safepoint region
[2025-10-02T09:17:01.545+0000][46920.531s][5523][5530][info ] Total time for which application threads were stopped: 0.0001560 seconds, Stopping threads took: 0.0000248 seconds
[2025-10-02T09:17:02.545+0000][46921.531s][5523][5530][info ] Application time: 1.0001120 seconds
[2025-10-02T09:17:02.545+0000][46921.531s][5523][5530][info ] Entering safepoint region: Cleanup
[2025-10-02T09:17:02.545+0000][46921.532s][5523][5530][info ] Leaving safepoint region
[2025-10-02T09:17:02.545+0000][46921.532s][5523][5530][info ] Total time for which application threads were stopped: 0.0001326 seconds, Stopping threads took: 0.0000233 seconds
[2025-10-02T09:17:03.104+0000][46922.091s][5523][5529][trace] CMS: promo attempt is safe: available(757274488) >= av_promo(11044653), max_promo(69258552)
[2025-10-02T09:17:03.545+0000][46922.532s][5523][5530][info ] Application time: 1.0000882 seconds
[2025-10-02T09:17:03.546+0000][46922.532s][5523][5530][info ] Entering safepoint region: Cleanup
[2025-10-02T09:17:03.546+0000][46922.532s][5523][5530][info ] Leaving safepoint region
[2025-10-02T09:17:03.546+0000][46922.532s][5523][5530][info ] Total time for which application threads were stopped: 0.0001632 seconds, Stopping threads took: 0.0000397 seconds
[2025-10-02T09:17:04.546+0000][46923.532s][5523][5530][info ] Application time: 1.0001102 seconds
[2025-10-02T09:17:04.546+0000][46923.532s][5523][5530][info ] Entering safepoint region: Cleanup
[2025-10-02T09:17:04.546+0000][46923.532s][5523][5530][info ] Leaving safepoint region
[2025-10-02T09:17:04.546+0000][46923.532s][5523][5530][info ] Total time for which application threads were stopped: 0.0001404 seconds, Stopping threads took: 0.0000226 seconds
[2025-10-02T09:17:05.546+0000][46924.532s][5523][5530][info ] Application time: 1.0001092 seconds
[2025-10-02T09:17:05.546+0000][46924.532s][5523][5530][info ] Entering safepoint region: Cleanup
[2025-10-02T09:17:05.546+0000][46924.532s][5523][5530][info ] Leaving safepoint region
[2025-10-02T09:17:05.546+0000][46924.533s][5523][5530][info ] Total time for which application threads were stopped: 0.0001434 seconds, Stopping threads took: 0.0000267 seconds
[2025-10-02T09:17:06.546+0000][46925.533s][5523][5530][info ] Application time: 1.0001025 seconds
[2025-10-02T09:17:06.546+0000][46925.533s][5523][5530][info ] Entering safepoint region: Cleanup
[2025-10-02T09:17:06.547+0000][46925.533s][5523][5530][info ] Leaving safepoint region
[2025-10-02T09:17:06.547+0000][46925.533s][5523][5530][info ] Total time for which application threads were stopped: 0.0001639 seconds, Stopping threads took: 0.0000279 seconds
[2025-10-02T09:17:07.547+0000][46926.533s][5523][5530][info ] Application time: 1.0000912 seconds
[2025-10-02T09:17:07.547+0000][46926.533s][5523][5530][info ] Entering safepoint region: Cleanup
[2025-10-02T09:17:07.547+0000][46926.533s][5523][5530][info ] Leaving safepoint region
[2025-10-02T09:17:07.547+0000][46926.533s][5523][5530][info ] Total time for which application threads were stopped: 0.0001408 seconds, Stopping threads took: 0.0000235 seconds
[2025-10-02T09:17:08.547+0000][46927.533s][5523][5530][info ] Application time: 1.0001234 seconds
[2025-10-02T09:17:08.547+0000][46927.533s][5523][5530][info ] Entering safepoint region: Cleanup
[2025-10-02T09:17:08.547+0000][46927.533s][5523][5530][info ] Leaving safepoint region
[2025-10-02T09:17:08.547+0000][46927.534s][5523][5530][info ] Total time for which application threads were stopped: 0.0001844 seconds, Stopping threads took: 0.0000354 seconds
[2025-10-02T09:17:09.547+0000][46928.534s][5523][5530][info ] Application time: 1.0000985 seconds
[2025-10-02T09:17:09.547+0000][46928.534s][5523][5530][info ] Entering safepoint region: Cleanup
[2025-10-02T09:17:09.548+0000][46928.534s][5523][5530][info ] Leaving safepoint region
[2025-10-02T09:17:09.548+0000][46928.534s][5523][5530][info ] Total time for which application threads were stopped: 0.0001691 seconds, Stopping threads took: 0.0000242 seconds
[2025-10-02T09:17:10.548+0000][46929.534s][5523][5530][info ] Application time: 1.0000970 seconds
[2025-10-02T09:17:10.548+0000][46929.534s][5523][5530][info ] Entering safepoint region: Cleanup
[2025-10-02T09:17:10.548+0000][46929.534s][5523][5530][info ] Leaving safepoint region
[2025-10-02T09:17:10.548+0000][46929.534s][5523][5530][info ] Total time for which application threads were stopped: 0.0001467 seconds, Stopping threads took: 0.0000267 seconds
[2025-10-02T09:17:11.548+0000][46930.534s][5523][5530][info ] Application time: 1.0000811 seconds
[2025-10-02T09:17:11.548+0000][46930.534s][5523][5530][info ] Entering safepoint region: Cleanup
[2025-10-02T09:17:11.548+0000][46930.534s][5523][5530][info ] Leaving safepoint region
[2025-10-02T09:17:11.548+0000][46930.534s][5523][5530][info ] Total time for which application threads were stopped: 0.0001375 seconds, Stopping threads took: 0.0000244 seconds
[2025-10-02T09:17:12.548+0000][46931.535s][5523][5530][info ] Application time: 1.0001020 seconds
[2025-10-02T09:17:12.548+0000][46931.535s][5523][5530][info ] Entering safepoint region: Cleanup
[2025-10-02T09:17:12.548+0000][46931.535s][5523][5530][info ] Leaving safepoint region
[2025-10-02T09:17:12.548+0000][46931.535s][5523][5530][info ] Total time for which application threads were stopped: 0.0001386 seconds, Stopping threads took: 0.0000244 seconds
[2025-10-02T09:17:13.104+0000][46932.090s][5523][5529][trace] CMS: promo attempt is safe: available(757274488) >= av_promo(11044653), max_promo(72359728)
[2025-10-02T09:17:13.549+0000][46932.535s][5523][5530][info ] Application time: 1.0001152 seconds
[2025-10-02T09:17:13.549+0000][46932.535s][5523][5530][info ] Entering safepoint region: Cleanup
[2025-10-02T09:17:13.549+0000][46932.535s][5523][5530][info ] Leaving safepoint region
[2025-10-02T09:17:13.549+0000][46932.535s][5523][5530][info ] Total time for which application threads were stopped: 0.0001339 seconds, Stopping threads took: 0.0000265 seconds
[2025-10-02T09:17:14.549+0000][46933.535s][5523][5530][info ] Application time: 1.0000490 seconds
[2025-10-02T09:17:14.549+0000][46933.535s][5523][5530][info ] Entering safepoint region: Cleanup
[2025-10-02T09:17:14.549+0000][46933.535s][5523][5530][info ] Leaving safepoint region
[2025-10-02T09:17:14.549+0000][46933.535s][5523][5530][info ] Total time for which application threads were stopped: 0.0001412 seconds, Stopping threads took: 0.0000249 seconds
[2025-10-02T09:17:15.549+0000][46934.535s][5523][5530][info ] Application time: 1.0000956 seconds
[2025-10-02T09:17:15.549+0000][46934.535s][5523][5530][info ] Entering safepoint region: Cleanup
[2025-10-02T09:17:15.549+0000][46934.536s][5523][5530][info ] Leaving safepoint region
[2025-10-02T09:17:15.549+0000][46934.536s][5523][5530][info ] Total time for which application threads were stopped: 0.0001321 seconds, Stopping threads took: 0.0000228 seconds
[2025-10-02T09:17:16.549+0000][46935.536s][5523][5530][info ] Application time: 1.0000841 seconds
[2025-10-02T09:17:16.549+0000][46935.536s][5523][5530][info ] Entering safepoint region: Cleanup
[2025-10-02T09:17:16.550+0000][46935.536s][5523][5530][info ] Leaving safepoint region
[2025-10-02T09:17:16.550+0000][46935.536s][5523][5530][info ] Total time for which application threads were stopped: 0.0001571 seconds, Stopping threads took: 0.0000255 seconds
[2025-10-02T09:17:17.550+0000][46936.536s][5523][5530][info ] Application time: 1.0000741 seconds
[2025-10-02T09:17:17.550+0000][46936.536s][5523][5530][info ] Entering safepoint region: Cleanup
[2025-10-02T09:17:17.550+0000][46936.536s][5523][5530][info ] Leaving safepoint region
[2025-10-02T09:17:17.550+0000][46936.536s][5523][5530][info ] Total time for which application threads were stopped: 0.0001352 seconds, Stopping threads took: 0.0000237 seconds
[2025-10-02T09:17:18.550+0000][46937.536s][5523][5530][info ] Application time: 1.0000783 seconds
[2025-10-02T09:17:18.550+0000][46937.536s][5523][5530][info ] Entering safepoint region: Cleanup
[2025-10-02T09:17:18.550+0000][46937.536s][5523][5530][info ] Leaving safepoint region
[2025-10-02T09:17:18.550+0000][46937.536s][5523][5530][info ] Total time for which application threads were stopped: 0.0001369 seconds, Stopping threads took: 0.0000269 seconds
[2025-10-02T09:17:19.550+0000][46938.537s][5523][5530][info ] Application time: 1.0001080 seconds
[2025-10-02T09:17:19.550+0000][46938.537s][5523][5530][info ] Entering safepoint region: Cleanup
[2025-10-02T09:17:19.550+0000][46938.537s][5523][5530][info ] Leaving safepoint region
[2025-10-02T09:17:19.550+0000][46938.537s][5523][5530][info ] Total time for which application threads were stopped: 0.0001359 seconds, Stopping threads took: 0.0000248 seconds
[2025-10-02T09:17:20.551+0000][46939.537s][5523][5530][info ] Application time: 1.0001100 seconds
[2025-10-02T09:17:20.551+0000][46939.537s][5523][5530][info ] Entering safepoint region: Cleanup
[2025-10-02T09:17:20.551+0000][46939.537s][5523][5530][info ] Leaving safepoint region
[2025-10-02T09:17:20.551+0000][46939.537s][5523][5530][info ] Total time for which application threads were stopped: 0.0001664 seconds, Stopping threads took: 0.0000277 seconds
[2025-10-02T09:17:21.551+0000][46940.537s][5523][5530][info ] Application time: 1.0000774 seconds
[2025-10-02T09:17:21.551+0000][46940.537s][5523][5530][info ] Entering safepoint region: Cleanup
[2025-10-02T09:17:21.551+0000][46940.537s][5523][5530][info ] Leaving safepoint region
[2025-10-02T09:17:21.551+0000][46940.537s][5523][5530][info ] Total time for which application threads were stopped: 0.0002210 seconds, Stopping threads took: 0.0000280 seconds
[2025-10-02T09:17:22.551+0000][46941.537s][5523][5530][info ] Application time: 1.0000798 seconds
[2025-10-02T09:17:22.551+0000][46941.538s][5523][5530][info ] Entering safepoint region: Cleanup
[2025-10-02T09:17:22.551+0000][46941.538s][5523][5530][info ] Leaving safepoint region
[2025-10-02T09:17:22.551+0000][46941.538s][5523][5530][info ] Total time for which application threads were stopped: 0.0001391 seconds, Stopping threads took: 0.0000265 seconds
[2025-10-02T09:17:23.104+0000][46942.090s][5523][5529][trace] CMS: promo attempt is safe: available(757274488) >= av_promo(11044653), max_promo(72588536)
[2025-10-02T09:17:23.552+0000][46942.538s][5523][5530][info ] Application time: 1.0000829 seconds
[2025-10-02T09:17:23.552+0000][46942.538s][5523][5530][info ] Entering safepoint region: Cleanup
[2025-10-02T09:17:23.552+0000][46942.538s][5523][5530][info ] Leaving safepoint region
[2025-10-02T09:17:23.552+0000][46942.538s][5523][5530][info ] Total time for which application threads were stopped: 0.0001370 seconds, Stopping threads took: 0.0000274 seconds
[2025-10-02T09:17:24.552+0000][46943.538s][5523][5530][info ] Application time: 1.0000890 seconds
[2025-10-02T09:17:24.552+0000][46943.538s][5523][5530][info ] Entering safepoint region: Cleanup
[2025-10-02T09:17:24.552+0000][46943.538s][5523][5530][info ] Leaving safepoint region
[2025-10-02T09:17:24.552+0000][46943.538s][5523][5530][info ] Total time for which application threads were stopped: 0.0001339 seconds, Stopping threads took: 0.0000247 seconds
[2025-10-02T09:17:25.552+0000][46944.538s][5523][5530][info ] Application time: 1.0001025 seconds
[2025-10-02T09:17:25.552+0000][46944.538s][5523][5530][info ] Entering safepoint region: Cleanup
[2025-10-02T09:17:25.552+0000][46944.539s][5523][5530][info ] Leaving safepoint region
[2025-10-02T09:17:25.552+0000][46944.539s][5523][5530][info ] Total time for which application threads were stopped: 0.0001529 seconds, Stopping threads took: 0.0000381 seconds
[2025-10-02T09:17:26.552+0000][46945.539s][5523][5530][info ] Application time: 1.0000998 seconds
[2025-10-02T09:17:26.552+0000][46945.539s][5523][5530][info ] Entering safepoint region: Cleanup
[2025-10-02T09:17:26.553+0000][46945.539s][5523][5530][info ] Leaving safepoint region
[2025-10-02T09:17:26.553+0000][46945.539s][5523][5530][info ] Total time for which application threads were stopped: 0.0001569 seconds, Stopping threads took: 0.0000262 seconds
[2025-10-02T09:17:27.553+0000][46946.539s][5523][5530][info ] Application time: 1.0000941 seconds
[2025-10-02T09:17:27.553+0000][46946.539s][5523][5530][info ] Entering safepoint region: Cleanup
[2025-10-02T09:17:27.553+0000][46946.539s][5523][5530][info ] Leaving safepoint region
[2025-10-02T09:17:27.553+0000][46946.539s][5523][5530][info ] Total time for which application threads were stopped: 0.0001312 seconds, Stopping threads took: 0.0000247 seconds
[2025-10-02T09:17:28.553+0000][46947.539s][5523][5530][info ] Application time: 1.0000832 seconds
[2025-10-02T09:17:28.553+0000][46947.539s][5523][5530][info ] Entering safepoint region: Cleanup
[2025-10-02T09:17:28.553+0000][46947.539s][5523][5530][info ] Leaving safepoint region
[2025-10-02T09:17:28.553+0000][46947.539s][5523][5530][info ] Total time for which application threads were stopped: 0.0001326 seconds, Stopping threads took: 0.0000244 seconds
[2025-10-02T09:17:29.553+0000][46948.540s][5523][5530][info ] Application time: 1.0000809 seconds
[2025-10-02T09:17:29.553+0000][46948.540s][5523][5530][info ] Entering safepoint region: Cleanup
[2025-10-02T09:17:29.553+0000][46948.540s][5523][5530][info ] Leaving safepoint region
[2025-10-02T09:17:29.553+0000][46948.540s][5523][5530][info ] Total time for which application threads were stopped: 0.0001375 seconds, Stopping threads took: 0.0000253 seconds
[2025-10-02T09:17:30.554+0000][46949.540s][5523][5530][info ] Application time: 1.0001029 seconds
[2025-10-02T09:17:30.554+0000][46949.540s][5523][5530][info ] Entering safepoint region: Cleanup
[2025-10-02T09:17:30.554+0000][46949.540s][5523][5530][info ] Leaving safepoint region
[2025-10-02T09:17:30.554+0000][46949.540s][5523][5530][info ] Total time for which application threads were stopped: 0.0001392 seconds, Stopping threads took: 0.0000265 seconds
[2025-10-02T09:17:31.554+0000][46950.540s][5523][5530][info ] Application time: 1.0000904 seconds
[2025-10-02T09:17:31.554+0000][46950.540s][5523][5530][info ] Entering safepoint region: Cleanup
[2025-10-02T09:17:31.554+0000][46950.540s][5523][5530][info ] Leaving safepoint region
[2025-10-02T09:17:31.554+0000][46950.540s][5523][5530][info ] Total time for which application threads were stopped: 0.0001383 seconds, Stopping threads took: 0.0000253 seconds
[2025-10-02T09:17:32.554+0000][46951.540s][5523][5530][info ] Application time: 1.0000847 seconds
[2025-10-02T09:17:32.554+0000][46951.540s][5523][5530][info ] Entering safepoint region: Cleanup
[2025-10-02T09:17:32.554+0000][46951.541s][5523][5530][info ] Leaving safepoint region
[2025-10-02T09:17:32.554+0000][46951.541s][5523][5530][info ] Total time for which application threads were stopped: 0.0001352 seconds, Stopping threads took: 0.0000249 seconds
[2025-10-02T09:17:33.103+0000][46952.090s][5523][5529][trace] CMS: promo attempt is safe: available(757274488) >= av_promo(11044653), max_promo(74418448)
[2025-10-02T09:17:33.554+0000][46952.541s][5523][5530][info ] Application time: 1.0000997 seconds
[2025-10-02T09:17:33.554+0000][46952.541s][5523][5530][info ] Entering safepoint region: Cleanup
[2025-10-02T09:17:33.555+0000][46952.541s][5523][5530][info ] Leaving safepoint region
[2025-10-02T09:17:33.555+0000][46952.541s][5523][5530][info ] Total time for which application threads were stopped: 0.0001657 seconds, Stopping threads took: 0.0000456 seconds
[2025-10-02T09:17:34.555+0000][46953.541s][5523][5530][info ] Application time: 1.0000933 seconds
[2025-10-02T09:17:34.555+0000][46953.541s][5523][5530][info ] Entering safepoint region: Cleanup
[2025-10-02T09:17:34.555+0000][46953.541s][5523][5530][info ] Leaving safepoint region
[2025-10-02T09:17:34.555+0000][46953.541s][5523][5530][info ] Total time for which application threads were stopped: 0.0001477 seconds, Stopping threads took: 0.0000235 seconds
[2025-10-02T09:17:35.555+0000][46954.541s][5523][5530][info ] Application time: 1.0002006 seconds
[2025-10-02T09:17:35.555+0000][46954.541s][5523][5530][info ] Entering safepoint region: Cleanup
[2025-10-02T09:17:35.555+0000][46954.542s][5523][5530][info ] Leaving safepoint region
[2025-10-02T09:17:35.555+0000][46954.542s][5523][5530][info ] Total time for which application threads were stopped: 0.0001491 seconds, Stopping threads took: 0.0000231 seconds
[2025-10-02T09:17:36.555+0000][46955.542s][5523][5530][info ] Application time: 1.0001063 seconds
[2025-10-02T09:17:36.556+0000][46955.542s][5523][5530][info ] Entering safepoint region: Cleanup
[2025-10-02T09:17:36.556+0000][46955.542s][5523][5530][info ] Leaving safepoint region
[2025-10-02T09:17:36.556+0000][46955.542s][5523][5530][info ] Total time for which application threads were stopped: 0.0001367 seconds, Stopping threads took: 0.0000264 seconds
[2025-10-02T09:17:37.556+0000][46956.542s][5523][5530][info ] Application time: 1.0001075 seconds
[2025-10-02T09:17:37.556+0000][46956.542s][5523][5530][info ] Entering safepoint region: Cleanup
[2025-10-02T09:17:37.556+0000][46956.542s][5523][5530][info ] Leaving safepoint region
[2025-10-02T09:17:37.556+0000][46956.542s][5523][5530][info ] Total time for which application threads were stopped: 0.0001430 seconds, Stopping threads took: 0.0000279 seconds
[2025-10-02T09:17:38.556+0000][46957.542s][5523][5530][info ] Application time: 1.0001006 seconds
[2025-10-02T09:17:38.556+0000][46957.542s][5523][5530][info ] Entering safepoint region: Cleanup
[2025-10-02T09:17:38.556+0000][46957.542s][5523][5530][info ] Leaving safepoint region
[2025-10-02T09:17:38.556+0000][46957.542s][5523][5530][info ] Total time for which application threads were stopped: 0.0001380 seconds, Stopping threads took: 0.0000247 seconds
[2025-10-02T09:17:39.556+0000][46958.543s][5523][5530][info ] Application time: 1.0000915 seconds
[2025-10-02T09:17:39.556+0000][46958.543s][5523][5530][info ] Entering safepoint region: Cleanup
[2025-10-02T09:17:39.557+0000][46958.543s][5523][5530][info ] Leaving safepoint region
[2025-10-02T09:17:39.557+0000][46958.543s][5523][5530][info ] Total time for which application threads were stopped: 0.0001625 seconds, Stopping threads took: 0.0000240 seconds
[2025-10-02T09:17:40.557+0000][46959.543s][5523][5530][info ] Application time: 1.0001053 seconds
[2025-10-02T09:17:40.557+0000][46959.543s][5523][5530][info ] Entering safepoint region: Cleanup
[2025-10-02T09:17:40.557+0000][46959.543s][5523][5530][info ] Leaving safepoint region
[2025-10-02T09:17:40.557+0000][46959.543s][5523][5530][info ] Total time for which application threads were stopped: 0.0001350 seconds, Stopping threads took: 0.0000244 seconds
[2025-10-02T09:17:41.557+0000][46960.543s][5523][5530][info ] Application time: 1.0001013 seconds
[2025-10-02T09:17:41.557+0000][46960.543s][5523][5530][info ] Entering safepoint region: Cleanup
[2025-10-02T09:17:41.557+0000][46960.543s][5523][5530][info ] Leaving safepoint region
[2025-10-02T09:17:41.557+0000][46960.543s][5523][5530][info ] Total time for which application threads were stopped: 0.0001343 seconds, Stopping threads took: 0.0000240 seconds
[2025-10-02T09:17:42.557+0000][46961.544s][5523][5530][info ] Application time: 1.0000984 seconds
[2025-10-02T09:17:42.557+0000][46961.544s][5523][5530][info ] Entering safepoint region: Cleanup
[2025-10-02T09:17:42.557+0000][46961.544s][5523][5530][info ] Leaving safepoint region
[2025-10-02T09:17:42.557+0000][46961.544s][5523][5530][info ] Total time for which application threads were stopped: 0.0001331 seconds, Stopping threads took: 0.0000251 seconds
[2025-10-02T09:17:43.103+0000][46962.089s][5523][5529][trace] CMS: promo attempt is safe: available(757274488) >= av_promo(11044653), max_promo(74566728)
[2025-10-02T09:17:43.558+0000][46962.544s][5523][5530][info ] Application time: 1.0001035 seconds
[2025-10-02T09:17:43.558+0000][46962.544s][5523][5530][info ] Entering safepoint region: Cleanup
[2025-10-02T09:17:43.558+0000][46962.544s][5523][5530][info ] Leaving safepoint region
[2025-10-02T09:17:43.558+0000][46962.544s][5523][5530][info ] Total time for which application threads were stopped: 0.0001328 seconds, Stopping threads took: 0.0000234 seconds
[2025-10-02T09:17:44.558+0000][46963.544s][5523][5530][info ] Application time: 1.0000994 seconds
[2025-10-02T09:17:44.558+0000][46963.544s][5523][5530][info ] Entering safepoint region: Cleanup
[2025-10-02T09:17:44.558+0000][46963.544s][5523][5530][info ] Leaving safepoint region
[2025-10-02T09:17:44.558+0000][46963.544s][5523][5530][info ] Total time for which application threads were stopped: 0.0001342 seconds, Stopping threads took: 0.0000237 seconds
[2025-10-02T09:17:45.558+0000][46964.544s][5523][5530][info ] Application time: 1.0001053 seconds
[2025-10-02T09:17:45.558+0000][46964.544s][5523][5530][info ] Entering safepoint region: Cleanup
[2025-10-02T09:17:45.558+0000][46964.545s][5523][5530][info ] Leaving safepoint region
[2025-10-02T09:17:45.558+0000][46964.545s][5523][5530][info ] Total time for which application threads were stopped: 0.0001463 seconds, Stopping threads took: 0.0000245 seconds
[2025-10-02T09:17:46.558+0000][46965.545s][5523][5530][info ] Application time: 1.0001051 seconds
[2025-10-02T09:17:46.559+0000][46965.545s][5523][5530][info ] Entering safepoint region: Cleanup
[2025-10-02T09:17:46.559+0000][46965.545s][5523][5530][info ] Leaving safepoint region
[2025-10-02T09:17:46.559+0000][46965.545s][5523][5530][info ] Total time for which application threads were stopped: 0.0001472 seconds, Stopping threads took: 0.0000250 seconds
[2025-10-02T09:17:47.559+0000][46966.545s][5523][5530][info ] Application time: 1.0000977 seconds
[2025-10-02T09:17:47.559+0000][46966.545s][5523][5530][info ] Entering safepoint region: Cleanup
[2025-10-02T09:17:47.559+0000][46966.545s][5523][5530][info ] Leaving safepoint region
[2025-10-02T09:17:47.559+0000][46966.545s][5523][5530][info ] Total time for which application threads were stopped: 0.0001419 seconds, Stopping threads took: 0.0000248 seconds
[2025-10-02T09:17:48.559+0000][46967.545s][5523][5530][info ] Application time: 1.0001611 seconds
[2025-10-02T09:17:48.559+0000][46967.545s][5523][5530][info ] Entering safepoint region: Cleanup
[2025-10-02T09:17:48.559+0000][46967.546s][5523][5530][info ] Leaving safepoint region
[2025-10-02T09:17:48.559+0000][46967.546s][5523][5530][info ] Total time for which application threads were stopped: 0.0001480 seconds, Stopping threads took: 0.0000253 seconds
[2025-10-02T09:17:49.559+0000][46968.546s][5523][5530][info ] Application time: 1.0000932 seconds
[2025-10-02T09:17:49.560+0000][46968.546s][5523][5530][info ] Entering safepoint region: Cleanup
[2025-10-02T09:17:49.560+0000][46968.546s][5523][5530][info ] Leaving safepoint region
[2025-10-02T09:17:49.560+0000][46968.546s][5523][5530][info ] Total time for which application threads were stopped: 0.0001541 seconds, Stopping threads took: 0.0000430 seconds
[2025-10-02T09:17:50.560+0000][46969.546s][5523][5530][info ] Application time: 1.0001051 seconds
[2025-10-02T09:17:50.560+0000][46969.546s][5523][5530][info ] Entering safepoint region: Cleanup
[2025-10-02T09:17:50.560+0000][46969.546s][5523][5530][info ] Leaving safepoint region
[2025-10-02T09:17:50.560+0000][46969.546s][5523][5530][info ] Total time for which application threads were stopped: 0.0001392 seconds, Stopping threads took: 0.0000245 seconds
[2025-10-02T09:17:51.560+0000][46970.546s][5523][5530][info ] Application time: 1.0001040 seconds
[2025-10-02T09:17:51.560+0000][46970.546s][5523][5530][info ] Entering safepoint region: Cleanup
[2025-10-02T09:17:51.560+0000][46970.546s][5523][5530][info ] Leaving safepoint region
[2025-10-02T09:17:51.560+0000][46970.546s][5523][5530][info ] Total time for which application threads were stopped: 0.0001533 seconds, Stopping threads took: 0.0000408 seconds
[2025-10-02T09:17:52.560+0000][46971.547s][5523][5530][info ] Application time: 1.0000744 seconds
[2025-10-02T09:17:52.560+0000][46971.547s][5523][5530][info ] Entering safepoint region: Cleanup
[2025-10-02T09:17:52.561+0000][46971.547s][5523][5530][info ] Leaving safepoint region
[2025-10-02T09:17:52.561+0000][46971.547s][5523][5530][info ] Total time for which application threads were stopped: 0.0001585 seconds, Stopping threads took: 0.0000248 seconds
[2025-10-02T09:17:53.103+0000][46972.089s][5523][5529][trace] CMS: promo attempt is safe: available(757274488) >= av_promo(11044653), max_promo(74714976)
[2025-10-02T09:17:53.561+0000][46972.547s][5523][5530][info ] Application time: 1.0000803 seconds
[2025-10-02T09:17:53.561+0000][46972.547s][5523][5530][info ] Entering safepoint region: Cleanup
[2025-10-02T09:17:53.561+0000][46972.547s][5523][5530][info ] Leaving safepoint region
[2025-10-02T09:17:53.561+0000][46972.547s][5523][5530][info ] Total time for which application threads were stopped: 0.0001367 seconds, Stopping threads took: 0.0000248 seconds
[2025-10-02T09:17:54.561+0000][46973.547s][5523][5530][info ] Application time: 1.0001744 seconds
[2025-10-02T09:17:54.561+0000][46973.547s][5523][5530][info ] Entering safepoint region: Cleanup
[2025-10-02T09:17:54.561+0000][46973.547s][5523][5530][info ] Leaving safepoint region
[2025-10-02T09:17:54.561+0000][46973.547s][5523][5530][info ] Total time for which application threads were stopped: 0.0001430 seconds, Stopping threads took: 0.0000270 seconds
[2025-10-02T09:17:55.561+0000][46974.548s][5523][5530][info ] Application time: 1.0000984 seconds
[2025-10-02T09:17:55.561+0000][46974.548s][5523][5530][info ] Entering safepoint region: Cleanup
[2025-10-02T09:17:55.562+0000][46974.548s][5523][5530][info ] Leaving safepoint region
[2025-10-02T09:17:55.562+0000][46974.548s][5523][5530][info ] Total time for which application threads were stopped: 0.0001784 seconds, Stopping threads took: 0.0000303 seconds
[2025-10-02T09:17:56.562+0000][46975.548s][5523][5530][info ] Application time: 1.0001047 seconds
[2025-10-02T09:17:56.562+0000][46975.548s][5523][5530][info ] Entering safepoint region: Cleanup
[2025-10-02T09:17:56.562+0000][46975.548s][5523][5530][info ] Leaving safepoint region
[2025-10-02T09:17:56.562+0000][46975.548s][5523][5530][info ] Total time for which application threads were stopped: 0.0001357 seconds, Stopping threads took: 0.0000255 seconds
[2025-10-02T09:17:57.562+0000][46976.548s][5523][5530][info ] Application time: 1.0000814 seconds
[2025-10-02T09:17:57.562+0000][46976.548s][5523][5530][info ] Entering safepoint region: Cleanup
[2025-10-02T09:17:57.562+0000][46976.548s][5523][5530][info ] Leaving safepoint region
[2025-10-02T09:17:57.562+0000][46976.548s][5523][5530][info ] Total time for which application threads were stopped: 0.0001386 seconds, Stopping threads took: 0.0000240 seconds
[2025-10-02T09:17:58.562+0000][46977.548s][5523][5530][info ] Application time: 1.0000958 seconds
[2025-10-02T09:17:58.562+0000][46977.549s][5523][5530][info ] Entering safepoint region: Cleanup
[2025-10-02T09:17:58.562+0000][46977.549s][5523][5530][info ] Leaving safepoint region
[2025-10-02T09:17:58.562+0000][46977.549s][5523][5530][info ] Total time for which application threads were stopped: 0.0001412 seconds, Stopping threads took: 0.0000262 seconds
[2025-10-02T09:17:59.563+0000][46978.549s][5523][5530][info ] Application time: 1.0000837 seconds
[2025-10-02T09:17:59.563+0000][46978.549s][5523][5530][info ] Entering safepoint region: Cleanup
[2025-10-02T09:17:59.563+0000][46978.549s][5523][5530][info ] Leaving safepoint region
[2025-10-02T09:17:59.563+0000][46978.549s][5523][5530][info ] Total time for which application threads were stopped: 0.0001373 seconds, Stopping threads took: 0.0000277 seconds
[2025-10-02T09:18:00.563+0000][46979.549s][5523][5530][info ] Application time: 1.0001025 seconds
[2025-10-02T09:18:00.563+0000][46979.549s][5523][5530][info ] Entering safepoint region: Cleanup
[2025-10-02T09:18:00.563+0000][46979.549s][5523][5530][info ] Leaving safepoint region
[2025-10-02T09:18:00.563+0000][46979.549s][5523][5530][info ] Total time for which application threads were stopped: 0.0002782 seconds, Stopping threads took: 0.0000252 seconds
[2025-10-02T09:18:01.563+0000][46980.550s][5523][5530][info ] Application time: 1.0001219 seconds
[2025-10-02T09:18:01.563+0000][46980.550s][5523][5530][info ] Entering safepoint region: Cleanup
[2025-10-02T09:18:01.563+0000][46980.550s][5523][5530][info ] Leaving safepoint region
[2025-10-02T09:18:01.563+0000][46980.550s][5523][5530][info ] Total time for which application threads were stopped: 0.0001498 seconds, Stopping threads took: 0.0000324 seconds
[2025-10-02T09:18:02.564+0000][46981.550s][5523][5530][info ] Application time: 1.0001867 seconds
[2025-10-02T09:18:02.564+0000][46981.550s][5523][5530][info ] Entering safepoint region: Cleanup
[2025-10-02T09:18:02.564+0000][46981.550s][5523][5530][info ] Leaving safepoint region
[2025-10-02T09:18:02.564+0000][46981.550s][5523][5530][info ] Total time for which application threads were stopped: 0.0001395 seconds, Stopping threads took: 0.0000245 seconds
[2025-10-02T09:18:03.102+0000][46982.088s][5523][5529][trace] CMS: promo attempt is safe: available(757274488) >= av_promo(11044653), max_promo(74755952)
[2025-10-02T09:18:03.564+0000][46982.550s][5523][5530][info ] Application time: 1.0000947 seconds
[2025-10-02T09:18:03.564+0000][46982.550s][5523][5530][info ] Entering safepoint region: Cleanup
[2025-10-02T09:18:03.564+0000][46982.550s][5523][5530][info ] Leaving safepoint region
[2025-10-02T09:18:03.564+0000][46982.550s][5523][5530][info ] Total time for which application threads were stopped: 0.0001438 seconds, Stopping threads took: 0.0000294 seconds
[2025-10-02T09:18:04.564+0000][46983.551s][5523][5530][info ] Application time: 1.0000854 seconds
[2025-10-02T09:18:04.564+0000][46983.551s][5523][5530][info ] Entering safepoint region: Cleanup
[2025-10-02T09:18:04.565+0000][46983.551s][5523][5530][info ] Leaving safepoint region
[2025-10-02T09:18:04.565+0000][46983.551s][5523][5530][info ] Total time for which application threads were stopped: 0.0001738 seconds, Stopping threads took: 0.0000256 seconds
[2025-10-02T09:18:05.565+0000][46984.551s][5523][5530][info ] Application time: 1.0001062 seconds
[2025-10-02T09:18:05.565+0000][46984.551s][5523][5530][info ] Entering safepoint region: Cleanup
[2025-10-02T09:18:05.565+0000][46984.551s][5523][5530][info ] Leaving safepoint region
[2025-10-02T09:18:05.565+0000][46984.551s][5523][5530][info ] Total time for which application threads were stopped: 0.0001486 seconds, Stopping threads took: 0.0000269 seconds
[2025-10-02T09:18:06.565+0000][46985.551s][5523][5530][info ] Application time: 1.0001118 seconds
[2025-10-02T09:18:06.565+0000][46985.551s][5523][5530][info ] Entering safepoint region: Cleanup
[2025-10-02T09:18:06.565+0000][46985.551s][5523][5530][info ] Leaving safepoint region
[2025-10-02T09:18:06.565+0000][46985.551s][5523][5530][info ] Total time for which application threads were stopped: 0.0001407 seconds, Stopping threads took: 0.0000269 seconds
[2025-10-02T09:18:07.565+0000][46986.551s][5523][5530][info ] Application time: 1.0001068 seconds
[2025-10-02T09:18:07.565+0000][46986.552s][5523][5530][info ] Entering safepoint region: Cleanup
[2025-10-02T09:18:07.565+0000][46986.552s][5523][5530][info ] Leaving safepoint region
[2025-10-02T09:18:07.565+0000][46986.552s][5523][5530][info ] Total time for which application threads were stopped: 0.0001356 seconds, Stopping threads took: 0.0000249 seconds
[2025-10-02T09:18:08.566+0000][46987.552s][5523][5530][info ] Application time: 1.0000817 seconds
[2025-10-02T09:18:08.566+0000][46987.552s][5523][5530][info ] Entering safepoint region: Cleanup
[2025-10-02T09:18:08.566+0000][46987.552s][5523][5530][info ] Leaving safepoint region
[2025-10-02T09:18:08.566+0000][46987.552s][5523][5530][info ] Total time for which application threads were stopped: 0.0001590 seconds, Stopping threads took: 0.0000247 seconds
[2025-10-02T09:18:09.566+0000][46988.552s][5523][5530][info ] Application time: 1.0000994 seconds
[2025-10-02T09:18:09.566+0000][46988.552s][5523][5530][info ] Entering safepoint region: Cleanup
[2025-10-02T09:18:09.566+0000][46988.552s][5523][5530][info ] Leaving safepoint region
[2025-10-02T09:18:09.566+0000][46988.552s][5523][5530][info ] Total time for which application threads were stopped: 0.0001368 seconds, Stopping threads took: 0.0000262 seconds
[2025-10-02T09:18:10.566+0000][46989.552s][5523][5530][info ] Application time: 1.0001071 seconds
[2025-10-02T09:18:10.566+0000][46989.552s][5523][5530][info ] Entering safepoint region: Cleanup
[2025-10-02T09:18:10.566+0000][46989.553s][5523][5530][info ] Leaving safepoint region
[2025-10-02T09:18:10.566+0000][46989.553s][5523][5530][info ] Total time for which application threads were stopped: 0.0001380 seconds, Stopping threads took: 0.0000262 seconds
[2025-10-02T09:18:11.566+0000][46990.553s][5523][5530][info ] Application time: 1.0001018 seconds
[2025-10-02T09:18:11.567+0000][46990.553s][5523][5530][info ] Entering safepoint region: Cleanup
[2025-10-02T09:18:11.567+0000][46990.553s][5523][5530][info ] Leaving safepoint region
[2025-10-02T09:18:11.567+0000][46990.553s][5523][5530][info ] Total time for which application threads were stopped: 0.0001606 seconds, Stopping threads took: 0.0000435 seconds
[2025-10-02T09:18:12.567+0000][46991.553s][5523][5530][info ] Application time: 1.0001488 seconds
[2025-10-02T09:18:12.567+0000][46991.553s][5523][5530][info ] Entering safepoint region: Cleanup
[2025-10-02T09:18:12.567+0000][46991.553s][5523][5530][info ] Leaving safepoint region
[2025-10-02T09:18:12.567+0000][46991.553s][5523][5530][info ] Total time for which application threads were stopped: 0.0002339 seconds, Stopping threads took: 0.0000249 seconds
[2025-10-02T09:18:13.101+0000][46992.088s][5523][5529][trace] CMS: promo attempt is safe: available(757274488) >= av_promo(11044653), max_promo(75882264)
[2025-10-02T09:18:13.567+0000][46992.553s][5523][5530][info ] Application time: 1.0000999 seconds
[2025-10-02T09:18:13.567+0000][46992.553s][5523][5530][info ] Entering safepoint region: Cleanup
[2025-10-02T09:18:13.567+0000][46992.554s][5523][5530][info ] Leaving safepoint region
[2025-10-02T09:18:13.567+0000][46992.554s][5523][5530][info ] Total time for which application threads were stopped: 0.0001318 seconds, Stopping threads took: 0.0000235 seconds
[2025-10-02T09:18:14.568+0000][46993.554s][5523][5530][info ] Application time: 1.0001090 seconds
[2025-10-02T09:18:14.568+0000][46993.554s][5523][5530][info ] Entering safepoint region: Cleanup
[2025-10-02T09:18:14.568+0000][46993.554s][5523][5530][info ] Leaving safepoint region
[2025-10-02T09:18:14.568+0000][46993.554s][5523][5530][info ] Total time for which application threads were stopped: 0.0001342 seconds, Stopping threads took: 0.0000232 seconds
[2025-10-02T09:18:15.568+0000][46994.554s][5523][5530][info ] Application time: 1.0001058 seconds
[2025-10-02T09:18:15.568+0000][46994.554s][5523][5530][info ] Entering safepoint region: Cleanup
[2025-10-02T09:18:15.568+0000][46994.554s][5523][5530][info ] Leaving safepoint region
[2025-10-02T09:18:15.568+0000][46994.554s][5523][5530][info ] Total time for which application threads were stopped: 0.0001360 seconds, Stopping threads took: 0.0000244 seconds
[2025-10-02T09:18:16.568+0000][46995.554s][5523][5530][info ] Application time: 1.0001012 seconds
[2025-10-02T09:18:16.568+0000][46995.554s][5523][5530][info ] Entering safepoint region: Cleanup
[2025-10-02T09:18:16.568+0000][46995.554s][5523][5530][info ] Leaving safepoint region
[2025-10-02T09:18:16.568+0000][46995.554s][5523][5530][info ] Total time for which application threads were stopped: 0.0001315 seconds, Stopping threads took: 0.0000231 seconds
[2025-10-02T09:18:17.568+0000][46996.555s][5523][5530][info ] Application time: 1.0001010 seconds
[2025-10-02T09:18:17.568+0000][46996.555s][5523][5530][info ] Entering safepoint region: Cleanup
[2025-10-02T09:18:17.569+0000][46996.555s][5523][5530][info ] Leaving safepoint region
[2025-10-02T09:18:17.569+0000][46996.555s][5523][5530][info ] Total time for which application threads were stopped: 0.0001622 seconds, Stopping threads took: 0.0000253 seconds
[2025-10-02T09:18:18.569+0000][46997.555s][5523][5530][info ] Application time: 1.0000995 seconds
[2025-10-02T09:18:18.569+0000][46997.555s][5523][5530][info ] Entering safepoint region: Cleanup
[2025-10-02T09:18:18.569+0000][46997.555s][5523][5530][info ] Leaving safepoint region
[2025-10-02T09:18:18.569+0000][46997.555s][5523][5530][info ] Total time for which application threads were stopped: 0.0001381 seconds, Stopping threads took: 0.0000243 seconds
[2025-10-02T09:18:19.569+0000][46998.555s][5523][5530][info ] Application time: 1.0000985 seconds
[2025-10-02T09:18:19.569+0000][46998.555s][5523][5530][info ] Entering safepoint region: Cleanup
[2025-10-02T09:18:19.569+0000][46998.555s][5523][5530][info ] Leaving safepoint region
[2025-10-02T09:18:19.569+0000][46998.555s][5523][5530][info ] Total time for which application threads were stopped: 0.0001349 seconds, Stopping threads took: 0.0000238 seconds
[2025-10-02T09:18:20.569+0000][46999.556s][5523][5530][info ] Application time: 1.0000777 seconds
[2025-10-02T09:18:20.569+0000][46999.556s][5523][5530][info ] Entering safepoint region: Cleanup
[2025-10-02T09:18:20.570+0000][46999.556s][5523][5530][info ] Leaving safepoint region
[2025-10-02T09:18:20.570+0000][46999.556s][5523][5530][info ] Total time for which application threads were stopped: 0.0003369 seconds, Stopping threads took: 0.0000230 seconds
[2025-10-02T09:18:21.570+0000][47000.556s][5523][5530][info ] Application time: 1.0000997 seconds
[2025-10-02T09:18:21.570+0000][47000.556s][5523][5530][info ] Entering safepoint region: Cleanup
[2025-10-02T09:18:21.570+0000][47000.556s][5523][5530][info ] Leaving safepoint region
[2025-10-02T09:18:21.570+0000][47000.556s][5523][5530][info ] Total time for which application threads were stopped: 0.0001649 seconds, Stopping threads took: 0.0000283 seconds
[2025-10-02T09:18:22.570+0000][47001.556s][5523][5530][info ] Application time: 1.0000889 seconds
[2025-10-02T09:18:22.570+0000][47001.556s][5523][5530][info ] Entering safepoint region: Cleanup
[2025-10-02T09:18:22.570+0000][47001.556s][5523][5530][info ] Leaving safepoint region
[2025-10-02T09:18:22.570+0000][47001.556s][5523][5530][info ] Total time for which application threads were stopped: 0.0001400 seconds, Stopping threads took: 0.0000256 seconds
[2025-10-02T09:18:23.101+0000][47002.088s][5523][5529][trace] CMS: promo attempt is safe: available(757274488) >= av_promo(11044653), max_promo(106655808)
[2025-10-02T09:18:23.570+0000][47002.557s][5523][5530][info ] Application time: 1.0000945 seconds
[2025-10-02T09:18:23.570+0000][47002.557s][5523][5530][info ] Entering safepoint region: Cleanup
[2025-10-02T09:18:23.571+0000][47002.557s][5523][5530][info ] Leaving safepoint region
[2025-10-02T09:18:23.571+0000][47002.557s][5523][5530][info ] Total time for which application threads were stopped: 0.0001656 seconds, Stopping threads took: 0.0000260 seconds
[2025-10-02T09:18:24.571+0000][47003.557s][5523][5530][info ] Application time: 1.0000992 seconds
[2025-10-02T09:18:24.571+0000][47003.557s][5523][5530][info ] Entering safepoint region: Cleanup
[2025-10-02T09:18:24.571+0000][47003.557s][5523][5530][info ] Leaving safepoint region
[2025-10-02T09:18:24.571+0000][47003.557s][5523][5530][info ] Total time for which application threads were stopped: 0.0001453 seconds, Stopping threads took: 0.0000257 seconds
[2025-10-02T09:18:25.571+0000][47004.557s][5523][5530][info ] Application time: 1.0000973 seconds
[2025-10-02T09:18:25.571+0000][47004.557s][5523][5530][info ] Entering safepoint region: Cleanup
[2025-10-02T09:18:25.571+0000][47004.557s][5523][5530][info ] Leaving safepoint region
[2025-10-02T09:18:25.571+0000][47004.557s][5523][5530][info ] Total time for which application threads were stopped: 0.0001375 seconds, Stopping threads took: 0.0000261 seconds
[2025-10-02T09:18:26.571+0000][47005.558s][5523][5530][info ] Application time: 1.0001058 seconds
[2025-10-02T09:18:26.571+0000][47005.558s][5523][5530][info ] Entering safepoint region: Cleanup
[2025-10-02T09:18:26.572+0000][47005.558s][5523][5530][info ] Leaving safepoint region
[2025-10-02T09:18:26.572+0000][47005.558s][5523][5530][info ] Total time for which application threads were stopped: 0.0001612 seconds, Stopping threads took: 0.0000282 seconds
[2025-10-02T09:18:27.572+0000][47006.558s][5523][5530][info ] Application time: 1.0000779 seconds
[2025-10-02T09:18:27.572+0000][47006.558s][5523][5530][info ] Entering safepoint region: Cleanup
[2025-10-02T09:18:27.572+0000][47006.558s][5523][5530][info ] Leaving safepoint region
[2025-10-02T09:18:27.572+0000][47006.558s][5523][5530][info ] Total time for which application threads were stopped: 0.0001533 seconds, Stopping threads took: 0.0000260 seconds
[2025-10-02T09:18:28.572+0000][47007.558s][5523][5530][info ] Application time: 1.0001093 seconds
[2025-10-02T09:18:28.572+0000][47007.558s][5523][5530][info ] Entering safepoint region: Cleanup
[2025-10-02T09:18:28.572+0000][47007.558s][5523][5530][info ] Leaving safepoint region
[2025-10-02T09:18:28.572+0000][47007.558s][5523][5530][info ] Total time for which application threads were stopped: 0.0001876 seconds, Stopping threads took: 0.0000678 seconds
[2025-10-02T09:18:29.572+0000][47008.559s][5523][5530][info ] Application time: 1.0000974 seconds
[2025-10-02T09:18:29.572+0000][47008.559s][5523][5530][info ] Entering safepoint region: Cleanup
[2025-10-02T09:18:29.573+0000][47008.559s][5523][5530][info ] Leaving safepoint region
[2025-10-02T09:18:29.573+0000][47008.559s][5523][5530][info ] Total time for which application threads were stopped: 0.0001811 seconds, Stopping threads took: 0.0000387 seconds
[2025-10-02T09:18:30.573+0000][47009.559s][5523][5530][info ] Application time: 1.0000990 seconds
[2025-10-02T09:18:30.573+0000][47009.559s][5523][5530][info ] Entering safepoint region: Cleanup
[2025-10-02T09:18:30.573+0000][47009.559s][5523][5530][info ] Leaving safepoint region
[2025-10-02T09:18:30.573+0000][47009.559s][5523][5530][info ] Total time for which application threads were stopped: 0.0001469 seconds, Stopping threads took: 0.0000285 seconds
[2025-10-02T09:18:31.573+0000][47010.559s][5523][5530][info ] Application time: 1.0000932 seconds
[2025-10-02T09:18:31.573+0000][47010.559s][5523][5530][info ] Entering safepoint region: Cleanup
[2025-10-02T09:18:31.573+0000][47010.559s][5523][5530][info ] Leaving safepoint region
[2025-10-02T09:18:31.573+0000][47010.559s][5523][5530][info ] Total time for which application threads were stopped: 0.0001440 seconds, Stopping threads took: 0.0000267 seconds
[2025-10-02T09:18:32.573+0000][47011.560s][5523][5530][info ] Application time: 1.0001053 seconds
[2025-10-02T09:18:32.573+0000][47011.560s][5523][5530][info ] Entering safepoint region: Cleanup
[2025-10-02T09:18:32.574+0000][47011.560s][5523][5530][info ] Leaving safepoint region
[2025-10-02T09:18:32.574+0000][47011.560s][5523][5530][info ] Total time for which application threads were stopped: 0.0001787 seconds, Stopping threads took: 0.0000258 seconds
[2025-10-02T09:18:33.101+0000][47012.087s][5523][5529][trace] CMS: promo attempt is safe: available(757274488) >= av_promo(11044653), max_promo(106804200)
[2025-10-02T09:18:33.574+0000][47012.560s][5523][5530][info ] Application time: 1.0001052 seconds
[2025-10-02T09:18:33.574+0000][47012.560s][5523][5530][info ] Entering safepoint region: Cleanup
[2025-10-02T09:18:33.574+0000][47012.560s][5523][5530][info ] Leaving safepoint region
[2025-10-02T09:18:33.574+0000][47012.560s][5523][5530][info ] Total time for which application threads were stopped: 0.0001428 seconds, Stopping threads took: 0.0000270 seconds
[2025-10-02T09:18:34.574+0000][47013.560s][5523][5530][info ] Application time: 1.0001025 seconds
[2025-10-02T09:18:34.574+0000][47013.560s][5523][5530][info ] Entering safepoint region: Cleanup
[2025-10-02T09:18:34.574+0000][47013.560s][5523][5530][info ] Leaving safepoint region
[2025-10-02T09:18:34.574+0000][47013.560s][5523][5530][info ] Total time for which application threads were stopped: 0.0001697 seconds, Stopping threads took: 0.0000438 seconds
[2025-10-02T09:18:35.574+0000][47014.561s][5523][5530][info ] Application time: 1.0000777 seconds
[2025-10-02T09:18:35.574+0000][47014.561s][5523][5530][info ] Entering safepoint region: Cleanup
[2025-10-02T09:18:35.574+0000][47014.561s][5523][5530][info ] Leaving safepoint region
[2025-10-02T09:18:35.574+0000][47014.561s][5523][5530][info ] Total time for which application threads were stopped: 0.0001405 seconds, Stopping threads took: 0.0000269 seconds
[2025-10-02T09:18:36.575+0000][47015.561s][5523][5530][info ] Application time: 1.0000896 seconds
[2025-10-02T09:18:36.575+0000][47015.561s][5523][5530][info ] Entering safepoint region: Cleanup
[2025-10-02T09:18:36.575+0000][47015.561s][5523][5530][info ] Leaving safepoint region
[2025-10-02T09:18:36.575+0000][47015.561s][5523][5530][info ] Total time for which application threads were stopped: 0.0001365 seconds, Stopping threads took: 0.0000246 seconds
[2025-10-02T09:18:37.575+0000][47016.561s][5523][5530][info ] Application time: 1.0002800 seconds
[2025-10-02T09:18:37.575+0000][47016.561s][5523][5530][info ] Entering safepoint region: Cleanup
[2025-10-02T09:18:37.575+0000][47016.562s][5523][5530][info ] Leaving safepoint region
[2025-10-02T09:18:37.575+0000][47016.562s][5523][5530][info ] Total time for which application threads were stopped: 0.0001692 seconds, Stopping threads took: 0.0000262 seconds
[2025-10-02T09:18:38.575+0000][47017.562s][5523][5530][info ] Application time: 1.0001092 seconds
[2025-10-02T09:18:38.575+0000][47017.562s][5523][5530][info ] Entering safepoint region: Cleanup
[2025-10-02T09:18:38.576+0000][47017.562s][5523][5530][info ] Leaving safepoint region
[2025-10-02T09:18:38.576+0000][47017.562s][5523][5530][info ] Total time for which application threads were stopped: 0.0001631 seconds, Stopping threads took: 0.0000268 seconds
[2025-10-02T09:18:39.576+0000][47018.562s][5523][5530][info ] Application time: 1.0000978 seconds
[2025-10-02T09:18:39.576+0000][47018.562s][5523][5530][info ] Entering safepoint region: Cleanup
[2025-10-02T09:18:39.576+0000][47018.562s][5523][5530][info ] Leaving safepoint region
[2025-10-02T09:18:39.576+0000][47018.562s][5523][5530][info ] Total time for which application threads were stopped: 0.0001481 seconds, Stopping threads took: 0.0000291 seconds
[2025-10-02T09:18:40.576+0000][47019.562s][5523][5530][info ] Application time: 1.0001023 seconds
[2025-10-02T09:18:40.576+0000][47019.562s][5523][5530][info ] Entering safepoint region: Cleanup
[2025-10-02T09:18:40.576+0000][47019.562s][5523][5530][info ] Leaving safepoint region
[2025-10-02T09:18:40.576+0000][47019.562s][5523][5530][info ] Total time for which application threads were stopped: 0.0001580 seconds, Stopping threads took: 0.0000249 seconds
[2025-10-02T09:18:41.576+0000][47020.563s][5523][5530][info ] Application time: 1.0001182 seconds
[2025-10-02T09:18:41.576+0000][47020.563s][5523][5530][info ] Entering safepoint region: Cleanup
[2025-10-02T09:18:41.577+0000][47020.563s][5523][5530][info ] Leaving safepoint region
[2025-10-02T09:18:41.577+0000][47020.563s][5523][5530][info ] Total time for which application threads were stopped: 0.0001600 seconds, Stopping threads took: 0.0000270 seconds
[2025-10-02T09:18:42.577+0000][47021.563s][5523][5530][info ] Application time: 1.0000901 seconds
[2025-10-02T09:18:42.577+0000][47021.563s][5523][5530][info ] Entering safepoint region: Cleanup
[2025-10-02T09:18:42.577+0000][47021.563s][5523][5530][info ] Leaving safepoint region
[2025-10-02T09:18:42.577+0000][47021.563s][5523][5530][info ] Total time for which application threads were stopped: 0.0001452 seconds, Stopping threads took: 0.0000262 seconds
[2025-10-02T09:18:43.100+0000][47022.086s][5523][5529][trace] CMS: promo attempt is safe: available(757274488) >= av_promo(11044653), max_promo(106993304)
[2025-10-02T09:18:43.577+0000][47022.563s][5523][5530][info ] Application time: 1.0000799 seconds
[2025-10-02T09:18:43.577+0000][47022.563s][5523][5530][info ] Entering safepoint region: Cleanup
[2025-10-02T09:18:43.577+0000][47022.563s][5523][5530][info ] Leaving safepoint region
[2025-10-02T09:18:43.577+0000][47022.563s][5523][5530][info ] Total time for which application threads were stopped: 0.0001511 seconds, Stopping threads took: 0.0000260 seconds
[2025-10-02T09:18:44.577+0000][47023.563s][5523][5530][info ] Application time: 1.0000799 seconds
[2025-10-02T09:18:44.577+0000][47023.564s][5523][5530][info ] Entering safepoint region: Cleanup
[2025-10-02T09:18:44.577+0000][47023.564s][5523][5530][info ] Leaving safepoint region
[2025-10-02T09:18:44.577+0000][47023.564s][5523][5530][info ] Total time for which application threads were stopped: 0.0001455 seconds, Stopping threads took: 0.0000262 seconds
[2025-10-02T09:18:45.578+0000][47024.564s][5523][5530][info ] Application time: 1.0000937 seconds
[2025-10-02T09:18:45.578+0000][47024.564s][5523][5530][info ] Entering safepoint region: Cleanup
[2025-10-02T09:18:45.578+0000][47024.564s][5523][5530][info ] Leaving safepoint region
[2025-10-02T09:18:45.578+0000][47024.564s][5523][5530][info ] Total time for which application threads were stopped: 0.0001522 seconds, Stopping threads took: 0.0000261 seconds
[2025-10-02T09:18:46.578+0000][47025.564s][5523][5530][info ] Application time: 1.0000790 seconds
[2025-10-02T09:18:46.578+0000][47025.564s][5523][5530][info ] Entering safepoint region: Cleanup
[2025-10-02T09:18:46.578+0000][47025.564s][5523][5530][info ] Leaving safepoint region
[2025-10-02T09:18:46.578+0000][47025.564s][5523][5530][info ] Total time for which application threads were stopped: 0.0001396 seconds, Stopping threads took: 0.0000245 seconds
[2025-10-02T09:18:47.578+0000][47026.564s][5523][5530][info ] Application time: 1.0000843 seconds
[2025-10-02T09:18:47.578+0000][47026.564s][5523][5530][info ] Entering safepoint region: Cleanup
[2025-10-02T09:18:47.578+0000][47026.564s][5523][5530][info ] Leaving safepoint region
[2025-10-02T09:18:47.578+0000][47026.564s][5523][5530][info ] Total time for which application threads were stopped: 0.0001434 seconds, Stopping threads took: 0.0000255 seconds
[2025-10-02T09:18:48.578+0000][47027.565s][5523][5530][info ] Application time: 1.0001129 seconds
[2025-10-02T09:18:48.578+0000][47027.565s][5523][5530][info ] Entering safepoint region: Cleanup
[2025-10-02T09:18:48.579+0000][47027.565s][5523][5530][info ] Leaving safepoint region
[2025-10-02T09:18:48.579+0000][47027.565s][5523][5530][info ] Total time for which application threads were stopped: 0.0001746 seconds, Stopping threads took: 0.0000498 seconds
[2025-10-02T09:18:49.579+0000][47028.565s][5523][5530][info ] Application time: 1.0001009 seconds
[2025-10-02T09:18:49.579+0000][47028.565s][5523][5530][info ] Entering safepoint region: Cleanup
[2025-10-02T09:18:49.579+0000][47028.565s][5523][5530][info ] Leaving safepoint region
[2025-10-02T09:18:49.579+0000][47028.565s][5523][5530][info ] Total time for which application threads were stopped: 0.0001551 seconds, Stopping threads took: 0.0000288 seconds
[2025-10-02T09:18:50.579+0000][47029.565s][5523][5530][info ] Application time: 1.0001696 seconds
[2025-10-02T09:18:50.579+0000][47029.565s][5523][5530][info ] Entering safepoint region: Cleanup
[2025-10-02T09:18:50.579+0000][47029.566s][5523][5530][info ] Leaving safepoint region
[2025-10-02T09:18:50.579+0000][47029.566s][5523][5530][info ] Total time for which application threads were stopped: 0.0002474 seconds, Stopping threads took: 0.0000278 seconds
[2025-10-02T09:18:51.580+0000][47030.566s][5523][5530][info ] Application time: 1.0001471 seconds
[2025-10-02T09:18:51.580+0000][47030.566s][5523][5530][info ] Entering safepoint region: Cleanup
[2025-10-02T09:18:51.580+0000][47030.566s][5523][5530][info ] Leaving safepoint region
[2025-10-02T09:18:51.580+0000][47030.566s][5523][5530][info ] Total time for which application threads were stopped: 0.0001421 seconds, Stopping threads took: 0.0000265 seconds
[2025-10-02T09:18:52.580+0000][47031.566s][5523][5530][info ] Application time: 1.0000903 seconds
[2025-10-02T09:18:52.580+0000][47031.566s][5523][5530][info ] Entering safepoint region: Cleanup
[2025-10-02T09:18:52.580+0000][47031.566s][5523][5530][info ] Leaving safepoint region
[2025-10-02T09:18:52.580+0000][47031.566s][5523][5530][info ] Total time for which application threads were stopped: 0.0001522 seconds, Stopping threads took: 0.0000391 seconds
[2025-10-02T09:18:53.099+0000][47032.085s][5523][5529][trace] CMS: promo attempt is safe: available(757274488) >= av_promo(11044653), max_promo(107869128)
[2025-10-02T09:18:53.580+0000][47032.566s][5523][5530][info ] Application time: 1.0000995 seconds
[2025-10-02T09:18:53.580+0000][47032.566s][5523][5530][info ] Entering safepoint region: Cleanup
[2025-10-02T09:18:53.580+0000][47032.567s][5523][5530][info ] Leaving safepoint region
[2025-10-02T09:18:53.580+0000][47032.567s][5523][5530][info ] Total time for which application threads were stopped: 0.0001437 seconds, Stopping threads took: 0.0000252 seconds
[2025-10-02T09:18:54.581+0000][47033.567s][5523][5530][info ] Application time: 1.0000992 seconds
[2025-10-02T09:18:54.581+0000][47033.567s][5523][5530][info ] Entering safepoint region: Cleanup
[2025-10-02T09:18:54.581+0000][47033.567s][5523][5530][info ] Leaving safepoint region
[2025-10-02T09:18:54.581+0000][47033.567s][5523][5530][info ] Total time for which application threads were stopped: 0.0001438 seconds, Stopping threads took: 0.0000257 seconds
[2025-10-02T09:18:55.581+0000][47034.567s][5523][5530][info ] Application time: 1.0001906 seconds
[2025-10-02T09:18:55.581+0000][47034.567s][5523][5530][info ] Entering safepoint region: Cleanup
[2025-10-02T09:18:55.581+0000][47034.567s][5523][5530][info ] Leaving safepoint region
[2025-10-02T09:18:55.581+0000][47034.567s][5523][5530][info ] Total time for which application threads were stopped: 0.0001469 seconds, Stopping threads took: 0.0000299 seconds
[2025-10-02T09:18:56.581+0000][47035.567s][5523][5530][info ] Application time: 1.0000933 seconds
[2025-10-02T09:18:56.581+0000][47035.567s][5523][5530][info ] Entering safepoint region: Cleanup
[2025-10-02T09:18:56.581+0000][47035.568s][5523][5530][info ] Leaving safepoint region
[2025-10-02T09:18:56.581+0000][47035.568s][5523][5530][info ] Total time for which application threads were stopped: 0.0001361 seconds, Stopping threads took: 0.0000249 seconds
[2025-10-02T09:18:57.581+0000][47036.568s][5523][5530][info ] Application time: 1.0001069 seconds
[2025-10-02T09:18:57.582+0000][47036.568s][5523][5530][info ] Entering safepoint region: Cleanup
[2025-10-02T09:18:57.582+0000][47036.568s][5523][5530][info ] Leaving safepoint region
[2025-10-02T09:18:57.582+0000][47036.568s][5523][5530][info ] Total time for which application threads were stopped: 0.0001661 seconds, Stopping threads took: 0.0000527 seconds
[2025-10-02T09:18:58.582+0000][47037.568s][5523][5530][info ] Application time: 1.0001037 seconds
[2025-10-02T09:18:58.582+0000][47037.568s][5523][5530][info ] Entering safepoint region: Cleanup
[2025-10-02T09:18:58.582+0000][47037.568s][5523][5530][info ] Leaving safepoint region
[2025-10-02T09:18:58.582+0000][47037.568s][5523][5530][info ] Total time for which application threads were stopped: 0.0001381 seconds, Stopping threads took: 0.0000256 seconds
[2025-10-02T09:18:59.582+0000][47038.568s][5523][5530][info ] Application time: 1.0001094 seconds
[2025-10-02T09:18:59.582+0000][47038.568s][5523][5530][info ] Entering safepoint region: Cleanup
[2025-10-02T09:18:59.582+0000][47038.569s][5523][5530][info ] Leaving safepoint region
[2025-10-02T09:18:59.582+0000][47038.569s][5523][5530][info ] Total time for which application threads were stopped: 0.0001437 seconds, Stopping threads took: 0.0000278 seconds
[2025-10-02T09:19:00.582+0000][47039.569s][5523][5530][info ] Application time: 1.0001128 seconds
[2025-10-02T09:19:00.583+0000][47039.569s][5523][5530][info ] Entering safepoint region: Cleanup
[2025-10-02T09:19:00.583+0000][47039.569s][5523][5530][info ] Leaving safepoint region
[2025-10-02T09:19:00.583+0000][47039.569s][5523][5530][info ] Total time for which application threads were stopped: 0.0001878 seconds, Stopping threads took: 0.0000677 seconds
[2025-10-02T09:19:01.583+0000][47040.569s][5523][5530][info ] Application time: 1.0000992 seconds
[2025-10-02T09:19:01.583+0000][47040.569s][5523][5530][info ] Entering safepoint region: Cleanup
[2025-10-02T09:19:01.583+0000][47040.569s][5523][5530][info ] Leaving safepoint region
[2025-10-02T09:19:01.583+0000][47040.569s][5523][5530][info ] Total time for which application threads were stopped: 0.0002131 seconds, Stopping threads took: 0.0000248 seconds
[2025-10-02T09:19:02.583+0000][47041.569s][5523][5530][info ] Application time: 1.0001166 seconds
[2025-10-02T09:19:02.583+0000][47041.569s][5523][5530][info ] Entering safepoint region: Cleanup
[2025-10-02T09:19:02.583+0000][47041.570s][5523][5530][info ] Leaving safepoint region
[2025-10-02T09:19:02.583+0000][47041.570s][5523][5530][info ] Total time for which application threads were stopped: 0.0001510 seconds, Stopping threads took: 0.0000283 seconds
[2025-10-02T09:19:03.099+0000][47042.085s][5523][5529][trace] CMS: promo attempt is safe: available(757274488) >= av_promo(11044653), max_promo(108020104)
[2025-10-02T09:19:03.584+0000][47042.570s][5523][5530][info ] Application time: 1.0001083 seconds
[2025-10-02T09:19:03.584+0000][47042.570s][5523][5530][info ] Entering safepoint region: Cleanup
[2025-10-02T09:19:03.584+0000][47042.570s][5523][5530][info ] Leaving safepoint region
[2025-10-02T09:19:03.584+0000][47042.570s][5523][5530][info ] Total time for which application threads were stopped: 0.0001459 seconds, Stopping threads took: 0.0000254 seconds
[2025-10-02T09:19:04.584+0000][47043.570s][5523][5530][info ] Application time: 1.0001119 seconds
[2025-10-02T09:19:04.584+0000][47043.570s][5523][5530][info ] Entering safepoint region: Cleanup
[2025-10-02T09:19:04.584+0000][47043.570s][5523][5530][info ] Leaving safepoint region
[2025-10-02T09:19:04.584+0000][47043.570s][5523][5530][info ] Total time for which application threads were stopped: 0.0001397 seconds, Stopping threads took: 0.0000249 seconds
[2025-10-02T09:19:05.584+0000][47044.570s][5523][5530][info ] Application time: 1.0001157 seconds
[2025-10-02T09:19:05.584+0000][47044.570s][5523][5530][info ] Entering safepoint region: Cleanup
[2025-10-02T09:19:05.584+0000][47044.571s][5523][5530][info ] Leaving safepoint region
[2025-10-02T09:19:05.584+0000][47044.571s][5523][5530][info ] Total time for which application threads were stopped: 0.0001456 seconds, Stopping threads took: 0.0000280 seconds
[2025-10-02T09:19:06.584+0000][47045.571s][5523][5530][info ] Application time: 1.0001063 seconds
[2025-10-02T09:19:06.585+0000][47045.571s][5523][5530][info ] Entering safepoint region: Cleanup
[2025-10-02T09:19:06.585+0000][47045.571s][5523][5530][info ] Leaving safepoint region
[2025-10-02T09:19:06.585+0000][47045.571s][5523][5530][info ] Total time for which application threads were stopped: 0.0001693 seconds, Stopping threads took: 0.0000503 seconds
[2025-10-02T09:19:07.585+0000][47046.571s][5523][5530][info ] Application time: 1.0001112 seconds
[2025-10-02T09:19:07.585+0000][47046.571s][5523][5530][info ] Entering safepoint region: Cleanup
[2025-10-02T09:19:07.585+0000][47046.571s][5523][5530][info ] Leaving safepoint region
[2025-10-02T09:19:07.585+0000][47046.571s][5523][5530][info ] Total time for which application threads were stopped: 0.0001414 seconds, Stopping threads took: 0.0000267 seconds
[2025-10-02T09:19:08.585+0000][47047.571s][5523][5530][info ] Application time: 1.0000995 seconds
[2025-10-02T09:19:08.585+0000][47047.571s][5523][5530][info ] Entering safepoint region: Cleanup
[2025-10-02T09:19:08.586+0000][47047.573s][5523][5530][info ] Leaving safepoint region
[2025-10-02T09:19:08.586+0000][47047.573s][5523][5530][info ] Total time for which application threads were stopped: 0.0012168 seconds, Stopping threads took: 0.0010663 seconds
[2025-10-02T09:19:09.586+0000][47048.573s][5523][5530][info ] Application time: 1.0000890 seconds
[2025-10-02T09:19:09.587+0000][47048.573s][5523][5530][info ] Entering safepoint region: Cleanup
[2025-10-02T09:19:09.587+0000][47048.573s][5523][5530][info ] Leaving safepoint region
[2025-10-02T09:19:09.587+0000][47048.573s][5523][5530][info ] Total time for which application threads were stopped: 0.0001666 seconds, Stopping threads took: 0.0000489 seconds
[2025-10-02T09:19:10.587+0000][47049.573s][5523][5530][info ] Application time: 1.0001010 seconds
[2025-10-02T09:19:10.587+0000][47049.573s][5523][5530][info ] Entering safepoint region: Cleanup
[2025-10-02T09:19:10.587+0000][47049.573s][5523][5530][info ] Leaving safepoint region
[2025-10-02T09:19:10.587+0000][47049.573s][5523][5530][info ] Total time for which application threads were stopped: 0.0001431 seconds, Stopping threads took: 0.0000266 seconds
[2025-10-02T09:19:11.587+0000][47050.573s][5523][5530][info ] Application time: 1.0001682 seconds
[2025-10-02T09:19:11.587+0000][47050.573s][5523][5530][info ] Entering safepoint region: Cleanup
[2025-10-02T09:19:11.587+0000][47050.574s][5523][5530][info ] Leaving safepoint region
[2025-10-02T09:19:11.587+0000][47050.574s][5523][5530][info ] Total time for which application threads were stopped: 0.0001470 seconds, Stopping threads took: 0.0000247 seconds
[2025-10-02T09:19:12.587+0000][47051.574s][5523][5530][info ] Application time: 1.0000960 seconds
[2025-10-02T09:19:12.588+0000][47051.574s][5523][5530][info ] Entering safepoint region: Cleanup
[2025-10-02T09:19:12.588+0000][47051.574s][5523][5530][info ] Leaving safepoint region
[2025-10-02T09:19:12.588+0000][47051.574s][5523][5530][info ] Total time for which application threads were stopped: 0.0001872 seconds, Stopping threads took: 0.0000583 seconds
[2025-10-02T09:19:13.098+0000][47052.084s][5523][5529][trace] CMS: promo attempt is safe: available(757274488) >= av_promo(11044653), max_promo(108444264)
[2025-10-02T09:19:13.588+0000][47052.574s][5523][5530][info ] Application time: 1.0001506 seconds
[2025-10-02T09:19:13.588+0000][47052.574s][5523][5530][info ] Entering safepoint region: Cleanup
[2025-10-02T09:19:13.588+0000][47052.574s][5523][5530][info ] Leaving safepoint region
[2025-10-02T09:19:13.588+0000][47052.574s][5523][5530][info ] Total time for which application threads were stopped: 0.0001437 seconds, Stopping threads took: 0.0000270 seconds
[2025-10-02T09:19:14.588+0000][47053.574s][5523][5530][info ] Application time: 1.0001077 seconds
[2025-10-02T09:19:14.588+0000][47053.574s][5523][5530][info ] Entering safepoint region: Cleanup
[2025-10-02T09:19:14.588+0000][47053.575s][5523][5530][info ] Leaving safepoint region
[2025-10-02T09:19:14.588+0000][47053.575s][5523][5530][info ] Total time for which application threads were stopped: 0.0001450 seconds, Stopping threads took: 0.0000252 seconds
[2025-10-02T09:19:15.588+0000][47054.575s][5523][5530][info ] Application time: 1.0001181 seconds
[2025-10-02T09:19:15.589+0000][47054.575s][5523][5530][info ] Entering safepoint region: Cleanup
[2025-10-02T09:19:15.589+0000][47054.575s][5523][5530][info ] Leaving safepoint region
[2025-10-02T09:19:15.589+0000][47054.575s][5523][5530][info ] Total time for which application threads were stopped: 0.0001612 seconds, Stopping threads took: 0.0000301 seconds
[2025-10-02T09:19:16.589+0000][47055.575s][5523][5530][info ] Application time: 1.0000817 seconds
[2025-10-02T09:19:16.589+0000][47055.575s][5523][5530][info ] Entering safepoint region: Cleanup
[2025-10-02T09:19:16.589+0000][47055.575s][5523][5530][info ] Leaving safepoint region
[2025-10-02T09:19:16.589+0000][47055.575s][5523][5530][info ] Total time for which application threads were stopped: 0.0001455 seconds, Stopping threads took: 0.0000250 seconds
[2025-10-02T09:19:17.589+0000][47056.575s][5523][5530][info ] Application time: 1.0001017 seconds
[2025-10-02T09:19:17.589+0000][47056.575s][5523][5530][info ] Entering safepoint region: Cleanup
[2025-10-02T09:19:17.589+0000][47056.576s][5523][5530][info ] Leaving safepoint region
[2025-10-02T09:19:17.589+0000][47056.576s][5523][5530][info ] Total time for which application threads were stopped: 0.0001597 seconds, Stopping threads took: 0.0000276 seconds
[2025-10-02T09:19:18.589+0000][47057.576s][5523][5530][info ] Application time: 1.0001038 seconds
[2025-10-02T09:19:18.590+0000][47057.576s][5523][5530][info ] Entering safepoint region: Cleanup
[2025-10-02T09:19:18.590+0000][47057.576s][5523][5530][info ] Leaving safepoint region
[2025-10-02T09:19:18.590+0000][47057.576s][5523][5530][info ] Total time for which application threads were stopped: 0.0001729 seconds, Stopping threads took: 0.0000503 seconds
[2025-10-02T09:19:19.590+0000][47058.576s][5523][5530][info ] Application time: 1.0001002 seconds
[2025-10-02T09:19:19.590+0000][47058.576s][5523][5530][info ] Entering safepoint region: Cleanup
[2025-10-02T09:19:19.590+0000][47058.576s][5523][5530][info ] Leaving safepoint region
[2025-10-02T09:19:19.590+0000][47058.576s][5523][5530][info ] Total time for which application threads were stopped: 0.0001478 seconds, Stopping threads took: 0.0000265 seconds
[2025-10-02T09:19:20.590+0000][47059.576s][5523][5530][info ] Application time: 1.0001042 seconds
[2025-10-02T09:19:20.590+0000][47059.576s][5523][5530][info ] Entering safepoint region: Cleanup
[2025-10-02T09:19:20.590+0000][47059.576s][5523][5530][info ] Leaving safepoint region
[2025-10-02T09:19:20.590+0000][47059.576s][5523][5530][info ] Total time for which application threads were stopped: 0.0001376 seconds, Stopping threads took: 0.0000262 seconds
[2025-10-02T09:19:21.590+0000][47060.577s][5523][5530][info ] Application time: 1.0001042 seconds
[2025-10-02T09:19:21.590+0000][47060.577s][5523][5530][info ] Entering safepoint region: Cleanup
[2025-10-02T09:19:21.591+0000][47060.577s][5523][5530][info ] Leaving safepoint region
[2025-10-02T09:19:21.591+0000][47060.577s][5523][5530][info ] Total time for which application threads were stopped: 0.0001671 seconds, Stopping threads took: 0.0000237 seconds
[2025-10-02T09:19:22.591+0000][47061.577s][5523][5530][info ] Application time: 1.0001298 seconds
[2025-10-02T09:19:22.591+0000][47061.577s][5523][5530][info ] Entering safepoint region: Cleanup
[2025-10-02T09:19:22.591+0000][47061.577s][5523][5530][info ] Leaving safepoint region
[2025-10-02T09:19:22.591+0000][47061.577s][5523][5530][info ] Total time for which application threads were stopped: 0.0001399 seconds, Stopping threads took: 0.0000249 seconds
[2025-10-02T09:19:23.097+0000][47062.083s][5523][5529][trace] CMS: promo attempt is safe: available(757274488) >= av_promo(11044653), max_promo(109890424)
[2025-10-02T09:19:23.591+0000][47062.577s][5523][5530][info ] Application time: 1.0002227 seconds
[2025-10-02T09:19:23.591+0000][47062.577s][5523][5530][info ] Entering safepoint region: Cleanup
[2025-10-02T09:19:23.591+0000][47062.578s][5523][5530][info ] Leaving safepoint region
[2025-10-02T09:19:23.591+0000][47062.578s][5523][5530][info ] Total time for which application threads were stopped: 0.0001372 seconds, Stopping threads took: 0.0000251 seconds
[2025-10-02T09:19:24.591+0000][47063.578s][5523][5530][info ] Application time: 1.0001080 seconds
[2025-10-02T09:19:24.592+0000][47063.578s][5523][5530][info ] Entering safepoint region: Cleanup
[2025-10-02T09:19:24.592+0000][47063.578s][5523][5530][info ] Leaving safepoint region
[2025-10-02T09:19:24.592+0000][47063.578s][5523][5530][info ] Total time for which application threads were stopped: 0.0001565 seconds, Stopping threads took: 0.0000443 seconds
[2025-10-02T09:19:25.592+0000][47064.578s][5523][5530][info ] Application time: 1.0000991 seconds
[2025-10-02T09:19:25.592+0000][47064.578s][5523][5530][info ] Entering safepoint region: Cleanup
[2025-10-02T09:19:25.592+0000][47064.578s][5523][5530][info ] Leaving safepoint region
[2025-10-02T09:19:25.592+0000][47064.578s][5523][5530][info ] Total time for which application threads were stopped: 0.0001344 seconds, Stopping threads took: 0.0000237 seconds
[2025-10-02T09:19:26.592+0000][47065.578s][5523][5530][info ] Application time: 1.0000978 seconds
[2025-10-02T09:19:26.592+0000][47065.578s][5523][5530][info ] Entering safepoint region: Cleanup
[2025-10-02T09:19:26.592+0000][47065.578s][5523][5530][info ] Leaving safepoint region
[2025-10-02T09:19:26.592+0000][47065.578s][5523][5530][info ] Total time for which application threads were stopped: 0.0001376 seconds, Stopping threads took: 0.0000276 seconds
[2025-10-02T09:19:27.592+0000][47066.579s][5523][5530][info ] Application time: 1.0001053 seconds
[2025-10-02T09:19:27.592+0000][47066.579s][5523][5530][info ] Entering safepoint region: Cleanup
[2025-10-02T09:19:27.593+0000][47066.579s][5523][5530][info ] Leaving safepoint region
[2025-10-02T09:19:27.593+0000][47066.579s][5523][5530][info ] Total time for which application threads were stopped: 0.0001604 seconds, Stopping threads took: 0.0000236 seconds
[2025-10-02T09:19:28.593+0000][47067.579s][5523][5530][info ] Application time: 1.0000536 seconds
[2025-10-02T09:19:28.593+0000][47067.579s][5523][5530][info ] Entering safepoint region: Cleanup
[2025-10-02T09:19:28.593+0000][47067.579s][5523][5530][info ] Leaving safepoint region
[2025-10-02T09:19:28.593+0000][47067.579s][5523][5530][info ] Total time for which application threads were stopped: 0.0001372 seconds, Stopping threads took: 0.0000244 seconds
[2025-10-02T09:19:29.593+0000][47068.579s][5523][5530][info ] Application time: 1.0000918 seconds
[2025-10-02T09:19:29.593+0000][47068.579s][5523][5530][info ] Entering safepoint region: Cleanup
[2025-10-02T09:19:29.593+0000][47068.579s][5523][5530][info ] Leaving safepoint region
[2025-10-02T09:19:29.593+0000][47068.579s][5523][5530][info ] Total time for which application threads were stopped: 0.0001460 seconds, Stopping threads took: 0.0000268 seconds
[2025-10-02T09:19:30.593+0000][47069.579s][5523][5530][info ] Application time: 1.0001116 seconds
[2025-10-02T09:19:30.593+0000][47069.580s][5523][5530][info ] Entering safepoint region: Cleanup
[2025-10-02T09:19:30.593+0000][47069.580s][5523][5530][info ] Leaving safepoint region
[2025-10-02T09:19:30.593+0000][47069.580s][5523][5530][info ] Total time for which application threads were stopped: 0.0001365 seconds, Stopping threads took: 0.0000260 seconds
[2025-10-02T09:19:31.594+0000][47070.580s][5523][5530][info ] Application time: 1.0001081 seconds
[2025-10-02T09:19:31.594+0000][47070.580s][5523][5530][info ] Entering safepoint region: Cleanup
[2025-10-02T09:19:31.594+0000][47070.580s][5523][5530][info ] Leaving safepoint region
[2025-10-02T09:19:31.594+0000][47070.580s][5523][5530][info ] Total time for which application threads were stopped: 0.0001318 seconds, Stopping threads took: 0.0000246 seconds
[2025-10-02T09:19:32.594+0000][47071.580s][5523][5530][info ] Application time: 1.0000756 seconds
[2025-10-02T09:19:32.594+0000][47071.580s][5523][5530][info ] Entering safepoint region: Cleanup
[2025-10-02T09:19:32.594+0000][47071.580s][5523][5530][info ] Leaving safepoint region
[2025-10-02T09:19:32.594+0000][47071.580s][5523][5530][info ] Total time for which application threads were stopped: 0.0001325 seconds, Stopping threads took: 0.0000240 seconds
[2025-10-02T09:19:33.097+0000][47072.083s][5523][5529][trace] CMS: promo attempt is safe: available(757274488) >= av_promo(11044653), max_promo(110149248)
[2025-10-02T09:19:33.594+0000][47072.580s][5523][5530][info ] Application time: 1.0001101 seconds
[2025-10-02T09:19:33.594+0000][47072.580s][5523][5530][info ] Entering safepoint region: Cleanup
[2025-10-02T09:19:33.594+0000][47072.580s][5523][5530][info ] Leaving safepoint region
[2025-10-02T09:19:33.594+0000][47072.580s][5523][5530][info ] Total time for which application threads were stopped: 0.0001429 seconds, Stopping threads took: 0.0000240 seconds
[2025-10-02T09:19:34.594+0000][47073.581s][5523][5530][info ] Application time: 1.0000677 seconds
[2025-10-02T09:19:34.594+0000][47073.581s][5523][5530][info ] Entering safepoint region: Cleanup
[2025-10-02T09:19:34.595+0000][47073.581s][5523][5530][info ] Leaving safepoint region
[2025-10-02T09:19:34.595+0000][47073.581s][5523][5530][info ] Total time for which application threads were stopped: 0.0001539 seconds, Stopping threads took: 0.0000252 seconds
[2025-10-02T09:19:35.595+0000][47074.581s][5523][5530][info ] Application time: 1.0001004 seconds
[2025-10-02T09:19:35.595+0000][47074.581s][5523][5530][info ] Entering safepoint region: Cleanup
[2025-10-02T09:19:35.595+0000][47074.581s][5523][5530][info ] Leaving safepoint region
[2025-10-02T09:19:35.595+0000][47074.581s][5523][5530][info ] Total time for which application threads were stopped: 0.0001385 seconds, Stopping threads took: 0.0000267 seconds
[2025-10-02T09:19:36.595+0000][47075.581s][5523][5530][info ] Application time: 1.0000836 seconds
[2025-10-02T09:19:36.595+0000][47075.581s][5523][5530][info ] Entering safepoint region: Cleanup
[2025-10-02T09:19:36.595+0000][47075.581s][5523][5530][info ] Leaving safepoint region
[2025-10-02T09:19:36.595+0000][47075.581s][5523][5530][info ] Total time for which application threads were stopped: 0.0001634 seconds, Stopping threads took: 0.0000389 seconds
[2025-10-02T09:19:37.595+0000][47076.582s][5523][5530][info ] Application time: 1.0001041 seconds
[2025-10-02T09:19:37.595+0000][47076.582s][5523][5530][info ] Entering safepoint region: Cleanup
[2025-10-02T09:19:37.596+0000][47076.582s][5523][5530][info ] Leaving safepoint region
[2025-10-02T09:19:37.596+0000][47076.582s][5523][5530][info ] Total time for which application threads were stopped: 0.0001653 seconds, Stopping threads took: 0.0000257 seconds
[2025-10-02T09:19:38.596+0000][47077.582s][5523][5530][info ] Application time: 1.0001021 seconds
[2025-10-02T09:19:38.596+0000][47077.582s][5523][5530][info ] Entering safepoint region: Cleanup
[2025-10-02T09:19:38.596+0000][47077.582s][5523][5530][info ] Leaving safepoint region
[2025-10-02T09:19:38.596+0000][47077.582s][5523][5530][info ] Total time for which application threads were stopped: 0.0001419 seconds, Stopping threads took: 0.0000263 seconds
[2025-10-02T09:19:39.596+0000][47078.582s][5523][5530][info ] Application time: 1.0001001 seconds
[2025-10-02T09:19:39.596+0000][47078.582s][5523][5530][info ] Entering safepoint region: Cleanup
[2025-10-02T09:19:39.596+0000][47078.582s][5523][5530][info ] Leaving safepoint region
[2025-10-02T09:19:39.596+0000][47078.582s][5523][5530][info ] Total time for which application threads were stopped: 0.0001468 seconds, Stopping threads took: 0.0000364 seconds
[2025-10-02T09:19:40.596+0000][47079.583s][5523][5530][info ] Application time: 1.0001017 seconds
[2025-10-02T09:19:40.596+0000][47079.583s][5523][5530][info ] Entering safepoint region: Cleanup
[2025-10-02T09:19:40.596+0000][47079.583s][5523][5530][info ] Leaving safepoint region
[2025-10-02T09:19:40.596+0000][47079.583s][5523][5530][info ] Total time for which application threads were stopped: 0.0001440 seconds, Stopping threads took: 0.0000241 seconds
[2025-10-02T09:19:41.597+0000][47080.583s][5523][5530][info ] Application time: 1.0000992 seconds
[2025-10-02T09:19:41.597+0000][47080.583s][5523][5530][info ] Entering safepoint region: Cleanup
[2025-10-02T09:19:41.597+0000][47080.583s][5523][5530][info ] Leaving safepoint region
[2025-10-02T09:19:41.597+0000][47080.583s][5523][5530][info ] Total time for which application threads were stopped: 0.0001463 seconds, Stopping threads took: 0.0000237 seconds
[2025-10-02T09:19:42.597+0000][47081.583s][5523][5530][info ] Application time: 1.0001104 seconds
[2025-10-02T09:19:42.597+0000][47081.583s][5523][5530][info ] Entering safepoint region: Cleanup
[2025-10-02T09:19:42.597+0000][47081.583s][5523][5530][info ] Leaving safepoint region
[2025-10-02T09:19:42.597+0000][47081.583s][5523][5530][info ] Total time for which application threads were stopped: 0.0001380 seconds, Stopping threads took: 0.0000232 seconds
[2025-10-02T09:19:43.097+0000][47082.083s][5523][5529][trace] CMS: promo attempt is safe: available(757274488) >= av_promo(11044653), max_promo(111002000)
[2025-10-02T09:19:43.597+0000][47082.583s][5523][5530][info ] Application time: 1.0001034 seconds
[2025-10-02T09:19:43.597+0000][47082.583s][5523][5530][info ] Entering safepoint region: Cleanup
[2025-10-02T09:19:43.597+0000][47082.584s][5523][5530][info ] Leaving safepoint region
[2025-10-02T09:19:43.597+0000][47082.584s][5523][5530][info ] Total time for which application threads were stopped: 0.0001698 seconds, Stopping threads took: 0.0000528 seconds
[2025-10-02T09:19:44.598+0000][47083.584s][5523][5530][info ] Application time: 1.0001137 seconds
[2025-10-02T09:19:44.598+0000][47083.584s][5523][5530][info ] Entering safepoint region: Cleanup
[2025-10-02T09:19:44.598+0000][47083.584s][5523][5530][info ] Leaving safepoint region
[2025-10-02T09:19:44.598+0000][47083.584s][5523][5530][info ] Total time for which application threads were stopped: 0.0001401 seconds, Stopping threads took: 0.0000304 seconds
[2025-10-02T09:19:45.598+0000][47084.584s][5523][5530][info ] Application time: 1.0000893 seconds
[2025-10-02T09:19:45.598+0000][47084.584s][5523][5530][info ] Entering safepoint region: Cleanup
[2025-10-02T09:19:45.598+0000][47084.584s][5523][5530][info ] Leaving safepoint region
[2025-10-02T09:19:45.598+0000][47084.584s][5523][5530][info ] Total time for which application threads were stopped: 0.0001393 seconds, Stopping threads took: 0.0000234 seconds
[2025-10-02T09:19:46.598+0000][47085.584s][5523][5530][info ] Application time: 1.0000868 seconds
[2025-10-02T09:19:46.598+0000][47085.584s][5523][5530][info ] Entering safepoint region: Cleanup
[2025-10-02T09:19:46.598+0000][47085.584s][5523][5530][info ] Leaving safepoint region
[2025-10-02T09:19:46.598+0000][47085.584s][5523][5530][info ] Total time for which application threads were stopped: 0.0001354 seconds, Stopping threads took: 0.0000241 seconds
[2025-10-02T09:19:47.598+0000][47086.585s][5523][5530][info ] Application time: 1.0000969 seconds
[2025-10-02T09:19:47.598+0000][47086.585s][5523][5530][info ] Entering safepoint region: Cleanup
[2025-10-02T09:19:47.599+0000][47086.585s][5523][5530][info ] Leaving safepoint region
[2025-10-02T09:19:47.599+0000][47086.585s][5523][5530][info ] Total time for which application threads were stopped: 0.0001564 seconds, Stopping threads took: 0.0000253 seconds
[2025-10-02T09:19:48.599+0000][47087.585s][5523][5530][info ] Application time: 1.0000934 seconds
[2025-10-02T09:19:48.599+0000][47087.585s][5523][5530][info ] Entering safepoint region: Cleanup
[2025-10-02T09:19:48.599+0000][47087.585s][5523][5530][info ] Leaving safepoint region
[2025-10-02T09:19:48.599+0000][47087.585s][5523][5530][info ] Total time for which application threads were stopped: 0.0001351 seconds, Stopping threads took: 0.0000239 seconds
[2025-10-02T09:19:49.599+0000][47088.585s][5523][5530][info ] Application time: 1.0000945 seconds
[2025-10-02T09:19:49.599+0000][47088.585s][5523][5530][info ] Entering safepoint region: Cleanup
[2025-10-02T09:19:49.599+0000][47088.585s][5523][5530][info ] Leaving safepoint region
[2025-10-02T09:19:49.599+0000][47088.585s][5523][5530][info ] Total time for which application threads were stopped: 0.0001351 seconds, Stopping threads took: 0.0000257 seconds
[2025-10-02T09:19:50.599+0000][47089.586s][5523][5530][info ] Application time: 1.0000939 seconds
[2025-10-02T09:19:50.599+0000][47089.586s][5523][5530][info ] Entering safepoint region: Cleanup
[2025-10-02T09:19:50.600+0000][47089.586s][5523][5530][info ] Leaving safepoint region
[2025-10-02T09:19:50.600+0000][47089.586s][5523][5530][info ] Total time for which application threads were stopped: 0.0001608 seconds, Stopping threads took: 0.0000245 seconds
[2025-10-02T09:19:51.600+0000][47090.586s][5523][5530][info ] Application time: 1.0001003 seconds
[2025-10-02T09:19:51.600+0000][47090.586s][5523][5530][info ] Entering safepoint region: Cleanup
[2025-10-02T09:19:51.600+0000][47090.586s][5523][5530][info ] Leaving safepoint region
[2025-10-02T09:19:51.600+0000][47090.586s][5523][5530][info ] Total time for which application threads were stopped: 0.0001359 seconds, Stopping threads took: 0.0000256 seconds
[2025-10-02T09:19:52.600+0000][47091.586s][5523][5530][info ] Application time: 1.0001114 seconds
[2025-10-02T09:19:52.600+0000][47091.586s][5523][5530][info ] Entering safepoint region: Cleanup
[2025-10-02T09:19:52.600+0000][47091.586s][5523][5530][info ] Leaving safepoint region
[2025-10-02T09:19:52.600+0000][47091.586s][5523][5530][info ] Total time for which application threads were stopped: 0.0001677 seconds, Stopping threads took: 0.0000465 seconds
[2025-10-02T09:19:53.097+0000][47092.084s][5523][5529][trace] CMS: promo attempt is safe: available(757274488) >= av_promo(11044653), max_promo(111155152)
[2025-10-02T09:19:53.600+0000][47092.587s][5523][5530][info ] Application time: 1.0000985 seconds
[2025-10-02T09:19:53.600+0000][47092.587s][5523][5530][info ] Entering safepoint region: Cleanup
[2025-10-02T09:19:53.600+0000][47092.587s][5523][5530][info ] Leaving safepoint region
[2025-10-02T09:19:53.600+0000][47092.587s][5523][5530][info ] Total time for which application threads were stopped: 0.0001294 seconds, Stopping threads took: 0.0000228 seconds
[2025-10-02T09:19:54.601+0000][47093.587s][5523][5530][info ] Application time: 1.0000964 seconds
[2025-10-02T09:19:54.601+0000][47093.587s][5523][5530][info ] Entering safepoint region: Cleanup
[2025-10-02T09:19:54.601+0000][47093.587s][5523][5530][info ] Leaving safepoint region
[2025-10-02T09:19:54.601+0000][47093.587s][5523][5530][info ] Total time for which application threads were stopped: 0.0001487 seconds, Stopping threads took: 0.0000238 seconds
[2025-10-02T09:19:55.601+0000][47094.587s][5523][5530][info ] Application time: 1.0001037 seconds
[2025-10-02T09:19:55.601+0000][47094.587s][5523][5530][info ] Entering safepoint region: Cleanup
[2025-10-02T09:19:55.601+0000][47094.587s][5523][5530][info ] Leaving safepoint region
[2025-10-02T09:19:55.601+0000][47094.587s][5523][5530][info ] Total time for which application threads were stopped: 0.0001433 seconds, Stopping threads took: 0.0000253 seconds
[2025-10-02T09:19:56.601+0000][47095.587s][5523][5530][info ] Application time: 1.0000814 seconds
[2025-10-02T09:19:56.601+0000][47095.587s][5523][5530][info ] Entering safepoint region: Cleanup
[2025-10-02T09:19:56.601+0000][47095.588s][5523][5530][info ] Leaving safepoint region
[2025-10-02T09:19:56.601+0000][47095.588s][5523][5530][info ] Total time for which application threads were stopped: 0.0001350 seconds, Stopping threads took: 0.0000240 seconds
[2025-10-02T09:19:57.601+0000][47096.588s][5523][5530][info ] Application time: 1.0000832 seconds
[2025-10-02T09:19:57.601+0000][47096.588s][5523][5530][info ] Entering safepoint region: Cleanup
[2025-10-02T09:19:57.602+0000][47096.588s][5523][5530][info ] Leaving safepoint region
[2025-10-02T09:19:57.602+0000][47096.588s][5523][5530][info ] Total time for which application threads were stopped: 0.0001682 seconds, Stopping threads took: 0.0000487 seconds
[2025-10-02T09:19:58.602+0000][47097.588s][5523][5530][info ] Application time: 1.0001006 seconds
[2025-10-02T09:19:58.602+0000][47097.588s][5523][5530][info ] Entering safepoint region: Cleanup
[2025-10-02T09:19:58.602+0000][47097.588s][5523][5530][info ] Leaving safepoint region
[2025-10-02T09:19:58.602+0000][47097.588s][5523][5530][info ] Total time for which application threads were stopped: 0.0001349 seconds, Stopping threads took: 0.0000252 seconds
[2025-10-02T09:19:59.602+0000][47098.588s][5523][5530][info ] Application time: 1.0000795 seconds
[2025-10-02T09:19:59.602+0000][47098.588s][5523][5530][info ] Entering safepoint region: Cleanup
[2025-10-02T09:19:59.602+0000][47098.588s][5523][5530][info ] Leaving safepoint region
[2025-10-02T09:19:59.602+0000][47098.588s][5523][5530][info ] Total time for which application threads were stopped: 0.0001365 seconds, Stopping threads took: 0.0000240 seconds
[2025-10-02T09:20:00.602+0000][47099.589s][5523][5530][info ] Application time: 1.0000966 seconds
[2025-10-02T09:20:00.602+0000][47099.589s][5523][5530][info ] Entering safepoint region: Cleanup
[2025-10-02T09:20:00.603+0000][47099.589s][5523][5530][info ] Leaving safepoint region
[2025-10-02T09:20:00.603+0000][47099.589s][5523][5530][info ] Total time for which application threads were stopped: 0.0001679 seconds, Stopping threads took: 0.0000247 seconds
[2025-10-02T09:20:01.603+0000][47100.589s][5523][5530][info ] Application time: 1.0001122 seconds
[2025-10-02T09:20:01.603+0000][47100.589s][5523][5530][info ] Entering safepoint region: Cleanup
[2025-10-02T09:20:01.603+0000][47100.589s][5523][5530][info ] Leaving safepoint region
[2025-10-02T09:20:01.603+0000][47100.589s][5523][5530][info ] Total time for which application threads were stopped: 0.0001402 seconds, Stopping threads took: 0.0000256 seconds
[2025-10-02T09:20:02.603+0000][47101.589s][5523][5530][info ] Application time: 1.0001623 seconds
[2025-10-02T09:20:02.603+0000][47101.589s][5523][5530][info ] Entering safepoint region: Cleanup
[2025-10-02T09:20:02.603+0000][47101.589s][5523][5530][info ] Leaving safepoint region
[2025-10-02T09:20:02.603+0000][47101.589s][5523][5530][info ] Total time for which application threads were stopped: 0.0001359 seconds, Stopping threads took: 0.0000262 seconds
[2025-10-02T09:20:03.097+0000][47102.084s][5523][5529][trace] CMS: promo attempt is safe: available(757274488) >= av_promo(11044653), max_promo(111303400)
[2025-10-02T09:20:03.603+0000][47102.590s][5523][5530][info ] Application time: 1.0000963 seconds
[2025-10-02T09:20:03.603+0000][47102.590s][5523][5530][info ] Entering safepoint region: Cleanup
[2025-10-02T09:20:03.604+0000][47102.590s][5523][5530][info ] Leaving safepoint region
[2025-10-02T09:20:03.604+0000][47102.590s][5523][5530][info ] Total time for which application threads were stopped: 0.0001771 seconds, Stopping threads took: 0.0000322 seconds
[2025-10-02T09:20:04.604+0000][47103.590s][5523][5530][info ] Application time: 1.0000921 seconds
[2025-10-02T09:20:04.604+0000][47103.590s][5523][5530][info ] Entering safepoint region: Cleanup
[2025-10-02T09:20:04.604+0000][47103.590s][5523][5530][info ] Leaving safepoint region
[2025-10-02T09:20:04.604+0000][47103.590s][5523][5530][info ] Total time for which application threads were stopped: 0.0001415 seconds, Stopping threads took: 0.0000232 seconds
[2025-10-02T09:20:05.604+0000][47104.590s][5523][5530][info ] Application time: 1.0001123 seconds
[2025-10-02T09:20:05.604+0000][47104.590s][5523][5530][info ] Entering safepoint region: Cleanup
[2025-10-02T09:20:05.604+0000][47104.590s][5523][5530][info ] Leaving safepoint region
[2025-10-02T09:20:05.604+0000][47104.590s][5523][5530][info ] Total time for which application threads were stopped: 0.0001465 seconds, Stopping threads took: 0.0000369 seconds
[2025-10-02T09:20:06.604+0000][47105.591s][5523][5530][info ] Application time: 1.0001058 seconds
[2025-10-02T09:20:06.604+0000][47105.591s][5523][5530][info ] Entering safepoint region: Cleanup
[2025-10-02T09:20:06.604+0000][47105.591s][5523][5530][info ] Leaving safepoint region
[2025-10-02T09:20:06.604+0000][47105.591s][5523][5530][info ] Total time for which application threads were stopped: 0.0001369 seconds, Stopping threads took: 0.0000257 seconds
[2025-10-02T09:20:07.605+0000][47106.591s][5523][5530][info ] Application time: 1.0000785 seconds
[2025-10-02T09:20:07.605+0000][47106.591s][5523][5530][info ] Entering safepoint region: Cleanup
[2025-10-02T09:20:07.605+0000][47106.591s][5523][5530][info ] Leaving safepoint region
[2025-10-02T09:20:07.605+0000][47106.591s][5523][5530][info ] Total time for which application threads were stopped: 0.0001385 seconds, Stopping threads took: 0.0000276 seconds
[2025-10-02T09:20:08.605+0000][47107.591s][5523][5530][info ] Application time: 1.0001007 seconds
[2025-10-02T09:20:08.605+0000][47107.591s][5523][5530][info ] Entering safepoint region: Cleanup
[2025-10-02T09:20:08.605+0000][47107.591s][5523][5530][info ] Leaving safepoint region
[2025-10-02T09:20:08.605+0000][47107.591s][5523][5530][info ] Total time for which application threads were stopped: 0.0001422 seconds, Stopping threads took: 0.0000321 seconds
[2025-10-02T09:20:09.605+0000][47108.591s][5523][5530][info ] Application time: 1.0000768 seconds
[2025-10-02T09:20:09.605+0000][47108.591s][5523][5530][info ] Entering safepoint region: Cleanup
[2025-10-02T09:20:09.605+0000][47108.592s][5523][5530][info ] Leaving safepoint region
[2025-10-02T09:20:09.605+0000][47108.592s][5523][5530][info ] Total time for which application threads were stopped: 0.0001497 seconds, Stopping threads took: 0.0000264 seconds
[2025-10-02T09:20:10.605+0000][47109.592s][5523][5530][info ] Application time: 1.0000974 seconds
[2025-10-02T09:20:10.606+0000][47109.592s][5523][5530][info ] Entering safepoint region: Cleanup
[2025-10-02T09:20:10.606+0000][47109.592s][5523][5530][info ] Leaving safepoint region
[2025-10-02T09:20:10.606+0000][47109.592s][5523][5530][info ] Total time for which application threads were stopped: 0.0001648 seconds, Stopping threads took: 0.0000502 seconds
[2025-10-02T09:20:11.606+0000][47110.592s][5523][5530][info ] Application time: 1.0000948 seconds
[2025-10-02T09:20:11.606+0000][47110.592s][5523][5530][info ] Entering safepoint region: Cleanup
[2025-10-02T09:20:11.606+0000][47110.592s][5523][5530][info ] Leaving safepoint region
[2025-10-02T09:20:11.606+0000][47110.592s][5523][5530][info ] Total time for which application threads were stopped: 0.0001322 seconds, Stopping threads took: 0.0000239 seconds
[2025-10-02T09:20:12.606+0000][47111.592s][5523][5530][info ] Application time: 1.0000817 seconds
[2025-10-02T09:20:12.606+0000][47111.592s][5523][5530][info ] Entering safepoint region: Cleanup
[2025-10-02T09:20:12.606+0000][47111.592s][5523][5530][info ] Leaving safepoint region
[2025-10-02T09:20:12.606+0000][47111.592s][5523][5530][info ] Total time for which application threads were stopped: 0.0001366 seconds, Stopping threads took: 0.0000243 seconds
[2025-10-02T09:20:13.097+0000][47112.084s][5523][5529][trace] CMS: promo attempt is safe: available(757274488) >= av_promo(11044653), max_promo(111925872)
[2025-10-02T09:20:13.606+0000][47112.593s][5523][5530][info ] Application time: 1.0000760 seconds
[2025-10-02T09:20:13.606+0000][47112.593s][5523][5530][info ] Entering safepoint region: Cleanup
[2025-10-02T09:20:13.606+0000][47112.593s][5523][5530][info ] Leaving safepoint region
[2025-10-02T09:20:13.606+0000][47112.593s][5523][5530][info ] Total time for which application threads were stopped: 0.0001333 seconds, Stopping threads took: 0.0000257 seconds
[2025-10-02T09:20:14.607+0000][47113.593s][5523][5530][info ] Application time: 1.0000728 seconds
[2025-10-02T09:20:14.607+0000][47113.593s][5523][5530][info ] Entering safepoint region: Cleanup
[2025-10-02T09:20:14.607+0000][47113.593s][5523][5530][info ] Leaving safepoint region
[2025-10-02T09:20:14.607+0000][47113.593s][5523][5530][info ] Total time for which application threads were stopped: 0.0001320 seconds, Stopping threads took: 0.0000239 seconds
[2025-10-02T09:20:15.607+0000][47114.593s][5523][5530][info ] Application time: 1.0001058 seconds
[2025-10-02T09:20:15.607+0000][47114.593s][5523][5530][info ] Entering safepoint region: Cleanup
[2025-10-02T09:20:15.607+0000][47114.593s][5523][5530][info ] Leaving safepoint region
[2025-10-02T09:20:15.607+0000][47114.593s][5523][5530][info ] Total time for which application threads were stopped: 0.0001980 seconds, Stopping threads took: 0.0000233 seconds
[2025-10-02T09:20:16.607+0000][47115.593s][5523][5530][info ] Application time: 1.0001001 seconds
[2025-10-02T09:20:16.607+0000][47115.593s][5523][5530][info ] Entering safepoint region: Cleanup
[2025-10-02T09:20:16.607+0000][47115.594s][5523][5530][info ] Leaving safepoint region
[2025-10-02T09:20:16.607+0000][47115.594s][5523][5530][info ] Total time for which application threads were stopped: 0.0001319 seconds, Stopping threads took: 0.0000246 seconds
[2025-10-02T09:20:17.607+0000][47116.594s][5523][5530][info ] Application time: 1.0000867 seconds
[2025-10-02T09:20:17.608+0000][47116.594s][5523][5530][info ] Entering safepoint region: Cleanup
[2025-10-02T09:20:17.608+0000][47116.594s][5523][5530][info ] Leaving safepoint region
[2025-10-02T09:20:17.608+0000][47116.594s][5523][5530][info ] Total time for which application threads were stopped: 0.0001468 seconds, Stopping threads took: 0.0000349 seconds
[2025-10-02T09:20:18.608+0000][47117.594s][5523][5530][info ] Application time: 1.0000984 seconds
[2025-10-02T09:20:18.608+0000][47117.594s][5523][5530][info ] Entering safepoint region: Cleanup
[2025-10-02T09:20:18.608+0000][47117.594s][5523][5530][info ] Leaving safepoint region
[2025-10-02T09:20:18.608+0000][47117.594s][5523][5530][info ] Total time for which application threads were stopped: 0.0001297 seconds, Stopping threads took: 0.0000238 seconds
[2025-10-02T09:20:19.608+0000][47118.594s][5523][5530][info ] Application time: 1.0000910 seconds
[2025-10-02T09:20:19.608+0000][47118.594s][5523][5530][info ] Entering safepoint region: Cleanup
[2025-10-02T09:20:19.608+0000][47118.594s][5523][5530][info ] Leaving safepoint region
[2025-10-02T09:20:19.608+0000][47118.594s][5523][5530][info ] Total time for which application threads were stopped: 0.0001310 seconds, Stopping threads took: 0.0000225 seconds
[2025-10-02T09:20:20.608+0000][47119.595s][5523][5530][info ] Application time: 1.0001156 seconds
[2025-10-02T09:20:20.608+0000][47119.595s][5523][5530][info ] Entering safepoint region: Cleanup
[2025-10-02T09:20:20.609+0000][47119.595s][5523][5530][info ] Leaving safepoint region
[2025-10-02T09:20:20.609+0000][47119.595s][5523][5530][info ] Total time for which application threads were stopped: 0.0001606 seconds, Stopping threads took: 0.0000260 seconds
[2025-10-02T09:20:21.609+0000][47120.595s][5523][5530][info ] Application time: 1.0000848 seconds
[2025-10-02T09:20:21.609+0000][47120.595s][5523][5530][info ] Entering safepoint region: Cleanup
[2025-10-02T09:20:21.609+0000][47120.595s][5523][5530][info ] Leaving safepoint region
[2025-10-02T09:20:21.609+0000][47120.595s][5523][5530][info ] Total time for which application threads were stopped: 0.0001326 seconds, Stopping threads took: 0.0000230 seconds
[2025-10-02T09:20:22.609+0000][47121.595s][5523][5530][info ] Application time: 1.0001024 seconds
[2025-10-02T09:20:22.609+0000][47121.595s][5523][5530][info ] Entering safepoint region: Cleanup
[2025-10-02T09:20:22.609+0000][47121.595s][5523][5530][info ] Leaving safepoint region
[2025-10-02T09:20:22.609+0000][47121.595s][5523][5530][info ] Total time for which application threads were stopped: 0.0001374 seconds, Stopping threads took: 0.0000232 seconds
[2025-10-02T09:20:23.097+0000][47122.083s][5523][5529][trace] CMS: promo attempt is safe: available(757274488) >= av_promo(11044653), max_promo(113946336)
[2025-10-02T09:20:23.609+0000][47122.595s][5523][5530][info ] Application time: 1.0000930 seconds
[2025-10-02T09:20:23.609+0000][47122.596s][5523][5530][info ] Entering safepoint region: Cleanup
[2025-10-02T09:20:23.609+0000][47122.596s][5523][5530][info ] Leaving safepoint region
[2025-10-02T09:20:23.609+0000][47122.596s][5523][5530][info ] Total time for which application threads were stopped: 0.0001396 seconds, Stopping threads took: 0.0000230 seconds
[2025-10-02T09:20:24.610+0000][47123.596s][5523][5530][info ] Application time: 1.0000858 seconds
[2025-10-02T09:20:24.610+0000][47123.596s][5523][5530][info ] Entering safepoint region: Cleanup
[2025-10-02T09:20:24.610+0000][47123.596s][5523][5530][info ] Leaving safepoint region
[2025-10-02T09:20:24.610+0000][47123.596s][5523][5530][info ] Total time for which application threads were stopped: 0.0001323 seconds, Stopping threads took: 0.0000235 seconds
[2025-10-02T09:20:25.610+0000][47124.596s][5523][5530][info ] Application time: 1.0001148 seconds
[2025-10-02T09:20:25.610+0000][47124.596s][5523][5530][info ] Entering safepoint region: Cleanup
[2025-10-02T09:20:25.610+0000][47124.596s][5523][5530][info ] Leaving safepoint region
[2025-10-02T09:20:25.610+0000][47124.596s][5523][5530][info ] Total time for which application threads were stopped: 0.0001546 seconds, Stopping threads took: 0.0000319 seconds
[2025-10-02T09:20:26.610+0000][47125.596s][5523][5530][info ] Application time: 1.0001006 seconds
[2025-10-02T09:20:26.610+0000][47125.596s][5523][5530][info ] Entering safepoint region: Cleanup
[2025-10-02T09:20:26.610+0000][47125.597s][5523][5530][info ] Leaving safepoint region
[2025-10-02T09:20:26.610+0000][47125.597s][5523][5530][info ] Total time for which application threads were stopped: 0.0001514 seconds, Stopping threads took: 0.0000256 seconds
[2025-10-02T09:20:27.610+0000][47126.597s][5523][5530][info ] Application time: 1.0001073 seconds
[2025-10-02T09:20:27.611+0000][47126.597s][5523][5530][info ] Entering safepoint region: Cleanup
[2025-10-02T09:20:27.611+0000][47126.597s][5523][5530][info ] Leaving safepoint region
[2025-10-02T09:20:27.611+0000][47126.597s][5523][5530][info ] Total time for which application threads were stopped: 0.0001533 seconds, Stopping threads took: 0.0000422 seconds
[2025-10-02T09:20:28.611+0000][47127.597s][5523][5530][info ] Application time: 1.0001039 seconds
[2025-10-02T09:20:28.611+0000][47127.597s][5523][5530][info ] Entering safepoint region: Cleanup
[2025-10-02T09:20:28.611+0000][47127.597s][5523][5530][info ] Leaving safepoint region
[2025-10-02T09:20:28.611+0000][47127.597s][5523][5530][info ] Total time for which application threads were stopped: 0.0001468 seconds, Stopping threads took: 0.0000268 seconds
[2025-10-02T09:20:29.611+0000][47128.597s][5523][5530][info ] Application time: 1.0001089 seconds
[2025-10-02T09:20:29.611+0000][47128.597s][5523][5530][info ] Entering safepoint region: Cleanup
[2025-10-02T09:20:29.611+0000][47128.597s][5523][5530][info ] Leaving safepoint region
[2025-10-02T09:20:29.611+0000][47128.597s][5523][5530][info ] Total time for which application threads were stopped: 0.0001478 seconds, Stopping threads took: 0.0000243 seconds
[2025-10-02T09:20:30.611+0000][47129.598s][5523][5530][info ] Application time: 1.0001084 seconds
[2025-10-02T09:20:30.611+0000][47129.598s][5523][5530][info ] Entering safepoint region: Cleanup
[2025-10-02T09:20:30.612+0000][47129.598s][5523][5530][info ] Leaving safepoint region
[2025-10-02T09:20:30.612+0000][47129.598s][5523][5530][info ] Total time for which application threads were stopped: 0.0001683 seconds, Stopping threads took: 0.0000335 seconds
[2025-10-02T09:20:31.612+0000][47130.598s][5523][5530][info ] Application time: 1.0001094 seconds
[2025-10-02T09:20:31.612+0000][47130.598s][5523][5530][info ] Entering safepoint region: Cleanup
[2025-10-02T09:20:31.612+0000][47130.598s][5523][5530][info ] Leaving safepoint region
[2025-10-02T09:20:31.612+0000][47130.598s][5523][5530][info ] Total time for which application threads were stopped: 0.0001455 seconds, Stopping threads took: 0.0000242 seconds
[2025-10-02T09:20:32.612+0000][47131.598s][5523][5530][info ] Application time: 1.0001047 seconds
[2025-10-02T09:20:32.612+0000][47131.598s][5523][5530][info ] Entering safepoint region: Cleanup
[2025-10-02T09:20:32.612+0000][47131.598s][5523][5530][info ] Leaving safepoint region
[2025-10-02T09:20:32.612+0000][47131.598s][5523][5530][info ] Total time for which application threads were stopped: 0.0001377 seconds, Stopping threads took: 0.0000259 seconds
[2025-10-02T09:20:33.097+0000][47132.084s][5523][5529][trace] CMS: promo attempt is safe: available(757274488) >= av_promo(11044653), max_promo(114099392)
[2025-10-02T09:20:33.612+0000][47132.599s][5523][5530][info ] Application time: 1.0000980 seconds
[2025-10-02T09:20:33.612+0000][47132.599s][5523][5530][info ] Entering safepoint region: Cleanup
[2025-10-02T09:20:33.613+0000][47132.599s][5523][5530][info ] Leaving safepoint region
[2025-10-02T09:20:33.613+0000][47132.599s][5523][5530][info ] Total time for which application threads were stopped: 0.0001533 seconds, Stopping threads took: 0.0000240 seconds
[2025-10-02T09:20:34.613+0000][47133.599s][5523][5530][info ] Application time: 1.0001059 seconds
[2025-10-02T09:20:34.613+0000][47133.599s][5523][5530][info ] Entering safepoint region: Cleanup
[2025-10-02T09:20:34.613+0000][47133.599s][5523][5530][info ] Leaving safepoint region
[2025-10-02T09:20:34.613+0000][47133.599s][5523][5530][info ] Total time for which application threads were stopped: 0.0001348 seconds, Stopping threads took: 0.0000244 seconds
[2025-10-02T09:20:35.613+0000][47134.599s][5523][5530][info ] Application time: 1.0001080 seconds
[2025-10-02T09:20:35.613+0000][47134.599s][5523][5530][info ] Entering safepoint region: Cleanup
[2025-10-02T09:20:35.613+0000][47134.599s][5523][5530][info ] Leaving safepoint region
[2025-10-02T09:20:35.613+0000][47134.599s][5523][5530][info ] Total time for which application threads were stopped: 0.0001323 seconds, Stopping threads took: 0.0000235 seconds
[2025-10-02T09:20:36.613+0000][47135.599s][5523][5530][info ] Application time: 1.0001059 seconds
[2025-10-02T09:20:36.613+0000][47135.600s][5523][5530][info ] Entering safepoint region: Cleanup
[2025-10-02T09:20:36.613+0000][47135.600s][5523][5530][info ] Leaving safepoint region
[2025-10-02T09:20:36.613+0000][47135.600s][5523][5530][info ] Total time for which application threads were stopped: 0.0001380 seconds, Stopping threads took: 0.0000255 seconds
[2025-10-02T09:20:37.614+0000][47136.600s][5523][5530][info ] Application time: 1.0001032 seconds
[2025-10-02T09:20:37.614+0000][47136.600s][5523][5530][info ] Entering safepoint region: Cleanup
[2025-10-02T09:20:37.614+0000][47136.600s][5523][5530][info ] Leaving safepoint region
[2025-10-02T09:20:37.614+0000][47136.600s][5523][5530][info ] Total time for which application threads were stopped: 0.0001370 seconds, Stopping threads took: 0.0000236 seconds
[2025-10-02T09:20:38.614+0000][47137.600s][5523][5530][info ] Application time: 1.0000923 seconds
[2025-10-02T09:20:38.614+0000][47137.600s][5523][5530][info ] Entering safepoint region: Cleanup
[2025-10-02T09:20:38.614+0000][47137.600s][5523][5530][info ] Leaving safepoint region
[2025-10-02T09:20:38.614+0000][47137.600s][5523][5530][info ] Total time for which application threads were stopped: 0.0001459 seconds, Stopping threads took: 0.0000252 seconds
[2025-10-02T09:20:39.614+0000][47138.600s][5523][5530][info ] Application time: 1.0001093 seconds
[2025-10-02T09:20:39.614+0000][47138.600s][5523][5530][info ] Entering safepoint region: Cleanup
[2025-10-02T09:20:39.614+0000][47138.601s][5523][5530][info ] Leaving safepoint region
[2025-10-02T09:20:39.614+0000][47138.601s][5523][5530][info ] Total time for which application threads were stopped: 0.0001322 seconds, Stopping threads took: 0.0000231 seconds
[2025-10-02T09:20:40.614+0000][47139.601s][5523][5530][info ] Application time: 1.0001751 seconds
[2025-10-02T09:20:40.615+0000][47139.601s][5523][5530][info ] Entering safepoint region: Cleanup
[2025-10-02T09:20:40.615+0000][47139.601s][5523][5530][info ] Leaving safepoint region
[2025-10-02T09:20:40.615+0000][47139.601s][5523][5530][info ] Total time for which application threads were stopped: 0.0001365 seconds, Stopping threads took: 0.0000276 seconds
[2025-10-02T09:20:41.615+0000][47140.601s][5523][5530][info ] Application time: 1.0001026 seconds
[2025-10-02T09:20:41.615+0000][47140.601s][5523][5530][info ] Entering safepoint region: Cleanup
[2025-10-02T09:20:41.615+0000][47140.601s][5523][5530][info ] Leaving safepoint region
[2025-10-02T09:20:41.616+0000][47140.602s][5523][5530][info ] Total time for which application threads were stopped: 0.0012788 seconds, Stopping threads took: 0.0000307 seconds
[2025-10-02T09:20:42.616+0000][47141.602s][5523][5530][info ] Application time: 1.0000979 seconds
[2025-10-02T09:20:42.616+0000][47141.603s][5523][5530][info ] Entering safepoint region: Cleanup
[2025-10-02T09:20:42.616+0000][47141.603s][5523][5530][info ] Leaving safepoint region
[2025-10-02T09:20:42.616+0000][47141.603s][5523][5530][info ] Total time for which application threads were stopped: 0.0001337 seconds, Stopping threads took: 0.0000257 seconds
[2025-10-02T09:20:43.097+0000][47142.083s][5523][5529][trace] CMS: promo attempt is safe: available(757274488) >= av_promo(11044653), max_promo(116678344)
[2025-10-02T09:20:43.617+0000][47142.603s][5523][5530][info ] Application time: 1.0000976 seconds
[2025-10-02T09:20:43.617+0000][47142.603s][5523][5530][info ] Entering safepoint region: Cleanup
[2025-10-02T09:20:43.617+0000][47142.603s][5523][5530][info ] Leaving safepoint region
[2025-10-02T09:20:43.617+0000][47142.603s][5523][5530][info ] Total time for which application threads were stopped: 0.0001504 seconds, Stopping threads took: 0.0000410 seconds
[2025-10-02T09:20:44.617+0000][47143.603s][5523][5530][info ] Application time: 1.0001114 seconds
[2025-10-02T09:20:44.617+0000][47143.603s][5523][5530][info ] Entering safepoint region: Cleanup
[2025-10-02T09:20:44.617+0000][47143.603s][5523][5530][info ] Leaving safepoint region
[2025-10-02T09:20:44.617+0000][47143.603s][5523][5530][info ] Total time for which application threads were stopped: 0.0001494 seconds, Stopping threads took: 0.0000259 seconds
[2025-10-02T09:20:45.617+0000][47144.603s][5523][5530][info ] Application time: 1.0001043 seconds
[2025-10-02T09:20:45.617+0000][47144.603s][5523][5530][info ] Entering safepoint region: Cleanup
[2025-10-02T09:20:45.617+0000][47144.604s][5523][5530][info ] Leaving safepoint region
[2025-10-02T09:20:45.617+0000][47144.604s][5523][5530][info ] Total time for which application threads were stopped: 0.0001319 seconds, Stopping threads took: 0.0000252 seconds
[2025-10-02T09:20:46.617+0000][47145.604s][5523][5530][info ] Application time: 1.0000994 seconds
[2025-10-02T09:20:46.618+0000][47145.604s][5523][5530][info ] Entering safepoint region: Cleanup
[2025-10-02T09:20:46.618+0000][47145.604s][5523][5530][info ] Leaving safepoint region
[2025-10-02T09:20:46.618+0000][47145.604s][5523][5530][info ] Total time for which application threads were stopped: 0.0001352 seconds, Stopping threads took: 0.0000250 seconds
[2025-10-02T09:20:47.618+0000][47146.604s][5523][5530][info ] Application time: 1.0001208 seconds
[2025-10-02T09:20:47.618+0000][47146.604s][5523][5530][info ] Entering safepoint region: Cleanup
[2025-10-02T09:20:47.618+0000][47146.604s][5523][5530][info ] Leaving safepoint region
[2025-10-02T09:20:47.618+0000][47146.604s][5523][5530][info ] Total time for which application threads were stopped: 0.0001630 seconds, Stopping threads took: 0.0000345 seconds
[2025-10-02T09:20:48.618+0000][47147.604s][5523][5530][info ] Application time: 1.0000986 seconds
[2025-10-02T09:20:48.618+0000][47147.604s][5523][5530][info ] Entering safepoint region: Cleanup
[2025-10-02T09:20:48.618+0000][47147.605s][5523][5530][info ] Leaving safepoint region
[2025-10-02T09:20:48.618+0000][47147.605s][5523][5530][info ] Total time for which application threads were stopped: 0.0001342 seconds, Stopping threads took: 0.0000249 seconds
[2025-10-02T09:20:49.618+0000][47148.605s][5523][5530][info ] Application time: 1.0001045 seconds
[2025-10-02T09:20:49.619+0000][47148.605s][5523][5530][info ] Entering safepoint region: Cleanup
[2025-10-02T09:20:49.619+0000][47148.605s][5523][5530][info ] Leaving safepoint region
[2025-10-02T09:20:49.619+0000][47148.605s][5523][5530][info ] Total time for which application threads were stopped: 0.0001752 seconds, Stopping threads took: 0.0000486 seconds
[2025-10-02T09:20:50.619+0000][47149.605s][5523][5530][info ] Application time: 1.0001011 seconds
[2025-10-02T09:20:50.619+0000][47149.605s][5523][5530][info ] Entering safepoint region: Cleanup
[2025-10-02T09:20:50.619+0000][47149.605s][5523][5530][info ] Leaving safepoint region
[2025-10-02T09:20:50.619+0000][47149.605s][5523][5530][info ] Total time for which application threads were stopped: 0.0001355 seconds, Stopping threads took: 0.0000270 seconds
[2025-10-02T09:20:51.619+0000][47150.605s][5523][5530][info ] Application time: 1.0001093 seconds
[2025-10-02T09:20:51.619+0000][47150.605s][5523][5530][info ] Entering safepoint region: Cleanup
[2025-10-02T09:20:51.619+0000][47150.605s][5523][5530][info ] Leaving safepoint region
[2025-10-02T09:20:51.619+0000][47150.605s][5523][5530][info ] Total time for which application threads were stopped: 0.0001397 seconds, Stopping threads took: 0.0000253 seconds
[2025-10-02T09:20:52.619+0000][47151.606s][5523][5530][info ] Application time: 1.0000947 seconds
[2025-10-02T09:20:52.619+0000][47151.606s][5523][5530][info ] Entering safepoint region: Cleanup
[2025-10-02T09:20:52.620+0000][47151.606s][5523][5530][info ] Leaving safepoint region
[2025-10-02T09:20:52.620+0000][47151.606s][5523][5530][info ] Total time for which application threads were stopped: 0.0001641 seconds, Stopping threads took: 0.0000258 seconds
[2025-10-02T09:20:53.096+0000][47152.082s][5523][5529][trace] CMS: promo attempt is safe: available(757274488) >= av_promo(11044653), max_promo(116862856)
[2025-10-02T09:20:53.620+0000][47152.606s][5523][5530][info ] Application time: 1.0001019 seconds
[2025-10-02T09:20:53.620+0000][47152.606s][5523][5530][info ] Entering safepoint region: Cleanup
[2025-10-02T09:20:53.620+0000][47152.606s][5523][5530][info ] Leaving safepoint region
[2025-10-02T09:20:53.620+0000][47152.606s][5523][5530][info ] Total time for which application threads were stopped: 0.0001495 seconds, Stopping threads took: 0.0000259 seconds
[2025-10-02T09:20:54.620+0000][47153.606s][5523][5530][info ] Application time: 1.0000932 seconds
[2025-10-02T09:20:54.620+0000][47153.606s][5523][5530][info ] Entering safepoint region: Cleanup
[2025-10-02T09:20:54.620+0000][47153.606s][5523][5530][info ] Leaving safepoint region
[2025-10-02T09:20:54.620+0000][47153.606s][5523][5530][info ] Total time for which application threads were stopped: 0.0001405 seconds, Stopping threads took: 0.0000240 seconds
[2025-10-02T09:20:55.620+0000][47154.607s][5523][5530][info ] Application time: 1.0000882 seconds
[2025-10-02T09:20:55.620+0000][47154.607s][5523][5530][info ] Entering safepoint region: Cleanup
[2025-10-02T09:20:55.620+0000][47154.607s][5523][5530][info ] Leaving safepoint region
[2025-10-02T09:20:55.620+0000][47154.607s][5523][5530][info ] Total time for which application threads were stopped: 0.0001334 seconds, Stopping threads took: 0.0000244 seconds
[2025-10-02T09:20:56.621+0000][47155.607s][5523][5530][info ] Application time: 1.0000915 seconds
[2025-10-02T09:20:56.621+0000][47155.607s][5523][5530][info ] Entering safepoint region: Cleanup
[2025-10-02T09:20:56.621+0000][47155.607s][5523][5530][info ] Leaving safepoint region
[2025-10-02T09:20:56.621+0000][47155.607s][5523][5530][info ] Total time for which application threads were stopped: 0.0001363 seconds, Stopping threads took: 0.0000264 seconds
[2025-10-02T09:20:57.621+0000][47156.607s][5523][5530][info ] Application time: 1.0000753 seconds
[2025-10-02T09:20:57.621+0000][47156.607s][5523][5530][info ] Entering safepoint region: Cleanup
[2025-10-02T09:20:57.621+0000][47156.607s][5523][5530][info ] Leaving safepoint region
[2025-10-02T09:20:57.621+0000][47156.607s][5523][5530][info ] Total time for which application threads were stopped: 0.0001318 seconds, Stopping threads took: 0.0000242 seconds
[2025-10-02T09:20:58.621+0000][47157.607s][5523][5530][info ] Application time: 1.0001003 seconds
[2025-10-02T09:20:58.621+0000][47157.607s][5523][5530][info ] Entering safepoint region: Cleanup
[2025-10-02T09:20:58.621+0000][47157.608s][5523][5530][info ] Leaving safepoint region
[2025-10-02T09:20:58.621+0000][47157.608s][5523][5530][info ] Total time for which application threads were stopped: 0.0001308 seconds, Stopping threads took: 0.0000232 seconds
[2025-10-02T09:20:59.621+0000][47158.608s][5523][5530][info ] Application time: 1.0000881 seconds
[2025-10-02T09:20:59.621+0000][47158.608s][5523][5530][info ] Entering safepoint region: Cleanup
[2025-10-02T09:20:59.622+0000][47158.608s][5523][5530][info ] Leaving safepoint region
[2025-10-02T09:20:59.622+0000][47158.608s][5523][5530][info ] Total time for which application threads were stopped: 0.0001619 seconds, Stopping threads took: 0.0000248 seconds
[2025-10-02T09:21:00.622+0000][47159.608s][5523][5530][info ] Application time: 1.0001033 seconds
[2025-10-02T09:21:00.622+0000][47159.608s][5523][5530][info ] Entering safepoint region: Cleanup
[2025-10-02T09:21:00.622+0000][47159.608s][5523][5530][info ] Leaving safepoint region
[2025-10-02T09:21:00.622+0000][47159.608s][5523][5530][info ] Total time for which application threads were stopped: 0.0001458 seconds, Stopping threads took: 0.0000240 seconds
[2025-10-02T09:21:01.622+0000][47160.608s][5523][5530][info ] Application time: 1.0001728 seconds
[2025-10-02T09:21:01.622+0000][47160.608s][5523][5530][info ] Entering safepoint region: Cleanup
[2025-10-02T09:21:01.622+0000][47160.609s][5523][5530][info ] Leaving safepoint region
[2025-10-02T09:21:01.622+0000][47160.609s][5523][5530][info ] Total time for which application threads were stopped: 0.0001629 seconds, Stopping threads took: 0.0000451 seconds
[2025-10-02T09:21:02.622+0000][47161.609s][5523][5530][info ] Application time: 1.0000785 seconds
[2025-10-02T09:21:02.622+0000][47161.609s][5523][5530][info ] Entering safepoint region: Cleanup
[2025-10-02T09:21:02.623+0000][47161.609s][5523][5530][info ] Leaving safepoint region
[2025-10-02T09:21:02.623+0000][47161.609s][5523][5530][info ] Total time for which application threads were stopped: 0.0001653 seconds, Stopping threads took: 0.0000258 seconds
[2025-10-02T09:21:03.096+0000][47162.082s][5523][5529][trace] CMS: promo attempt is safe: available(757274488) >= av_promo(11044653), max_promo(117757840)
[2025-10-02T09:21:03.623+0000][47162.609s][5523][5530][info ] Application time: 1.0001001 seconds
[2025-10-02T09:21:03.623+0000][47162.609s][5523][5530][info ] Entering safepoint region: Cleanup
[2025-10-02T09:21:03.623+0000][47162.609s][5523][5530][info ] Leaving safepoint region
[2025-10-02T09:21:03.623+0000][47162.609s][5523][5530][info ] Total time for which application threads were stopped: 0.0001384 seconds, Stopping threads took: 0.0000249 seconds
[2025-10-02T09:21:04.623+0000][47163.609s][5523][5530][info ] Application time: 1.0001540 seconds
[2025-10-02T09:21:04.623+0000][47163.609s][5523][5530][info ] Entering safepoint region: Cleanup
[2025-10-02T09:21:04.623+0000][47163.609s][5523][5530][info ] Leaving safepoint region
[2025-10-02T09:21:04.623+0000][47163.609s][5523][5530][info ] Total time for which application threads were stopped: 0.0001402 seconds, Stopping threads took: 0.0000261 seconds
[2025-10-02T09:21:05.623+0000][47164.610s][5523][5530][info ] Application time: 1.0000872 seconds
[2025-10-02T09:21:05.623+0000][47164.610s][5523][5530][info ] Entering safepoint region: Cleanup
[2025-10-02T09:21:05.624+0000][47164.610s][5523][5530][info ] Leaving safepoint region
[2025-10-02T09:21:05.624+0000][47164.610s][5523][5530][info ] Total time for which application threads were stopped: 0.0001656 seconds, Stopping threads took: 0.0000315 seconds
[2025-10-02T09:21:06.624+0000][47165.610s][5523][5530][info ] Application time: 1.0001149 seconds
[2025-10-02T09:21:06.624+0000][47165.610s][5523][5530][info ] Entering safepoint region: Cleanup
[2025-10-02T09:21:06.624+0000][47165.610s][5523][5530][info ] Leaving safepoint region
[2025-10-02T09:21:06.624+0000][47165.610s][5523][5530][info ] Total time for which application threads were stopped: 0.0001532 seconds, Stopping threads took: 0.0000271 seconds
[2025-10-02T09:21:07.624+0000][47166.610s][5523][5530][info ] Application time: 1.0000966 seconds
[2025-10-02T09:21:07.624+0000][47166.610s][5523][5530][info ] Entering safepoint region: Cleanup
[2025-10-02T09:21:07.624+0000][47166.610s][5523][5530][info ] Leaving safepoint region
[2025-10-02T09:21:07.624+0000][47166.610s][5523][5530][info ] Total time for which application threads were stopped: 0.0001321 seconds, Stopping threads took: 0.0000243 seconds
[2025-10-02T09:21:08.624+0000][47167.611s][5523][5530][info ] Application time: 1.0001173 seconds
[2025-10-02T09:21:08.624+0000][47167.611s][5523][5530][info ] Entering safepoint region: Cleanup
[2025-10-02T09:21:08.624+0000][47167.611s][5523][5530][info ] Leaving safepoint region
[2025-10-02T09:21:08.624+0000][47167.611s][5523][5530][info ] Total time for which application threads were stopped: 0.0001443 seconds, Stopping threads took: 0.0000245 seconds
[2025-10-02T09:21:09.625+0000][47168.611s][5523][5530][info ] Application time: 1.0000825 seconds
[2025-10-02T09:21:09.625+0000][47168.611s][5523][5530][info ] Entering safepoint region: Cleanup
[2025-10-02T09:21:09.625+0000][47168.611s][5523][5530][info ] Leaving safepoint region
[2025-10-02T09:21:09.625+0000][47168.611s][5523][5530][info ] Total time for which application threads were stopped: 0.0001553 seconds, Stopping threads took: 0.0000233 seconds
[2025-10-02T09:21:10.625+0000][47169.611s][5523][5530][info ] Application time: 1.0001065 seconds
[2025-10-02T09:21:10.625+0000][47169.611s][5523][5530][info ] Entering safepoint region: Cleanup
[2025-10-02T09:21:10.625+0000][47169.611s][5523][5530][info ] Leaving safepoint region
[2025-10-02T09:21:10.625+0000][47169.611s][5523][5530][info ] Total time for which application threads were stopped: 0.0001371 seconds, Stopping threads took: 0.0000249 seconds
[2025-10-02T09:21:11.625+0000][47170.611s][5523][5530][info ] Application time: 1.0001088 seconds
[2025-10-02T09:21:11.625+0000][47170.612s][5523][5530][info ] Entering safepoint region: Cleanup
[2025-10-02T09:21:11.625+0000][47170.612s][5523][5530][info ] Leaving safepoint region
[2025-10-02T09:21:11.625+0000][47170.612s][5523][5530][info ] Total time for which application threads were stopped: 0.0001478 seconds, Stopping threads took: 0.0000238 seconds
[2025-10-02T09:21:12.626+0000][47171.612s][5523][5530][info ] Application time: 1.0001083 seconds
[2025-10-02T09:21:12.626+0000][47171.612s][5523][5530][info ] Entering safepoint region: Cleanup
[2025-10-02T09:21:12.626+0000][47171.612s][5523][5530][info ] Leaving safepoint region
[2025-10-02T09:21:12.626+0000][47171.612s][5523][5530][info ] Total time for which application threads were stopped: 0.0001352 seconds, Stopping threads took: 0.0000247 seconds
[2025-10-02T09:21:13.096+0000][47172.082s][5523][5529][trace] CMS: promo attempt is safe: available(757274488) >= av_promo(11044653), max_promo(118197544)
[2025-10-02T09:21:13.626+0000][47172.612s][5523][5530][info ] Application time: 1.0000980 seconds
[2025-10-02T09:21:13.626+0000][47172.612s][5523][5530][info ] Entering safepoint region: Cleanup
[2025-10-02T09:21:13.626+0000][47172.612s][5523][5530][info ] Leaving safepoint region
[2025-10-02T09:21:13.626+0000][47172.612s][5523][5530][info ] Total time for which application threads were stopped: 0.0001320 seconds, Stopping threads took: 0.0000242 seconds
[2025-10-02T09:21:14.626+0000][47173.612s][5523][5530][info ] Application time: 1.0001013 seconds
[2025-10-02T09:21:14.626+0000][47173.612s][5523][5530][info ] Entering safepoint region: Cleanup
[2025-10-02T09:21:14.626+0000][47173.612s][5523][5530][info ] Leaving safepoint region
[2025-10-02T09:21:14.626+0000][47173.613s][5523][5530][info ] Total time for which application threads were stopped: 0.0001326 seconds, Stopping threads took: 0.0000257 seconds
[2025-10-02T09:21:15.626+0000][47174.613s][5523][5530][info ] Application time: 1.0001124 seconds
[2025-10-02T09:21:15.626+0000][47174.613s][5523][5530][info ] Entering safepoint region: Cleanup
[2025-10-02T09:21:15.627+0000][47174.613s][5523][5530][info ] Leaving safepoint region
[2025-10-02T09:21:15.627+0000][47174.613s][5523][5530][info ] Total time for which application threads were stopped: 0.0001653 seconds, Stopping threads took: 0.0000252 seconds
[2025-10-02T09:21:16.627+0000][47175.613s][5523][5530][info ] Application time: 1.0001066 seconds
[2025-10-02T09:21:16.627+0000][47175.613s][5523][5530][info ] Entering safepoint region: Cleanup
[2025-10-02T09:21:16.627+0000][47175.613s][5523][5530][info ] Leaving safepoint region
[2025-10-02T09:21:16.627+0000][47175.613s][5523][5530][info ] Total time for which application threads were stopped: 0.0001336 seconds, Stopping threads took: 0.0000250 seconds
[2025-10-02T09:21:17.627+0000][47176.613s][5523][5530][info ] Application time: 1.0002080 seconds
[2025-10-02T09:21:17.627+0000][47176.613s][5523][5530][info ] Entering safepoint region: Cleanup
[2025-10-02T09:21:17.627+0000][47176.614s][5523][5530][info ] Leaving safepoint region
[2025-10-02T09:21:17.627+0000][47176.614s][5523][5530][info ] Total time for which application threads were stopped: 0.0001347 seconds, Stopping threads took: 0.0000262 seconds
[2025-10-02T09:21:18.627+0000][47177.614s][5523][5530][info ] Application time: 1.0001143 seconds
[2025-10-02T09:21:18.628+0000][47177.614s][5523][5530][info ] Entering safepoint region: Cleanup
[2025-10-02T09:21:18.629+0000][47177.615s][5523][5530][info ] Leaving safepoint region
[2025-10-02T09:21:18.629+0000][47177.615s][5523][5530][info ] Total time for which application threads were stopped: 0.0012733 seconds, Stopping threads took: 0.0010865 seconds
[2025-10-02T09:21:19.629+0000][47178.615s][5523][5530][info ] Application time: 1.0001131 seconds
[2025-10-02T09:21:19.629+0000][47178.615s][5523][5530][info ] Entering safepoint region: Cleanup
[2025-10-02T09:21:19.629+0000][47178.615s][5523][5530][info ] Leaving safepoint region
[2025-10-02T09:21:19.629+0000][47178.615s][5523][5530][info ] Total time for which application threads were stopped: 0.0001402 seconds, Stopping threads took: 0.0000259 seconds
[2025-10-02T09:21:20.629+0000][47179.615s][5523][5530][info ] Application time: 1.0001068 seconds
[2025-10-02T09:21:20.629+0000][47179.615s][5523][5530][info ] Entering safepoint region: Cleanup
[2025-10-02T09:21:20.629+0000][47179.616s][5523][5530][info ] Leaving safepoint region
[2025-10-02T09:21:20.629+0000][47179.616s][5523][5530][info ] Total time for which application threads were stopped: 0.0001389 seconds, Stopping threads took: 0.0000267 seconds
[2025-10-02T09:21:21.629+0000][47180.616s][5523][5530][info ] Application time: 1.0000999 seconds
[2025-10-02T09:21:21.630+0000][47180.616s][5523][5530][info ] Entering safepoint region: Cleanup
[2025-10-02T09:21:21.630+0000][47180.616s][5523][5530][info ] Leaving safepoint region
[2025-10-02T09:21:21.630+0000][47180.616s][5523][5530][info ] Total time for which application threads were stopped: 0.0001332 seconds, Stopping threads took: 0.0000244 seconds
[2025-10-02T09:21:22.630+0000][47181.616s][5523][5530][info ] Application time: 1.0000891 seconds
[2025-10-02T09:21:22.630+0000][47181.616s][5523][5530][info ] Entering safepoint region: Cleanup
[2025-10-02T09:21:22.630+0000][47181.616s][5523][5530][info ] Leaving safepoint region
[2025-10-02T09:21:22.630+0000][47181.616s][5523][5530][info ] Total time for which application threads were stopped: 0.0001399 seconds, Stopping threads took: 0.0000260 seconds
[2025-10-02T09:21:23.095+0000][47182.081s][5523][5529][trace] CMS: promo attempt is safe: available(757274488) >= av_promo(11044653), max_promo(118345760)
[2025-10-02T09:21:23.630+0000][47182.616s][5523][5530][info ] Application time: 1.0001065 seconds
[2025-10-02T09:21:23.630+0000][47182.616s][5523][5530][info ] Entering safepoint region: Cleanup
[2025-10-02T09:21:23.630+0000][47182.616s][5523][5530][info ] Leaving safepoint region
[2025-10-02T09:21:23.630+0000][47182.616s][5523][5530][info ] Total time for which application threads were stopped: 0.0001392 seconds, Stopping threads took: 0.0000241 seconds
[2025-10-02T09:21:24.630+0000][47183.617s][5523][5530][info ] Application time: 1.0000933 seconds
[2025-10-02T09:21:24.630+0000][47183.617s][5523][5530][info ] Entering safepoint region: Cleanup
[2025-10-02T09:21:24.631+0000][47183.617s][5523][5530][info ] Leaving safepoint region
[2025-10-02T09:21:24.631+0000][47183.617s][5523][5530][info ] Total time for which application threads were stopped: 0.0001624 seconds, Stopping threads took: 0.0000248 seconds
[2025-10-02T09:21:25.631+0000][47184.617s][5523][5530][info ] Application time: 1.0000930 seconds
[2025-10-02T09:21:25.631+0000][47184.617s][5523][5530][info ] Entering safepoint region: Cleanup
[2025-10-02T09:21:25.631+0000][47184.617s][5523][5530][info ] Leaving safepoint region
[2025-10-02T09:21:25.631+0000][47184.617s][5523][5530][info ] Total time for which application threads were stopped: 0.0001339 seconds, Stopping threads took: 0.0000243 seconds
[2025-10-02T09:21:26.631+0000][47185.617s][5523][5530][info ] Application time: 1.0001711 seconds
[2025-10-02T09:21:26.631+0000][47185.617s][5523][5530][info ] Entering safepoint region: Cleanup
[2025-10-02T09:21:26.631+0000][47185.617s][5523][5530][info ] Leaving safepoint region
[2025-10-02T09:21:26.631+0000][47185.617s][5523][5530][info ] Total time for which application threads were stopped: 0.0001408 seconds, Stopping threads took: 0.0000250 seconds
[2025-10-02T09:21:27.631+0000][47186.618s][5523][5530][info ] Application time: 1.0000843 seconds
[2025-10-02T09:21:27.631+0000][47186.618s][5523][5530][info ] Entering safepoint region: Cleanup
[2025-10-02T09:21:27.632+0000][47186.618s][5523][5530][info ] Leaving safepoint region
[2025-10-02T09:21:27.632+0000][47186.618s][5523][5530][info ] Total time for which application threads were stopped: 0.0001581 seconds, Stopping threads took: 0.0000260 seconds
[2025-10-02T09:21:28.632+0000][47187.618s][5523][5530][info ] Application time: 1.0000966 seconds
[2025-10-02T09:21:28.632+0000][47187.618s][5523][5530][info ] Entering safepoint region: Cleanup
[2025-10-02T09:21:28.632+0000][47187.618s][5523][5530][info ] Leaving safepoint region
[2025-10-02T09:21:28.632+0000][47187.618s][5523][5530][info ] Total time for which application threads were stopped: 0.0001625 seconds, Stopping threads took: 0.0000351 seconds
[2025-10-02T09:21:29.632+0000][47188.618s][5523][5530][info ] Application time: 1.0000956 seconds
[2025-10-02T09:21:29.632+0000][47188.618s][5523][5530][info ] Entering safepoint region: Cleanup
[2025-10-02T09:21:29.632+0000][47188.618s][5523][5530][info ] Leaving safepoint region
[2025-10-02T09:21:29.632+0000][47188.618s][5523][5530][info ] Total time for which application threads were stopped: 0.0001321 seconds, Stopping threads took: 0.0000245 seconds
[2025-10-02T09:21:30.632+0000][47189.618s][5523][5530][info ] Application time: 1.0000952 seconds
[2025-10-02T09:21:30.632+0000][47189.619s][5523][5530][info ] Entering safepoint region: Cleanup
[2025-10-02T09:21:30.632+0000][47189.619s][5523][5530][info ] Leaving safepoint region
[2025-10-02T09:21:30.632+0000][47189.619s][5523][5530][info ] Total time for which application threads were stopped: 0.0001401 seconds, Stopping threads took: 0.0000234 seconds
[2025-10-02T09:21:31.633+0000][47190.619s][5523][5530][info ] Application time: 1.0001061 seconds
[2025-10-02T09:21:31.633+0000][47190.619s][5523][5530][info ] Entering safepoint region: Cleanup
[2025-10-02T09:21:31.633+0000][47190.619s][5523][5530][info ] Leaving safepoint region
[2025-10-02T09:21:31.633+0000][47190.619s][5523][5530][info ] Total time for which application threads were stopped: 0.0001326 seconds, Stopping threads took: 0.0000253 seconds
[2025-10-02T09:21:32.633+0000][47191.619s][5523][5530][info ] Application time: 1.0001062 seconds
[2025-10-02T09:21:32.633+0000][47191.619s][5523][5530][info ] Entering safepoint region: Cleanup
[2025-10-02T09:21:32.633+0000][47191.619s][5523][5530][info ] Leaving safepoint region
[2025-10-02T09:21:32.633+0000][47191.619s][5523][5530][info ] Total time for which application threads were stopped: 0.0001343 seconds, Stopping threads took: 0.0000243 seconds
[2025-10-02T09:21:33.095+0000][47192.081s][5523][5529][trace] CMS: promo attempt is safe: available(757274488) >= av_promo(11044653), max_promo(119675024)
[2025-10-02T09:21:33.633+0000][47192.619s][5523][5530][info ] Application time: 1.0001042 seconds
[2025-10-02T09:21:33.633+0000][47192.619s][5523][5530][info ] Entering safepoint region: Cleanup
[2025-10-02T09:21:33.633+0000][47192.620s][5523][5530][info ] Leaving safepoint region
[2025-10-02T09:21:33.633+0000][47192.620s][5523][5530][info ] Total time for which application threads were stopped: 0.0001319 seconds, Stopping threads took: 0.0000230 seconds
[2025-10-02T09:21:34.633+0000][47193.620s][5523][5530][info ] Application time: 1.0001098 seconds
[2025-10-02T09:21:34.634+0000][47193.620s][5523][5530][info ] Entering safepoint region: Cleanup
[2025-10-02T09:21:34.634+0000][47193.620s][5523][5530][info ] Leaving safepoint region
[2025-10-02T09:21:34.634+0000][47193.620s][5523][5530][info ] Total time for which application threads were stopped: 0.0001468 seconds, Stopping threads took: 0.0000391 seconds
[2025-10-02T09:21:35.634+0000][47194.620s][5523][5530][info ] Application time: 1.0000986 seconds
[2025-10-02T09:21:35.634+0000][47194.620s][5523][5530][info ] Entering safepoint region: Cleanup
[2025-10-02T09:21:35.634+0000][47194.620s][5523][5530][info ] Leaving safepoint region
[2025-10-02T09:21:35.634+0000][47194.620s][5523][5530][info ] Total time for which application threads were stopped: 0.0001754 seconds, Stopping threads took: 0.0000236 seconds
[2025-10-02T09:21:36.634+0000][47195.620s][5523][5530][info ] Application time: 1.0001038 seconds
[2025-10-02T09:21:36.634+0000][47195.620s][5523][5530][info ] Entering safepoint region: Cleanup
[2025-10-02T09:21:36.634+0000][47195.621s][5523][5530][info ] Leaving safepoint region
[2025-10-02T09:21:36.634+0000][47195.621s][5523][5530][info ] Total time for which application threads were stopped: 0.0001444 seconds, Stopping threads took: 0.0000268 seconds
[2025-10-02T09:21:37.634+0000][47196.621s][5523][5530][info ] Application time: 1.0000913 seconds
[2025-10-02T09:21:37.634+0000][47196.621s][5523][5530][info ] Entering safepoint region: Cleanup
[2025-10-02T09:21:37.635+0000][47196.621s][5523][5530][info ] Leaving safepoint region
[2025-10-02T09:21:37.635+0000][47196.621s][5523][5530][info ] Total time for which application threads were stopped: 0.0001521 seconds, Stopping threads took: 0.0000247 seconds
